2026-08-13 08:25:04.665 - aiperf.cli_runner._single_run - INFO - Starting AIPerf System
2026-08-13 08:25:05.137 - httpx - INFO - HTTP Request: GET https://huggingface.co/api/models/nvidia/NVIDIA-Nemotron-3.5-Lightning-30B-A3B-NVFP4 "HTTP/1.1 200 OK"
2026-08-13 08:25:05.155 - aiperf.config.resolution.resolvers - INFO - [OK] Tokenizer nvidia/NVIDIA-Nemotron-3.5-Lightning-30B-A3B-NVFP4 detected
2026-08-13 08:25:05.155 - aiperf.config.resolution.resolvers - INFO - 1 tokenizer validated | 0.5s
2026-08-13 08:25:05.156 - aiperf.config.resolution.resolvers - INFO - Prefetching 1 tokenizer into HF cache...
2026-08-13 08:25:05.975 - httpx - INFO - HTTP Request: HEAD https://huggingface.co/nvidia/NVIDIA-Nemotron-3.5-Lightning-30B-A3B-NVFP4/resolve/main/config.json "HTTP/1.1 307 Temporary Redirect"
2026-08-13 08:25:05.975 - huggingface_hub.utils._http - WARNING - Warning: You are sending unauthenticated requests to the HF Hub. Please set a HF_TOKEN to enable higher rate limits and faster downloads.
2026-08-13 08:25:05.986 - httpx - INFO - HTTP Request: HEAD https://huggingface.co/api/resolve-cache/models/nvidia/NVIDIA-Nemotron-3.5-Lightning-30B-A3B-NVFP4/29f2d1746d8f41e316523194b19018707749b1b1/config.json "HTTP/1.1 200 OK"
2026-08-13 08:25:06.006 - httpx - INFO - HTTP Request: GET https://huggingface.co/api/resolve-cache/models/nvidia/NVIDIA-Nemotron-3.5-Lightning-30B-A3B-NVFP4/29f2d1746d8f41e316523194b19018707749b1b1/config.json "HTTP/1.1 200 OK"
2026-08-13 08:25:06.172 - httpx - INFO - HTTP Request: HEAD https://huggingface.co/nvidia/NVIDIA-Nemotron-3.5-Lightning-30B-A3B-NVFP4/resolve/main/tokenizer_config.json "HTTP/1.1 307 Temporary Redirect"
2026-08-13 08:25:06.185 - httpx - INFO - HTTP Request: HEAD https://huggingface.co/api/resolve-cache/models/nvidia/NVIDIA-Nemotron-3.5-Lightning-30B-A3B-NVFP4/29f2d1746d8f41e316523194b19018707749b1b1/tokenizer_config.json "HTTP/1.1 200 OK"
2026-08-13 08:25:06.198 - httpx - INFO - HTTP Request: GET https://huggingface.co/api/resolve-cache/models/nvidia/NVIDIA-Nemotron-3.5-Lightning-30B-A3B-NVFP4/29f2d1746d8f41e316523194b19018707749b1b1/tokenizer_config.json "HTTP/1.1 200 OK"
2026-08-13 08:25:06.283 - httpx - INFO - HTTP Request: GET https://huggingface.co/api/models/nvidia/NVIDIA-Nemotron-3.5-Lightning-30B-A3B-NVFP4/tree/main/additional_chat_templates?recursive=false&expand=false "HTTP/1.1 404 Not Found"
2026-08-13 08:25:06.369 - httpx - INFO - HTTP Request: GET https://huggingface.co/api/models/nvidia/NVIDIA-Nemotron-3.5-Lightning-30B-A3B-NVFP4/tree/main?recursive=true&expand=false "HTTP/1.1 200 OK"
2026-08-13 08:25:06.456 - httpx - INFO - HTTP Request: HEAD https://huggingface.co/nvidia/NVIDIA-Nemotron-3.5-Lightning-30B-A3B-NVFP4/resolve/main/tokenizer.json "HTTP/1.1 302 Found"
2026-08-13 08:25:06.537 - httpx - INFO - HTTP Request: GET https://huggingface.co/api/models/nvidia/NVIDIA-Nemotron-3.5-Lightning-30B-A3B-NVFP4/xet-read-token/29f2d1746d8f41e316523194b19018707749b1b1 "HTTP/1.1 200 OK"
2026-08-13 08:25:07.424 - httpx - INFO - HTTP Request: HEAD https://huggingface.co/nvidia/NVIDIA-Nemotron-3.5-Lightning-30B-A3B-NVFP4/resolve/main/tokenizer.model "HTTP/1.1 404 Not Found"
2026-08-13 08:25:07.504 - httpx - INFO - HTTP Request: HEAD https://huggingface.co/nvidia/NVIDIA-Nemotron-3.5-Lightning-30B-A3B-NVFP4/resolve/main/added_tokens.json "HTTP/1.1 404 Not Found"
2026-08-13 08:25:07.585 - httpx - INFO - HTTP Request: HEAD https://huggingface.co/nvidia/NVIDIA-Nemotron-3.5-Lightning-30B-A3B-NVFP4/resolve/main/special_tokens_map.json "HTTP/1.1 307 Temporary Redirect"
2026-08-13 08:25:07.597 - httpx - INFO - HTTP Request: HEAD https://huggingface.co/api/resolve-cache/models/nvidia/NVIDIA-Nemotron-3.5-Lightning-30B-A3B-NVFP4/29f2d1746d8f41e316523194b19018707749b1b1/special_tokens_map.json "HTTP/1.1 200 OK"
2026-08-13 08:25:07.606 - httpx - INFO - HTTP Request: GET https://huggingface.co/api/resolve-cache/models/nvidia/NVIDIA-Nemotron-3.5-Lightning-30B-A3B-NVFP4/29f2d1746d8f41e316523194b19018707749b1b1/special_tokens_map.json "HTTP/1.1 200 OK"
2026-08-13 08:25:07.689 - httpx - INFO - HTTP Request: HEAD https://huggingface.co/nvidia/NVIDIA-Nemotron-3.5-Lightning-30B-A3B-NVFP4/resolve/main/chat_template.jinja "HTTP/1.1 307 Temporary Redirect"
2026-08-13 08:25:07.699 - httpx - INFO - HTTP Request: HEAD https://huggingface.co/api/resolve-cache/models/nvidia/NVIDIA-Nemotron-3.5-Lightning-30B-A3B-NVFP4/29f2d1746d8f41e316523194b19018707749b1b1/chat_template.jinja "HTTP/1.1 200 OK"
2026-08-13 08:25:07.709 - httpx - INFO - HTTP Request: GET https://huggingface.co/api/resolve-cache/models/nvidia/NVIDIA-Nemotron-3.5-Lightning-30B-A3B-NVFP4/29f2d1746d8f41e316523194b19018707749b1b1/chat_template.jinja "HTTP/1.1 200 OK"
2026-08-13 08:25:08.541 - httpx - INFO - HTTP Request: GET https://huggingface.co/api/models/nvidia/NVIDIA-Nemotron-3.5-Lightning-30B-A3B-NVFP4 "HTTP/1.1 200 OK"
2026-08-13 08:25:08.579 - aiperf.config.resolution.resolvers - INFO -   Cached nvidia/NVIDIA-Nemotron-3.5-Lightning-30B-A3B-NVFP4 (3.41s)
2026-08-13 08:25:08.634 - aiperf.config.resolution.resolvers - INFO - 1 tokenizer cached • 3.5s
2026-08-13 08:25:09.060 - server_metrics_manager - INFO - Server Metrics: Discovered 1 endpoints: ['http://localhost:8000/metrics']
2026-08-13 08:25:09.077 - GPUTelemetryJSONLWriter_3edafe3d - INFO - GPU telemetry export enabled: /output/gpu_telemetry_export.jsonl
2026-08-13 08:25:09.086 - OTelMetricsResultsProcessor_7035565f - INFO - Telemetry streaming is disabled (set --otel-url and/or --mlflow-tracking-uri to enable)
2026-08-13 08:25:09.087 - RecordExportJSONLWriter_20d7973a - INFO - Record metrics export enabled: /output/profile_export.jsonl
2026-08-13 08:25:09.109 - system_controller - INFO - Registered Gpu Telemetry Manager (id: 'gpu_telemetry_manager')
2026-08-13 08:25:09.113 - system_controller - INFO - Registered Worker Manager (id: 'worker_manager')
2026-08-13 08:25:09.176 - system_controller - INFO - Registered Dataset Manager (id: 'dataset_manager')
2026-08-13 08:25:09.177 - system_controller - INFO - Registered Server Metrics Manager (id: 'server_metrics_manager')
2026-08-13 08:25:09.194 - system_controller - INFO - Registered Records Manager (id: 'records_manager')
2026-08-13 08:25:09.220 - system_controller - INFO - Registered Record Processor (id: 'record_processor_e126bd63')
2026-08-13 08:25:09.220 - system_controller - INFO - Registered Record Processor (id: 'record_processor_d3065828')
2026-08-13 08:25:09.295 - system_controller - INFO - Registered Timing Manager (id: 'timing_manager')
2026-08-13 08:25:09.491 - system_controller - INFO - AIPerf System is CONFIGURING
2026-08-13 08:25:09.491 - system_controller - INFO - Configuring all services to start profiling
2026-08-13 08:25:09.493 - InferenceResultParser_a1ff0196 - INFO - Configuring tokenizers for inference result parser (resolve_alias: True)
2026-08-13 08:25:09.493 - timing_manager - INFO - Waiting for dataset to be configured before configuring timing
2026-08-13 08:25:09.493 - InferenceResultParser_43970925 - INFO - Configuring tokenizers for inference result parser (resolve_alias: True)
2026-08-13 08:25:09.494 - dataset_manager - INFO - Configuring tokenizer(s) for dataset manager
2026-08-13 08:25:09.496 - system_controller - INFO - Registered Worker (id: 'worker_e2359f87')
2026-08-13 08:25:09.496 - system_controller - INFO - Registered Worker (id: 'worker_a719374b')
2026-08-13 08:25:09.497 - system_controller - INFO - Registered Worker (id: 'worker_ff34ebc1')
2026-08-13 08:25:09.500 - system_controller - INFO - Registered Worker (id: 'worker_2702879c')
2026-08-13 08:25:09.501 - system_controller - INFO - Registered Worker (id: 'worker_acc51726')
2026-08-13 08:25:09.503 - server_metrics_manager - INFO - Server Metrics: Capturing baseline metrics...
2026-08-13 08:25:09.518 - system_controller - INFO - Registered Worker (id: 'worker_54261ecc')
2026-08-13 08:25:09.521 - system_controller - INFO - Registered Worker (id: 'worker_618d8e72')
2026-08-13 08:25:09.521 - gpu_telemetry_manager - INFO - GPU Telemetry: Capturing baseline metrics from pynvml://localhost
2026-08-13 08:25:09.521 - http://localhost:8000/metrics - INFO - Skipping unsupported summary metric: http_request_size_bytes
2026-08-13 08:25:09.521 - http://localhost:8000/metrics - INFO - Skipping unsupported summary metric: http_response_size_bytes
2026-08-13 08:25:09.523 - system_controller - INFO - Server metrics enabled - 1/1 endpoint(s) reachable.
2026-08-13 08:25:09.523 - system_controller - INFO - Waiting for result domains: profile, server_metrics, telemetry
2026-08-13 08:25:09.525 - system_controller - INFO - Registered Worker (id: 'worker_c2f783d1')
2026-08-13 08:25:09.530 - pynvml_collector - INFO - PyNVML initialized with 1 GPU(s) (0 with GPM support)
2026-08-13 08:25:09.544 - system_controller - INFO - DCGM telemetry enabled - 1/1 endpoint(s) reachable
2026-08-13 08:25:10.026 - httpx - INFO - HTTP Request: HEAD https://huggingface.co/nvidia/NVIDIA-Nemotron-3.5-Lightning-30B-A3B-NVFP4/resolve/main/config.json "HTTP/1.1 307 Temporary Redirect"
2026-08-13 08:25:10.026 - huggingface_hub.utils._http - WARNING - Warning: You are sending unauthenticated requests to the HF Hub. Please set a HF_TOKEN to enable higher rate limits and faster downloads.
2026-08-13 08:25:10.033 - httpx - INFO - HTTP Request: HEAD https://huggingface.co/nvidia/NVIDIA-Nemotron-3.5-Lightning-30B-A3B-NVFP4/resolve/main/config.json "HTTP/1.1 307 Temporary Redirect"
2026-08-13 08:25:10.033 - huggingface_hub.utils._http - WARNING - Warning: You are sending unauthenticated requests to the HF Hub. Please set a HF_TOKEN to enable higher rate limits and faster downloads.
2026-08-13 08:25:10.035 - httpx - INFO - HTTP Request: HEAD https://huggingface.co/nvidia/NVIDIA-Nemotron-3.5-Lightning-30B-A3B-NVFP4/resolve/main/config.json "HTTP/1.1 307 Temporary Redirect"
2026-08-13 08:25:10.035 - huggingface_hub.utils._http - WARNING - Warning: You are sending unauthenticated requests to the HF Hub. Please set a HF_TOKEN to enable higher rate limits and faster downloads.
2026-08-13 08:25:10.037 - httpx - INFO - HTTP Request: HEAD https://huggingface.co/api/resolve-cache/models/nvidia/NVIDIA-Nemotron-3.5-Lightning-30B-A3B-NVFP4/29f2d1746d8f41e316523194b19018707749b1b1/config.json "HTTP/1.1 200 OK"
2026-08-13 08:25:10.042 - httpx - INFO - HTTP Request: HEAD https://huggingface.co/api/resolve-cache/models/nvidia/NVIDIA-Nemotron-3.5-Lightning-30B-A3B-NVFP4/29f2d1746d8f41e316523194b19018707749b1b1/config.json "HTTP/1.1 200 OK"
2026-08-13 08:25:10.048 - httpx - INFO - HTTP Request: HEAD https://huggingface.co/api/resolve-cache/models/nvidia/NVIDIA-Nemotron-3.5-Lightning-30B-A3B-NVFP4/29f2d1746d8f41e316523194b19018707749b1b1/config.json "HTTP/1.1 200 OK"
2026-08-13 08:25:10.169 - httpx - INFO - HTTP Request: HEAD https://huggingface.co/nvidia/NVIDIA-Nemotron-3.5-Lightning-30B-A3B-NVFP4/resolve/main/tokenizer_config.json "HTTP/1.1 307 Temporary Redirect"
2026-08-13 08:25:10.172 - httpx - INFO - HTTP Request: HEAD https://huggingface.co/nvidia/NVIDIA-Nemotron-3.5-Lightning-30B-A3B-NVFP4/resolve/main/tokenizer_config.json "HTTP/1.1 307 Temporary Redirect"
2026-08-13 08:25:10.180 - httpx - INFO - HTTP Request: HEAD https://huggingface.co/api/resolve-cache/models/nvidia/NVIDIA-Nemotron-3.5-Lightning-30B-A3B-NVFP4/29f2d1746d8f41e316523194b19018707749b1b1/tokenizer_config.json "HTTP/1.1 200 OK"
2026-08-13 08:25:10.181 - httpx - INFO - HTTP Request: HEAD https://huggingface.co/nvidia/NVIDIA-Nemotron-3.5-Lightning-30B-A3B-NVFP4/resolve/main/tokenizer_config.json "HTTP/1.1 307 Temporary Redirect"
2026-08-13 08:25:10.182 - httpx - INFO - HTTP Request: HEAD https://huggingface.co/api/resolve-cache/models/nvidia/NVIDIA-Nemotron-3.5-Lightning-30B-A3B-NVFP4/29f2d1746d8f41e316523194b19018707749b1b1/tokenizer_config.json "HTTP/1.1 200 OK"
2026-08-13 08:25:10.199 - httpx - INFO - HTTP Request: HEAD https://huggingface.co/api/resolve-cache/models/nvidia/NVIDIA-Nemotron-3.5-Lightning-30B-A3B-NVFP4/29f2d1746d8f41e316523194b19018707749b1b1/tokenizer_config.json "HTTP/1.1 200 OK"
2026-08-13 08:25:10.261 - httpx - INFO - HTTP Request: GET https://huggingface.co/api/models/nvidia/NVIDIA-Nemotron-3.5-Lightning-30B-A3B-NVFP4/tree/main/additional_chat_templates?recursive=false&expand=false "HTTP/1.1 404 Not Found"
2026-08-13 08:25:10.263 - httpx - INFO - HTTP Request: GET https://huggingface.co/api/models/nvidia/NVIDIA-Nemotron-3.5-Lightning-30B-A3B-NVFP4/tree/main/additional_chat_templates?recursive=false&expand=false "HTTP/1.1 404 Not Found"
2026-08-13 08:25:10.277 - httpx - INFO - HTTP Request: GET https://huggingface.co/api/models/nvidia/NVIDIA-Nemotron-3.5-Lightning-30B-A3B-NVFP4/tree/main/additional_chat_templates?recursive=false&expand=false "HTTP/1.1 404 Not Found"
2026-08-13 08:25:10.345 - httpx - INFO - HTTP Request: GET https://huggingface.co/api/models/nvidia/NVIDIA-Nemotron-3.5-Lightning-30B-A3B-NVFP4/tree/main?recursive=true&expand=false "HTTP/1.1 200 OK"
2026-08-13 08:25:10.348 - httpx - INFO - HTTP Request: GET https://huggingface.co/api/models/nvidia/NVIDIA-Nemotron-3.5-Lightning-30B-A3B-NVFP4/tree/main?recursive=true&expand=false "HTTP/1.1 200 OK"
2026-08-13 08:25:10.361 - httpx - INFO - HTTP Request: GET https://huggingface.co/api/models/nvidia/NVIDIA-Nemotron-3.5-Lightning-30B-A3B-NVFP4/tree/main?recursive=true&expand=false "HTTP/1.1 200 OK"
2026-08-13 08:25:11.301 - httpx - INFO - HTTP Request: GET https://huggingface.co/api/models/nvidia/NVIDIA-Nemotron-3.5-Lightning-30B-A3B-NVFP4 "HTTP/1.1 200 OK"
2026-08-13 08:25:11.302 - httpx - INFO - HTTP Request: GET https://huggingface.co/api/models/nvidia/NVIDIA-Nemotron-3.5-Lightning-30B-A3B-NVFP4 "HTTP/1.1 200 OK"
2026-08-13 08:25:11.319 - httpx - INFO - HTTP Request: GET https://huggingface.co/api/models/nvidia/NVIDIA-Nemotron-3.5-Lightning-30B-A3B-NVFP4 "HTTP/1.1 200 OK"
2026-08-13 08:25:11.329 - InferenceResultParser_43970925 - INFO - Initialized tokenizers: {'nvidia/NVIDIA-Nemotron-3.5-Lightning-30B-A3B-NVFP4': {'class': 'TokenizersBackend', 'name_or_path': 'nvidia/NVIDIA-Nemotron-3.5-Lightning-30B-A3B-NVFP4'}} in 1.84 seconds
2026-08-13 08:25:11.329 - dataset_manager - INFO - Tokenizer(s) configured in 1.83 seconds
2026-08-13 08:25:11.329 - dataset_manager - INFO - Configuring dataset for dataset_manager
2026-08-13 08:25:11.346 - InferenceResultParser_a1ff0196 - INFO - Initialized tokenizers: {'nvidia/NVIDIA-Nemotron-3.5-Lightning-30B-A3B-NVFP4': {'class': 'TokenizersBackend', 'name_or_path': 'nvidia/NVIDIA-Nemotron-3.5-Lightning-30B-A3B-NVFP4'}} in 1.85 seconds
2026-08-13 08:25:11.603 - CustomDatasetComposer - INFO - Using explicit dataset format: multi_turn
2026-08-13 08:25:11.666 - MemoryMapDatasetBackingStore_b15fb387 - INFO - Memory-mapped backing store initialized (streaming to /tmp/aiperf_mmap_d7ab99ed983e/dataset.dat)
2026-08-13 08:25:11.680 - MemoryMapDatasetBackingStore_b15fb387 - INFO - Data file finalized: 500 conversations, 1.29 MB
2026-08-13 08:25:11.681 - MemoryMapDatasetBackingStore_b15fb387 - INFO - Index file created: /tmp/aiperf_mmap_d7ab99ed983e/index.dat
2026-08-13 08:25:11.681 - dataset_manager - INFO - Backing store finalized: client_type=DatasetClientStoreType.MEMORY_MAP format=MemoryMapFormat.CONVERSATION data_file_path=PosixPath('/tmp/aiperf_mmap_d7ab99ed983e/dataset.dat') index_file_path=PosixPath('/tmp/aiperf_mmap_d7ab99ed983e/index.dat') conversation_count=500 total_size_bytes=1353644 compressed=False compressed_data_file_path=None compressed_index_file_path=None compressed_size_bytes=0
2026-08-13 08:25:11.690 - dataset_manager - INFO - sampling strategy: sequential, unique conversations: 500, unique turn count: 1783
2026-08-13 08:25:11.694 - dataset_manager - INFO - Generating inputs.json file at /output/inputs.json
2026-08-13 08:25:11.702 - system_controller - WARNING - Received command response for service we were not expecting: worker_acc51726. Ignoring.
2026-08-13 08:25:11.702 - system_controller - WARNING - Received command response for service we were not expecting: worker_a719374b. Ignoring.
2026-08-13 08:25:11.702 - system_controller - WARNING - Received command response for service we were not expecting: worker_2702879c. Ignoring.
2026-08-13 08:25:11.702 - system_controller - WARNING - Received command response for service we were not expecting: worker_e2359f87. Ignoring.
2026-08-13 08:25:11.705 - PhaseOrchestrator_e372e419 - INFO - Initialized 2 phase(s): ['Warmup', 'Profiling']
2026-08-13 08:25:11.705 - system_controller - WARNING - Received command response for service we were not expecting: worker_ff34ebc1. Ignoring.
2026-08-13 08:25:11.706 - system_controller - WARNING - Received command response for service we were not expecting: worker_54261ecc. Ignoring.
2026-08-13 08:25:11.706 - system_controller - WARNING - Received command response for service we were not expecting: worker_618d8e72. Ignoring.
2026-08-13 08:25:11.706 - system_controller - WARNING - Received command response for service we were not expecting: worker_c2f783d1. Ignoring.
2026-08-13 08:25:11.708 - dataset_manager - INFO - inputs.json file generated in 0.01 seconds
2026-08-13 08:25:11.823 - dataset_manager - INFO - Dataset client initialized and freed 500 conversations from memory
2026-08-13 08:25:11.823 - dataset_manager - INFO - Dataset configured in 0.49 seconds
2026-08-13 08:25:11.824 - system_controller - INFO - All services configured in 2.33 seconds
2026-08-13 08:25:11.824 - system_controller - INFO - AIPerf System is CONFIGURED
2026-08-13 08:25:11.825 - server_metrics_manager - INFO - Server Metrics: Started 1 collector(s) successfully
2026-08-13 08:25:11.827 - system_controller - INFO - All services started profiling successfully
2026-08-13 08:25:11.827 - system_controller - INFO - AIPerf System is PROFILING
2026-08-13 08:25:11.830 - RateTiming - INFO - Creating interval generator: pattern=concurrency_burst, rate=None, smoothness=None
2026-08-13 08:25:11.830 - PhaseRunner - NOTICE - Phase warmup (warmup) started | phase_index=0 | target: 3 requests
2026-08-13 08:25:11.831 - PhaseRunner - NOTICE - Phase warmup (warmup) sending complete | sent=3, completed=0, in_flight=3 | sessions: sent=3, completed=0
2026-08-13 08:25:11.832 - records_manager - INFO - Credit phase start: warmup
2026-08-13 08:25:14.257 - PhaseRunner - NOTICE - Phase warmup (warmup) complete | completed=3, cancelled=0, errors=0 | sessions: completed=1, cancelled=0 | elapsed=2.43s
2026-08-13 08:25:14.258 - RateTiming - INFO - Creating interval generator: pattern=concurrency_burst, rate=None, smoothness=None
2026-08-13 08:25:14.258 - server_metrics_manager - INFO - Server Metrics: Warmup complete, capturing final warmup metrics...
2026-08-13 08:25:14.258 - PhaseRunner - NOTICE - Phase profiling (profiling) started | phase_index=1 | profiling_index=0 | target: 50 requests, 50 sessions
2026-08-13 08:25:14.258 - records_manager - INFO - Credit phase start: profiling
2026-08-13 08:25:33.979 - PhaseRunner - NOTICE - Phase profiling (profiling) sending complete | sent=50, completed=42, in_flight=8 | sessions: sent=19, completed=11
2026-08-13 08:25:33.981 - records_manager - INFO - Sent 50 requests. Waiting for all to complete...
2026-08-13 08:25:36.843 - PhaseRunner - NOTICE - Phase profiling (profiling) complete | completed=50, cancelled=0, errors=0 | sessions: completed=12, cancelled=0 | elapsed=22.58s
2026-08-13 08:25:36.846 - PhaseOrchestrator_e372e419 - NOTICE - All credits completed
2026-08-13 08:25:36.847 - system_controller - INFO - Received credits complete from 'timing_manager'
2026-08-13 08:25:36.847 - records_manager - INFO - Received CREDIT_PHASE_COMPLETE message, Phase complete: PhaseRecordsStats(phase=CreditPhase.PROFILING, phase_index=1, profiling_index=0, phase_name='profiling', phase_kind='profiling', start_ns=1786609514258404526, sent_end_ns=1786609533979354057, requests_end_ns=1786609536843278210, baseline_start_ns=1786609514258391886, baseline_end_ns=1786609536843292210, total_expected_requests=50, expected_duration_sec=None, expected_num_sessions=None, expected_grace_period_sec=None, final_requests_sent=None, final_requests_completed=50, final_requests_cancelled=0, final_request_errors=0, final_sent_sessions=None, final_completed_sessions=None, final_cancelled_sessions=None, timeout_triggered=False, grace_period_timeout_triggered=False, was_cancelled=False, records_end_ns=None, success_records=49, error_records=0)
2026-08-13 08:25:36.847 - records_manager - NOTICE - All requests have completed, please wait for the results to be processed (currently 49 of 50 records processed)...
2026-08-13 08:25:36.848 - records_manager - INFO - All credits complete, please wait for the results to be processed...
2026-08-13 08:25:36.849 - records_manager - INFO - Processed 50 valid requests and 0 errors (50 total).
2026-08-13 08:25:36.849 - records_manager - INFO - Received all records, processing now...
2026-08-13 08:25:36.850 - gpu_telemetry_manager - INFO - GPU Telemetry: Profiling complete, capturing final metrics...
2026-08-13 08:25:36.851 - records_manager - INFO - Waiting 2.0s for server metrics flush period...
2026-08-13 08:25:36.854 - server_metrics_manager - INFO - Server Metrics: Profiling complete, capturing final metrics...
2026-08-13 08:25:38.844 - records_manager - INFO - Processing records results...
2026-08-13 08:25:38.945 - system_controller - INFO - Waiting for result domains: server_metrics, telemetry
2026-08-13 08:25:38.945 - system_controller - INFO - Waiting for result domains: server_metrics
2026-08-13 08:25:38.968 - records_manager - INFO - _finalize_and_process_results completed
2026-08-13 08:25:38.972 - system_controller - INFO - All results received, initiating shutdown
2026-08-13 08:25:39.576 - ExporterManager - INFO - Exporting all records
2026-08-13 08:25:39.654 - ExporterManager - INFO - Exporting console data
