2026-08-11 05:16:06.534 - aiperf.cli_runner._single_run - INFO - Starting AIPerf System
2026-08-11 05:16:07.007 - httpx - INFO - HTTP Request: GET https://huggingface.co/api/models/meta-models/Muse-Glimmer-30B "HTTP/1.1 200 OK"
2026-08-11 05:16:07.011 - aiperf.config.resolution.resolvers - INFO - [OK] Tokenizer meta-models/Muse-Glimmer-30B detected
2026-08-11 05:16:07.012 - aiperf.config.resolution.resolvers - INFO - 1 tokenizer validated | 0.5s
2026-08-11 05:16:07.012 - aiperf.config.resolution.resolvers - INFO - Prefetching 1 tokenizer into HF cache...
2026-08-11 05:16:07.822 - httpx - INFO - HTTP Request: HEAD https://huggingface.co/meta-models/Muse-Glimmer-30B/resolve/main/config.json "HTTP/1.1 307 Temporary Redirect"
2026-08-11 05:16:07.833 - httpx - INFO - HTTP Request: HEAD https://huggingface.co/api/resolve-cache/models/meta-models/Muse-Glimmer-30B/97c77dff50b2797bcc558fa2d909761dbc575c59/config.json "HTTP/1.1 200 OK"
2026-08-11 05:16:07.850 - httpx - INFO - HTTP Request: GET https://huggingface.co/api/resolve-cache/models/meta-models/Muse-Glimmer-30B/97c77dff50b2797bcc558fa2d909761dbc575c59/config.json "HTTP/1.1 200 OK"
2026-08-11 05:16:07.931 - httpx - INFO - HTTP Request: HEAD https://huggingface.co/meta-models/Muse-Glimmer-30B/resolve/main/config.json "HTTP/1.1 307 Temporary Redirect"
2026-08-11 05:16:07.932 - huggingface_hub.utils._http - WARNING - Warning: You are sending unauthenticated requests to the HF Hub. Please set a HF_TOKEN to enable higher rate limits and faster downloads.
2026-08-11 05:16:07.948 - httpx - INFO - HTTP Request: HEAD https://huggingface.co/api/resolve-cache/models/meta-models/Muse-Glimmer-30B/97c77dff50b2797bcc558fa2d909761dbc575c59/config.json "HTTP/1.1 200 OK"
2026-08-11 05:16:08.031 - httpx - INFO - HTTP Request: HEAD https://huggingface.co/meta-models/Muse-Glimmer-30B/resolve/main/tokenizer_config.json "HTTP/1.1 307 Temporary Redirect"
2026-08-11 05:16:08.043 - httpx - INFO - HTTP Request: HEAD https://huggingface.co/api/resolve-cache/models/meta-models/Muse-Glimmer-30B/97c77dff50b2797bcc558fa2d909761dbc575c59/tokenizer_config.json "HTTP/1.1 200 OK"
2026-08-11 05:16:08.053 - httpx - INFO - HTTP Request: GET https://huggingface.co/api/resolve-cache/models/meta-models/Muse-Glimmer-30B/97c77dff50b2797bcc558fa2d909761dbc575c59/tokenizer_config.json "HTTP/1.1 200 OK"
2026-08-11 05:16:08.141 - httpx - INFO - HTTP Request: GET https://huggingface.co/api/models/meta-models/Muse-Glimmer-30B/tree/main/additional_chat_templates?recursive=false&expand=false "HTTP/1.1 404 Not Found"
2026-08-11 05:16:08.244 - httpx - INFO - HTTP Request: GET https://huggingface.co/api/models/meta-models/Muse-Glimmer-30B/tree/main?recursive=true&expand=false "HTTP/1.1 200 OK"
2026-08-11 05:16:08.327 - httpx - INFO - HTTP Request: HEAD https://huggingface.co/meta-models/Muse-Glimmer-30B/resolve/main/tokenizer.json "HTTP/1.1 302 Found"
2026-08-11 05:16:08.416 - httpx - INFO - HTTP Request: GET https://huggingface.co/api/models/meta-models/Muse-Glimmer-30B/xet-read-token/97c77dff50b2797bcc558fa2d909761dbc575c59 "HTTP/1.1 200 OK"
2026-08-11 05:16:09.421 - httpx - INFO - HTTP Request: HEAD https://huggingface.co/meta-models/Muse-Glimmer-30B/resolve/main/tokenizer.model "HTTP/1.1 404 Not Found"
2026-08-11 05:16:09.506 - httpx - INFO - HTTP Request: HEAD https://huggingface.co/meta-models/Muse-Glimmer-30B/resolve/main/added_tokens.json "HTTP/1.1 404 Not Found"
2026-08-11 05:16:09.592 - httpx - INFO - HTTP Request: HEAD https://huggingface.co/meta-models/Muse-Glimmer-30B/resolve/main/special_tokens_map.json "HTTP/1.1 404 Not Found"
2026-08-11 05:16:09.677 - httpx - INFO - HTTP Request: HEAD https://huggingface.co/meta-models/Muse-Glimmer-30B/resolve/main/chat_template.jinja "HTTP/1.1 307 Temporary Redirect"
2026-08-11 05:16:09.689 - httpx - INFO - HTTP Request: HEAD https://huggingface.co/api/resolve-cache/models/meta-models/Muse-Glimmer-30B/97c77dff50b2797bcc558fa2d909761dbc575c59/chat_template.jinja "HTTP/1.1 200 OK"
2026-08-11 05:16:09.700 - httpx - INFO - HTTP Request: GET https://huggingface.co/api/resolve-cache/models/meta-models/Muse-Glimmer-30B/97c77dff50b2797bcc558fa2d909761dbc575c59/chat_template.jinja "HTTP/1.1 200 OK"
2026-08-11 05:16:11.336 - httpx - INFO - HTTP Request: GET https://huggingface.co/api/models/meta-models/Muse-Glimmer-30B "HTTP/1.1 200 OK"
2026-08-11 05:16:11.418 - aiperf.config.resolution.resolvers - INFO -   Cached meta-models/Muse-Glimmer-30B (4.39s)
2026-08-11 05:16:11.487 - aiperf.config.resolution.resolvers - INFO - 1 tokenizer cached • 4.5s
2026-08-11 05:16:11.895 - system_controller - INFO - Registered Gpu Telemetry Manager (id: 'gpu_telemetry_manager')
2026-08-11 05:16:11.939 - server_metrics_manager - INFO - Server Metrics: Discovered 1 endpoints: ['http://localhost:80/metrics']
2026-08-11 05:16:11.968 - GPUTelemetryJSONLWriter_19b0cba3 - INFO - GPU telemetry export enabled: /output/gpu_telemetry_export.jsonl
2026-08-11 05:16:11.977 - OTelMetricsResultsProcessor_cd03efdc - INFO - Telemetry streaming is disabled (set --otel-url and/or --mlflow-tracking-uri to enable)
2026-08-11 05:16:11.981 - RecordExportJSONLWriter_fd2c33e3 - INFO - Record metrics export enabled: /output/profile_export.jsonl
2026-08-11 05:16:11.992 - system_controller - INFO - Registered Worker Manager (id: 'worker_manager')
2026-08-11 05:16:12.047 - system_controller - INFO - Registered Dataset Manager (id: 'dataset_manager')
2026-08-11 05:16:12.048 - system_controller - INFO - Registered Server Metrics Manager (id: 'server_metrics_manager')
2026-08-11 05:16:12.097 - system_controller - INFO - Registered Records Manager (id: 'records_manager')
2026-08-11 05:16:12.184 - system_controller - INFO - Registered Timing Manager (id: 'timing_manager')
2026-08-11 05:16:12.193 - system_controller - INFO - Registered Record Processor (id: 'record_processor_b531d64f')
2026-08-11 05:16:12.310 - system_controller - INFO - Registered Worker (id: 'worker_8aec2f14')
2026-08-11 05:16:12.344 - system_controller - INFO - Registered Worker (id: 'worker_8ebddaf4')
2026-08-11 05:16:12.373 - system_controller - INFO - AIPerf System is CONFIGURING
2026-08-11 05:16:12.373 - system_controller - INFO - Configuring all services to start profiling
2026-08-11 05:16:12.374 - timing_manager - INFO - Waiting for dataset to be configured before configuring timing
2026-08-11 05:16:12.374 - InferenceResultParser_806bd9c2 - INFO - Configuring tokenizers for inference result parser (resolve_alias: True)
2026-08-11 05:16:12.375 - dataset_manager - INFO - Configuring tokenizer(s) for dataset manager
2026-08-11 05:16:12.380 - system_controller - INFO - Server metrics disabled - no Prometheus endpoints reachable
2026-08-11 05:16:12.380 - system_controller - INFO - Waiting for result domains: profile, telemetry
2026-08-11 05:16:12.404 - gpu_telemetry_manager - INFO - GPU Telemetry: Capturing baseline metrics from pynvml://localhost
2026-08-11 05:16:12.415 - pynvml_collector - INFO - PyNVML initialized with 1 GPU(s) (0 with GPM support)
2026-08-11 05:16:12.430 - system_controller - INFO - DCGM telemetry enabled - 1/1 endpoint(s) reachable
2026-08-11 05:16:12.932 - httpx - INFO - HTTP Request: HEAD https://huggingface.co/meta-models/Muse-Glimmer-30B/resolve/main/config.json "HTTP/1.1 307 Temporary Redirect"
2026-08-11 05:16:12.932 - huggingface_hub.utils._http - WARNING - Warning: You are sending unauthenticated requests to the HF Hub. Please set a HF_TOKEN to enable higher rate limits and faster downloads.
2026-08-11 05:16:12.936 - httpx - INFO - HTTP Request: HEAD https://huggingface.co/meta-models/Muse-Glimmer-30B/resolve/main/config.json "HTTP/1.1 307 Temporary Redirect"
2026-08-11 05:16:12.936 - huggingface_hub.utils._http - WARNING - Warning: You are sending unauthenticated requests to the HF Hub. Please set a HF_TOKEN to enable higher rate limits and faster downloads.
2026-08-11 05:16:12.947 - httpx - INFO - HTTP Request: HEAD https://huggingface.co/api/resolve-cache/models/meta-models/Muse-Glimmer-30B/97c77dff50b2797bcc558fa2d909761dbc575c59/config.json "HTTP/1.1 200 OK"
2026-08-11 05:16:12.949 - httpx - INFO - HTTP Request: HEAD https://huggingface.co/api/resolve-cache/models/meta-models/Muse-Glimmer-30B/97c77dff50b2797bcc558fa2d909761dbc575c59/config.json "HTTP/1.1 200 OK"
2026-08-11 05:16:13.031 - httpx - INFO - HTTP Request: HEAD https://huggingface.co/meta-models/Muse-Glimmer-30B/resolve/main/config.json "HTTP/1.1 307 Temporary Redirect"
2026-08-11 05:16:13.036 - httpx - INFO - HTTP Request: HEAD https://huggingface.co/meta-models/Muse-Glimmer-30B/resolve/main/config.json "HTTP/1.1 307 Temporary Redirect"
2026-08-11 05:16:13.048 - httpx - INFO - HTTP Request: HEAD https://huggingface.co/api/resolve-cache/models/meta-models/Muse-Glimmer-30B/97c77dff50b2797bcc558fa2d909761dbc575c59/config.json "HTTP/1.1 200 OK"
2026-08-11 05:16:13.053 - httpx - INFO - HTTP Request: HEAD https://huggingface.co/api/resolve-cache/models/meta-models/Muse-Glimmer-30B/97c77dff50b2797bcc558fa2d909761dbc575c59/config.json "HTTP/1.1 200 OK"
2026-08-11 05:16:13.134 - httpx - INFO - HTTP Request: HEAD https://huggingface.co/meta-models/Muse-Glimmer-30B/resolve/main/tokenizer_config.json "HTTP/1.1 307 Temporary Redirect"
2026-08-11 05:16:13.137 - httpx - INFO - HTTP Request: HEAD https://huggingface.co/meta-models/Muse-Glimmer-30B/resolve/main/tokenizer_config.json "HTTP/1.1 307 Temporary Redirect"
2026-08-11 05:16:13.151 - httpx - INFO - HTTP Request: HEAD https://huggingface.co/api/resolve-cache/models/meta-models/Muse-Glimmer-30B/97c77dff50b2797bcc558fa2d909761dbc575c59/tokenizer_config.json "HTTP/1.1 200 OK"
2026-08-11 05:16:13.151 - httpx - INFO - HTTP Request: HEAD https://huggingface.co/api/resolve-cache/models/meta-models/Muse-Glimmer-30B/97c77dff50b2797bcc558fa2d909761dbc575c59/tokenizer_config.json "HTTP/1.1 200 OK"
2026-08-11 05:16:13.242 - httpx - INFO - HTTP Request: GET https://huggingface.co/api/models/meta-models/Muse-Glimmer-30B/tree/main/additional_chat_templates?recursive=false&expand=false "HTTP/1.1 404 Not Found"
2026-08-11 05:16:13.244 - httpx - INFO - HTTP Request: GET https://huggingface.co/api/models/meta-models/Muse-Glimmer-30B/tree/main/additional_chat_templates?recursive=false&expand=false "HTTP/1.1 404 Not Found"
2026-08-11 05:16:13.326 - httpx - INFO - HTTP Request: GET https://huggingface.co/api/models/meta-models/Muse-Glimmer-30B/tree/main?recursive=true&expand=false "HTTP/1.1 200 OK"
2026-08-11 05:16:13.343 - httpx - INFO - HTTP Request: GET https://huggingface.co/api/models/meta-models/Muse-Glimmer-30B/tree/main?recursive=true&expand=false "HTTP/1.1 200 OK"
2026-08-11 05:16:15.093 - httpx - INFO - HTTP Request: GET https://huggingface.co/api/models/meta-models/Muse-Glimmer-30B "HTTP/1.1 200 OK"
2026-08-11 05:16:15.099 - httpx - INFO - HTTP Request: GET https://huggingface.co/api/models/meta-models/Muse-Glimmer-30B "HTTP/1.1 200 OK"
2026-08-11 05:16:15.153 - dataset_manager - INFO - Tokenizer(s) configured in 2.78 seconds
2026-08-11 05:16:15.153 - dataset_manager - INFO - Configuring dataset for dataset_manager
2026-08-11 05:16:15.161 - InferenceResultParser_806bd9c2 - INFO - Initialized tokenizers: {'meta-models/Muse-Glimmer-30B': {'class': 'TokenizersBackend', 'name_or_path': 'meta-models/Muse-Glimmer-30B'}} in 2.79 seconds
2026-08-11 05:16:15.437 - CustomDatasetComposer - INFO - Using explicit dataset format: multi_turn
2026-08-11 05:16:15.503 - MemoryMapDatasetBackingStore_0c3aef0a - INFO - Memory-mapped backing store initialized (streaming to /tmp/aiperf_mmap_3a70f2468b47/dataset.dat)
2026-08-11 05:16:15.521 - MemoryMapDatasetBackingStore_0c3aef0a - INFO - Data file finalized: 500 conversations, 1.23 MB
2026-08-11 05:16:15.521 - MemoryMapDatasetBackingStore_0c3aef0a - INFO - Index file created: /tmp/aiperf_mmap_3a70f2468b47/index.dat
2026-08-11 05:16:15.521 - dataset_manager - INFO - Backing store finalized: client_type=DatasetClientStoreType.MEMORY_MAP format=MemoryMapFormat.CONVERSATION data_file_path=PosixPath('/tmp/aiperf_mmap_3a70f2468b47/dataset.dat') index_file_path=PosixPath('/tmp/aiperf_mmap_3a70f2468b47/index.dat') conversation_count=500 total_size_bytes=1292467 compressed=False compressed_data_file_path=None compressed_index_file_path=None compressed_size_bytes=0
2026-08-11 05:16:15.530 - dataset_manager - INFO - sampling strategy: sequential, unique conversations: 500, unique turn count: 1783
2026-08-11 05:16:15.534 - dataset_manager - INFO - Generating inputs.json file at /output/inputs.json
2026-08-11 05:16:15.544 - PhaseOrchestrator_79d8a154 - INFO - Initialized 2 phase(s): ['Warmup', 'Profiling']
2026-08-11 05:16:15.546 - dataset_manager - INFO - inputs.json file generated in 0.01 seconds
2026-08-11 05:16:15.668 - dataset_manager - INFO - Dataset client initialized and freed 500 conversations from memory
2026-08-11 05:16:15.668 - dataset_manager - INFO - Dataset configured in 0.52 seconds
2026-08-11 05:16:15.669 - system_controller - INFO - All services configured in 3.30 seconds
2026-08-11 05:16:15.669 - system_controller - INFO - AIPerf System is CONFIGURED
2026-08-11 05:16:15.672 - system_controller - INFO - All services started profiling successfully
2026-08-11 05:16:15.672 - system_controller - INFO - AIPerf System is PROFILING
2026-08-11 05:16:15.676 - RateTiming - INFO - Creating interval generator: pattern=concurrency_burst, rate=None, smoothness=None
2026-08-11 05:16:15.676 - PhaseRunner - NOTICE - Phase warmup (warmup) started | phase_index=0 | target: 3 requests
2026-08-11 05:16:15.677 - records_manager - INFO - Credit phase start: warmup
2026-08-11 05:16:20.891 - PhaseRunner - NOTICE - Phase warmup (warmup) sending complete | sent=3, completed=1, in_flight=2 | sessions: sent=2, completed=0
2026-08-11 05:16:35.894 - PhaseRunner - NOTICE - Phase warmup (warmup) complete | completed=3, cancelled=0, errors=0 | sessions: completed=0, cancelled=0 | elapsed=20.22s
2026-08-11 05:16:35.896 - RateTiming - INFO - Creating interval generator: pattern=concurrency_burst, rate=None, smoothness=None
2026-08-11 05:16:35.896 - PhaseRunner - NOTICE - Phase profiling (profiling) started | phase_index=1 | profiling_index=0 | target: 50 requests, 50 sessions
2026-08-11 05:16:35.898 - records_manager - INFO - Credit phase start: profiling
2026-08-11 05:22:35.306 - PhaseRunner - NOTICE - Phase profiling (profiling) sending complete | sent=50, completed=48, in_flight=2 | sessions: sent=15, completed=13
2026-08-11 05:22:35.307 - records_manager - INFO - Sent 50 requests. Waiting for all to complete...
2026-08-11 05:22:47.640 - PhaseRunner - NOTICE - Phase profiling (profiling) complete | completed=50, cancelled=0, errors=0 | sessions: completed=13, cancelled=0 | elapsed=371.74s
2026-08-11 05:22:47.640 - PhaseOrchestrator_79d8a154 - NOTICE - All credits completed
2026-08-11 05:22:47.642 - system_controller - INFO - Received credits complete from 'timing_manager'
2026-08-11 05:22:47.642 - records_manager - INFO - Received CREDIT_PHASE_COMPLETE message, Phase complete: PhaseRecordsStats(phase=CreditPhase.PROFILING, phase_index=1, profiling_index=0, phase_name='profiling', phase_kind='profiling', start_ns=1786425395896706855, sent_end_ns=1786425755306077383, requests_end_ns=1786425767640231911, baseline_start_ns=1786425395896687607, baseline_end_ns=1786425767640236807, total_expected_requests=50, expected_duration_sec=None, expected_num_sessions=None, expected_grace_period_sec=None, final_requests_sent=None, final_requests_completed=50, final_requests_cancelled=0, final_request_errors=0, final_sent_sessions=None, final_completed_sessions=None, final_cancelled_sessions=None, timeout_triggered=False, grace_period_timeout_triggered=False, was_cancelled=False, records_end_ns=None, success_records=49, error_records=0)
2026-08-11 05:22:47.642 - records_manager - NOTICE - All requests have completed, please wait for the results to be processed (currently 49 of 50 records processed)...
2026-08-11 05:22:47.642 - records_manager - INFO - All credits complete, please wait for the results to be processed...
2026-08-11 05:22:47.647 - records_manager - INFO - Processed 50 valid requests and 0 errors (50 total).
2026-08-11 05:22:47.648 - records_manager - INFO - Received all records, processing now...
2026-08-11 05:22:47.649 - gpu_telemetry_manager - INFO - GPU Telemetry: Profiling complete, capturing final metrics...
2026-08-11 05:22:47.650 - records_manager - INFO - Waiting 2.0s for server metrics flush period...
2026-08-11 05:22:49.640 - records_manager - INFO - Processing records results...
2026-08-11 05:22:49.726 - system_controller - INFO - Waiting for result domains: telemetry
2026-08-11 05:22:49.726 - records_manager - INFO - _finalize_and_process_results completed
2026-08-11 05:22:49.726 - system_controller - INFO - All results received, initiating shutdown
2026-08-11 05:22:50.329 - ExporterManager - INFO - Exporting all records
2026-08-11 05:22:50.367 - ExporterManager - INFO - Exporting console data
