2026-08-12 17:31:04.644 - aiperf.cli_runner._single_run - INFO - Starting AIPerf System
2026-08-12 17:31:05.137 - httpx - INFO - HTTP Request: GET https://huggingface.co/api/models/nvidia/NVIDIA-Nemotron-3.5-Lightning-30B-A3B-NVFP4 "HTTP/1.1 200 OK"
2026-08-12 17:31:05.152 - aiperf.config.resolution.resolvers - INFO - [OK] Tokenizer nvidia/NVIDIA-Nemotron-3.5-Lightning-30B-A3B-NVFP4 detected
2026-08-12 17:31:05.152 - aiperf.config.resolution.resolvers - INFO - 1 tokenizer validated | 0.5s
2026-08-12 17:31:05.152 - aiperf.config.resolution.resolvers - INFO - Prefetching 1 tokenizer into HF cache...
2026-08-12 17:31:06.165 - httpx - INFO - HTTP Request: HEAD https://huggingface.co/nvidia/NVIDIA-Nemotron-3.5-Lightning-30B-A3B-NVFP4/resolve/main/config.json "HTTP/1.1 307 Temporary Redirect"
2026-08-12 17:31:06.179 - httpx - INFO - HTTP Request: HEAD https://huggingface.co/api/resolve-cache/models/nvidia/NVIDIA-Nemotron-3.5-Lightning-30B-A3B-NVFP4/29f2d1746d8f41e316523194b19018707749b1b1/config.json "HTTP/1.1 200 OK"
2026-08-12 17:31:06.193 - httpx - INFO - HTTP Request: GET https://huggingface.co/api/resolve-cache/models/nvidia/NVIDIA-Nemotron-3.5-Lightning-30B-A3B-NVFP4/29f2d1746d8f41e316523194b19018707749b1b1/config.json "HTTP/1.1 200 OK"
2026-08-12 17:31:06.337 - httpx - INFO - HTTP Request: HEAD https://huggingface.co/nvidia/NVIDIA-Nemotron-3.5-Lightning-30B-A3B-NVFP4/resolve/main/tokenizer_config.json "HTTP/1.1 307 Temporary Redirect"
2026-08-12 17:31:06.337 - huggingface_hub.utils._http - WARNING - Warning: You are sending unauthenticated requests to the HF Hub. Please set a HF_TOKEN to enable higher rate limits and faster downloads.
2026-08-12 17:31:06.348 - httpx - INFO - HTTP Request: HEAD https://huggingface.co/api/resolve-cache/models/nvidia/NVIDIA-Nemotron-3.5-Lightning-30B-A3B-NVFP4/29f2d1746d8f41e316523194b19018707749b1b1/tokenizer_config.json "HTTP/1.1 200 OK"
2026-08-12 17:31:06.361 - httpx - INFO - HTTP Request: GET https://huggingface.co/api/resolve-cache/models/nvidia/NVIDIA-Nemotron-3.5-Lightning-30B-A3B-NVFP4/29f2d1746d8f41e316523194b19018707749b1b1/tokenizer_config.json "HTTP/1.1 200 OK"
2026-08-12 17:31:06.450 - httpx - INFO - HTTP Request: GET https://huggingface.co/api/models/nvidia/NVIDIA-Nemotron-3.5-Lightning-30B-A3B-NVFP4/tree/main/additional_chat_templates?recursive=false&expand=false "HTTP/1.1 404 Not Found"
2026-08-12 17:31:06.543 - httpx - INFO - HTTP Request: GET https://huggingface.co/api/models/nvidia/NVIDIA-Nemotron-3.5-Lightning-30B-A3B-NVFP4/tree/main?recursive=true&expand=false "HTTP/1.1 200 OK"
2026-08-12 17:31:06.632 - httpx - INFO - HTTP Request: HEAD https://huggingface.co/nvidia/NVIDIA-Nemotron-3.5-Lightning-30B-A3B-NVFP4/resolve/main/tokenizer.json "HTTP/1.1 302 Found"
2026-08-12 17:31:06.729 - httpx - INFO - HTTP Request: GET https://huggingface.co/api/models/nvidia/NVIDIA-Nemotron-3.5-Lightning-30B-A3B-NVFP4/xet-read-token/29f2d1746d8f41e316523194b19018707749b1b1 "HTTP/1.1 200 OK"
2026-08-12 17:31:07.622 - httpx - INFO - HTTP Request: HEAD https://huggingface.co/nvidia/NVIDIA-Nemotron-3.5-Lightning-30B-A3B-NVFP4/resolve/main/tokenizer.model "HTTP/1.1 404 Not Found"
2026-08-12 17:31:07.705 - httpx - INFO - HTTP Request: HEAD https://huggingface.co/nvidia/NVIDIA-Nemotron-3.5-Lightning-30B-A3B-NVFP4/resolve/main/added_tokens.json "HTTP/1.1 404 Not Found"
2026-08-12 17:31:07.795 - httpx - INFO - HTTP Request: HEAD https://huggingface.co/nvidia/NVIDIA-Nemotron-3.5-Lightning-30B-A3B-NVFP4/resolve/main/special_tokens_map.json "HTTP/1.1 307 Temporary Redirect"
2026-08-12 17:31:07.811 - httpx - INFO - HTTP Request: HEAD https://huggingface.co/api/resolve-cache/models/nvidia/NVIDIA-Nemotron-3.5-Lightning-30B-A3B-NVFP4/29f2d1746d8f41e316523194b19018707749b1b1/special_tokens_map.json "HTTP/1.1 200 OK"
2026-08-12 17:31:07.825 - httpx - INFO - HTTP Request: GET https://huggingface.co/api/resolve-cache/models/nvidia/NVIDIA-Nemotron-3.5-Lightning-30B-A3B-NVFP4/29f2d1746d8f41e316523194b19018707749b1b1/special_tokens_map.json "HTTP/1.1 200 OK"
2026-08-12 17:31:07.909 - httpx - INFO - HTTP Request: HEAD https://huggingface.co/nvidia/NVIDIA-Nemotron-3.5-Lightning-30B-A3B-NVFP4/resolve/main/chat_template.jinja "HTTP/1.1 307 Temporary Redirect"
2026-08-12 17:31:07.921 - httpx - INFO - HTTP Request: HEAD https://huggingface.co/api/resolve-cache/models/nvidia/NVIDIA-Nemotron-3.5-Lightning-30B-A3B-NVFP4/29f2d1746d8f41e316523194b19018707749b1b1/chat_template.jinja "HTTP/1.1 200 OK"
2026-08-12 17:31:07.935 - httpx - INFO - HTTP Request: GET https://huggingface.co/api/resolve-cache/models/nvidia/NVIDIA-Nemotron-3.5-Lightning-30B-A3B-NVFP4/29f2d1746d8f41e316523194b19018707749b1b1/chat_template.jinja "HTTP/1.1 200 OK"
2026-08-12 17:31:08.760 - httpx - INFO - HTTP Request: GET https://huggingface.co/api/models/nvidia/NVIDIA-Nemotron-3.5-Lightning-30B-A3B-NVFP4 "HTTP/1.1 200 OK"
2026-08-12 17:31:08.796 - aiperf.config.resolution.resolvers - INFO -   Cached nvidia/NVIDIA-Nemotron-3.5-Lightning-30B-A3B-NVFP4 (3.63s)
2026-08-12 17:31:08.845 - aiperf.config.resolution.resolvers - INFO - 1 tokenizer cached • 3.7s
2026-08-12 17:31:09.199 - system_controller - INFO - Registered Worker Manager (id: 'worker_manager')
2026-08-12 17:31:09.260 - server_metrics_manager - INFO - Server Metrics: Discovered 1 endpoints: ['http://localhost:8000/metrics']
2026-08-12 17:31:09.292 - GPUTelemetryJSONLWriter_e0bd89c1 - INFO - GPU telemetry export enabled: /output/gpu_telemetry_export.jsonl
2026-08-12 17:31:09.294 - system_controller - INFO - Registered Gpu Telemetry Manager (id: 'gpu_telemetry_manager')
2026-08-12 17:31:09.303 - OTelMetricsResultsProcessor_514c6bb9 - INFO - Telemetry streaming is disabled (set --otel-url and/or --mlflow-tracking-uri to enable)
2026-08-12 17:31:09.303 - system_controller - INFO - Registered Dataset Manager (id: 'dataset_manager')
2026-08-12 17:31:09.307 - RecordExportJSONLWriter_6678c54b - INFO - Record metrics export enabled: /output/profile_export.jsonl
2026-08-12 17:31:09.342 - system_controller - INFO - Registered Record Processor (id: 'record_processor_ab41f218')
2026-08-12 17:31:09.364 - system_controller - INFO - Registered Server Metrics Manager (id: 'server_metrics_manager')
2026-08-12 17:31:09.415 - system_controller - INFO - Registered Records Manager (id: 'records_manager')
2026-08-12 17:31:09.477 - system_controller - INFO - Registered Timing Manager (id: 'timing_manager')
2026-08-12 17:31:09.508 - system_controller - INFO - Registered Worker (id: 'worker_4f79d4bb')
2026-08-12 17:31:09.677 - system_controller - INFO - AIPerf System is CONFIGURING
2026-08-12 17:31:09.677 - system_controller - INFO - Configuring all services to start profiling
2026-08-12 17:31:09.679 - timing_manager - INFO - Waiting for dataset to be configured before configuring timing
2026-08-12 17:31:09.679 - InferenceResultParser_c2ccb25d - INFO - Configuring tokenizers for inference result parser (resolve_alias: True)
2026-08-12 17:31:09.680 - dataset_manager - INFO - Configuring tokenizer(s) for dataset manager
2026-08-12 17:31:09.687 - server_metrics_manager - INFO - Server Metrics: Capturing baseline metrics...
2026-08-12 17:31:09.698 - http://localhost:8000/metrics - INFO - Skipping unsupported summary metric: http_request_size_bytes
2026-08-12 17:31:09.698 - http://localhost:8000/metrics - INFO - Skipping unsupported summary metric: http_response_size_bytes
2026-08-12 17:31:09.699 - system_controller - INFO - Server metrics enabled - 1/1 endpoint(s) reachable.
2026-08-12 17:31:09.699 - system_controller - INFO - Waiting for result domains: profile, server_metrics, telemetry
2026-08-12 17:31:09.709 - gpu_telemetry_manager - INFO - GPU Telemetry: Capturing baseline metrics from pynvml://localhost
2026-08-12 17:31:09.718 - pynvml_collector - INFO - PyNVML initialized with 1 GPU(s) (0 with GPM support)
2026-08-12 17:31:09.733 - system_controller - INFO - DCGM telemetry enabled - 1/1 endpoint(s) reachable
2026-08-12 17:31:10.220 - httpx - INFO - HTTP Request: HEAD https://huggingface.co/nvidia/NVIDIA-Nemotron-3.5-Lightning-30B-A3B-NVFP4/resolve/main/config.json "HTTP/1.1 307 Temporary Redirect"
2026-08-12 17:31:10.221 - huggingface_hub.utils._http - WARNING - Warning: You are sending unauthenticated requests to the HF Hub. Please set a HF_TOKEN to enable higher rate limits and faster downloads.
2026-08-12 17:31:10.229 - httpx - INFO - HTTP Request: HEAD https://huggingface.co/nvidia/NVIDIA-Nemotron-3.5-Lightning-30B-A3B-NVFP4/resolve/main/config.json "HTTP/1.1 307 Temporary Redirect"
2026-08-12 17:31:10.229 - huggingface_hub.utils._http - WARNING - Warning: You are sending unauthenticated requests to the HF Hub. Please set a HF_TOKEN to enable higher rate limits and faster downloads.
2026-08-12 17:31:10.235 - httpx - INFO - HTTP Request: HEAD https://huggingface.co/api/resolve-cache/models/nvidia/NVIDIA-Nemotron-3.5-Lightning-30B-A3B-NVFP4/29f2d1746d8f41e316523194b19018707749b1b1/config.json "HTTP/1.1 200 OK"
2026-08-12 17:31:10.243 - httpx - INFO - HTTP Request: HEAD https://huggingface.co/api/resolve-cache/models/nvidia/NVIDIA-Nemotron-3.5-Lightning-30B-A3B-NVFP4/29f2d1746d8f41e316523194b19018707749b1b1/config.json "HTTP/1.1 200 OK"
2026-08-12 17:31:10.377 - httpx - INFO - HTTP Request: HEAD https://huggingface.co/nvidia/NVIDIA-Nemotron-3.5-Lightning-30B-A3B-NVFP4/resolve/main/tokenizer_config.json "HTTP/1.1 307 Temporary Redirect"
2026-08-12 17:31:10.394 - httpx - INFO - HTTP Request: HEAD https://huggingface.co/api/resolve-cache/models/nvidia/NVIDIA-Nemotron-3.5-Lightning-30B-A3B-NVFP4/29f2d1746d8f41e316523194b19018707749b1b1/tokenizer_config.json "HTTP/1.1 200 OK"
2026-08-12 17:31:10.396 - httpx - INFO - HTTP Request: HEAD https://huggingface.co/nvidia/NVIDIA-Nemotron-3.5-Lightning-30B-A3B-NVFP4/resolve/main/tokenizer_config.json "HTTP/1.1 307 Temporary Redirect"
2026-08-12 17:31:10.410 - httpx - INFO - HTTP Request: HEAD https://huggingface.co/api/resolve-cache/models/nvidia/NVIDIA-Nemotron-3.5-Lightning-30B-A3B-NVFP4/29f2d1746d8f41e316523194b19018707749b1b1/tokenizer_config.json "HTTP/1.1 200 OK"
2026-08-12 17:31:10.476 - httpx - INFO - HTTP Request: GET https://huggingface.co/api/models/nvidia/NVIDIA-Nemotron-3.5-Lightning-30B-A3B-NVFP4/tree/main/additional_chat_templates?recursive=false&expand=false "HTTP/1.1 404 Not Found"
2026-08-12 17:31:10.491 - httpx - INFO - HTTP Request: GET https://huggingface.co/api/models/nvidia/NVIDIA-Nemotron-3.5-Lightning-30B-A3B-NVFP4/tree/main/additional_chat_templates?recursive=false&expand=false "HTTP/1.1 404 Not Found"
2026-08-12 17:31:10.565 - httpx - INFO - HTTP Request: GET https://huggingface.co/api/models/nvidia/NVIDIA-Nemotron-3.5-Lightning-30B-A3B-NVFP4/tree/main?recursive=true&expand=false "HTTP/1.1 200 OK"
2026-08-12 17:31:10.574 - httpx - INFO - HTTP Request: GET https://huggingface.co/api/models/nvidia/NVIDIA-Nemotron-3.5-Lightning-30B-A3B-NVFP4/tree/main?recursive=true&expand=false "HTTP/1.1 200 OK"
2026-08-12 17:31:11.464 - httpx - INFO - HTTP Request: GET https://huggingface.co/api/models/nvidia/NVIDIA-Nemotron-3.5-Lightning-30B-A3B-NVFP4 "HTTP/1.1 200 OK"
2026-08-12 17:31:11.464 - httpx - INFO - HTTP Request: GET https://huggingface.co/api/models/nvidia/NVIDIA-Nemotron-3.5-Lightning-30B-A3B-NVFP4 "HTTP/1.1 200 OK"
2026-08-12 17:31:11.490 - InferenceResultParser_c2ccb25d - INFO - Initialized tokenizers: {'nvidia/NVIDIA-Nemotron-3.5-Lightning-30B-A3B-NVFP4': {'class': 'TokenizersBackend', 'name_or_path': 'nvidia/NVIDIA-Nemotron-3.5-Lightning-30B-A3B-NVFP4'}} in 1.81 seconds
2026-08-12 17:31:11.492 - dataset_manager - INFO - Tokenizer(s) configured in 1.81 seconds
2026-08-12 17:31:11.492 - dataset_manager - INFO - Configuring dataset for dataset_manager
2026-08-12 17:31:11.747 - CustomDatasetComposer - INFO - Using explicit dataset format: multi_turn
2026-08-12 17:31:11.810 - MemoryMapDatasetBackingStore_7d70328c - INFO - Memory-mapped backing store initialized (streaming to /tmp/aiperf_mmap_e94b4fb6f08e/dataset.dat)
2026-08-12 17:31:11.831 - MemoryMapDatasetBackingStore_7d70328c - INFO - Data file finalized: 500 conversations, 1.29 MB
2026-08-12 17:31:11.831 - MemoryMapDatasetBackingStore_7d70328c - INFO - Index file created: /tmp/aiperf_mmap_e94b4fb6f08e/index.dat
2026-08-12 17:31:11.831 - dataset_manager - INFO - Backing store finalized: client_type=DatasetClientStoreType.MEMORY_MAP format=MemoryMapFormat.CONVERSATION data_file_path=PosixPath('/tmp/aiperf_mmap_e94b4fb6f08e/dataset.dat') index_file_path=PosixPath('/tmp/aiperf_mmap_e94b4fb6f08e/index.dat') conversation_count=500 total_size_bytes=1353963 compressed=False compressed_data_file_path=None compressed_index_file_path=None compressed_size_bytes=0
2026-08-12 17:31:11.840 - dataset_manager - INFO - sampling strategy: sequential, unique conversations: 500, unique turn count: 1783
2026-08-12 17:31:11.845 - dataset_manager - INFO - Generating inputs.json file at /output/inputs.json
2026-08-12 17:31:11.851 - PhaseOrchestrator_30e77256 - INFO - Initialized 2 phase(s): ['Warmup', 'Profiling']
2026-08-12 17:31:11.860 - dataset_manager - INFO - inputs.json file generated in 0.01 seconds
2026-08-12 17:31:11.996 - dataset_manager - INFO - Dataset client initialized and freed 500 conversations from memory
2026-08-12 17:31:11.996 - dataset_manager - INFO - Dataset configured in 0.50 seconds
2026-08-12 17:31:11.997 - system_controller - INFO - All services configured in 2.32 seconds
2026-08-12 17:31:11.997 - system_controller - INFO - AIPerf System is CONFIGURED
2026-08-12 17:31:11.998 - server_metrics_manager - INFO - Server Metrics: Started 1 collector(s) successfully
2026-08-12 17:31:11.999 - system_controller - INFO - All services started profiling successfully
2026-08-12 17:31:11.999 - system_controller - INFO - AIPerf System is PROFILING
2026-08-12 17:31:12.001 - RateTiming - INFO - Creating interval generator: pattern=concurrency_burst, rate=None, smoothness=None
2026-08-12 17:31:12.001 - PhaseRunner - NOTICE - Phase warmup (warmup) started | phase_index=0 | target: 3 requests
2026-08-12 17:31:12.003 - records_manager - INFO - Credit phase start: warmup
2026-08-12 17:31:21.699 - PhaseRunner - NOTICE - Phase warmup (warmup) sending complete | sent=3, completed=2, in_flight=1 | sessions: sent=1, completed=0
2026-08-12 17:31:26.790 - PhaseRunner - NOTICE - Phase warmup (warmup) complete | completed=3, cancelled=0, errors=0 | sessions: completed=0, cancelled=0 | elapsed=14.79s
2026-08-12 17:31:26.791 - server_metrics_manager - INFO - Server Metrics: Warmup complete, capturing final warmup metrics...
2026-08-12 17:31:26.792 - RateTiming - INFO - Creating interval generator: pattern=concurrency_burst, rate=None, smoothness=None
2026-08-12 17:31:26.792 - PhaseRunner - NOTICE - Phase profiling (profiling) started | phase_index=1 | profiling_index=0 | target: 50 requests, 50 sessions
2026-08-12 17:31:26.793 - records_manager - INFO - Credit phase start: profiling
2026-08-12 17:31:53.510 - aiperf.metrics.types.osl_mismatch_metrics - WARNING - OSL mismatch: got 345 tokens (requested 364, diff -5.2%)
2026-08-12 17:32:37.718 - aiperf.metrics.types.osl_mismatch_metrics - WARNING - OSL mismatch: got 486 tokens (requested 594, diff -18.2%)
2026-08-12 17:32:44.230 - aiperf.metrics.types.osl_mismatch_metrics - WARNING - OSL mismatch: got 637 tokens (requested 712, diff -10.5%)
2026-08-12 17:34:40.474 - aiperf.metrics.types.osl_mismatch_metrics - WARNING - OSL mismatch: got 699 tokens (requested 995, diff -29.7%)
2026-08-12 17:34:45.342 - aiperf.metrics.types.osl_mismatch_metrics - WARNING - OSL mismatch: got 469 tokens (requested 537, diff -12.7%)
2026-08-12 17:34:54.023 - aiperf.metrics.types.osl_mismatch_metrics - WARNING - OSL mismatch: got 404 tokens (requested 467, diff -13.5%)
2026-08-12 17:35:36.324 - PhaseRunner - NOTICE - Phase profiling (profiling) sending complete | sent=50, completed=49, in_flight=1 | sessions: sent=16, completed=15
2026-08-12 17:35:36.325 - records_manager - INFO - Sent 50 requests. Waiting for all to complete...
2026-08-12 17:35:42.647 - PhaseRunner - NOTICE - Phase profiling (profiling) complete | completed=50, cancelled=0, errors=0 | sessions: completed=16, cancelled=0 | elapsed=255.85s
2026-08-12 17:35:42.647 - PhaseOrchestrator_30e77256 - NOTICE - All credits completed
2026-08-12 17:35:42.648 - system_controller - INFO - Received credits complete from 'timing_manager'
2026-08-12 17:35:42.649 - records_manager - INFO - Received CREDIT_PHASE_COMPLETE message, Phase complete: PhaseRecordsStats(phase=CreditPhase.PROFILING, phase_index=1, profiling_index=0, phase_name='profiling', phase_kind='profiling', start_ns=1786555886792161487, sent_end_ns=1786556136324461100, requests_end_ns=1786556142646871383, baseline_start_ns=1786555886792149054, baseline_end_ns=1786556142646878999, total_expected_requests=50, expected_duration_sec=None, expected_num_sessions=None, expected_grace_period_sec=None, final_requests_sent=None, final_requests_completed=50, final_requests_cancelled=0, final_request_errors=0, final_sent_sessions=None, final_completed_sessions=None, final_cancelled_sessions=None, timeout_triggered=False, grace_period_timeout_triggered=False, was_cancelled=False, records_end_ns=None, success_records=49, error_records=0)
2026-08-12 17:35:42.649 - records_manager - NOTICE - All requests have completed, please wait for the results to be processed (currently 49 of 50 records processed)...
2026-08-12 17:35:42.649 - records_manager - INFO - All credits complete, please wait for the results to be processed...
2026-08-12 17:35:42.661 - records_manager - INFO - Processed 50 valid requests and 0 errors (50 total).
2026-08-12 17:35:42.661 - records_manager - INFO - Received all records, processing now...
2026-08-12 17:35:42.662 - gpu_telemetry_manager - INFO - GPU Telemetry: Profiling complete, capturing final metrics...
2026-08-12 17:35:42.663 - records_manager - INFO - Waiting 2.0s for server metrics flush period...
2026-08-12 17:35:42.665 - server_metrics_manager - INFO - Server Metrics: Profiling complete, capturing final metrics...
2026-08-12 17:35:44.647 - records_manager - INFO - Processing records results...
2026-08-12 17:35:45.119 - system_controller - INFO - Waiting for result domains: server_metrics, telemetry
2026-08-12 17:35:45.119 - system_controller - INFO - Waiting for result domains: server_metrics
2026-08-12 17:35:45.327 - records_manager - INFO - _finalize_and_process_results completed
2026-08-12 17:35:45.329 - system_controller - INFO - All results received, initiating shutdown
2026-08-12 17:35:45.932 - ExporterManager - INFO - Exporting all records
2026-08-12 17:35:45.979 - ExporterManager - INFO - Exporting console data
