03:45:23.089 INFO     Starting AIPerf System (_single_run.py:64)
03:45:23.546 INFO     HTTP Request: GET https://huggingface.co/api/models/meta-models/Muse-Glimmer-30B "HTTP/1.1 200 OK" (_client.py:1025)
03:45:23.552 INFO     [OK] Tokenizer meta-models/Muse-Glimmer-30B detected (tokenizer_display.py:297)
03:45:23.553 INFO     1 tokenizer validated | 0.4s (tokenizer_display.py:306)
03:45:23.553 INFO     Prefetching 1 tokenizer into HF cache... (tokenizer_validator.py:129)
03:45:24.338 INFO     HTTP Request: HEAD https://huggingface.co/meta-models/Muse-Glimmer-30B/resolve/main/config.json "HTTP/1.1 307 Temporary Redirect" (_client.py:1025)
Warning: You are sending unauthenticated requests to the HF Hub. Please set a HF_TOKEN to enable higher rate limits and faster downloads.
03:45:24.338 WARNING  Warning: You are sending unauthenticated requests to the HF Hub. Please set a HF_TOKEN to enable higher rate limits and faster downloads. (_http.py:904)
03:45:24.354 INFO     HTTP Request: HEAD https://huggingface.co/api/resolve-cache/models/meta-models/Muse-Glimmer-30B/a4e59da52a7bc87ae7251dd5545c0dd437c44b68/config.json "HTTP/1.1 200 OK" (_client.py:1025)
03:45:24.370 INFO     HTTP Request: GET https://huggingface.co/api/resolve-cache/models/meta-models/Muse-Glimmer-30B/a4e59da52a7bc87ae7251dd5545c0dd437c44b68/config.json "HTTP/1.1 200 OK" (_client.py:1025)
03:45:24.457 INFO     HTTP Request: HEAD https://huggingface.co/meta-models/Muse-Glimmer-30B/resolve/main/config.json "HTTP/1.1 307 Temporary Redirect" (_client.py:1025)
03:45:24.473 INFO     HTTP Request: HEAD https://huggingface.co/api/resolve-cache/models/meta-models/Muse-Glimmer-30B/a4e59da52a7bc87ae7251dd5545c0dd437c44b68/config.json "HTTP/1.1 200 OK" (_client.py:1025)
03:45:24.562 INFO     HTTP Request: HEAD https://huggingface.co/meta-models/Muse-Glimmer-30B/resolve/main/tokenizer_config.json "HTTP/1.1 307 Temporary Redirect" (_client.py:1025)
03:45:24.575 INFO     HTTP Request: HEAD https://huggingface.co/api/resolve-cache/models/meta-models/Muse-Glimmer-30B/a4e59da52a7bc87ae7251dd5545c0dd437c44b68/tokenizer_config.json "HTTP/1.1 200 OK" (_client.py:1025)
03:45:24.588 INFO     HTTP Request: GET https://huggingface.co/api/resolve-cache/models/meta-models/Muse-Glimmer-30B/a4e59da52a7bc87ae7251dd5545c0dd437c44b68/tokenizer_config.json "HTTP/1.1 200 OK" (_client.py:1025)
03:45:24.677 INFO     HTTP Request: GET https://huggingface.co/api/models/meta-models/Muse-Glimmer-30B/tree/main/additional_chat_templates?recursive=false&expand=false "HTTP/1.1 404 Not Found" (_client.py:1025)
03:45:24.785 INFO     HTTP Request: GET https://huggingface.co/api/models/meta-models/Muse-Glimmer-30B/tree/main?recursive=true&expand=false "HTTP/1.1 200 OK" (_client.py:1025)
03:45:24.873 INFO     HTTP Request: HEAD https://huggingface.co/meta-models/Muse-Glimmer-30B/resolve/main/tokenizer.json "HTTP/1.1 302 Found" (_client.py:1025)
03:45:24.969 INFO     HTTP Request: GET https://huggingface.co/api/models/meta-models/Muse-Glimmer-30B/xet-read-token/a4e59da52a7bc87ae7251dd5545c0dd437c44b68 "HTTP/1.1 200 OK" (_client.py:1025)
03:45:26.106 INFO     HTTP Request: HEAD https://huggingface.co/meta-models/Muse-Glimmer-30B/resolve/main/tokenizer.model "HTTP/1.1 404 Not Found" (_client.py:1025)
03:45:26.195 INFO     HTTP Request: HEAD https://huggingface.co/meta-models/Muse-Glimmer-30B/resolve/main/added_tokens.json "HTTP/1.1 404 Not Found" (_client.py:1025)
03:45:26.283 INFO     HTTP Request: HEAD https://huggingface.co/meta-models/Muse-Glimmer-30B/resolve/main/special_tokens_map.json "HTTP/1.1 404 Not Found" (_client.py:1025)
03:45:26.370 INFO     HTTP Request: HEAD https://huggingface.co/meta-models/Muse-Glimmer-30B/resolve/main/chat_template.jinja "HTTP/1.1 307 Temporary Redirect" (_client.py:1025)
03:45:26.389 INFO     HTTP Request: HEAD https://huggingface.co/api/resolve-cache/models/meta-models/Muse-Glimmer-30B/a4e59da52a7bc87ae7251dd5545c0dd437c44b68/chat_template.jinja "HTTP/1.1 200 OK" (_client.py:1025)
03:45:26.419 INFO     HTTP Request: GET https://huggingface.co/api/resolve-cache/models/meta-models/Muse-Glimmer-30B/a4e59da52a7bc87ae7251dd5545c0dd437c44b68/chat_template.jinja "HTTP/1.1 200 OK" (_client.py:1025)
03:45:28.005 INFO     HTTP Request: GET https://huggingface.co/api/models/meta-models/Muse-Glimmer-30B "HTTP/1.1 200 OK" (_client.py:1025)
03:45:28.082 INFO       Cached meta-models/Muse-Glimmer-30B (4.51s) (tokenizer_validator.py:146)
03:45:28.153 INFO     1 tokenizer cached • 4.6s (tokenizer_validator.py:166)
03:45:28.562 INFO     Server Metrics: Discovered 1 endpoints: ['http://localhost:30000/metrics'] (manager.py:97)
03:45:28.607 INFO     GPU telemetry export enabled: /output/gpu_telemetry_export.jsonl (jsonl_writer.py:56)
03:45:28.616 INFO     Telemetry streaming is disabled (set --otel-url and/or --mlflow-tracking-uri to enable) (otel_metrics_results_processor.py:127)
03:45:28.620 INFO     Record metrics export enabled: /output/profile_export.jsonl (record_export_jsonl_writer.py:62)
03:45:28.633 INFO     Registered Worker Manager (id: 'worker_manager') (system_controller.py:411)
03:45:28.636 INFO     Registered Gpu Telemetry Manager (id: 'gpu_telemetry_manager') (system_controller.py:411)
03:45:28.661 INFO     Registered Dataset Manager (id: 'dataset_manager') (system_controller.py:411)
03:45:28.667 INFO     Registered Server Metrics Manager (id: 'server_metrics_manager') (system_controller.py:411)
03:45:28.726 INFO     Registered Records Manager (id: 'records_manager') (system_controller.py:411)
03:45:28.793 INFO     Registered Record Processor (id: 'record_processor_fb1bd92f') (system_controller.py:411)
03:45:28.812 INFO     Registered Timing Manager (id: 'timing_manager') (system_controller.py:411)
03:45:28.925 INFO     Registered Worker (id: 'worker_44881c5d') (system_controller.py:411)
03:45:29.012 INFO     AIPerf System is CONFIGURING (system_controller.py:292)
03:45:29.012 INFO     Configuring all services to start profiling (system_controller.py:305)
03:45:29.013 INFO     Waiting for dataset to be configured before configuring timing (manager.py:124)
03:45:29.013 INFO     Configuring tokenizers for inference result parser (resolve_alias: True) (inference_result_parser.py:86)
03:45:29.014 INFO     Configuring tokenizer(s) for dataset manager (dataset_manager.py:240)
03:45:29.020 INFO     Server metrics disabled - no Prometheus endpoints reachable (system_controller.py:557)
03:45:29.020 INFO     Waiting for result domains: profile, telemetry (system_controller.py:824)
03:45:29.057 INFO     GPU Telemetry: Capturing baseline metrics from pynvml://localhost (manager.py:282)
03:45:29.067 INFO     PyNVML initialized with 1 GPU(s) (0 with GPM support) (pynvml_collector.py:208)
03:45:29.083 INFO     DCGM telemetry enabled - 1/1 endpoint(s) reachable (system_controller.py:533)
03:45:29.561 INFO     HTTP Request: HEAD https://huggingface.co/meta-models/Muse-Glimmer-30B/resolve/main/config.json "HTTP/1.1 307 Temporary Redirect" (_client.py:1025)
03:45:29.568 INFO     HTTP Request: HEAD https://huggingface.co/meta-models/Muse-Glimmer-30B/resolve/main/config.json "HTTP/1.1 307 Temporary Redirect" (_client.py:1025)
Warning: You are sending unauthenticated requests to the HF Hub. Please set a HF_TOKEN to enable higher rate limits and faster downloads.
03:45:29.569 WARNING  Warning: You are sending unauthenticated requests to the HF Hub. Please set a HF_TOKEN to enable higher rate limits and faster downloads. (_http.py:904)
03:45:29.573 INFO     HTTP Request: HEAD https://huggingface.co/api/resolve-cache/models/meta-models/Muse-Glimmer-30B/a4e59da52a7bc87ae7251dd5545c0dd437c44b68/config.json "HTTP/1.1 200 OK" (_client.py:1025)
03:45:29.582 INFO     HTTP Request: HEAD https://huggingface.co/api/resolve-cache/models/meta-models/Muse-Glimmer-30B/a4e59da52a7bc87ae7251dd5545c0dd437c44b68/config.json "HTTP/1.1 200 OK" (_client.py:1025)
03:45:29.656 INFO     HTTP Request: HEAD https://huggingface.co/meta-models/Muse-Glimmer-30B/resolve/main/config.json "HTTP/1.1 307 Temporary Redirect" (_client.py:1025)
03:45:29.675 INFO     HTTP Request: HEAD https://huggingface.co/api/resolve-cache/models/meta-models/Muse-Glimmer-30B/a4e59da52a7bc87ae7251dd5545c0dd437c44b68/config.json "HTTP/1.1 200 OK" (_client.py:1025)
03:45:29.675 INFO     HTTP Request: HEAD https://huggingface.co/meta-models/Muse-Glimmer-30B/resolve/main/config.json "HTTP/1.1 307 Temporary Redirect" (_client.py:1025)
03:45:29.687 INFO     HTTP Request: HEAD https://huggingface.co/api/resolve-cache/models/meta-models/Muse-Glimmer-30B/a4e59da52a7bc87ae7251dd5545c0dd437c44b68/config.json "HTTP/1.1 200 OK" (_client.py:1025)
03:45:29.763 INFO     HTTP Request: HEAD https://huggingface.co/meta-models/Muse-Glimmer-30B/resolve/main/tokenizer_config.json "HTTP/1.1 307 Temporary Redirect" (_client.py:1025)
Warning: You are sending unauthenticated requests to the HF Hub. Please set a HF_TOKEN to enable higher rate limits and faster downloads.
03:45:29.763 WARNING  Warning: You are sending unauthenticated requests to the HF Hub. Please set a HF_TOKEN to enable higher rate limits and faster downloads. (_http.py:904)
03:45:29.776 INFO     HTTP Request: HEAD https://huggingface.co/meta-models/Muse-Glimmer-30B/resolve/main/tokenizer_config.json "HTTP/1.1 307 Temporary Redirect" (_client.py:1025)
03:45:29.779 INFO     HTTP Request: HEAD https://huggingface.co/api/resolve-cache/models/meta-models/Muse-Glimmer-30B/a4e59da52a7bc87ae7251dd5545c0dd437c44b68/tokenizer_config.json "HTTP/1.1 200 OK" (_client.py:1025)
03:45:29.791 INFO     HTTP Request: HEAD https://huggingface.co/api/resolve-cache/models/meta-models/Muse-Glimmer-30B/a4e59da52a7bc87ae7251dd5545c0dd437c44b68/tokenizer_config.json "HTTP/1.1 200 OK" (_client.py:1025)
03:45:29.879 INFO     HTTP Request: GET https://huggingface.co/api/models/meta-models/Muse-Glimmer-30B/tree/main/additional_chat_templates?recursive=false&expand=false "HTTP/1.1 404 Not Found" (_client.py:1025)
03:45:29.941 INFO     HTTP Request: GET https://huggingface.co/api/models/meta-models/Muse-Glimmer-30B/tree/main/additional_chat_templates?recursive=false&expand=false "HTTP/1.1 404 Not Found" (_client.py:1025)
03:45:29.969 INFO     HTTP Request: GET https://huggingface.co/api/models/meta-models/Muse-Glimmer-30B/tree/main?recursive=true&expand=false "HTTP/1.1 200 OK" (_client.py:1025)
03:45:30.031 INFO     HTTP Request: GET https://huggingface.co/api/models/meta-models/Muse-Glimmer-30B/tree/main?recursive=true&expand=false "HTTP/1.1 200 OK" (_client.py:1025)
03:45:31.714 INFO     HTTP Request: GET https://huggingface.co/api/models/meta-models/Muse-Glimmer-30B "HTTP/1.1 200 OK" (_client.py:1025)
03:45:31.756 INFO     HTTP Request: GET https://huggingface.co/api/models/meta-models/Muse-Glimmer-30B "HTTP/1.1 200 OK" (_client.py:1025)
03:45:31.766 INFO     Tokenizer(s) configured in 2.75 seconds (dataset_manager.py:244)
03:45:31.766 INFO     Configuring dataset for dataset_manager (dataset_manager.py:250)
03:45:31.808 INFO     Initialized tokenizers: {'meta-models/Muse-Glimmer-30B': {'class': 'TokenizersBackend', 'name_or_path': 'meta-models/Muse-Glimmer-30B'}} in 2.79 seconds (inference_result_parser.py:109)
03:45:31.994 INFO     Using explicit dataset format: multi_turn (custom.py:65)
03:45:32.042 INFO     Memory-mapped backing store initialized (streaming to /tmp/aiperf_mmap_7ea9a5e50e94/dataset.dat) (memory_map_utils.py:160)
03:45:32.063 INFO     Data file finalized: 500 conversations, 1.23 MB (memory_map_utils.py:288)
03:45:32.064 INFO     Index file created: /tmp/aiperf_mmap_7ea9a5e50e94/index.dat (memory_map_utils.py:295)
03:45:32.064 INFO     Backing store finalized: client_type=DatasetClientStoreType.MEMORY_MAP format=MemoryMapFormat.CONVERSATION data_file_path=PosixPath('/tmp/aiperf_mmap_7ea9a5e50e94/dataset.dat') index_file_path=PosixPath('/tmp/aiperf_mmap_7ea9a5e50e94/index.dat') conversation_count=500 total_size_bytes=1285201 compressed=False compressed_data_file_path=None compressed_index_file_path=None compressed_size_bytes=0 (dataset_manager.py:969)
03:45:32.073 INFO     sampling strategy: sequential, unique conversations: 500, unique turn count: 1783 (dataset_manager.py:987)
03:45:32.077 INFO     Generating inputs.json file at /output/inputs.json (dataset_manager.py:489)
03:45:32.083 INFO     Initialized 2 phase(s): ['Warmup', 'Profiling'] (phase_orchestrator.py:228)
03:45:32.089 INFO     inputs.json file generated in 0.01 seconds (dataset_manager.py:508)
03:45:32.227 INFO     Dataset client initialized and freed 500 conversations from memory (dataset_manager.py:327)
03:45:32.228 INFO     Dataset configured in 0.46 seconds (dataset_manager.py:263)
03:45:32.229 INFO     All services configured in 3.22 seconds (system_controller.py:316)
03:45:32.229 INFO     AIPerf System is CONFIGURED (system_controller.py:294)
03:45:32.230 INFO     All services started profiling successfully (system_controller.py:338)
03:45:32.230 INFO     AIPerf System is PROFILING (system_controller.py:296)
03:45:32.233 INFO     Creating interval generator: pattern=concurrency_burst, rate=None, smoothness=None (request_rate.py:114)
03:45:32.233 NOTICE   Phase warmup (warmup) started | phase_index=0 | target: 3 requests (runner.py:559)
03:45:32.234 INFO     Credit phase start: warmup (records_manager.py:943)
03:46:04.233 INFO     Phase warmup progress | returned=0/3 | sent=1 | in_flight=1 | errors=0 | elapsed=32.0s (runner.py:1212)
03:46:34.233 INFO     Phase warmup progress | returned=0/3 | sent=1 | in_flight=1 | errors=0 | elapsed=62.0s (runner.py:1212)
03:47:06.233 INFO     Phase warmup progress | returned=1/3 | sent=2 | in_flight=1 | errors=0 | elapsed=94.0s (runner.py:1212)
03:47:33.692 NOTICE   Phase warmup (warmup) sending complete | sent=3, completed=2, in_flight=1 | sessions: sent=2, completed=1 (runner.py:997)
03:47:36.235 INFO     Phase warmup progress | returned=2/3 | sent=3 | in_flight=1 | errors=0 | elapsed=124.0s (runner.py:1212)
03:48:06.251 INFO     Phase warmup progress | returned=2/3 | sent=3 | in_flight=1 | errors=0 | elapsed=154.0s (runner.py:1212)
03:48:31.040 NOTICE   Phase warmup (warmup) complete | completed=3, cancelled=0, errors=0 | sessions: completed=1, cancelled=0 | elapsed=178.81s (runner.py:1120)
03:48:31.041 INFO     Creating interval generator: pattern=concurrency_burst, rate=None, smoothness=None (request_rate.py:114)
03:48:31.042 NOTICE   Phase profiling (profiling) started | phase_index=1 | profiling_index=0 | target: 50 requests, 50 sessions (runner.py:559)
03:48:31.043 INFO     Credit phase start: profiling (records_manager.py:943)
