2026-08-12 17:18:02.324 - aiperf.cli_runner._single_run - INFO - Starting AIPerf System
2026-08-12 17:18:02.841 - httpx - INFO - HTTP Request: GET https://huggingface.co/api/models/nvidia/NVIDIA-Nemotron-3.5-Lightning-30B-A3B-NVFP4 "HTTP/1.1 200 OK"
2026-08-12 17:18:02.859 - aiperf.config.resolution.resolvers - INFO - [OK] Tokenizer nvidia/NVIDIA-Nemotron-3.5-Lightning-30B-A3B-NVFP4 detected
2026-08-12 17:18:02.859 - aiperf.config.resolution.resolvers - INFO - 1 tokenizer validated | 0.5s
2026-08-12 17:18:02.859 - aiperf.config.resolution.resolvers - INFO - Prefetching 1 tokenizer into HF cache...
2026-08-12 17:18:03.953 - httpx - INFO - HTTP Request: HEAD https://huggingface.co/nvidia/NVIDIA-Nemotron-3.5-Lightning-30B-A3B-NVFP4/resolve/main/config.json "HTTP/1.1 307 Temporary Redirect"
2026-08-12 17:18:03.954 - huggingface_hub.utils._http - WARNING - Warning: You are sending unauthenticated requests to the HF Hub. Please set a HF_TOKEN to enable higher rate limits and faster downloads.
2026-08-12 17:18:03.965 - httpx - INFO - HTTP Request: HEAD https://huggingface.co/api/resolve-cache/models/nvidia/NVIDIA-Nemotron-3.5-Lightning-30B-A3B-NVFP4/29f2d1746d8f41e316523194b19018707749b1b1/config.json "HTTP/1.1 200 OK"
2026-08-12 17:18:03.985 - httpx - INFO - HTTP Request: GET https://huggingface.co/api/resolve-cache/models/nvidia/NVIDIA-Nemotron-3.5-Lightning-30B-A3B-NVFP4/29f2d1746d8f41e316523194b19018707749b1b1/config.json "HTTP/1.1 200 OK"
2026-08-12 17:18:04.121 - httpx - INFO - HTTP Request: HEAD https://huggingface.co/nvidia/NVIDIA-Nemotron-3.5-Lightning-30B-A3B-NVFP4/resolve/main/tokenizer_config.json "HTTP/1.1 307 Temporary Redirect"
2026-08-12 17:18:04.134 - httpx - INFO - HTTP Request: HEAD https://huggingface.co/api/resolve-cache/models/nvidia/NVIDIA-Nemotron-3.5-Lightning-30B-A3B-NVFP4/29f2d1746d8f41e316523194b19018707749b1b1/tokenizer_config.json "HTTP/1.1 200 OK"
2026-08-12 17:18:04.148 - httpx - INFO - HTTP Request: GET https://huggingface.co/api/resolve-cache/models/nvidia/NVIDIA-Nemotron-3.5-Lightning-30B-A3B-NVFP4/29f2d1746d8f41e316523194b19018707749b1b1/tokenizer_config.json "HTTP/1.1 200 OK"
2026-08-12 17:18:04.231 - httpx - INFO - HTTP Request: GET https://huggingface.co/api/models/nvidia/NVIDIA-Nemotron-3.5-Lightning-30B-A3B-NVFP4/tree/main/additional_chat_templates?recursive=false&expand=false "HTTP/1.1 404 Not Found"
2026-08-12 17:18:04.321 - httpx - INFO - HTTP Request: GET https://huggingface.co/api/models/nvidia/NVIDIA-Nemotron-3.5-Lightning-30B-A3B-NVFP4/tree/main?recursive=true&expand=false "HTTP/1.1 200 OK"
2026-08-12 17:18:04.412 - httpx - INFO - HTTP Request: HEAD https://huggingface.co/nvidia/NVIDIA-Nemotron-3.5-Lightning-30B-A3B-NVFP4/resolve/main/tokenizer.json "HTTP/1.1 302 Found"
2026-08-12 17:18:04.503 - httpx - INFO - HTTP Request: GET https://huggingface.co/api/models/nvidia/NVIDIA-Nemotron-3.5-Lightning-30B-A3B-NVFP4/xet-read-token/29f2d1746d8f41e316523194b19018707749b1b1 "HTTP/1.1 200 OK"
2026-08-12 17:18:05.467 - httpx - INFO - HTTP Request: HEAD https://huggingface.co/nvidia/NVIDIA-Nemotron-3.5-Lightning-30B-A3B-NVFP4/resolve/main/tokenizer.model "HTTP/1.1 404 Not Found"
2026-08-12 17:18:05.554 - httpx - INFO - HTTP Request: HEAD https://huggingface.co/nvidia/NVIDIA-Nemotron-3.5-Lightning-30B-A3B-NVFP4/resolve/main/added_tokens.json "HTTP/1.1 404 Not Found"
2026-08-12 17:18:05.653 - httpx - INFO - HTTP Request: HEAD https://huggingface.co/nvidia/NVIDIA-Nemotron-3.5-Lightning-30B-A3B-NVFP4/resolve/main/special_tokens_map.json "HTTP/1.1 307 Temporary Redirect"
2026-08-12 17:18:05.665 - httpx - INFO - HTTP Request: HEAD https://huggingface.co/api/resolve-cache/models/nvidia/NVIDIA-Nemotron-3.5-Lightning-30B-A3B-NVFP4/29f2d1746d8f41e316523194b19018707749b1b1/special_tokens_map.json "HTTP/1.1 200 OK"
2026-08-12 17:18:05.677 - httpx - INFO - HTTP Request: GET https://huggingface.co/api/resolve-cache/models/nvidia/NVIDIA-Nemotron-3.5-Lightning-30B-A3B-NVFP4/29f2d1746d8f41e316523194b19018707749b1b1/special_tokens_map.json "HTTP/1.1 200 OK"
2026-08-12 17:18:05.760 - httpx - INFO - HTTP Request: HEAD https://huggingface.co/nvidia/NVIDIA-Nemotron-3.5-Lightning-30B-A3B-NVFP4/resolve/main/chat_template.jinja "HTTP/1.1 307 Temporary Redirect"
2026-08-12 17:18:05.777 - httpx - INFO - HTTP Request: HEAD https://huggingface.co/api/resolve-cache/models/nvidia/NVIDIA-Nemotron-3.5-Lightning-30B-A3B-NVFP4/29f2d1746d8f41e316523194b19018707749b1b1/chat_template.jinja "HTTP/1.1 200 OK"
2026-08-12 17:18:05.794 - httpx - INFO - HTTP Request: GET https://huggingface.co/api/resolve-cache/models/nvidia/NVIDIA-Nemotron-3.5-Lightning-30B-A3B-NVFP4/29f2d1746d8f41e316523194b19018707749b1b1/chat_template.jinja "HTTP/1.1 200 OK"
2026-08-12 17:18:06.713 - httpx - INFO - HTTP Request: GET https://huggingface.co/api/models/nvidia/NVIDIA-Nemotron-3.5-Lightning-30B-A3B-NVFP4 "HTTP/1.1 200 OK"
2026-08-12 17:18:06.753 - aiperf.config.resolution.resolvers - INFO -   Cached nvidia/NVIDIA-Nemotron-3.5-Lightning-30B-A3B-NVFP4 (3.88s)
2026-08-12 17:18:06.786 - aiperf.config.resolution.resolvers - INFO - 1 tokenizer cached • 3.9s
2026-08-12 17:18:07.181 - server_metrics_manager - INFO - Server Metrics: Discovered 1 endpoints: ['http://localhost:8000/metrics']
2026-08-12 17:18:07.245 - system_controller - INFO - Registered Gpu Telemetry Manager (id: 'gpu_telemetry_manager')
2026-08-12 17:18:07.249 - system_controller - INFO - Registered Worker Manager (id: 'worker_manager')
2026-08-12 17:18:07.269 - system_controller - INFO - Registered Dataset Manager (id: 'dataset_manager')
2026-08-12 17:18:07.271 - GPUTelemetryJSONLWriter_b08c05e7 - INFO - GPU telemetry export enabled: /output/gpu_telemetry_export.jsonl
2026-08-12 17:18:07.281 - OTelMetricsResultsProcessor_08035db1 - INFO - Telemetry streaming is disabled (set --otel-url and/or --mlflow-tracking-uri to enable)
2026-08-12 17:18:07.282 - RecordExportJSONLWriter_457ae23e - INFO - Record metrics export enabled: /output/profile_export.jsonl
2026-08-12 17:18:07.285 - system_controller - INFO - Registered Server Metrics Manager (id: 'server_metrics_manager')
2026-08-12 17:18:07.390 - system_controller - INFO - Registered Records Manager (id: 'records_manager')
2026-08-12 17:18:07.408 - system_controller - INFO - Registered Record Processor (id: 'record_processor_ce80dfea')
2026-08-12 17:18:07.424 - system_controller - INFO - Registered Timing Manager (id: 'timing_manager')
2026-08-12 17:18:07.537 - system_controller - INFO - Registered Worker (id: 'worker_fae7910f')
2026-08-12 17:18:07.628 - system_controller - INFO - AIPerf System is CONFIGURING
2026-08-12 17:18:07.628 - system_controller - INFO - Configuring all services to start profiling
2026-08-12 17:18:07.630 - timing_manager - INFO - Waiting for dataset to be configured before configuring timing
2026-08-12 17:18:07.630 - InferenceResultParser_5fe6db73 - INFO - Configuring tokenizers for inference result parser (resolve_alias: True)
2026-08-12 17:18:07.631 - dataset_manager - INFO - Configuring tokenizer(s) for dataset manager
2026-08-12 17:18:07.638 - server_metrics_manager - INFO - Server Metrics: Capturing baseline metrics...
2026-08-12 17:18:07.649 - http://localhost:8000/metrics - INFO - Skipping unsupported summary metric: http_request_size_bytes
2026-08-12 17:18:07.649 - http://localhost:8000/metrics - INFO - Skipping unsupported summary metric: http_response_size_bytes
2026-08-12 17:18:07.650 - system_controller - INFO - Server metrics enabled - 1/1 endpoint(s) reachable.
2026-08-12 17:18:07.651 - system_controller - INFO - Waiting for result domains: profile, server_metrics, telemetry
2026-08-12 17:18:07.660 - gpu_telemetry_manager - INFO - GPU Telemetry: Capturing baseline metrics from pynvml://localhost
2026-08-12 17:18:07.669 - pynvml_collector - INFO - PyNVML initialized with 1 GPU(s) (0 with GPM support)
2026-08-12 17:18:07.686 - system_controller - INFO - DCGM telemetry enabled - 1/1 endpoint(s) reachable
2026-08-12 17:18:08.151 - httpx - INFO - HTTP Request: HEAD https://huggingface.co/nvidia/NVIDIA-Nemotron-3.5-Lightning-30B-A3B-NVFP4/resolve/main/config.json "HTTP/1.1 307 Temporary Redirect"
2026-08-12 17:18:08.151 - huggingface_hub.utils._http - WARNING - Warning: You are sending unauthenticated requests to the HF Hub. Please set a HF_TOKEN to enable higher rate limits and faster downloads.
2026-08-12 17:18:08.164 - httpx - INFO - HTTP Request: HEAD https://huggingface.co/api/resolve-cache/models/nvidia/NVIDIA-Nemotron-3.5-Lightning-30B-A3B-NVFP4/29f2d1746d8f41e316523194b19018707749b1b1/config.json "HTTP/1.1 200 OK"
2026-08-12 17:18:08.174 - httpx - INFO - HTTP Request: HEAD https://huggingface.co/nvidia/NVIDIA-Nemotron-3.5-Lightning-30B-A3B-NVFP4/resolve/main/config.json "HTTP/1.1 307 Temporary Redirect"
2026-08-12 17:18:08.175 - huggingface_hub.utils._http - WARNING - Warning: You are sending unauthenticated requests to the HF Hub. Please set a HF_TOKEN to enable higher rate limits and faster downloads.
2026-08-12 17:18:08.186 - httpx - INFO - HTTP Request: HEAD https://huggingface.co/api/resolve-cache/models/nvidia/NVIDIA-Nemotron-3.5-Lightning-30B-A3B-NVFP4/29f2d1746d8f41e316523194b19018707749b1b1/config.json "HTTP/1.1 200 OK"
2026-08-12 17:18:08.294 - httpx - INFO - HTTP Request: HEAD https://huggingface.co/nvidia/NVIDIA-Nemotron-3.5-Lightning-30B-A3B-NVFP4/resolve/main/tokenizer_config.json "HTTP/1.1 307 Temporary Redirect"
2026-08-12 17:18:08.307 - httpx - INFO - HTTP Request: HEAD https://huggingface.co/api/resolve-cache/models/nvidia/NVIDIA-Nemotron-3.5-Lightning-30B-A3B-NVFP4/29f2d1746d8f41e316523194b19018707749b1b1/tokenizer_config.json "HTTP/1.1 200 OK"
2026-08-12 17:18:08.322 - httpx - INFO - HTTP Request: HEAD https://huggingface.co/nvidia/NVIDIA-Nemotron-3.5-Lightning-30B-A3B-NVFP4/resolve/main/tokenizer_config.json "HTTP/1.1 307 Temporary Redirect"
2026-08-12 17:18:08.333 - httpx - INFO - HTTP Request: HEAD https://huggingface.co/api/resolve-cache/models/nvidia/NVIDIA-Nemotron-3.5-Lightning-30B-A3B-NVFP4/29f2d1746d8f41e316523194b19018707749b1b1/tokenizer_config.json "HTTP/1.1 200 OK"
2026-08-12 17:18:08.417 - httpx - INFO - HTTP Request: GET https://huggingface.co/api/models/nvidia/NVIDIA-Nemotron-3.5-Lightning-30B-A3B-NVFP4/tree/main/additional_chat_templates?recursive=false&expand=false "HTTP/1.1 404 Not Found"
2026-08-12 17:18:08.441 - httpx - INFO - HTTP Request: GET https://huggingface.co/api/models/nvidia/NVIDIA-Nemotron-3.5-Lightning-30B-A3B-NVFP4/tree/main/additional_chat_templates?recursive=false&expand=false "HTTP/1.1 404 Not Found"
2026-08-12 17:18:08.512 - httpx - INFO - HTTP Request: GET https://huggingface.co/api/models/nvidia/NVIDIA-Nemotron-3.5-Lightning-30B-A3B-NVFP4/tree/main?recursive=true&expand=false "HTTP/1.1 200 OK"
2026-08-12 17:18:08.530 - httpx - INFO - HTTP Request: GET https://huggingface.co/api/models/nvidia/NVIDIA-Nemotron-3.5-Lightning-30B-A3B-NVFP4/tree/main?recursive=true&expand=false "HTTP/1.1 200 OK"
2026-08-12 17:18:09.412 - httpx - INFO - HTTP Request: GET https://huggingface.co/api/models/nvidia/NVIDIA-Nemotron-3.5-Lightning-30B-A3B-NVFP4 "HTTP/1.1 200 OK"
2026-08-12 17:18:09.415 - httpx - INFO - HTTP Request: GET https://huggingface.co/api/models/nvidia/NVIDIA-Nemotron-3.5-Lightning-30B-A3B-NVFP4 "HTTP/1.1 200 OK"
2026-08-12 17:18:09.432 - InferenceResultParser_5fe6db73 - INFO - Initialized tokenizers: {'nvidia/NVIDIA-Nemotron-3.5-Lightning-30B-A3B-NVFP4': {'class': 'TokenizersBackend', 'name_or_path': 'nvidia/NVIDIA-Nemotron-3.5-Lightning-30B-A3B-NVFP4'}} in 1.80 seconds
2026-08-12 17:18:09.441 - dataset_manager - INFO - Tokenizer(s) configured in 1.81 seconds
2026-08-12 17:18:09.441 - dataset_manager - INFO - Configuring dataset for dataset_manager
2026-08-12 17:18:09.694 - CustomDatasetComposer - INFO - Using explicit dataset format: multi_turn
2026-08-12 17:18:09.759 - MemoryMapDatasetBackingStore_dc51a6a6 - INFO - Memory-mapped backing store initialized (streaming to /tmp/aiperf_mmap_e7f492a1b6a8/dataset.dat)
2026-08-12 17:18:09.775 - MemoryMapDatasetBackingStore_dc51a6a6 - INFO - Data file finalized: 500 conversations, 1.26 MB
2026-08-12 17:18:09.776 - MemoryMapDatasetBackingStore_dc51a6a6 - INFO - Index file created: /tmp/aiperf_mmap_e7f492a1b6a8/index.dat
2026-08-12 17:18:09.776 - dataset_manager - INFO - Backing store finalized: client_type=DatasetClientStoreType.MEMORY_MAP format=MemoryMapFormat.CONVERSATION data_file_path=PosixPath('/tmp/aiperf_mmap_e7f492a1b6a8/dataset.dat') index_file_path=PosixPath('/tmp/aiperf_mmap_e7f492a1b6a8/index.dat') conversation_count=500 total_size_bytes=1324427 compressed=False compressed_data_file_path=None compressed_index_file_path=None compressed_size_bytes=0
2026-08-12 17:18:09.785 - dataset_manager - INFO - sampling strategy: sequential, unique conversations: 500, unique turn count: 1783
2026-08-12 17:18:09.789 - dataset_manager - INFO - Generating inputs.json file at /output/inputs.json
2026-08-12 17:18:09.799 - PhaseOrchestrator_79af02ab - INFO - Initialized 2 phase(s): ['Warmup', 'Profiling']
2026-08-12 17:18:09.803 - dataset_manager - INFO - inputs.json file generated in 0.01 seconds
2026-08-12 17:18:09.915 - dataset_manager - INFO - Dataset client initialized and freed 500 conversations from memory
2026-08-12 17:18:09.915 - dataset_manager - INFO - Dataset configured in 0.47 seconds
2026-08-12 17:18:09.916 - system_controller - INFO - All services configured in 2.29 seconds
2026-08-12 17:18:09.916 - system_controller - INFO - AIPerf System is CONFIGURED
2026-08-12 17:18:09.917 - server_metrics_manager - INFO - Server Metrics: Started 1 collector(s) successfully
2026-08-12 17:18:09.918 - system_controller - INFO - All services started profiling successfully
2026-08-12 17:18:09.918 - system_controller - INFO - AIPerf System is PROFILING
2026-08-12 17:18:09.924 - RateTiming - INFO - Creating interval generator: pattern=concurrency_burst, rate=None, smoothness=None
2026-08-12 17:18:09.924 - PhaseRunner - NOTICE - Phase warmup (warmup) started | phase_index=0 | target: 3 requests
2026-08-12 17:18:09.925 - records_manager - INFO - Credit phase start: warmup
2026-08-12 17:18:19.414 - PhaseRunner - NOTICE - Phase warmup (warmup) sending complete | sent=3, completed=2, in_flight=1 | sessions: sent=2, completed=1
2026-08-12 17:18:24.079 - PhaseRunner - NOTICE - Phase warmup (warmup) complete | completed=3, cancelled=0, errors=0 | sessions: completed=1, cancelled=0 | elapsed=14.15s
2026-08-12 17:18:24.079 - RateTiming - INFO - Creating interval generator: pattern=concurrency_burst, rate=None, smoothness=None
2026-08-12 17:18:24.079 - PhaseRunner - NOTICE - Phase profiling (profiling) started | phase_index=1 | profiling_index=0 | target: 50 requests, 50 sessions
2026-08-12 17:18:24.080 - server_metrics_manager - INFO - Server Metrics: Warmup complete, capturing final warmup metrics...
2026-08-12 17:18:24.080 - records_manager - INFO - Credit phase start: profiling
2026-08-12 17:22:53.531 - PhaseRunner - NOTICE - Phase profiling (profiling) sending complete | sent=50, completed=49, in_flight=1 | sessions: sent=15, completed=14
2026-08-12 17:22:53.536 - records_manager - INFO - Sent 50 requests. Waiting for all to complete...
2026-08-12 17:22:59.792 - PhaseRunner - NOTICE - Phase profiling (profiling) complete | completed=50, cancelled=0, errors=0 | sessions: completed=15, cancelled=0 | elapsed=275.71s
2026-08-12 17:22:59.792 - PhaseOrchestrator_79af02ab - NOTICE - All credits completed
2026-08-12 17:22:59.795 - records_manager - INFO - Received CREDIT_PHASE_COMPLETE message, Phase complete: PhaseRecordsStats(phase=CreditPhase.PROFILING, phase_index=1, profiling_index=0, phase_name='profiling', phase_kind='profiling', start_ns=1786555104079936731, sent_end_ns=1786555373531322002, requests_end_ns=1786555379791772929, baseline_start_ns=1786555104079929292, baseline_end_ns=1786555379791779057, total_expected_requests=50, expected_duration_sec=None, expected_num_sessions=None, expected_grace_period_sec=None, final_requests_sent=None, final_requests_completed=50, final_requests_cancelled=0, final_request_errors=0, final_sent_sessions=None, final_completed_sessions=None, final_cancelled_sessions=None, timeout_triggered=False, grace_period_timeout_triggered=False, was_cancelled=False, records_end_ns=None, success_records=49, error_records=0)
2026-08-12 17:22:59.795 - records_manager - NOTICE - All requests have completed, please wait for the results to be processed (currently 49 of 50 records processed)...
2026-08-12 17:22:59.796 - system_controller - INFO - Received credits complete from 'timing_manager'
2026-08-12 17:22:59.797 - records_manager - INFO - All credits complete, please wait for the results to be processed...
2026-08-12 17:22:59.806 - records_manager - INFO - Processed 50 valid requests and 0 errors (50 total).
2026-08-12 17:22:59.806 - records_manager - INFO - Received all records, processing now...
2026-08-12 17:22:59.810 - server_metrics_manager - INFO - Server Metrics: Profiling complete, capturing final metrics...
2026-08-12 17:22:59.812 - records_manager - INFO - Waiting 2.0s for server metrics flush period...
2026-08-12 17:22:59.811 - gpu_telemetry_manager - INFO - GPU Telemetry: Profiling complete, capturing final metrics...
2026-08-12 17:23:01.792 - records_manager - INFO - Processing records results...
2026-08-12 17:23:02.383 - system_controller - INFO - Waiting for result domains: server_metrics, telemetry
2026-08-12 17:23:02.384 - system_controller - INFO - Waiting for result domains: server_metrics
2026-08-12 17:23:02.598 - records_manager - INFO - _finalize_and_process_results completed
2026-08-12 17:23:02.603 - system_controller - INFO - All results received, initiating shutdown
2026-08-12 17:23:03.220 - ExporterManager - INFO - Exporting all records
2026-08-12 17:23:03.345 - ExporterManager - INFO - Exporting console data
