2026-08-11 05:10:35.179 - aiperf.cli_runner._single_run - INFO - Starting AIPerf System
2026-08-11 05:10:35.643 - httpx - INFO - HTTP Request: GET https://huggingface.co/api/models/meta-models/Muse-Glimmer-30B "HTTP/1.1 200 OK"
2026-08-11 05:10:35.649 - aiperf.config.resolution.resolvers - INFO - [OK] Tokenizer meta-models/Muse-Glimmer-30B detected
2026-08-11 05:10:35.649 - aiperf.config.resolution.resolvers - INFO - 1 tokenizer validated | 0.5s
2026-08-11 05:10:35.649 - aiperf.config.resolution.resolvers - INFO - Prefetching 1 tokenizer into HF cache...
2026-08-11 05:10:36.455 - httpx - INFO - HTTP Request: HEAD https://huggingface.co/meta-models/Muse-Glimmer-30B/resolve/main/config.json "HTTP/1.1 307 Temporary Redirect"
2026-08-11 05:10:36.455 - huggingface_hub.utils._http - WARNING - Warning: You are sending unauthenticated requests to the HF Hub. Please set a HF_TOKEN to enable higher rate limits and faster downloads.
2026-08-11 05:10:36.465 - httpx - INFO - HTTP Request: HEAD https://huggingface.co/api/resolve-cache/models/meta-models/Muse-Glimmer-30B/97c77dff50b2797bcc558fa2d909761dbc575c59/config.json "HTTP/1.1 200 OK"
2026-08-11 05:10:36.482 - httpx - INFO - HTTP Request: GET https://huggingface.co/api/resolve-cache/models/meta-models/Muse-Glimmer-30B/97c77dff50b2797bcc558fa2d909761dbc575c59/config.json "HTTP/1.1 200 OK"
2026-08-11 05:10:36.566 - httpx - INFO - HTTP Request: HEAD https://huggingface.co/meta-models/Muse-Glimmer-30B/resolve/main/config.json "HTTP/1.1 307 Temporary Redirect"
2026-08-11 05:10:36.579 - httpx - INFO - HTTP Request: HEAD https://huggingface.co/api/resolve-cache/models/meta-models/Muse-Glimmer-30B/97c77dff50b2797bcc558fa2d909761dbc575c59/config.json "HTTP/1.1 200 OK"
2026-08-11 05:10:36.665 - httpx - INFO - HTTP Request: HEAD https://huggingface.co/meta-models/Muse-Glimmer-30B/resolve/main/tokenizer_config.json "HTTP/1.1 307 Temporary Redirect"
2026-08-11 05:10:36.677 - httpx - INFO - HTTP Request: HEAD https://huggingface.co/api/resolve-cache/models/meta-models/Muse-Glimmer-30B/97c77dff50b2797bcc558fa2d909761dbc575c59/tokenizer_config.json "HTTP/1.1 200 OK"
2026-08-11 05:10:36.690 - httpx - INFO - HTTP Request: GET https://huggingface.co/api/resolve-cache/models/meta-models/Muse-Glimmer-30B/97c77dff50b2797bcc558fa2d909761dbc575c59/tokenizer_config.json "HTTP/1.1 200 OK"
2026-08-11 05:10:36.777 - httpx - INFO - HTTP Request: GET https://huggingface.co/api/models/meta-models/Muse-Glimmer-30B/tree/main/additional_chat_templates?recursive=false&expand=false "HTTP/1.1 404 Not Found"
2026-08-11 05:10:36.861 - httpx - INFO - HTTP Request: GET https://huggingface.co/api/models/meta-models/Muse-Glimmer-30B/tree/main?recursive=true&expand=false "HTTP/1.1 200 OK"
2026-08-11 05:10:36.955 - httpx - INFO - HTTP Request: HEAD https://huggingface.co/meta-models/Muse-Glimmer-30B/resolve/main/tokenizer.json "HTTP/1.1 302 Found"
2026-08-11 05:10:37.050 - httpx - INFO - HTTP Request: GET https://huggingface.co/api/models/meta-models/Muse-Glimmer-30B/xet-read-token/97c77dff50b2797bcc558fa2d909761dbc575c59 "HTTP/1.1 200 OK"
2026-08-11 05:10:38.083 - httpx - INFO - HTTP Request: HEAD https://huggingface.co/meta-models/Muse-Glimmer-30B/resolve/main/tokenizer.model "HTTP/1.1 404 Not Found"
2026-08-11 05:10:38.176 - httpx - INFO - HTTP Request: HEAD https://huggingface.co/meta-models/Muse-Glimmer-30B/resolve/main/added_tokens.json "HTTP/1.1 404 Not Found"
2026-08-11 05:10:38.263 - httpx - INFO - HTTP Request: HEAD https://huggingface.co/meta-models/Muse-Glimmer-30B/resolve/main/special_tokens_map.json "HTTP/1.1 404 Not Found"
2026-08-11 05:10:38.372 - httpx - INFO - HTTP Request: HEAD https://huggingface.co/meta-models/Muse-Glimmer-30B/resolve/main/chat_template.jinja "HTTP/1.1 307 Temporary Redirect"
2026-08-11 05:10:38.386 - httpx - INFO - HTTP Request: HEAD https://huggingface.co/api/resolve-cache/models/meta-models/Muse-Glimmer-30B/97c77dff50b2797bcc558fa2d909761dbc575c59/chat_template.jinja "HTTP/1.1 200 OK"
2026-08-11 05:10:38.399 - httpx - INFO - HTTP Request: GET https://huggingface.co/api/resolve-cache/models/meta-models/Muse-Glimmer-30B/97c77dff50b2797bcc558fa2d909761dbc575c59/chat_template.jinja "HTTP/1.1 200 OK"
2026-08-11 05:10:40.044 - httpx - INFO - HTTP Request: GET https://huggingface.co/api/models/meta-models/Muse-Glimmer-30B "HTTP/1.1 200 OK"
2026-08-11 05:10:40.128 - aiperf.config.resolution.resolvers - INFO -   Cached meta-models/Muse-Glimmer-30B (4.46s)
2026-08-11 05:10:40.185 - aiperf.config.resolution.resolvers - INFO - 1 tokenizer cached • 4.5s
2026-08-11 05:10:40.593 - server_metrics_manager - INFO - Server Metrics: Discovered 1 endpoints: ['http://localhost:80/metrics']
2026-08-11 05:10:40.626 - GPUTelemetryJSONLWriter_2b3cfd83 - INFO - GPU telemetry export enabled: /output/gpu_telemetry_export.jsonl
2026-08-11 05:10:40.635 - OTelMetricsResultsProcessor_b182240e - INFO - Telemetry streaming is disabled (set --otel-url and/or --mlflow-tracking-uri to enable)
2026-08-11 05:10:40.638 - RecordExportJSONLWriter_281723ff - INFO - Record metrics export enabled: /output/profile_export.jsonl
2026-08-11 05:10:40.657 - system_controller - INFO - Registered Worker Manager (id: 'worker_manager')
2026-08-11 05:10:40.682 - system_controller - INFO - Registered Gpu Telemetry Manager (id: 'gpu_telemetry_manager')
2026-08-11 05:10:40.682 - system_controller - INFO - Registered Dataset Manager (id: 'dataset_manager')
2026-08-11 05:10:40.698 - system_controller - INFO - Registered Server Metrics Manager (id: 'server_metrics_manager')
2026-08-11 05:10:40.749 - system_controller - INFO - Registered Records Manager (id: 'records_manager')
2026-08-11 05:10:40.827 - system_controller - INFO - Registered Record Processor (id: 'record_processor_bb0e8679')
2026-08-11 05:10:40.884 - system_controller - INFO - Registered Timing Manager (id: 'timing_manager')
2026-08-11 05:10:40.989 - system_controller - INFO - Registered Worker (id: 'worker_0db76f1e')
2026-08-11 05:10:40.990 - system_controller - INFO - Registered Worker (id: 'worker_9625a2bd')
2026-08-11 05:10:41.002 - system_controller - INFO - Registered Worker (id: 'worker_5b6a2196')
2026-08-11 05:10:41.006 - system_controller - INFO - Registered Worker (id: 'worker_5d083651')
2026-08-11 05:10:41.043 - system_controller - INFO - AIPerf System is CONFIGURING
2026-08-11 05:10:41.043 - system_controller - INFO - Configuring all services to start profiling
2026-08-11 05:10:41.045 - timing_manager - INFO - Waiting for dataset to be configured before configuring timing
2026-08-11 05:10:41.045 - InferenceResultParser_e424e99f - INFO - Configuring tokenizers for inference result parser (resolve_alias: True)
2026-08-11 05:10:41.046 - dataset_manager - INFO - Configuring tokenizer(s) for dataset manager
2026-08-11 05:10:41.050 - system_controller - INFO - Server metrics disabled - no Prometheus endpoints reachable
2026-08-11 05:10:41.051 - system_controller - INFO - Waiting for result domains: profile, telemetry
2026-08-11 05:10:41.077 - gpu_telemetry_manager - INFO - GPU Telemetry: Capturing baseline metrics from pynvml://localhost
2026-08-11 05:10:41.087 - pynvml_collector - INFO - PyNVML initialized with 1 GPU(s) (0 with GPM support)
2026-08-11 05:10:41.103 - system_controller - INFO - DCGM telemetry enabled - 1/1 endpoint(s) reachable
2026-08-11 05:10:41.606 - httpx - INFO - HTTP Request: HEAD https://huggingface.co/meta-models/Muse-Glimmer-30B/resolve/main/config.json "HTTP/1.1 307 Temporary Redirect"
2026-08-11 05:10:41.607 - huggingface_hub.utils._http - WARNING - Warning: You are sending unauthenticated requests to the HF Hub. Please set a HF_TOKEN to enable higher rate limits and faster downloads.
2026-08-11 05:10:41.618 - httpx - INFO - HTTP Request: HEAD https://huggingface.co/meta-models/Muse-Glimmer-30B/resolve/main/config.json "HTTP/1.1 307 Temporary Redirect"
2026-08-11 05:10:41.618 - httpx - INFO - HTTP Request: HEAD https://huggingface.co/api/resolve-cache/models/meta-models/Muse-Glimmer-30B/97c77dff50b2797bcc558fa2d909761dbc575c59/config.json "HTTP/1.1 200 OK"
2026-08-11 05:10:41.629 - httpx - INFO - HTTP Request: HEAD https://huggingface.co/api/resolve-cache/models/meta-models/Muse-Glimmer-30B/97c77dff50b2797bcc558fa2d909761dbc575c59/config.json "HTTP/1.1 200 OK"
2026-08-11 05:10:41.697 - httpx - INFO - HTTP Request: HEAD https://huggingface.co/meta-models/Muse-Glimmer-30B/resolve/main/config.json "HTTP/1.1 307 Temporary Redirect"
2026-08-11 05:10:41.709 - httpx - INFO - HTTP Request: HEAD https://huggingface.co/meta-models/Muse-Glimmer-30B/resolve/main/config.json "HTTP/1.1 307 Temporary Redirect"
2026-08-11 05:10:41.709 - huggingface_hub.utils._http - WARNING - Warning: You are sending unauthenticated requests to the HF Hub. Please set a HF_TOKEN to enable higher rate limits and faster downloads.
2026-08-11 05:10:41.711 - httpx - INFO - HTTP Request: HEAD https://huggingface.co/api/resolve-cache/models/meta-models/Muse-Glimmer-30B/97c77dff50b2797bcc558fa2d909761dbc575c59/config.json "HTTP/1.1 200 OK"
2026-08-11 05:10:41.721 - httpx - INFO - HTTP Request: HEAD https://huggingface.co/api/resolve-cache/models/meta-models/Muse-Glimmer-30B/97c77dff50b2797bcc558fa2d909761dbc575c59/config.json "HTTP/1.1 200 OK"
2026-08-11 05:10:41.804 - httpx - INFO - HTTP Request: HEAD https://huggingface.co/meta-models/Muse-Glimmer-30B/resolve/main/tokenizer_config.json "HTTP/1.1 307 Temporary Redirect"
2026-08-11 05:10:41.810 - httpx - INFO - HTTP Request: HEAD https://huggingface.co/meta-models/Muse-Glimmer-30B/resolve/main/tokenizer_config.json "HTTP/1.1 307 Temporary Redirect"
2026-08-11 05:10:41.818 - httpx - INFO - HTTP Request: HEAD https://huggingface.co/api/resolve-cache/models/meta-models/Muse-Glimmer-30B/97c77dff50b2797bcc558fa2d909761dbc575c59/tokenizer_config.json "HTTP/1.1 200 OK"
2026-08-11 05:10:41.824 - httpx - INFO - HTTP Request: HEAD https://huggingface.co/api/resolve-cache/models/meta-models/Muse-Glimmer-30B/97c77dff50b2797bcc558fa2d909761dbc575c59/tokenizer_config.json "HTTP/1.1 200 OK"
2026-08-11 05:10:41.906 - httpx - INFO - HTTP Request: GET https://huggingface.co/api/models/meta-models/Muse-Glimmer-30B/tree/main/additional_chat_templates?recursive=false&expand=false "HTTP/1.1 404 Not Found"
2026-08-11 05:10:41.907 - httpx - INFO - HTTP Request: GET https://huggingface.co/api/models/meta-models/Muse-Glimmer-30B/tree/main/additional_chat_templates?recursive=false&expand=false "HTTP/1.1 404 Not Found"
2026-08-11 05:10:42.001 - httpx - INFO - HTTP Request: GET https://huggingface.co/api/models/meta-models/Muse-Glimmer-30B/tree/main?recursive=true&expand=false "HTTP/1.1 200 OK"
2026-08-11 05:10:42.004 - httpx - INFO - HTTP Request: GET https://huggingface.co/api/models/meta-models/Muse-Glimmer-30B/tree/main?recursive=true&expand=false "HTTP/1.1 200 OK"
2026-08-11 05:10:43.743 - httpx - INFO - HTTP Request: GET https://huggingface.co/api/models/meta-models/Muse-Glimmer-30B "HTTP/1.1 200 OK"
2026-08-11 05:10:43.743 - httpx - INFO - HTTP Request: GET https://huggingface.co/api/models/meta-models/Muse-Glimmer-30B "HTTP/1.1 200 OK"
2026-08-11 05:10:43.801 - dataset_manager - INFO - Tokenizer(s) configured in 2.75 seconds
2026-08-11 05:10:43.801 - InferenceResultParser_e424e99f - INFO - Initialized tokenizers: {'meta-models/Muse-Glimmer-30B': {'class': 'TokenizersBackend', 'name_or_path': 'meta-models/Muse-Glimmer-30B'}} in 2.76 seconds
2026-08-11 05:10:43.801 - dataset_manager - INFO - Configuring dataset for dataset_manager
2026-08-11 05:10:44.105 - CustomDatasetComposer - INFO - Using explicit dataset format: multi_turn
2026-08-11 05:10:44.171 - MemoryMapDatasetBackingStore_b1d175bc - INFO - Memory-mapped backing store initialized (streaming to /tmp/aiperf_mmap_7caf1c017df7/dataset.dat)
2026-08-11 05:10:44.186 - MemoryMapDatasetBackingStore_b1d175bc - INFO - Data file finalized: 500 conversations, 1.25 MB
2026-08-11 05:10:44.186 - MemoryMapDatasetBackingStore_b1d175bc - INFO - Index file created: /tmp/aiperf_mmap_7caf1c017df7/index.dat
2026-08-11 05:10:44.186 - dataset_manager - INFO - Backing store finalized: client_type=DatasetClientStoreType.MEMORY_MAP format=MemoryMapFormat.CONVERSATION data_file_path=PosixPath('/tmp/aiperf_mmap_7caf1c017df7/dataset.dat') index_file_path=PosixPath('/tmp/aiperf_mmap_7caf1c017df7/index.dat') conversation_count=500 total_size_bytes=1314418 compressed=False compressed_data_file_path=None compressed_index_file_path=None compressed_size_bytes=0
2026-08-11 05:10:44.195 - dataset_manager - INFO - sampling strategy: sequential, unique conversations: 500, unique turn count: 1783
2026-08-11 05:10:44.199 - dataset_manager - INFO - Generating inputs.json file at /output/inputs.json
2026-08-11 05:10:44.209 - PhaseOrchestrator_066261db - INFO - Initialized 2 phase(s): ['Warmup', 'Profiling']
2026-08-11 05:10:44.211 - dataset_manager - INFO - inputs.json file generated in 0.01 seconds
2026-08-11 05:10:44.329 - dataset_manager - INFO - Dataset client initialized and freed 500 conversations from memory
2026-08-11 05:10:44.329 - dataset_manager - INFO - Dataset configured in 0.53 seconds
2026-08-11 05:10:44.330 - system_controller - INFO - All services configured in 3.29 seconds
2026-08-11 05:10:44.330 - system_controller - INFO - AIPerf System is CONFIGURED
2026-08-11 05:10:44.332 - system_controller - INFO - All services started profiling successfully
2026-08-11 05:10:44.332 - system_controller - INFO - AIPerf System is PROFILING
2026-08-11 05:10:44.336 - RateTiming - INFO - Creating interval generator: pattern=concurrency_burst, rate=None, smoothness=None
2026-08-11 05:10:44.337 - PhaseRunner - NOTICE - Phase warmup (warmup) started | phase_index=0 | target: 3 requests
2026-08-11 05:10:44.337 - PhaseRunner - NOTICE - Phase warmup (warmup) sending complete | sent=3, completed=0, in_flight=3 | sessions: sent=3, completed=0
2026-08-11 05:10:44.338 - records_manager - INFO - Credit phase start: warmup
2026-08-11 05:11:02.430 - PhaseRunner - NOTICE - Phase warmup (warmup) complete | completed=3, cancelled=0, errors=0 | sessions: completed=1, cancelled=0 | elapsed=18.09s
2026-08-11 05:11:02.432 - RateTiming - INFO - Creating interval generator: pattern=concurrency_burst, rate=None, smoothness=None
2026-08-11 05:11:02.432 - PhaseRunner - NOTICE - Phase profiling (profiling) started | phase_index=1 | profiling_index=0 | target: 50 requests, 50 sessions
2026-08-11 05:11:02.433 - records_manager - INFO - Credit phase start: profiling
2026-08-11 05:11:05.289 - aiperf.metrics.types.osl_mismatch_metrics - WARNING - OSL mismatch: got 26 tokens (requested 29, diff -10.3%)
2026-08-11 05:11:08.148 - aiperf.metrics.types.osl_mismatch_metrics - WARNING - OSL mismatch: got 46 tokens (requested 49, diff -6.1%)
2026-08-11 05:11:11.287 - aiperf.metrics.types.osl_mismatch_metrics - WARNING - OSL mismatch: got 18 tokens (requested 194, diff -90.7%)
2026-08-11 05:11:13.829 - aiperf.metrics.types.osl_mismatch_metrics - WARNING - OSL mismatch: got 17 tokens (requested 196, diff -91.3%)
2026-08-11 05:11:19.358 - aiperf.metrics.types.osl_mismatch_metrics - WARNING - OSL mismatch: got 11 tokens (requested 113, diff -90.3%)
2026-08-11 05:11:21.056 - aiperf.metrics.types.osl_mismatch_metrics - WARNING - OSL mismatch: got 9 tokens (requested 125, diff -92.8%)
2026-08-11 05:11:36.228 - aiperf.metrics.types.osl_mismatch_metrics - WARNING - OSL mismatch: got 12 tokens (requested 164, diff -92.7%)
2026-08-11 05:12:17.940 - aiperf.metrics.types.osl_mismatch_metrics - WARNING - OSL mismatch: got 19 tokens (requested 126, diff -84.9%)
2026-08-11 05:12:27.040 - aiperf.metrics.types.osl_mismatch_metrics - WARNING - OSL mismatch: got 95 tokens (requested 168, diff -43.5%)
2026-08-11 05:13:03.659 - aiperf.metrics.types.osl_mismatch_metrics - WARNING - OSL mismatch: got 136 tokens (requested 160, diff -15.0%)
2026-08-11 05:13:15.241 - aiperf.metrics.types.osl_mismatch_metrics - WARNING - OSL mismatch: got 19 tokens (requested 124, diff -84.7%)
2026-08-11 05:13:31.021 - PhaseRunner - NOTICE - Phase profiling (profiling) sending complete | sent=50, completed=46, in_flight=4 | sessions: sent=17, completed=13
2026-08-11 05:13:31.023 - records_manager - INFO - Sent 50 requests. Waiting for all to complete...
2026-08-11 05:13:44.258 - PhaseRunner - NOTICE - Phase profiling (profiling) complete | completed=50, cancelled=0, errors=0 | sessions: completed=13, cancelled=0 | elapsed=161.83s
2026-08-11 05:13:44.258 - PhaseOrchestrator_066261db - NOTICE - All credits completed
2026-08-11 05:13:44.259 - system_controller - INFO - Received credits complete from 'timing_manager'
2026-08-11 05:13:44.259 - records_manager - INFO - Received CREDIT_PHASE_COMPLETE message, Phase complete: PhaseRecordsStats(phase=CreditPhase.PROFILING, phase_index=1, profiling_index=0, phase_name='profiling', phase_kind='profiling', start_ns=1786425062432470091, sent_end_ns=1786425211021816171, requests_end_ns=1786425224257516382, baseline_start_ns=1786425062432455610, baseline_end_ns=1786425224257536206, total_expected_requests=50, expected_duration_sec=None, expected_num_sessions=None, expected_grace_period_sec=None, final_requests_sent=None, final_requests_completed=50, final_requests_cancelled=0, final_request_errors=0, final_sent_sessions=None, final_completed_sessions=None, final_cancelled_sessions=None, timeout_triggered=False, grace_period_timeout_triggered=False, was_cancelled=False, records_end_ns=None, success_records=49, error_records=0)
2026-08-11 05:13:44.259 - records_manager - NOTICE - All requests have completed, please wait for the results to be processed (currently 49 of 50 records processed)...
2026-08-11 05:13:44.260 - records_manager - INFO - All credits complete, please wait for the results to be processed...
2026-08-11 05:13:44.264 - records_manager - INFO - Processed 50 valid requests and 0 errors (50 total).
2026-08-11 05:13:44.265 - records_manager - INFO - Received all records, processing now...
2026-08-11 05:13:44.266 - gpu_telemetry_manager - INFO - GPU Telemetry: Profiling complete, capturing final metrics...
2026-08-11 05:13:44.267 - records_manager - INFO - Waiting 2.0s for server metrics flush period...
2026-08-11 05:13:46.258 - records_manager - INFO - Processing records results...
2026-08-11 05:13:46.337 - system_controller - INFO - Waiting for result domains: telemetry
2026-08-11 05:13:46.338 - system_controller - INFO - All results received, initiating shutdown
2026-08-11 05:13:46.339 - records_manager - INFO - _finalize_and_process_results completed
2026-08-11 05:13:46.941 - ExporterManager - INFO - Exporting all records
2026-08-11 05:13:46.980 - ExporterManager - INFO - Exporting console data
