2026-08-11 21:56:02.182 - aiperf.cli_runner._single_run - INFO - Starting AIPerf System
2026-08-11 21:56:02.666 - httpx - INFO - HTTP Request: GET https://huggingface.co/api/models/nvidia/NVIDIA-Nemotron-3.5-Lightning-30B-A3B-NVFP4 "HTTP/1.1 200 OK"
2026-08-11 21:56:02.682 - aiperf.config.resolution.resolvers - INFO - [OK] Tokenizer nvidia/NVIDIA-Nemotron-3.5-Lightning-30B-A3B-NVFP4 detected
2026-08-11 21:56:02.682 - aiperf.config.resolution.resolvers - INFO - 1 tokenizer validated | 0.5s
2026-08-11 21:56:02.682 - aiperf.config.resolution.resolvers - INFO - Prefetching 1 tokenizer into HF cache...
2026-08-11 21:56:03.774 - httpx - INFO - HTTP Request: HEAD https://huggingface.co/nvidia/NVIDIA-Nemotron-3.5-Lightning-30B-A3B-NVFP4/resolve/main/config.json "HTTP/1.1 307 Temporary Redirect"
2026-08-11 21:56:03.774 - huggingface_hub.utils._http - WARNING - Warning: You are sending unauthenticated requests to the HF Hub. Please set a HF_TOKEN to enable higher rate limits and faster downloads.
2026-08-11 21:56:03.786 - httpx - INFO - HTTP Request: HEAD https://huggingface.co/api/resolve-cache/models/nvidia/NVIDIA-Nemotron-3.5-Lightning-30B-A3B-NVFP4/f9b0c83dc2e390069425f5b4d40006fd343d596c/config.json "HTTP/1.1 200 OK"
2026-08-11 21:56:03.804 - httpx - INFO - HTTP Request: GET https://huggingface.co/api/resolve-cache/models/nvidia/NVIDIA-Nemotron-3.5-Lightning-30B-A3B-NVFP4/f9b0c83dc2e390069425f5b4d40006fd343d596c/config.json "HTTP/1.1 200 OK"
2026-08-11 21:56:03.948 - httpx - INFO - HTTP Request: HEAD https://huggingface.co/nvidia/NVIDIA-Nemotron-3.5-Lightning-30B-A3B-NVFP4/resolve/main/tokenizer_config.json "HTTP/1.1 307 Temporary Redirect"
2026-08-11 21:56:03.963 - httpx - INFO - HTTP Request: HEAD https://huggingface.co/api/resolve-cache/models/nvidia/NVIDIA-Nemotron-3.5-Lightning-30B-A3B-NVFP4/f9b0c83dc2e390069425f5b4d40006fd343d596c/tokenizer_config.json "HTTP/1.1 200 OK"
2026-08-11 21:56:03.977 - httpx - INFO - HTTP Request: GET https://huggingface.co/api/resolve-cache/models/nvidia/NVIDIA-Nemotron-3.5-Lightning-30B-A3B-NVFP4/f9b0c83dc2e390069425f5b4d40006fd343d596c/tokenizer_config.json "HTTP/1.1 200 OK"
2026-08-11 21:56:04.070 - httpx - INFO - HTTP Request: GET https://huggingface.co/api/models/nvidia/NVIDIA-Nemotron-3.5-Lightning-30B-A3B-NVFP4/tree/main/additional_chat_templates?recursive=false&expand=false "HTTP/1.1 404 Not Found"
2026-08-11 21:56:04.160 - httpx - INFO - HTTP Request: GET https://huggingface.co/api/models/nvidia/NVIDIA-Nemotron-3.5-Lightning-30B-A3B-NVFP4/tree/main?recursive=true&expand=false "HTTP/1.1 200 OK"
2026-08-11 21:56:04.256 - httpx - INFO - HTTP Request: HEAD https://huggingface.co/nvidia/NVIDIA-Nemotron-3.5-Lightning-30B-A3B-NVFP4/resolve/main/tokenizer.json "HTTP/1.1 302 Found"
2026-08-11 21:56:04.345 - httpx - INFO - HTTP Request: GET https://huggingface.co/api/models/nvidia/NVIDIA-Nemotron-3.5-Lightning-30B-A3B-NVFP4/xet-read-token/f9b0c83dc2e390069425f5b4d40006fd343d596c "HTTP/1.1 200 OK"
2026-08-11 21:56:05.248 - httpx - INFO - HTTP Request: HEAD https://huggingface.co/nvidia/NVIDIA-Nemotron-3.5-Lightning-30B-A3B-NVFP4/resolve/main/tokenizer.model "HTTP/1.1 404 Not Found"
2026-08-11 21:56:05.424 - httpx - INFO - HTTP Request: HEAD https://huggingface.co/nvidia/NVIDIA-Nemotron-3.5-Lightning-30B-A3B-NVFP4/resolve/main/added_tokens.json "HTTP/1.1 404 Not Found"
2026-08-11 21:56:05.523 - httpx - INFO - HTTP Request: HEAD https://huggingface.co/nvidia/NVIDIA-Nemotron-3.5-Lightning-30B-A3B-NVFP4/resolve/main/special_tokens_map.json "HTTP/1.1 307 Temporary Redirect"
2026-08-11 21:56:05.535 - httpx - INFO - HTTP Request: HEAD https://huggingface.co/api/resolve-cache/models/nvidia/NVIDIA-Nemotron-3.5-Lightning-30B-A3B-NVFP4/f9b0c83dc2e390069425f5b4d40006fd343d596c/special_tokens_map.json "HTTP/1.1 200 OK"
2026-08-11 21:56:05.547 - httpx - INFO - HTTP Request: GET https://huggingface.co/api/resolve-cache/models/nvidia/NVIDIA-Nemotron-3.5-Lightning-30B-A3B-NVFP4/f9b0c83dc2e390069425f5b4d40006fd343d596c/special_tokens_map.json "HTTP/1.1 200 OK"
2026-08-11 21:56:05.635 - httpx - INFO - HTTP Request: HEAD https://huggingface.co/nvidia/NVIDIA-Nemotron-3.5-Lightning-30B-A3B-NVFP4/resolve/main/chat_template.jinja "HTTP/1.1 307 Temporary Redirect"
2026-08-11 21:56:05.648 - httpx - INFO - HTTP Request: HEAD https://huggingface.co/api/resolve-cache/models/nvidia/NVIDIA-Nemotron-3.5-Lightning-30B-A3B-NVFP4/f9b0c83dc2e390069425f5b4d40006fd343d596c/chat_template.jinja "HTTP/1.1 200 OK"
2026-08-11 21:56:05.666 - httpx - INFO - HTTP Request: GET https://huggingface.co/api/resolve-cache/models/nvidia/NVIDIA-Nemotron-3.5-Lightning-30B-A3B-NVFP4/f9b0c83dc2e390069425f5b4d40006fd343d596c/chat_template.jinja "HTTP/1.1 200 OK"
2026-08-11 21:56:06.596 - httpx - INFO - HTTP Request: GET https://huggingface.co/api/models/nvidia/NVIDIA-Nemotron-3.5-Lightning-30B-A3B-NVFP4 "HTTP/1.1 200 OK"
2026-08-11 21:56:06.638 - aiperf.config.resolution.resolvers - INFO -   Cached nvidia/NVIDIA-Nemotron-3.5-Lightning-30B-A3B-NVFP4 (3.94s)
2026-08-11 21:56:06.676 - aiperf.config.resolution.resolvers - INFO - 1 tokenizer cached • 4.0s
2026-08-11 21:56:07.092 - server_metrics_manager - INFO - Server Metrics: Discovered 1 endpoints: ['http://localhost:8000/metrics']
2026-08-11 21:56:07.148 - GPUTelemetryJSONLWriter_a021e19d - INFO - GPU telemetry export enabled: /output/gpu_telemetry_export.jsonl
2026-08-11 21:56:07.157 - system_controller - INFO - Registered Worker Manager (id: 'worker_manager')
2026-08-11 21:56:07.158 - OTelMetricsResultsProcessor_ea1a9199 - INFO - Telemetry streaming is disabled (set --otel-url and/or --mlflow-tracking-uri to enable)
2026-08-11 21:56:07.159 - RecordExportJSONLWriter_abe3cd44 - INFO - Record metrics export enabled: /output/profile_export.jsonl
2026-08-11 21:56:07.191 - system_controller - INFO - Registered Gpu Telemetry Manager (id: 'gpu_telemetry_manager')
2026-08-11 21:56:07.192 - system_controller - INFO - Registered Dataset Manager (id: 'dataset_manager')
2026-08-11 21:56:07.196 - system_controller - INFO - Registered Server Metrics Manager (id: 'server_metrics_manager')
2026-08-11 21:56:07.266 - system_controller - INFO - Registered Records Manager (id: 'records_manager')
2026-08-11 21:56:07.326 - system_controller - INFO - Registered Record Processor (id: 'record_processor_abc0c918')
2026-08-11 21:56:07.372 - system_controller - INFO - Registered Timing Manager (id: 'timing_manager')
2026-08-11 21:56:07.437 - system_controller - INFO - Registered Worker (id: 'worker_64fbc1d2')
2026-08-11 21:56:07.489 - system_controller - INFO - Registered Worker (id: 'worker_649487c4')
2026-08-11 21:56:07.536 - system_controller - INFO - AIPerf System is CONFIGURING
2026-08-11 21:56:07.536 - system_controller - INFO - Configuring all services to start profiling
2026-08-11 21:56:07.538 - timing_manager - INFO - Waiting for dataset to be configured before configuring timing
2026-08-11 21:56:07.538 - InferenceResultParser_4da65c76 - INFO - Configuring tokenizers for inference result parser (resolve_alias: True)
2026-08-11 21:56:07.539 - dataset_manager - INFO - Configuring tokenizer(s) for dataset manager
2026-08-11 21:56:07.550 - server_metrics_manager - INFO - Server Metrics: Capturing baseline metrics...
2026-08-11 21:56:07.566 - http://localhost:8000/metrics - INFO - Skipping unsupported summary metric: http_request_size_bytes
2026-08-11 21:56:07.566 - gpu_telemetry_manager - INFO - GPU Telemetry: Capturing baseline metrics from pynvml://localhost
2026-08-11 21:56:07.566 - http://localhost:8000/metrics - INFO - Skipping unsupported summary metric: http_response_size_bytes
2026-08-11 21:56:07.568 - system_controller - INFO - Server metrics enabled - 1/1 endpoint(s) reachable.
2026-08-11 21:56:07.568 - system_controller - INFO - Waiting for result domains: profile, server_metrics, telemetry
2026-08-11 21:56:07.576 - pynvml_collector - INFO - PyNVML initialized with 1 GPU(s) (0 with GPM support)
2026-08-11 21:56:07.592 - system_controller - INFO - DCGM telemetry enabled - 1/1 endpoint(s) reachable
2026-08-11 21:56:08.105 - httpx - INFO - HTTP Request: HEAD https://huggingface.co/nvidia/NVIDIA-Nemotron-3.5-Lightning-30B-A3B-NVFP4/resolve/main/config.json "HTTP/1.1 307 Temporary Redirect"
2026-08-11 21:56:08.105 - huggingface_hub.utils._http - WARNING - Warning: You are sending unauthenticated requests to the HF Hub. Please set a HF_TOKEN to enable higher rate limits and faster downloads.
2026-08-11 21:56:08.106 - httpx - INFO - HTTP Request: HEAD https://huggingface.co/nvidia/NVIDIA-Nemotron-3.5-Lightning-30B-A3B-NVFP4/resolve/main/config.json "HTTP/1.1 307 Temporary Redirect"
2026-08-11 21:56:08.106 - huggingface_hub.utils._http - WARNING - Warning: You are sending unauthenticated requests to the HF Hub. Please set a HF_TOKEN to enable higher rate limits and faster downloads.
2026-08-11 21:56:08.118 - httpx - INFO - HTTP Request: HEAD https://huggingface.co/api/resolve-cache/models/nvidia/NVIDIA-Nemotron-3.5-Lightning-30B-A3B-NVFP4/f9b0c83dc2e390069425f5b4d40006fd343d596c/config.json "HTTP/1.1 200 OK"
2026-08-11 21:56:08.120 - httpx - INFO - HTTP Request: HEAD https://huggingface.co/api/resolve-cache/models/nvidia/NVIDIA-Nemotron-3.5-Lightning-30B-A3B-NVFP4/f9b0c83dc2e390069425f5b4d40006fd343d596c/config.json "HTTP/1.1 200 OK"
2026-08-11 21:56:08.254 - httpx - INFO - HTTP Request: HEAD https://huggingface.co/nvidia/NVIDIA-Nemotron-3.5-Lightning-30B-A3B-NVFP4/resolve/main/tokenizer_config.json "HTTP/1.1 307 Temporary Redirect"
2026-08-11 21:56:08.257 - httpx - INFO - HTTP Request: HEAD https://huggingface.co/nvidia/NVIDIA-Nemotron-3.5-Lightning-30B-A3B-NVFP4/resolve/main/tokenizer_config.json "HTTP/1.1 307 Temporary Redirect"
2026-08-11 21:56:08.268 - httpx - INFO - HTTP Request: HEAD https://huggingface.co/api/resolve-cache/models/nvidia/NVIDIA-Nemotron-3.5-Lightning-30B-A3B-NVFP4/f9b0c83dc2e390069425f5b4d40006fd343d596c/tokenizer_config.json "HTTP/1.1 200 OK"
2026-08-11 21:56:08.268 - httpx - INFO - HTTP Request: HEAD https://huggingface.co/api/resolve-cache/models/nvidia/NVIDIA-Nemotron-3.5-Lightning-30B-A3B-NVFP4/f9b0c83dc2e390069425f5b4d40006fd343d596c/tokenizer_config.json "HTTP/1.1 200 OK"
2026-08-11 21:56:08.362 - httpx - INFO - HTTP Request: GET https://huggingface.co/api/models/nvidia/NVIDIA-Nemotron-3.5-Lightning-30B-A3B-NVFP4/tree/main/additional_chat_templates?recursive=false&expand=false "HTTP/1.1 404 Not Found"
2026-08-11 21:56:08.362 - httpx - INFO - HTTP Request: GET https://huggingface.co/api/models/nvidia/NVIDIA-Nemotron-3.5-Lightning-30B-A3B-NVFP4/tree/main/additional_chat_templates?recursive=false&expand=false "HTTP/1.1 404 Not Found"
2026-08-11 21:56:08.460 - httpx - INFO - HTTP Request: GET https://huggingface.co/api/models/nvidia/NVIDIA-Nemotron-3.5-Lightning-30B-A3B-NVFP4/tree/main?recursive=true&expand=false "HTTP/1.1 200 OK"
2026-08-11 21:56:08.461 - httpx - INFO - HTTP Request: GET https://huggingface.co/api/models/nvidia/NVIDIA-Nemotron-3.5-Lightning-30B-A3B-NVFP4/tree/main?recursive=true&expand=false "HTTP/1.1 200 OK"
2026-08-11 21:56:09.394 - httpx - INFO - HTTP Request: GET https://huggingface.co/api/models/nvidia/NVIDIA-Nemotron-3.5-Lightning-30B-A3B-NVFP4 "HTTP/1.1 200 OK"
2026-08-11 21:56:09.400 - httpx - INFO - HTTP Request: GET https://huggingface.co/api/models/nvidia/NVIDIA-Nemotron-3.5-Lightning-30B-A3B-NVFP4 "HTTP/1.1 200 OK"
2026-08-11 21:56:09.421 - dataset_manager - INFO - Tokenizer(s) configured in 1.88 seconds
2026-08-11 21:56:09.422 - dataset_manager - INFO - Configuring dataset for dataset_manager
2026-08-11 21:56:09.431 - InferenceResultParser_4da65c76 - INFO - Initialized tokenizers: {'nvidia/NVIDIA-Nemotron-3.5-Lightning-30B-A3B-NVFP4': {'class': 'TokenizersBackend', 'name_or_path': 'nvidia/NVIDIA-Nemotron-3.5-Lightning-30B-A3B-NVFP4'}} in 1.89 seconds
2026-08-11 21:56:09.682 - CustomDatasetComposer - INFO - Using explicit dataset format: multi_turn
2026-08-11 21:56:09.745 - MemoryMapDatasetBackingStore_10bd7823 - INFO - Memory-mapped backing store initialized (streaming to /tmp/aiperf_mmap_171588fe754d/dataset.dat)
2026-08-11 21:56:09.766 - MemoryMapDatasetBackingStore_10bd7823 - INFO - Data file finalized: 500 conversations, 1.26 MB
2026-08-11 21:56:09.767 - MemoryMapDatasetBackingStore_10bd7823 - INFO - Index file created: /tmp/aiperf_mmap_171588fe754d/index.dat
2026-08-11 21:56:09.767 - dataset_manager - INFO - Backing store finalized: client_type=DatasetClientStoreType.MEMORY_MAP format=MemoryMapFormat.CONVERSATION data_file_path=PosixPath('/tmp/aiperf_mmap_171588fe754d/dataset.dat') index_file_path=PosixPath('/tmp/aiperf_mmap_171588fe754d/index.dat') conversation_count=500 total_size_bytes=1324108 compressed=False compressed_data_file_path=None compressed_index_file_path=None compressed_size_bytes=0
2026-08-11 21:56:09.777 - dataset_manager - INFO - sampling strategy: sequential, unique conversations: 500, unique turn count: 1783
2026-08-11 21:56:09.782 - dataset_manager - INFO - Generating inputs.json file at /output/inputs.json
2026-08-11 21:56:09.788 - PhaseOrchestrator_95389cc2 - INFO - Initialized 2 phase(s): ['Warmup', 'Profiling']
2026-08-11 21:56:09.796 - dataset_manager - INFO - inputs.json file generated in 0.01 seconds
2026-08-11 21:56:09.950 - dataset_manager - INFO - Dataset client initialized and freed 500 conversations from memory
2026-08-11 21:56:09.951 - dataset_manager - INFO - Dataset configured in 0.53 seconds
2026-08-11 21:56:09.952 - system_controller - INFO - All services configured in 2.42 seconds
2026-08-11 21:56:09.952 - system_controller - INFO - AIPerf System is CONFIGURED
2026-08-11 21:56:09.952 - server_metrics_manager - INFO - Server Metrics: Started 1 collector(s) successfully
2026-08-11 21:56:09.953 - system_controller - INFO - All services started profiling successfully
2026-08-11 21:56:09.953 - system_controller - INFO - AIPerf System is PROFILING
2026-08-11 21:56:09.958 - RateTiming - INFO - Creating interval generator: pattern=concurrency_burst, rate=None, smoothness=None
2026-08-11 21:56:09.958 - PhaseRunner - NOTICE - Phase warmup (warmup) started | phase_index=0 | target: 3 requests
2026-08-11 21:56:09.960 - records_manager - INFO - Credit phase start: warmup
2026-08-11 21:56:12.707 - PhaseRunner - NOTICE - Phase warmup (warmup) sending complete | sent=3, completed=1, in_flight=2 | sessions: sent=2, completed=0
2026-08-11 21:56:14.651 - PhaseRunner - NOTICE - Phase warmup (warmup) complete | completed=3, cancelled=0, errors=0 | sessions: completed=1, cancelled=0 | elapsed=4.69s
2026-08-11 21:56:14.652 - RateTiming - INFO - Creating interval generator: pattern=concurrency_burst, rate=None, smoothness=None
2026-08-11 21:56:14.652 - server_metrics_manager - INFO - Server Metrics: Warmup complete, capturing final warmup metrics...
2026-08-11 21:56:14.652 - PhaseRunner - NOTICE - Phase profiling (profiling) started | phase_index=1 | profiling_index=0 | target: 50 requests, 50 sessions
2026-08-11 21:56:14.654 - records_manager - INFO - Credit phase start: profiling
2026-08-11 21:57:03.333 - PhaseRunner - NOTICE - Phase profiling (profiling) sending complete | sent=50, completed=48, in_flight=2 | sessions: sent=16, completed=14
2026-08-11 21:57:03.335 - records_manager - INFO - Sent 50 requests. Waiting for all to complete...
2026-08-11 21:57:04.949 - PhaseRunner - NOTICE - Phase profiling (profiling) complete | completed=50, cancelled=0, errors=0 | sessions: completed=15, cancelled=0 | elapsed=50.30s
2026-08-11 21:57:04.949 - PhaseOrchestrator_95389cc2 - NOTICE - All credits completed
2026-08-11 21:57:04.950 - system_controller - INFO - Received credits complete from 'timing_manager'
2026-08-11 21:57:04.950 - records_manager - INFO - Received CREDIT_PHASE_COMPLETE message, Phase complete: PhaseRecordsStats(phase=CreditPhase.PROFILING, phase_index=1, profiling_index=0, phase_name='profiling', phase_kind='profiling', start_ns=1786485374652789109, sent_end_ns=1786485423333801045, requests_end_ns=1786485424949245828, baseline_start_ns=1786485374652777797, baseline_end_ns=1786485424949255908, total_expected_requests=50, expected_duration_sec=None, expected_num_sessions=None, expected_grace_period_sec=None, final_requests_sent=None, final_requests_completed=50, final_requests_cancelled=0, final_request_errors=0, final_sent_sessions=None, final_completed_sessions=None, final_cancelled_sessions=None, timeout_triggered=False, grace_period_timeout_triggered=False, was_cancelled=False, records_end_ns=None, success_records=49, error_records=0)
2026-08-11 21:57:04.950 - records_manager - NOTICE - All requests have completed, please wait for the results to be processed (currently 49 of 50 records processed)...
2026-08-11 21:57:04.950 - records_manager - INFO - All credits complete, please wait for the results to be processed...
2026-08-11 21:57:04.954 - records_manager - INFO - Processed 50 valid requests and 0 errors (50 total).
2026-08-11 21:57:04.954 - records_manager - INFO - Received all records, processing now...
2026-08-11 21:57:04.955 - server_metrics_manager - INFO - Server Metrics: Profiling complete, capturing final metrics...
2026-08-11 21:57:04.955 - gpu_telemetry_manager - INFO - GPU Telemetry: Profiling complete, capturing final metrics...
2026-08-11 21:57:04.956 - records_manager - INFO - Waiting 2.0s for server metrics flush period...
2026-08-11 21:57:06.950 - records_manager - INFO - Processing records results...
2026-08-11 21:57:07.129 - system_controller - INFO - Waiting for result domains: server_metrics, telemetry
2026-08-11 21:57:07.129 - system_controller - INFO - Waiting for result domains: server_metrics
2026-08-11 21:57:07.178 - records_manager - INFO - _finalize_and_process_results completed
2026-08-11 21:57:07.179 - system_controller - INFO - All results received, initiating shutdown
2026-08-11 21:57:07.781 - ExporterManager - INFO - Exporting all records
2026-08-11 21:57:07.836 - ExporterManager - INFO - Exporting console data
