2026-08-13 08:31:02.194 - aiperf.cli_runner._single_run - INFO - Starting AIPerf System
2026-08-13 08:31:02.652 - httpx - INFO - HTTP Request: GET https://huggingface.co/api/models/nvidia/NVIDIA-Nemotron-3.5-Lightning-30B-A3B-NVFP4 "HTTP/1.1 200 OK"
2026-08-13 08:31:02.666 - aiperf.config.resolution.resolvers - INFO - [OK] Tokenizer nvidia/NVIDIA-Nemotron-3.5-Lightning-30B-A3B-NVFP4 detected
2026-08-13 08:31:02.666 - aiperf.config.resolution.resolvers - INFO - 1 tokenizer validated | 0.5s
2026-08-13 08:31:02.666 - aiperf.config.resolution.resolvers - INFO - Prefetching 1 tokenizer into HF cache...
2026-08-13 08:31:03.485 - httpx - INFO - HTTP Request: HEAD https://huggingface.co/nvidia/NVIDIA-Nemotron-3.5-Lightning-30B-A3B-NVFP4/resolve/main/config.json "HTTP/1.1 307 Temporary Redirect"
2026-08-13 08:31:03.486 - huggingface_hub.utils._http - WARNING - Warning: You are sending unauthenticated requests to the HF Hub. Please set a HF_TOKEN to enable higher rate limits and faster downloads.
2026-08-13 08:31:03.496 - httpx - INFO - HTTP Request: HEAD https://huggingface.co/api/resolve-cache/models/nvidia/NVIDIA-Nemotron-3.5-Lightning-30B-A3B-NVFP4/29f2d1746d8f41e316523194b19018707749b1b1/config.json "HTTP/1.1 200 OK"
2026-08-13 08:31:03.509 - httpx - INFO - HTTP Request: GET https://huggingface.co/api/resolve-cache/models/nvidia/NVIDIA-Nemotron-3.5-Lightning-30B-A3B-NVFP4/29f2d1746d8f41e316523194b19018707749b1b1/config.json "HTTP/1.1 200 OK"
2026-08-13 08:31:03.646 - httpx - INFO - HTTP Request: HEAD https://huggingface.co/nvidia/NVIDIA-Nemotron-3.5-Lightning-30B-A3B-NVFP4/resolve/main/tokenizer_config.json "HTTP/1.1 307 Temporary Redirect"
2026-08-13 08:31:03.657 - httpx - INFO - HTTP Request: HEAD https://huggingface.co/api/resolve-cache/models/nvidia/NVIDIA-Nemotron-3.5-Lightning-30B-A3B-NVFP4/29f2d1746d8f41e316523194b19018707749b1b1/tokenizer_config.json "HTTP/1.1 200 OK"
2026-08-13 08:31:03.667 - httpx - INFO - HTTP Request: GET https://huggingface.co/api/resolve-cache/models/nvidia/NVIDIA-Nemotron-3.5-Lightning-30B-A3B-NVFP4/29f2d1746d8f41e316523194b19018707749b1b1/tokenizer_config.json "HTTP/1.1 200 OK"
2026-08-13 08:31:03.749 - httpx - INFO - HTTP Request: GET https://huggingface.co/api/models/nvidia/NVIDIA-Nemotron-3.5-Lightning-30B-A3B-NVFP4/tree/main/additional_chat_templates?recursive=false&expand=false "HTTP/1.1 404 Not Found"
2026-08-13 08:31:03.831 - httpx - INFO - HTTP Request: GET https://huggingface.co/api/models/nvidia/NVIDIA-Nemotron-3.5-Lightning-30B-A3B-NVFP4/tree/main?recursive=true&expand=false "HTTP/1.1 200 OK"
2026-08-13 08:31:03.920 - httpx - INFO - HTTP Request: HEAD https://huggingface.co/nvidia/NVIDIA-Nemotron-3.5-Lightning-30B-A3B-NVFP4/resolve/main/tokenizer.json "HTTP/1.1 302 Found"
2026-08-13 08:31:04.004 - httpx - INFO - HTTP Request: GET https://huggingface.co/api/models/nvidia/NVIDIA-Nemotron-3.5-Lightning-30B-A3B-NVFP4/xet-read-token/29f2d1746d8f41e316523194b19018707749b1b1 "HTTP/1.1 200 OK"
2026-08-13 08:31:04.905 - httpx - INFO - HTTP Request: HEAD https://huggingface.co/nvidia/NVIDIA-Nemotron-3.5-Lightning-30B-A3B-NVFP4/resolve/main/tokenizer.model "HTTP/1.1 404 Not Found"
2026-08-13 08:31:04.996 - httpx - INFO - HTTP Request: HEAD https://huggingface.co/nvidia/NVIDIA-Nemotron-3.5-Lightning-30B-A3B-NVFP4/resolve/main/added_tokens.json "HTTP/1.1 404 Not Found"
2026-08-13 08:31:05.084 - httpx - INFO - HTTP Request: HEAD https://huggingface.co/nvidia/NVIDIA-Nemotron-3.5-Lightning-30B-A3B-NVFP4/resolve/main/special_tokens_map.json "HTTP/1.1 307 Temporary Redirect"
2026-08-13 08:31:05.094 - httpx - INFO - HTTP Request: HEAD https://huggingface.co/api/resolve-cache/models/nvidia/NVIDIA-Nemotron-3.5-Lightning-30B-A3B-NVFP4/29f2d1746d8f41e316523194b19018707749b1b1/special_tokens_map.json "HTTP/1.1 200 OK"
2026-08-13 08:31:05.107 - httpx - INFO - HTTP Request: GET https://huggingface.co/api/resolve-cache/models/nvidia/NVIDIA-Nemotron-3.5-Lightning-30B-A3B-NVFP4/29f2d1746d8f41e316523194b19018707749b1b1/special_tokens_map.json "HTTP/1.1 200 OK"
2026-08-13 08:31:05.189 - httpx - INFO - HTTP Request: HEAD https://huggingface.co/nvidia/NVIDIA-Nemotron-3.5-Lightning-30B-A3B-NVFP4/resolve/main/chat_template.jinja "HTTP/1.1 307 Temporary Redirect"
2026-08-13 08:31:05.198 - httpx - INFO - HTTP Request: HEAD https://huggingface.co/api/resolve-cache/models/nvidia/NVIDIA-Nemotron-3.5-Lightning-30B-A3B-NVFP4/29f2d1746d8f41e316523194b19018707749b1b1/chat_template.jinja "HTTP/1.1 200 OK"
2026-08-13 08:31:05.209 - httpx - INFO - HTTP Request: GET https://huggingface.co/api/resolve-cache/models/nvidia/NVIDIA-Nemotron-3.5-Lightning-30B-A3B-NVFP4/29f2d1746d8f41e316523194b19018707749b1b1/chat_template.jinja "HTTP/1.1 200 OK"
2026-08-13 08:31:06.063 - httpx - INFO - HTTP Request: GET https://huggingface.co/api/models/nvidia/NVIDIA-Nemotron-3.5-Lightning-30B-A3B-NVFP4 "HTTP/1.1 200 OK"
2026-08-13 08:31:06.103 - aiperf.config.resolution.resolvers - INFO -   Cached nvidia/NVIDIA-Nemotron-3.5-Lightning-30B-A3B-NVFP4 (3.42s)
2026-08-13 08:31:06.151 - aiperf.config.resolution.resolvers - INFO - 1 tokenizer cached • 3.5s
2026-08-13 08:31:06.524 - system_controller - INFO - Registered Worker Manager (id: 'worker_manager')
2026-08-13 08:31:06.555 - server_metrics_manager - INFO - Server Metrics: Discovered 1 endpoints: ['http://localhost:8000/metrics']
2026-08-13 08:31:06.608 - GPUTelemetryJSONLWriter_c5a06c63 - INFO - GPU telemetry export enabled: /output/gpu_telemetry_export.jsonl
2026-08-13 08:31:06.618 - OTelMetricsResultsProcessor_f3524ac6 - INFO - Telemetry streaming is disabled (set --otel-url and/or --mlflow-tracking-uri to enable)
2026-08-13 08:31:06.619 - RecordExportJSONLWriter_70e46f0a - INFO - Record metrics export enabled: /output/profile_export.jsonl
2026-08-13 08:31:06.631 - system_controller - INFO - Registered Gpu Telemetry Manager (id: 'gpu_telemetry_manager')
2026-08-13 08:31:06.637 - system_controller - INFO - Registered Dataset Manager (id: 'dataset_manager')
2026-08-13 08:31:06.658 - system_controller - INFO - Registered Record Processor (id: 'record_processor_59c77a25')
2026-08-13 08:31:06.660 - system_controller - INFO - Registered Server Metrics Manager (id: 'server_metrics_manager')
2026-08-13 08:31:06.674 - system_controller - INFO - Registered Record Processor (id: 'record_processor_f1f86f8e')
2026-08-13 08:31:06.732 - system_controller - INFO - Registered Records Manager (id: 'records_manager')
2026-08-13 08:31:06.771 - system_controller - INFO - Registered Record Processor (id: 'record_processor_68ca38fb')
2026-08-13 08:31:06.877 - system_controller - INFO - Registered Worker (id: 'worker_a58cde6b')
2026-08-13 08:31:06.955 - system_controller - INFO - Registered Timing Manager (id: 'timing_manager')
2026-08-13 08:31:06.965 - system_controller - INFO - Registered Worker (id: 'worker_34525f42')
2026-08-13 08:31:06.981 - system_controller - INFO - Registered Worker (id: 'worker_126625d0')
2026-08-13 08:31:06.983 - system_controller - INFO - Registered Worker (id: 'worker_4df58e58')
2026-08-13 08:31:06.984 - system_controller - INFO - Registered Worker (id: 'worker_f06590ae')
2026-08-13 08:31:06.999 - system_controller - INFO - Registered Worker (id: 'worker_894483a2')
2026-08-13 08:31:07.001 - system_controller - INFO - Registered Worker (id: 'worker_bdf3a2f2')
2026-08-13 08:31:07.001 - system_controller - INFO - Registered Worker (id: 'worker_1008590d')
2026-08-13 08:31:07.003 - system_controller - INFO - AIPerf System is CONFIGURING
2026-08-13 08:31:07.003 - system_controller - INFO - Configuring all services to start profiling
2026-08-13 08:31:07.005 - timing_manager - INFO - Waiting for dataset to be configured before configuring timing
2026-08-13 08:31:07.005 - InferenceResultParser_bad98aad - INFO - Configuring tokenizers for inference result parser (resolve_alias: True)
2026-08-13 08:31:07.005 - InferenceResultParser_85836313 - INFO - Configuring tokenizers for inference result parser (resolve_alias: True)
2026-08-13 08:31:07.005 - InferenceResultParser_cbbb4276 - INFO - Configuring tokenizers for inference result parser (resolve_alias: True)
2026-08-13 08:31:07.005 - dataset_manager - INFO - Configuring tokenizer(s) for dataset manager
2026-08-13 08:31:07.014 - server_metrics_manager - INFO - Server Metrics: Capturing baseline metrics...
2026-08-13 08:31:07.024 - system_controller - INFO - Registered Worker (id: 'worker_0f604b33')
2026-08-13 08:31:07.026 - http://localhost:8000/metrics - INFO - Skipping unsupported summary metric: http_request_size_bytes
2026-08-13 08:31:07.026 - http://localhost:8000/metrics - INFO - Skipping unsupported summary metric: http_response_size_bytes
2026-08-13 08:31:07.027 - system_controller - INFO - Server metrics enabled - 1/1 endpoint(s) reachable.
2026-08-13 08:31:07.027 - system_controller - INFO - Waiting for result domains: profile, server_metrics, telemetry
2026-08-13 08:31:07.030 - system_controller - INFO - Registered Worker (id: 'worker_c9b7097e')
2026-08-13 08:31:07.033 - gpu_telemetry_manager - INFO - GPU Telemetry: Capturing baseline metrics from pynvml://localhost
2026-08-13 08:31:07.035 - system_controller - INFO - Registered Worker (id: 'worker_6c110bc1')
2026-08-13 08:31:07.043 - pynvml_collector - INFO - PyNVML initialized with 1 GPU(s) (0 with GPM support)
2026-08-13 08:31:07.047 - system_controller - INFO - Registered Worker (id: 'worker_115d2450')
2026-08-13 08:31:07.052 - system_controller - INFO - Registered Worker (id: 'worker_aba328ee')
2026-08-13 08:31:07.054 - system_controller - INFO - Registered Worker (id: 'worker_e8b7ea2e')
2026-08-13 08:31:07.058 - system_controller - INFO - DCGM telemetry enabled - 1/1 endpoint(s) reachable
2026-08-13 08:31:07.532 - httpx - INFO - HTTP Request: HEAD https://huggingface.co/nvidia/NVIDIA-Nemotron-3.5-Lightning-30B-A3B-NVFP4/resolve/main/config.json "HTTP/1.1 307 Temporary Redirect"
2026-08-13 08:31:07.532 - huggingface_hub.utils._http - WARNING - Warning: You are sending unauthenticated requests to the HF Hub. Please set a HF_TOKEN to enable higher rate limits and faster downloads.
2026-08-13 08:31:07.543 - httpx - INFO - HTTP Request: HEAD https://huggingface.co/api/resolve-cache/models/nvidia/NVIDIA-Nemotron-3.5-Lightning-30B-A3B-NVFP4/29f2d1746d8f41e316523194b19018707749b1b1/config.json "HTTP/1.1 200 OK"
2026-08-13 08:31:07.553 - httpx - INFO - HTTP Request: HEAD https://huggingface.co/nvidia/NVIDIA-Nemotron-3.5-Lightning-30B-A3B-NVFP4/resolve/main/config.json "HTTP/1.1 307 Temporary Redirect"
2026-08-13 08:31:07.557 - httpx - INFO - HTTP Request: HEAD https://huggingface.co/nvidia/NVIDIA-Nemotron-3.5-Lightning-30B-A3B-NVFP4/resolve/main/config.json "HTTP/1.1 307 Temporary Redirect"
2026-08-13 08:31:07.557 - httpx - INFO - HTTP Request: HEAD https://huggingface.co/nvidia/NVIDIA-Nemotron-3.5-Lightning-30B-A3B-NVFP4/resolve/main/config.json "HTTP/1.1 307 Temporary Redirect"
2026-08-13 08:31:07.558 - huggingface_hub.utils._http - WARNING - Warning: You are sending unauthenticated requests to the HF Hub. Please set a HF_TOKEN to enable higher rate limits and faster downloads.
2026-08-13 08:31:07.566 - httpx - INFO - HTTP Request: HEAD https://huggingface.co/api/resolve-cache/models/nvidia/NVIDIA-Nemotron-3.5-Lightning-30B-A3B-NVFP4/29f2d1746d8f41e316523194b19018707749b1b1/config.json "HTTP/1.1 200 OK"
2026-08-13 08:31:07.568 - httpx - INFO - HTTP Request: HEAD https://huggingface.co/api/resolve-cache/models/nvidia/NVIDIA-Nemotron-3.5-Lightning-30B-A3B-NVFP4/29f2d1746d8f41e316523194b19018707749b1b1/config.json "HTTP/1.1 200 OK"
2026-08-13 08:31:07.568 - httpx - INFO - HTTP Request: HEAD https://huggingface.co/api/resolve-cache/models/nvidia/NVIDIA-Nemotron-3.5-Lightning-30B-A3B-NVFP4/29f2d1746d8f41e316523194b19018707749b1b1/config.json "HTTP/1.1 200 OK"
2026-08-13 08:31:07.672 - httpx - INFO - HTTP Request: HEAD https://huggingface.co/nvidia/NVIDIA-Nemotron-3.5-Lightning-30B-A3B-NVFP4/resolve/main/tokenizer_config.json "HTTP/1.1 307 Temporary Redirect"
2026-08-13 08:31:07.683 - httpx - INFO - HTTP Request: HEAD https://huggingface.co/api/resolve-cache/models/nvidia/NVIDIA-Nemotron-3.5-Lightning-30B-A3B-NVFP4/29f2d1746d8f41e316523194b19018707749b1b1/tokenizer_config.json "HTTP/1.1 200 OK"
2026-08-13 08:31:07.699 - httpx - INFO - HTTP Request: HEAD https://huggingface.co/nvidia/NVIDIA-Nemotron-3.5-Lightning-30B-A3B-NVFP4/resolve/main/tokenizer_config.json "HTTP/1.1 307 Temporary Redirect"
2026-08-13 08:31:07.700 - httpx - INFO - HTTP Request: HEAD https://huggingface.co/nvidia/NVIDIA-Nemotron-3.5-Lightning-30B-A3B-NVFP4/resolve/main/tokenizer_config.json "HTTP/1.1 307 Temporary Redirect"
2026-08-13 08:31:07.700 - huggingface_hub.utils._http - WARNING - Warning: You are sending unauthenticated requests to the HF Hub. Please set a HF_TOKEN to enable higher rate limits and faster downloads.
2026-08-13 08:31:07.703 - httpx - INFO - HTTP Request: HEAD https://huggingface.co/nvidia/NVIDIA-Nemotron-3.5-Lightning-30B-A3B-NVFP4/resolve/main/tokenizer_config.json "HTTP/1.1 307 Temporary Redirect"
2026-08-13 08:31:07.711 - httpx - INFO - HTTP Request: HEAD https://huggingface.co/api/resolve-cache/models/nvidia/NVIDIA-Nemotron-3.5-Lightning-30B-A3B-NVFP4/29f2d1746d8f41e316523194b19018707749b1b1/tokenizer_config.json "HTTP/1.1 200 OK"
2026-08-13 08:31:07.712 - httpx - INFO - HTTP Request: HEAD https://huggingface.co/api/resolve-cache/models/nvidia/NVIDIA-Nemotron-3.5-Lightning-30B-A3B-NVFP4/29f2d1746d8f41e316523194b19018707749b1b1/tokenizer_config.json "HTTP/1.1 200 OK"
2026-08-13 08:31:07.712 - httpx - INFO - HTTP Request: HEAD https://huggingface.co/api/resolve-cache/models/nvidia/NVIDIA-Nemotron-3.5-Lightning-30B-A3B-NVFP4/29f2d1746d8f41e316523194b19018707749b1b1/tokenizer_config.json "HTTP/1.1 200 OK"
2026-08-13 08:31:07.763 - httpx - INFO - HTTP Request: GET https://huggingface.co/api/models/nvidia/NVIDIA-Nemotron-3.5-Lightning-30B-A3B-NVFP4/tree/main/additional_chat_templates?recursive=false&expand=false "HTTP/1.1 404 Not Found"
2026-08-13 08:31:07.796 - httpx - INFO - HTTP Request: GET https://huggingface.co/api/models/nvidia/NVIDIA-Nemotron-3.5-Lightning-30B-A3B-NVFP4/tree/main/additional_chat_templates?recursive=false&expand=false "HTTP/1.1 404 Not Found"
2026-08-13 08:31:07.796 - httpx - INFO - HTTP Request: GET https://huggingface.co/api/models/nvidia/NVIDIA-Nemotron-3.5-Lightning-30B-A3B-NVFP4/tree/main/additional_chat_templates?recursive=false&expand=false "HTTP/1.1 404 Not Found"
2026-08-13 08:31:07.835 - httpx - INFO - HTTP Request: GET https://huggingface.co/api/models/nvidia/NVIDIA-Nemotron-3.5-Lightning-30B-A3B-NVFP4/tree/main/additional_chat_templates?recursive=false&expand=false "HTTP/1.1 404 Not Found"
2026-08-13 08:31:07.845 - httpx - INFO - HTTP Request: GET https://huggingface.co/api/models/nvidia/NVIDIA-Nemotron-3.5-Lightning-30B-A3B-NVFP4/tree/main?recursive=true&expand=false "HTTP/1.1 200 OK"
2026-08-13 08:31:07.877 - httpx - INFO - HTTP Request: GET https://huggingface.co/api/models/nvidia/NVIDIA-Nemotron-3.5-Lightning-30B-A3B-NVFP4/tree/main?recursive=true&expand=false "HTTP/1.1 200 OK"
2026-08-13 08:31:07.882 - httpx - INFO - HTTP Request: GET https://huggingface.co/api/models/nvidia/NVIDIA-Nemotron-3.5-Lightning-30B-A3B-NVFP4/tree/main?recursive=true&expand=false "HTTP/1.1 200 OK"
2026-08-13 08:31:07.940 - httpx - INFO - HTTP Request: GET https://huggingface.co/api/models/nvidia/NVIDIA-Nemotron-3.5-Lightning-30B-A3B-NVFP4/tree/main?recursive=true&expand=false "HTTP/1.1 200 OK"
2026-08-13 08:31:08.830 - httpx - INFO - HTTP Request: GET https://huggingface.co/api/models/nvidia/NVIDIA-Nemotron-3.5-Lightning-30B-A3B-NVFP4 "HTTP/1.1 200 OK"
2026-08-13 08:31:08.853 - httpx - INFO - HTTP Request: GET https://huggingface.co/api/models/nvidia/NVIDIA-Nemotron-3.5-Lightning-30B-A3B-NVFP4 "HTTP/1.1 200 OK"
2026-08-13 08:31:08.853 - dataset_manager - INFO - Tokenizer(s) configured in 1.85 seconds
2026-08-13 08:31:08.853 - dataset_manager - INFO - Configuring dataset for dataset_manager
2026-08-13 08:31:08.875 - httpx - INFO - HTTP Request: GET https://huggingface.co/api/models/nvidia/NVIDIA-Nemotron-3.5-Lightning-30B-A3B-NVFP4 "HTTP/1.1 200 OK"
2026-08-13 08:31:08.879 - InferenceResultParser_cbbb4276 - INFO - Initialized tokenizers: {'nvidia/NVIDIA-Nemotron-3.5-Lightning-30B-A3B-NVFP4': {'class': 'TokenizersBackend', 'name_or_path': 'nvidia/NVIDIA-Nemotron-3.5-Lightning-30B-A3B-NVFP4'}} in 1.87 seconds
2026-08-13 08:31:08.901 - InferenceResultParser_85836313 - INFO - Initialized tokenizers: {'nvidia/NVIDIA-Nemotron-3.5-Lightning-30B-A3B-NVFP4': {'class': 'TokenizersBackend', 'name_or_path': 'nvidia/NVIDIA-Nemotron-3.5-Lightning-30B-A3B-NVFP4'}} in 1.90 seconds
2026-08-13 08:31:08.947 - httpx - INFO - HTTP Request: GET https://huggingface.co/api/models/nvidia/NVIDIA-Nemotron-3.5-Lightning-30B-A3B-NVFP4 "HTTP/1.1 200 OK"
2026-08-13 08:31:08.967 - InferenceResultParser_bad98aad - INFO - Initialized tokenizers: {'nvidia/NVIDIA-Nemotron-3.5-Lightning-30B-A3B-NVFP4': {'class': 'TokenizersBackend', 'name_or_path': 'nvidia/NVIDIA-Nemotron-3.5-Lightning-30B-A3B-NVFP4'}} in 1.96 seconds
2026-08-13 08:31:09.092 - CustomDatasetComposer - INFO - Using explicit dataset format: multi_turn
2026-08-13 08:31:09.139 - MemoryMapDatasetBackingStore_489b2ba5 - INFO - Memory-mapped backing store initialized (streaming to /tmp/aiperf_mmap_89f8c1a30edb/dataset.dat)
2026-08-13 08:31:09.154 - MemoryMapDatasetBackingStore_489b2ba5 - INFO - Data file finalized: 500 conversations, 1.27 MB
2026-08-13 08:31:09.155 - MemoryMapDatasetBackingStore_489b2ba5 - INFO - Index file created: /tmp/aiperf_mmap_89f8c1a30edb/index.dat
2026-08-13 08:31:09.155 - dataset_manager - INFO - Backing store finalized: client_type=DatasetClientStoreType.MEMORY_MAP format=MemoryMapFormat.CONVERSATION data_file_path=PosixPath('/tmp/aiperf_mmap_89f8c1a30edb/dataset.dat') index_file_path=PosixPath('/tmp/aiperf_mmap_89f8c1a30edb/index.dat') conversation_count=500 total_size_bytes=1331693 compressed=False compressed_data_file_path=None compressed_index_file_path=None compressed_size_bytes=0
2026-08-13 08:31:09.163 - dataset_manager - INFO - sampling strategy: sequential, unique conversations: 500, unique turn count: 1783
2026-08-13 08:31:09.169 - dataset_manager - INFO - Generating inputs.json file at /output/inputs.json
2026-08-13 08:31:09.177 - PhaseOrchestrator_08aa8210 - INFO - Initialized 2 phase(s): ['Warmup', 'Profiling']
2026-08-13 08:31:09.177 - system_controller - WARNING - Received command response for service we were not expecting: worker_aba328ee. Ignoring.
2026-08-13 08:31:09.182 - system_controller - WARNING - Received command response for service we were not expecting: worker_e8b7ea2e. Ignoring.
2026-08-13 08:31:09.182 - system_controller - WARNING - Received command response for service we were not expecting: worker_115d2450. Ignoring.
2026-08-13 08:31:09.182 - system_controller - WARNING - Received command response for service we were not expecting: worker_6c110bc1. Ignoring.
2026-08-13 08:31:09.182 - system_controller - WARNING - Received command response for service we were not expecting: worker_0f604b33. Ignoring.
2026-08-13 08:31:09.182 - system_controller - WARNING - Received command response for service we were not expecting: worker_c9b7097e. Ignoring.
2026-08-13 08:31:09.184 - dataset_manager - INFO - inputs.json file generated in 0.02 seconds
2026-08-13 08:31:09.314 - dataset_manager - INFO - Dataset client initialized and freed 500 conversations from memory
2026-08-13 08:31:09.314 - dataset_manager - INFO - Dataset configured in 0.46 seconds
2026-08-13 08:31:09.316 - system_controller - INFO - All services configured in 2.31 seconds
2026-08-13 08:31:09.316 - system_controller - INFO - AIPerf System is CONFIGURED
2026-08-13 08:31:09.317 - server_metrics_manager - INFO - Server Metrics: Started 1 collector(s) successfully
2026-08-13 08:31:09.318 - system_controller - INFO - All services started profiling successfully
2026-08-13 08:31:09.318 - system_controller - INFO - AIPerf System is PROFILING
2026-08-13 08:31:09.320 - RateTiming - INFO - Creating interval generator: pattern=concurrency_burst, rate=None, smoothness=None
2026-08-13 08:31:09.320 - PhaseRunner - NOTICE - Phase warmup (warmup) started | phase_index=0 | target: 3 requests
2026-08-13 08:31:09.321 - PhaseRunner - NOTICE - Phase warmup (warmup) sending complete | sent=3, completed=0, in_flight=3 | sessions: sent=3, completed=0
2026-08-13 08:31:09.322 - records_manager - INFO - Credit phase start: warmup
2026-08-13 08:31:11.370 - PhaseRunner - NOTICE - Phase warmup (warmup) complete | completed=3, cancelled=0, errors=0 | sessions: completed=0, cancelled=0 | elapsed=2.05s
2026-08-13 08:31:11.371 - RateTiming - INFO - Creating interval generator: pattern=concurrency_burst, rate=None, smoothness=None
2026-08-13 08:31:11.371 - PhaseRunner - NOTICE - Phase profiling (profiling) started | phase_index=1 | profiling_index=0 | target: 50 requests, 50 sessions
2026-08-13 08:31:11.371 - server_metrics_manager - INFO - Server Metrics: Warmup complete, capturing final warmup metrics...
2026-08-13 08:31:11.372 - records_manager - INFO - Credit phase start: profiling
2026-08-13 08:31:22.769 - PhaseRunner - NOTICE - Phase profiling (profiling) sending complete | sent=50, completed=34, in_flight=16 | sessions: sent=20, completed=4
2026-08-13 08:31:22.770 - records_manager - INFO - Sent 50 requests. Waiting for all to complete...
2026-08-13 08:31:27.040 - PhaseRunner - NOTICE - Phase profiling (profiling) complete | completed=50, cancelled=0, errors=0 | sessions: completed=9, cancelled=0 | elapsed=15.67s
2026-08-13 08:31:27.040 - PhaseOrchestrator_08aa8210 - NOTICE - All credits completed
2026-08-13 08:31:27.041 - system_controller - INFO - Received credits complete from 'timing_manager'
2026-08-13 08:31:27.041 - records_manager - INFO - Received CREDIT_PHASE_COMPLETE message, Phase complete: PhaseRecordsStats(phase=CreditPhase.PROFILING, phase_index=1, profiling_index=0, phase_name='profiling', phase_kind='profiling', start_ns=1786609871371336927, sent_end_ns=1786609882769084530, requests_end_ns=1786609887039695806, baseline_start_ns=1786609871371330719, baseline_end_ns=1786609887039710366, total_expected_requests=50, expected_duration_sec=None, expected_num_sessions=None, expected_grace_period_sec=None, final_requests_sent=None, final_requests_completed=50, final_requests_cancelled=0, final_request_errors=0, final_sent_sessions=None, final_completed_sessions=None, final_cancelled_sessions=None, timeout_triggered=False, grace_period_timeout_triggered=False, was_cancelled=False, records_end_ns=None, success_records=49, error_records=0)
2026-08-13 08:31:27.041 - records_manager - NOTICE - All requests have completed, please wait for the results to be processed (currently 49 of 50 records processed)...
2026-08-13 08:31:27.042 - records_manager - INFO - All credits complete, please wait for the results to be processed...
2026-08-13 08:31:27.046 - records_manager - INFO - Processed 50 valid requests and 0 errors (50 total).
2026-08-13 08:31:27.046 - records_manager - INFO - Received all records, processing now...
2026-08-13 08:31:27.048 - gpu_telemetry_manager - INFO - GPU Telemetry: Profiling complete, capturing final metrics...
2026-08-13 08:31:27.049 - records_manager - INFO - Waiting 2.0s for server metrics flush period...
2026-08-13 08:31:27.059 - server_metrics_manager - INFO - Server Metrics: Profiling complete, capturing final metrics...
2026-08-13 08:31:29.040 - records_manager - INFO - Processing records results...
2026-08-13 08:31:29.163 - system_controller - INFO - Waiting for result domains: server_metrics, telemetry
2026-08-13 08:31:29.163 - system_controller - INFO - Waiting for result domains: server_metrics
2026-08-13 08:31:29.183 - records_manager - INFO - _finalize_and_process_results completed
2026-08-13 08:31:29.185 - system_controller - INFO - All results received, initiating shutdown
2026-08-13 08:31:29.790 - ExporterManager - INFO - Exporting all records
2026-08-13 08:31:29.878 - ExporterManager - INFO - Exporting console data
