2026-08-12 02:48:06.547 - aiperf.cli_runner._single_run - INFO - Starting AIPerf System
2026-08-12 02:48:06.990 - httpx - INFO - HTTP Request: GET https://huggingface.co/api/models/meta-models/Muse-Glimmer-30B "HTTP/1.1 200 OK"
2026-08-12 02:48:06.994 - aiperf.config.resolution.resolvers - INFO - [OK] Tokenizer meta-models/Muse-Glimmer-30B detected
2026-08-12 02:48:06.994 - aiperf.config.resolution.resolvers - INFO - 1 tokenizer validated | 0.4s
2026-08-12 02:48:06.994 - aiperf.config.resolution.resolvers - INFO - Prefetching 1 tokenizer into HF cache...
2026-08-12 02:48:07.831 - httpx - INFO - HTTP Request: HEAD https://huggingface.co/meta-models/Muse-Glimmer-30B/resolve/main/config.json "HTTP/1.1 307 Temporary Redirect"
2026-08-12 02:48:07.852 - httpx - INFO - HTTP Request: HEAD https://huggingface.co/api/resolve-cache/models/meta-models/Muse-Glimmer-30B/a4e59da52a7bc87ae7251dd5545c0dd437c44b68/config.json "HTTP/1.1 200 OK"
2026-08-12 02:48:07.869 - httpx - INFO - HTTP Request: GET https://huggingface.co/api/resolve-cache/models/meta-models/Muse-Glimmer-30B/a4e59da52a7bc87ae7251dd5545c0dd437c44b68/config.json "HTTP/1.1 200 OK"
2026-08-12 02:48:07.976 - httpx - INFO - HTTP Request: HEAD https://huggingface.co/meta-models/Muse-Glimmer-30B/resolve/main/config.json "HTTP/1.1 307 Temporary Redirect"
2026-08-12 02:48:07.977 - huggingface_hub.utils._http - WARNING - Warning: You are sending unauthenticated requests to the HF Hub. Please set a HF_TOKEN to enable higher rate limits and faster downloads.
2026-08-12 02:48:07.990 - httpx - INFO - HTTP Request: HEAD https://huggingface.co/api/resolve-cache/models/meta-models/Muse-Glimmer-30B/a4e59da52a7bc87ae7251dd5545c0dd437c44b68/config.json "HTTP/1.1 200 OK"
2026-08-12 02:48:08.092 - httpx - INFO - HTTP Request: HEAD https://huggingface.co/meta-models/Muse-Glimmer-30B/resolve/main/tokenizer_config.json "HTTP/1.1 307 Temporary Redirect"
2026-08-12 02:48:08.113 - httpx - INFO - HTTP Request: HEAD https://huggingface.co/api/resolve-cache/models/meta-models/Muse-Glimmer-30B/a4e59da52a7bc87ae7251dd5545c0dd437c44b68/tokenizer_config.json "HTTP/1.1 200 OK"
2026-08-12 02:48:08.124 - httpx - INFO - HTTP Request: GET https://huggingface.co/api/resolve-cache/models/meta-models/Muse-Glimmer-30B/a4e59da52a7bc87ae7251dd5545c0dd437c44b68/tokenizer_config.json "HTTP/1.1 200 OK"
2026-08-12 02:48:08.221 - httpx - INFO - HTTP Request: GET https://huggingface.co/api/models/meta-models/Muse-Glimmer-30B/tree/main/additional_chat_templates?recursive=false&expand=false "HTTP/1.1 404 Not Found"
2026-08-12 02:48:08.311 - httpx - INFO - HTTP Request: GET https://huggingface.co/api/models/meta-models/Muse-Glimmer-30B/tree/main?recursive=true&expand=false "HTTP/1.1 200 OK"
2026-08-12 02:48:08.402 - httpx - INFO - HTTP Request: HEAD https://huggingface.co/meta-models/Muse-Glimmer-30B/resolve/main/tokenizer.json "HTTP/1.1 302 Found"
2026-08-12 02:48:08.500 - httpx - INFO - HTTP Request: GET https://huggingface.co/api/models/meta-models/Muse-Glimmer-30B/xet-read-token/a4e59da52a7bc87ae7251dd5545c0dd437c44b68 "HTTP/1.1 200 OK"
2026-08-12 02:48:09.768 - httpx - INFO - HTTP Request: HEAD https://huggingface.co/meta-models/Muse-Glimmer-30B/resolve/main/tokenizer.model "HTTP/1.1 404 Not Found"
2026-08-12 02:48:09.854 - httpx - INFO - HTTP Request: HEAD https://huggingface.co/meta-models/Muse-Glimmer-30B/resolve/main/added_tokens.json "HTTP/1.1 404 Not Found"
2026-08-12 02:48:09.945 - httpx - INFO - HTTP Request: HEAD https://huggingface.co/meta-models/Muse-Glimmer-30B/resolve/main/special_tokens_map.json "HTTP/1.1 404 Not Found"
2026-08-12 02:48:10.029 - httpx - INFO - HTTP Request: HEAD https://huggingface.co/meta-models/Muse-Glimmer-30B/resolve/main/chat_template.jinja "HTTP/1.1 307 Temporary Redirect"
2026-08-12 02:48:10.044 - httpx - INFO - HTTP Request: HEAD https://huggingface.co/api/resolve-cache/models/meta-models/Muse-Glimmer-30B/a4e59da52a7bc87ae7251dd5545c0dd437c44b68/chat_template.jinja "HTTP/1.1 200 OK"
2026-08-12 02:48:10.056 - httpx - INFO - HTTP Request: GET https://huggingface.co/api/resolve-cache/models/meta-models/Muse-Glimmer-30B/a4e59da52a7bc87ae7251dd5545c0dd437c44b68/chat_template.jinja "HTTP/1.1 200 OK"
2026-08-12 02:48:11.685 - httpx - INFO - HTTP Request: GET https://huggingface.co/api/models/meta-models/Muse-Glimmer-30B "HTTP/1.1 200 OK"
2026-08-12 02:48:11.784 - aiperf.config.resolution.resolvers - INFO -   Cached meta-models/Muse-Glimmer-30B (4.78s)
2026-08-12 02:48:11.814 - aiperf.config.resolution.resolvers - INFO - 1 tokenizer cached • 4.8s
2026-08-12 02:48:12.300 - server_metrics_manager - INFO - Server Metrics: Discovered 1 endpoints: ['http://localhost:30000/metrics']
2026-08-12 02:48:12.332 - GPUTelemetryJSONLWriter_ee2f8de3 - INFO - GPU telemetry export enabled: /output/gpu_telemetry_export.jsonl
2026-08-12 02:48:12.343 - system_controller - INFO - Registered Gpu Telemetry Manager (id: 'gpu_telemetry_manager')
2026-08-12 02:48:12.345 - OTelMetricsResultsProcessor_357a677e - INFO - Telemetry streaming is disabled (set --otel-url and/or --mlflow-tracking-uri to enable)
2026-08-12 02:48:12.346 - system_controller - INFO - Registered Worker Manager (id: 'worker_manager')
2026-08-12 02:48:12.349 - RecordExportJSONLWriter_41f0bac7 - INFO - Record metrics export enabled: /output/profile_export.jsonl
2026-08-12 02:48:12.395 - system_controller - INFO - Registered Dataset Manager (id: 'dataset_manager')
2026-08-12 02:48:12.405 - system_controller - INFO - Registered Server Metrics Manager (id: 'server_metrics_manager')
2026-08-12 02:48:12.449 - system_controller - INFO - Registered Record Processor (id: 'record_processor_100da700')
2026-08-12 02:48:12.461 - system_controller - INFO - Registered Records Manager (id: 'records_manager')
2026-08-12 02:48:12.550 - system_controller - INFO - Registered Record Processor (id: 'record_processor_83a9a7c8')
2026-08-12 02:48:12.618 - system_controller - INFO - Registered Timing Manager (id: 'timing_manager')
2026-08-12 02:48:12.666 - system_controller - INFO - Registered Worker (id: 'worker_cfa8441d')
2026-08-12 02:48:12.719 - system_controller - INFO - Registered Worker (id: 'worker_cca90c88')
2026-08-12 02:48:12.720 - system_controller - INFO - Registered Worker (id: 'worker_f7cd9cad')
2026-08-12 02:48:12.724 - system_controller - INFO - AIPerf System is CONFIGURING
2026-08-12 02:48:12.724 - system_controller - INFO - Configuring all services to start profiling
2026-08-12 02:48:12.725 - timing_manager - INFO - Waiting for dataset to be configured before configuring timing
2026-08-12 02:48:12.725 - InferenceResultParser_0d5f7343 - INFO - Configuring tokenizers for inference result parser (resolve_alias: True)
2026-08-12 02:48:12.725 - InferenceResultParser_d453a143 - INFO - Configuring tokenizers for inference result parser (resolve_alias: True)
2026-08-12 02:48:12.726 - dataset_manager - INFO - Configuring tokenizer(s) for dataset manager
2026-08-12 02:48:12.731 - system_controller - INFO - Server metrics disabled - no Prometheus endpoints reachable
2026-08-12 02:48:12.731 - system_controller - INFO - Waiting for result domains: profile, telemetry
2026-08-12 02:48:12.742 - system_controller - INFO - Registered Worker (id: 'worker_dc66d69a')
2026-08-12 02:48:12.743 - system_controller - INFO - Registered Worker (id: 'worker_174f0d38')
2026-08-12 02:48:12.756 - gpu_telemetry_manager - INFO - GPU Telemetry: Capturing baseline metrics from pynvml://localhost
2026-08-12 02:48:12.762 - system_controller - INFO - Registered Worker (id: 'worker_6d7ce03e')
2026-08-12 02:48:12.764 - pynvml_collector - INFO - PyNVML initialized with 1 GPU(s) (0 with GPM support)
2026-08-12 02:48:12.765 - system_controller - INFO - Registered Worker (id: 'worker_42e1c326')
2026-08-12 02:48:12.780 - system_controller - INFO - DCGM telemetry enabled - 1/1 endpoint(s) reachable
2026-08-12 02:48:12.799 - system_controller - INFO - Registered Worker (id: 'worker_7e69ec37')
2026-08-12 02:48:13.311 - httpx - INFO - HTTP Request: HEAD https://huggingface.co/meta-models/Muse-Glimmer-30B/resolve/main/config.json "HTTP/1.1 307 Temporary Redirect"
2026-08-12 02:48:13.312 - huggingface_hub.utils._http - WARNING - Warning: You are sending unauthenticated requests to the HF Hub. Please set a HF_TOKEN to enable higher rate limits and faster downloads.
2026-08-12 02:48:13.316 - httpx - INFO - HTTP Request: HEAD https://huggingface.co/meta-models/Muse-Glimmer-30B/resolve/main/config.json "HTTP/1.1 307 Temporary Redirect"
2026-08-12 02:48:13.317 - httpx - INFO - HTTP Request: HEAD https://huggingface.co/meta-models/Muse-Glimmer-30B/resolve/main/config.json "HTTP/1.1 307 Temporary Redirect"
2026-08-12 02:48:13.325 - httpx - INFO - HTTP Request: HEAD https://huggingface.co/api/resolve-cache/models/meta-models/Muse-Glimmer-30B/a4e59da52a7bc87ae7251dd5545c0dd437c44b68/config.json "HTTP/1.1 200 OK"
2026-08-12 02:48:13.327 - httpx - INFO - HTTP Request: HEAD https://huggingface.co/api/resolve-cache/models/meta-models/Muse-Glimmer-30B/a4e59da52a7bc87ae7251dd5545c0dd437c44b68/config.json "HTTP/1.1 200 OK"
2026-08-12 02:48:13.327 - httpx - INFO - HTTP Request: HEAD https://huggingface.co/api/resolve-cache/models/meta-models/Muse-Glimmer-30B/a4e59da52a7bc87ae7251dd5545c0dd437c44b68/config.json "HTTP/1.1 200 OK"
2026-08-12 02:48:13.410 - httpx - INFO - HTTP Request: HEAD https://huggingface.co/meta-models/Muse-Glimmer-30B/resolve/main/config.json "HTTP/1.1 307 Temporary Redirect"
2026-08-12 02:48:13.410 - huggingface_hub.utils._http - WARNING - Warning: You are sending unauthenticated requests to the HF Hub. Please set a HF_TOKEN to enable higher rate limits and faster downloads.
2026-08-12 02:48:13.417 - httpx - INFO - HTTP Request: HEAD https://huggingface.co/meta-models/Muse-Glimmer-30B/resolve/main/config.json "HTTP/1.1 307 Temporary Redirect"
2026-08-12 02:48:13.417 - huggingface_hub.utils._http - WARNING - Warning: You are sending unauthenticated requests to the HF Hub. Please set a HF_TOKEN to enable higher rate limits and faster downloads.
2026-08-12 02:48:13.424 - httpx - INFO - HTTP Request: HEAD https://huggingface.co/api/resolve-cache/models/meta-models/Muse-Glimmer-30B/a4e59da52a7bc87ae7251dd5545c0dd437c44b68/config.json "HTTP/1.1 200 OK"
2026-08-12 02:48:13.431 - httpx - INFO - HTTP Request: HEAD https://huggingface.co/api/resolve-cache/models/meta-models/Muse-Glimmer-30B/a4e59da52a7bc87ae7251dd5545c0dd437c44b68/config.json "HTTP/1.1 200 OK"
2026-08-12 02:48:13.455 - httpx - INFO - HTTP Request: HEAD https://huggingface.co/meta-models/Muse-Glimmer-30B/resolve/main/config.json "HTTP/1.1 307 Temporary Redirect"
2026-08-12 02:48:13.473 - httpx - INFO - HTTP Request: HEAD https://huggingface.co/api/resolve-cache/models/meta-models/Muse-Glimmer-30B/a4e59da52a7bc87ae7251dd5545c0dd437c44b68/config.json "HTTP/1.1 200 OK"
2026-08-12 02:48:13.510 - httpx - INFO - HTTP Request: HEAD https://huggingface.co/meta-models/Muse-Glimmer-30B/resolve/main/tokenizer_config.json "HTTP/1.1 307 Temporary Redirect"
2026-08-12 02:48:13.518 - httpx - INFO - HTTP Request: HEAD https://huggingface.co/meta-models/Muse-Glimmer-30B/resolve/main/tokenizer_config.json "HTTP/1.1 307 Temporary Redirect"
2026-08-12 02:48:13.524 - httpx - INFO - HTTP Request: HEAD https://huggingface.co/api/resolve-cache/models/meta-models/Muse-Glimmer-30B/a4e59da52a7bc87ae7251dd5545c0dd437c44b68/tokenizer_config.json "HTTP/1.1 200 OK"
2026-08-12 02:48:13.530 - httpx - INFO - HTTP Request: HEAD https://huggingface.co/api/resolve-cache/models/meta-models/Muse-Glimmer-30B/a4e59da52a7bc87ae7251dd5545c0dd437c44b68/tokenizer_config.json "HTTP/1.1 200 OK"
2026-08-12 02:48:13.579 - httpx - INFO - HTTP Request: HEAD https://huggingface.co/meta-models/Muse-Glimmer-30B/resolve/main/tokenizer_config.json "HTTP/1.1 307 Temporary Redirect"
2026-08-12 02:48:13.594 - httpx - INFO - HTTP Request: HEAD https://huggingface.co/api/resolve-cache/models/meta-models/Muse-Glimmer-30B/a4e59da52a7bc87ae7251dd5545c0dd437c44b68/tokenizer_config.json "HTTP/1.1 200 OK"
2026-08-12 02:48:13.611 - httpx - INFO - HTTP Request: GET https://huggingface.co/api/models/meta-models/Muse-Glimmer-30B/tree/main/additional_chat_templates?recursive=false&expand=false "HTTP/1.1 404 Not Found"
2026-08-12 02:48:13.620 - httpx - INFO - HTTP Request: GET https://huggingface.co/api/models/meta-models/Muse-Glimmer-30B/tree/main/additional_chat_templates?recursive=false&expand=false "HTTP/1.1 404 Not Found"
2026-08-12 02:48:13.695 - httpx - INFO - HTTP Request: GET https://huggingface.co/api/models/meta-models/Muse-Glimmer-30B/tree/main/additional_chat_templates?recursive=false&expand=false "HTTP/1.1 404 Not Found"
2026-08-12 02:48:13.700 - httpx - INFO - HTTP Request: GET https://huggingface.co/api/models/meta-models/Muse-Glimmer-30B/tree/main?recursive=true&expand=false "HTTP/1.1 200 OK"
2026-08-12 02:48:13.709 - httpx - INFO - HTTP Request: GET https://huggingface.co/api/models/meta-models/Muse-Glimmer-30B/tree/main?recursive=true&expand=false "HTTP/1.1 200 OK"
2026-08-12 02:48:13.788 - httpx - INFO - HTTP Request: GET https://huggingface.co/api/models/meta-models/Muse-Glimmer-30B/tree/main?recursive=true&expand=false "HTTP/1.1 200 OK"
2026-08-12 02:48:15.408 - httpx - INFO - HTTP Request: GET https://huggingface.co/api/models/meta-models/Muse-Glimmer-30B "HTTP/1.1 200 OK"
2026-08-12 02:48:15.463 - InferenceResultParser_0d5f7343 - INFO - Initialized tokenizers: {'meta-models/Muse-Glimmer-30B': {'class': 'TokenizersBackend', 'name_or_path': 'meta-models/Muse-Glimmer-30B'}} in 2.74 seconds
2026-08-12 02:48:15.702 - httpx - INFO - HTTP Request: GET https://huggingface.co/api/models/meta-models/Muse-Glimmer-30B "HTTP/1.1 200 OK"
2026-08-12 02:48:15.743 - httpx - INFO - HTTP Request: GET https://huggingface.co/api/models/meta-models/Muse-Glimmer-30B "HTTP/1.1 200 OK"
2026-08-12 02:48:15.759 - InferenceResultParser_d453a143 - INFO - Initialized tokenizers: {'meta-models/Muse-Glimmer-30B': {'class': 'TokenizersBackend', 'name_or_path': 'meta-models/Muse-Glimmer-30B'}} in 3.03 seconds
2026-08-12 02:48:15.804 - dataset_manager - INFO - Tokenizer(s) configured in 3.08 seconds
2026-08-12 02:48:15.804 - dataset_manager - INFO - Configuring dataset for dataset_manager
2026-08-12 02:48:16.081 - CustomDatasetComposer - INFO - Using explicit dataset format: multi_turn
2026-08-12 02:48:16.149 - MemoryMapDatasetBackingStore_f9d086cf - INFO - Memory-mapped backing store initialized (streaming to /tmp/aiperf_mmap_6a0feaf97f08/dataset.dat)
2026-08-12 02:48:16.165 - MemoryMapDatasetBackingStore_f9d086cf - INFO - Data file finalized: 500 conversations, 1.23 MB
2026-08-12 02:48:16.166 - MemoryMapDatasetBackingStore_f9d086cf - INFO - Index file created: /tmp/aiperf_mmap_6a0feaf97f08/index.dat
2026-08-12 02:48:16.166 - dataset_manager - INFO - Backing store finalized: client_type=DatasetClientStoreType.MEMORY_MAP format=MemoryMapFormat.CONVERSATION data_file_path=PosixPath('/tmp/aiperf_mmap_6a0feaf97f08/dataset.dat') index_file_path=PosixPath('/tmp/aiperf_mmap_6a0feaf97f08/index.dat') conversation_count=500 total_size_bytes=1284882 compressed=False compressed_data_file_path=None compressed_index_file_path=None compressed_size_bytes=0
2026-08-12 02:48:16.175 - dataset_manager - INFO - sampling strategy: sequential, unique conversations: 500, unique turn count: 1783
2026-08-12 02:48:16.180 - dataset_manager - INFO - Generating inputs.json file at /output/inputs.json
2026-08-12 02:48:16.188 - system_controller - WARNING - Received command response for service we were not expecting: worker_174f0d38. Ignoring.
2026-08-12 02:48:16.188 - system_controller - WARNING - Received command response for service we were not expecting: worker_7e69ec37. Ignoring.
2026-08-12 02:48:16.192 - PhaseOrchestrator_a6129f12 - INFO - Initialized 2 phase(s): ['Warmup', 'Profiling']
2026-08-12 02:48:16.192 - system_controller - WARNING - Received command response for service we were not expecting: worker_6d7ce03e. Ignoring.
2026-08-12 02:48:16.192 - system_controller - WARNING - Received command response for service we were not expecting: worker_42e1c326. Ignoring.
2026-08-12 02:48:16.192 - system_controller - WARNING - Received command response for service we were not expecting: worker_dc66d69a. Ignoring.
2026-08-12 02:48:16.193 - dataset_manager - INFO - inputs.json file generated in 0.01 seconds
2026-08-12 02:48:16.325 - dataset_manager - INFO - Dataset client initialized and freed 500 conversations from memory
2026-08-12 02:48:16.325 - dataset_manager - INFO - Dataset configured in 0.52 seconds
2026-08-12 02:48:16.326 - system_controller - INFO - All services configured in 3.60 seconds
2026-08-12 02:48:16.326 - system_controller - INFO - AIPerf System is CONFIGURED
2026-08-12 02:48:16.329 - system_controller - INFO - All services started profiling successfully
2026-08-12 02:48:16.329 - system_controller - INFO - AIPerf System is PROFILING
2026-08-12 02:48:16.335 - RateTiming - INFO - Creating interval generator: pattern=concurrency_burst, rate=None, smoothness=None
2026-08-12 02:48:16.335 - PhaseRunner - NOTICE - Phase warmup (warmup) started | phase_index=0 | target: 3 requests
2026-08-12 02:48:16.336 - PhaseRunner - NOTICE - Phase warmup (warmup) sending complete | sent=3, completed=0, in_flight=3 | sessions: sent=3, completed=0
2026-08-12 02:48:16.336 - records_manager - INFO - Credit phase start: warmup
2026-08-12 02:48:38.605 - PhaseRunner - NOTICE - Phase warmup (warmup) complete | completed=3, cancelled=0, errors=0 | sessions: completed=0, cancelled=0 | elapsed=22.27s
2026-08-12 02:48:38.607 - RateTiming - INFO - Creating interval generator: pattern=concurrency_burst, rate=None, smoothness=None
2026-08-12 02:48:38.607 - PhaseRunner - NOTICE - Phase profiling (profiling) started | phase_index=1 | profiling_index=0 | target: 50 requests, 50 sessions
2026-08-12 02:48:38.608 - records_manager - INFO - Credit phase start: profiling
2026-08-12 02:49:03.067 - aiperf.metrics.types.osl_mismatch_metrics - WARNING - OSL mismatch: got 46 tokens (requested 49, diff -6.1%)
2026-08-12 02:50:10.384 - aiperf.metrics.types.osl_mismatch_metrics - WARNING - OSL mismatch: got 26 tokens (requested 29, diff -10.3%)
2026-08-12 02:50:36.246 - PhaseRunner - NOTICE - Phase profiling (profiling) sending complete | sent=50, completed=42, in_flight=8 | sessions: sent=20, completed=12
2026-08-12 02:50:36.247 - records_manager - INFO - Sent 50 requests. Waiting for all to complete...
2026-08-12 02:50:51.203 - PhaseRunner - NOTICE - Phase profiling (profiling) complete | completed=50, cancelled=0, errors=0 | sessions: completed=14, cancelled=0 | elapsed=132.60s
2026-08-12 02:50:51.204 - PhaseOrchestrator_a6129f12 - NOTICE - All credits completed
2026-08-12 02:50:51.205 - records_manager - INFO - Received CREDIT_PHASE_COMPLETE message, Phase complete: PhaseRecordsStats(phase=CreditPhase.PROFILING, phase_index=1, profiling_index=0, phase_name='profiling', phase_kind='profiling', start_ns=1786502918607404068, sent_end_ns=1786503036246143906, requests_end_ns=1786503051203141499, baseline_start_ns=1786502918607389396, baseline_end_ns=1786503051203148955, total_expected_requests=50, expected_duration_sec=None, expected_num_sessions=None, expected_grace_period_sec=None, final_requests_sent=None, final_requests_completed=50, final_requests_cancelled=0, final_request_errors=0, final_sent_sessions=None, final_completed_sessions=None, final_cancelled_sessions=None, timeout_triggered=False, grace_period_timeout_triggered=False, was_cancelled=False, records_end_ns=None, success_records=49, error_records=0)
2026-08-12 02:50:51.205 - system_controller - INFO - Received credits complete from 'timing_manager'
2026-08-12 02:50:51.205 - records_manager - NOTICE - All requests have completed, please wait for the results to be processed (currently 49 of 50 records processed)...
2026-08-12 02:50:51.205 - records_manager - INFO - All credits complete, please wait for the results to be processed...
2026-08-12 02:50:51.212 - records_manager - INFO - Processed 50 valid requests and 0 errors (50 total).
2026-08-12 02:50:51.213 - records_manager - INFO - Received all records, processing now...
2026-08-12 02:50:51.214 - gpu_telemetry_manager - INFO - GPU Telemetry: Profiling complete, capturing final metrics...
2026-08-12 02:50:51.214 - records_manager - INFO - Waiting 2.0s for server metrics flush period...
2026-08-12 02:50:53.203 - records_manager - INFO - Processing records results...
2026-08-12 02:50:53.258 - records_manager - INFO - _finalize_and_process_results completed
2026-08-12 02:50:53.259 - system_controller - INFO - Waiting for result domains: telemetry
2026-08-12 02:50:53.259 - system_controller - INFO - All results received, initiating shutdown
2026-08-12 02:50:53.865 - ExporterManager - INFO - Exporting all records
2026-08-12 02:50:53.938 - ExporterManager - INFO - Exporting console data
