2026-08-12 03:14:32.958 - aiperf.cli_runner._single_run - INFO - Starting AIPerf System
2026-08-12 03:14:33.407 - httpx - INFO - HTTP Request: GET https://huggingface.co/api/models/meta-models/Muse-Glimmer-30B "HTTP/1.1 200 OK"
2026-08-12 03:14:33.411 - aiperf.config.resolution.resolvers - INFO - [OK] Tokenizer meta-models/Muse-Glimmer-30B detected
2026-08-12 03:14:33.411 - aiperf.config.resolution.resolvers - INFO - 1 tokenizer validated | 0.4s
2026-08-12 03:14:33.411 - aiperf.config.resolution.resolvers - INFO - Prefetching 1 tokenizer into HF cache...
2026-08-12 03:14:34.241 - httpx - INFO - HTTP Request: HEAD https://huggingface.co/meta-models/Muse-Glimmer-30B/resolve/main/config.json "HTTP/1.1 307 Temporary Redirect"
2026-08-12 03:14:34.241 - huggingface_hub.utils._http - WARNING - Warning: You are sending unauthenticated requests to the HF Hub. Please set a HF_TOKEN to enable higher rate limits and faster downloads.
2026-08-12 03:14:34.254 - httpx - INFO - HTTP Request: HEAD https://huggingface.co/api/resolve-cache/models/meta-models/Muse-Glimmer-30B/a4e59da52a7bc87ae7251dd5545c0dd437c44b68/config.json "HTTP/1.1 200 OK"
2026-08-12 03:14:34.271 - httpx - INFO - HTTP Request: GET https://huggingface.co/api/resolve-cache/models/meta-models/Muse-Glimmer-30B/a4e59da52a7bc87ae7251dd5545c0dd437c44b68/config.json "HTTP/1.1 200 OK"
2026-08-12 03:14:34.408 - httpx - INFO - HTTP Request: HEAD https://huggingface.co/meta-models/Muse-Glimmer-30B/resolve/main/config.json "HTTP/1.1 307 Temporary Redirect"
2026-08-12 03:14:34.423 - httpx - INFO - HTTP Request: HEAD https://huggingface.co/api/resolve-cache/models/meta-models/Muse-Glimmer-30B/a4e59da52a7bc87ae7251dd5545c0dd437c44b68/config.json "HTTP/1.1 200 OK"
2026-08-12 03:14:34.512 - httpx - INFO - HTTP Request: HEAD https://huggingface.co/meta-models/Muse-Glimmer-30B/resolve/main/tokenizer_config.json "HTTP/1.1 307 Temporary Redirect"
2026-08-12 03:14:34.525 - httpx - INFO - HTTP Request: HEAD https://huggingface.co/api/resolve-cache/models/meta-models/Muse-Glimmer-30B/a4e59da52a7bc87ae7251dd5545c0dd437c44b68/tokenizer_config.json "HTTP/1.1 200 OK"
2026-08-12 03:14:34.539 - httpx - INFO - HTTP Request: GET https://huggingface.co/api/resolve-cache/models/meta-models/Muse-Glimmer-30B/a4e59da52a7bc87ae7251dd5545c0dd437c44b68/tokenizer_config.json "HTTP/1.1 200 OK"
2026-08-12 03:14:34.628 - httpx - INFO - HTTP Request: GET https://huggingface.co/api/models/meta-models/Muse-Glimmer-30B/tree/main/additional_chat_templates?recursive=false&expand=false "HTTP/1.1 404 Not Found"
2026-08-12 03:14:34.719 - httpx - INFO - HTTP Request: GET https://huggingface.co/api/models/meta-models/Muse-Glimmer-30B/tree/main?recursive=true&expand=false "HTTP/1.1 200 OK"
2026-08-12 03:14:34.808 - httpx - INFO - HTTP Request: HEAD https://huggingface.co/meta-models/Muse-Glimmer-30B/resolve/main/tokenizer.json "HTTP/1.1 302 Found"
2026-08-12 03:14:34.928 - httpx - INFO - HTTP Request: GET https://huggingface.co/api/models/meta-models/Muse-Glimmer-30B/xet-read-token/a4e59da52a7bc87ae7251dd5545c0dd437c44b68 "HTTP/1.1 200 OK"
2026-08-12 03:14:36.024 - httpx - INFO - HTTP Request: HEAD https://huggingface.co/meta-models/Muse-Glimmer-30B/resolve/main/tokenizer.model "HTTP/1.1 404 Not Found"
2026-08-12 03:14:36.192 - httpx - INFO - HTTP Request: HEAD https://huggingface.co/meta-models/Muse-Glimmer-30B/resolve/main/added_tokens.json "HTTP/1.1 404 Not Found"
2026-08-12 03:14:36.278 - httpx - INFO - HTTP Request: HEAD https://huggingface.co/meta-models/Muse-Glimmer-30B/resolve/main/special_tokens_map.json "HTTP/1.1 404 Not Found"
2026-08-12 03:14:36.361 - httpx - INFO - HTTP Request: HEAD https://huggingface.co/meta-models/Muse-Glimmer-30B/resolve/main/chat_template.jinja "HTTP/1.1 307 Temporary Redirect"
2026-08-12 03:14:36.376 - httpx - INFO - HTTP Request: HEAD https://huggingface.co/api/resolve-cache/models/meta-models/Muse-Glimmer-30B/a4e59da52a7bc87ae7251dd5545c0dd437c44b68/chat_template.jinja "HTTP/1.1 200 OK"
2026-08-12 03:14:36.389 - httpx - INFO - HTTP Request: GET https://huggingface.co/api/resolve-cache/models/meta-models/Muse-Glimmer-30B/a4e59da52a7bc87ae7251dd5545c0dd437c44b68/chat_template.jinja "HTTP/1.1 200 OK"
2026-08-12 03:14:38.041 - httpx - INFO - HTTP Request: GET https://huggingface.co/api/models/meta-models/Muse-Glimmer-30B "HTTP/1.1 200 OK"
2026-08-12 03:14:38.143 - aiperf.config.resolution.resolvers - INFO -   Cached meta-models/Muse-Glimmer-30B (4.72s)
2026-08-12 03:14:38.205 - aiperf.config.resolution.resolvers - INFO - 1 tokenizer cached • 4.8s
2026-08-12 03:14:38.637 - server_metrics_manager - INFO - Server Metrics: Discovered 1 endpoints: ['http://localhost:30000/metrics']
2026-08-12 03:14:38.654 - GPUTelemetryJSONLWriter_acb838e6 - INFO - GPU telemetry export enabled: /output/gpu_telemetry_export.jsonl
2026-08-12 03:14:38.664 - OTelMetricsResultsProcessor_250b40ea - INFO - Telemetry streaming is disabled (set --otel-url and/or --mlflow-tracking-uri to enable)
2026-08-12 03:14:38.668 - RecordExportJSONLWriter_00d91156 - INFO - Record metrics export enabled: /output/profile_export.jsonl
2026-08-12 03:14:38.682 - system_controller - INFO - Registered Worker Manager (id: 'worker_manager')
2026-08-12 03:14:38.742 - system_controller - INFO - Registered Gpu Telemetry Manager (id: 'gpu_telemetry_manager')
2026-08-12 03:14:38.742 - system_controller - INFO - Registered Dataset Manager (id: 'dataset_manager')
2026-08-12 03:14:38.743 - system_controller - INFO - Registered Server Metrics Manager (id: 'server_metrics_manager')
2026-08-12 03:14:38.793 - system_controller - INFO - Registered Records Manager (id: 'records_manager')
2026-08-12 03:14:38.798 - system_controller - INFO - Registered Record Processor (id: 'record_processor_efdec8f9')
2026-08-12 03:14:38.802 - system_controller - INFO - Registered Record Processor (id: 'record_processor_ff820d0d')
2026-08-12 03:14:38.873 - system_controller - INFO - Registered Timing Manager (id: 'timing_manager')
2026-08-12 03:14:39.070 - system_controller - INFO - AIPerf System is CONFIGURING
2026-08-12 03:14:39.070 - system_controller - INFO - Configuring all services to start profiling
2026-08-12 03:14:39.071 - timing_manager - INFO - Waiting for dataset to be configured before configuring timing
2026-08-12 03:14:39.071 - InferenceResultParser_794265e1 - INFO - Configuring tokenizers for inference result parser (resolve_alias: True)
2026-08-12 03:14:39.071 - InferenceResultParser_ad82d040 - INFO - Configuring tokenizers for inference result parser (resolve_alias: True)
2026-08-12 03:14:39.072 - dataset_manager - INFO - Configuring tokenizer(s) for dataset manager
2026-08-12 03:14:39.077 - system_controller - INFO - Server metrics disabled - no Prometheus endpoints reachable
2026-08-12 03:14:39.077 - system_controller - INFO - Waiting for result domains: profile, telemetry
2026-08-12 03:14:39.084 - system_controller - INFO - Registered Worker (id: 'worker_395f8644')
2026-08-12 03:14:39.091 - system_controller - INFO - Registered Worker (id: 'worker_6b900d2a')
2026-08-12 03:14:39.097 - system_controller - INFO - Registered Worker (id: 'worker_c154d39f')
2026-08-12 03:14:39.097 - system_controller - INFO - Registered Worker (id: 'worker_d9609973')
2026-08-12 03:14:39.107 - system_controller - INFO - Registered Worker (id: 'worker_bc12cbb3')
2026-08-12 03:14:39.107 - gpu_telemetry_manager - INFO - GPU Telemetry: Capturing baseline metrics from pynvml://localhost
2026-08-12 03:14:39.113 - system_controller - INFO - Registered Worker (id: 'worker_b766ed52')
2026-08-12 03:14:39.117 - system_controller - INFO - Registered Worker (id: 'worker_8dffc55d')
2026-08-12 03:14:39.117 - pynvml_collector - INFO - PyNVML initialized with 1 GPU(s) (0 with GPM support)
2026-08-12 03:14:39.125 - system_controller - INFO - Registered Worker (id: 'worker_c4e064ab')
2026-08-12 03:14:39.134 - system_controller - INFO - DCGM telemetry enabled - 1/1 endpoint(s) reachable
2026-08-12 03:14:39.631 - httpx - INFO - HTTP Request: HEAD https://huggingface.co/meta-models/Muse-Glimmer-30B/resolve/main/config.json "HTTP/1.1 307 Temporary Redirect"
2026-08-12 03:14:39.631 - huggingface_hub.utils._http - WARNING - Warning: You are sending unauthenticated requests to the HF Hub. Please set a HF_TOKEN to enable higher rate limits and faster downloads.
2026-08-12 03:14:39.634 - httpx - INFO - HTTP Request: HEAD https://huggingface.co/meta-models/Muse-Glimmer-30B/resolve/main/config.json "HTTP/1.1 307 Temporary Redirect"
2026-08-12 03:14:39.635 - huggingface_hub.utils._http - WARNING - Warning: You are sending unauthenticated requests to the HF Hub. Please set a HF_TOKEN to enable higher rate limits and faster downloads.
2026-08-12 03:14:39.649 - httpx - INFO - HTTP Request: HEAD https://huggingface.co/api/resolve-cache/models/meta-models/Muse-Glimmer-30B/a4e59da52a7bc87ae7251dd5545c0dd437c44b68/config.json "HTTP/1.1 200 OK"
2026-08-12 03:14:39.649 - httpx - INFO - HTTP Request: HEAD https://huggingface.co/api/resolve-cache/models/meta-models/Muse-Glimmer-30B/a4e59da52a7bc87ae7251dd5545c0dd437c44b68/config.json "HTTP/1.1 200 OK"
2026-08-12 03:14:39.659 - httpx - INFO - HTTP Request: HEAD https://huggingface.co/meta-models/Muse-Glimmer-30B/resolve/main/config.json "HTTP/1.1 307 Temporary Redirect"
2026-08-12 03:14:39.672 - httpx - INFO - HTTP Request: HEAD https://huggingface.co/api/resolve-cache/models/meta-models/Muse-Glimmer-30B/a4e59da52a7bc87ae7251dd5545c0dd437c44b68/config.json "HTTP/1.1 200 OK"
2026-08-12 03:14:39.735 - httpx - INFO - HTTP Request: HEAD https://huggingface.co/meta-models/Muse-Glimmer-30B/resolve/main/config.json "HTTP/1.1 307 Temporary Redirect"
2026-08-12 03:14:39.735 - httpx - INFO - HTTP Request: HEAD https://huggingface.co/meta-models/Muse-Glimmer-30B/resolve/main/config.json "HTTP/1.1 307 Temporary Redirect"
2026-08-12 03:14:39.751 - httpx - INFO - HTTP Request: HEAD https://huggingface.co/api/resolve-cache/models/meta-models/Muse-Glimmer-30B/a4e59da52a7bc87ae7251dd5545c0dd437c44b68/config.json "HTTP/1.1 200 OK"
2026-08-12 03:14:39.751 - httpx - INFO - HTTP Request: HEAD https://huggingface.co/api/resolve-cache/models/meta-models/Muse-Glimmer-30B/a4e59da52a7bc87ae7251dd5545c0dd437c44b68/config.json "HTTP/1.1 200 OK"
2026-08-12 03:14:39.778 - httpx - INFO - HTTP Request: HEAD https://huggingface.co/meta-models/Muse-Glimmer-30B/resolve/main/config.json "HTTP/1.1 307 Temporary Redirect"
2026-08-12 03:14:39.778 - huggingface_hub.utils._http - WARNING - Warning: You are sending unauthenticated requests to the HF Hub. Please set a HF_TOKEN to enable higher rate limits and faster downloads.
2026-08-12 03:14:39.791 - httpx - INFO - HTTP Request: HEAD https://huggingface.co/api/resolve-cache/models/meta-models/Muse-Glimmer-30B/a4e59da52a7bc87ae7251dd5545c0dd437c44b68/config.json "HTTP/1.1 200 OK"
2026-08-12 03:14:39.840 - httpx - INFO - HTTP Request: HEAD https://huggingface.co/meta-models/Muse-Glimmer-30B/resolve/main/tokenizer_config.json "HTTP/1.1 307 Temporary Redirect"
2026-08-12 03:14:39.840 - httpx - INFO - HTTP Request: HEAD https://huggingface.co/meta-models/Muse-Glimmer-30B/resolve/main/tokenizer_config.json "HTTP/1.1 307 Temporary Redirect"
2026-08-12 03:14:39.856 - httpx - INFO - HTTP Request: HEAD https://huggingface.co/api/resolve-cache/models/meta-models/Muse-Glimmer-30B/a4e59da52a7bc87ae7251dd5545c0dd437c44b68/tokenizer_config.json "HTTP/1.1 200 OK"
2026-08-12 03:14:39.856 - httpx - INFO - HTTP Request: HEAD https://huggingface.co/api/resolve-cache/models/meta-models/Muse-Glimmer-30B/a4e59da52a7bc87ae7251dd5545c0dd437c44b68/tokenizer_config.json "HTTP/1.1 200 OK"
2026-08-12 03:14:39.880 - httpx - INFO - HTTP Request: HEAD https://huggingface.co/meta-models/Muse-Glimmer-30B/resolve/main/tokenizer_config.json "HTTP/1.1 307 Temporary Redirect"
2026-08-12 03:14:39.892 - httpx - INFO - HTTP Request: HEAD https://huggingface.co/api/resolve-cache/models/meta-models/Muse-Glimmer-30B/a4e59da52a7bc87ae7251dd5545c0dd437c44b68/tokenizer_config.json "HTTP/1.1 200 OK"
2026-08-12 03:14:39.944 - httpx - INFO - HTTP Request: GET https://huggingface.co/api/models/meta-models/Muse-Glimmer-30B/tree/main/additional_chat_templates?recursive=false&expand=false "HTTP/1.1 404 Not Found"
2026-08-12 03:14:39.944 - httpx - INFO - HTTP Request: GET https://huggingface.co/api/models/meta-models/Muse-Glimmer-30B/tree/main/additional_chat_templates?recursive=false&expand=false "HTTP/1.1 404 Not Found"
2026-08-12 03:14:39.981 - httpx - INFO - HTTP Request: GET https://huggingface.co/api/models/meta-models/Muse-Glimmer-30B/tree/main/additional_chat_templates?recursive=false&expand=false "HTTP/1.1 404 Not Found"
2026-08-12 03:14:40.036 - httpx - INFO - HTTP Request: GET https://huggingface.co/api/models/meta-models/Muse-Glimmer-30B/tree/main?recursive=true&expand=false "HTTP/1.1 200 OK"
2026-08-12 03:14:40.046 - httpx - INFO - HTTP Request: GET https://huggingface.co/api/models/meta-models/Muse-Glimmer-30B/tree/main?recursive=true&expand=false "HTTP/1.1 200 OK"
2026-08-12 03:14:40.077 - httpx - INFO - HTTP Request: GET https://huggingface.co/api/models/meta-models/Muse-Glimmer-30B/tree/main?recursive=true&expand=false "HTTP/1.1 200 OK"
2026-08-12 03:14:41.916 - httpx - INFO - HTTP Request: GET https://huggingface.co/api/models/meta-models/Muse-Glimmer-30B "HTTP/1.1 200 OK"
2026-08-12 03:14:41.941 - httpx - INFO - HTTP Request: GET https://huggingface.co/api/models/meta-models/Muse-Glimmer-30B "HTTP/1.1 200 OK"
2026-08-12 03:14:41.950 - httpx - INFO - HTTP Request: GET https://huggingface.co/api/models/meta-models/Muse-Glimmer-30B "HTTP/1.1 200 OK"
2026-08-12 03:14:41.981 - InferenceResultParser_ad82d040 - INFO - Initialized tokenizers: {'meta-models/Muse-Glimmer-30B': {'class': 'TokenizersBackend', 'name_or_path': 'meta-models/Muse-Glimmer-30B'}} in 2.91 seconds
2026-08-12 03:14:42.017 - InferenceResultParser_794265e1 - INFO - Initialized tokenizers: {'meta-models/Muse-Glimmer-30B': {'class': 'TokenizersBackend', 'name_or_path': 'meta-models/Muse-Glimmer-30B'}} in 2.95 seconds
2026-08-12 03:14:42.026 - dataset_manager - INFO - Tokenizer(s) configured in 2.95 seconds
2026-08-12 03:14:42.026 - dataset_manager - INFO - Configuring dataset for dataset_manager
2026-08-12 03:14:42.311 - CustomDatasetComposer - INFO - Using explicit dataset format: multi_turn
2026-08-12 03:14:42.379 - MemoryMapDatasetBackingStore_5cc6d3ef - INFO - Memory-mapped backing store initialized (streaming to /tmp/aiperf_mmap_e16f3c551c8a/dataset.dat)
2026-08-12 03:14:42.394 - MemoryMapDatasetBackingStore_5cc6d3ef - INFO - Data file finalized: 500 conversations, 1.25 MB
2026-08-12 03:14:42.395 - MemoryMapDatasetBackingStore_5cc6d3ef - INFO - Index file created: /tmp/aiperf_mmap_e16f3c551c8a/index.dat
2026-08-12 03:14:42.395 - dataset_manager - INFO - Backing store finalized: client_type=DatasetClientStoreType.MEMORY_MAP format=MemoryMapFormat.CONVERSATION data_file_path=PosixPath('/tmp/aiperf_mmap_e16f3c551c8a/dataset.dat') index_file_path=PosixPath('/tmp/aiperf_mmap_e16f3c551c8a/index.dat') conversation_count=500 total_size_bytes=1314418 compressed=False compressed_data_file_path=None compressed_index_file_path=None compressed_size_bytes=0
2026-08-12 03:14:42.404 - dataset_manager - INFO - sampling strategy: sequential, unique conversations: 500, unique turn count: 1783
2026-08-12 03:14:42.409 - dataset_manager - INFO - Generating inputs.json file at /output/inputs.json
2026-08-12 03:14:42.416 - system_controller - WARNING - Received command response for service we were not expecting: worker_395f8644. Ignoring.
2026-08-12 03:14:42.417 - system_controller - WARNING - Received command response for service we were not expecting: worker_bc12cbb3. Ignoring.
2026-08-12 03:14:42.417 - system_controller - WARNING - Received command response for service we were not expecting: worker_c4e064ab. Ignoring.
2026-08-12 03:14:42.417 - system_controller - WARNING - Received command response for service we were not expecting: worker_d9609973. Ignoring.
2026-08-12 03:14:42.417 - system_controller - WARNING - Received command response for service we were not expecting: worker_8dffc55d. Ignoring.
2026-08-12 03:14:42.419 - system_controller - WARNING - Received command response for service we were not expecting: worker_c154d39f. Ignoring.
2026-08-12 03:14:42.419 - PhaseOrchestrator_66141b3c - INFO - Initialized 2 phase(s): ['Warmup', 'Profiling']
2026-08-12 03:14:42.420 - system_controller - WARNING - Received command response for service we were not expecting: worker_6b900d2a. Ignoring.
2026-08-12 03:14:42.420 - system_controller - WARNING - Received command response for service we were not expecting: worker_b766ed52. Ignoring.
2026-08-12 03:14:42.421 - dataset_manager - INFO - inputs.json file generated in 0.01 seconds
2026-08-12 03:14:42.563 - dataset_manager - INFO - Dataset client initialized and freed 500 conversations from memory
2026-08-12 03:14:42.563 - dataset_manager - INFO - Dataset configured in 0.54 seconds
2026-08-12 03:14:42.564 - system_controller - INFO - All services configured in 3.49 seconds
2026-08-12 03:14:42.565 - system_controller - INFO - AIPerf System is CONFIGURED
2026-08-12 03:14:42.567 - system_controller - INFO - All services started profiling successfully
2026-08-12 03:14:42.567 - system_controller - INFO - AIPerf System is PROFILING
2026-08-12 03:14:42.572 - RateTiming - INFO - Creating interval generator: pattern=concurrency_burst, rate=None, smoothness=None
2026-08-12 03:14:42.573 - PhaseRunner - NOTICE - Phase warmup (warmup) started | phase_index=0 | target: 3 requests
2026-08-12 03:14:42.573 - PhaseRunner - NOTICE - Phase warmup (warmup) sending complete | sent=3, completed=0, in_flight=3 | sessions: sent=3, completed=0
2026-08-12 03:14:42.574 - records_manager - INFO - Credit phase start: warmup
2026-08-12 03:15:04.535 - PhaseRunner - NOTICE - Phase warmup (warmup) complete | completed=3, cancelled=0, errors=0 | sessions: completed=1, cancelled=0 | elapsed=21.96s
2026-08-12 03:15:04.537 - RateTiming - INFO - Creating interval generator: pattern=concurrency_burst, rate=None, smoothness=None
2026-08-12 03:15:04.537 - PhaseRunner - NOTICE - Phase profiling (profiling) started | phase_index=1 | profiling_index=0 | target: 50 requests, 50 sessions
2026-08-12 03:15:04.539 - records_manager - INFO - Credit phase start: profiling
2026-08-12 03:15:08.033 - aiperf.metrics.types.osl_mismatch_metrics - WARNING - OSL mismatch: got 26 tokens (requested 29, diff -10.3%)
2026-08-12 03:15:10.509 - aiperf.metrics.types.osl_mismatch_metrics - WARNING - OSL mismatch: got 46 tokens (requested 49, diff -6.1%)
2026-08-12 03:15:12.226 - aiperf.metrics.types.osl_mismatch_metrics - WARNING - OSL mismatch: got 23 tokens (requested 91, diff -74.7%)
2026-08-12 03:15:15.073 - aiperf.metrics.types.osl_mismatch_metrics - WARNING - OSL mismatch: got 18 tokens (requested 194, diff -90.7%)
2026-08-12 03:15:27.080 - aiperf.metrics.types.osl_mismatch_metrics - WARNING - OSL mismatch: got 10 tokens (requested 155, diff -93.5%)
2026-08-12 03:15:58.690 - aiperf.metrics.types.osl_mismatch_metrics - WARNING - OSL mismatch: got 19 tokens (requested 158, diff -88.0%)
2026-08-12 03:16:02.538 - aiperf.metrics.types.osl_mismatch_metrics - WARNING - OSL mismatch: got 17 tokens (requested 160, diff -89.4%)
2026-08-12 03:16:39.413 - PhaseRunner - NOTICE - Phase profiling (profiling) sending complete | sent=50, completed=42, in_flight=8 | sessions: sent=20, completed=12
2026-08-12 03:16:39.414 - records_manager - INFO - Sent 50 requests. Waiting for all to complete...
2026-08-12 03:17:02.247 - PhaseRunner - NOTICE - Phase profiling (profiling) complete | completed=50, cancelled=0, errors=0 | sessions: completed=12, cancelled=0 | elapsed=117.71s
2026-08-12 03:17:02.248 - PhaseOrchestrator_66141b3c - NOTICE - All credits completed
2026-08-12 03:17:02.249 - system_controller - INFO - Received credits complete from 'timing_manager'
2026-08-12 03:17:02.249 - records_manager - INFO - Received CREDIT_PHASE_COMPLETE message, Phase complete: PhaseRecordsStats(phase=CreditPhase.PROFILING, phase_index=1, profiling_index=0, phase_name='profiling', phase_kind='profiling', start_ns=1786504504537589965, sent_end_ns=1786504599413299927, requests_end_ns=1786504622247168637, baseline_start_ns=1786504504537574989, baseline_end_ns=1786504622247175405, total_expected_requests=50, expected_duration_sec=None, expected_num_sessions=None, expected_grace_period_sec=None, final_requests_sent=None, final_requests_completed=50, final_requests_cancelled=0, final_request_errors=0, final_sent_sessions=None, final_completed_sessions=None, final_cancelled_sessions=None, timeout_triggered=False, grace_period_timeout_triggered=False, was_cancelled=False, records_end_ns=None, success_records=49, error_records=0)
2026-08-12 03:17:02.249 - records_manager - NOTICE - All requests have completed, please wait for the results to be processed (currently 49 of 50 records processed)...
2026-08-12 03:17:02.249 - records_manager - INFO - All credits complete, please wait for the results to be processed...
2026-08-12 03:17:02.254 - records_manager - INFO - Processed 50 valid requests and 0 errors (50 total).
2026-08-12 03:17:02.254 - records_manager - INFO - Received all records, processing now...
2026-08-12 03:17:02.255 - gpu_telemetry_manager - INFO - GPU Telemetry: Profiling complete, capturing final metrics...
2026-08-12 03:17:02.256 - records_manager - INFO - Waiting 2.0s for server metrics flush period...
2026-08-12 03:17:04.247 - records_manager - INFO - Processing records results...
2026-08-12 03:17:04.338 - records_manager - INFO - _finalize_and_process_results completed
2026-08-12 03:17:04.339 - system_controller - INFO - Waiting for result domains: telemetry
2026-08-12 03:17:04.339 - system_controller - INFO - All results received, initiating shutdown
2026-08-12 03:17:04.944 - ExporterManager - INFO - Exporting all records
2026-08-12 03:17:04.985 - ExporterManager - INFO - Exporting console data
