2026-08-11 22:12:42.963 - aiperf.cli_runner._single_run - INFO - Starting AIPerf System
2026-08-11 22:12:43.407 - httpx - INFO - HTTP Request: GET https://huggingface.co/api/models/nvidia/NVIDIA-Nemotron-3.5-Lightning-30B-A3B-NVFP4 "HTTP/1.1 200 OK"
2026-08-11 22:12:43.429 - aiperf.config.resolution.resolvers - INFO - [OK] Tokenizer nvidia/NVIDIA-Nemotron-3.5-Lightning-30B-A3B-NVFP4 detected
2026-08-11 22:12:43.429 - aiperf.config.resolution.resolvers - INFO - 1 tokenizer validated | 0.5s
2026-08-11 22:12:43.429 - aiperf.config.resolution.resolvers - INFO - Prefetching 1 tokenizer into HF cache...
2026-08-11 22:12:44.263 - httpx - INFO - HTTP Request: HEAD https://huggingface.co/nvidia/NVIDIA-Nemotron-3.5-Lightning-30B-A3B-NVFP4/resolve/main/config.json "HTTP/1.1 307 Temporary Redirect"
2026-08-11 22:12:44.276 - httpx - INFO - HTTP Request: HEAD https://huggingface.co/api/resolve-cache/models/nvidia/NVIDIA-Nemotron-3.5-Lightning-30B-A3B-NVFP4/f9b0c83dc2e390069425f5b4d40006fd343d596c/config.json "HTTP/1.1 200 OK"
2026-08-11 22:12:44.293 - httpx - INFO - HTTP Request: GET https://huggingface.co/api/resolve-cache/models/nvidia/NVIDIA-Nemotron-3.5-Lightning-30B-A3B-NVFP4/f9b0c83dc2e390069425f5b4d40006fd343d596c/config.json "HTTP/1.1 200 OK"
2026-08-11 22:12:44.462 - httpx - INFO - HTTP Request: HEAD https://huggingface.co/nvidia/NVIDIA-Nemotron-3.5-Lightning-30B-A3B-NVFP4/resolve/main/tokenizer_config.json "HTTP/1.1 307 Temporary Redirect"
2026-08-11 22:12:44.462 - huggingface_hub.utils._http - WARNING - Warning: You are sending unauthenticated requests to the HF Hub. Please set a HF_TOKEN to enable higher rate limits and faster downloads.
2026-08-11 22:12:44.476 - httpx - INFO - HTTP Request: HEAD https://huggingface.co/api/resolve-cache/models/nvidia/NVIDIA-Nemotron-3.5-Lightning-30B-A3B-NVFP4/f9b0c83dc2e390069425f5b4d40006fd343d596c/tokenizer_config.json "HTTP/1.1 200 OK"
2026-08-11 22:12:44.493 - httpx - INFO - HTTP Request: GET https://huggingface.co/api/resolve-cache/models/nvidia/NVIDIA-Nemotron-3.5-Lightning-30B-A3B-NVFP4/f9b0c83dc2e390069425f5b4d40006fd343d596c/tokenizer_config.json "HTTP/1.1 200 OK"
2026-08-11 22:12:44.634 - httpx - INFO - HTTP Request: GET https://huggingface.co/api/models/nvidia/NVIDIA-Nemotron-3.5-Lightning-30B-A3B-NVFP4/tree/main/additional_chat_templates?recursive=false&expand=false "HTTP/1.1 404 Not Found"
2026-08-11 22:12:44.734 - httpx - INFO - HTTP Request: GET https://huggingface.co/api/models/nvidia/NVIDIA-Nemotron-3.5-Lightning-30B-A3B-NVFP4/tree/main?recursive=true&expand=false "HTTP/1.1 200 OK"
2026-08-11 22:12:44.864 - httpx - INFO - HTTP Request: HEAD https://huggingface.co/nvidia/NVIDIA-Nemotron-3.5-Lightning-30B-A3B-NVFP4/resolve/main/tokenizer.json "HTTP/1.1 302 Found"
2026-08-11 22:12:44.959 - httpx - INFO - HTTP Request: GET https://huggingface.co/api/models/nvidia/NVIDIA-Nemotron-3.5-Lightning-30B-A3B-NVFP4/xet-read-token/f9b0c83dc2e390069425f5b4d40006fd343d596c "HTTP/1.1 200 OK"
2026-08-11 22:12:45.928 - httpx - INFO - HTTP Request: HEAD https://huggingface.co/nvidia/NVIDIA-Nemotron-3.5-Lightning-30B-A3B-NVFP4/resolve/main/tokenizer.model "HTTP/1.1 404 Not Found"
2026-08-11 22:12:46.014 - httpx - INFO - HTTP Request: HEAD https://huggingface.co/nvidia/NVIDIA-Nemotron-3.5-Lightning-30B-A3B-NVFP4/resolve/main/added_tokens.json "HTTP/1.1 404 Not Found"
2026-08-11 22:12:46.103 - httpx - INFO - HTTP Request: HEAD https://huggingface.co/nvidia/NVIDIA-Nemotron-3.5-Lightning-30B-A3B-NVFP4/resolve/main/special_tokens_map.json "HTTP/1.1 307 Temporary Redirect"
2026-08-11 22:12:46.118 - httpx - INFO - HTTP Request: HEAD https://huggingface.co/api/resolve-cache/models/nvidia/NVIDIA-Nemotron-3.5-Lightning-30B-A3B-NVFP4/f9b0c83dc2e390069425f5b4d40006fd343d596c/special_tokens_map.json "HTTP/1.1 200 OK"
2026-08-11 22:12:46.132 - httpx - INFO - HTTP Request: GET https://huggingface.co/api/resolve-cache/models/nvidia/NVIDIA-Nemotron-3.5-Lightning-30B-A3B-NVFP4/f9b0c83dc2e390069425f5b4d40006fd343d596c/special_tokens_map.json "HTTP/1.1 200 OK"
2026-08-11 22:12:46.219 - httpx - INFO - HTTP Request: HEAD https://huggingface.co/nvidia/NVIDIA-Nemotron-3.5-Lightning-30B-A3B-NVFP4/resolve/main/chat_template.jinja "HTTP/1.1 307 Temporary Redirect"
2026-08-11 22:12:46.233 - httpx - INFO - HTTP Request: HEAD https://huggingface.co/api/resolve-cache/models/nvidia/NVIDIA-Nemotron-3.5-Lightning-30B-A3B-NVFP4/f9b0c83dc2e390069425f5b4d40006fd343d596c/chat_template.jinja "HTTP/1.1 200 OK"
2026-08-11 22:12:46.245 - httpx - INFO - HTTP Request: GET https://huggingface.co/api/resolve-cache/models/nvidia/NVIDIA-Nemotron-3.5-Lightning-30B-A3B-NVFP4/f9b0c83dc2e390069425f5b4d40006fd343d596c/chat_template.jinja "HTTP/1.1 200 OK"
2026-08-11 22:12:47.158 - httpx - INFO - HTTP Request: GET https://huggingface.co/api/models/nvidia/NVIDIA-Nemotron-3.5-Lightning-30B-A3B-NVFP4 "HTTP/1.1 200 OK"
2026-08-11 22:12:47.194 - aiperf.config.resolution.resolvers - INFO -   Cached nvidia/NVIDIA-Nemotron-3.5-Lightning-30B-A3B-NVFP4 (3.75s)
2026-08-11 22:12:47.251 - aiperf.config.resolution.resolvers - INFO - 1 tokenizer cached • 3.8s
2026-08-11 22:12:47.596 - system_controller - INFO - Registered Worker Manager (id: 'worker_manager')
2026-08-11 22:12:47.626 - server_metrics_manager - INFO - Server Metrics: Discovered 1 endpoints: ['http://localhost:8000/metrics']
2026-08-11 22:12:47.671 - GPUTelemetryJSONLWriter_9b14a99f - INFO - GPU telemetry export enabled: /output/gpu_telemetry_export.jsonl
2026-08-11 22:12:47.681 - OTelMetricsResultsProcessor_fc65fdbc - INFO - Telemetry streaming is disabled (set --otel-url and/or --mlflow-tracking-uri to enable)
2026-08-11 22:12:47.684 - RecordExportJSONLWriter_418918a1 - INFO - Record metrics export enabled: /output/profile_export.jsonl
2026-08-11 22:12:47.690 - system_controller - INFO - Registered Gpu Telemetry Manager (id: 'gpu_telemetry_manager')
2026-08-11 22:12:47.706 - system_controller - INFO - Registered Dataset Manager (id: 'dataset_manager')
2026-08-11 22:12:47.731 - system_controller - INFO - Registered Server Metrics Manager (id: 'server_metrics_manager')
2026-08-11 22:12:47.758 - system_controller - INFO - Registered Record Processor (id: 'record_processor_dd14ee05')
2026-08-11 22:12:47.791 - system_controller - INFO - Registered Records Manager (id: 'records_manager')
2026-08-11 22:12:47.937 - system_controller - INFO - Registered Worker (id: 'worker_7c20a43d')
2026-08-11 22:12:47.942 - system_controller - INFO - Registered Timing Manager (id: 'timing_manager')
2026-08-11 22:12:47.951 - system_controller - INFO - Registered Worker (id: 'worker_4238ac8b')
2026-08-11 22:12:48.074 - system_controller - INFO - AIPerf System is CONFIGURING
2026-08-11 22:12:48.074 - system_controller - INFO - Configuring all services to start profiling
2026-08-11 22:12:48.075 - timing_manager - INFO - Waiting for dataset to be configured before configuring timing
2026-08-11 22:12:48.075 - InferenceResultParser_0c6e6e53 - INFO - Configuring tokenizers for inference result parser (resolve_alias: True)
2026-08-11 22:12:48.076 - dataset_manager - INFO - Configuring tokenizer(s) for dataset manager
2026-08-11 22:12:48.083 - server_metrics_manager - INFO - Server Metrics: Capturing baseline metrics...
2026-08-11 22:12:48.100 - http://localhost:8000/metrics - INFO - Skipping unsupported summary metric: http_request_size_bytes
2026-08-11 22:12:48.100 - http://localhost:8000/metrics - INFO - Skipping unsupported summary metric: http_response_size_bytes
2026-08-11 22:12:48.102 - system_controller - INFO - Server metrics enabled - 1/1 endpoint(s) reachable.
2026-08-11 22:12:48.102 - system_controller - INFO - Waiting for result domains: profile, server_metrics, telemetry
2026-08-11 22:12:48.107 - gpu_telemetry_manager - INFO - GPU Telemetry: Capturing baseline metrics from pynvml://localhost
2026-08-11 22:12:48.117 - pynvml_collector - INFO - PyNVML initialized with 1 GPU(s) (0 with GPM support)
2026-08-11 22:12:48.133 - system_controller - INFO - DCGM telemetry enabled - 1/1 endpoint(s) reachable
2026-08-11 22:12:48.640 - httpx - INFO - HTTP Request: HEAD https://huggingface.co/nvidia/NVIDIA-Nemotron-3.5-Lightning-30B-A3B-NVFP4/resolve/main/config.json "HTTP/1.1 307 Temporary Redirect"
2026-08-11 22:12:48.640 - huggingface_hub.utils._http - WARNING - Warning: You are sending unauthenticated requests to the HF Hub. Please set a HF_TOKEN to enable higher rate limits and faster downloads.
2026-08-11 22:12:48.654 - httpx - INFO - HTTP Request: HEAD https://huggingface.co/api/resolve-cache/models/nvidia/NVIDIA-Nemotron-3.5-Lightning-30B-A3B-NVFP4/f9b0c83dc2e390069425f5b4d40006fd343d596c/config.json "HTTP/1.1 200 OK"
2026-08-11 22:12:48.664 - httpx - INFO - HTTP Request: HEAD https://huggingface.co/nvidia/NVIDIA-Nemotron-3.5-Lightning-30B-A3B-NVFP4/resolve/main/config.json "HTTP/1.1 307 Temporary Redirect"
2026-08-11 22:12:48.665 - huggingface_hub.utils._http - WARNING - Warning: You are sending unauthenticated requests to the HF Hub. Please set a HF_TOKEN to enable higher rate limits and faster downloads.
2026-08-11 22:12:48.677 - httpx - INFO - HTTP Request: HEAD https://huggingface.co/api/resolve-cache/models/nvidia/NVIDIA-Nemotron-3.5-Lightning-30B-A3B-NVFP4/f9b0c83dc2e390069425f5b4d40006fd343d596c/config.json "HTTP/1.1 200 OK"
2026-08-11 22:12:48.812 - httpx - INFO - HTTP Request: HEAD https://huggingface.co/nvidia/NVIDIA-Nemotron-3.5-Lightning-30B-A3B-NVFP4/resolve/main/tokenizer_config.json "HTTP/1.1 307 Temporary Redirect"
2026-08-11 22:12:48.828 - httpx - INFO - HTTP Request: HEAD https://huggingface.co/api/resolve-cache/models/nvidia/NVIDIA-Nemotron-3.5-Lightning-30B-A3B-NVFP4/f9b0c83dc2e390069425f5b4d40006fd343d596c/tokenizer_config.json "HTTP/1.1 200 OK"
2026-08-11 22:12:48.866 - httpx - INFO - HTTP Request: HEAD https://huggingface.co/nvidia/NVIDIA-Nemotron-3.5-Lightning-30B-A3B-NVFP4/resolve/main/tokenizer_config.json "HTTP/1.1 307 Temporary Redirect"
2026-08-11 22:12:48.880 - httpx - INFO - HTTP Request: HEAD https://huggingface.co/api/resolve-cache/models/nvidia/NVIDIA-Nemotron-3.5-Lightning-30B-A3B-NVFP4/f9b0c83dc2e390069425f5b4d40006fd343d596c/tokenizer_config.json "HTTP/1.1 200 OK"
2026-08-11 22:12:48.914 - httpx - INFO - HTTP Request: GET https://huggingface.co/api/models/nvidia/NVIDIA-Nemotron-3.5-Lightning-30B-A3B-NVFP4/tree/main/additional_chat_templates?recursive=false&expand=false "HTTP/1.1 404 Not Found"
2026-08-11 22:12:48.972 - httpx - INFO - HTTP Request: GET https://huggingface.co/api/models/nvidia/NVIDIA-Nemotron-3.5-Lightning-30B-A3B-NVFP4/tree/main/additional_chat_templates?recursive=false&expand=false "HTTP/1.1 404 Not Found"
2026-08-11 22:12:49.008 - httpx - INFO - HTTP Request: GET https://huggingface.co/api/models/nvidia/NVIDIA-Nemotron-3.5-Lightning-30B-A3B-NVFP4/tree/main?recursive=true&expand=false "HTTP/1.1 200 OK"
2026-08-11 22:12:49.062 - httpx - INFO - HTTP Request: GET https://huggingface.co/api/models/nvidia/NVIDIA-Nemotron-3.5-Lightning-30B-A3B-NVFP4/tree/main?recursive=true&expand=false "HTTP/1.1 200 OK"
2026-08-11 22:12:49.967 - httpx - INFO - HTTP Request: GET https://huggingface.co/api/models/nvidia/NVIDIA-Nemotron-3.5-Lightning-30B-A3B-NVFP4 "HTTP/1.1 200 OK"
2026-08-11 22:12:49.985 - httpx - INFO - HTTP Request: GET https://huggingface.co/api/models/nvidia/NVIDIA-Nemotron-3.5-Lightning-30B-A3B-NVFP4 "HTTP/1.1 200 OK"
2026-08-11 22:12:49.987 - dataset_manager - INFO - Tokenizer(s) configured in 1.91 seconds
2026-08-11 22:12:49.987 - dataset_manager - INFO - Configuring dataset for dataset_manager
2026-08-11 22:12:50.007 - InferenceResultParser_0c6e6e53 - INFO - Initialized tokenizers: {'nvidia/NVIDIA-Nemotron-3.5-Lightning-30B-A3B-NVFP4': {'class': 'TokenizersBackend', 'name_or_path': 'nvidia/NVIDIA-Nemotron-3.5-Lightning-30B-A3B-NVFP4'}} in 1.93 seconds
2026-08-11 22:12:50.220 - CustomDatasetComposer - INFO - Using explicit dataset format: multi_turn
2026-08-11 22:12:50.284 - MemoryMapDatasetBackingStore_1cdc4afb - INFO - Memory-mapped backing store initialized (streaming to /tmp/aiperf_mmap_517a85b4d4a6/dataset.dat)
2026-08-11 22:12:50.305 - MemoryMapDatasetBackingStore_1cdc4afb - INFO - Data file finalized: 500 conversations, 1.26 MB
2026-08-11 22:12:50.305 - MemoryMapDatasetBackingStore_1cdc4afb - INFO - Index file created: /tmp/aiperf_mmap_517a85b4d4a6/index.dat
2026-08-11 22:12:50.305 - dataset_manager - INFO - Backing store finalized: client_type=DatasetClientStoreType.MEMORY_MAP format=MemoryMapFormat.CONVERSATION data_file_path=PosixPath('/tmp/aiperf_mmap_517a85b4d4a6/dataset.dat') index_file_path=PosixPath('/tmp/aiperf_mmap_517a85b4d4a6/index.dat') conversation_count=500 total_size_bytes=1324427 compressed=False compressed_data_file_path=None compressed_index_file_path=None compressed_size_bytes=0
2026-08-11 22:12:50.314 - dataset_manager - INFO - sampling strategy: sequential, unique conversations: 500, unique turn count: 1783
2026-08-11 22:12:50.319 - dataset_manager - INFO - Generating inputs.json file at /output/inputs.json
2026-08-11 22:12:50.330 - PhaseOrchestrator_dd0c110e - INFO - Initialized 2 phase(s): ['Warmup', 'Profiling']
2026-08-11 22:12:50.334 - dataset_manager - INFO - inputs.json file generated in 0.02 seconds
2026-08-11 22:12:50.471 - dataset_manager - INFO - Dataset client initialized and freed 500 conversations from memory
2026-08-11 22:12:50.471 - dataset_manager - INFO - Dataset configured in 0.48 seconds
2026-08-11 22:12:50.472 - system_controller - INFO - All services configured in 2.40 seconds
2026-08-11 22:12:50.473 - system_controller - INFO - AIPerf System is CONFIGURED
2026-08-11 22:12:50.474 - server_metrics_manager - INFO - Server Metrics: Started 1 collector(s) successfully
2026-08-11 22:12:50.474 - system_controller - INFO - All services started profiling successfully
2026-08-11 22:12:50.474 - system_controller - INFO - AIPerf System is PROFILING
2026-08-11 22:12:50.478 - RateTiming - INFO - Creating interval generator: pattern=concurrency_burst, rate=None, smoothness=None
2026-08-11 22:12:50.479 - PhaseRunner - NOTICE - Phase warmup (warmup) started | phase_index=0 | target: 3 requests
2026-08-11 22:12:50.480 - records_manager - INFO - Credit phase start: warmup
2026-08-11 22:12:57.345 - PhaseRunner - NOTICE - Phase warmup (warmup) sending complete | sent=3, completed=1, in_flight=2 | sessions: sent=2, completed=0
2026-08-11 22:13:05.694 - PhaseRunner - NOTICE - Phase warmup (warmup) complete | completed=3, cancelled=0, errors=0 | sessions: completed=1, cancelled=0 | elapsed=15.21s
2026-08-11 22:13:05.695 - server_metrics_manager - INFO - Server Metrics: Warmup complete, capturing final warmup metrics...
2026-08-11 22:13:05.695 - RateTiming - INFO - Creating interval generator: pattern=concurrency_burst, rate=None, smoothness=None
2026-08-11 22:13:05.696 - PhaseRunner - NOTICE - Phase profiling (profiling) started | phase_index=1 | profiling_index=0 | target: 50 requests, 50 sessions
2026-08-11 22:13:05.698 - records_manager - INFO - Credit phase start: profiling
2026-08-11 22:13:49.938 - aiperf.metrics.types.osl_mismatch_metrics - WARNING - OSL mismatch: got 464 tokens (requested 500, diff -7.2%)
2026-08-11 22:14:36.730 - aiperf.metrics.types.osl_mismatch_metrics - WARNING - OSL mismatch: got 540 tokens (requested 617, diff -12.5%)
2026-08-11 22:16:29.936 - PhaseRunner - NOTICE - Phase profiling (profiling) sending complete | sent=50, completed=48, in_flight=2 | sessions: sent=16, completed=14
2026-08-11 22:16:29.938 - records_manager - INFO - Sent 50 requests. Waiting for all to complete...
2026-08-11 22:16:37.249 - PhaseRunner - NOTICE - Phase profiling (profiling) complete | completed=50, cancelled=0, errors=0 | sessions: completed=15, cancelled=0 | elapsed=211.55s
2026-08-11 22:16:37.249 - PhaseOrchestrator_dd0c110e - NOTICE - All credits completed
2026-08-11 22:16:37.250 - records_manager - INFO - Received CREDIT_PHASE_COMPLETE message, Phase complete: PhaseRecordsStats(phase=CreditPhase.PROFILING, phase_index=1, profiling_index=0, phase_name='profiling', phase_kind='profiling', start_ns=1786486385696932911, sent_end_ns=1786486589936521141, requests_end_ns=1786486597248673839, baseline_start_ns=1786486385696918878, baseline_end_ns=1786486597248689311, total_expected_requests=50, expected_duration_sec=None, expected_num_sessions=None, expected_grace_period_sec=None, final_requests_sent=None, final_requests_completed=50, final_requests_cancelled=0, final_request_errors=0, final_sent_sessions=None, final_completed_sessions=None, final_cancelled_sessions=None, timeout_triggered=False, grace_period_timeout_triggered=False, was_cancelled=False, records_end_ns=None, success_records=49, error_records=0)
2026-08-11 22:16:37.250 - system_controller - INFO - Received credits complete from 'timing_manager'
2026-08-11 22:16:37.250 - records_manager - NOTICE - All requests have completed, please wait for the results to be processed (currently 49 of 50 records processed)...
2026-08-11 22:16:37.250 - records_manager - INFO - All credits complete, please wait for the results to be processed...
2026-08-11 22:16:37.257 - records_manager - INFO - Processed 50 valid requests and 0 errors (50 total).
2026-08-11 22:16:37.257 - records_manager - INFO - Received all records, processing now...
2026-08-11 22:16:37.259 - gpu_telemetry_manager - INFO - GPU Telemetry: Profiling complete, capturing final metrics...
2026-08-11 22:16:37.260 - records_manager - INFO - Waiting 2.0s for server metrics flush period...
2026-08-11 22:16:37.264 - server_metrics_manager - INFO - Server Metrics: Profiling complete, capturing final metrics...
2026-08-11 22:16:39.250 - records_manager - INFO - Processing records results...
2026-08-11 22:16:39.721 - system_controller - INFO - Waiting for result domains: server_metrics, telemetry
2026-08-11 22:16:39.721 - system_controller - INFO - Waiting for result domains: server_metrics
2026-08-11 22:16:39.897 - records_manager - INFO - _finalize_and_process_results completed
2026-08-11 22:16:39.899 - system_controller - INFO - All results received, initiating shutdown
2026-08-11 22:16:40.502 - ExporterManager - INFO - Exporting all records
2026-08-11 22:16:40.559 - ExporterManager - INFO - Exporting console data
