2026-08-13 02:45:44.942 - aiperf.cli_runner._single_run - INFO - Starting AIPerf System
2026-08-13 02:45:45.471 - httpx - INFO - HTTP Request: GET https://huggingface.co/api/models/meta-models/Muse-Glimmer-30B "HTTP/1.1 200 OK"
2026-08-13 02:45:45.479 - aiperf.config.resolution.resolvers - INFO - [OK] Tokenizer meta-models/Muse-Glimmer-30B detected
2026-08-13 02:45:45.479 - aiperf.config.resolution.resolvers - INFO - 1 tokenizer validated | 0.5s
2026-08-13 02:45:45.480 - aiperf.config.resolution.resolvers - INFO - Prefetching 1 tokenizer into HF cache...
2026-08-13 02:45:46.913 - httpx - INFO - HTTP Request: HEAD https://huggingface.co/meta-models/Muse-Glimmer-30B/resolve/main/config.json "HTTP/1.1 307 Temporary Redirect"
2026-08-13 02:45:46.913 - huggingface_hub.utils._http - WARNING - Warning: You are sending unauthenticated requests to the HF Hub. Please set a HF_TOKEN to enable higher rate limits and faster downloads.
2026-08-13 02:45:46.927 - httpx - INFO - HTTP Request: HEAD https://huggingface.co/api/resolve-cache/models/meta-models/Muse-Glimmer-30B/a4e59da52a7bc87ae7251dd5545c0dd437c44b68/config.json "HTTP/1.1 200 OK"
2026-08-13 02:45:46.943 - httpx - INFO - HTTP Request: GET https://huggingface.co/api/resolve-cache/models/meta-models/Muse-Glimmer-30B/a4e59da52a7bc87ae7251dd5545c0dd437c44b68/config.json "HTTP/1.1 200 OK"
2026-08-13 02:45:47.038 - httpx - INFO - HTTP Request: HEAD https://huggingface.co/meta-models/Muse-Glimmer-30B/resolve/main/config.json "HTTP/1.1 307 Temporary Redirect"
2026-08-13 02:45:47.051 - httpx - INFO - HTTP Request: HEAD https://huggingface.co/api/resolve-cache/models/meta-models/Muse-Glimmer-30B/a4e59da52a7bc87ae7251dd5545c0dd437c44b68/config.json "HTTP/1.1 200 OK"
2026-08-13 02:45:47.137 - httpx - INFO - HTTP Request: HEAD https://huggingface.co/meta-models/Muse-Glimmer-30B/resolve/main/tokenizer_config.json "HTTP/1.1 307 Temporary Redirect"
2026-08-13 02:45:47.151 - httpx - INFO - HTTP Request: HEAD https://huggingface.co/api/resolve-cache/models/meta-models/Muse-Glimmer-30B/a4e59da52a7bc87ae7251dd5545c0dd437c44b68/tokenizer_config.json "HTTP/1.1 200 OK"
2026-08-13 02:45:47.165 - httpx - INFO - HTTP Request: GET https://huggingface.co/api/resolve-cache/models/meta-models/Muse-Glimmer-30B/a4e59da52a7bc87ae7251dd5545c0dd437c44b68/tokenizer_config.json "HTTP/1.1 200 OK"
2026-08-13 02:45:47.251 - httpx - INFO - HTTP Request: GET https://huggingface.co/api/models/meta-models/Muse-Glimmer-30B/tree/main/additional_chat_templates?recursive=false&expand=false "HTTP/1.1 404 Not Found"
2026-08-13 02:45:47.342 - httpx - INFO - HTTP Request: GET https://huggingface.co/api/models/meta-models/Muse-Glimmer-30B/tree/main?recursive=true&expand=false "HTTP/1.1 200 OK"
2026-08-13 02:45:47.449 - httpx - INFO - HTTP Request: HEAD https://huggingface.co/meta-models/Muse-Glimmer-30B/resolve/main/tokenizer.json "HTTP/1.1 302 Found"
2026-08-13 02:45:47.564 - httpx - INFO - HTTP Request: GET https://huggingface.co/api/models/meta-models/Muse-Glimmer-30B/xet-read-token/a4e59da52a7bc87ae7251dd5545c0dd437c44b68 "HTTP/1.1 200 OK"
2026-08-13 02:45:48.555 - httpx - INFO - HTTP Request: HEAD https://huggingface.co/meta-models/Muse-Glimmer-30B/resolve/main/tokenizer.model "HTTP/1.1 404 Not Found"
2026-08-13 02:45:48.642 - httpx - INFO - HTTP Request: HEAD https://huggingface.co/meta-models/Muse-Glimmer-30B/resolve/main/added_tokens.json "HTTP/1.1 404 Not Found"
2026-08-13 02:45:48.724 - httpx - INFO - HTTP Request: HEAD https://huggingface.co/meta-models/Muse-Glimmer-30B/resolve/main/special_tokens_map.json "HTTP/1.1 404 Not Found"
2026-08-13 02:45:48.808 - httpx - INFO - HTTP Request: HEAD https://huggingface.co/meta-models/Muse-Glimmer-30B/resolve/main/chat_template.jinja "HTTP/1.1 307 Temporary Redirect"
2026-08-13 02:45:48.822 - httpx - INFO - HTTP Request: HEAD https://huggingface.co/api/resolve-cache/models/meta-models/Muse-Glimmer-30B/a4e59da52a7bc87ae7251dd5545c0dd437c44b68/chat_template.jinja "HTTP/1.1 200 OK"
2026-08-13 02:45:48.840 - httpx - INFO - HTTP Request: GET https://huggingface.co/api/resolve-cache/models/meta-models/Muse-Glimmer-30B/a4e59da52a7bc87ae7251dd5545c0dd437c44b68/chat_template.jinja "HTTP/1.1 200 OK"
2026-08-13 02:45:52.035 - httpx - INFO - HTTP Request: GET https://huggingface.co/api/models/meta-models/Muse-Glimmer-30B "HTTP/1.1 200 OK"
2026-08-13 02:45:52.219 - aiperf.config.resolution.resolvers - INFO -   Cached meta-models/Muse-Glimmer-30B (6.72s)
2026-08-13 02:45:52.276 - aiperf.config.resolution.resolvers - INFO - 1 tokenizer cached • 6.8s
2026-08-13 02:45:52.900 - server_metrics_manager - INFO - Server Metrics: Discovered 1 endpoints: ['http://localhost:30000/metrics']
2026-08-13 02:45:52.942 - system_controller - INFO - Registered Worker Manager (id: 'worker_manager')
2026-08-13 02:45:52.943 - system_controller - INFO - Registered Gpu Telemetry Manager (id: 'gpu_telemetry_manager')
2026-08-13 02:45:52.944 - system_controller - INFO - Registered Dataset Manager (id: 'dataset_manager')
2026-08-13 02:45:52.973 - GPUTelemetryJSONLWriter_128527a4 - INFO - GPU telemetry export enabled: /output/gpu_telemetry_export.jsonl
2026-08-13 02:45:52.987 - OTelMetricsResultsProcessor_9b9e43de - INFO - Telemetry streaming is disabled (set --otel-url and/or --mlflow-tracking-uri to enable)
2026-08-13 02:45:52.998 - RecordExportJSONLWriter_80015166 - INFO - Record metrics export enabled: /output/profile_export.jsonl
2026-08-13 02:45:53.116 - system_controller - INFO - Registered Server Metrics Manager (id: 'server_metrics_manager')
2026-08-13 02:45:53.123 - system_controller - INFO - Registered Records Manager (id: 'records_manager')
2026-08-13 02:45:53.318 - system_controller - INFO - Registered Record Processor (id: 'record_processor_bef16005')
2026-08-13 02:45:53.369 - system_controller - INFO - Registered Record Processor (id: 'record_processor_e22879cb')
2026-08-13 02:45:53.425 - system_controller - INFO - Registered Record Processor (id: 'record_processor_10b73c85')
2026-08-13 02:45:53.592 - system_controller - INFO - Registered Timing Manager (id: 'timing_manager')
2026-08-13 02:45:53.805 - system_controller - INFO - AIPerf System is CONFIGURING
2026-08-13 02:45:53.806 - system_controller - INFO - Configuring all services to start profiling
2026-08-13 02:45:53.807 - InferenceResultParser_6283c61f - INFO - Configuring tokenizers for inference result parser (resolve_alias: True)
2026-08-13 02:45:53.808 - InferenceResultParser_bcbc9b47 - INFO - Configuring tokenizers for inference result parser (resolve_alias: True)
2026-08-13 02:45:53.809 - timing_manager - INFO - Waiting for dataset to be configured before configuring timing
2026-08-13 02:45:53.808 - InferenceResultParser_ee2dffae - INFO - Configuring tokenizers for inference result parser (resolve_alias: True)
2026-08-13 02:45:53.810 - dataset_manager - INFO - Configuring tokenizer(s) for dataset manager
2026-08-13 02:45:53.840 - system_controller - INFO - Server metrics disabled - no Prometheus endpoints reachable
2026-08-13 02:45:53.843 - system_controller - INFO - Waiting for result domains: profile, telemetry
2026-08-13 02:45:53.865 - gpu_telemetry_manager - INFO - GPU Telemetry: Capturing baseline metrics from pynvml://localhost
2026-08-13 02:45:53.893 - pynvml_collector - INFO - PyNVML initialized with 1 GPU(s) (0 with GPM support)
2026-08-13 02:45:53.929 - system_controller - INFO - DCGM telemetry enabled - 1/1 endpoint(s) reachable
2026-08-13 02:45:53.960 - system_controller - INFO - Registered Worker (id: 'worker_2df0367e')
2026-08-13 02:45:53.970 - system_controller - INFO - Registered Worker (id: 'worker_8a127edd')
2026-08-13 02:45:53.994 - system_controller - INFO - Registered Worker (id: 'worker_b22d205b')
2026-08-13 02:45:54.003 - system_controller - INFO - Registered Worker (id: 'worker_67cf26d6')
2026-08-13 02:45:54.021 - system_controller - INFO - Registered Worker (id: 'worker_efa457d1')
2026-08-13 02:45:54.028 - system_controller - INFO - Registered Worker (id: 'worker_f279ff8a')
2026-08-13 02:45:54.031 - system_controller - INFO - Registered Worker (id: 'worker_d7880547')
2026-08-13 02:45:54.049 - system_controller - INFO - Registered Worker (id: 'worker_fb2a4687')
2026-08-13 02:45:54.050 - system_controller - INFO - Registered Worker (id: 'worker_97bfc314')
2026-08-13 02:45:54.052 - system_controller - INFO - Registered Worker (id: 'worker_7e80fc04')
2026-08-13 02:45:54.055 - system_controller - INFO - Registered Worker (id: 'worker_fbf7eb46')
2026-08-13 02:45:54.079 - system_controller - INFO - Registered Worker (id: 'worker_dad59980')
2026-08-13 02:45:54.091 - system_controller - INFO - Registered Worker (id: 'worker_129e52ed')
2026-08-13 02:45:54.176 - system_controller - INFO - Registered Worker (id: 'worker_ab2c5116')
2026-08-13 02:45:54.539 - httpx - INFO - HTTP Request: HEAD https://huggingface.co/meta-models/Muse-Glimmer-30B/resolve/main/config.json "HTTP/1.1 307 Temporary Redirect"
2026-08-13 02:45:54.540 - huggingface_hub.utils._http - WARNING - Warning: You are sending unauthenticated requests to the HF Hub. Please set a HF_TOKEN to enable higher rate limits and faster downloads.
2026-08-13 02:45:54.556 - httpx - INFO - HTTP Request: HEAD https://huggingface.co/api/resolve-cache/models/meta-models/Muse-Glimmer-30B/a4e59da52a7bc87ae7251dd5545c0dd437c44b68/config.json "HTTP/1.1 200 OK"
2026-08-13 02:45:54.578 - httpx - INFO - HTTP Request: HEAD https://huggingface.co/meta-models/Muse-Glimmer-30B/resolve/main/config.json "HTTP/1.1 307 Temporary Redirect"
2026-08-13 02:45:54.590 - httpx - INFO - HTTP Request: HEAD https://huggingface.co/meta-models/Muse-Glimmer-30B/resolve/main/config.json "HTTP/1.1 307 Temporary Redirect"
2026-08-13 02:45:54.592 - httpx - INFO - HTTP Request: HEAD https://huggingface.co/meta-models/Muse-Glimmer-30B/resolve/main/config.json "HTTP/1.1 307 Temporary Redirect"
2026-08-13 02:45:54.593 - huggingface_hub.utils._http - WARNING - Warning: You are sending unauthenticated requests to the HF Hub. Please set a HF_TOKEN to enable higher rate limits and faster downloads.
2026-08-13 02:45:54.597 - httpx - INFO - HTTP Request: HEAD https://huggingface.co/api/resolve-cache/models/meta-models/Muse-Glimmer-30B/a4e59da52a7bc87ae7251dd5545c0dd437c44b68/config.json "HTTP/1.1 200 OK"
2026-08-13 02:45:54.604 - httpx - INFO - HTTP Request: HEAD https://huggingface.co/api/resolve-cache/models/meta-models/Muse-Glimmer-30B/a4e59da52a7bc87ae7251dd5545c0dd437c44b68/config.json "HTTP/1.1 200 OK"
2026-08-13 02:45:54.607 - httpx - INFO - HTTP Request: HEAD https://huggingface.co/api/resolve-cache/models/meta-models/Muse-Glimmer-30B/a4e59da52a7bc87ae7251dd5545c0dd437c44b68/config.json "HTTP/1.1 200 OK"
2026-08-13 02:45:54.636 - httpx - INFO - HTTP Request: HEAD https://huggingface.co/meta-models/Muse-Glimmer-30B/resolve/main/config.json "HTTP/1.1 307 Temporary Redirect"
2026-08-13 02:45:54.651 - httpx - INFO - HTTP Request: HEAD https://huggingface.co/api/resolve-cache/models/meta-models/Muse-Glimmer-30B/a4e59da52a7bc87ae7251dd5545c0dd437c44b68/config.json "HTTP/1.1 200 OK"
2026-08-13 02:45:54.680 - httpx - INFO - HTTP Request: HEAD https://huggingface.co/meta-models/Muse-Glimmer-30B/resolve/main/config.json "HTTP/1.1 307 Temporary Redirect"
2026-08-13 02:45:54.680 - huggingface_hub.utils._http - WARNING - Warning: You are sending unauthenticated requests to the HF Hub. Please set a HF_TOKEN to enable higher rate limits and faster downloads.
2026-08-13 02:45:54.687 - httpx - INFO - HTTP Request: HEAD https://huggingface.co/meta-models/Muse-Glimmer-30B/resolve/main/config.json "HTTP/1.1 307 Temporary Redirect"
2026-08-13 02:45:54.687 - huggingface_hub.utils._http - WARNING - Warning: You are sending unauthenticated requests to the HF Hub. Please set a HF_TOKEN to enable higher rate limits and faster downloads.
2026-08-13 02:45:54.689 - httpx - INFO - HTTP Request: HEAD https://huggingface.co/meta-models/Muse-Glimmer-30B/resolve/main/config.json "HTTP/1.1 307 Temporary Redirect"
2026-08-13 02:45:54.694 - httpx - INFO - HTTP Request: HEAD https://huggingface.co/api/resolve-cache/models/meta-models/Muse-Glimmer-30B/a4e59da52a7bc87ae7251dd5545c0dd437c44b68/config.json "HTTP/1.1 200 OK"
2026-08-13 02:45:54.702 - httpx - INFO - HTTP Request: HEAD https://huggingface.co/api/resolve-cache/models/meta-models/Muse-Glimmer-30B/a4e59da52a7bc87ae7251dd5545c0dd437c44b68/config.json "HTTP/1.1 200 OK"
2026-08-13 02:45:54.703 - httpx - INFO - HTTP Request: HEAD https://huggingface.co/api/resolve-cache/models/meta-models/Muse-Glimmer-30B/a4e59da52a7bc87ae7251dd5545c0dd437c44b68/config.json "HTTP/1.1 200 OK"
2026-08-13 02:45:54.736 - httpx - INFO - HTTP Request: HEAD https://huggingface.co/meta-models/Muse-Glimmer-30B/resolve/main/tokenizer_config.json "HTTP/1.1 307 Temporary Redirect"
2026-08-13 02:45:54.749 - httpx - INFO - HTTP Request: HEAD https://huggingface.co/api/resolve-cache/models/meta-models/Muse-Glimmer-30B/a4e59da52a7bc87ae7251dd5545c0dd437c44b68/tokenizer_config.json "HTTP/1.1 200 OK"
2026-08-13 02:45:54.777 - httpx - INFO - HTTP Request: HEAD https://huggingface.co/meta-models/Muse-Glimmer-30B/resolve/main/tokenizer_config.json "HTTP/1.1 307 Temporary Redirect"
2026-08-13 02:45:54.786 - httpx - INFO - HTTP Request: HEAD https://huggingface.co/meta-models/Muse-Glimmer-30B/resolve/main/tokenizer_config.json "HTTP/1.1 307 Temporary Redirect"
2026-08-13 02:45:54.789 - httpx - INFO - HTTP Request: HEAD https://huggingface.co/api/resolve-cache/models/meta-models/Muse-Glimmer-30B/a4e59da52a7bc87ae7251dd5545c0dd437c44b68/tokenizer_config.json "HTTP/1.1 200 OK"
2026-08-13 02:45:54.789 - httpx - INFO - HTTP Request: HEAD https://huggingface.co/meta-models/Muse-Glimmer-30B/resolve/main/tokenizer_config.json "HTTP/1.1 307 Temporary Redirect"
2026-08-13 02:45:54.799 - httpx - INFO - HTTP Request: HEAD https://huggingface.co/api/resolve-cache/models/meta-models/Muse-Glimmer-30B/a4e59da52a7bc87ae7251dd5545c0dd437c44b68/tokenizer_config.json "HTTP/1.1 200 OK"
2026-08-13 02:45:54.805 - httpx - INFO - HTTP Request: HEAD https://huggingface.co/api/resolve-cache/models/meta-models/Muse-Glimmer-30B/a4e59da52a7bc87ae7251dd5545c0dd437c44b68/tokenizer_config.json "HTTP/1.1 200 OK"
2026-08-13 02:45:54.834 - httpx - INFO - HTTP Request: GET https://huggingface.co/api/models/meta-models/Muse-Glimmer-30B/tree/main/additional_chat_templates?recursive=false&expand=false "HTTP/1.1 404 Not Found"
2026-08-13 02:45:54.874 - httpx - INFO - HTTP Request: GET https://huggingface.co/api/models/meta-models/Muse-Glimmer-30B/tree/main/additional_chat_templates?recursive=false&expand=false "HTTP/1.1 404 Not Found"
2026-08-13 02:45:54.882 - httpx - INFO - HTTP Request: GET https://huggingface.co/api/models/meta-models/Muse-Glimmer-30B/tree/main/additional_chat_templates?recursive=false&expand=false "HTTP/1.1 404 Not Found"
2026-08-13 02:45:54.889 - httpx - INFO - HTTP Request: GET https://huggingface.co/api/models/meta-models/Muse-Glimmer-30B/tree/main/additional_chat_templates?recursive=false&expand=false "HTTP/1.1 404 Not Found"
2026-08-13 02:45:54.924 - httpx - INFO - HTTP Request: GET https://huggingface.co/api/models/meta-models/Muse-Glimmer-30B/tree/main?recursive=true&expand=false "HTTP/1.1 200 OK"
2026-08-13 02:45:54.960 - httpx - INFO - HTTP Request: GET https://huggingface.co/api/models/meta-models/Muse-Glimmer-30B/tree/main?recursive=true&expand=false "HTTP/1.1 200 OK"
2026-08-13 02:45:54.972 - httpx - INFO - HTTP Request: GET https://huggingface.co/api/models/meta-models/Muse-Glimmer-30B/tree/main?recursive=true&expand=false "HTTP/1.1 200 OK"
2026-08-13 02:45:55.000 - httpx - INFO - HTTP Request: GET https://huggingface.co/api/models/meta-models/Muse-Glimmer-30B/tree/main?recursive=true&expand=false "HTTP/1.1 200 OK"
2026-08-13 02:45:59.039 - httpx - INFO - HTTP Request: GET https://huggingface.co/api/models/meta-models/Muse-Glimmer-30B "HTTP/1.1 200 OK"
2026-08-13 02:45:59.131 - httpx - INFO - HTTP Request: GET https://huggingface.co/api/models/meta-models/Muse-Glimmer-30B "HTTP/1.1 200 OK"
2026-08-13 02:45:59.147 - httpx - INFO - HTTP Request: GET https://huggingface.co/api/models/meta-models/Muse-Glimmer-30B "HTTP/1.1 200 OK"
2026-08-13 02:45:59.153 - httpx - INFO - HTTP Request: GET https://huggingface.co/api/models/meta-models/Muse-Glimmer-30B "HTTP/1.1 200 OK"
2026-08-13 02:45:59.181 - InferenceResultParser_6283c61f - INFO - Initialized tokenizers: {'meta-models/Muse-Glimmer-30B': {'class': 'TokenizersBackend', 'name_or_path': 'meta-models/Muse-Glimmer-30B'}} in 5.37 seconds
2026-08-13 02:45:59.291 - InferenceResultParser_bcbc9b47 - INFO - Initialized tokenizers: {'meta-models/Muse-Glimmer-30B': {'class': 'TokenizersBackend', 'name_or_path': 'meta-models/Muse-Glimmer-30B'}} in 5.48 seconds
2026-08-13 02:45:59.313 - InferenceResultParser_ee2dffae - INFO - Initialized tokenizers: {'meta-models/Muse-Glimmer-30B': {'class': 'TokenizersBackend', 'name_or_path': 'meta-models/Muse-Glimmer-30B'}} in 5.50 seconds
2026-08-13 02:45:59.328 - dataset_manager - INFO - Tokenizer(s) configured in 5.52 seconds
2026-08-13 02:45:59.328 - dataset_manager - INFO - Configuring dataset for dataset_manager
2026-08-13 02:45:59.680 - CustomDatasetComposer - INFO - Using explicit dataset format: multi_turn
2026-08-13 02:45:59.776 - MemoryMapDatasetBackingStore_a3dc7fdf - INFO - Memory-mapped backing store initialized (streaming to /tmp/aiperf_mmap_44b9fdd3c25c/dataset.dat)
2026-08-13 02:45:59.799 - MemoryMapDatasetBackingStore_a3dc7fdf - INFO - Data file finalized: 500 conversations, 1.23 MB
2026-08-13 02:45:59.799 - MemoryMapDatasetBackingStore_a3dc7fdf - INFO - Index file created: /tmp/aiperf_mmap_44b9fdd3c25c/index.dat
2026-08-13 02:45:59.799 - dataset_manager - INFO - Backing store finalized: client_type=DatasetClientStoreType.MEMORY_MAP format=MemoryMapFormat.CONVERSATION data_file_path=PosixPath('/tmp/aiperf_mmap_44b9fdd3c25c/dataset.dat') index_file_path=PosixPath('/tmp/aiperf_mmap_44b9fdd3c25c/index.dat') conversation_count=500 total_size_bytes=1284882 compressed=False compressed_data_file_path=None compressed_index_file_path=None compressed_size_bytes=0
2026-08-13 02:45:59.816 - dataset_manager - INFO - sampling strategy: sequential, unique conversations: 500, unique turn count: 1783
2026-08-13 02:45:59.823 - dataset_manager - INFO - Generating inputs.json file at /output/inputs.json
2026-08-13 02:45:59.843 - PhaseOrchestrator_55125f85 - INFO - Initialized 2 phase(s): ['Warmup', 'Profiling']
2026-08-13 02:45:59.847 - dataset_manager - INFO - inputs.json file generated in 0.02 seconds
2026-08-13 02:46:00.185 - dataset_manager - INFO - Dataset client initialized and freed 500 conversations from memory
2026-08-13 02:46:00.185 - dataset_manager - INFO - Dataset configured in 0.86 seconds
2026-08-13 02:46:00.187 - system_controller - INFO - All services configured in 6.38 seconds
2026-08-13 02:46:00.187 - system_controller - INFO - AIPerf System is CONFIGURED
2026-08-13 02:46:00.190 - system_controller - INFO - All services started profiling successfully
2026-08-13 02:46:00.191 - system_controller - INFO - AIPerf System is PROFILING
2026-08-13 02:46:00.197 - RateTiming - INFO - Creating interval generator: pattern=concurrency_burst, rate=None, smoothness=None
2026-08-13 02:46:00.198 - PhaseRunner - NOTICE - Phase warmup (warmup) started | phase_index=0 | target: 3 requests
2026-08-13 02:46:00.199 - PhaseRunner - NOTICE - Phase warmup (warmup) sending complete | sent=3, completed=0, in_flight=3 | sessions: sent=3, completed=0
2026-08-13 02:46:00.200 - records_manager - INFO - Credit phase start: warmup
2026-08-13 02:46:22.450 - PhaseRunner - NOTICE - Phase warmup (warmup) complete | completed=3, cancelled=0, errors=0 | sessions: completed=0, cancelled=0 | elapsed=22.25s
2026-08-13 02:46:22.452 - RateTiming - INFO - Creating interval generator: pattern=concurrency_burst, rate=None, smoothness=None
2026-08-13 02:46:22.452 - PhaseRunner - NOTICE - Phase profiling (profiling) started | phase_index=1 | profiling_index=0 | target: 50 requests, 50 sessions
2026-08-13 02:46:22.453 - records_manager - INFO - Credit phase start: profiling
2026-08-13 02:46:43.242 - PhaseRunner - NOTICE - Phase profiling (profiling) sending complete | sent=50, completed=18, in_flight=32 | sessions: sent=35, completed=3
2026-08-13 02:46:43.243 - records_manager - INFO - Sent 50 requests. Waiting for all to complete...
2026-08-13 02:46:47.392 - aiperf.metrics.types.osl_mismatch_metrics - WARNING - OSL mismatch: got 46 tokens (requested 49, diff -6.1%)
2026-08-13 02:47:10.163 - PhaseRunner - NOTICE - Phase profiling (profiling) complete | completed=50, cancelled=0, errors=0 | sessions: completed=13, cancelled=0 | elapsed=47.71s
2026-08-13 02:47:10.163 - PhaseOrchestrator_55125f85 - NOTICE - All credits completed
2026-08-13 02:47:10.164 - system_controller - INFO - Received credits complete from 'timing_manager'
2026-08-13 02:47:10.164 - records_manager - INFO - Received CREDIT_PHASE_COMPLETE message, Phase complete: PhaseRecordsStats(phase=CreditPhase.PROFILING, phase_index=1, profiling_index=0, phase_name='profiling', phase_kind='profiling', start_ns=1786589182452517497, sent_end_ns=1786589203242284666, requests_end_ns=1786589230163296518, baseline_start_ns=1786589182452509385, baseline_end_ns=1786589230163302054, total_expected_requests=50, expected_duration_sec=None, expected_num_sessions=None, expected_grace_period_sec=None, final_requests_sent=None, final_requests_completed=50, final_requests_cancelled=0, final_request_errors=0, final_sent_sessions=None, final_completed_sessions=None, final_cancelled_sessions=None, timeout_triggered=False, grace_period_timeout_triggered=False, was_cancelled=False, records_end_ns=None, success_records=49, error_records=0)
2026-08-13 02:47:10.165 - records_manager - NOTICE - All requests have completed, please wait for the results to be processed (currently 49 of 50 records processed)...
2026-08-13 02:47:10.165 - records_manager - INFO - All credits complete, please wait for the results to be processed...
2026-08-13 02:47:10.168 - records_manager - INFO - Processed 50 valid requests and 0 errors (50 total).
2026-08-13 02:47:10.168 - records_manager - INFO - Received all records, processing now...
2026-08-13 02:47:10.170 - gpu_telemetry_manager - INFO - GPU Telemetry: Profiling complete, capturing final metrics...
2026-08-13 02:47:10.171 - records_manager - INFO - Waiting 2.0s for server metrics flush period...
2026-08-13 02:47:12.163 - records_manager - INFO - Processing records results...
2026-08-13 02:47:12.238 - records_manager - INFO - _finalize_and_process_results completed
2026-08-13 02:47:12.239 - system_controller - INFO - Waiting for result domains: telemetry
2026-08-13 02:47:12.239 - system_controller - INFO - All results received, initiating shutdown
2026-08-13 02:47:12.845 - ExporterManager - INFO - Exporting all records
2026-08-13 02:47:12.902 - ExporterManager - INFO - Exporting console data
