2026-08-12 00:45:41.517 - aiperf.cli_runner._single_run - INFO - Starting AIPerf System
2026-08-12 00:45:42.014 - httpx - INFO - HTTP Request: GET https://huggingface.co/api/models/nvidia/NVIDIA-Nemotron-3.5-Lightning-30B-A3B-NVFP4 "HTTP/1.1 200 OK"
2026-08-12 00:45:42.027 - aiperf.config.resolution.resolvers - INFO - [OK] Tokenizer nvidia/NVIDIA-Nemotron-3.5-Lightning-30B-A3B-NVFP4 detected
2026-08-12 00:45:42.028 - aiperf.config.resolution.resolvers - INFO - 1 tokenizer validated | 0.5s
2026-08-12 00:45:42.028 - aiperf.config.resolution.resolvers - INFO - Prefetching 1 tokenizer into HF cache...
2026-08-12 00:45:42.894 - httpx - INFO - HTTP Request: HEAD https://huggingface.co/nvidia/NVIDIA-Nemotron-3.5-Lightning-30B-A3B-NVFP4/resolve/main/config.json "HTTP/1.1 307 Temporary Redirect"
2026-08-12 00:45:42.918 - httpx - INFO - HTTP Request: HEAD https://huggingface.co/api/resolve-cache/models/nvidia/NVIDIA-Nemotron-3.5-Lightning-30B-A3B-NVFP4/b14872a58afd94e2fbbc1e5a1fe4ebb7dfdc5fdd/config.json "HTTP/1.1 200 OK"
2026-08-12 00:45:42.941 - httpx - INFO - HTTP Request: GET https://huggingface.co/api/resolve-cache/models/nvidia/NVIDIA-Nemotron-3.5-Lightning-30B-A3B-NVFP4/b14872a58afd94e2fbbc1e5a1fe4ebb7dfdc5fdd/config.json "HTTP/1.1 200 OK"
2026-08-12 00:45:43.090 - httpx - INFO - HTTP Request: HEAD https://huggingface.co/nvidia/NVIDIA-Nemotron-3.5-Lightning-30B-A3B-NVFP4/resolve/main/tokenizer_config.json "HTTP/1.1 307 Temporary Redirect"
2026-08-12 00:45:43.101 - httpx - INFO - HTTP Request: HEAD https://huggingface.co/api/resolve-cache/models/nvidia/NVIDIA-Nemotron-3.5-Lightning-30B-A3B-NVFP4/b14872a58afd94e2fbbc1e5a1fe4ebb7dfdc5fdd/tokenizer_config.json "HTTP/1.1 200 OK"
2026-08-12 00:45:43.112 - httpx - INFO - HTTP Request: GET https://huggingface.co/api/resolve-cache/models/nvidia/NVIDIA-Nemotron-3.5-Lightning-30B-A3B-NVFP4/b14872a58afd94e2fbbc1e5a1fe4ebb7dfdc5fdd/tokenizer_config.json "HTTP/1.1 200 OK"
2026-08-12 00:45:43.203 - httpx - INFO - HTTP Request: GET https://huggingface.co/api/models/nvidia/NVIDIA-Nemotron-3.5-Lightning-30B-A3B-NVFP4/tree/main/additional_chat_templates?recursive=false&expand=false "HTTP/1.1 404 Not Found"
2026-08-12 00:45:43.299 - httpx - INFO - HTTP Request: GET https://huggingface.co/api/models/nvidia/NVIDIA-Nemotron-3.5-Lightning-30B-A3B-NVFP4/tree/main?recursive=true&expand=false "HTTP/1.1 200 OK"
2026-08-12 00:45:43.393 - httpx - INFO - HTTP Request: HEAD https://huggingface.co/nvidia/NVIDIA-Nemotron-3.5-Lightning-30B-A3B-NVFP4/resolve/main/tokenizer.json "HTTP/1.1 302 Found"
2026-08-12 00:45:43.393 - huggingface_hub.utils._http - WARNING - Warning: You are sending unauthenticated requests to the HF Hub. Please set a HF_TOKEN to enable higher rate limits and faster downloads.
2026-08-12 00:45:43.483 - httpx - INFO - HTTP Request: GET https://huggingface.co/api/models/nvidia/NVIDIA-Nemotron-3.5-Lightning-30B-A3B-NVFP4/xet-read-token/b14872a58afd94e2fbbc1e5a1fe4ebb7dfdc5fdd "HTTP/1.1 200 OK"
2026-08-12 00:45:44.379 - httpx - INFO - HTTP Request: HEAD https://huggingface.co/nvidia/NVIDIA-Nemotron-3.5-Lightning-30B-A3B-NVFP4/resolve/main/tokenizer.model "HTTP/1.1 404 Not Found"
2026-08-12 00:45:44.469 - httpx - INFO - HTTP Request: HEAD https://huggingface.co/nvidia/NVIDIA-Nemotron-3.5-Lightning-30B-A3B-NVFP4/resolve/main/added_tokens.json "HTTP/1.1 404 Not Found"
2026-08-12 00:45:44.557 - httpx - INFO - HTTP Request: HEAD https://huggingface.co/nvidia/NVIDIA-Nemotron-3.5-Lightning-30B-A3B-NVFP4/resolve/main/special_tokens_map.json "HTTP/1.1 307 Temporary Redirect"
2026-08-12 00:45:44.572 - httpx - INFO - HTTP Request: HEAD https://huggingface.co/api/resolve-cache/models/nvidia/NVIDIA-Nemotron-3.5-Lightning-30B-A3B-NVFP4/b14872a58afd94e2fbbc1e5a1fe4ebb7dfdc5fdd/special_tokens_map.json "HTTP/1.1 200 OK"
2026-08-12 00:45:44.584 - httpx - INFO - HTTP Request: GET https://huggingface.co/api/resolve-cache/models/nvidia/NVIDIA-Nemotron-3.5-Lightning-30B-A3B-NVFP4/b14872a58afd94e2fbbc1e5a1fe4ebb7dfdc5fdd/special_tokens_map.json "HTTP/1.1 200 OK"
2026-08-12 00:45:44.673 - httpx - INFO - HTTP Request: HEAD https://huggingface.co/nvidia/NVIDIA-Nemotron-3.5-Lightning-30B-A3B-NVFP4/resolve/main/chat_template.jinja "HTTP/1.1 307 Temporary Redirect"
2026-08-12 00:45:44.688 - httpx - INFO - HTTP Request: HEAD https://huggingface.co/api/resolve-cache/models/nvidia/NVIDIA-Nemotron-3.5-Lightning-30B-A3B-NVFP4/b14872a58afd94e2fbbc1e5a1fe4ebb7dfdc5fdd/chat_template.jinja "HTTP/1.1 200 OK"
2026-08-12 00:45:44.702 - httpx - INFO - HTTP Request: GET https://huggingface.co/api/resolve-cache/models/nvidia/NVIDIA-Nemotron-3.5-Lightning-30B-A3B-NVFP4/b14872a58afd94e2fbbc1e5a1fe4ebb7dfdc5fdd/chat_template.jinja "HTTP/1.1 200 OK"
2026-08-12 00:45:45.558 - httpx - INFO - HTTP Request: GET https://huggingface.co/api/models/nvidia/NVIDIA-Nemotron-3.5-Lightning-30B-A3B-NVFP4 "HTTP/1.1 200 OK"
2026-08-12 00:45:45.602 - aiperf.config.resolution.resolvers - INFO -   Cached nvidia/NVIDIA-Nemotron-3.5-Lightning-30B-A3B-NVFP4 (3.56s)
2026-08-12 00:45:45.645 - aiperf.config.resolution.resolvers - INFO - 1 tokenizer cached • 3.6s
2026-08-12 00:45:46.019 - system_controller - INFO - Registered Dataset Manager (id: 'dataset_manager')
2026-08-12 00:45:46.050 - server_metrics_manager - INFO - Server Metrics: Discovered 1 endpoints: ['http://localhost:8000/metrics']
2026-08-12 00:45:46.099 - GPUTelemetryJSONLWriter_cae064f7 - INFO - GPU telemetry export enabled: /output/gpu_telemetry_export.jsonl
2026-08-12 00:45:46.106 - system_controller - INFO - Registered Worker Manager (id: 'worker_manager')
2026-08-12 00:45:46.110 - OTelMetricsResultsProcessor_4aee96bd - INFO - Telemetry streaming is disabled (set --otel-url and/or --mlflow-tracking-uri to enable)
2026-08-12 00:45:46.112 - RecordExportJSONLWriter_969bdf26 - INFO - Record metrics export enabled: /output/profile_export.jsonl
2026-08-12 00:45:46.202 - system_controller - INFO - Registered Gpu Telemetry Manager (id: 'gpu_telemetry_manager')
2026-08-12 00:45:46.203 - system_controller - INFO - Registered Server Metrics Manager (id: 'server_metrics_manager')
2026-08-12 00:45:46.227 - system_controller - INFO - Registered Records Manager (id: 'records_manager')
2026-08-12 00:45:46.254 - system_controller - INFO - Registered Record Processor (id: 'record_processor_9b5af2a7')
2026-08-12 00:45:46.352 - system_controller - INFO - Registered Record Processor (id: 'record_processor_03ba2f31')
2026-08-12 00:45:46.385 - system_controller - INFO - Registered Timing Manager (id: 'timing_manager')
2026-08-12 00:45:46.472 - system_controller - INFO - Registered Worker (id: 'worker_ca8ac347')
2026-08-12 00:45:46.473 - system_controller - INFO - Registered Worker (id: 'worker_e7a94b09')
2026-08-12 00:45:46.491 - system_controller - INFO - AIPerf System is CONFIGURING
2026-08-12 00:45:46.492 - system_controller - INFO - Configuring all services to start profiling
2026-08-12 00:45:46.493 - InferenceResultParser_e62055fc - INFO - Configuring tokenizers for inference result parser (resolve_alias: True)
2026-08-12 00:45:46.493 - timing_manager - INFO - Waiting for dataset to be configured before configuring timing
2026-08-12 00:45:46.493 - InferenceResultParser_088053f0 - INFO - Configuring tokenizers for inference result parser (resolve_alias: True)
2026-08-12 00:45:46.494 - dataset_manager - INFO - Configuring tokenizer(s) for dataset manager
2026-08-12 00:45:46.503 - server_metrics_manager - INFO - Server Metrics: Capturing baseline metrics...
2026-08-12 00:45:46.519 - system_controller - INFO - Registered Worker (id: 'worker_6638156a')
2026-08-12 00:45:46.522 - http://localhost:8000/metrics - INFO - Skipping unsupported summary metric: http_request_size_bytes
2026-08-12 00:45:46.522 - http://localhost:8000/metrics - INFO - Skipping unsupported summary metric: http_response_size_bytes
2026-08-12 00:45:46.523 - system_controller - INFO - Registered Worker (id: 'worker_ef2178e8')
2026-08-12 00:45:46.524 - system_controller - INFO - Server metrics enabled - 1/1 endpoint(s) reachable.
2026-08-12 00:45:46.524 - system_controller - INFO - Waiting for result domains: profile, server_metrics, telemetry
2026-08-12 00:45:46.524 - gpu_telemetry_manager - INFO - GPU Telemetry: Capturing baseline metrics from pynvml://localhost
2026-08-12 00:45:46.525 - system_controller - INFO - Registered Worker (id: 'worker_5fa57a4f')
2026-08-12 00:45:46.529 - system_controller - INFO - Registered Worker (id: 'worker_9d7bd30c')
2026-08-12 00:45:46.529 - system_controller - INFO - Registered Worker (id: 'worker_1d982a47')
2026-08-12 00:45:46.533 - pynvml_collector - INFO - PyNVML initialized with 1 GPU(s) (0 with GPM support)
2026-08-12 00:45:46.539 - system_controller - INFO - Registered Worker (id: 'worker_bc11c282')
2026-08-12 00:45:46.548 - system_controller - INFO - DCGM telemetry enabled - 1/1 endpoint(s) reachable
2026-08-12 00:45:47.078 - httpx - INFO - HTTP Request: HEAD https://huggingface.co/nvidia/NVIDIA-Nemotron-3.5-Lightning-30B-A3B-NVFP4/resolve/main/config.json "HTTP/1.1 307 Temporary Redirect"
2026-08-12 00:45:47.078 - httpx - INFO - HTTP Request: HEAD https://huggingface.co/nvidia/NVIDIA-Nemotron-3.5-Lightning-30B-A3B-NVFP4/resolve/main/config.json "HTTP/1.1 307 Temporary Redirect"
2026-08-12 00:45:47.079 - huggingface_hub.utils._http - WARNING - Warning: You are sending unauthenticated requests to the HF Hub. Please set a HF_TOKEN to enable higher rate limits and faster downloads.
2026-08-12 00:45:47.079 - huggingface_hub.utils._http - WARNING - Warning: You are sending unauthenticated requests to the HF Hub. Please set a HF_TOKEN to enable higher rate limits and faster downloads.
2026-08-12 00:45:47.083 - httpx - INFO - HTTP Request: HEAD https://huggingface.co/nvidia/NVIDIA-Nemotron-3.5-Lightning-30B-A3B-NVFP4/resolve/main/config.json "HTTP/1.1 307 Temporary Redirect"
2026-08-12 00:45:47.094 - httpx - INFO - HTTP Request: HEAD https://huggingface.co/api/resolve-cache/models/nvidia/NVIDIA-Nemotron-3.5-Lightning-30B-A3B-NVFP4/b14872a58afd94e2fbbc1e5a1fe4ebb7dfdc5fdd/config.json "HTTP/1.1 200 OK"
2026-08-12 00:45:47.094 - httpx - INFO - HTTP Request: HEAD https://huggingface.co/api/resolve-cache/models/nvidia/NVIDIA-Nemotron-3.5-Lightning-30B-A3B-NVFP4/b14872a58afd94e2fbbc1e5a1fe4ebb7dfdc5fdd/config.json "HTTP/1.1 200 OK"
2026-08-12 00:45:47.097 - httpx - INFO - HTTP Request: HEAD https://huggingface.co/api/resolve-cache/models/nvidia/NVIDIA-Nemotron-3.5-Lightning-30B-A3B-NVFP4/b14872a58afd94e2fbbc1e5a1fe4ebb7dfdc5fdd/config.json "HTTP/1.1 200 OK"
2026-08-12 00:45:47.235 - httpx - INFO - HTTP Request: HEAD https://huggingface.co/nvidia/NVIDIA-Nemotron-3.5-Lightning-30B-A3B-NVFP4/resolve/main/tokenizer_config.json "HTTP/1.1 307 Temporary Redirect"
2026-08-12 00:45:47.235 - httpx - INFO - HTTP Request: HEAD https://huggingface.co/nvidia/NVIDIA-Nemotron-3.5-Lightning-30B-A3B-NVFP4/resolve/main/tokenizer_config.json "HTTP/1.1 307 Temporary Redirect"
2026-08-12 00:45:47.246 - httpx - INFO - HTTP Request: HEAD https://huggingface.co/nvidia/NVIDIA-Nemotron-3.5-Lightning-30B-A3B-NVFP4/resolve/main/tokenizer_config.json "HTTP/1.1 307 Temporary Redirect"
2026-08-12 00:45:47.246 - huggingface_hub.utils._http - WARNING - Warning: You are sending unauthenticated requests to the HF Hub. Please set a HF_TOKEN to enable higher rate limits and faster downloads.
2026-08-12 00:45:47.250 - httpx - INFO - HTTP Request: HEAD https://huggingface.co/api/resolve-cache/models/nvidia/NVIDIA-Nemotron-3.5-Lightning-30B-A3B-NVFP4/b14872a58afd94e2fbbc1e5a1fe4ebb7dfdc5fdd/tokenizer_config.json "HTTP/1.1 200 OK"
2026-08-12 00:45:47.250 - httpx - INFO - HTTP Request: HEAD https://huggingface.co/api/resolve-cache/models/nvidia/NVIDIA-Nemotron-3.5-Lightning-30B-A3B-NVFP4/b14872a58afd94e2fbbc1e5a1fe4ebb7dfdc5fdd/tokenizer_config.json "HTTP/1.1 200 OK"
2026-08-12 00:45:47.258 - httpx - INFO - HTTP Request: HEAD https://huggingface.co/api/resolve-cache/models/nvidia/NVIDIA-Nemotron-3.5-Lightning-30B-A3B-NVFP4/b14872a58afd94e2fbbc1e5a1fe4ebb7dfdc5fdd/tokenizer_config.json "HTTP/1.1 200 OK"
2026-08-12 00:45:47.338 - httpx - INFO - HTTP Request: GET https://huggingface.co/api/models/nvidia/NVIDIA-Nemotron-3.5-Lightning-30B-A3B-NVFP4/tree/main/additional_chat_templates?recursive=false&expand=false "HTTP/1.1 404 Not Found"
2026-08-12 00:45:47.339 - httpx - INFO - HTTP Request: GET https://huggingface.co/api/models/nvidia/NVIDIA-Nemotron-3.5-Lightning-30B-A3B-NVFP4/tree/main/additional_chat_templates?recursive=false&expand=false "HTTP/1.1 404 Not Found"
2026-08-12 00:45:47.346 - httpx - INFO - HTTP Request: GET https://huggingface.co/api/models/nvidia/NVIDIA-Nemotron-3.5-Lightning-30B-A3B-NVFP4/tree/main/additional_chat_templates?recursive=false&expand=false "HTTP/1.1 404 Not Found"
2026-08-12 00:45:47.433 - httpx - INFO - HTTP Request: GET https://huggingface.co/api/models/nvidia/NVIDIA-Nemotron-3.5-Lightning-30B-A3B-NVFP4/tree/main?recursive=true&expand=false "HTTP/1.1 200 OK"
2026-08-12 00:45:47.433 - httpx - INFO - HTTP Request: GET https://huggingface.co/api/models/nvidia/NVIDIA-Nemotron-3.5-Lightning-30B-A3B-NVFP4/tree/main?recursive=true&expand=false "HTTP/1.1 200 OK"
2026-08-12 00:45:47.435 - httpx - INFO - HTTP Request: GET https://huggingface.co/api/models/nvidia/NVIDIA-Nemotron-3.5-Lightning-30B-A3B-NVFP4/tree/main?recursive=true&expand=false "HTTP/1.1 200 OK"
2026-08-12 00:45:48.577 - httpx - INFO - HTTP Request: GET https://huggingface.co/api/models/nvidia/NVIDIA-Nemotron-3.5-Lightning-30B-A3B-NVFP4 "HTTP/1.1 200 OK"
2026-08-12 00:45:48.581 - httpx - INFO - HTTP Request: GET https://huggingface.co/api/models/nvidia/NVIDIA-Nemotron-3.5-Lightning-30B-A3B-NVFP4 "HTTP/1.1 200 OK"
2026-08-12 00:45:48.585 - httpx - INFO - HTTP Request: GET https://huggingface.co/api/models/nvidia/NVIDIA-Nemotron-3.5-Lightning-30B-A3B-NVFP4 "HTTP/1.1 200 OK"
2026-08-12 00:45:48.602 - InferenceResultParser_088053f0 - INFO - Initialized tokenizers: {'nvidia/NVIDIA-Nemotron-3.5-Lightning-30B-A3B-NVFP4': {'class': 'TokenizersBackend', 'name_or_path': 'nvidia/NVIDIA-Nemotron-3.5-Lightning-30B-A3B-NVFP4'}} in 2.11 seconds
2026-08-12 00:45:48.623 - InferenceResultParser_e62055fc - INFO - Initialized tokenizers: {'nvidia/NVIDIA-Nemotron-3.5-Lightning-30B-A3B-NVFP4': {'class': 'TokenizersBackend', 'name_or_path': 'nvidia/NVIDIA-Nemotron-3.5-Lightning-30B-A3B-NVFP4'}} in 2.13 seconds
2026-08-12 00:45:48.623 - dataset_manager - INFO - Tokenizer(s) configured in 2.13 seconds
2026-08-12 00:45:48.623 - dataset_manager - INFO - Configuring dataset for dataset_manager
2026-08-12 00:45:48.975 - CustomDatasetComposer - INFO - Using explicit dataset format: multi_turn
2026-08-12 00:45:49.061 - MemoryMapDatasetBackingStore_bfba9877 - INFO - Memory-mapped backing store initialized (streaming to /tmp/aiperf_mmap_3362daa49f5f/dataset.dat)
2026-08-12 00:45:49.089 - MemoryMapDatasetBackingStore_bfba9877 - INFO - Data file finalized: 500 conversations, 1.29 MB
2026-08-12 00:45:49.092 - MemoryMapDatasetBackingStore_bfba9877 - INFO - Index file created: /tmp/aiperf_mmap_3362daa49f5f/index.dat
2026-08-12 00:45:49.093 - dataset_manager - INFO - Backing store finalized: client_type=DatasetClientStoreType.MEMORY_MAP format=MemoryMapFormat.CONVERSATION data_file_path=PosixPath('/tmp/aiperf_mmap_3362daa49f5f/dataset.dat') index_file_path=PosixPath('/tmp/aiperf_mmap_3362daa49f5f/index.dat') conversation_count=500 total_size_bytes=1353963 compressed=False compressed_data_file_path=None compressed_index_file_path=None compressed_size_bytes=0
2026-08-12 00:45:49.104 - dataset_manager - INFO - sampling strategy: sequential, unique conversations: 500, unique turn count: 1783
2026-08-12 00:45:49.126 - dataset_manager - INFO - Generating inputs.json file at /output/inputs.json
2026-08-12 00:45:49.147 - system_controller - WARNING - Received command response for service we were not expecting: worker_bc11c282. Ignoring.
2026-08-12 00:45:49.154 - dataset_manager - INFO - inputs.json file generated in 0.03 seconds
2026-08-12 00:45:49.155 - system_controller - WARNING - Received command response for service we were not expecting: worker_5fa57a4f. Ignoring.
2026-08-12 00:45:49.157 - system_controller - WARNING - Received command response for service we were not expecting: worker_1d982a47. Ignoring.
2026-08-12 00:45:49.160 - system_controller - WARNING - Received command response for service we were not expecting: worker_ef2178e8. Ignoring.
2026-08-12 00:45:49.170 - system_controller - WARNING - Received command response for service we were not expecting: worker_6638156a. Ignoring.
2026-08-12 00:45:49.171 - system_controller - WARNING - Received command response for service we were not expecting: worker_9d7bd30c. Ignoring.
2026-08-12 00:45:49.210 - PhaseOrchestrator_5a461551 - INFO - Initialized 2 phase(s): ['Warmup', 'Profiling']
2026-08-12 00:45:49.631 - dataset_manager - INFO - Dataset client initialized and freed 500 conversations from memory
2026-08-12 00:45:49.632 - dataset_manager - INFO - Dataset configured in 1.01 seconds
2026-08-12 00:45:49.633 - system_controller - INFO - All services configured in 3.14 seconds
2026-08-12 00:45:49.634 - system_controller - INFO - AIPerf System is CONFIGURED
2026-08-12 00:45:49.640 - server_metrics_manager - INFO - Server Metrics: Started 1 collector(s) successfully
2026-08-12 00:45:49.640 - system_controller - INFO - All services started profiling successfully
2026-08-12 00:45:49.640 - system_controller - INFO - AIPerf System is PROFILING
2026-08-12 00:45:49.690 - RateTiming - INFO - Creating interval generator: pattern=concurrency_burst, rate=None, smoothness=None
2026-08-12 00:45:49.692 - PhaseRunner - NOTICE - Phase warmup (warmup) started | phase_index=0 | target: 3 requests
2026-08-12 00:45:49.701 - PhaseRunner - NOTICE - Phase warmup (warmup) sending complete | sent=3, completed=0, in_flight=3 | sessions: sent=3, completed=0
2026-08-12 00:45:49.700 - records_manager - INFO - Credit phase start: warmup
2026-08-12 00:46:01.355 - PhaseRunner - NOTICE - Phase warmup (warmup) complete | completed=3, cancelled=0, errors=0 | sessions: completed=1, cancelled=0 | elapsed=11.66s
2026-08-12 00:46:01.358 - RateTiming - INFO - Creating interval generator: pattern=concurrency_burst, rate=None, smoothness=None
2026-08-12 00:46:01.358 - server_metrics_manager - INFO - Server Metrics: Warmup complete, capturing final warmup metrics...
2026-08-12 00:46:01.358 - PhaseRunner - NOTICE - Phase profiling (profiling) started | phase_index=1 | profiling_index=0 | target: 50 requests, 50 sessions
2026-08-12 00:46:01.359 - records_manager - INFO - Credit phase start: profiling
2026-08-12 00:46:21.040 - aiperf.metrics.types.osl_mismatch_metrics - WARNING - OSL mismatch: got 633 tokens (requested 674, diff -6.1%)
2026-08-12 00:46:51.135 - aiperf.metrics.types.osl_mismatch_metrics - WARNING - OSL mismatch: got 633 tokens (requested 671, diff -5.7%)
2026-08-12 00:46:51.850 - aiperf.metrics.types.osl_mismatch_metrics - WARNING - OSL mismatch: got 647 tokens (requested 782, diff -17.3%)
2026-08-12 00:46:58.631 - aiperf.metrics.types.osl_mismatch_metrics - WARNING - OSL mismatch: got 545 tokens (requested 605, diff -9.9%)
2026-08-12 00:47:20.408 - aiperf.metrics.types.osl_mismatch_metrics - WARNING - OSL mismatch: got 433 tokens (requested 493, diff -12.2%)
2026-08-12 00:47:25.243 - aiperf.metrics.types.osl_mismatch_metrics - WARNING - OSL mismatch: got 495 tokens (requested 995, diff -50.3%)
2026-08-12 00:47:28.412 - PhaseRunner - NOTICE - Phase profiling (profiling) sending complete | sent=50, completed=42, in_flight=8 | sessions: sent=19, completed=11
2026-08-12 00:47:28.414 - records_manager - INFO - Sent 50 requests. Waiting for all to complete...
2026-08-12 00:47:28.426 - aiperf.metrics.types.osl_mismatch_metrics - WARNING - OSL mismatch: got 459 tokens (requested 961, diff -52.2%)
2026-08-12 00:47:40.014 - PhaseRunner - NOTICE - Phase profiling (profiling) complete | completed=50, cancelled=0, errors=0 | sessions: completed=13, cancelled=0 | elapsed=98.66s
2026-08-12 00:47:40.015 - PhaseOrchestrator_5a461551 - NOTICE - All credits completed
2026-08-12 00:47:40.018 - records_manager - INFO - Received CREDIT_PHASE_COMPLETE message, Phase complete: PhaseRecordsStats(phase=CreditPhase.PROFILING, phase_index=1, profiling_index=0, phase_name='profiling', phase_kind='profiling', start_ns=1786495561358527080, sent_end_ns=1786495648412408513, requests_end_ns=1786495660014400168, baseline_start_ns=1786495561358508632, baseline_end_ns=1786495660014417336, total_expected_requests=50, expected_duration_sec=None, expected_num_sessions=None, expected_grace_period_sec=None, final_requests_sent=None, final_requests_completed=50, final_requests_cancelled=0, final_request_errors=0, final_sent_sessions=None, final_completed_sessions=None, final_cancelled_sessions=None, timeout_triggered=False, grace_period_timeout_triggered=False, was_cancelled=False, records_end_ns=None, success_records=49, error_records=0)
2026-08-12 00:47:40.018 - records_manager - NOTICE - All requests have completed, please wait for the results to be processed (currently 49 of 50 records processed)...
2026-08-12 00:47:40.019 - system_controller - INFO - Received credits complete from 'timing_manager'
2026-08-12 00:47:40.019 - records_manager - INFO - All credits complete, please wait for the results to be processed...
2026-08-12 00:47:40.028 - records_manager - INFO - Processed 50 valid requests and 0 errors (50 total).
2026-08-12 00:47:40.028 - records_manager - INFO - Received all records, processing now...
2026-08-12 00:47:40.031 - server_metrics_manager - INFO - Server Metrics: Profiling complete, capturing final metrics...
2026-08-12 00:47:40.033 - records_manager - INFO - Waiting 2.0s for server metrics flush period...
2026-08-12 00:47:40.032 - gpu_telemetry_manager - INFO - GPU Telemetry: Profiling complete, capturing final metrics...
2026-08-12 00:47:42.014 - records_manager - INFO - Processing records results...
2026-08-12 00:47:42.345 - system_controller - INFO - Waiting for result domains: server_metrics, telemetry
2026-08-12 00:47:42.346 - system_controller - INFO - Waiting for result domains: server_metrics
2026-08-12 00:47:42.424 - records_manager - INFO - _finalize_and_process_results completed
2026-08-12 00:47:42.428 - system_controller - INFO - All results received, initiating shutdown
2026-08-12 00:47:43.044 - ExporterManager - INFO - Exporting all records
2026-08-12 00:47:43.191 - ExporterManager - INFO - Exporting console data
