2026-08-16 11:03:01.074 - aiperf.cli_runner._single_run - INFO - Starting AIPerf System
2026-08-16 11:03:01.508 - httpx - INFO - HTTP Request: GET https://huggingface.co/api/models/nvidia/NVIDIA-Nemotron-3.5-Lightning-30B-A3B-NVFP4 "HTTP/1.1 200 OK"
2026-08-16 11:03:01.519 - aiperf.config.resolution.resolvers - INFO - [OK] Tokenizer nvidia/NVIDIA-Nemotron-3.5-Lightning-30B-A3B-NVFP4 detected
2026-08-16 11:03:01.519 - aiperf.config.resolution.resolvers - INFO - 1 tokenizer validated | 0.4s
2026-08-16 11:03:01.519 - aiperf.config.resolution.resolvers - INFO - Prefetching 1 tokenizer into HF cache...
2026-08-16 11:03:02.304 - httpx - INFO - HTTP Request: HEAD https://huggingface.co/nvidia/NVIDIA-Nemotron-3.5-Lightning-30B-A3B-NVFP4/resolve/main/config.json "HTTP/1.1 307 Temporary Redirect"
2026-08-16 11:03:02.314 - httpx - INFO - HTTP Request: HEAD https://huggingface.co/api/resolve-cache/models/nvidia/NVIDIA-Nemotron-3.5-Lightning-30B-A3B-NVFP4/6dbbd757ea75a8ece6e0702872e3ae53f9987728/config.json "HTTP/1.1 200 OK"
2026-08-16 11:03:02.332 - httpx - INFO - HTTP Request: GET https://huggingface.co/api/resolve-cache/models/nvidia/NVIDIA-Nemotron-3.5-Lightning-30B-A3B-NVFP4/6dbbd757ea75a8ece6e0702872e3ae53f9987728/config.json "HTTP/1.1 200 OK"
2026-08-16 11:03:02.468 - httpx - INFO - HTTP Request: HEAD https://huggingface.co/nvidia/NVIDIA-Nemotron-3.5-Lightning-30B-A3B-NVFP4/resolve/main/tokenizer_config.json "HTTP/1.1 307 Temporary Redirect"
2026-08-16 11:03:02.478 - httpx - INFO - HTTP Request: HEAD https://huggingface.co/api/resolve-cache/models/nvidia/NVIDIA-Nemotron-3.5-Lightning-30B-A3B-NVFP4/6dbbd757ea75a8ece6e0702872e3ae53f9987728/tokenizer_config.json "HTTP/1.1 200 OK"
2026-08-16 11:03:02.487 - httpx - INFO - HTTP Request: GET https://huggingface.co/api/resolve-cache/models/nvidia/NVIDIA-Nemotron-3.5-Lightning-30B-A3B-NVFP4/6dbbd757ea75a8ece6e0702872e3ae53f9987728/tokenizer_config.json "HTTP/1.1 200 OK"
2026-08-16 11:03:02.577 - httpx - INFO - HTTP Request: GET https://huggingface.co/api/models/nvidia/NVIDIA-Nemotron-3.5-Lightning-30B-A3B-NVFP4/tree/main/additional_chat_templates?recursive=false&expand=false "HTTP/1.1 404 Not Found"
2026-08-16 11:03:02.665 - httpx - INFO - HTTP Request: GET https://huggingface.co/api/models/nvidia/NVIDIA-Nemotron-3.5-Lightning-30B-A3B-NVFP4/tree/main?recursive=true&expand=false "HTTP/1.1 200 OK"
2026-08-16 11:03:02.752 - httpx - INFO - HTTP Request: HEAD https://huggingface.co/nvidia/NVIDIA-Nemotron-3.5-Lightning-30B-A3B-NVFP4/resolve/main/tokenizer.json "HTTP/1.1 302 Found"
2026-08-16 11:03:02.837 - httpx - INFO - HTTP Request: GET https://huggingface.co/api/models/nvidia/NVIDIA-Nemotron-3.5-Lightning-30B-A3B-NVFP4/xet-read-token/6dbbd757ea75a8ece6e0702872e3ae53f9987728 "HTTP/1.1 200 OK"
2026-08-16 11:03:03.702 - httpx - INFO - HTTP Request: HEAD https://huggingface.co/nvidia/NVIDIA-Nemotron-3.5-Lightning-30B-A3B-NVFP4/resolve/main/tokenizer.model "HTTP/1.1 404 Not Found"
2026-08-16 11:03:03.784 - httpx - INFO - HTTP Request: HEAD https://huggingface.co/nvidia/NVIDIA-Nemotron-3.5-Lightning-30B-A3B-NVFP4/resolve/main/added_tokens.json "HTTP/1.1 404 Not Found"
2026-08-16 11:03:03.784 - huggingface_hub.utils._http - WARNING - Warning: You are sending unauthenticated requests to the HF Hub. Please set a HF_TOKEN to enable higher rate limits and faster downloads.
2026-08-16 11:03:03.869 - httpx - INFO - HTTP Request: HEAD https://huggingface.co/nvidia/NVIDIA-Nemotron-3.5-Lightning-30B-A3B-NVFP4/resolve/main/special_tokens_map.json "HTTP/1.1 307 Temporary Redirect"
2026-08-16 11:03:03.879 - httpx - INFO - HTTP Request: HEAD https://huggingface.co/api/resolve-cache/models/nvidia/NVIDIA-Nemotron-3.5-Lightning-30B-A3B-NVFP4/6dbbd757ea75a8ece6e0702872e3ae53f9987728/special_tokens_map.json "HTTP/1.1 200 OK"
2026-08-16 11:03:03.888 - httpx - INFO - HTTP Request: GET https://huggingface.co/api/resolve-cache/models/nvidia/NVIDIA-Nemotron-3.5-Lightning-30B-A3B-NVFP4/6dbbd757ea75a8ece6e0702872e3ae53f9987728/special_tokens_map.json "HTTP/1.1 200 OK"
2026-08-16 11:03:03.968 - httpx - INFO - HTTP Request: HEAD https://huggingface.co/nvidia/NVIDIA-Nemotron-3.5-Lightning-30B-A3B-NVFP4/resolve/main/chat_template.jinja "HTTP/1.1 307 Temporary Redirect"
2026-08-16 11:03:03.978 - httpx - INFO - HTTP Request: HEAD https://huggingface.co/api/resolve-cache/models/nvidia/NVIDIA-Nemotron-3.5-Lightning-30B-A3B-NVFP4/6dbbd757ea75a8ece6e0702872e3ae53f9987728/chat_template.jinja "HTTP/1.1 200 OK"
2026-08-16 11:03:03.986 - httpx - INFO - HTTP Request: GET https://huggingface.co/api/resolve-cache/models/nvidia/NVIDIA-Nemotron-3.5-Lightning-30B-A3B-NVFP4/6dbbd757ea75a8ece6e0702872e3ae53f9987728/chat_template.jinja "HTTP/1.1 200 OK"
2026-08-16 11:03:04.837 - httpx - INFO - HTTP Request: GET https://huggingface.co/api/models/nvidia/NVIDIA-Nemotron-3.5-Lightning-30B-A3B-NVFP4 "HTTP/1.1 200 OK"
2026-08-16 11:03:04.875 - aiperf.config.resolution.resolvers - INFO -   Cached nvidia/NVIDIA-Nemotron-3.5-Lightning-30B-A3B-NVFP4 (3.34s)
2026-08-16 11:03:04.917 - aiperf.config.resolution.resolvers - INFO - 1 tokenizer cached • 3.4s
2026-08-16 11:03:05.284 - system_controller - INFO - Registered Gpu Telemetry Manager (id: 'gpu_telemetry_manager')
2026-08-16 11:03:05.313 - server_metrics_manager - INFO - Server Metrics: Discovered 1 endpoints: ['http://localhost:8000/metrics']
2026-08-16 11:03:05.360 - GPUTelemetryJSONLWriter_0d3ac4ce - INFO - GPU telemetry export enabled: /output/gpu_telemetry_export.jsonl
2026-08-16 11:03:05.371 - OTelMetricsResultsProcessor_bdac500a - INFO - Telemetry streaming is disabled (set --otel-url and/or --mlflow-tracking-uri to enable)
2026-08-16 11:03:05.372 - RecordExportJSONLWriter_09b88a2b - INFO - Record metrics export enabled: /output/profile_export.jsonl
2026-08-16 11:03:05.372 - system_controller - INFO - Registered Worker Manager (id: 'worker_manager')
2026-08-16 11:03:05.410 - system_controller - INFO - Registered Dataset Manager (id: 'dataset_manager')
2026-08-16 11:03:05.418 - system_controller - INFO - Registered Server Metrics Manager (id: 'server_metrics_manager')
2026-08-16 11:03:05.479 - system_controller - INFO - Registered Records Manager (id: 'records_manager')
2026-08-16 11:03:05.547 - system_controller - INFO - Registered Record Processor (id: 'record_processor_b96c39c3')
2026-08-16 11:03:05.613 - system_controller - INFO - Registered Timing Manager (id: 'timing_manager')
2026-08-16 11:03:05.709 - system_controller - INFO - Registered Worker (id: 'worker_036e8114')
2026-08-16 11:03:05.717 - system_controller - INFO - Registered Worker (id: 'worker_3813432c')
2026-08-16 11:03:05.719 - system_controller - INFO - Registered Worker (id: 'worker_d594c606')
2026-08-16 11:03:05.723 - system_controller - INFO - Registered Worker (id: 'worker_1188f042')
2026-08-16 11:03:05.760 - system_controller - INFO - AIPerf System is CONFIGURING
2026-08-16 11:03:05.760 - system_controller - INFO - Configuring all services to start profiling
2026-08-16 11:03:05.762 - InferenceResultParser_68b0bd52 - INFO - Configuring tokenizers for inference result parser (resolve_alias: True)
2026-08-16 11:03:05.762 - timing_manager - INFO - Waiting for dataset to be configured before configuring timing
2026-08-16 11:03:05.763 - dataset_manager - INFO - Configuring tokenizer(s) for dataset manager
2026-08-16 11:03:05.771 - server_metrics_manager - INFO - Server Metrics: Capturing baseline metrics...
2026-08-16 11:03:05.781 - http://localhost:8000/metrics - INFO - Skipping unsupported summary metric: http_request_size_bytes
2026-08-16 11:03:05.781 - http://localhost:8000/metrics - INFO - Skipping unsupported summary metric: http_response_size_bytes
2026-08-16 11:03:05.782 - system_controller - INFO - Server metrics enabled - 1/1 endpoint(s) reachable.
2026-08-16 11:03:05.783 - system_controller - INFO - Waiting for result domains: profile, server_metrics, telemetry
2026-08-16 11:03:05.794 - gpu_telemetry_manager - INFO - GPU Telemetry: Capturing baseline metrics from pynvml://localhost
2026-08-16 11:03:05.804 - pynvml_collector - INFO - PyNVML initialized with 1 GPU(s) (0 with GPM support)
2026-08-16 11:03:05.819 - system_controller - INFO - DCGM telemetry enabled - 1/1 endpoint(s) reachable
2026-08-16 11:03:06.298 - httpx - INFO - HTTP Request: HEAD https://huggingface.co/nvidia/NVIDIA-Nemotron-3.5-Lightning-30B-A3B-NVFP4/resolve/main/config.json "HTTP/1.1 307 Temporary Redirect"
2026-08-16 11:03:06.307 - httpx - INFO - HTTP Request: HEAD https://huggingface.co/api/resolve-cache/models/nvidia/NVIDIA-Nemotron-3.5-Lightning-30B-A3B-NVFP4/6dbbd757ea75a8ece6e0702872e3ae53f9987728/config.json "HTTP/1.1 200 OK"
2026-08-16 11:03:06.318 - httpx - INFO - HTTP Request: HEAD https://huggingface.co/nvidia/NVIDIA-Nemotron-3.5-Lightning-30B-A3B-NVFP4/resolve/main/config.json "HTTP/1.1 307 Temporary Redirect"
2026-08-16 11:03:06.319 - huggingface_hub.utils._http - WARNING - Warning: You are sending unauthenticated requests to the HF Hub. Please set a HF_TOKEN to enable higher rate limits and faster downloads.
2026-08-16 11:03:06.328 - httpx - INFO - HTTP Request: HEAD https://huggingface.co/api/resolve-cache/models/nvidia/NVIDIA-Nemotron-3.5-Lightning-30B-A3B-NVFP4/6dbbd757ea75a8ece6e0702872e3ae53f9987728/config.json "HTTP/1.1 200 OK"
2026-08-16 11:03:06.437 - httpx - INFO - HTTP Request: HEAD https://huggingface.co/nvidia/NVIDIA-Nemotron-3.5-Lightning-30B-A3B-NVFP4/resolve/main/tokenizer_config.json "HTTP/1.1 307 Temporary Redirect"
2026-08-16 11:03:06.438 - huggingface_hub.utils._http - WARNING - Warning: You are sending unauthenticated requests to the HF Hub. Please set a HF_TOKEN to enable higher rate limits and faster downloads.
2026-08-16 11:03:06.446 - httpx - INFO - HTTP Request: HEAD https://huggingface.co/api/resolve-cache/models/nvidia/NVIDIA-Nemotron-3.5-Lightning-30B-A3B-NVFP4/6dbbd757ea75a8ece6e0702872e3ae53f9987728/tokenizer_config.json "HTTP/1.1 200 OK"
2026-08-16 11:03:06.457 - httpx - INFO - HTTP Request: HEAD https://huggingface.co/nvidia/NVIDIA-Nemotron-3.5-Lightning-30B-A3B-NVFP4/resolve/main/tokenizer_config.json "HTTP/1.1 307 Temporary Redirect"
2026-08-16 11:03:06.467 - httpx - INFO - HTTP Request: HEAD https://huggingface.co/api/resolve-cache/models/nvidia/NVIDIA-Nemotron-3.5-Lightning-30B-A3B-NVFP4/6dbbd757ea75a8ece6e0702872e3ae53f9987728/tokenizer_config.json "HTTP/1.1 200 OK"
2026-08-16 11:03:06.534 - httpx - INFO - HTTP Request: GET https://huggingface.co/api/models/nvidia/NVIDIA-Nemotron-3.5-Lightning-30B-A3B-NVFP4/tree/main/additional_chat_templates?recursive=false&expand=false "HTTP/1.1 404 Not Found"
2026-08-16 11:03:06.553 - httpx - INFO - HTTP Request: GET https://huggingface.co/api/models/nvidia/NVIDIA-Nemotron-3.5-Lightning-30B-A3B-NVFP4/tree/main/additional_chat_templates?recursive=false&expand=false "HTTP/1.1 404 Not Found"
2026-08-16 11:03:06.620 - httpx - INFO - HTTP Request: GET https://huggingface.co/api/models/nvidia/NVIDIA-Nemotron-3.5-Lightning-30B-A3B-NVFP4/tree/main?recursive=true&expand=false "HTTP/1.1 200 OK"
2026-08-16 11:03:06.639 - httpx - INFO - HTTP Request: GET https://huggingface.co/api/models/nvidia/NVIDIA-Nemotron-3.5-Lightning-30B-A3B-NVFP4/tree/main?recursive=true&expand=false "HTTP/1.1 200 OK"
2026-08-16 11:03:07.551 - httpx - INFO - HTTP Request: GET https://huggingface.co/api/models/nvidia/NVIDIA-Nemotron-3.5-Lightning-30B-A3B-NVFP4 "HTTP/1.1 200 OK"
2026-08-16 11:03:07.564 - httpx - INFO - HTTP Request: GET https://huggingface.co/api/models/nvidia/NVIDIA-Nemotron-3.5-Lightning-30B-A3B-NVFP4 "HTTP/1.1 200 OK"
2026-08-16 11:03:07.585 - dataset_manager - INFO - Tokenizer(s) configured in 1.82 seconds
2026-08-16 11:03:07.585 - dataset_manager - INFO - Configuring dataset for dataset_manager
2026-08-16 11:03:07.600 - InferenceResultParser_68b0bd52 - INFO - Initialized tokenizers: {'nvidia/NVIDIA-Nemotron-3.5-Lightning-30B-A3B-NVFP4': {'class': 'TokenizersBackend', 'name_or_path': 'nvidia/NVIDIA-Nemotron-3.5-Lightning-30B-A3B-NVFP4'}} in 1.84 seconds
2026-08-16 11:03:07.851 - CustomDatasetComposer - INFO - Using explicit dataset format: multi_turn
2026-08-16 11:03:07.900 - MemoryMapDatasetBackingStore_f4ecb82b - INFO - Memory-mapped backing store initialized (streaming to /tmp/aiperf_mmap_97471a5e2b77/dataset.dat)
2026-08-16 11:03:07.922 - MemoryMapDatasetBackingStore_f4ecb82b - INFO - Data file finalized: 500 conversations, 1.27 MB
2026-08-16 11:03:07.923 - MemoryMapDatasetBackingStore_f4ecb82b - INFO - Index file created: /tmp/aiperf_mmap_97471a5e2b77/index.dat
2026-08-16 11:03:07.923 - dataset_manager - INFO - Backing store finalized: client_type=DatasetClientStoreType.MEMORY_MAP format=MemoryMapFormat.CONVERSATION data_file_path=PosixPath('/tmp/aiperf_mmap_97471a5e2b77/dataset.dat') index_file_path=PosixPath('/tmp/aiperf_mmap_97471a5e2b77/index.dat') conversation_count=500 total_size_bytes=1331455 compressed=False compressed_data_file_path=None compressed_index_file_path=None compressed_size_bytes=0
2026-08-16 11:03:07.932 - dataset_manager - INFO - sampling strategy: sequential, unique conversations: 500, unique turn count: 1783
2026-08-16 11:03:07.936 - dataset_manager - INFO - Generating inputs.json file at /output/inputs.json
2026-08-16 11:03:07.947 - PhaseOrchestrator_41edc28a - INFO - Initialized 2 phase(s): ['Warmup', 'Profiling']
2026-08-16 11:03:07.951 - dataset_manager - INFO - inputs.json file generated in 0.01 seconds
2026-08-16 11:03:08.085 - dataset_manager - INFO - Dataset client initialized and freed 500 conversations from memory
2026-08-16 11:03:08.085 - dataset_manager - INFO - Dataset configured in 0.50 seconds
2026-08-16 11:03:08.086 - system_controller - INFO - All services configured in 2.33 seconds
2026-08-16 11:03:08.086 - system_controller - INFO - AIPerf System is CONFIGURED
2026-08-16 11:03:08.087 - server_metrics_manager - INFO - Server Metrics: Started 1 collector(s) successfully
2026-08-16 11:03:08.088 - system_controller - INFO - All services started profiling successfully
2026-08-16 11:03:08.088 - system_controller - INFO - AIPerf System is PROFILING
2026-08-16 11:03:08.090 - RateTiming - INFO - Creating interval generator: pattern=concurrency_burst, rate=None, smoothness=None
2026-08-16 11:03:08.090 - PhaseRunner - NOTICE - Phase warmup (warmup) started | phase_index=0 | target: 3 requests
2026-08-16 11:03:08.091 - PhaseRunner - NOTICE - Phase warmup (warmup) sending complete | sent=3, completed=0, in_flight=3 | sessions: sent=3, completed=0
2026-08-16 11:03:08.092 - records_manager - INFO - Credit phase start: warmup
2026-08-16 11:03:12.963 - PhaseRunner - NOTICE - Phase warmup (warmup) complete | completed=3, cancelled=0, errors=0 | sessions: completed=0, cancelled=0 | elapsed=4.87s
2026-08-16 11:03:12.964 - server_metrics_manager - INFO - Server Metrics: Warmup complete, capturing final warmup metrics...
2026-08-16 11:03:12.965 - RateTiming - INFO - Creating interval generator: pattern=concurrency_burst, rate=None, smoothness=None
2026-08-16 11:03:12.965 - PhaseRunner - NOTICE - Phase profiling (profiling) started | phase_index=1 | profiling_index=0 | target: 50 requests, 50 sessions
2026-08-16 11:03:12.967 - records_manager - INFO - Credit phase start: profiling
2026-08-16 11:03:20.287 - aiperf.metrics.types.osl_mismatch_metrics - WARNING - OSL mismatch: got 82 tokens (requested 287, diff -71.4%)
2026-08-16 11:03:49.432 - PhaseRunner - NOTICE - Phase profiling (profiling) sending complete | sent=50, completed=46, in_flight=4 | sessions: sent=15, completed=11
2026-08-16 11:03:49.433 - records_manager - INFO - Sent 50 requests. Waiting for all to complete...
2026-08-16 11:03:53.686 - PhaseRunner - NOTICE - Phase profiling (profiling) complete | completed=50, cancelled=0, errors=0 | sessions: completed=14, cancelled=0 | elapsed=40.72s
2026-08-16 11:03:53.687 - PhaseOrchestrator_41edc28a - NOTICE - All credits completed
2026-08-16 11:03:53.687 - system_controller - INFO - Received credits complete from 'timing_manager'
2026-08-16 11:03:53.688 - records_manager - INFO - Received CREDIT_PHASE_COMPLETE message, Phase complete: PhaseRecordsStats(phase=CreditPhase.PROFILING, phase_index=1, profiling_index=0, phase_name='profiling', phase_kind='profiling', start_ns=1786878192965564867, sent_end_ns=1786878229432046397, requests_end_ns=1786878233686303288, baseline_start_ns=1786878192965545171, baseline_end_ns=1786878233686326456, total_expected_requests=50, expected_duration_sec=None, expected_num_sessions=None, expected_grace_period_sec=None, final_requests_sent=None, final_requests_completed=50, final_requests_cancelled=0, final_request_errors=0, final_sent_sessions=None, final_completed_sessions=None, final_cancelled_sessions=None, timeout_triggered=False, grace_period_timeout_triggered=False, was_cancelled=False, records_end_ns=None, success_records=49, error_records=0)
2026-08-16 11:03:53.688 - records_manager - NOTICE - All requests have completed, please wait for the results to be processed (currently 49 of 50 records processed)...
2026-08-16 11:03:53.688 - records_manager - INFO - All credits complete, please wait for the results to be processed...
2026-08-16 11:03:53.697 - records_manager - INFO - Processed 50 valid requests and 0 errors (50 total).
2026-08-16 11:03:53.697 - records_manager - INFO - Received all records, processing now...
2026-08-16 11:03:53.699 - gpu_telemetry_manager - INFO - GPU Telemetry: Profiling complete, capturing final metrics...
2026-08-16 11:03:53.700 - records_manager - INFO - Waiting 2.0s for server metrics flush period...
2026-08-16 11:03:53.707 - server_metrics_manager - INFO - Server Metrics: Profiling complete, capturing final metrics...
2026-08-16 11:03:55.685 - records_manager - INFO - Processing records results...
2026-08-16 11:03:55.814 - system_controller - INFO - Waiting for result domains: server_metrics, telemetry
2026-08-16 11:03:55.815 - system_controller - INFO - Waiting for result domains: server_metrics
2026-08-16 11:03:55.855 - records_manager - INFO - _finalize_and_process_results completed
2026-08-16 11:03:55.858 - system_controller - INFO - All results received, initiating shutdown
2026-08-16 11:03:56.461 - ExporterManager - INFO - Exporting all records
2026-08-16 11:03:56.540 - ExporterManager - INFO - Exporting console data
