2026-08-16 10:18:20.296 - aiperf.cli_runner._single_run - INFO - Starting AIPerf System
2026-08-16 10:18:20.754 - httpx - INFO - HTTP Request: GET https://huggingface.co/api/models/nvidia/NVIDIA-Nemotron-3.5-Lightning-30B-A3B-NVFP4 "HTTP/1.1 200 OK"
2026-08-16 10:18:20.762 - aiperf.config.resolution.resolvers - INFO - [OK] Tokenizer nvidia/NVIDIA-Nemotron-3.5-Lightning-30B-A3B-NVFP4 detected
2026-08-16 10:18:20.762 - aiperf.config.resolution.resolvers - INFO - 1 tokenizer validated | 0.4s
2026-08-16 10:18:20.762 - aiperf.config.resolution.resolvers - INFO - Prefetching 1 tokenizer into HF cache...
2026-08-16 10:18:21.574 - httpx - INFO - HTTP Request: HEAD https://huggingface.co/nvidia/NVIDIA-Nemotron-3.5-Lightning-30B-A3B-NVFP4/resolve/main/config.json "HTTP/1.1 307 Temporary Redirect"
2026-08-16 10:18:21.575 - huggingface_hub.utils._http - WARNING - Warning: You are sending unauthenticated requests to the HF Hub. Please set a HF_TOKEN to enable higher rate limits and faster downloads.
2026-08-16 10:18:21.586 - httpx - INFO - HTTP Request: HEAD https://huggingface.co/api/resolve-cache/models/nvidia/NVIDIA-Nemotron-3.5-Lightning-30B-A3B-NVFP4/6dbbd757ea75a8ece6e0702872e3ae53f9987728/config.json "HTTP/1.1 200 OK"
2026-08-16 10:18:21.601 - httpx - INFO - HTTP Request: GET https://huggingface.co/api/resolve-cache/models/nvidia/NVIDIA-Nemotron-3.5-Lightning-30B-A3B-NVFP4/6dbbd757ea75a8ece6e0702872e3ae53f9987728/config.json "HTTP/1.1 200 OK"
2026-08-16 10:18:21.763 - httpx - INFO - HTTP Request: HEAD https://huggingface.co/nvidia/NVIDIA-Nemotron-3.5-Lightning-30B-A3B-NVFP4/resolve/main/tokenizer_config.json "HTTP/1.1 307 Temporary Redirect"
2026-08-16 10:18:21.774 - httpx - INFO - HTTP Request: HEAD https://huggingface.co/api/resolve-cache/models/nvidia/NVIDIA-Nemotron-3.5-Lightning-30B-A3B-NVFP4/6dbbd757ea75a8ece6e0702872e3ae53f9987728/tokenizer_config.json "HTTP/1.1 200 OK"
2026-08-16 10:18:21.782 - httpx - INFO - HTTP Request: GET https://huggingface.co/api/resolve-cache/models/nvidia/NVIDIA-Nemotron-3.5-Lightning-30B-A3B-NVFP4/6dbbd757ea75a8ece6e0702872e3ae53f9987728/tokenizer_config.json "HTTP/1.1 200 OK"
2026-08-16 10:18:21.870 - httpx - INFO - HTTP Request: GET https://huggingface.co/api/models/nvidia/NVIDIA-Nemotron-3.5-Lightning-30B-A3B-NVFP4/tree/main/additional_chat_templates?recursive=false&expand=false "HTTP/1.1 404 Not Found"
2026-08-16 10:18:21.953 - httpx - INFO - HTTP Request: GET https://huggingface.co/api/models/nvidia/NVIDIA-Nemotron-3.5-Lightning-30B-A3B-NVFP4/tree/main?recursive=true&expand=false "HTTP/1.1 200 OK"
2026-08-16 10:18:22.042 - httpx - INFO - HTTP Request: HEAD https://huggingface.co/nvidia/NVIDIA-Nemotron-3.5-Lightning-30B-A3B-NVFP4/resolve/main/tokenizer.json "HTTP/1.1 302 Found"
2026-08-16 10:18:22.130 - httpx - INFO - HTTP Request: GET https://huggingface.co/api/models/nvidia/NVIDIA-Nemotron-3.5-Lightning-30B-A3B-NVFP4/xet-read-token/6dbbd757ea75a8ece6e0702872e3ae53f9987728 "HTTP/1.1 200 OK"
2026-08-16 10:18:22.890 - httpx - INFO - HTTP Request: HEAD https://huggingface.co/nvidia/NVIDIA-Nemotron-3.5-Lightning-30B-A3B-NVFP4/resolve/main/tokenizer.model "HTTP/1.1 404 Not Found"
2026-08-16 10:18:22.973 - httpx - INFO - HTTP Request: HEAD https://huggingface.co/nvidia/NVIDIA-Nemotron-3.5-Lightning-30B-A3B-NVFP4/resolve/main/added_tokens.json "HTTP/1.1 404 Not Found"
2026-08-16 10:18:23.063 - httpx - INFO - HTTP Request: HEAD https://huggingface.co/nvidia/NVIDIA-Nemotron-3.5-Lightning-30B-A3B-NVFP4/resolve/main/special_tokens_map.json "HTTP/1.1 307 Temporary Redirect"
2026-08-16 10:18:23.074 - httpx - INFO - HTTP Request: HEAD https://huggingface.co/api/resolve-cache/models/nvidia/NVIDIA-Nemotron-3.5-Lightning-30B-A3B-NVFP4/6dbbd757ea75a8ece6e0702872e3ae53f9987728/special_tokens_map.json "HTTP/1.1 200 OK"
2026-08-16 10:18:23.085 - httpx - INFO - HTTP Request: GET https://huggingface.co/api/resolve-cache/models/nvidia/NVIDIA-Nemotron-3.5-Lightning-30B-A3B-NVFP4/6dbbd757ea75a8ece6e0702872e3ae53f9987728/special_tokens_map.json "HTTP/1.1 200 OK"
2026-08-16 10:18:23.165 - httpx - INFO - HTTP Request: HEAD https://huggingface.co/nvidia/NVIDIA-Nemotron-3.5-Lightning-30B-A3B-NVFP4/resolve/main/chat_template.jinja "HTTP/1.1 307 Temporary Redirect"
2026-08-16 10:18:23.177 - httpx - INFO - HTTP Request: HEAD https://huggingface.co/api/resolve-cache/models/nvidia/NVIDIA-Nemotron-3.5-Lightning-30B-A3B-NVFP4/6dbbd757ea75a8ece6e0702872e3ae53f9987728/chat_template.jinja "HTTP/1.1 200 OK"
2026-08-16 10:18:23.188 - httpx - INFO - HTTP Request: GET https://huggingface.co/api/resolve-cache/models/nvidia/NVIDIA-Nemotron-3.5-Lightning-30B-A3B-NVFP4/6dbbd757ea75a8ece6e0702872e3ae53f9987728/chat_template.jinja "HTTP/1.1 200 OK"
2026-08-16 10:18:24.006 - httpx - INFO - HTTP Request: GET https://huggingface.co/api/models/nvidia/NVIDIA-Nemotron-3.5-Lightning-30B-A3B-NVFP4 "HTTP/1.1 200 OK"
2026-08-16 10:18:24.048 - aiperf.config.resolution.resolvers - INFO -   Cached nvidia/NVIDIA-Nemotron-3.5-Lightning-30B-A3B-NVFP4 (3.27s)
2026-08-16 10:18:24.089 - aiperf.config.resolution.resolvers - INFO - 1 tokenizer cached • 3.3s
2026-08-16 10:18:24.499 - server_metrics_manager - INFO - Server Metrics: Discovered 1 endpoints: ['http://localhost:8000/metrics']
2026-08-16 10:18:24.514 - GPUTelemetryJSONLWriter_9f5fde80 - INFO - GPU telemetry export enabled: /output/gpu_telemetry_export.jsonl
2026-08-16 10:18:24.524 - OTelMetricsResultsProcessor_45a45a40 - INFO - Telemetry streaming is disabled (set --otel-url and/or --mlflow-tracking-uri to enable)
2026-08-16 10:18:24.525 - RecordExportJSONLWriter_ba1b6442 - INFO - Record metrics export enabled: /output/profile_export.jsonl
2026-08-16 10:18:24.546 - system_controller - INFO - Registered Worker Manager (id: 'worker_manager')
2026-08-16 10:18:24.548 - system_controller - INFO - Registered Gpu Telemetry Manager (id: 'gpu_telemetry_manager')
2026-08-16 10:18:24.663 - system_controller - INFO - Registered Dataset Manager (id: 'dataset_manager')
2026-08-16 10:18:24.664 - system_controller - INFO - Registered Server Metrics Manager (id: 'server_metrics_manager')
2026-08-16 10:18:24.664 - system_controller - INFO - Registered Records Manager (id: 'records_manager')
2026-08-16 10:18:24.742 - system_controller - INFO - Registered Record Processor (id: 'record_processor_a324a608')
2026-08-16 10:18:24.743 - system_controller - INFO - Registered Timing Manager (id: 'timing_manager')
2026-08-16 10:18:24.744 - system_controller - INFO - Registered Record Processor (id: 'record_processor_c5a46b17')
2026-08-16 10:18:24.843 - system_controller - INFO - Registered Record Processor (id: 'record_processor_2689ec28')
2026-08-16 10:18:24.924 - system_controller - INFO - AIPerf System is CONFIGURING
2026-08-16 10:18:24.924 - system_controller - INFO - Configuring all services to start profiling
2026-08-16 10:18:24.925 - InferenceResultParser_6ee4adcd - INFO - Configuring tokenizers for inference result parser (resolve_alias: True)
2026-08-16 10:18:24.925 - InferenceResultParser_84c77c54 - INFO - Configuring tokenizers for inference result parser (resolve_alias: True)
2026-08-16 10:18:24.925 - InferenceResultParser_1dec5625 - INFO - Configuring tokenizers for inference result parser (resolve_alias: True)
2026-08-16 10:18:24.925 - timing_manager - INFO - Waiting for dataset to be configured before configuring timing
2026-08-16 10:18:24.928 - dataset_manager - INFO - Configuring tokenizer(s) for dataset manager
2026-08-16 10:18:24.936 - server_metrics_manager - INFO - Server Metrics: Capturing baseline metrics...
2026-08-16 10:18:24.951 - system_controller - INFO - Registered Worker (id: 'worker_88fa56b9')
2026-08-16 10:18:24.954 - system_controller - INFO - Registered Worker (id: 'worker_ad19bf86')
2026-08-16 10:18:24.954 - gpu_telemetry_manager - INFO - GPU Telemetry: Capturing baseline metrics from pynvml://localhost
2026-08-16 10:18:24.955 - http://localhost:8000/metrics - INFO - Skipping unsupported summary metric: http_request_size_bytes
2026-08-16 10:18:24.955 - http://localhost:8000/metrics - INFO - Skipping unsupported summary metric: http_response_size_bytes
2026-08-16 10:18:24.957 - system_controller - INFO - Server metrics enabled - 1/1 endpoint(s) reachable.
2026-08-16 10:18:24.958 - system_controller - INFO - Waiting for result domains: profile, server_metrics, telemetry
2026-08-16 10:18:24.965 - pynvml_collector - INFO - PyNVML initialized with 1 GPU(s) (0 with GPM support)
2026-08-16 10:18:24.981 - system_controller - INFO - DCGM telemetry enabled - 1/1 endpoint(s) reachable
2026-08-16 10:18:25.016 - system_controller - INFO - Registered Worker (id: 'worker_651fa2b5')
2026-08-16 10:18:25.017 - system_controller - INFO - Registered Worker (id: 'worker_eeb65e8b')
2026-08-16 10:18:25.017 - system_controller - INFO - Registered Worker (id: 'worker_12e6dc51')
2026-08-16 10:18:25.027 - system_controller - INFO - Registered Worker (id: 'worker_80505df4')
2026-08-16 10:18:25.034 - system_controller - INFO - Registered Worker (id: 'worker_badca42a')
2026-08-16 10:18:25.035 - system_controller - INFO - Registered Worker (id: 'worker_8c57e509')
2026-08-16 10:18:25.045 - system_controller - INFO - Registered Worker (id: 'worker_d35c5e79')
2026-08-16 10:18:25.056 - system_controller - INFO - Registered Worker (id: 'worker_6a3ba0d6')
2026-08-16 10:18:25.070 - system_controller - INFO - Registered Worker (id: 'worker_a5d2f7c9')
2026-08-16 10:18:25.094 - system_controller - INFO - Registered Worker (id: 'worker_3027ddf6')
2026-08-16 10:18:25.108 - system_controller - INFO - Registered Worker (id: 'worker_ab535de0')
2026-08-16 10:18:25.113 - system_controller - INFO - Registered Worker (id: 'worker_2097400a')
2026-08-16 10:18:25.463 - httpx - INFO - HTTP Request: HEAD https://huggingface.co/nvidia/NVIDIA-Nemotron-3.5-Lightning-30B-A3B-NVFP4/resolve/main/config.json "HTTP/1.1 307 Temporary Redirect"
2026-08-16 10:18:25.474 - httpx - INFO - HTTP Request: HEAD https://huggingface.co/api/resolve-cache/models/nvidia/NVIDIA-Nemotron-3.5-Lightning-30B-A3B-NVFP4/6dbbd757ea75a8ece6e0702872e3ae53f9987728/config.json "HTTP/1.1 200 OK"
2026-08-16 10:18:25.495 - httpx - INFO - HTTP Request: HEAD https://huggingface.co/nvidia/NVIDIA-Nemotron-3.5-Lightning-30B-A3B-NVFP4/resolve/main/config.json "HTTP/1.1 307 Temporary Redirect"
2026-08-16 10:18:25.496 - huggingface_hub.utils._http - WARNING - Warning: You are sending unauthenticated requests to the HF Hub. Please set a HF_TOKEN to enable higher rate limits and faster downloads.
2026-08-16 10:18:25.497 - httpx - INFO - HTTP Request: HEAD https://huggingface.co/nvidia/NVIDIA-Nemotron-3.5-Lightning-30B-A3B-NVFP4/resolve/main/config.json "HTTP/1.1 307 Temporary Redirect"
2026-08-16 10:18:25.498 - huggingface_hub.utils._http - WARNING - Warning: You are sending unauthenticated requests to the HF Hub. Please set a HF_TOKEN to enable higher rate limits and faster downloads.
2026-08-16 10:18:25.498 - httpx - INFO - HTTP Request: HEAD https://huggingface.co/nvidia/NVIDIA-Nemotron-3.5-Lightning-30B-A3B-NVFP4/resolve/main/config.json "HTTP/1.1 307 Temporary Redirect"
2026-08-16 10:18:25.498 - huggingface_hub.utils._http - WARNING - Warning: You are sending unauthenticated requests to the HF Hub. Please set a HF_TOKEN to enable higher rate limits and faster downloads.
2026-08-16 10:18:25.505 - httpx - INFO - HTTP Request: HEAD https://huggingface.co/api/resolve-cache/models/nvidia/NVIDIA-Nemotron-3.5-Lightning-30B-A3B-NVFP4/6dbbd757ea75a8ece6e0702872e3ae53f9987728/config.json "HTTP/1.1 200 OK"
2026-08-16 10:18:25.508 - httpx - INFO - HTTP Request: HEAD https://huggingface.co/api/resolve-cache/models/nvidia/NVIDIA-Nemotron-3.5-Lightning-30B-A3B-NVFP4/6dbbd757ea75a8ece6e0702872e3ae53f9987728/config.json "HTTP/1.1 200 OK"
2026-08-16 10:18:25.508 - httpx - INFO - HTTP Request: HEAD https://huggingface.co/api/resolve-cache/models/nvidia/NVIDIA-Nemotron-3.5-Lightning-30B-A3B-NVFP4/6dbbd757ea75a8ece6e0702872e3ae53f9987728/config.json "HTTP/1.1 200 OK"
2026-08-16 10:18:25.603 - httpx - INFO - HTTP Request: HEAD https://huggingface.co/nvidia/NVIDIA-Nemotron-3.5-Lightning-30B-A3B-NVFP4/resolve/main/tokenizer_config.json "HTTP/1.1 307 Temporary Redirect"
2026-08-16 10:18:25.613 - httpx - INFO - HTTP Request: HEAD https://huggingface.co/api/resolve-cache/models/nvidia/NVIDIA-Nemotron-3.5-Lightning-30B-A3B-NVFP4/6dbbd757ea75a8ece6e0702872e3ae53f9987728/tokenizer_config.json "HTTP/1.1 200 OK"
2026-08-16 10:18:25.638 - httpx - INFO - HTTP Request: HEAD https://huggingface.co/nvidia/NVIDIA-Nemotron-3.5-Lightning-30B-A3B-NVFP4/resolve/main/tokenizer_config.json "HTTP/1.1 307 Temporary Redirect"
2026-08-16 10:18:25.640 - httpx - INFO - HTTP Request: HEAD https://huggingface.co/nvidia/NVIDIA-Nemotron-3.5-Lightning-30B-A3B-NVFP4/resolve/main/tokenizer_config.json "HTTP/1.1 307 Temporary Redirect"
2026-08-16 10:18:25.642 - httpx - INFO - HTTP Request: HEAD https://huggingface.co/nvidia/NVIDIA-Nemotron-3.5-Lightning-30B-A3B-NVFP4/resolve/main/tokenizer_config.json "HTTP/1.1 307 Temporary Redirect"
2026-08-16 10:18:25.647 - httpx - INFO - HTTP Request: HEAD https://huggingface.co/api/resolve-cache/models/nvidia/NVIDIA-Nemotron-3.5-Lightning-30B-A3B-NVFP4/6dbbd757ea75a8ece6e0702872e3ae53f9987728/tokenizer_config.json "HTTP/1.1 200 OK"
2026-08-16 10:18:25.650 - httpx - INFO - HTTP Request: HEAD https://huggingface.co/api/resolve-cache/models/nvidia/NVIDIA-Nemotron-3.5-Lightning-30B-A3B-NVFP4/6dbbd757ea75a8ece6e0702872e3ae53f9987728/tokenizer_config.json "HTTP/1.1 200 OK"
2026-08-16 10:18:25.651 - httpx - INFO - HTTP Request: HEAD https://huggingface.co/api/resolve-cache/models/nvidia/NVIDIA-Nemotron-3.5-Lightning-30B-A3B-NVFP4/6dbbd757ea75a8ece6e0702872e3ae53f9987728/tokenizer_config.json "HTTP/1.1 200 OK"
2026-08-16 10:18:25.697 - httpx - INFO - HTTP Request: GET https://huggingface.co/api/models/nvidia/NVIDIA-Nemotron-3.5-Lightning-30B-A3B-NVFP4/tree/main/additional_chat_templates?recursive=false&expand=false "HTTP/1.1 404 Not Found"
2026-08-16 10:18:25.731 - httpx - INFO - HTTP Request: GET https://huggingface.co/api/models/nvidia/NVIDIA-Nemotron-3.5-Lightning-30B-A3B-NVFP4/tree/main/additional_chat_templates?recursive=false&expand=false "HTTP/1.1 404 Not Found"
2026-08-16 10:18:25.731 - httpx - INFO - HTTP Request: GET https://huggingface.co/api/models/nvidia/NVIDIA-Nemotron-3.5-Lightning-30B-A3B-NVFP4/tree/main/additional_chat_templates?recursive=false&expand=false "HTTP/1.1 404 Not Found"
2026-08-16 10:18:25.733 - httpx - INFO - HTTP Request: GET https://huggingface.co/api/models/nvidia/NVIDIA-Nemotron-3.5-Lightning-30B-A3B-NVFP4/tree/main/additional_chat_templates?recursive=false&expand=false "HTTP/1.1 404 Not Found"
2026-08-16 10:18:25.789 - httpx - INFO - HTTP Request: GET https://huggingface.co/api/models/nvidia/NVIDIA-Nemotron-3.5-Lightning-30B-A3B-NVFP4/tree/main?recursive=true&expand=false "HTTP/1.1 200 OK"
2026-08-16 10:18:25.812 - httpx - INFO - HTTP Request: GET https://huggingface.co/api/models/nvidia/NVIDIA-Nemotron-3.5-Lightning-30B-A3B-NVFP4/tree/main?recursive=true&expand=false "HTTP/1.1 200 OK"
2026-08-16 10:18:25.815 - httpx - INFO - HTTP Request: GET https://huggingface.co/api/models/nvidia/NVIDIA-Nemotron-3.5-Lightning-30B-A3B-NVFP4/tree/main?recursive=true&expand=false "HTTP/1.1 200 OK"
2026-08-16 10:18:25.859 - httpx - INFO - HTTP Request: GET https://huggingface.co/api/models/nvidia/NVIDIA-Nemotron-3.5-Lightning-30B-A3B-NVFP4/tree/main?recursive=true&expand=false "HTTP/1.1 200 OK"
2026-08-16 10:18:26.774 - httpx - INFO - HTTP Request: GET https://huggingface.co/api/models/nvidia/NVIDIA-Nemotron-3.5-Lightning-30B-A3B-NVFP4 "HTTP/1.1 200 OK"
2026-08-16 10:18:26.797 - httpx - INFO - HTTP Request: GET https://huggingface.co/api/models/nvidia/NVIDIA-Nemotron-3.5-Lightning-30B-A3B-NVFP4 "HTTP/1.1 200 OK"
2026-08-16 10:18:26.798 - InferenceResultParser_6ee4adcd - INFO - Initialized tokenizers: {'nvidia/NVIDIA-Nemotron-3.5-Lightning-30B-A3B-NVFP4': {'class': 'TokenizersBackend', 'name_or_path': 'nvidia/NVIDIA-Nemotron-3.5-Lightning-30B-A3B-NVFP4'}} in 1.87 seconds
2026-08-16 10:18:26.822 - httpx - INFO - HTTP Request: GET https://huggingface.co/api/models/nvidia/NVIDIA-Nemotron-3.5-Lightning-30B-A3B-NVFP4 "HTTP/1.1 200 OK"
2026-08-16 10:18:26.829 - InferenceResultParser_1dec5625 - INFO - Initialized tokenizers: {'nvidia/NVIDIA-Nemotron-3.5-Lightning-30B-A3B-NVFP4': {'class': 'TokenizersBackend', 'name_or_path': 'nvidia/NVIDIA-Nemotron-3.5-Lightning-30B-A3B-NVFP4'}} in 1.90 seconds
2026-08-16 10:18:26.833 - httpx - INFO - HTTP Request: GET https://huggingface.co/api/models/nvidia/NVIDIA-Nemotron-3.5-Lightning-30B-A3B-NVFP4 "HTTP/1.1 200 OK"
2026-08-16 10:18:26.858 - InferenceResultParser_84c77c54 - INFO - Initialized tokenizers: {'nvidia/NVIDIA-Nemotron-3.5-Lightning-30B-A3B-NVFP4': {'class': 'TokenizersBackend', 'name_or_path': 'nvidia/NVIDIA-Nemotron-3.5-Lightning-30B-A3B-NVFP4'}} in 1.93 seconds
2026-08-16 10:18:26.894 - dataset_manager - INFO - Tokenizer(s) configured in 1.96 seconds
2026-08-16 10:18:26.895 - dataset_manager - INFO - Configuring dataset for dataset_manager
2026-08-16 10:18:27.291 - CustomDatasetComposer - INFO - Using explicit dataset format: multi_turn
2026-08-16 10:18:27.377 - MemoryMapDatasetBackingStore_2107e39e - INFO - Memory-mapped backing store initialized (streaming to /tmp/aiperf_mmap_656c9f744393/dataset.dat)
2026-08-16 10:18:27.402 - MemoryMapDatasetBackingStore_2107e39e - INFO - Data file finalized: 500 conversations, 1.27 MB
2026-08-16 10:18:27.403 - MemoryMapDatasetBackingStore_2107e39e - INFO - Index file created: /tmp/aiperf_mmap_656c9f744393/index.dat
2026-08-16 10:18:27.403 - dataset_manager - INFO - Backing store finalized: client_type=DatasetClientStoreType.MEMORY_MAP format=MemoryMapFormat.CONVERSATION data_file_path=PosixPath('/tmp/aiperf_mmap_656c9f744393/dataset.dat') index_file_path=PosixPath('/tmp/aiperf_mmap_656c9f744393/index.dat') conversation_count=500 total_size_bytes=1331455 compressed=False compressed_data_file_path=None compressed_index_file_path=None compressed_size_bytes=0
2026-08-16 10:18:27.413 - dataset_manager - INFO - sampling strategy: sequential, unique conversations: 500, unique turn count: 1783
2026-08-16 10:18:27.436 - dataset_manager - INFO - Generating inputs.json file at /output/inputs.json
2026-08-16 10:18:27.463 - dataset_manager - INFO - inputs.json file generated in 0.03 seconds
2026-08-16 10:18:27.484 - system_controller - WARNING - Received command response for service we were not expecting: worker_12e6dc51. Ignoring.
2026-08-16 10:18:27.487 - system_controller - WARNING - Received command response for service we were not expecting: worker_651fa2b5. Ignoring.
2026-08-16 10:18:27.491 - system_controller - WARNING - Received command response for service we were not expecting: worker_eeb65e8b. Ignoring.
2026-08-16 10:18:27.493 - system_controller - WARNING - Received command response for service we were not expecting: worker_ad19bf86. Ignoring.
2026-08-16 10:18:27.502 - system_controller - WARNING - Received command response for service we were not expecting: worker_88fa56b9. Ignoring.
2026-08-16 10:18:27.535 - PhaseOrchestrator_7578ebf2 - INFO - Initialized 2 phase(s): ['Warmup', 'Profiling']
2026-08-16 10:18:27.748 - dataset_manager - INFO - Dataset client initialized and freed 500 conversations from memory
2026-08-16 10:18:27.748 - dataset_manager - INFO - Dataset configured in 0.85 seconds
2026-08-16 10:18:27.752 - system_controller - INFO - All services configured in 2.83 seconds
2026-08-16 10:18:27.752 - system_controller - INFO - AIPerf System is CONFIGURED
2026-08-16 10:18:27.788 - server_metrics_manager - INFO - Server Metrics: Started 1 collector(s) successfully
2026-08-16 10:18:27.804 - system_controller - INFO - All services started profiling successfully
2026-08-16 10:18:27.804 - system_controller - INFO - AIPerf System is PROFILING
2026-08-16 10:18:27.812 - RateTiming - INFO - Creating interval generator: pattern=concurrency_burst, rate=None, smoothness=None
2026-08-16 10:18:27.815 - PhaseRunner - NOTICE - Phase warmup (warmup) started | phase_index=0 | target: 3 requests
2026-08-16 10:18:27.825 - PhaseRunner - NOTICE - Phase warmup (warmup) sending complete | sent=3, completed=0, in_flight=3 | sessions: sent=3, completed=0
2026-08-16 10:18:27.823 - records_manager - INFO - Credit phase start: warmup
2026-08-16 10:18:32.855 - PhaseRunner - NOTICE - Phase warmup (warmup) complete | completed=3, cancelled=0, errors=0 | sessions: completed=0, cancelled=0 | elapsed=5.04s
2026-08-16 10:18:32.857 - RateTiming - INFO - Creating interval generator: pattern=concurrency_burst, rate=None, smoothness=None
2026-08-16 10:18:32.858 - PhaseRunner - NOTICE - Phase profiling (profiling) started | phase_index=1 | profiling_index=0 | target: 50 requests, 50 sessions
2026-08-16 10:18:32.858 - server_metrics_manager - INFO - Server Metrics: Warmup complete, capturing final warmup metrics...
2026-08-16 10:18:32.859 - records_manager - INFO - Credit phase start: profiling
2026-08-16 10:18:32.864 - PhaseRunner - NOTICE - Phase profiling (profiling) sending complete | sent=50, completed=0, in_flight=50 | sessions: sent=50, completed=0
2026-08-16 10:18:32.865 - records_manager - INFO - Sent 50 requests. Waiting for all to complete...
2026-08-16 10:18:47.956 - PhaseRunner - NOTICE - Phase profiling (profiling) complete | completed=50, cancelled=0, errors=0 | sessions: completed=6, cancelled=0 | elapsed=15.10s
2026-08-16 10:18:47.957 - PhaseOrchestrator_7578ebf2 - NOTICE - All credits completed
2026-08-16 10:18:47.958 - records_manager - INFO - Received CREDIT_PHASE_COMPLETE message, Phase complete: PhaseRecordsStats(phase=CreditPhase.PROFILING, phase_index=1, profiling_index=0, phase_name='profiling', phase_kind='profiling', start_ns=1786875512858186862, sent_end_ns=1786875512864531376, requests_end_ns=1786875527955915667, baseline_start_ns=1786875512858170622, baseline_end_ns=1786875527955922419, total_expected_requests=50, expected_duration_sec=None, expected_num_sessions=None, expected_grace_period_sec=None, final_requests_sent=None, final_requests_completed=50, final_requests_cancelled=0, final_request_errors=0, final_sent_sessions=None, final_completed_sessions=None, final_cancelled_sessions=None, timeout_triggered=False, grace_period_timeout_triggered=False, was_cancelled=False, records_end_ns=None, success_records=49, error_records=0)
2026-08-16 10:18:47.959 - records_manager - NOTICE - All requests have completed, please wait for the results to be processed (currently 49 of 50 records processed)...
2026-08-16 10:18:47.960 - system_controller - INFO - Received credits complete from 'timing_manager'
2026-08-16 10:18:47.960 - records_manager - INFO - All credits complete, please wait for the results to be processed...
2026-08-16 10:18:47.964 - records_manager - INFO - Processed 50 valid requests and 0 errors (50 total).
2026-08-16 10:18:47.964 - records_manager - INFO - Received all records, processing now...
2026-08-16 10:18:47.967 - records_manager - INFO - Waiting 2.0s for server metrics flush period...
2026-08-16 10:18:47.970 - server_metrics_manager - INFO - Server Metrics: Profiling complete, capturing final metrics...
2026-08-16 10:18:47.968 - gpu_telemetry_manager - INFO - GPU Telemetry: Profiling complete, capturing final metrics...
2026-08-16 10:18:49.957 - records_manager - INFO - Processing records results...
2026-08-16 10:18:50.141 - system_controller - INFO - Waiting for result domains: server_metrics, telemetry
2026-08-16 10:18:50.142 - system_controller - INFO - Waiting for result domains: server_metrics
2026-08-16 10:18:50.156 - records_manager - INFO - _finalize_and_process_results completed
2026-08-16 10:18:50.157 - system_controller - INFO - All results received, initiating shutdown
2026-08-16 10:18:50.775 - ExporterManager - INFO - Exporting all records
2026-08-16 10:18:50.951 - ExporterManager - INFO - Exporting console data
