2026-08-11 05:53:43.092 - aiperf.cli_runner._single_run - INFO - Starting AIPerf System
2026-08-11 05:53:43.527 - httpx - INFO - HTTP Request: GET https://huggingface.co/api/models/meta-models/Muse-Glimmer-30B "HTTP/1.1 200 OK"
2026-08-11 05:53:43.531 - aiperf.config.resolution.resolvers - INFO - [OK] Tokenizer meta-models/Muse-Glimmer-30B detected
2026-08-11 05:53:43.531 - aiperf.config.resolution.resolvers - INFO - 1 tokenizer validated | 0.4s
2026-08-11 05:53:43.531 - aiperf.config.resolution.resolvers - INFO - Prefetching 1 tokenizer into HF cache...
2026-08-11 05:53:44.348 - httpx - INFO - HTTP Request: HEAD https://huggingface.co/meta-models/Muse-Glimmer-30B/resolve/main/config.json "HTTP/1.1 307 Temporary Redirect"
2026-08-11 05:53:44.348 - huggingface_hub.utils._http - WARNING - Warning: You are sending unauthenticated requests to the HF Hub. Please set a HF_TOKEN to enable higher rate limits and faster downloads.
2026-08-11 05:53:44.369 - httpx - INFO - HTTP Request: HEAD https://huggingface.co/api/resolve-cache/models/meta-models/Muse-Glimmer-30B/97c77dff50b2797bcc558fa2d909761dbc575c59/config.json "HTTP/1.1 200 OK"
2026-08-11 05:53:44.385 - httpx - INFO - HTTP Request: GET https://huggingface.co/api/resolve-cache/models/meta-models/Muse-Glimmer-30B/97c77dff50b2797bcc558fa2d909761dbc575c59/config.json "HTTP/1.1 200 OK"
2026-08-11 05:53:44.467 - httpx - INFO - HTTP Request: HEAD https://huggingface.co/meta-models/Muse-Glimmer-30B/resolve/main/config.json "HTTP/1.1 307 Temporary Redirect"
2026-08-11 05:53:44.481 - httpx - INFO - HTTP Request: HEAD https://huggingface.co/api/resolve-cache/models/meta-models/Muse-Glimmer-30B/97c77dff50b2797bcc558fa2d909761dbc575c59/config.json "HTTP/1.1 200 OK"
2026-08-11 05:53:44.558 - httpx - INFO - HTTP Request: HEAD https://huggingface.co/meta-models/Muse-Glimmer-30B/resolve/main/tokenizer_config.json "HTTP/1.1 307 Temporary Redirect"
2026-08-11 05:53:44.574 - httpx - INFO - HTTP Request: HEAD https://huggingface.co/api/resolve-cache/models/meta-models/Muse-Glimmer-30B/97c77dff50b2797bcc558fa2d909761dbc575c59/tokenizer_config.json "HTTP/1.1 200 OK"
2026-08-11 05:53:44.593 - httpx - INFO - HTTP Request: GET https://huggingface.co/api/resolve-cache/models/meta-models/Muse-Glimmer-30B/97c77dff50b2797bcc558fa2d909761dbc575c59/tokenizer_config.json "HTTP/1.1 200 OK"
2026-08-11 05:53:44.681 - httpx - INFO - HTTP Request: GET https://huggingface.co/api/models/meta-models/Muse-Glimmer-30B/tree/main/additional_chat_templates?recursive=false&expand=false "HTTP/1.1 404 Not Found"
2026-08-11 05:53:44.768 - httpx - INFO - HTTP Request: GET https://huggingface.co/api/models/meta-models/Muse-Glimmer-30B/tree/main?recursive=true&expand=false "HTTP/1.1 200 OK"
2026-08-11 05:53:44.866 - httpx - INFO - HTTP Request: HEAD https://huggingface.co/meta-models/Muse-Glimmer-30B/resolve/main/tokenizer.json "HTTP/1.1 302 Found"
2026-08-11 05:53:44.962 - httpx - INFO - HTTP Request: GET https://huggingface.co/api/models/meta-models/Muse-Glimmer-30B/xet-read-token/97c77dff50b2797bcc558fa2d909761dbc575c59 "HTTP/1.1 200 OK"
2026-08-11 05:53:46.172 - httpx - INFO - HTTP Request: HEAD https://huggingface.co/meta-models/Muse-Glimmer-30B/resolve/main/tokenizer.model "HTTP/1.1 404 Not Found"
2026-08-11 05:53:46.258 - httpx - INFO - HTTP Request: HEAD https://huggingface.co/meta-models/Muse-Glimmer-30B/resolve/main/added_tokens.json "HTTP/1.1 404 Not Found"
2026-08-11 05:53:46.346 - httpx - INFO - HTTP Request: HEAD https://huggingface.co/meta-models/Muse-Glimmer-30B/resolve/main/special_tokens_map.json "HTTP/1.1 404 Not Found"
2026-08-11 05:53:46.435 - httpx - INFO - HTTP Request: HEAD https://huggingface.co/meta-models/Muse-Glimmer-30B/resolve/main/chat_template.jinja "HTTP/1.1 307 Temporary Redirect"
2026-08-11 05:53:46.450 - httpx - INFO - HTTP Request: HEAD https://huggingface.co/api/resolve-cache/models/meta-models/Muse-Glimmer-30B/97c77dff50b2797bcc558fa2d909761dbc575c59/chat_template.jinja "HTTP/1.1 200 OK"
2026-08-11 05:53:46.463 - httpx - INFO - HTTP Request: GET https://huggingface.co/api/resolve-cache/models/meta-models/Muse-Glimmer-30B/97c77dff50b2797bcc558fa2d909761dbc575c59/chat_template.jinja "HTTP/1.1 200 OK"
2026-08-11 05:53:48.140 - httpx - INFO - HTTP Request: GET https://huggingface.co/api/models/meta-models/Muse-Glimmer-30B "HTTP/1.1 200 OK"
2026-08-11 05:53:48.225 - aiperf.config.resolution.resolvers - INFO -   Cached meta-models/Muse-Glimmer-30B (4.68s)
2026-08-11 05:53:48.295 - aiperf.config.resolution.resolvers - INFO - 1 tokenizer cached • 4.8s
2026-08-11 05:53:48.693 - system_controller - INFO - Registered Gpu Telemetry Manager (id: 'gpu_telemetry_manager')
2026-08-11 05:53:48.694 - system_controller - INFO - Registered Dataset Manager (id: 'dataset_manager')
2026-08-11 05:53:48.723 - server_metrics_manager - INFO - Server Metrics: Discovered 1 endpoints: ['http://localhost:80/metrics']
2026-08-11 05:53:48.752 - GPUTelemetryJSONLWriter_b4d47f0d - INFO - GPU telemetry export enabled: /output/gpu_telemetry_export.jsonl
2026-08-11 05:53:48.761 - OTelMetricsResultsProcessor_42abe4a4 - INFO - Telemetry streaming is disabled (set --otel-url and/or --mlflow-tracking-uri to enable)
2026-08-11 05:53:48.765 - RecordExportJSONLWriter_455ad8e6 - INFO - Record metrics export enabled: /output/profile_export.jsonl
2026-08-11 05:53:48.770 - system_controller - INFO - Registered Records Manager (id: 'records_manager')
2026-08-11 05:53:48.784 - system_controller - INFO - Registered Worker Manager (id: 'worker_manager')
2026-08-11 05:53:48.828 - system_controller - INFO - Registered Server Metrics Manager (id: 'server_metrics_manager')
2026-08-11 05:53:48.931 - system_controller - INFO - Registered Record Processor (id: 'record_processor_c593c379')
2026-08-11 05:53:48.987 - system_controller - INFO - Registered Timing Manager (id: 'timing_manager')
2026-08-11 05:53:49.066 - system_controller - INFO - Registered Worker (id: 'worker_5b6af82a')
2026-08-11 05:53:49.171 - system_controller - INFO - AIPerf System is CONFIGURING
2026-08-11 05:53:49.171 - system_controller - INFO - Configuring all services to start profiling
2026-08-11 05:53:49.172 - InferenceResultParser_4b7f9a1e - INFO - Configuring tokenizers for inference result parser (resolve_alias: True)
2026-08-11 05:53:49.173 - dataset_manager - INFO - Configuring tokenizer(s) for dataset manager
2026-08-11 05:53:49.174 - timing_manager - INFO - Waiting for dataset to be configured before configuring timing
2026-08-11 05:53:49.180 - system_controller - INFO - Server metrics disabled - no Prometheus endpoints reachable
2026-08-11 05:53:49.180 - system_controller - INFO - Waiting for result domains: profile, telemetry
2026-08-11 05:53:49.200 - gpu_telemetry_manager - INFO - GPU Telemetry: Capturing baseline metrics from pynvml://localhost
2026-08-11 05:53:49.210 - pynvml_collector - INFO - PyNVML initialized with 1 GPU(s) (0 with GPM support)
2026-08-11 05:53:49.230 - system_controller - INFO - DCGM telemetry enabled - 1/1 endpoint(s) reachable
2026-08-11 05:53:49.711 - httpx - INFO - HTTP Request: HEAD https://huggingface.co/meta-models/Muse-Glimmer-30B/resolve/main/config.json "HTTP/1.1 307 Temporary Redirect"
2026-08-11 05:53:49.711 - httpx - INFO - HTTP Request: HEAD https://huggingface.co/meta-models/Muse-Glimmer-30B/resolve/main/config.json "HTTP/1.1 307 Temporary Redirect"
2026-08-11 05:53:49.711 - huggingface_hub.utils._http - WARNING - Warning: You are sending unauthenticated requests to the HF Hub. Please set a HF_TOKEN to enable higher rate limits and faster downloads.
2026-08-11 05:53:49.711 - huggingface_hub.utils._http - WARNING - Warning: You are sending unauthenticated requests to the HF Hub. Please set a HF_TOKEN to enable higher rate limits and faster downloads.
2026-08-11 05:53:49.725 - httpx - INFO - HTTP Request: HEAD https://huggingface.co/api/resolve-cache/models/meta-models/Muse-Glimmer-30B/97c77dff50b2797bcc558fa2d909761dbc575c59/config.json "HTTP/1.1 200 OK"
2026-08-11 05:53:49.725 - httpx - INFO - HTTP Request: HEAD https://huggingface.co/api/resolve-cache/models/meta-models/Muse-Glimmer-30B/97c77dff50b2797bcc558fa2d909761dbc575c59/config.json "HTTP/1.1 200 OK"
2026-08-11 05:53:49.804 - httpx - INFO - HTTP Request: HEAD https://huggingface.co/meta-models/Muse-Glimmer-30B/resolve/main/config.json "HTTP/1.1 307 Temporary Redirect"
2026-08-11 05:53:49.807 - httpx - INFO - HTTP Request: HEAD https://huggingface.co/meta-models/Muse-Glimmer-30B/resolve/main/config.json "HTTP/1.1 307 Temporary Redirect"
2026-08-11 05:53:49.819 - httpx - INFO - HTTP Request: HEAD https://huggingface.co/api/resolve-cache/models/meta-models/Muse-Glimmer-30B/97c77dff50b2797bcc558fa2d909761dbc575c59/config.json "HTTP/1.1 200 OK"
2026-08-11 05:53:49.825 - httpx - INFO - HTTP Request: HEAD https://huggingface.co/api/resolve-cache/models/meta-models/Muse-Glimmer-30B/97c77dff50b2797bcc558fa2d909761dbc575c59/config.json "HTTP/1.1 200 OK"
2026-08-11 05:53:49.908 - httpx - INFO - HTTP Request: HEAD https://huggingface.co/meta-models/Muse-Glimmer-30B/resolve/main/tokenizer_config.json "HTTP/1.1 307 Temporary Redirect"
2026-08-11 05:53:49.911 - httpx - INFO - HTTP Request: HEAD https://huggingface.co/meta-models/Muse-Glimmer-30B/resolve/main/tokenizer_config.json "HTTP/1.1 307 Temporary Redirect"
2026-08-11 05:53:49.925 - httpx - INFO - HTTP Request: HEAD https://huggingface.co/api/resolve-cache/models/meta-models/Muse-Glimmer-30B/97c77dff50b2797bcc558fa2d909761dbc575c59/tokenizer_config.json "HTTP/1.1 200 OK"
2026-08-11 05:53:49.925 - httpx - INFO - HTTP Request: HEAD https://huggingface.co/api/resolve-cache/models/meta-models/Muse-Glimmer-30B/97c77dff50b2797bcc558fa2d909761dbc575c59/tokenizer_config.json "HTTP/1.1 200 OK"
2026-08-11 05:53:50.013 - httpx - INFO - HTTP Request: GET https://huggingface.co/api/models/meta-models/Muse-Glimmer-30B/tree/main/additional_chat_templates?recursive=false&expand=false "HTTP/1.1 404 Not Found"
2026-08-11 05:53:50.034 - httpx - INFO - HTTP Request: GET https://huggingface.co/api/models/meta-models/Muse-Glimmer-30B/tree/main/additional_chat_templates?recursive=false&expand=false "HTTP/1.1 404 Not Found"
2026-08-11 05:53:50.096 - httpx - INFO - HTTP Request: GET https://huggingface.co/api/models/meta-models/Muse-Glimmer-30B/tree/main?recursive=true&expand=false "HTTP/1.1 200 OK"
2026-08-11 05:53:50.121 - httpx - INFO - HTTP Request: GET https://huggingface.co/api/models/meta-models/Muse-Glimmer-30B/tree/main?recursive=true&expand=false "HTTP/1.1 200 OK"
2026-08-11 05:53:51.869 - httpx - INFO - HTTP Request: GET https://huggingface.co/api/models/meta-models/Muse-Glimmer-30B "HTTP/1.1 200 OK"
2026-08-11 05:53:51.870 - httpx - INFO - HTTP Request: GET https://huggingface.co/api/models/meta-models/Muse-Glimmer-30B "HTTP/1.1 200 OK"
2026-08-11 05:53:51.928 - dataset_manager - INFO - Tokenizer(s) configured in 2.75 seconds
2026-08-11 05:53:51.928 - dataset_manager - INFO - Configuring dataset for dataset_manager
2026-08-11 05:53:51.930 - InferenceResultParser_4b7f9a1e - INFO - Initialized tokenizers: {'meta-models/Muse-Glimmer-30B': {'class': 'TokenizersBackend', 'name_or_path': 'meta-models/Muse-Glimmer-30B'}} in 2.76 seconds
2026-08-11 05:53:52.211 - CustomDatasetComposer - INFO - Using explicit dataset format: multi_turn
2026-08-11 05:53:52.275 - MemoryMapDatasetBackingStore_b62bd266 - INFO - Memory-mapped backing store initialized (streaming to /tmp/aiperf_mmap_af5d29ef7949/dataset.dat)
2026-08-11 05:53:52.290 - MemoryMapDatasetBackingStore_b62bd266 - INFO - Data file finalized: 500 conversations, 1.23 MB
2026-08-11 05:53:52.290 - MemoryMapDatasetBackingStore_b62bd266 - INFO - Index file created: /tmp/aiperf_mmap_af5d29ef7949/index.dat
2026-08-11 05:53:52.290 - dataset_manager - INFO - Backing store finalized: client_type=DatasetClientStoreType.MEMORY_MAP format=MemoryMapFormat.CONVERSATION data_file_path=PosixPath('/tmp/aiperf_mmap_af5d29ef7949/dataset.dat') index_file_path=PosixPath('/tmp/aiperf_mmap_af5d29ef7949/index.dat') conversation_count=500 total_size_bytes=1292467 compressed=False compressed_data_file_path=None compressed_index_file_path=None compressed_size_bytes=0
2026-08-11 05:53:52.299 - dataset_manager - INFO - sampling strategy: sequential, unique conversations: 500, unique turn count: 1783
2026-08-11 05:53:52.304 - dataset_manager - INFO - Generating inputs.json file at /output/inputs.json
2026-08-11 05:53:52.314 - PhaseOrchestrator_56006925 - INFO - Initialized 2 phase(s): ['Warmup', 'Profiling']
2026-08-11 05:53:52.315 - dataset_manager - INFO - inputs.json file generated in 0.01 seconds
2026-08-11 05:53:52.442 - dataset_manager - INFO - Dataset client initialized and freed 500 conversations from memory
2026-08-11 05:53:52.442 - dataset_manager - INFO - Dataset configured in 0.51 seconds
2026-08-11 05:53:52.443 - system_controller - INFO - All services configured in 3.27 seconds
2026-08-11 05:53:52.443 - system_controller - INFO - AIPerf System is CONFIGURED
2026-08-11 05:53:52.445 - system_controller - INFO - All services started profiling successfully
2026-08-11 05:53:52.445 - system_controller - INFO - AIPerf System is PROFILING
2026-08-11 05:53:52.449 - RateTiming - INFO - Creating interval generator: pattern=concurrency_burst, rate=None, smoothness=None
2026-08-11 05:53:52.450 - PhaseRunner - NOTICE - Phase warmup (warmup) started | phase_index=0 | target: 3 requests
2026-08-11 05:53:52.451 - records_manager - INFO - Credit phase start: warmup
2026-08-11 05:54:18.218 - PhaseRunner - NOTICE - Phase warmup (warmup) sending complete | sent=3, completed=2, in_flight=1 | sessions: sent=1, completed=0
2026-08-11 05:54:22.452 - PhaseRunner - INFO - Phase warmup progress | returned=2/3 | sent=3 | in_flight=1 | errors=0 | elapsed=30.0s
2026-08-11 05:54:33.395 - PhaseRunner - NOTICE - Phase warmup (warmup) complete | completed=3, cancelled=0, errors=0 | sessions: completed=0, cancelled=0 | elapsed=40.94s
2026-08-11 05:54:33.396 - RateTiming - INFO - Creating interval generator: pattern=concurrency_burst, rate=None, smoothness=None
2026-08-11 05:54:33.397 - PhaseRunner - NOTICE - Phase profiling (profiling) started | phase_index=1 | profiling_index=0 | target: 50 requests, 50 sessions
2026-08-11 05:54:33.398 - records_manager - INFO - Credit phase start: profiling
2026-08-11 05:54:37.978 - aiperf.metrics.types.osl_mismatch_metrics - WARNING - OSL mismatch: got 46 tokens (requested 49, diff -6.1%)
2026-08-11 05:55:21.810 - aiperf.metrics.types.osl_mismatch_metrics - WARNING - OSL mismatch: got 26 tokens (requested 29, diff -10.3%)
2026-08-11 05:56:24.551 - aiperf.metrics.types.osl_mismatch_metrics - WARNING - OSL mismatch: got 12 tokens (requested 98, diff -87.8%)
2026-08-11 05:56:26.164 - aiperf.metrics.types.osl_mismatch_metrics - WARNING - OSL mismatch: got 12 tokens (requested 121, diff -90.1%)
2026-08-11 05:56:28.053 - aiperf.metrics.types.osl_mismatch_metrics - WARNING - OSL mismatch: got 12 tokens (requested 114, diff -89.5%)
2026-08-11 05:56:29.672 - aiperf.metrics.types.osl_mismatch_metrics - WARNING - OSL mismatch: got 12 tokens (requested 90, diff -86.7%)
2026-08-11 06:05:13.157 - PhaseRunner - NOTICE - Phase profiling (profiling) sending complete | sent=50, completed=49, in_flight=1 | sessions: sent=13, completed=12
2026-08-11 06:05:13.161 - records_manager - INFO - Sent 50 requests. Waiting for all to complete...
2026-08-11 06:05:28.622 - PhaseRunner - NOTICE - Phase profiling (profiling) complete | completed=50, cancelled=0, errors=0 | sessions: completed=12, cancelled=0 | elapsed=655.22s
2026-08-11 06:05:28.622 - PhaseOrchestrator_56006925 - NOTICE - All credits completed
2026-08-11 06:05:28.624 - system_controller - INFO - Received credits complete from 'timing_manager'
2026-08-11 06:05:28.624 - records_manager - INFO - Received CREDIT_PHASE_COMPLETE message, Phase complete: PhaseRecordsStats(phase=CreditPhase.PROFILING, phase_index=1, profiling_index=0, phase_name='profiling', phase_kind='profiling', start_ns=1786427673397203695, sent_end_ns=1786428313157425354, requests_end_ns=1786428328621960445, baseline_start_ns=1786427673397188655, baseline_end_ns=1786428328621979069, total_expected_requests=50, expected_duration_sec=None, expected_num_sessions=None, expected_grace_period_sec=None, final_requests_sent=None, final_requests_completed=50, final_requests_cancelled=0, final_request_errors=0, final_sent_sessions=None, final_completed_sessions=None, final_cancelled_sessions=None, timeout_triggered=False, grace_period_timeout_triggered=False, was_cancelled=False, records_end_ns=None, success_records=49, error_records=0)
2026-08-11 06:05:28.624 - records_manager - NOTICE - All requests have completed, please wait for the results to be processed (currently 49 of 50 records processed)...
2026-08-11 06:05:28.625 - records_manager - INFO - All credits complete, please wait for the results to be processed...
2026-08-11 06:05:28.628 - records_manager - INFO - Processed 50 valid requests and 0 errors (50 total).
2026-08-11 06:05:28.628 - records_manager - INFO - Received all records, processing now...
2026-08-11 06:05:28.630 - gpu_telemetry_manager - INFO - GPU Telemetry: Profiling complete, capturing final metrics...
2026-08-11 06:05:28.631 - records_manager - INFO - Waiting 2.0s for server metrics flush period...
2026-08-11 06:05:30.622 - records_manager - INFO - Processing records results...
2026-08-11 06:05:30.711 - records_manager - INFO - _finalize_and_process_results completed
2026-08-11 06:05:30.712 - system_controller - INFO - Waiting for result domains: telemetry
2026-08-11 06:05:30.712 - system_controller - INFO - All results received, initiating shutdown
2026-08-11 06:05:31.318 - ExporterManager - INFO - Exporting all records
2026-08-11 06:05:31.390 - ExporterManager - INFO - Exporting console data
