2026-08-16 10:17:47.594 - aiperf.cli_runner._single_run - INFO - Starting AIPerf System
2026-08-16 10:17:48.054 - httpx - INFO - HTTP Request: GET https://huggingface.co/api/models/nvidia/NVIDIA-Nemotron-3.5-Lightning-30B-A3B-NVFP4 "HTTP/1.1 200 OK"
2026-08-16 10:17:48.072 - aiperf.config.resolution.resolvers - INFO - [OK] Tokenizer nvidia/NVIDIA-Nemotron-3.5-Lightning-30B-A3B-NVFP4 detected
2026-08-16 10:17:48.072 - aiperf.config.resolution.resolvers - INFO - 1 tokenizer validated | 0.5s
2026-08-16 10:17:48.073 - aiperf.config.resolution.resolvers - INFO - Prefetching 1 tokenizer into HF cache...
2026-08-16 10:17:49.165 - httpx - INFO - HTTP Request: HEAD https://huggingface.co/nvidia/NVIDIA-Nemotron-3.5-Lightning-30B-A3B-NVFP4/resolve/main/config.json "HTTP/1.1 307 Temporary Redirect"
2026-08-16 10:17:49.166 - huggingface_hub.utils._http - WARNING - Warning: You are sending unauthenticated requests to the HF Hub. Please set a HF_TOKEN to enable higher rate limits and faster downloads.
2026-08-16 10:17:49.177 - httpx - INFO - HTTP Request: HEAD https://huggingface.co/api/resolve-cache/models/nvidia/NVIDIA-Nemotron-3.5-Lightning-30B-A3B-NVFP4/6dbbd757ea75a8ece6e0702872e3ae53f9987728/config.json "HTTP/1.1 200 OK"
2026-08-16 10:17:49.189 - httpx - INFO - HTTP Request: GET https://huggingface.co/api/resolve-cache/models/nvidia/NVIDIA-Nemotron-3.5-Lightning-30B-A3B-NVFP4/6dbbd757ea75a8ece6e0702872e3ae53f9987728/config.json "HTTP/1.1 200 OK"
2026-08-16 10:17:49.328 - httpx - INFO - HTTP Request: HEAD https://huggingface.co/nvidia/NVIDIA-Nemotron-3.5-Lightning-30B-A3B-NVFP4/resolve/main/tokenizer_config.json "HTTP/1.1 307 Temporary Redirect"
2026-08-16 10:17:49.339 - httpx - INFO - HTTP Request: HEAD https://huggingface.co/api/resolve-cache/models/nvidia/NVIDIA-Nemotron-3.5-Lightning-30B-A3B-NVFP4/6dbbd757ea75a8ece6e0702872e3ae53f9987728/tokenizer_config.json "HTTP/1.1 200 OK"
2026-08-16 10:17:49.349 - httpx - INFO - HTTP Request: GET https://huggingface.co/api/resolve-cache/models/nvidia/NVIDIA-Nemotron-3.5-Lightning-30B-A3B-NVFP4/6dbbd757ea75a8ece6e0702872e3ae53f9987728/tokenizer_config.json "HTTP/1.1 200 OK"
2026-08-16 10:17:49.441 - httpx - INFO - HTTP Request: GET https://huggingface.co/api/models/nvidia/NVIDIA-Nemotron-3.5-Lightning-30B-A3B-NVFP4/tree/main/additional_chat_templates?recursive=false&expand=false "HTTP/1.1 404 Not Found"
2026-08-16 10:17:49.528 - httpx - INFO - HTTP Request: GET https://huggingface.co/api/models/nvidia/NVIDIA-Nemotron-3.5-Lightning-30B-A3B-NVFP4/tree/main?recursive=true&expand=false "HTTP/1.1 200 OK"
2026-08-16 10:17:49.612 - httpx - INFO - HTTP Request: HEAD https://huggingface.co/nvidia/NVIDIA-Nemotron-3.5-Lightning-30B-A3B-NVFP4/resolve/main/tokenizer.json "HTTP/1.1 302 Found"
2026-08-16 10:17:49.707 - httpx - INFO - HTTP Request: GET https://huggingface.co/api/models/nvidia/NVIDIA-Nemotron-3.5-Lightning-30B-A3B-NVFP4/xet-read-token/6dbbd757ea75a8ece6e0702872e3ae53f9987728 "HTTP/1.1 200 OK"
2026-08-16 10:17:50.622 - httpx - INFO - HTTP Request: HEAD https://huggingface.co/nvidia/NVIDIA-Nemotron-3.5-Lightning-30B-A3B-NVFP4/resolve/main/tokenizer.model "HTTP/1.1 404 Not Found"
2026-08-16 10:17:50.710 - httpx - INFO - HTTP Request: HEAD https://huggingface.co/nvidia/NVIDIA-Nemotron-3.5-Lightning-30B-A3B-NVFP4/resolve/main/added_tokens.json "HTTP/1.1 404 Not Found"
2026-08-16 10:17:50.790 - httpx - INFO - HTTP Request: HEAD https://huggingface.co/nvidia/NVIDIA-Nemotron-3.5-Lightning-30B-A3B-NVFP4/resolve/main/special_tokens_map.json "HTTP/1.1 307 Temporary Redirect"
2026-08-16 10:17:50.801 - httpx - INFO - HTTP Request: HEAD https://huggingface.co/api/resolve-cache/models/nvidia/NVIDIA-Nemotron-3.5-Lightning-30B-A3B-NVFP4/6dbbd757ea75a8ece6e0702872e3ae53f9987728/special_tokens_map.json "HTTP/1.1 200 OK"
2026-08-16 10:17:50.810 - httpx - INFO - HTTP Request: GET https://huggingface.co/api/resolve-cache/models/nvidia/NVIDIA-Nemotron-3.5-Lightning-30B-A3B-NVFP4/6dbbd757ea75a8ece6e0702872e3ae53f9987728/special_tokens_map.json "HTTP/1.1 200 OK"
2026-08-16 10:17:50.887 - httpx - INFO - HTTP Request: HEAD https://huggingface.co/nvidia/NVIDIA-Nemotron-3.5-Lightning-30B-A3B-NVFP4/resolve/main/chat_template.jinja "HTTP/1.1 307 Temporary Redirect"
2026-08-16 10:17:50.900 - httpx - INFO - HTTP Request: HEAD https://huggingface.co/api/resolve-cache/models/nvidia/NVIDIA-Nemotron-3.5-Lightning-30B-A3B-NVFP4/6dbbd757ea75a8ece6e0702872e3ae53f9987728/chat_template.jinja "HTTP/1.1 200 OK"
2026-08-16 10:17:50.911 - httpx - INFO - HTTP Request: GET https://huggingface.co/api/resolve-cache/models/nvidia/NVIDIA-Nemotron-3.5-Lightning-30B-A3B-NVFP4/6dbbd757ea75a8ece6e0702872e3ae53f9987728/chat_template.jinja "HTTP/1.1 200 OK"
2026-08-16 10:17:51.799 - httpx - INFO - HTTP Request: GET https://huggingface.co/api/models/nvidia/NVIDIA-Nemotron-3.5-Lightning-30B-A3B-NVFP4 "HTTP/1.1 200 OK"
2026-08-16 10:17:51.859 - aiperf.config.resolution.resolvers - INFO -   Cached nvidia/NVIDIA-Nemotron-3.5-Lightning-30B-A3B-NVFP4 (3.77s)
2026-08-16 10:17:51.908 - aiperf.config.resolution.resolvers - INFO - 1 tokenizer cached • 3.8s
2026-08-16 10:17:52.290 - system_controller - INFO - Registered Worker Manager (id: 'worker_manager')
2026-08-16 10:17:52.363 - server_metrics_manager - INFO - Server Metrics: Discovered 1 endpoints: ['http://localhost:8000/metrics']
2026-08-16 10:17:52.383 - system_controller - INFO - Registered Gpu Telemetry Manager (id: 'gpu_telemetry_manager')
2026-08-16 10:17:52.395 - system_controller - INFO - Registered Dataset Manager (id: 'dataset_manager')
2026-08-16 10:17:52.405 - GPUTelemetryJSONLWriter_b97eed4b - INFO - GPU telemetry export enabled: /output/gpu_telemetry_export.jsonl
2026-08-16 10:17:52.417 - OTelMetricsResultsProcessor_0953373c - INFO - Telemetry streaming is disabled (set --otel-url and/or --mlflow-tracking-uri to enable)
2026-08-16 10:17:52.423 - RecordExportJSONLWriter_1c04e789 - INFO - Record metrics export enabled: /output/profile_export.jsonl
2026-08-16 10:17:52.466 - system_controller - INFO - Registered Record Processor (id: 'record_processor_9ca72d1c')
2026-08-16 10:17:52.468 - system_controller - INFO - Registered Record Processor (id: 'record_processor_da247104')
2026-08-16 10:17:52.468 - system_controller - INFO - Registered Record Processor (id: 'record_processor_6643fc8e')
2026-08-16 10:17:52.472 - system_controller - INFO - Registered Server Metrics Manager (id: 'server_metrics_manager')
2026-08-16 10:17:52.536 - system_controller - INFO - Registered Records Manager (id: 'records_manager')
2026-08-16 10:17:52.597 - system_controller - INFO - Registered Timing Manager (id: 'timing_manager')
2026-08-16 10:17:52.699 - system_controller - INFO - Registered Worker (id: 'worker_39a8883d')
2026-08-16 10:17:52.744 - system_controller - INFO - Registered Worker (id: 'worker_6d1ce70e')
2026-08-16 10:17:52.752 - system_controller - INFO - Registered Worker (id: 'worker_963b73de')
2026-08-16 10:17:52.755 - system_controller - INFO - Registered Worker (id: 'worker_4fb3874f')
2026-08-16 10:17:52.756 - system_controller - INFO - Registered Worker (id: 'worker_ca8c6d5d')
2026-08-16 10:17:52.756 - system_controller - INFO - Registered Worker (id: 'worker_87f24174')
2026-08-16 10:17:52.770 - system_controller - INFO - AIPerf System is CONFIGURING
2026-08-16 10:17:52.770 - system_controller - INFO - Configuring all services to start profiling
2026-08-16 10:17:52.771 - timing_manager - INFO - Waiting for dataset to be configured before configuring timing
2026-08-16 10:17:52.771 - InferenceResultParser_db3a8d19 - INFO - Configuring tokenizers for inference result parser (resolve_alias: True)
2026-08-16 10:17:52.771 - InferenceResultParser_f8913c3e - INFO - Configuring tokenizers for inference result parser (resolve_alias: True)
2026-08-16 10:17:52.772 - system_controller - INFO - Registered Worker (id: 'worker_54f1ce03')
2026-08-16 10:17:52.772 - InferenceResultParser_073d15d1 - INFO - Configuring tokenizers for inference result parser (resolve_alias: True)
2026-08-16 10:17:52.773 - dataset_manager - INFO - Configuring tokenizer(s) for dataset manager
2026-08-16 10:17:52.773 - system_controller - INFO - Registered Worker (id: 'worker_45caa109')
2026-08-16 10:17:52.779 - server_metrics_manager - INFO - Server Metrics: Capturing baseline metrics...
2026-08-16 10:17:52.781 - system_controller - INFO - Registered Worker (id: 'worker_f039b8d7')
2026-08-16 10:17:52.781 - system_controller - INFO - Registered Worker (id: 'worker_e5886dd2')
2026-08-16 10:17:52.798 - http://localhost:8000/metrics - INFO - Skipping unsupported summary metric: http_request_size_bytes
2026-08-16 10:17:52.798 - http://localhost:8000/metrics - INFO - Skipping unsupported summary metric: http_response_size_bytes
2026-08-16 10:17:52.800 - system_controller - INFO - Server metrics enabled - 1/1 endpoint(s) reachable.
2026-08-16 10:17:52.800 - system_controller - INFO - Waiting for result domains: profile, server_metrics, telemetry
2026-08-16 10:17:52.802 - gpu_telemetry_manager - INFO - GPU Telemetry: Capturing baseline metrics from pynvml://localhost
2026-08-16 10:17:52.811 - pynvml_collector - INFO - PyNVML initialized with 1 GPU(s) (0 with GPM support)
2026-08-16 10:17:52.812 - system_controller - INFO - Registered Worker (id: 'worker_63261c90')
2026-08-16 10:17:52.816 - system_controller - INFO - Registered Worker (id: 'worker_79b0fbad')
2026-08-16 10:17:52.826 - system_controller - INFO - DCGM telemetry enabled - 1/1 endpoint(s) reachable
2026-08-16 10:17:52.841 - system_controller - INFO - Registered Worker (id: 'worker_acef589a')
2026-08-16 10:17:52.847 - system_controller - INFO - Registered Worker (id: 'worker_261e6034')
2026-08-16 10:17:53.335 - httpx - INFO - HTTP Request: HEAD https://huggingface.co/nvidia/NVIDIA-Nemotron-3.5-Lightning-30B-A3B-NVFP4/resolve/main/config.json "HTTP/1.1 307 Temporary Redirect"
2026-08-16 10:17:53.335 - httpx - INFO - HTTP Request: HEAD https://huggingface.co/nvidia/NVIDIA-Nemotron-3.5-Lightning-30B-A3B-NVFP4/resolve/main/config.json "HTTP/1.1 307 Temporary Redirect"
2026-08-16 10:17:53.336 - huggingface_hub.utils._http - WARNING - Warning: You are sending unauthenticated requests to the HF Hub. Please set a HF_TOKEN to enable higher rate limits and faster downloads.
2026-08-16 10:17:53.339 - httpx - INFO - HTTP Request: HEAD https://huggingface.co/nvidia/NVIDIA-Nemotron-3.5-Lightning-30B-A3B-NVFP4/resolve/main/config.json "HTTP/1.1 307 Temporary Redirect"
2026-08-16 10:17:53.339 - httpx - INFO - HTTP Request: HEAD https://huggingface.co/nvidia/NVIDIA-Nemotron-3.5-Lightning-30B-A3B-NVFP4/resolve/main/config.json "HTTP/1.1 307 Temporary Redirect"
2026-08-16 10:17:53.339 - huggingface_hub.utils._http - WARNING - Warning: You are sending unauthenticated requests to the HF Hub. Please set a HF_TOKEN to enable higher rate limits and faster downloads.
2026-08-16 10:17:53.347 - httpx - INFO - HTTP Request: HEAD https://huggingface.co/api/resolve-cache/models/nvidia/NVIDIA-Nemotron-3.5-Lightning-30B-A3B-NVFP4/6dbbd757ea75a8ece6e0702872e3ae53f9987728/config.json "HTTP/1.1 200 OK"
2026-08-16 10:17:53.347 - httpx - INFO - HTTP Request: HEAD https://huggingface.co/api/resolve-cache/models/nvidia/NVIDIA-Nemotron-3.5-Lightning-30B-A3B-NVFP4/6dbbd757ea75a8ece6e0702872e3ae53f9987728/config.json "HTTP/1.1 200 OK"
2026-08-16 10:17:53.348 - httpx - INFO - HTTP Request: HEAD https://huggingface.co/api/resolve-cache/models/nvidia/NVIDIA-Nemotron-3.5-Lightning-30B-A3B-NVFP4/6dbbd757ea75a8ece6e0702872e3ae53f9987728/config.json "HTTP/1.1 200 OK"
2026-08-16 10:17:53.351 - httpx - INFO - HTTP Request: HEAD https://huggingface.co/api/resolve-cache/models/nvidia/NVIDIA-Nemotron-3.5-Lightning-30B-A3B-NVFP4/6dbbd757ea75a8ece6e0702872e3ae53f9987728/config.json "HTTP/1.1 200 OK"
2026-08-16 10:17:53.477 - httpx - INFO - HTTP Request: HEAD https://huggingface.co/nvidia/NVIDIA-Nemotron-3.5-Lightning-30B-A3B-NVFP4/resolve/main/tokenizer_config.json "HTTP/1.1 307 Temporary Redirect"
2026-08-16 10:17:53.478 - httpx - INFO - HTTP Request: HEAD https://huggingface.co/nvidia/NVIDIA-Nemotron-3.5-Lightning-30B-A3B-NVFP4/resolve/main/tokenizer_config.json "HTTP/1.1 307 Temporary Redirect"
2026-08-16 10:17:53.480 - httpx - INFO - HTTP Request: HEAD https://huggingface.co/nvidia/NVIDIA-Nemotron-3.5-Lightning-30B-A3B-NVFP4/resolve/main/tokenizer_config.json "HTTP/1.1 307 Temporary Redirect"
2026-08-16 10:17:53.487 - httpx - INFO - HTTP Request: HEAD https://huggingface.co/api/resolve-cache/models/nvidia/NVIDIA-Nemotron-3.5-Lightning-30B-A3B-NVFP4/6dbbd757ea75a8ece6e0702872e3ae53f9987728/tokenizer_config.json "HTTP/1.1 200 OK"
2026-08-16 10:17:53.488 - httpx - INFO - HTTP Request: HEAD https://huggingface.co/api/resolve-cache/models/nvidia/NVIDIA-Nemotron-3.5-Lightning-30B-A3B-NVFP4/6dbbd757ea75a8ece6e0702872e3ae53f9987728/tokenizer_config.json "HTTP/1.1 200 OK"
2026-08-16 10:17:53.489 - httpx - INFO - HTTP Request: HEAD https://huggingface.co/api/resolve-cache/models/nvidia/NVIDIA-Nemotron-3.5-Lightning-30B-A3B-NVFP4/6dbbd757ea75a8ece6e0702872e3ae53f9987728/tokenizer_config.json "HTTP/1.1 200 OK"
2026-08-16 10:17:53.504 - httpx - INFO - HTTP Request: HEAD https://huggingface.co/nvidia/NVIDIA-Nemotron-3.5-Lightning-30B-A3B-NVFP4/resolve/main/tokenizer_config.json "HTTP/1.1 307 Temporary Redirect"
2026-08-16 10:17:53.515 - httpx - INFO - HTTP Request: HEAD https://huggingface.co/api/resolve-cache/models/nvidia/NVIDIA-Nemotron-3.5-Lightning-30B-A3B-NVFP4/6dbbd757ea75a8ece6e0702872e3ae53f9987728/tokenizer_config.json "HTTP/1.1 200 OK"
2026-08-16 10:17:53.569 - httpx - INFO - HTTP Request: GET https://huggingface.co/api/models/nvidia/NVIDIA-Nemotron-3.5-Lightning-30B-A3B-NVFP4/tree/main/additional_chat_templates?recursive=false&expand=false "HTTP/1.1 404 Not Found"
2026-08-16 10:17:53.573 - httpx - INFO - HTTP Request: GET https://huggingface.co/api/models/nvidia/NVIDIA-Nemotron-3.5-Lightning-30B-A3B-NVFP4/tree/main/additional_chat_templates?recursive=false&expand=false "HTTP/1.1 404 Not Found"
2026-08-16 10:17:53.573 - httpx - INFO - HTTP Request: GET https://huggingface.co/api/models/nvidia/NVIDIA-Nemotron-3.5-Lightning-30B-A3B-NVFP4/tree/main/additional_chat_templates?recursive=false&expand=false "HTTP/1.1 404 Not Found"
2026-08-16 10:17:53.596 - httpx - INFO - HTTP Request: GET https://huggingface.co/api/models/nvidia/NVIDIA-Nemotron-3.5-Lightning-30B-A3B-NVFP4/tree/main/additional_chat_templates?recursive=false&expand=false "HTTP/1.1 404 Not Found"
2026-08-16 10:17:53.656 - httpx - INFO - HTTP Request: GET https://huggingface.co/api/models/nvidia/NVIDIA-Nemotron-3.5-Lightning-30B-A3B-NVFP4/tree/main?recursive=true&expand=false "HTTP/1.1 200 OK"
2026-08-16 10:17:53.658 - httpx - INFO - HTTP Request: GET https://huggingface.co/api/models/nvidia/NVIDIA-Nemotron-3.5-Lightning-30B-A3B-NVFP4/tree/main?recursive=true&expand=false "HTTP/1.1 200 OK"
2026-08-16 10:17:53.680 - httpx - INFO - HTTP Request: GET https://huggingface.co/api/models/nvidia/NVIDIA-Nemotron-3.5-Lightning-30B-A3B-NVFP4/tree/main?recursive=true&expand=false "HTTP/1.1 200 OK"
2026-08-16 10:17:53.680 - httpx - INFO - HTTP Request: GET https://huggingface.co/api/models/nvidia/NVIDIA-Nemotron-3.5-Lightning-30B-A3B-NVFP4/tree/main?recursive=true&expand=false "HTTP/1.1 200 OK"
2026-08-16 10:17:54.650 - httpx - INFO - HTTP Request: GET https://huggingface.co/api/models/nvidia/NVIDIA-Nemotron-3.5-Lightning-30B-A3B-NVFP4 "HTTP/1.1 200 OK"
2026-08-16 10:17:54.651 - httpx - INFO - HTTP Request: GET https://huggingface.co/api/models/nvidia/NVIDIA-Nemotron-3.5-Lightning-30B-A3B-NVFP4 "HTTP/1.1 200 OK"
2026-08-16 10:17:54.665 - httpx - INFO - HTTP Request: GET https://huggingface.co/api/models/nvidia/NVIDIA-Nemotron-3.5-Lightning-30B-A3B-NVFP4 "HTTP/1.1 200 OK"
2026-08-16 10:17:54.665 - httpx - INFO - HTTP Request: GET https://huggingface.co/api/models/nvidia/NVIDIA-Nemotron-3.5-Lightning-30B-A3B-NVFP4 "HTTP/1.1 200 OK"
2026-08-16 10:17:54.670 - InferenceResultParser_073d15d1 - INFO - Initialized tokenizers: {'nvidia/NVIDIA-Nemotron-3.5-Lightning-30B-A3B-NVFP4': {'class': 'TokenizersBackend', 'name_or_path': 'nvidia/NVIDIA-Nemotron-3.5-Lightning-30B-A3B-NVFP4'}} in 1.90 seconds
2026-08-16 10:17:54.688 - InferenceResultParser_f8913c3e - INFO - Initialized tokenizers: {'nvidia/NVIDIA-Nemotron-3.5-Lightning-30B-A3B-NVFP4': {'class': 'TokenizersBackend', 'name_or_path': 'nvidia/NVIDIA-Nemotron-3.5-Lightning-30B-A3B-NVFP4'}} in 1.92 seconds
2026-08-16 10:17:54.688 - dataset_manager - INFO - Tokenizer(s) configured in 1.92 seconds
2026-08-16 10:17:54.688 - dataset_manager - INFO - Configuring dataset for dataset_manager
2026-08-16 10:17:54.694 - InferenceResultParser_db3a8d19 - INFO - Initialized tokenizers: {'nvidia/NVIDIA-Nemotron-3.5-Lightning-30B-A3B-NVFP4': {'class': 'TokenizersBackend', 'name_or_path': 'nvidia/NVIDIA-Nemotron-3.5-Lightning-30B-A3B-NVFP4'}} in 1.92 seconds
2026-08-16 10:17:55.019 - CustomDatasetComposer - INFO - Using explicit dataset format: multi_turn
2026-08-16 10:17:55.106 - MemoryMapDatasetBackingStore_c215b797 - INFO - Memory-mapped backing store initialized (streaming to /tmp/aiperf_mmap_4b5da50bd26e/dataset.dat)
2026-08-16 10:17:55.128 - MemoryMapDatasetBackingStore_c215b797 - INFO - Data file finalized: 500 conversations, 1.27 MB
2026-08-16 10:17:55.129 - MemoryMapDatasetBackingStore_c215b797 - INFO - Index file created: /tmp/aiperf_mmap_4b5da50bd26e/index.dat
2026-08-16 10:17:55.130 - dataset_manager - INFO - Backing store finalized: client_type=DatasetClientStoreType.MEMORY_MAP format=MemoryMapFormat.CONVERSATION data_file_path=PosixPath('/tmp/aiperf_mmap_4b5da50bd26e/dataset.dat') index_file_path=PosixPath('/tmp/aiperf_mmap_4b5da50bd26e/index.dat') conversation_count=500 total_size_bytes=1331455 compressed=False compressed_data_file_path=None compressed_index_file_path=None compressed_size_bytes=0
2026-08-16 10:17:55.141 - dataset_manager - INFO - sampling strategy: sequential, unique conversations: 500, unique turn count: 1783
2026-08-16 10:17:55.173 - dataset_manager - INFO - Generating inputs.json file at /output/inputs.json
2026-08-16 10:17:55.193 - dataset_manager - INFO - inputs.json file generated in 0.02 seconds
2026-08-16 10:17:55.194 - system_controller - WARNING - Received command response for service we were not expecting: worker_79b0fbad. Ignoring.
2026-08-16 10:17:55.197 - system_controller - WARNING - Received command response for service we were not expecting: worker_63261c90. Ignoring.
2026-08-16 10:17:55.207 - system_controller - WARNING - Received command response for service we were not expecting: worker_261e6034. Ignoring.
2026-08-16 10:17:55.218 - system_controller - WARNING - Received command response for service we were not expecting: worker_45caa109. Ignoring.
2026-08-16 10:17:55.222 - system_controller - WARNING - Received command response for service we were not expecting: worker_e5886dd2. Ignoring.
2026-08-16 10:17:55.223 - system_controller - WARNING - Received command response for service we were not expecting: worker_acef589a. Ignoring.
2026-08-16 10:17:55.230 - system_controller - WARNING - Received command response for service we were not expecting: worker_54f1ce03. Ignoring.
2026-08-16 10:17:55.235 - system_controller - WARNING - Received command response for service we were not expecting: worker_f039b8d7. Ignoring.
2026-08-16 10:17:55.282 - PhaseOrchestrator_3655313d - INFO - Initialized 2 phase(s): ['Warmup', 'Profiling']
2026-08-16 10:17:55.519 - dataset_manager - INFO - Dataset client initialized and freed 500 conversations from memory
2026-08-16 10:17:55.519 - dataset_manager - INFO - Dataset configured in 0.83 seconds
2026-08-16 10:17:55.523 - system_controller - INFO - All services configured in 2.75 seconds
2026-08-16 10:17:55.524 - system_controller - INFO - AIPerf System is CONFIGURED
2026-08-16 10:17:55.566 - server_metrics_manager - INFO - Server Metrics: Started 1 collector(s) successfully
2026-08-16 10:17:55.578 - system_controller - INFO - All services started profiling successfully
2026-08-16 10:17:55.578 - system_controller - INFO - AIPerf System is PROFILING
2026-08-16 10:17:55.596 - RateTiming - INFO - Creating interval generator: pattern=concurrency_burst, rate=None, smoothness=None
2026-08-16 10:17:55.600 - PhaseRunner - NOTICE - Phase warmup (warmup) started | phase_index=0 | target: 3 requests
2026-08-16 10:17:55.610 - PhaseRunner - NOTICE - Phase warmup (warmup) sending complete | sent=3, completed=0, in_flight=3 | sessions: sent=3, completed=0
2026-08-16 10:17:55.608 - records_manager - INFO - Credit phase start: warmup
2026-08-16 10:18:00.565 - PhaseRunner - NOTICE - Phase warmup (warmup) complete | completed=3, cancelled=0, errors=0 | sessions: completed=0, cancelled=0 | elapsed=4.96s
2026-08-16 10:18:00.567 - RateTiming - INFO - Creating interval generator: pattern=concurrency_burst, rate=None, smoothness=None
2026-08-16 10:18:00.567 - PhaseRunner - NOTICE - Phase profiling (profiling) started | phase_index=1 | profiling_index=0 | target: 50 requests, 50 sessions
2026-08-16 10:18:00.568 - records_manager - INFO - Credit phase start: profiling
2026-08-16 10:18:00.569 - server_metrics_manager - INFO - Server Metrics: Warmup complete, capturing final warmup metrics...
2026-08-16 10:18:00.573 - PhaseRunner - NOTICE - Phase profiling (profiling) sending complete | sent=50, completed=0, in_flight=50 | sessions: sent=50, completed=0
2026-08-16 10:18:00.573 - records_manager - INFO - Sent 50 requests. Waiting for all to complete...
2026-08-16 10:18:15.405 - PhaseRunner - NOTICE - Phase profiling (profiling) complete | completed=50, cancelled=0, errors=0 | sessions: completed=6, cancelled=0 | elapsed=14.84s
2026-08-16 10:18:15.406 - PhaseOrchestrator_3655313d - NOTICE - All credits completed
2026-08-16 10:18:15.408 - records_manager - INFO - Received CREDIT_PHASE_COMPLETE message, Phase complete: PhaseRecordsStats(phase=CreditPhase.PROFILING, phase_index=1, profiling_index=0, phase_name='profiling', phase_kind='profiling', start_ns=1786875480567673666, sent_end_ns=1786875480572992131, requests_end_ns=1786875495403741782, baseline_start_ns=1786875480567604130, baseline_end_ns=1786875495403766022, total_expected_requests=50, expected_duration_sec=None, expected_num_sessions=None, expected_grace_period_sec=None, final_requests_sent=None, final_requests_completed=50, final_requests_cancelled=0, final_request_errors=0, final_sent_sessions=None, final_completed_sessions=None, final_cancelled_sessions=None, timeout_triggered=False, grace_period_timeout_triggered=False, was_cancelled=False, records_end_ns=None, success_records=49, error_records=0)
2026-08-16 10:18:15.409 - records_manager - NOTICE - All requests have completed, please wait for the results to be processed (currently 49 of 50 records processed)...
2026-08-16 10:18:15.409 - system_controller - INFO - Received credits complete from 'timing_manager'
2026-08-16 10:18:15.410 - records_manager - INFO - All credits complete, please wait for the results to be processed...
2026-08-16 10:18:15.413 - records_manager - INFO - Processed 50 valid requests and 0 errors (50 total).
2026-08-16 10:18:15.413 - records_manager - INFO - Received all records, processing now...
2026-08-16 10:18:15.418 - records_manager - INFO - Waiting 2.0s for server metrics flush period...
2026-08-16 10:18:15.421 - server_metrics_manager - INFO - Server Metrics: Profiling complete, capturing final metrics...
2026-08-16 10:18:15.418 - gpu_telemetry_manager - INFO - GPU Telemetry: Profiling complete, capturing final metrics...
2026-08-16 10:18:17.406 - records_manager - INFO - Processing records results...
2026-08-16 10:18:17.614 - system_controller - INFO - Waiting for result domains: server_metrics, telemetry
2026-08-16 10:18:17.615 - system_controller - INFO - Waiting for result domains: server_metrics
2026-08-16 10:18:17.631 - records_manager - INFO - _finalize_and_process_results completed
2026-08-16 10:18:17.634 - system_controller - INFO - All results received, initiating shutdown
2026-08-16 10:18:18.249 - ExporterManager - INFO - Exporting all records
2026-08-16 10:18:18.346 - ExporterManager - INFO - Exporting console data
