2026-08-11 22:44:53.079 - aiperf.cli_runner._single_run - INFO - Starting AIPerf System
2026-08-11 22:44:53.529 - httpx - INFO - HTTP Request: GET https://huggingface.co/api/models/nvidia/NVIDIA-Nemotron-3.5-Lightning-30B-A3B-NVFP4 "HTTP/1.1 200 OK"
2026-08-11 22:44:53.539 - aiperf.config.resolution.resolvers - INFO - [OK] Tokenizer nvidia/NVIDIA-Nemotron-3.5-Lightning-30B-A3B-NVFP4 detected
2026-08-11 22:44:53.539 - aiperf.config.resolution.resolvers - INFO - 1 tokenizer validated | 0.4s
2026-08-11 22:44:53.540 - aiperf.config.resolution.resolvers - INFO - Prefetching 1 tokenizer into HF cache...
2026-08-11 22:44:54.605 - httpx - INFO - HTTP Request: HEAD https://huggingface.co/nvidia/NVIDIA-Nemotron-3.5-Lightning-30B-A3B-NVFP4/resolve/main/config.json "HTTP/1.1 307 Temporary Redirect"
2026-08-11 22:44:54.606 - huggingface_hub.utils._http - WARNING - Warning: You are sending unauthenticated requests to the HF Hub. Please set a HF_TOKEN to enable higher rate limits and faster downloads.
2026-08-11 22:44:54.620 - httpx - INFO - HTTP Request: HEAD https://huggingface.co/api/resolve-cache/models/nvidia/NVIDIA-Nemotron-3.5-Lightning-30B-A3B-NVFP4/f9b0c83dc2e390069425f5b4d40006fd343d596c/config.json "HTTP/1.1 200 OK"
2026-08-11 22:44:54.635 - httpx - INFO - HTTP Request: GET https://huggingface.co/api/resolve-cache/models/nvidia/NVIDIA-Nemotron-3.5-Lightning-30B-A3B-NVFP4/f9b0c83dc2e390069425f5b4d40006fd343d596c/config.json "HTTP/1.1 200 OK"
2026-08-11 22:44:54.784 - httpx - INFO - HTTP Request: HEAD https://huggingface.co/nvidia/NVIDIA-Nemotron-3.5-Lightning-30B-A3B-NVFP4/resolve/main/tokenizer_config.json "HTTP/1.1 307 Temporary Redirect"
2026-08-11 22:44:54.796 - httpx - INFO - HTTP Request: HEAD https://huggingface.co/api/resolve-cache/models/nvidia/NVIDIA-Nemotron-3.5-Lightning-30B-A3B-NVFP4/f9b0c83dc2e390069425f5b4d40006fd343d596c/tokenizer_config.json "HTTP/1.1 200 OK"
2026-08-11 22:44:54.809 - httpx - INFO - HTTP Request: GET https://huggingface.co/api/resolve-cache/models/nvidia/NVIDIA-Nemotron-3.5-Lightning-30B-A3B-NVFP4/f9b0c83dc2e390069425f5b4d40006fd343d596c/tokenizer_config.json "HTTP/1.1 200 OK"
2026-08-11 22:44:54.895 - httpx - INFO - HTTP Request: GET https://huggingface.co/api/models/nvidia/NVIDIA-Nemotron-3.5-Lightning-30B-A3B-NVFP4/tree/main/additional_chat_templates?recursive=false&expand=false "HTTP/1.1 404 Not Found"
2026-08-11 22:44:54.984 - httpx - INFO - HTTP Request: GET https://huggingface.co/api/models/nvidia/NVIDIA-Nemotron-3.5-Lightning-30B-A3B-NVFP4/tree/main?recursive=true&expand=false "HTTP/1.1 200 OK"
2026-08-11 22:44:55.074 - httpx - INFO - HTTP Request: HEAD https://huggingface.co/nvidia/NVIDIA-Nemotron-3.5-Lightning-30B-A3B-NVFP4/resolve/main/tokenizer.json "HTTP/1.1 302 Found"
2026-08-11 22:44:55.163 - httpx - INFO - HTTP Request: GET https://huggingface.co/api/models/nvidia/NVIDIA-Nemotron-3.5-Lightning-30B-A3B-NVFP4/xet-read-token/f9b0c83dc2e390069425f5b4d40006fd343d596c "HTTP/1.1 200 OK"
2026-08-11 22:44:56.217 - httpx - INFO - HTTP Request: HEAD https://huggingface.co/nvidia/NVIDIA-Nemotron-3.5-Lightning-30B-A3B-NVFP4/resolve/main/tokenizer.model "HTTP/1.1 404 Not Found"
2026-08-11 22:44:56.302 - httpx - INFO - HTTP Request: HEAD https://huggingface.co/nvidia/NVIDIA-Nemotron-3.5-Lightning-30B-A3B-NVFP4/resolve/main/added_tokens.json "HTTP/1.1 404 Not Found"
2026-08-11 22:44:56.389 - httpx - INFO - HTTP Request: HEAD https://huggingface.co/nvidia/NVIDIA-Nemotron-3.5-Lightning-30B-A3B-NVFP4/resolve/main/special_tokens_map.json "HTTP/1.1 307 Temporary Redirect"
2026-08-11 22:44:56.401 - httpx - INFO - HTTP Request: HEAD https://huggingface.co/api/resolve-cache/models/nvidia/NVIDIA-Nemotron-3.5-Lightning-30B-A3B-NVFP4/f9b0c83dc2e390069425f5b4d40006fd343d596c/special_tokens_map.json "HTTP/1.1 200 OK"
2026-08-11 22:44:56.413 - httpx - INFO - HTTP Request: GET https://huggingface.co/api/resolve-cache/models/nvidia/NVIDIA-Nemotron-3.5-Lightning-30B-A3B-NVFP4/f9b0c83dc2e390069425f5b4d40006fd343d596c/special_tokens_map.json "HTTP/1.1 200 OK"
2026-08-11 22:44:56.496 - httpx - INFO - HTTP Request: HEAD https://huggingface.co/nvidia/NVIDIA-Nemotron-3.5-Lightning-30B-A3B-NVFP4/resolve/main/chat_template.jinja "HTTP/1.1 307 Temporary Redirect"
2026-08-11 22:44:56.506 - httpx - INFO - HTTP Request: HEAD https://huggingface.co/api/resolve-cache/models/nvidia/NVIDIA-Nemotron-3.5-Lightning-30B-A3B-NVFP4/f9b0c83dc2e390069425f5b4d40006fd343d596c/chat_template.jinja "HTTP/1.1 200 OK"
2026-08-11 22:44:56.520 - httpx - INFO - HTTP Request: GET https://huggingface.co/api/resolve-cache/models/nvidia/NVIDIA-Nemotron-3.5-Lightning-30B-A3B-NVFP4/f9b0c83dc2e390069425f5b4d40006fd343d596c/chat_template.jinja "HTTP/1.1 200 OK"
2026-08-11 22:44:57.429 - httpx - INFO - HTTP Request: GET https://huggingface.co/api/models/nvidia/NVIDIA-Nemotron-3.5-Lightning-30B-A3B-NVFP4 "HTTP/1.1 200 OK"
2026-08-11 22:44:57.470 - aiperf.config.resolution.resolvers - INFO -   Cached nvidia/NVIDIA-Nemotron-3.5-Lightning-30B-A3B-NVFP4 (3.92s)
2026-08-11 22:44:57.528 - aiperf.config.resolution.resolvers - INFO - 1 tokenizer cached • 4.0s
2026-08-11 22:44:57.902 - system_controller - INFO - Registered Worker Manager (id: 'worker_manager')
2026-08-11 22:44:57.963 - server_metrics_manager - INFO - Server Metrics: Discovered 1 endpoints: ['http://localhost:8000/metrics']
2026-08-11 22:44:57.964 - system_controller - INFO - Registered Gpu Telemetry Manager (id: 'gpu_telemetry_manager')
2026-08-11 22:44:58.007 - system_controller - INFO - Registered Dataset Manager (id: 'dataset_manager')
2026-08-11 22:44:58.019 - system_controller - INFO - Registered Record Processor (id: 'record_processor_a77e6afe')
2026-08-11 22:44:58.049 - GPUTelemetryJSONLWriter_fae5aad4 - INFO - GPU telemetry export enabled: /output/gpu_telemetry_export.jsonl
2026-08-11 22:44:58.061 - OTelMetricsResultsProcessor_c28333f0 - INFO - Telemetry streaming is disabled (set --otel-url and/or --mlflow-tracking-uri to enable)
2026-08-11 22:44:58.065 - RecordExportJSONLWriter_a4ba8285 - INFO - Record metrics export enabled: /output/profile_export.jsonl
2026-08-11 22:44:58.069 - system_controller - INFO - Registered Server Metrics Manager (id: 'server_metrics_manager')
2026-08-11 22:44:58.074 - system_controller - INFO - Registered Records Manager (id: 'records_manager')
2026-08-11 22:44:58.268 - system_controller - INFO - Registered Worker (id: 'worker_aba8d93c')
2026-08-11 22:44:58.282 - system_controller - INFO - Registered Timing Manager (id: 'timing_manager')
2026-08-11 22:44:58.283 - system_controller - INFO - Registered Worker (id: 'worker_1d51fb05')
2026-08-11 22:44:58.289 - system_controller - INFO - Registered Worker (id: 'worker_cc0b5b19')
2026-08-11 22:44:58.291 - system_controller - INFO - Registered Worker (id: 'worker_47b7dd02')
2026-08-11 22:44:58.379 - system_controller - INFO - AIPerf System is CONFIGURING
2026-08-11 22:44:58.379 - system_controller - INFO - Configuring all services to start profiling
2026-08-11 22:44:58.381 - timing_manager - INFO - Waiting for dataset to be configured before configuring timing
2026-08-11 22:44:58.381 - InferenceResultParser_2da3704c - INFO - Configuring tokenizers for inference result parser (resolve_alias: True)
2026-08-11 22:44:58.382 - dataset_manager - INFO - Configuring tokenizer(s) for dataset manager
2026-08-11 22:44:58.392 - server_metrics_manager - INFO - Server Metrics: Capturing baseline metrics...
2026-08-11 22:44:58.411 - gpu_telemetry_manager - INFO - GPU Telemetry: Capturing baseline metrics from pynvml://localhost
2026-08-11 22:44:58.411 - http://localhost:8000/metrics - INFO - Skipping unsupported summary metric: http_request_size_bytes
2026-08-11 22:44:58.411 - http://localhost:8000/metrics - INFO - Skipping unsupported summary metric: http_response_size_bytes
2026-08-11 22:44:58.413 - system_controller - INFO - Server metrics enabled - 1/1 endpoint(s) reachable.
2026-08-11 22:44:58.413 - system_controller - INFO - Waiting for result domains: profile, server_metrics, telemetry
2026-08-11 22:44:58.420 - pynvml_collector - INFO - PyNVML initialized with 1 GPU(s) (0 with GPM support)
2026-08-11 22:44:58.435 - system_controller - INFO - DCGM telemetry enabled - 1/1 endpoint(s) reachable
2026-08-11 22:44:59.181 - httpx - INFO - HTTP Request: HEAD https://huggingface.co/nvidia/NVIDIA-Nemotron-3.5-Lightning-30B-A3B-NVFP4/resolve/main/config.json "HTTP/1.1 307 Temporary Redirect"
2026-08-11 22:44:59.181 - huggingface_hub.utils._http - WARNING - Warning: You are sending unauthenticated requests to the HF Hub. Please set a HF_TOKEN to enable higher rate limits and faster downloads.
2026-08-11 22:44:59.189 - httpx - INFO - HTTP Request: HEAD https://huggingface.co/nvidia/NVIDIA-Nemotron-3.5-Lightning-30B-A3B-NVFP4/resolve/main/config.json "HTTP/1.1 307 Temporary Redirect"
2026-08-11 22:44:59.190 - huggingface_hub.utils._http - WARNING - Warning: You are sending unauthenticated requests to the HF Hub. Please set a HF_TOKEN to enable higher rate limits and faster downloads.
2026-08-11 22:44:59.196 - httpx - INFO - HTTP Request: HEAD https://huggingface.co/api/resolve-cache/models/nvidia/NVIDIA-Nemotron-3.5-Lightning-30B-A3B-NVFP4/f9b0c83dc2e390069425f5b4d40006fd343d596c/config.json "HTTP/1.1 200 OK"
2026-08-11 22:44:59.201 - httpx - INFO - HTTP Request: HEAD https://huggingface.co/api/resolve-cache/models/nvidia/NVIDIA-Nemotron-3.5-Lightning-30B-A3B-NVFP4/f9b0c83dc2e390069425f5b4d40006fd343d596c/config.json "HTTP/1.1 200 OK"
2026-08-11 22:44:59.334 - httpx - INFO - HTTP Request: HEAD https://huggingface.co/nvidia/NVIDIA-Nemotron-3.5-Lightning-30B-A3B-NVFP4/resolve/main/tokenizer_config.json "HTTP/1.1 307 Temporary Redirect"
2026-08-11 22:44:59.346 - httpx - INFO - HTTP Request: HEAD https://huggingface.co/api/resolve-cache/models/nvidia/NVIDIA-Nemotron-3.5-Lightning-30B-A3B-NVFP4/f9b0c83dc2e390069425f5b4d40006fd343d596c/tokenizer_config.json "HTTP/1.1 200 OK"
2026-08-11 22:44:59.352 - httpx - INFO - HTTP Request: HEAD https://huggingface.co/nvidia/NVIDIA-Nemotron-3.5-Lightning-30B-A3B-NVFP4/resolve/main/tokenizer_config.json "HTTP/1.1 307 Temporary Redirect"
2026-08-11 22:44:59.364 - httpx - INFO - HTTP Request: HEAD https://huggingface.co/api/resolve-cache/models/nvidia/NVIDIA-Nemotron-3.5-Lightning-30B-A3B-NVFP4/f9b0c83dc2e390069425f5b4d40006fd343d596c/tokenizer_config.json "HTTP/1.1 200 OK"
2026-08-11 22:44:59.439 - httpx - INFO - HTTP Request: GET https://huggingface.co/api/models/nvidia/NVIDIA-Nemotron-3.5-Lightning-30B-A3B-NVFP4/tree/main/additional_chat_templates?recursive=false&expand=false "HTTP/1.1 404 Not Found"
2026-08-11 22:44:59.451 - httpx - INFO - HTTP Request: GET https://huggingface.co/api/models/nvidia/NVIDIA-Nemotron-3.5-Lightning-30B-A3B-NVFP4/tree/main/additional_chat_templates?recursive=false&expand=false "HTTP/1.1 404 Not Found"
2026-08-11 22:44:59.535 - httpx - INFO - HTTP Request: GET https://huggingface.co/api/models/nvidia/NVIDIA-Nemotron-3.5-Lightning-30B-A3B-NVFP4/tree/main?recursive=true&expand=false "HTTP/1.1 200 OK"
2026-08-11 22:44:59.539 - httpx - INFO - HTTP Request: GET https://huggingface.co/api/models/nvidia/NVIDIA-Nemotron-3.5-Lightning-30B-A3B-NVFP4/tree/main?recursive=true&expand=false "HTTP/1.1 200 OK"
2026-08-11 22:45:00.473 - httpx - INFO - HTTP Request: GET https://huggingface.co/api/models/nvidia/NVIDIA-Nemotron-3.5-Lightning-30B-A3B-NVFP4 "HTTP/1.1 200 OK"
2026-08-11 22:45:00.494 - dataset_manager - INFO - Tokenizer(s) configured in 2.11 seconds
2026-08-11 22:45:00.494 - dataset_manager - INFO - Configuring dataset for dataset_manager
2026-08-11 22:45:00.497 - httpx - INFO - HTTP Request: GET https://huggingface.co/api/models/nvidia/NVIDIA-Nemotron-3.5-Lightning-30B-A3B-NVFP4 "HTTP/1.1 200 OK"
2026-08-11 22:45:00.517 - InferenceResultParser_2da3704c - INFO - Initialized tokenizers: {'nvidia/NVIDIA-Nemotron-3.5-Lightning-30B-A3B-NVFP4': {'class': 'TokenizersBackend', 'name_or_path': 'nvidia/NVIDIA-Nemotron-3.5-Lightning-30B-A3B-NVFP4'}} in 2.14 seconds
2026-08-11 22:45:00.772 - CustomDatasetComposer - INFO - Using explicit dataset format: multi_turn
2026-08-11 22:45:00.839 - MemoryMapDatasetBackingStore_06d4c8fd - INFO - Memory-mapped backing store initialized (streaming to /tmp/aiperf_mmap_f4c077a4a8b0/dataset.dat)
2026-08-11 22:45:00.860 - MemoryMapDatasetBackingStore_06d4c8fd - INFO - Data file finalized: 500 conversations, 1.27 MB
2026-08-11 22:45:00.860 - MemoryMapDatasetBackingStore_06d4c8fd - INFO - Index file created: /tmp/aiperf_mmap_f4c077a4a8b0/index.dat
2026-08-11 22:45:00.861 - dataset_manager - INFO - Backing store finalized: client_type=DatasetClientStoreType.MEMORY_MAP format=MemoryMapFormat.CONVERSATION data_file_path=PosixPath('/tmp/aiperf_mmap_f4c077a4a8b0/dataset.dat') index_file_path=PosixPath('/tmp/aiperf_mmap_f4c077a4a8b0/index.dat') conversation_count=500 total_size_bytes=1332012 compressed=False compressed_data_file_path=None compressed_index_file_path=None compressed_size_bytes=0
2026-08-11 22:45:00.870 - dataset_manager - INFO - sampling strategy: sequential, unique conversations: 500, unique turn count: 1783
2026-08-11 22:45:00.875 - dataset_manager - INFO - Generating inputs.json file at /output/inputs.json
2026-08-11 22:45:00.882 - PhaseOrchestrator_6149f721 - INFO - Initialized 2 phase(s): ['Warmup', 'Profiling']
2026-08-11 22:45:00.893 - dataset_manager - INFO - inputs.json file generated in 0.02 seconds
2026-08-11 22:45:01.045 - dataset_manager - INFO - Dataset client initialized and freed 500 conversations from memory
2026-08-11 22:45:01.045 - dataset_manager - INFO - Dataset configured in 0.55 seconds
2026-08-11 22:45:01.046 - system_controller - INFO - All services configured in 2.67 seconds
2026-08-11 22:45:01.046 - system_controller - INFO - AIPerf System is CONFIGURED
2026-08-11 22:45:01.047 - server_metrics_manager - INFO - Server Metrics: Started 1 collector(s) successfully
2026-08-11 22:45:01.048 - system_controller - INFO - All services started profiling successfully
2026-08-11 22:45:01.049 - system_controller - INFO - AIPerf System is PROFILING
2026-08-11 22:45:01.053 - RateTiming - INFO - Creating interval generator: pattern=concurrency_burst, rate=None, smoothness=None
2026-08-11 22:45:01.053 - PhaseRunner - NOTICE - Phase warmup (warmup) started | phase_index=0 | target: 3 requests
2026-08-11 22:45:01.053 - PhaseRunner - NOTICE - Phase warmup (warmup) sending complete | sent=3, completed=0, in_flight=3 | sessions: sent=3, completed=0
2026-08-11 22:45:01.054 - records_manager - INFO - Credit phase start: warmup
2026-08-11 22:45:10.198 - PhaseRunner - NOTICE - Phase warmup (warmup) complete | completed=3, cancelled=0, errors=0 | sessions: completed=0, cancelled=0 | elapsed=9.15s
2026-08-11 22:45:10.199 - RateTiming - INFO - Creating interval generator: pattern=concurrency_burst, rate=None, smoothness=None
2026-08-11 22:45:10.199 - PhaseRunner - NOTICE - Phase profiling (profiling) started | phase_index=1 | profiling_index=0 | target: 50 requests, 50 sessions
2026-08-11 22:45:10.200 - server_metrics_manager - INFO - Server Metrics: Warmup complete, capturing final warmup metrics...
2026-08-11 22:45:10.200 - records_manager - INFO - Credit phase start: profiling
2026-08-11 22:47:25.100 - PhaseRunner - NOTICE - Phase profiling (profiling) sending complete | sent=50, completed=46, in_flight=4 | sessions: sent=15, completed=11
2026-08-11 22:47:25.102 - records_manager - INFO - Sent 50 requests. Waiting for all to complete...
2026-08-11 22:47:34.698 - PhaseRunner - NOTICE - Phase profiling (profiling) complete | completed=50, cancelled=0, errors=0 | sessions: completed=13, cancelled=0 | elapsed=144.50s
2026-08-11 22:47:34.699 - PhaseOrchestrator_6149f721 - NOTICE - All credits completed
2026-08-11 22:47:34.700 - system_controller - INFO - Received credits complete from 'timing_manager'
2026-08-11 22:47:34.700 - records_manager - INFO - Received CREDIT_PHASE_COMPLETE message, Phase complete: PhaseRecordsStats(phase=CreditPhase.PROFILING, phase_index=1, profiling_index=0, phase_name='profiling', phase_kind='profiling', start_ns=1786488310199852432, sent_end_ns=1786488445100430626, requests_end_ns=1786488454698376999, baseline_start_ns=1786488310199839137, baseline_end_ns=1786488454698396422, total_expected_requests=50, expected_duration_sec=None, expected_num_sessions=None, expected_grace_period_sec=None, final_requests_sent=None, final_requests_completed=50, final_requests_cancelled=0, final_request_errors=0, final_sent_sessions=None, final_completed_sessions=None, final_cancelled_sessions=None, timeout_triggered=False, grace_period_timeout_triggered=False, was_cancelled=False, records_end_ns=None, success_records=49, error_records=0)
2026-08-11 22:47:34.700 - records_manager - NOTICE - All requests have completed, please wait for the results to be processed (currently 49 of 50 records processed)...
2026-08-11 22:47:34.700 - records_manager - INFO - All credits complete, please wait for the results to be processed...
2026-08-11 22:47:34.708 - records_manager - INFO - Processed 50 valid requests and 0 errors (50 total).
2026-08-11 22:47:34.708 - records_manager - INFO - Received all records, processing now...
2026-08-11 22:47:34.709 - server_metrics_manager - INFO - Server Metrics: Profiling complete, capturing final metrics...
2026-08-11 22:47:34.709 - gpu_telemetry_manager - INFO - GPU Telemetry: Profiling complete, capturing final metrics...
2026-08-11 22:47:34.711 - records_manager - INFO - Waiting 2.0s for server metrics flush period...
2026-08-11 22:47:36.698 - records_manager - INFO - Processing records results...
2026-08-11 22:47:37.048 - system_controller - INFO - Waiting for result domains: server_metrics, telemetry
2026-08-11 22:47:37.049 - system_controller - INFO - Waiting for result domains: server_metrics
2026-08-11 22:47:37.170 - records_manager - INFO - _finalize_and_process_results completed
2026-08-11 22:47:37.171 - system_controller - INFO - All results received, initiating shutdown
2026-08-11 22:47:37.774 - ExporterManager - INFO - Exporting all records
2026-08-11 22:47:37.855 - ExporterManager - INFO - Exporting console data
