20:43:46.708 INFO     Starting AIPerf System (_single_run.py:64)
20:43:47.216 INFO     HTTP Request: GET https://huggingface.co/api/models/nvidia/NVIDIA-Nemotron-3.5-Lightning-30B-A3B-NVFP4 "HTTP/1.1 200 OK" (_client.py:1025)
20:43:47.234 INFO     [OK] Tokenizer nvidia/NVIDIA-Nemotron-3.5-Lightning-30B-A3B-NVFP4 detected (tokenizer_display.py:297)
20:43:47.234 INFO     1 tokenizer validated | 0.5s (tokenizer_display.py:306)
20:43:47.234 INFO     Prefetching 1 tokenizer into HF cache... (tokenizer_validator.py:129)
20:43:48.413 INFO     HTTP Request: HEAD https://huggingface.co/nvidia/NVIDIA-Nemotron-3.5-Lightning-30B-A3B-NVFP4/resolve/main/config.json "HTTP/1.1 307 Temporary Redirect" (_client.py:1025)
20:43:48.413 WARNING  Warning: You are sending unauthenticated requests to the HF Hub. Please set a HF_TOKEN to enable higher rate limits and faster downloads. (_http.py:904)
Warning: You are sending unauthenticated requests to the HF Hub. Please set a HF_TOKEN to enable higher rate limits and faster downloads.
20:43:48.429 INFO     HTTP Request: HEAD https://huggingface.co/api/resolve-cache/models/nvidia/NVIDIA-Nemotron-3.5-Lightning-30B-A3B-NVFP4/f9b0c83dc2e390069425f5b4d40006fd343d596c/config.json "HTTP/1.1 200 OK" (_client.py:1025)
20:43:48.515 INFO     HTTP Request: GET https://huggingface.co/api/resolve-cache/models/nvidia/NVIDIA-Nemotron-3.5-Lightning-30B-A3B-NVFP4/f9b0c83dc2e390069425f5b4d40006fd343d596c/config.json "HTTP/1.1 200 OK" (_client.py:1025)
20:43:48.663 INFO     HTTP Request: HEAD https://huggingface.co/nvidia/NVIDIA-Nemotron-3.5-Lightning-30B-A3B-NVFP4/resolve/main/tokenizer_config.json "HTTP/1.1 307 Temporary Redirect" (_client.py:1025)
20:43:48.676 INFO     HTTP Request: HEAD https://huggingface.co/api/resolve-cache/models/nvidia/NVIDIA-Nemotron-3.5-Lightning-30B-A3B-NVFP4/f9b0c83dc2e390069425f5b4d40006fd343d596c/tokenizer_config.json "HTTP/1.1 200 OK" (_client.py:1025)
20:43:48.760 INFO     HTTP Request: GET https://huggingface.co/api/resolve-cache/models/nvidia/NVIDIA-Nemotron-3.5-Lightning-30B-A3B-NVFP4/f9b0c83dc2e390069425f5b4d40006fd343d596c/tokenizer_config.json "HTTP/1.1 200 OK" (_client.py:1025)
20:43:48.847 INFO     HTTP Request: GET https://huggingface.co/api/models/nvidia/NVIDIA-Nemotron-3.5-Lightning-30B-A3B-NVFP4/tree/main/additional_chat_templates?recursive=false&expand=false "HTTP/1.1 404 Not Found" (_client.py:1025)
20:43:48.940 INFO     HTTP Request: GET https://huggingface.co/api/models/nvidia/NVIDIA-Nemotron-3.5-Lightning-30B-A3B-NVFP4/tree/main?recursive=true&expand=false "HTTP/1.1 200 OK" (_client.py:1025)
20:43:49.033 INFO     HTTP Request: HEAD https://huggingface.co/nvidia/NVIDIA-Nemotron-3.5-Lightning-30B-A3B-NVFP4/resolve/main/tokenizer.json "HTTP/1.1 302 Found" (_client.py:1025)
20:43:49.135 INFO     HTTP Request: GET https://huggingface.co/api/models/nvidia/NVIDIA-Nemotron-3.5-Lightning-30B-A3B-NVFP4/xet-read-token/f9b0c83dc2e390069425f5b4d40006fd343d596c "HTTP/1.1 200 OK" (_client.py:1025)
20:43:50.131 INFO     HTTP Request: HEAD https://huggingface.co/nvidia/NVIDIA-Nemotron-3.5-Lightning-30B-A3B-NVFP4/resolve/main/tokenizer.model "HTTP/1.1 404 Not Found" (_client.py:1025)
20:43:50.217 INFO     HTTP Request: HEAD https://huggingface.co/nvidia/NVIDIA-Nemotron-3.5-Lightning-30B-A3B-NVFP4/resolve/main/added_tokens.json "HTTP/1.1 404 Not Found" (_client.py:1025)
20:43:50.315 INFO     HTTP Request: HEAD https://huggingface.co/nvidia/NVIDIA-Nemotron-3.5-Lightning-30B-A3B-NVFP4/resolve/main/special_tokens_map.json "HTTP/1.1 307 Temporary Redirect" (_client.py:1025)
20:43:50.327 INFO     HTTP Request: HEAD https://huggingface.co/api/resolve-cache/models/nvidia/NVIDIA-Nemotron-3.5-Lightning-30B-A3B-NVFP4/f9b0c83dc2e390069425f5b4d40006fd343d596c/special_tokens_map.json "HTTP/1.1 200 OK" (_client.py:1025)
20:43:50.408 INFO     HTTP Request: GET https://huggingface.co/api/resolve-cache/models/nvidia/NVIDIA-Nemotron-3.5-Lightning-30B-A3B-NVFP4/f9b0c83dc2e390069425f5b4d40006fd343d596c/special_tokens_map.json "HTTP/1.1 200 OK" (_client.py:1025)
20:43:50.494 INFO     HTTP Request: HEAD https://huggingface.co/nvidia/NVIDIA-Nemotron-3.5-Lightning-30B-A3B-NVFP4/resolve/main/chat_template.jinja "HTTP/1.1 307 Temporary Redirect" (_client.py:1025)
20:43:50.509 INFO     HTTP Request: HEAD https://huggingface.co/api/resolve-cache/models/nvidia/NVIDIA-Nemotron-3.5-Lightning-30B-A3B-NVFP4/f9b0c83dc2e390069425f5b4d40006fd343d596c/chat_template.jinja "HTTP/1.1 200 OK" (_client.py:1025)
20:43:50.595 INFO     HTTP Request: GET https://huggingface.co/api/resolve-cache/models/nvidia/NVIDIA-Nemotron-3.5-Lightning-30B-A3B-NVFP4/f9b0c83dc2e390069425f5b4d40006fd343d596c/chat_template.jinja "HTTP/1.1 200 OK" (_client.py:1025)
20:43:51.438 INFO     HTTP Request: GET https://huggingface.co/api/models/nvidia/NVIDIA-Nemotron-3.5-Lightning-30B-A3B-NVFP4 "HTTP/1.1 200 OK" (_client.py:1025)
20:43:51.475 INFO       Cached nvidia/NVIDIA-Nemotron-3.5-Lightning-30B-A3B-NVFP4 (4.23s) (tokenizer_validator.py:146)
20:43:51.527 INFO     1 tokenizer cached • 4.3s (tokenizer_validator.py:166)
20:43:51.970 INFO     Server Metrics: Discovered 1 endpoints: ['http://localhost:80/metrics'] (manager.py:97)
20:43:52.007 INFO     Registered Worker Manager (id: 'worker_manager') (system_controller.py:411)
20:43:52.016 INFO     Registered Gpu Telemetry Manager (id: 'gpu_telemetry_manager') (system_controller.py:411)
20:43:52.022 INFO     Registered Dataset Manager (id: 'dataset_manager') (system_controller.py:411)
20:43:52.033 INFO     GPU telemetry export enabled: /output/gpu_telemetry_export.jsonl (jsonl_writer.py:56)
20:43:52.043 INFO     Telemetry streaming is disabled (set --otel-url and/or --mlflow-tracking-uri to enable) (otel_metrics_results_processor.py:127)
20:43:52.047 INFO     Record metrics export enabled: /output/profile_export.jsonl (record_export_jsonl_writer.py:62)
20:43:52.078 INFO     Registered Server Metrics Manager (id: 'server_metrics_manager') (system_controller.py:411)
20:43:52.153 INFO     Registered Records Manager (id: 'records_manager') (system_controller.py:411)
20:43:52.170 INFO     Registered Record Processor (id: 'record_processor_abfff89b') (system_controller.py:411)
20:43:52.175 INFO     Registered Timing Manager (id: 'timing_manager') (system_controller.py:411)
20:43:52.315 INFO     Registered Worker (id: 'worker_a8d6a247') (system_controller.py:411)
20:43:52.394 INFO     AIPerf System is CONFIGURING (system_controller.py:292)
20:43:52.394 INFO     Configuring all services to start profiling (system_controller.py:305)
20:43:52.395 INFO     Waiting for dataset to be configured before configuring timing (manager.py:124)
20:43:52.395 INFO     Configuring tokenizers for inference result parser (resolve_alias: True) (inference_result_parser.py:86)
20:43:52.396 INFO     Configuring tokenizer(s) for dataset manager (dataset_manager.py:240)
20:43:52.429 INFO     GPU Telemetry: Capturing baseline metrics from pynvml://localhost (manager.py:282)
20:43:52.438 INFO     PyNVML initialized with 1 GPU(s) (0 with GPM support) (pynvml_collector.py:208)
20:43:52.454 INFO     Server Metrics: Capturing baseline metrics... (manager.py:191)
20:43:52.454 INFO     DCGM telemetry enabled - 1/1 endpoint(s) reachable (system_controller.py:533)
20:43:52.454 INFO     Waiting for result domains: profile, server_metrics, telemetry (system_controller.py:824)
20:43:52.479 INFO     Skipping unsupported summary metric: http_request_size_bytes (data_collector.py:308)
20:43:52.479 INFO     Skipping unsupported summary metric: http_response_size_bytes (data_collector.py:308)
20:43:52.481 INFO     Server metrics enabled - 1/1 endpoint(s) reachable. (system_controller.py:559)
20:43:52.967 INFO     HTTP Request: HEAD https://huggingface.co/nvidia/NVIDIA-Nemotron-3.5-Lightning-30B-A3B-NVFP4/resolve/main/config.json "HTTP/1.1 307 Temporary Redirect" (_client.py:1025)
Warning: You are sending unauthenticated requests to the HF Hub. Please set a HF_TOKEN to enable higher rate limits and faster downloads.
20:43:52.967 WARNING  Warning: You are sending unauthenticated requests to the HF Hub. Please set a HF_TOKEN to enable higher rate limits and faster downloads. (_http.py:904)
20:43:52.968 INFO     HTTP Request: HEAD https://huggingface.co/nvidia/NVIDIA-Nemotron-3.5-Lightning-30B-A3B-NVFP4/resolve/main/config.json "HTTP/1.1 307 Temporary Redirect" (_client.py:1025)
Warning: You are sending unauthenticated requests to the HF Hub. Please set a HF_TOKEN to enable higher rate limits and faster downloads.
20:43:52.969 WARNING  Warning: You are sending unauthenticated requests to the HF Hub. Please set a HF_TOKEN to enable higher rate limits and faster downloads. (_http.py:904)
20:43:52.980 INFO     HTTP Request: HEAD https://huggingface.co/api/resolve-cache/models/nvidia/NVIDIA-Nemotron-3.5-Lightning-30B-A3B-NVFP4/f9b0c83dc2e390069425f5b4d40006fd343d596c/config.json "HTTP/1.1 200 OK" (_client.py:1025)
20:43:52.984 INFO     HTTP Request: HEAD https://huggingface.co/api/resolve-cache/models/nvidia/NVIDIA-Nemotron-3.5-Lightning-30B-A3B-NVFP4/f9b0c83dc2e390069425f5b4d40006fd343d596c/config.json "HTTP/1.1 200 OK" (_client.py:1025)
20:43:53.114 INFO     HTTP Request: HEAD https://huggingface.co/nvidia/NVIDIA-Nemotron-3.5-Lightning-30B-A3B-NVFP4/resolve/main/tokenizer_config.json "HTTP/1.1 307 Temporary Redirect" (_client.py:1025)
20:43:53.117 INFO     HTTP Request: HEAD https://huggingface.co/nvidia/NVIDIA-Nemotron-3.5-Lightning-30B-A3B-NVFP4/resolve/main/tokenizer_config.json "HTTP/1.1 307 Temporary Redirect" (_client.py:1025)
20:43:53.128 INFO     HTTP Request: HEAD https://huggingface.co/api/resolve-cache/models/nvidia/NVIDIA-Nemotron-3.5-Lightning-30B-A3B-NVFP4/f9b0c83dc2e390069425f5b4d40006fd343d596c/tokenizer_config.json "HTTP/1.1 200 OK" (_client.py:1025)
20:43:53.131 INFO     HTTP Request: HEAD https://huggingface.co/api/resolve-cache/models/nvidia/NVIDIA-Nemotron-3.5-Lightning-30B-A3B-NVFP4/f9b0c83dc2e390069425f5b4d40006fd343d596c/tokenizer_config.json "HTTP/1.1 200 OK" (_client.py:1025)
20:43:53.215 INFO     HTTP Request: GET https://huggingface.co/api/models/nvidia/NVIDIA-Nemotron-3.5-Lightning-30B-A3B-NVFP4/tree/main/additional_chat_templates?recursive=false&expand=false "HTTP/1.1 404 Not Found" (_client.py:1025)
20:43:53.250 INFO     HTTP Request: GET https://huggingface.co/api/models/nvidia/NVIDIA-Nemotron-3.5-Lightning-30B-A3B-NVFP4/tree/main/additional_chat_templates?recursive=false&expand=false "HTTP/1.1 404 Not Found" (_client.py:1025)
20:43:53.322 INFO     HTTP Request: GET https://huggingface.co/api/models/nvidia/NVIDIA-Nemotron-3.5-Lightning-30B-A3B-NVFP4/tree/main?recursive=true&expand=false "HTTP/1.1 200 OK" (_client.py:1025)
20:43:53.340 INFO     HTTP Request: GET https://huggingface.co/api/models/nvidia/NVIDIA-Nemotron-3.5-Lightning-30B-A3B-NVFP4/tree/main?recursive=true&expand=false "HTTP/1.1 200 OK" (_client.py:1025)
20:43:54.219 INFO     HTTP Request: GET https://huggingface.co/api/models/nvidia/NVIDIA-Nemotron-3.5-Lightning-30B-A3B-NVFP4 "HTTP/1.1 200 OK" (_client.py:1025)
20:43:54.240 INFO     HTTP Request: GET https://huggingface.co/api/models/nvidia/NVIDIA-Nemotron-3.5-Lightning-30B-A3B-NVFP4 "HTTP/1.1 200 OK" (_client.py:1025)
20:43:54.247 INFO     Tokenizer(s) configured in 1.85 seconds (dataset_manager.py:244)
20:43:54.247 INFO     Configuring dataset for dataset_manager (dataset_manager.py:250)
20:43:54.268 INFO     Initialized tokenizers: {'nvidia/NVIDIA-Nemotron-3.5-Lightning-30B-A3B-NVFP4': {'class': 'TokenizersBackend', 'name_or_path': 'nvidia/NVIDIA-Nemotron-3.5-Lightning-30B-A3B-NVFP4'}} in 1.87 seconds (inference_result_parser.py:109)
20:43:54.519 INFO     Using explicit dataset format: multi_turn (custom.py:65)
20:43:54.569 INFO     Memory-mapped backing store initialized (streaming to /tmp/aiperf_mmap_d6d0255160d7/dataset.dat) (memory_map_utils.py:160)
20:43:54.585 INFO     Data file finalized: 500 conversations, 1.26 MB (memory_map_utils.py:288)
20:43:54.587 INFO     Index file created: /tmp/aiperf_mmap_d6d0255160d7/index.dat (memory_map_utils.py:295)
20:43:54.587 INFO     Backing store finalized: client_type=DatasetClientStoreType.MEMORY_MAP format=MemoryMapFormat.CONVERSATION data_file_path=PosixPath('/tmp/aiperf_mmap_d6d0255160d7/dataset.dat') index_file_path=PosixPath('/tmp/aiperf_mmap_d6d0255160d7/index.dat') conversation_count=500 total_size_bytes=1324108 compressed=False compressed_data_file_path=None compressed_index_file_path=None compressed_size_bytes=0 (dataset_manager.py:969)
20:43:54.595 INFO     sampling strategy: sequential, unique conversations: 500, unique turn count: 1783 (dataset_manager.py:987)
20:43:54.601 INFO     Generating inputs.json file at /output/inputs.json (dataset_manager.py:489)
20:43:54.611 INFO     Initialized 2 phase(s): ['Warmup', 'Profiling'] (phase_orchestrator.py:228)
20:43:54.615 INFO     inputs.json file generated in 0.01 seconds (dataset_manager.py:508)
20:43:54.724 INFO     Dataset client initialized and freed 500 conversations from memory (dataset_manager.py:327)
20:43:54.724 INFO     Dataset configured in 0.48 seconds (dataset_manager.py:263)
20:43:54.725 INFO     All services configured in 2.33 seconds (system_controller.py:316)
20:43:54.725 INFO     AIPerf System is CONFIGURED (system_controller.py:294)
20:43:54.726 INFO     Server Metrics: Started 1 collector(s) successfully (manager.py:281)
20:43:54.727 INFO     All services started profiling successfully (system_controller.py:338)
20:43:54.727 INFO     AIPerf System is PROFILING (system_controller.py:296)
20:43:54.731 INFO     Creating interval generator: pattern=concurrency_burst, rate=None, smoothness=None (request_rate.py:114)
20:43:54.732 NOTICE   Phase warmup (warmup) started | phase_index=0 | target: 3 requests (runner.py:559)
20:43:54.733 INFO     Credit phase start: warmup (records_manager.py:943)
20:43:57.390 NOTICE   Phase warmup (warmup) sending complete | sent=3, completed=2, in_flight=1 | sessions: sent=2, completed=1 (runner.py:997)
20:43:58.580 NOTICE   Phase warmup (warmup) complete | completed=3, cancelled=0, errors=0 | sessions: completed=1, cancelled=0 | elapsed=3.85s (runner.py:1120)
20:43:58.582 INFO     Server Metrics: Warmup complete, capturing final warmup metrics... (manager.py:304)
20:43:58.582 INFO     Creating interval generator: pattern=concurrency_burst, rate=None, smoothness=None (request_rate.py:114)
20:43:58.582 NOTICE   Phase profiling (profiling) started | phase_index=1 | profiling_index=0 | target: 50 requests, 50 sessions (runner.py:559)
20:43:58.583 INFO     Credit phase start: profiling (records_manager.py:943)
