2026-08-12 03:38:50.631 - aiperf.cli_runner._single_run - INFO - Starting AIPerf System
2026-08-12 03:38:51.085 - httpx - INFO - HTTP Request: GET https://huggingface.co/api/models/meta-models/Muse-Glimmer-30B "HTTP/1.1 200 OK"
2026-08-12 03:38:51.089 - aiperf.config.resolution.resolvers - INFO - [OK] Tokenizer meta-models/Muse-Glimmer-30B detected
2026-08-12 03:38:51.089 - aiperf.config.resolution.resolvers - INFO - 1 tokenizer validated | 0.4s
2026-08-12 03:38:51.089 - aiperf.config.resolution.resolvers - INFO - Prefetching 1 tokenizer into HF cache...
2026-08-12 03:38:51.910 - httpx - INFO - HTTP Request: HEAD https://huggingface.co/meta-models/Muse-Glimmer-30B/resolve/main/config.json "HTTP/1.1 307 Temporary Redirect"
2026-08-12 03:38:51.910 - huggingface_hub.utils._http - WARNING - Warning: You are sending unauthenticated requests to the HF Hub. Please set a HF_TOKEN to enable higher rate limits and faster downloads.
2026-08-12 03:38:51.923 - httpx - INFO - HTTP Request: HEAD https://huggingface.co/api/resolve-cache/models/meta-models/Muse-Glimmer-30B/a4e59da52a7bc87ae7251dd5545c0dd437c44b68/config.json "HTTP/1.1 200 OK"
2026-08-12 03:38:51.942 - httpx - INFO - HTTP Request: GET https://huggingface.co/api/resolve-cache/models/meta-models/Muse-Glimmer-30B/a4e59da52a7bc87ae7251dd5545c0dd437c44b68/config.json "HTTP/1.1 200 OK"
2026-08-12 03:38:52.028 - httpx - INFO - HTTP Request: HEAD https://huggingface.co/meta-models/Muse-Glimmer-30B/resolve/main/config.json "HTTP/1.1 307 Temporary Redirect"
2026-08-12 03:38:52.045 - httpx - INFO - HTTP Request: HEAD https://huggingface.co/api/resolve-cache/models/meta-models/Muse-Glimmer-30B/a4e59da52a7bc87ae7251dd5545c0dd437c44b68/config.json "HTTP/1.1 200 OK"
2026-08-12 03:38:52.134 - httpx - INFO - HTTP Request: HEAD https://huggingface.co/meta-models/Muse-Glimmer-30B/resolve/main/tokenizer_config.json "HTTP/1.1 307 Temporary Redirect"
2026-08-12 03:38:52.148 - httpx - INFO - HTTP Request: HEAD https://huggingface.co/api/resolve-cache/models/meta-models/Muse-Glimmer-30B/a4e59da52a7bc87ae7251dd5545c0dd437c44b68/tokenizer_config.json "HTTP/1.1 200 OK"
2026-08-12 03:38:52.168 - httpx - INFO - HTTP Request: GET https://huggingface.co/api/resolve-cache/models/meta-models/Muse-Glimmer-30B/a4e59da52a7bc87ae7251dd5545c0dd437c44b68/tokenizer_config.json "HTTP/1.1 200 OK"
2026-08-12 03:38:52.254 - httpx - INFO - HTTP Request: GET https://huggingface.co/api/models/meta-models/Muse-Glimmer-30B/tree/main/additional_chat_templates?recursive=false&expand=false "HTTP/1.1 404 Not Found"
2026-08-12 03:38:52.349 - httpx - INFO - HTTP Request: GET https://huggingface.co/api/models/meta-models/Muse-Glimmer-30B/tree/main?recursive=true&expand=false "HTTP/1.1 200 OK"
2026-08-12 03:38:52.433 - httpx - INFO - HTTP Request: HEAD https://huggingface.co/meta-models/Muse-Glimmer-30B/resolve/main/tokenizer.json "HTTP/1.1 302 Found"
2026-08-12 03:38:52.531 - httpx - INFO - HTTP Request: GET https://huggingface.co/api/models/meta-models/Muse-Glimmer-30B/xet-read-token/a4e59da52a7bc87ae7251dd5545c0dd437c44b68 "HTTP/1.1 200 OK"
2026-08-12 03:38:53.674 - httpx - INFO - HTTP Request: HEAD https://huggingface.co/meta-models/Muse-Glimmer-30B/resolve/main/tokenizer.model "HTTP/1.1 404 Not Found"
2026-08-12 03:38:53.762 - httpx - INFO - HTTP Request: HEAD https://huggingface.co/meta-models/Muse-Glimmer-30B/resolve/main/added_tokens.json "HTTP/1.1 404 Not Found"
2026-08-12 03:38:53.856 - httpx - INFO - HTTP Request: HEAD https://huggingface.co/meta-models/Muse-Glimmer-30B/resolve/main/special_tokens_map.json "HTTP/1.1 404 Not Found"
2026-08-12 03:38:53.948 - httpx - INFO - HTTP Request: HEAD https://huggingface.co/meta-models/Muse-Glimmer-30B/resolve/main/chat_template.jinja "HTTP/1.1 307 Temporary Redirect"
2026-08-12 03:38:53.960 - httpx - INFO - HTTP Request: HEAD https://huggingface.co/api/resolve-cache/models/meta-models/Muse-Glimmer-30B/a4e59da52a7bc87ae7251dd5545c0dd437c44b68/chat_template.jinja "HTTP/1.1 200 OK"
2026-08-12 03:38:53.975 - httpx - INFO - HTTP Request: GET https://huggingface.co/api/resolve-cache/models/meta-models/Muse-Glimmer-30B/a4e59da52a7bc87ae7251dd5545c0dd437c44b68/chat_template.jinja "HTTP/1.1 200 OK"
2026-08-12 03:38:55.604 - httpx - INFO - HTTP Request: GET https://huggingface.co/api/models/meta-models/Muse-Glimmer-30B "HTTP/1.1 200 OK"
2026-08-12 03:38:55.702 - aiperf.config.resolution.resolvers - INFO -   Cached meta-models/Muse-Glimmer-30B (4.60s)
2026-08-12 03:38:55.759 - aiperf.config.resolution.resolvers - INFO - 1 tokenizer cached • 4.7s
2026-08-12 03:38:56.104 - system_controller - INFO - Registered Gpu Telemetry Manager (id: 'gpu_telemetry_manager')
2026-08-12 03:38:56.146 - server_metrics_manager - INFO - Server Metrics: Discovered 1 endpoints: ['http://localhost:30000/metrics']
2026-08-12 03:38:56.182 - GPUTelemetryJSONLWriter_eedfafc3 - INFO - GPU telemetry export enabled: /output/gpu_telemetry_export.jsonl
2026-08-12 03:38:56.191 - OTelMetricsResultsProcessor_f42727e7 - INFO - Telemetry streaming is disabled (set --otel-url and/or --mlflow-tracking-uri to enable)
2026-08-12 03:38:56.192 - RecordExportJSONLWriter_99a7bbab - INFO - Record metrics export enabled: /output/profile_export.jsonl
2026-08-12 03:38:56.194 - system_controller - INFO - Registered Worker Manager (id: 'worker_manager')
2026-08-12 03:38:56.227 - system_controller - INFO - Registered Dataset Manager (id: 'dataset_manager')
2026-08-12 03:38:56.251 - system_controller - INFO - Registered Server Metrics Manager (id: 'server_metrics_manager')
2026-08-12 03:38:56.299 - system_controller - INFO - Registered Records Manager (id: 'records_manager')
2026-08-12 03:38:56.366 - system_controller - INFO - Registered Timing Manager (id: 'timing_manager')
2026-08-12 03:38:56.369 - system_controller - INFO - Registered Record Processor (id: 'record_processor_94ed37dc')
2026-08-12 03:38:56.541 - system_controller - INFO - Registered Worker (id: 'worker_9e46e1c7')
2026-08-12 03:38:56.541 - system_controller - INFO - Registered Worker (id: 'worker_b7f37387')
2026-08-12 03:38:56.541 - system_controller - INFO - Registered Worker (id: 'worker_60434d5b')
2026-08-12 03:38:56.541 - system_controller - INFO - Registered Worker (id: 'worker_04a19e95')
2026-08-12 03:38:56.581 - system_controller - INFO - AIPerf System is CONFIGURING
2026-08-12 03:38:56.581 - system_controller - INFO - Configuring all services to start profiling
2026-08-12 03:38:56.582 - InferenceResultParser_97a445c1 - INFO - Configuring tokenizers for inference result parser (resolve_alias: True)
2026-08-12 03:38:56.582 - timing_manager - INFO - Waiting for dataset to be configured before configuring timing
2026-08-12 03:38:56.583 - dataset_manager - INFO - Configuring tokenizer(s) for dataset manager
2026-08-12 03:38:56.588 - system_controller - INFO - Server metrics disabled - no Prometheus endpoints reachable
2026-08-12 03:38:56.588 - system_controller - INFO - Waiting for result domains: profile, telemetry
2026-08-12 03:38:56.617 - gpu_telemetry_manager - INFO - GPU Telemetry: Capturing baseline metrics from pynvml://localhost
2026-08-12 03:38:56.628 - pynvml_collector - INFO - PyNVML initialized with 1 GPU(s) (0 with GPM support)
2026-08-12 03:38:56.643 - system_controller - INFO - DCGM telemetry enabled - 1/1 endpoint(s) reachable
2026-08-12 03:38:57.118 - httpx - INFO - HTTP Request: HEAD https://huggingface.co/meta-models/Muse-Glimmer-30B/resolve/main/config.json "HTTP/1.1 307 Temporary Redirect"
2026-08-12 03:38:57.118 - huggingface_hub.utils._http - WARNING - Warning: You are sending unauthenticated requests to the HF Hub. Please set a HF_TOKEN to enable higher rate limits and faster downloads.
2026-08-12 03:38:57.126 - httpx - INFO - HTTP Request: HEAD https://huggingface.co/meta-models/Muse-Glimmer-30B/resolve/main/config.json "HTTP/1.1 307 Temporary Redirect"
2026-08-12 03:38:57.126 - huggingface_hub.utils._http - WARNING - Warning: You are sending unauthenticated requests to the HF Hub. Please set a HF_TOKEN to enable higher rate limits and faster downloads.
2026-08-12 03:38:57.132 - httpx - INFO - HTTP Request: HEAD https://huggingface.co/api/resolve-cache/models/meta-models/Muse-Glimmer-30B/a4e59da52a7bc87ae7251dd5545c0dd437c44b68/config.json "HTTP/1.1 200 OK"
2026-08-12 03:38:57.141 - httpx - INFO - HTTP Request: HEAD https://huggingface.co/api/resolve-cache/models/meta-models/Muse-Glimmer-30B/a4e59da52a7bc87ae7251dd5545c0dd437c44b68/config.json "HTTP/1.1 200 OK"
2026-08-12 03:38:57.229 - httpx - INFO - HTTP Request: HEAD https://huggingface.co/meta-models/Muse-Glimmer-30B/resolve/main/config.json "HTTP/1.1 307 Temporary Redirect"
2026-08-12 03:38:57.234 - httpx - INFO - HTTP Request: HEAD https://huggingface.co/meta-models/Muse-Glimmer-30B/resolve/main/config.json "HTTP/1.1 307 Temporary Redirect"
2026-08-12 03:38:57.244 - httpx - INFO - HTTP Request: HEAD https://huggingface.co/api/resolve-cache/models/meta-models/Muse-Glimmer-30B/a4e59da52a7bc87ae7251dd5545c0dd437c44b68/config.json "HTTP/1.1 200 OK"
2026-08-12 03:38:57.253 - httpx - INFO - HTTP Request: HEAD https://huggingface.co/api/resolve-cache/models/meta-models/Muse-Glimmer-30B/a4e59da52a7bc87ae7251dd5545c0dd437c44b68/config.json "HTTP/1.1 200 OK"
2026-08-12 03:38:57.331 - httpx - INFO - HTTP Request: HEAD https://huggingface.co/meta-models/Muse-Glimmer-30B/resolve/main/tokenizer_config.json "HTTP/1.1 307 Temporary Redirect"
2026-08-12 03:38:57.342 - httpx - INFO - HTTP Request: HEAD https://huggingface.co/api/resolve-cache/models/meta-models/Muse-Glimmer-30B/a4e59da52a7bc87ae7251dd5545c0dd437c44b68/tokenizer_config.json "HTTP/1.1 200 OK"
2026-08-12 03:38:57.363 - httpx - INFO - HTTP Request: HEAD https://huggingface.co/meta-models/Muse-Glimmer-30B/resolve/main/tokenizer_config.json "HTTP/1.1 307 Temporary Redirect"
2026-08-12 03:38:57.379 - httpx - INFO - HTTP Request: HEAD https://huggingface.co/api/resolve-cache/models/meta-models/Muse-Glimmer-30B/a4e59da52a7bc87ae7251dd5545c0dd437c44b68/tokenizer_config.json "HTTP/1.1 200 OK"
2026-08-12 03:38:57.432 - httpx - INFO - HTTP Request: GET https://huggingface.co/api/models/meta-models/Muse-Glimmer-30B/tree/main/additional_chat_templates?recursive=false&expand=false "HTTP/1.1 404 Not Found"
2026-08-12 03:38:57.468 - httpx - INFO - HTTP Request: GET https://huggingface.co/api/models/meta-models/Muse-Glimmer-30B/tree/main/additional_chat_templates?recursive=false&expand=false "HTTP/1.1 404 Not Found"
2026-08-12 03:38:57.528 - httpx - INFO - HTTP Request: GET https://huggingface.co/api/models/meta-models/Muse-Glimmer-30B/tree/main?recursive=true&expand=false "HTTP/1.1 200 OK"
2026-08-12 03:38:57.563 - httpx - INFO - HTTP Request: GET https://huggingface.co/api/models/meta-models/Muse-Glimmer-30B/tree/main?recursive=true&expand=false "HTTP/1.1 200 OK"
2026-08-12 03:38:59.294 - httpx - INFO - HTTP Request: GET https://huggingface.co/api/models/meta-models/Muse-Glimmer-30B "HTTP/1.1 200 OK"
2026-08-12 03:38:59.324 - httpx - INFO - HTTP Request: GET https://huggingface.co/api/models/meta-models/Muse-Glimmer-30B "HTTP/1.1 200 OK"
2026-08-12 03:38:59.350 - dataset_manager - INFO - Tokenizer(s) configured in 2.77 seconds
2026-08-12 03:38:59.351 - dataset_manager - INFO - Configuring dataset for dataset_manager
2026-08-12 03:38:59.382 - InferenceResultParser_97a445c1 - INFO - Initialized tokenizers: {'meta-models/Muse-Glimmer-30B': {'class': 'TokenizersBackend', 'name_or_path': 'meta-models/Muse-Glimmer-30B'}} in 2.80 seconds
2026-08-12 03:38:59.629 - CustomDatasetComposer - INFO - Using explicit dataset format: multi_turn
2026-08-12 03:38:59.695 - MemoryMapDatasetBackingStore_d1060970 - INFO - Memory-mapped backing store initialized (streaming to /tmp/aiperf_mmap_909279059329/dataset.dat)
2026-08-12 03:38:59.710 - MemoryMapDatasetBackingStore_d1060970 - INFO - Data file finalized: 500 conversations, 1.23 MB
2026-08-12 03:38:59.710 - MemoryMapDatasetBackingStore_d1060970 - INFO - Index file created: /tmp/aiperf_mmap_909279059329/index.dat
2026-08-12 03:38:59.710 - dataset_manager - INFO - Backing store finalized: client_type=DatasetClientStoreType.MEMORY_MAP format=MemoryMapFormat.CONVERSATION data_file_path=PosixPath('/tmp/aiperf_mmap_909279059329/dataset.dat') index_file_path=PosixPath('/tmp/aiperf_mmap_909279059329/index.dat') conversation_count=500 total_size_bytes=1292467 compressed=False compressed_data_file_path=None compressed_index_file_path=None compressed_size_bytes=0
2026-08-12 03:38:59.718 - dataset_manager - INFO - sampling strategy: sequential, unique conversations: 500, unique turn count: 1783
2026-08-12 03:38:59.723 - dataset_manager - INFO - Generating inputs.json file at /output/inputs.json
2026-08-12 03:38:59.734 - PhaseOrchestrator_66fcf595 - INFO - Initialized 2 phase(s): ['Warmup', 'Profiling']
2026-08-12 03:38:59.735 - dataset_manager - INFO - inputs.json file generated in 0.01 seconds
2026-08-12 03:38:59.870 - dataset_manager - INFO - Dataset client initialized and freed 500 conversations from memory
2026-08-12 03:38:59.870 - dataset_manager - INFO - Dataset configured in 0.52 seconds
2026-08-12 03:38:59.871 - system_controller - INFO - All services configured in 3.29 seconds
2026-08-12 03:38:59.871 - system_controller - INFO - AIPerf System is CONFIGURED
2026-08-12 03:38:59.873 - system_controller - INFO - All services started profiling successfully
2026-08-12 03:38:59.873 - system_controller - INFO - AIPerf System is PROFILING
2026-08-12 03:38:59.875 - RateTiming - INFO - Creating interval generator: pattern=concurrency_burst, rate=None, smoothness=None
2026-08-12 03:38:59.875 - PhaseRunner - NOTICE - Phase warmup (warmup) started | phase_index=0 | target: 3 requests
2026-08-12 03:38:59.876 - PhaseRunner - NOTICE - Phase warmup (warmup) sending complete | sent=3, completed=0, in_flight=3 | sessions: sent=3, completed=0
2026-08-12 03:38:59.877 - records_manager - INFO - Credit phase start: warmup
2026-08-12 03:39:07.911 - aiperf.metrics.types.osl_mismatch_metrics - WARNING - OSL mismatch: got 46 tokens (requested 49, diff -6.1%)
2026-08-12 03:39:20.005 - PhaseRunner - NOTICE - Phase warmup (warmup) complete | completed=3, cancelled=0, errors=0 | sessions: completed=0, cancelled=0 | elapsed=20.13s
2026-08-12 03:39:20.007 - RateTiming - INFO - Creating interval generator: pattern=concurrency_burst, rate=None, smoothness=None
2026-08-12 03:39:20.008 - PhaseRunner - NOTICE - Phase profiling (profiling) started | phase_index=1 | profiling_index=0 | target: 50 requests, 50 sessions
2026-08-12 03:39:20.009 - records_manager - INFO - Credit phase start: profiling
2026-08-12 03:42:35.315 - PhaseRunner - NOTICE - Phase profiling (profiling) sending complete | sent=50, completed=46, in_flight=4 | sessions: sent=16, completed=12
2026-08-12 03:42:35.317 - records_manager - INFO - Sent 50 requests. Waiting for all to complete...
2026-08-12 03:42:50.126 - PhaseRunner - NOTICE - Phase profiling (profiling) complete | completed=50, cancelled=0, errors=0 | sessions: completed=13, cancelled=0 | elapsed=210.12s
2026-08-12 03:42:50.126 - PhaseOrchestrator_66fcf595 - NOTICE - All credits completed
2026-08-12 03:42:50.127 - system_controller - INFO - Received credits complete from 'timing_manager'
2026-08-12 03:42:50.127 - records_manager - INFO - Received CREDIT_PHASE_COMPLETE message, Phase complete: PhaseRecordsStats(phase=CreditPhase.PROFILING, phase_index=1, profiling_index=0, phase_name='profiling', phase_kind='profiling', start_ns=1786505960008113735, sent_end_ns=1786506155315622585, requests_end_ns=1786506170125807334, baseline_start_ns=1786505960008093031, baseline_end_ns=1786506170125823590, total_expected_requests=50, expected_duration_sec=None, expected_num_sessions=None, expected_grace_period_sec=None, final_requests_sent=None, final_requests_completed=50, final_requests_cancelled=0, final_request_errors=0, final_sent_sessions=None, final_completed_sessions=None, final_cancelled_sessions=None, timeout_triggered=False, grace_period_timeout_triggered=False, was_cancelled=False, records_end_ns=None, success_records=49, error_records=0)
2026-08-12 03:42:50.128 - records_manager - NOTICE - All requests have completed, please wait for the results to be processed (currently 49 of 50 records processed)...
2026-08-12 03:42:50.128 - records_manager - INFO - All credits complete, please wait for the results to be processed...
2026-08-12 03:42:50.132 - records_manager - INFO - Processed 50 valid requests and 0 errors (50 total).
2026-08-12 03:42:50.132 - records_manager - INFO - Received all records, processing now...
2026-08-12 03:42:50.134 - gpu_telemetry_manager - INFO - GPU Telemetry: Profiling complete, capturing final metrics...
2026-08-12 03:42:50.135 - records_manager - INFO - Waiting 2.0s for server metrics flush period...
2026-08-12 03:42:52.126 - records_manager - INFO - Processing records results...
2026-08-12 03:42:52.176 - records_manager - INFO - _finalize_and_process_results completed
2026-08-12 03:42:52.176 - system_controller - INFO - Waiting for result domains: telemetry
2026-08-12 03:42:52.176 - system_controller - INFO - All results received, initiating shutdown
2026-08-12 03:42:52.779 - ExporterManager - INFO - Exporting all records
2026-08-12 03:42:52.823 - ExporterManager - INFO - Exporting console data
