2026-08-11 22:16:42.407 - aiperf.cli_runner._single_run - INFO - Starting AIPerf System
2026-08-11 22:16:42.857 - httpx - INFO - HTTP Request: GET https://huggingface.co/api/models/nvidia/NVIDIA-Nemotron-3.5-Lightning-30B-A3B-NVFP4 "HTTP/1.1 200 OK"
2026-08-11 22:16:42.912 - aiperf.config.resolution.resolvers - INFO - [OK] Tokenizer nvidia/NVIDIA-Nemotron-3.5-Lightning-30B-A3B-NVFP4 detected
2026-08-11 22:16:42.913 - aiperf.config.resolution.resolvers - INFO - 1 tokenizer validated | 0.5s
2026-08-11 22:16:42.913 - aiperf.config.resolution.resolvers - INFO - Prefetching 1 tokenizer into HF cache...
2026-08-11 22:16:43.978 - httpx - INFO - HTTP Request: HEAD https://huggingface.co/nvidia/NVIDIA-Nemotron-3.5-Lightning-30B-A3B-NVFP4/resolve/main/config.json "HTTP/1.1 307 Temporary Redirect"
2026-08-11 22:16:43.995 - httpx - INFO - HTTP Request: HEAD https://huggingface.co/api/resolve-cache/models/nvidia/NVIDIA-Nemotron-3.5-Lightning-30B-A3B-NVFP4/f9b0c83dc2e390069425f5b4d40006fd343d596c/config.json "HTTP/1.1 200 OK"
2026-08-11 22:16:44.015 - httpx - INFO - HTTP Request: GET https://huggingface.co/api/resolve-cache/models/nvidia/NVIDIA-Nemotron-3.5-Lightning-30B-A3B-NVFP4/f9b0c83dc2e390069425f5b4d40006fd343d596c/config.json "HTTP/1.1 200 OK"
2026-08-11 22:16:44.166 - httpx - INFO - HTTP Request: HEAD https://huggingface.co/nvidia/NVIDIA-Nemotron-3.5-Lightning-30B-A3B-NVFP4/resolve/main/tokenizer_config.json "HTTP/1.1 307 Temporary Redirect"
2026-08-11 22:16:44.179 - httpx - INFO - HTTP Request: HEAD https://huggingface.co/api/resolve-cache/models/nvidia/NVIDIA-Nemotron-3.5-Lightning-30B-A3B-NVFP4/f9b0c83dc2e390069425f5b4d40006fd343d596c/tokenizer_config.json "HTTP/1.1 200 OK"
2026-08-11 22:16:44.193 - httpx - INFO - HTTP Request: GET https://huggingface.co/api/resolve-cache/models/nvidia/NVIDIA-Nemotron-3.5-Lightning-30B-A3B-NVFP4/f9b0c83dc2e390069425f5b4d40006fd343d596c/tokenizer_config.json "HTTP/1.1 200 OK"
2026-08-11 22:16:44.282 - httpx - INFO - HTTP Request: GET https://huggingface.co/api/models/nvidia/NVIDIA-Nemotron-3.5-Lightning-30B-A3B-NVFP4/tree/main/additional_chat_templates?recursive=false&expand=false "HTTP/1.1 404 Not Found"
2026-08-11 22:16:44.372 - httpx - INFO - HTTP Request: GET https://huggingface.co/api/models/nvidia/NVIDIA-Nemotron-3.5-Lightning-30B-A3B-NVFP4/tree/main?recursive=true&expand=false "HTTP/1.1 200 OK"
2026-08-11 22:16:44.465 - httpx - INFO - HTTP Request: HEAD https://huggingface.co/nvidia/NVIDIA-Nemotron-3.5-Lightning-30B-A3B-NVFP4/resolve/main/tokenizer.json "HTTP/1.1 302 Found"
2026-08-11 22:16:44.465 - huggingface_hub.utils._http - WARNING - Warning: You are sending unauthenticated requests to the HF Hub. Please set a HF_TOKEN to enable higher rate limits and faster downloads.
2026-08-11 22:16:44.559 - httpx - INFO - HTTP Request: GET https://huggingface.co/api/models/nvidia/NVIDIA-Nemotron-3.5-Lightning-30B-A3B-NVFP4/xet-read-token/f9b0c83dc2e390069425f5b4d40006fd343d596c "HTTP/1.1 200 OK"
2026-08-11 22:16:45.474 - httpx - INFO - HTTP Request: HEAD https://huggingface.co/nvidia/NVIDIA-Nemotron-3.5-Lightning-30B-A3B-NVFP4/resolve/main/tokenizer.model "HTTP/1.1 404 Not Found"
2026-08-11 22:16:45.662 - httpx - INFO - HTTP Request: HEAD https://huggingface.co/nvidia/NVIDIA-Nemotron-3.5-Lightning-30B-A3B-NVFP4/resolve/main/added_tokens.json "HTTP/1.1 404 Not Found"
2026-08-11 22:16:45.748 - httpx - INFO - HTTP Request: HEAD https://huggingface.co/nvidia/NVIDIA-Nemotron-3.5-Lightning-30B-A3B-NVFP4/resolve/main/special_tokens_map.json "HTTP/1.1 307 Temporary Redirect"
2026-08-11 22:16:45.764 - httpx - INFO - HTTP Request: HEAD https://huggingface.co/api/resolve-cache/models/nvidia/NVIDIA-Nemotron-3.5-Lightning-30B-A3B-NVFP4/f9b0c83dc2e390069425f5b4d40006fd343d596c/special_tokens_map.json "HTTP/1.1 200 OK"
2026-08-11 22:16:45.775 - httpx - INFO - HTTP Request: GET https://huggingface.co/api/resolve-cache/models/nvidia/NVIDIA-Nemotron-3.5-Lightning-30B-A3B-NVFP4/f9b0c83dc2e390069425f5b4d40006fd343d596c/special_tokens_map.json "HTTP/1.1 200 OK"
2026-08-11 22:16:45.861 - httpx - INFO - HTTP Request: HEAD https://huggingface.co/nvidia/NVIDIA-Nemotron-3.5-Lightning-30B-A3B-NVFP4/resolve/main/chat_template.jinja "HTTP/1.1 307 Temporary Redirect"
2026-08-11 22:16:45.872 - httpx - INFO - HTTP Request: HEAD https://huggingface.co/api/resolve-cache/models/nvidia/NVIDIA-Nemotron-3.5-Lightning-30B-A3B-NVFP4/f9b0c83dc2e390069425f5b4d40006fd343d596c/chat_template.jinja "HTTP/1.1 200 OK"
2026-08-11 22:16:45.885 - httpx - INFO - HTTP Request: GET https://huggingface.co/api/resolve-cache/models/nvidia/NVIDIA-Nemotron-3.5-Lightning-30B-A3B-NVFP4/f9b0c83dc2e390069425f5b4d40006fd343d596c/chat_template.jinja "HTTP/1.1 200 OK"
2026-08-11 22:16:46.789 - httpx - INFO - HTTP Request: GET https://huggingface.co/api/models/nvidia/NVIDIA-Nemotron-3.5-Lightning-30B-A3B-NVFP4 "HTTP/1.1 200 OK"
2026-08-11 22:16:46.852 - aiperf.config.resolution.resolvers - INFO -   Cached nvidia/NVIDIA-Nemotron-3.5-Lightning-30B-A3B-NVFP4 (3.92s)
2026-08-11 22:16:46.905 - aiperf.config.resolution.resolvers - INFO - 1 tokenizer cached • 4.0s
2026-08-11 22:16:47.305 - system_controller - INFO - Registered Worker Manager (id: 'worker_manager')
2026-08-11 22:16:47.333 - system_controller - INFO - Registered Gpu Telemetry Manager (id: 'gpu_telemetry_manager')
2026-08-11 22:16:47.360 - server_metrics_manager - INFO - Server Metrics: Discovered 1 endpoints: ['http://localhost:8000/metrics']
2026-08-11 22:16:47.389 - GPUTelemetryJSONLWriter_8c81076a - INFO - GPU telemetry export enabled: /output/gpu_telemetry_export.jsonl
2026-08-11 22:16:47.399 - OTelMetricsResultsProcessor_9b0f8c97 - INFO - Telemetry streaming is disabled (set --otel-url and/or --mlflow-tracking-uri to enable)
2026-08-11 22:16:47.403 - RecordExportJSONLWriter_aec04dc2 - INFO - Record metrics export enabled: /output/profile_export.jsonl
2026-08-11 22:16:47.411 - system_controller - INFO - Registered Dataset Manager (id: 'dataset_manager')
2026-08-11 22:16:47.466 - system_controller - INFO - Registered Server Metrics Manager (id: 'server_metrics_manager')
2026-08-11 22:16:47.493 - system_controller - INFO - Registered Record Processor (id: 'record_processor_fefab383')
2026-08-11 22:16:47.510 - system_controller - INFO - Registered Records Manager (id: 'records_manager')
2026-08-11 22:16:47.557 - system_controller - INFO - Registered Timing Manager (id: 'timing_manager')
2026-08-11 22:16:47.640 - system_controller - INFO - Registered Worker (id: 'worker_decc9a49')
2026-08-11 22:16:47.655 - system_controller - INFO - Registered Worker (id: 'worker_0d4933c5')
2026-08-11 22:16:47.658 - system_controller - INFO - Registered Worker (id: 'worker_7e165377')
2026-08-11 22:16:47.659 - system_controller - INFO - Registered Worker (id: 'worker_f655b816')
2026-08-11 22:16:47.783 - system_controller - INFO - AIPerf System is CONFIGURING
2026-08-11 22:16:47.783 - system_controller - INFO - Configuring all services to start profiling
2026-08-11 22:16:47.784 - timing_manager - INFO - Waiting for dataset to be configured before configuring timing
2026-08-11 22:16:47.784 - InferenceResultParser_104121cf - INFO - Configuring tokenizers for inference result parser (resolve_alias: True)
2026-08-11 22:16:47.786 - dataset_manager - INFO - Configuring tokenizer(s) for dataset manager
2026-08-11 22:16:47.794 - server_metrics_manager - INFO - Server Metrics: Capturing baseline metrics...
2026-08-11 22:16:47.813 - http://localhost:8000/metrics - INFO - Skipping unsupported summary metric: http_request_size_bytes
2026-08-11 22:16:47.813 - http://localhost:8000/metrics - INFO - Skipping unsupported summary metric: http_response_size_bytes
2026-08-11 22:16:47.814 - system_controller - INFO - Server metrics enabled - 1/1 endpoint(s) reachable.
2026-08-11 22:16:47.815 - system_controller - INFO - Waiting for result domains: profile, server_metrics, telemetry
2026-08-11 22:16:47.820 - gpu_telemetry_manager - INFO - GPU Telemetry: Capturing baseline metrics from pynvml://localhost
2026-08-11 22:16:47.830 - pynvml_collector - INFO - PyNVML initialized with 1 GPU(s) (0 with GPM support)
2026-08-11 22:16:47.846 - system_controller - INFO - DCGM telemetry enabled - 1/1 endpoint(s) reachable
2026-08-11 22:16:48.344 - httpx - INFO - HTTP Request: HEAD https://huggingface.co/nvidia/NVIDIA-Nemotron-3.5-Lightning-30B-A3B-NVFP4/resolve/main/config.json "HTTP/1.1 307 Temporary Redirect"
2026-08-11 22:16:48.345 - httpx - INFO - HTTP Request: HEAD https://huggingface.co/nvidia/NVIDIA-Nemotron-3.5-Lightning-30B-A3B-NVFP4/resolve/main/config.json "HTTP/1.1 307 Temporary Redirect"
2026-08-11 22:16:48.358 - httpx - INFO - HTTP Request: HEAD https://huggingface.co/api/resolve-cache/models/nvidia/NVIDIA-Nemotron-3.5-Lightning-30B-A3B-NVFP4/f9b0c83dc2e390069425f5b4d40006fd343d596c/config.json "HTTP/1.1 200 OK"
2026-08-11 22:16:48.359 - httpx - INFO - HTTP Request: HEAD https://huggingface.co/api/resolve-cache/models/nvidia/NVIDIA-Nemotron-3.5-Lightning-30B-A3B-NVFP4/f9b0c83dc2e390069425f5b4d40006fd343d596c/config.json "HTTP/1.1 200 OK"
2026-08-11 22:16:48.495 - httpx - INFO - HTTP Request: HEAD https://huggingface.co/nvidia/NVIDIA-Nemotron-3.5-Lightning-30B-A3B-NVFP4/resolve/main/tokenizer_config.json "HTTP/1.1 307 Temporary Redirect"
2026-08-11 22:16:48.495 - httpx - INFO - HTTP Request: HEAD https://huggingface.co/nvidia/NVIDIA-Nemotron-3.5-Lightning-30B-A3B-NVFP4/resolve/main/tokenizer_config.json "HTTP/1.1 307 Temporary Redirect"
2026-08-11 22:16:48.495 - huggingface_hub.utils._http - WARNING - Warning: You are sending unauthenticated requests to the HF Hub. Please set a HF_TOKEN to enable higher rate limits and faster downloads.
2026-08-11 22:16:48.508 - httpx - INFO - HTTP Request: HEAD https://huggingface.co/api/resolve-cache/models/nvidia/NVIDIA-Nemotron-3.5-Lightning-30B-A3B-NVFP4/f9b0c83dc2e390069425f5b4d40006fd343d596c/tokenizer_config.json "HTTP/1.1 200 OK"
2026-08-11 22:16:48.508 - httpx - INFO - HTTP Request: HEAD https://huggingface.co/api/resolve-cache/models/nvidia/NVIDIA-Nemotron-3.5-Lightning-30B-A3B-NVFP4/f9b0c83dc2e390069425f5b4d40006fd343d596c/tokenizer_config.json "HTTP/1.1 200 OK"
2026-08-11 22:16:48.599 - httpx - INFO - HTTP Request: GET https://huggingface.co/api/models/nvidia/NVIDIA-Nemotron-3.5-Lightning-30B-A3B-NVFP4/tree/main/additional_chat_templates?recursive=false&expand=false "HTTP/1.1 404 Not Found"
2026-08-11 22:16:48.603 - httpx - INFO - HTTP Request: GET https://huggingface.co/api/models/nvidia/NVIDIA-Nemotron-3.5-Lightning-30B-A3B-NVFP4/tree/main/additional_chat_templates?recursive=false&expand=false "HTTP/1.1 404 Not Found"
2026-08-11 22:16:48.693 - httpx - INFO - HTTP Request: GET https://huggingface.co/api/models/nvidia/NVIDIA-Nemotron-3.5-Lightning-30B-A3B-NVFP4/tree/main?recursive=true&expand=false "HTTP/1.1 200 OK"
2026-08-11 22:16:48.694 - httpx - INFO - HTTP Request: GET https://huggingface.co/api/models/nvidia/NVIDIA-Nemotron-3.5-Lightning-30B-A3B-NVFP4/tree/main?recursive=true&expand=false "HTTP/1.1 200 OK"
2026-08-11 22:16:49.626 - httpx - INFO - HTTP Request: GET https://huggingface.co/api/models/nvidia/NVIDIA-Nemotron-3.5-Lightning-30B-A3B-NVFP4 "HTTP/1.1 200 OK"
2026-08-11 22:16:49.635 - httpx - INFO - HTTP Request: GET https://huggingface.co/api/models/nvidia/NVIDIA-Nemotron-3.5-Lightning-30B-A3B-NVFP4 "HTTP/1.1 200 OK"
2026-08-11 22:16:49.653 - InferenceResultParser_104121cf - INFO - Initialized tokenizers: {'nvidia/NVIDIA-Nemotron-3.5-Lightning-30B-A3B-NVFP4': {'class': 'TokenizersBackend', 'name_or_path': 'nvidia/NVIDIA-Nemotron-3.5-Lightning-30B-A3B-NVFP4'}} in 1.87 seconds
2026-08-11 22:16:49.658 - dataset_manager - INFO - Tokenizer(s) configured in 1.87 seconds
2026-08-11 22:16:49.659 - dataset_manager - INFO - Configuring dataset for dataset_manager
2026-08-11 22:16:49.944 - CustomDatasetComposer - INFO - Using explicit dataset format: multi_turn
2026-08-11 22:16:50.011 - MemoryMapDatasetBackingStore_e2dc5b0f - INFO - Memory-mapped backing store initialized (streaming to /tmp/aiperf_mmap_6c6903566ad2/dataset.dat)
2026-08-11 22:16:50.031 - MemoryMapDatasetBackingStore_e2dc5b0f - INFO - Data file finalized: 500 conversations, 1.26 MB
2026-08-11 22:16:50.031 - MemoryMapDatasetBackingStore_e2dc5b0f - INFO - Index file created: /tmp/aiperf_mmap_6c6903566ad2/index.dat
2026-08-11 22:16:50.031 - dataset_manager - INFO - Backing store finalized: client_type=DatasetClientStoreType.MEMORY_MAP format=MemoryMapFormat.CONVERSATION data_file_path=PosixPath('/tmp/aiperf_mmap_6c6903566ad2/dataset.dat') index_file_path=PosixPath('/tmp/aiperf_mmap_6c6903566ad2/index.dat') conversation_count=500 total_size_bytes=1324427 compressed=False compressed_data_file_path=None compressed_index_file_path=None compressed_size_bytes=0
2026-08-11 22:16:50.041 - dataset_manager - INFO - sampling strategy: sequential, unique conversations: 500, unique turn count: 1783
2026-08-11 22:16:50.046 - dataset_manager - INFO - Generating inputs.json file at /output/inputs.json
2026-08-11 22:16:50.057 - PhaseOrchestrator_491633c7 - INFO - Initialized 2 phase(s): ['Warmup', 'Profiling']
2026-08-11 22:16:50.061 - dataset_manager - INFO - inputs.json file generated in 0.02 seconds
2026-08-11 22:16:50.217 - dataset_manager - INFO - Dataset client initialized and freed 500 conversations from memory
2026-08-11 22:16:50.217 - dataset_manager - INFO - Dataset configured in 0.56 seconds
2026-08-11 22:16:50.219 - system_controller - INFO - All services configured in 2.44 seconds
2026-08-11 22:16:50.219 - system_controller - INFO - AIPerf System is CONFIGURED
2026-08-11 22:16:50.220 - server_metrics_manager - INFO - Server Metrics: Started 1 collector(s) successfully
2026-08-11 22:16:50.220 - system_controller - INFO - All services started profiling successfully
2026-08-11 22:16:50.220 - system_controller - INFO - AIPerf System is PROFILING
2026-08-11 22:16:50.227 - RateTiming - INFO - Creating interval generator: pattern=concurrency_burst, rate=None, smoothness=None
2026-08-11 22:16:50.228 - PhaseRunner - NOTICE - Phase warmup (warmup) started | phase_index=0 | target: 3 requests
2026-08-11 22:16:50.229 - records_manager - INFO - Credit phase start: warmup
2026-08-11 22:16:50.229 - PhaseRunner - NOTICE - Phase warmup (warmup) sending complete | sent=3, completed=0, in_flight=3 | sessions: sent=3, completed=0
2026-08-11 22:17:03.240 - PhaseRunner - NOTICE - Phase warmup (warmup) complete | completed=3, cancelled=0, errors=0 | sessions: completed=0, cancelled=0 | elapsed=13.01s
2026-08-11 22:17:03.240 - RateTiming - INFO - Creating interval generator: pattern=concurrency_burst, rate=None, smoothness=None
2026-08-11 22:17:03.240 - PhaseRunner - NOTICE - Phase profiling (profiling) started | phase_index=1 | profiling_index=0 | target: 50 requests, 50 sessions
2026-08-11 22:17:03.241 - records_manager - INFO - Credit phase start: profiling
2026-08-11 22:17:03.249 - server_metrics_manager - INFO - Server Metrics: Warmup complete, capturing final warmup metrics...
2026-08-11 22:18:01.178 - aiperf.metrics.types.osl_mismatch_metrics - WARNING - OSL mismatch: got 449 tokens (requested 617, diff -27.2%)
2026-08-11 22:19:27.045 - PhaseRunner - NOTICE - Phase profiling (profiling) sending complete | sent=50, completed=46, in_flight=4 | sessions: sent=18, completed=14
2026-08-11 22:19:27.046 - records_manager - INFO - Sent 50 requests. Waiting for all to complete...
2026-08-11 22:19:35.205 - PhaseRunner - NOTICE - Phase profiling (profiling) complete | completed=50, cancelled=0, errors=0 | sessions: completed=14, cancelled=0 | elapsed=151.96s
2026-08-11 22:19:35.206 - PhaseOrchestrator_491633c7 - NOTICE - All credits completed
2026-08-11 22:19:35.207 - system_controller - INFO - Received credits complete from 'timing_manager'
2026-08-11 22:19:35.207 - records_manager - INFO - Received CREDIT_PHASE_COMPLETE message, Phase complete: PhaseRecordsStats(phase=CreditPhase.PROFILING, phase_index=1, profiling_index=0, phase_name='profiling', phase_kind='profiling', start_ns=1786486623240867664, sent_end_ns=1786486767045217115, requests_end_ns=1786486775205442737, baseline_start_ns=1786486623240861248, baseline_end_ns=1786486775205462337, total_expected_requests=50, expected_duration_sec=None, expected_num_sessions=None, expected_grace_period_sec=None, final_requests_sent=None, final_requests_completed=50, final_requests_cancelled=0, final_request_errors=0, final_sent_sessions=None, final_completed_sessions=None, final_cancelled_sessions=None, timeout_triggered=False, grace_period_timeout_triggered=False, was_cancelled=False, records_end_ns=None, success_records=49, error_records=0)
2026-08-11 22:19:35.207 - records_manager - NOTICE - All requests have completed, please wait for the results to be processed (currently 49 of 50 records processed)...
2026-08-11 22:19:35.207 - records_manager - INFO - All credits complete, please wait for the results to be processed...
2026-08-11 22:19:35.212 - records_manager - INFO - Processed 50 valid requests and 0 errors (50 total).
2026-08-11 22:19:35.212 - records_manager - INFO - Received all records, processing now...
2026-08-11 22:19:35.213 - gpu_telemetry_manager - INFO - GPU Telemetry: Profiling complete, capturing final metrics...
2026-08-11 22:19:35.213 - records_manager - INFO - Waiting 2.0s for server metrics flush period...
2026-08-11 22:19:35.222 - server_metrics_manager - INFO - Server Metrics: Profiling complete, capturing final metrics...
2026-08-11 22:19:37.205 - records_manager - INFO - Processing records results...
2026-08-11 22:19:37.570 - system_controller - INFO - Waiting for result domains: server_metrics, telemetry
2026-08-11 22:19:37.570 - system_controller - INFO - Waiting for result domains: server_metrics
2026-08-11 22:19:37.710 - records_manager - INFO - _finalize_and_process_results completed
2026-08-11 22:19:37.712 - system_controller - INFO - All results received, initiating shutdown
2026-08-11 22:19:38.316 - ExporterManager - INFO - Exporting all records
2026-08-11 22:19:38.370 - ExporterManager - INFO - Exporting console data
