2026-08-11 22:04:24.852 - aiperf.cli_runner._single_run - INFO - Starting AIPerf System
2026-08-11 22:04:25.311 - httpx - INFO - HTTP Request: GET https://huggingface.co/api/models/nvidia/NVIDIA-Nemotron-3.5-Lightning-30B-A3B-NVFP4 "HTTP/1.1 200 OK"
2026-08-11 22:04:25.326 - aiperf.config.resolution.resolvers - INFO - [OK] Tokenizer nvidia/NVIDIA-Nemotron-3.5-Lightning-30B-A3B-NVFP4 detected
2026-08-11 22:04:25.326 - aiperf.config.resolution.resolvers - INFO - 1 tokenizer validated | 0.5s
2026-08-11 22:04:25.326 - aiperf.config.resolution.resolvers - INFO - Prefetching 1 tokenizer into HF cache...
2026-08-11 22:04:26.167 - httpx - INFO - HTTP Request: HEAD https://huggingface.co/nvidia/NVIDIA-Nemotron-3.5-Lightning-30B-A3B-NVFP4/resolve/main/config.json "HTTP/1.1 307 Temporary Redirect"
2026-08-11 22:04:26.167 - huggingface_hub.utils._http - WARNING - Warning: You are sending unauthenticated requests to the HF Hub. Please set a HF_TOKEN to enable higher rate limits and faster downloads.
2026-08-11 22:04:26.178 - httpx - INFO - HTTP Request: HEAD https://huggingface.co/api/resolve-cache/models/nvidia/NVIDIA-Nemotron-3.5-Lightning-30B-A3B-NVFP4/f9b0c83dc2e390069425f5b4d40006fd343d596c/config.json "HTTP/1.1 200 OK"
2026-08-11 22:04:26.192 - httpx - INFO - HTTP Request: GET https://huggingface.co/api/resolve-cache/models/nvidia/NVIDIA-Nemotron-3.5-Lightning-30B-A3B-NVFP4/f9b0c83dc2e390069425f5b4d40006fd343d596c/config.json "HTTP/1.1 200 OK"
2026-08-11 22:04:26.409 - httpx - INFO - HTTP Request: HEAD https://huggingface.co/nvidia/NVIDIA-Nemotron-3.5-Lightning-30B-A3B-NVFP4/resolve/main/tokenizer_config.json "HTTP/1.1 307 Temporary Redirect"
2026-08-11 22:04:26.420 - httpx - INFO - HTTP Request: HEAD https://huggingface.co/api/resolve-cache/models/nvidia/NVIDIA-Nemotron-3.5-Lightning-30B-A3B-NVFP4/f9b0c83dc2e390069425f5b4d40006fd343d596c/tokenizer_config.json "HTTP/1.1 200 OK"
2026-08-11 22:04:26.433 - httpx - INFO - HTTP Request: GET https://huggingface.co/api/resolve-cache/models/nvidia/NVIDIA-Nemotron-3.5-Lightning-30B-A3B-NVFP4/f9b0c83dc2e390069425f5b4d40006fd343d596c/tokenizer_config.json "HTTP/1.1 200 OK"
2026-08-11 22:04:26.520 - httpx - INFO - HTTP Request: GET https://huggingface.co/api/models/nvidia/NVIDIA-Nemotron-3.5-Lightning-30B-A3B-NVFP4/tree/main/additional_chat_templates?recursive=false&expand=false "HTTP/1.1 404 Not Found"
2026-08-11 22:04:26.612 - httpx - INFO - HTTP Request: GET https://huggingface.co/api/models/nvidia/NVIDIA-Nemotron-3.5-Lightning-30B-A3B-NVFP4/tree/main?recursive=true&expand=false "HTTP/1.1 200 OK"
2026-08-11 22:04:26.704 - httpx - INFO - HTTP Request: HEAD https://huggingface.co/nvidia/NVIDIA-Nemotron-3.5-Lightning-30B-A3B-NVFP4/resolve/main/tokenizer.json "HTTP/1.1 302 Found"
2026-08-11 22:04:26.794 - httpx - INFO - HTTP Request: GET https://huggingface.co/api/models/nvidia/NVIDIA-Nemotron-3.5-Lightning-30B-A3B-NVFP4/xet-read-token/f9b0c83dc2e390069425f5b4d40006fd343d596c "HTTP/1.1 200 OK"
2026-08-11 22:04:27.619 - httpx - INFO - HTTP Request: HEAD https://huggingface.co/nvidia/NVIDIA-Nemotron-3.5-Lightning-30B-A3B-NVFP4/resolve/main/tokenizer.model "HTTP/1.1 404 Not Found"
2026-08-11 22:04:27.707 - httpx - INFO - HTTP Request: HEAD https://huggingface.co/nvidia/NVIDIA-Nemotron-3.5-Lightning-30B-A3B-NVFP4/resolve/main/added_tokens.json "HTTP/1.1 404 Not Found"
2026-08-11 22:04:27.793 - httpx - INFO - HTTP Request: HEAD https://huggingface.co/nvidia/NVIDIA-Nemotron-3.5-Lightning-30B-A3B-NVFP4/resolve/main/special_tokens_map.json "HTTP/1.1 307 Temporary Redirect"
2026-08-11 22:04:27.806 - httpx - INFO - HTTP Request: HEAD https://huggingface.co/api/resolve-cache/models/nvidia/NVIDIA-Nemotron-3.5-Lightning-30B-A3B-NVFP4/f9b0c83dc2e390069425f5b4d40006fd343d596c/special_tokens_map.json "HTTP/1.1 200 OK"
2026-08-11 22:04:27.817 - httpx - INFO - HTTP Request: GET https://huggingface.co/api/resolve-cache/models/nvidia/NVIDIA-Nemotron-3.5-Lightning-30B-A3B-NVFP4/f9b0c83dc2e390069425f5b4d40006fd343d596c/special_tokens_map.json "HTTP/1.1 200 OK"
2026-08-11 22:04:27.903 - httpx - INFO - HTTP Request: HEAD https://huggingface.co/nvidia/NVIDIA-Nemotron-3.5-Lightning-30B-A3B-NVFP4/resolve/main/chat_template.jinja "HTTP/1.1 307 Temporary Redirect"
2026-08-11 22:04:27.915 - httpx - INFO - HTTP Request: HEAD https://huggingface.co/api/resolve-cache/models/nvidia/NVIDIA-Nemotron-3.5-Lightning-30B-A3B-NVFP4/f9b0c83dc2e390069425f5b4d40006fd343d596c/chat_template.jinja "HTTP/1.1 200 OK"
2026-08-11 22:04:27.926 - httpx - INFO - HTTP Request: GET https://huggingface.co/api/resolve-cache/models/nvidia/NVIDIA-Nemotron-3.5-Lightning-30B-A3B-NVFP4/f9b0c83dc2e390069425f5b4d40006fd343d596c/chat_template.jinja "HTTP/1.1 200 OK"
2026-08-11 22:04:28.824 - httpx - INFO - HTTP Request: GET https://huggingface.co/api/models/nvidia/NVIDIA-Nemotron-3.5-Lightning-30B-A3B-NVFP4 "HTTP/1.1 200 OK"
2026-08-11 22:04:28.863 - aiperf.config.resolution.resolvers - INFO -   Cached nvidia/NVIDIA-Nemotron-3.5-Lightning-30B-A3B-NVFP4 (3.52s)
2026-08-11 22:04:28.921 - aiperf.config.resolution.resolvers - INFO - 1 tokenizer cached • 3.6s
2026-08-11 22:04:29.328 - server_metrics_manager - INFO - Server Metrics: Discovered 1 endpoints: ['http://localhost:8000/metrics']
2026-08-11 22:04:29.365 - GPUTelemetryJSONLWriter_b15e3e11 - INFO - GPU telemetry export enabled: /output/gpu_telemetry_export.jsonl
2026-08-11 22:04:29.374 - OTelMetricsResultsProcessor_35697787 - INFO - Telemetry streaming is disabled (set --otel-url and/or --mlflow-tracking-uri to enable)
2026-08-11 22:04:29.377 - RecordExportJSONLWriter_a08745a3 - INFO - Record metrics export enabled: /output/profile_export.jsonl
2026-08-11 22:04:29.395 - system_controller - INFO - Registered Gpu Telemetry Manager (id: 'gpu_telemetry_manager')
2026-08-11 22:04:29.396 - system_controller - INFO - Registered Worker Manager (id: 'worker_manager')
2026-08-11 22:04:29.424 - system_controller - INFO - Registered Dataset Manager (id: 'dataset_manager')
2026-08-11 22:04:29.431 - system_controller - INFO - Registered Server Metrics Manager (id: 'server_metrics_manager')
2026-08-11 22:04:29.484 - system_controller - INFO - Registered Records Manager (id: 'records_manager')
2026-08-11 22:04:29.558 - system_controller - INFO - Registered Record Processor (id: 'record_processor_ec1f0272')
2026-08-11 22:04:29.587 - system_controller - INFO - Registered Timing Manager (id: 'timing_manager')
2026-08-11 22:04:29.680 - system_controller - INFO - Registered Worker (id: 'worker_457bc4d5')
2026-08-11 22:04:29.701 - system_controller - INFO - Registered Worker (id: 'worker_8d840a23')
2026-08-11 22:04:29.779 - system_controller - INFO - AIPerf System is CONFIGURING
2026-08-11 22:04:29.779 - system_controller - INFO - Configuring all services to start profiling
2026-08-11 22:04:29.781 - timing_manager - INFO - Waiting for dataset to be configured before configuring timing
2026-08-11 22:04:29.781 - InferenceResultParser_789145ad - INFO - Configuring tokenizers for inference result parser (resolve_alias: True)
2026-08-11 22:04:29.782 - dataset_manager - INFO - Configuring tokenizer(s) for dataset manager
2026-08-11 22:04:29.790 - server_metrics_manager - INFO - Server Metrics: Capturing baseline metrics...
2026-08-11 22:04:29.809 - gpu_telemetry_manager - INFO - GPU Telemetry: Capturing baseline metrics from pynvml://localhost
2026-08-11 22:04:29.809 - http://localhost:8000/metrics - INFO - Skipping unsupported summary metric: http_request_size_bytes
2026-08-11 22:04:29.810 - http://localhost:8000/metrics - INFO - Skipping unsupported summary metric: http_response_size_bytes
2026-08-11 22:04:29.811 - system_controller - INFO - Server metrics enabled - 1/1 endpoint(s) reachable.
2026-08-11 22:04:29.811 - system_controller - INFO - Waiting for result domains: profile, server_metrics, telemetry
2026-08-11 22:04:29.819 - pynvml_collector - INFO - PyNVML initialized with 1 GPU(s) (0 with GPM support)
2026-08-11 22:04:29.834 - system_controller - INFO - DCGM telemetry enabled - 1/1 endpoint(s) reachable
2026-08-11 22:04:30.344 - httpx - INFO - HTTP Request: HEAD https://huggingface.co/nvidia/NVIDIA-Nemotron-3.5-Lightning-30B-A3B-NVFP4/resolve/main/config.json "HTTP/1.1 307 Temporary Redirect"
2026-08-11 22:04:30.345 - huggingface_hub.utils._http - WARNING - Warning: You are sending unauthenticated requests to the HF Hub. Please set a HF_TOKEN to enable higher rate limits and faster downloads.
2026-08-11 22:04:30.351 - httpx - INFO - HTTP Request: HEAD https://huggingface.co/nvidia/NVIDIA-Nemotron-3.5-Lightning-30B-A3B-NVFP4/resolve/main/config.json "HTTP/1.1 307 Temporary Redirect"
2026-08-11 22:04:30.352 - huggingface_hub.utils._http - WARNING - Warning: You are sending unauthenticated requests to the HF Hub. Please set a HF_TOKEN to enable higher rate limits and faster downloads.
2026-08-11 22:04:30.357 - httpx - INFO - HTTP Request: HEAD https://huggingface.co/api/resolve-cache/models/nvidia/NVIDIA-Nemotron-3.5-Lightning-30B-A3B-NVFP4/f9b0c83dc2e390069425f5b4d40006fd343d596c/config.json "HTTP/1.1 200 OK"
2026-08-11 22:04:30.363 - httpx - INFO - HTTP Request: HEAD https://huggingface.co/api/resolve-cache/models/nvidia/NVIDIA-Nemotron-3.5-Lightning-30B-A3B-NVFP4/f9b0c83dc2e390069425f5b4d40006fd343d596c/config.json "HTTP/1.1 200 OK"
2026-08-11 22:04:30.493 - httpx - INFO - HTTP Request: HEAD https://huggingface.co/nvidia/NVIDIA-Nemotron-3.5-Lightning-30B-A3B-NVFP4/resolve/main/tokenizer_config.json "HTTP/1.1 307 Temporary Redirect"
2026-08-11 22:04:30.505 - httpx - INFO - HTTP Request: HEAD https://huggingface.co/api/resolve-cache/models/nvidia/NVIDIA-Nemotron-3.5-Lightning-30B-A3B-NVFP4/f9b0c83dc2e390069425f5b4d40006fd343d596c/tokenizer_config.json "HTTP/1.1 200 OK"
2026-08-11 22:04:30.511 - httpx - INFO - HTTP Request: HEAD https://huggingface.co/nvidia/NVIDIA-Nemotron-3.5-Lightning-30B-A3B-NVFP4/resolve/main/tokenizer_config.json "HTTP/1.1 307 Temporary Redirect"
2026-08-11 22:04:30.523 - httpx - INFO - HTTP Request: HEAD https://huggingface.co/api/resolve-cache/models/nvidia/NVIDIA-Nemotron-3.5-Lightning-30B-A3B-NVFP4/f9b0c83dc2e390069425f5b4d40006fd343d596c/tokenizer_config.json "HTTP/1.1 200 OK"
2026-08-11 22:04:30.596 - httpx - INFO - HTTP Request: GET https://huggingface.co/api/models/nvidia/NVIDIA-Nemotron-3.5-Lightning-30B-A3B-NVFP4/tree/main/additional_chat_templates?recursive=false&expand=false "HTTP/1.1 404 Not Found"
2026-08-11 22:04:30.610 - httpx - INFO - HTTP Request: GET https://huggingface.co/api/models/nvidia/NVIDIA-Nemotron-3.5-Lightning-30B-A3B-NVFP4/tree/main/additional_chat_templates?recursive=false&expand=false "HTTP/1.1 404 Not Found"
2026-08-11 22:04:30.686 - httpx - INFO - HTTP Request: GET https://huggingface.co/api/models/nvidia/NVIDIA-Nemotron-3.5-Lightning-30B-A3B-NVFP4/tree/main?recursive=true&expand=false "HTTP/1.1 200 OK"
2026-08-11 22:04:30.700 - httpx - INFO - HTTP Request: GET https://huggingface.co/api/models/nvidia/NVIDIA-Nemotron-3.5-Lightning-30B-A3B-NVFP4/tree/main?recursive=true&expand=false "HTTP/1.1 200 OK"
2026-08-11 22:04:31.618 - httpx - INFO - HTTP Request: GET https://huggingface.co/api/models/nvidia/NVIDIA-Nemotron-3.5-Lightning-30B-A3B-NVFP4 "HTTP/1.1 200 OK"
2026-08-11 22:04:31.635 - httpx - INFO - HTTP Request: GET https://huggingface.co/api/models/nvidia/NVIDIA-Nemotron-3.5-Lightning-30B-A3B-NVFP4 "HTTP/1.1 200 OK"
2026-08-11 22:04:31.639 - InferenceResultParser_789145ad - INFO - Initialized tokenizers: {'nvidia/NVIDIA-Nemotron-3.5-Lightning-30B-A3B-NVFP4': {'class': 'TokenizersBackend', 'name_or_path': 'nvidia/NVIDIA-Nemotron-3.5-Lightning-30B-A3B-NVFP4'}} in 1.86 seconds
2026-08-11 22:04:31.655 - dataset_manager - INFO - Tokenizer(s) configured in 1.87 seconds
2026-08-11 22:04:31.655 - dataset_manager - INFO - Configuring dataset for dataset_manager
2026-08-11 22:04:31.960 - CustomDatasetComposer - INFO - Using explicit dataset format: multi_turn
2026-08-11 22:04:32.022 - MemoryMapDatasetBackingStore_eb2349f2 - INFO - Memory-mapped backing store initialized (streaming to /tmp/aiperf_mmap_f9373b4e4289/dataset.dat)
2026-08-11 22:04:32.037 - MemoryMapDatasetBackingStore_eb2349f2 - INFO - Data file finalized: 500 conversations, 1.27 MB
2026-08-11 22:04:32.038 - MemoryMapDatasetBackingStore_eb2349f2 - INFO - Index file created: /tmp/aiperf_mmap_f9373b4e4289/index.dat
2026-08-11 22:04:32.038 - dataset_manager - INFO - Backing store finalized: client_type=DatasetClientStoreType.MEMORY_MAP format=MemoryMapFormat.CONVERSATION data_file_path=PosixPath('/tmp/aiperf_mmap_f9373b4e4289/dataset.dat') index_file_path=PosixPath('/tmp/aiperf_mmap_f9373b4e4289/index.dat') conversation_count=500 total_size_bytes=1331693 compressed=False compressed_data_file_path=None compressed_index_file_path=None compressed_size_bytes=0
2026-08-11 22:04:32.047 - dataset_manager - INFO - sampling strategy: sequential, unique conversations: 500, unique turn count: 1783
2026-08-11 22:04:32.052 - dataset_manager - INFO - Generating inputs.json file at /output/inputs.json
2026-08-11 22:04:32.058 - PhaseOrchestrator_16275092 - INFO - Initialized 2 phase(s): ['Warmup', 'Profiling']
2026-08-11 22:04:32.066 - dataset_manager - INFO - inputs.json file generated in 0.01 seconds
2026-08-11 22:04:32.186 - dataset_manager - INFO - Dataset client initialized and freed 500 conversations from memory
2026-08-11 22:04:32.187 - dataset_manager - INFO - Dataset configured in 0.53 seconds
2026-08-11 22:04:32.188 - system_controller - INFO - All services configured in 2.41 seconds
2026-08-11 22:04:32.188 - system_controller - INFO - AIPerf System is CONFIGURED
2026-08-11 22:04:32.189 - server_metrics_manager - INFO - Server Metrics: Started 1 collector(s) successfully
2026-08-11 22:04:32.191 - system_controller - INFO - All services started profiling successfully
2026-08-11 22:04:32.191 - system_controller - INFO - AIPerf System is PROFILING
2026-08-11 22:04:32.192 - RateTiming - INFO - Creating interval generator: pattern=concurrency_burst, rate=None, smoothness=None
2026-08-11 22:04:32.192 - PhaseRunner - NOTICE - Phase warmup (warmup) started | phase_index=0 | target: 3 requests
2026-08-11 22:04:32.193 - records_manager - INFO - Credit phase start: warmup
2026-08-11 22:04:33.052 - PhaseRunner - NOTICE - Phase warmup (warmup) sending complete | sent=3, completed=1, in_flight=2 | sessions: sent=2, completed=0
2026-08-11 22:04:34.967 - PhaseRunner - NOTICE - Phase warmup (warmup) complete | completed=3, cancelled=0, errors=0 | sessions: completed=0, cancelled=0 | elapsed=2.77s
2026-08-11 22:04:34.969 - server_metrics_manager - INFO - Server Metrics: Warmup complete, capturing final warmup metrics...
2026-08-11 22:04:34.969 - RateTiming - INFO - Creating interval generator: pattern=concurrency_burst, rate=None, smoothness=None
2026-08-11 22:04:34.969 - PhaseRunner - NOTICE - Phase profiling (profiling) started | phase_index=1 | profiling_index=0 | target: 50 requests, 50 sessions
2026-08-11 22:04:34.970 - records_manager - INFO - Credit phase start: profiling
2026-08-11 22:05:23.887 - PhaseRunner - NOTICE - Phase profiling (profiling) sending complete | sent=50, completed=48, in_flight=2 | sessions: sent=15, completed=13
2026-08-11 22:05:23.889 - records_manager - INFO - Sent 50 requests. Waiting for all to complete...
2026-08-11 22:05:25.716 - PhaseRunner - NOTICE - Phase profiling (profiling) complete | completed=50, cancelled=0, errors=0 | sessions: completed=13, cancelled=0 | elapsed=50.75s
2026-08-11 22:05:25.716 - PhaseOrchestrator_16275092 - NOTICE - All credits completed
2026-08-11 22:05:25.717 - system_controller - INFO - Received credits complete from 'timing_manager'
2026-08-11 22:05:25.718 - records_manager - INFO - Received CREDIT_PHASE_COMPLETE message, Phase complete: PhaseRecordsStats(phase=CreditPhase.PROFILING, phase_index=1, profiling_index=0, phase_name='profiling', phase_kind='profiling', start_ns=1786485874969406570, sent_end_ns=1786485923887516158, requests_end_ns=1786485925716237828, baseline_start_ns=1786485874969392425, baseline_end_ns=1786485925716252181, total_expected_requests=50, expected_duration_sec=None, expected_num_sessions=None, expected_grace_period_sec=None, final_requests_sent=None, final_requests_completed=50, final_requests_cancelled=0, final_request_errors=0, final_sent_sessions=None, final_completed_sessions=None, final_cancelled_sessions=None, timeout_triggered=False, grace_period_timeout_triggered=False, was_cancelled=False, records_end_ns=None, success_records=49, error_records=0)
2026-08-11 22:05:25.718 - records_manager - NOTICE - All requests have completed, please wait for the results to be processed (currently 49 of 50 records processed)...
2026-08-11 22:05:25.718 - records_manager - INFO - All credits complete, please wait for the results to be processed...
2026-08-11 22:05:25.721 - records_manager - INFO - Processed 50 valid requests and 0 errors (50 total).
2026-08-11 22:05:25.721 - records_manager - INFO - Received all records, processing now...
2026-08-11 22:05:25.722 - gpu_telemetry_manager - INFO - GPU Telemetry: Profiling complete, capturing final metrics...
2026-08-11 22:05:25.723 - records_manager - INFO - Waiting 2.0s for server metrics flush period...
2026-08-11 22:05:25.735 - server_metrics_manager - INFO - Server Metrics: Profiling complete, capturing final metrics...
2026-08-11 22:05:27.716 - records_manager - INFO - Processing records results...
2026-08-11 22:05:27.902 - system_controller - INFO - Waiting for result domains: server_metrics, telemetry
2026-08-11 22:05:27.902 - system_controller - INFO - Waiting for result domains: server_metrics
2026-08-11 22:05:27.948 - records_manager - INFO - _finalize_and_process_results completed
2026-08-11 22:05:27.951 - system_controller - INFO - All results received, initiating shutdown
2026-08-11 22:05:28.557 - ExporterManager - INFO - Exporting all records
2026-08-11 22:05:28.633 - ExporterManager - INFO - Exporting console data
