2026-08-16 10:01:37.286 - aiperf.cli_runner._single_run - INFO - Starting AIPerf System
2026-08-16 10:01:37.755 - httpx - INFO - HTTP Request: GET https://huggingface.co/api/models/nvidia/NVIDIA-Nemotron-3.5-Lightning-30B-A3B-NVFP4 "HTTP/1.1 200 OK"
2026-08-16 10:01:37.770 - aiperf.config.resolution.resolvers - INFO - [OK] Tokenizer nvidia/NVIDIA-Nemotron-3.5-Lightning-30B-A3B-NVFP4 detected
2026-08-16 10:01:37.770 - aiperf.config.resolution.resolvers - INFO - 1 tokenizer validated | 0.5s
2026-08-16 10:01:37.770 - aiperf.config.resolution.resolvers - INFO - Prefetching 1 tokenizer into HF cache...
2026-08-16 10:01:38.793 - httpx - INFO - HTTP Request: HEAD https://huggingface.co/nvidia/NVIDIA-Nemotron-3.5-Lightning-30B-A3B-NVFP4/resolve/main/config.json "HTTP/1.1 307 Temporary Redirect"
2026-08-16 10:01:38.794 - huggingface_hub.utils._http - WARNING - Warning: You are sending unauthenticated requests to the HF Hub. Please set a HF_TOKEN to enable higher rate limits and faster downloads.
2026-08-16 10:01:38.805 - httpx - INFO - HTTP Request: HEAD https://huggingface.co/api/resolve-cache/models/nvidia/NVIDIA-Nemotron-3.5-Lightning-30B-A3B-NVFP4/6dbbd757ea75a8ece6e0702872e3ae53f9987728/config.json "HTTP/1.1 200 OK"
2026-08-16 10:01:38.817 - httpx - INFO - HTTP Request: GET https://huggingface.co/api/resolve-cache/models/nvidia/NVIDIA-Nemotron-3.5-Lightning-30B-A3B-NVFP4/6dbbd757ea75a8ece6e0702872e3ae53f9987728/config.json "HTTP/1.1 200 OK"
2026-08-16 10:01:38.960 - httpx - INFO - HTTP Request: HEAD https://huggingface.co/nvidia/NVIDIA-Nemotron-3.5-Lightning-30B-A3B-NVFP4/resolve/main/tokenizer_config.json "HTTP/1.1 307 Temporary Redirect"
2026-08-16 10:01:38.975 - httpx - INFO - HTTP Request: HEAD https://huggingface.co/api/resolve-cache/models/nvidia/NVIDIA-Nemotron-3.5-Lightning-30B-A3B-NVFP4/6dbbd757ea75a8ece6e0702872e3ae53f9987728/tokenizer_config.json "HTTP/1.1 200 OK"
2026-08-16 10:01:38.985 - httpx - INFO - HTTP Request: GET https://huggingface.co/api/resolve-cache/models/nvidia/NVIDIA-Nemotron-3.5-Lightning-30B-A3B-NVFP4/6dbbd757ea75a8ece6e0702872e3ae53f9987728/tokenizer_config.json "HTTP/1.1 200 OK"
2026-08-16 10:01:39.069 - httpx - INFO - HTTP Request: GET https://huggingface.co/api/models/nvidia/NVIDIA-Nemotron-3.5-Lightning-30B-A3B-NVFP4/tree/main/additional_chat_templates?recursive=false&expand=false "HTTP/1.1 404 Not Found"
2026-08-16 10:01:39.155 - httpx - INFO - HTTP Request: GET https://huggingface.co/api/models/nvidia/NVIDIA-Nemotron-3.5-Lightning-30B-A3B-NVFP4/tree/main?recursive=true&expand=false "HTTP/1.1 200 OK"
2026-08-16 10:01:39.255 - httpx - INFO - HTTP Request: HEAD https://huggingface.co/nvidia/NVIDIA-Nemotron-3.5-Lightning-30B-A3B-NVFP4/resolve/main/tokenizer.json "HTTP/1.1 302 Found"
2026-08-16 10:01:39.351 - httpx - INFO - HTTP Request: GET https://huggingface.co/api/models/nvidia/NVIDIA-Nemotron-3.5-Lightning-30B-A3B-NVFP4/xet-read-token/6dbbd757ea75a8ece6e0702872e3ae53f9987728 "HTTP/1.1 200 OK"
2026-08-16 10:01:40.404 - httpx - INFO - HTTP Request: HEAD https://huggingface.co/nvidia/NVIDIA-Nemotron-3.5-Lightning-30B-A3B-NVFP4/resolve/main/tokenizer.model "HTTP/1.1 404 Not Found"
2026-08-16 10:01:40.485 - httpx - INFO - HTTP Request: HEAD https://huggingface.co/nvidia/NVIDIA-Nemotron-3.5-Lightning-30B-A3B-NVFP4/resolve/main/added_tokens.json "HTTP/1.1 404 Not Found"
2026-08-16 10:01:40.564 - httpx - INFO - HTTP Request: HEAD https://huggingface.co/nvidia/NVIDIA-Nemotron-3.5-Lightning-30B-A3B-NVFP4/resolve/main/special_tokens_map.json "HTTP/1.1 307 Temporary Redirect"
2026-08-16 10:01:40.580 - httpx - INFO - HTTP Request: HEAD https://huggingface.co/api/resolve-cache/models/nvidia/NVIDIA-Nemotron-3.5-Lightning-30B-A3B-NVFP4/6dbbd757ea75a8ece6e0702872e3ae53f9987728/special_tokens_map.json "HTTP/1.1 200 OK"
2026-08-16 10:01:40.590 - httpx - INFO - HTTP Request: GET https://huggingface.co/api/resolve-cache/models/nvidia/NVIDIA-Nemotron-3.5-Lightning-30B-A3B-NVFP4/6dbbd757ea75a8ece6e0702872e3ae53f9987728/special_tokens_map.json "HTTP/1.1 200 OK"
2026-08-16 10:01:40.674 - httpx - INFO - HTTP Request: HEAD https://huggingface.co/nvidia/NVIDIA-Nemotron-3.5-Lightning-30B-A3B-NVFP4/resolve/main/chat_template.jinja "HTTP/1.1 307 Temporary Redirect"
2026-08-16 10:01:40.690 - httpx - INFO - HTTP Request: HEAD https://huggingface.co/api/resolve-cache/models/nvidia/NVIDIA-Nemotron-3.5-Lightning-30B-A3B-NVFP4/6dbbd757ea75a8ece6e0702872e3ae53f9987728/chat_template.jinja "HTTP/1.1 200 OK"
2026-08-16 10:01:40.704 - httpx - INFO - HTTP Request: GET https://huggingface.co/api/resolve-cache/models/nvidia/NVIDIA-Nemotron-3.5-Lightning-30B-A3B-NVFP4/6dbbd757ea75a8ece6e0702872e3ae53f9987728/chat_template.jinja "HTTP/1.1 200 OK"
2026-08-16 10:01:41.582 - httpx - INFO - HTTP Request: GET https://huggingface.co/api/models/nvidia/NVIDIA-Nemotron-3.5-Lightning-30B-A3B-NVFP4 "HTTP/1.1 200 OK"
2026-08-16 10:01:41.624 - aiperf.config.resolution.resolvers - INFO -   Cached nvidia/NVIDIA-Nemotron-3.5-Lightning-30B-A3B-NVFP4 (3.84s)
2026-08-16 10:01:41.670 - aiperf.config.resolution.resolvers - INFO - 1 tokenizer cached • 3.9s
2026-08-16 10:01:42.037 - system_controller - INFO - Registered Worker Manager (id: 'worker_manager')
2026-08-16 10:01:42.099 - server_metrics_manager - INFO - Server Metrics: Discovered 1 endpoints: ['http://localhost:8000/metrics']
2026-08-16 10:01:42.129 - GPUTelemetryJSONLWriter_86f2e0ca - INFO - GPU telemetry export enabled: /output/gpu_telemetry_export.jsonl
2026-08-16 10:01:42.137 - system_controller - INFO - Registered Gpu Telemetry Manager (id: 'gpu_telemetry_manager')
2026-08-16 10:01:42.142 - system_controller - INFO - Registered Dataset Manager (id: 'dataset_manager')
2026-08-16 10:01:42.144 - OTelMetricsResultsProcessor_0dbe4af9 - INFO - Telemetry streaming is disabled (set --otel-url and/or --mlflow-tracking-uri to enable)
2026-08-16 10:01:42.151 - RecordExportJSONLWriter_588e160f - INFO - Record metrics export enabled: /output/profile_export.jsonl
2026-08-16 10:01:42.197 - system_controller - INFO - Registered Record Processor (id: 'record_processor_c087368f')
2026-08-16 10:01:42.205 - system_controller - INFO - Registered Server Metrics Manager (id: 'server_metrics_manager')
2026-08-16 10:01:42.263 - system_controller - INFO - Registered Records Manager (id: 'records_manager')
2026-08-16 10:01:42.300 - system_controller - INFO - Registered Record Processor (id: 'record_processor_e5c8831c')
2026-08-16 10:01:42.300 - system_controller - INFO - Registered Record Processor (id: 'record_processor_3548b6b0')
2026-08-16 10:01:42.456 - system_controller - INFO - Registered Worker (id: 'worker_b2c1005c')
2026-08-16 10:01:42.480 - system_controller - INFO - Registered Worker (id: 'worker_0791d395')
2026-08-16 10:01:42.481 - system_controller - INFO - Registered Worker (id: 'worker_e47d5cd3')
2026-08-16 10:01:42.500 - system_controller - INFO - Registered Timing Manager (id: 'timing_manager')
2026-08-16 10:01:42.500 - system_controller - INFO - Registered Worker (id: 'worker_f82f0ec8')
2026-08-16 10:01:42.506 - system_controller - INFO - Registered Worker (id: 'worker_19fe50c2')
2026-08-16 10:01:42.514 - system_controller - INFO - Registered Worker (id: 'worker_e47fcb6a')
2026-08-16 10:01:42.514 - system_controller - INFO - Registered Worker (id: 'worker_0636d4c6')
2026-08-16 10:01:42.517 - system_controller - INFO - AIPerf System is CONFIGURING
2026-08-16 10:01:42.518 - system_controller - INFO - Configuring all services to start profiling
2026-08-16 10:01:42.519 - InferenceResultParser_e8de12db - INFO - Configuring tokenizers for inference result parser (resolve_alias: True)
2026-08-16 10:01:42.519 - timing_manager - INFO - Waiting for dataset to be configured before configuring timing
2026-08-16 10:01:42.519 - InferenceResultParser_2b69afc5 - INFO - Configuring tokenizers for inference result parser (resolve_alias: True)
2026-08-16 10:01:42.519 - InferenceResultParser_bcf52c18 - INFO - Configuring tokenizers for inference result parser (resolve_alias: True)
2026-08-16 10:01:42.520 - dataset_manager - INFO - Configuring tokenizer(s) for dataset manager
2026-08-16 10:01:42.534 - server_metrics_manager - INFO - Server Metrics: Capturing baseline metrics...
2026-08-16 10:01:42.536 - system_controller - INFO - Registered Worker (id: 'worker_9821af1b')
2026-08-16 10:01:42.536 - system_controller - INFO - Registered Worker (id: 'worker_380cd0ec')
2026-08-16 10:01:42.550 - http://localhost:8000/metrics - INFO - Skipping unsupported summary metric: http_request_size_bytes
2026-08-16 10:01:42.551 - http://localhost:8000/metrics - INFO - Skipping unsupported summary metric: http_response_size_bytes
2026-08-16 10:01:42.552 - system_controller - INFO - Server metrics enabled - 1/1 endpoint(s) reachable.
2026-08-16 10:01:42.552 - system_controller - INFO - Waiting for result domains: profile, server_metrics, telemetry
2026-08-16 10:01:42.559 - gpu_telemetry_manager - INFO - GPU Telemetry: Capturing baseline metrics from pynvml://localhost
2026-08-16 10:01:42.562 - system_controller - INFO - Registered Worker (id: 'worker_32beeab5')
2026-08-16 10:01:42.568 - pynvml_collector - INFO - PyNVML initialized with 1 GPU(s) (0 with GPM support)
2026-08-16 10:01:42.570 - system_controller - INFO - Registered Worker (id: 'worker_998dc15e')
2026-08-16 10:01:42.579 - system_controller - INFO - Registered Worker (id: 'worker_f96f5ca7')
2026-08-16 10:01:42.584 - system_controller - INFO - DCGM telemetry enabled - 1/1 endpoint(s) reachable
2026-08-16 10:01:42.588 - system_controller - INFO - Registered Worker (id: 'worker_0493d885')
2026-08-16 10:01:42.589 - system_controller - INFO - Registered Worker (id: 'worker_1c063719')
2026-08-16 10:01:43.059 - httpx - INFO - HTTP Request: HEAD https://huggingface.co/nvidia/NVIDIA-Nemotron-3.5-Lightning-30B-A3B-NVFP4/resolve/main/config.json "HTTP/1.1 307 Temporary Redirect"
2026-08-16 10:01:43.059 - httpx - INFO - HTTP Request: HEAD https://huggingface.co/nvidia/NVIDIA-Nemotron-3.5-Lightning-30B-A3B-NVFP4/resolve/main/config.json "HTTP/1.1 307 Temporary Redirect"
2026-08-16 10:01:43.059 - huggingface_hub.utils._http - WARNING - Warning: You are sending unauthenticated requests to the HF Hub. Please set a HF_TOKEN to enable higher rate limits and faster downloads.
2026-08-16 10:01:43.060 - httpx - INFO - HTTP Request: HEAD https://huggingface.co/nvidia/NVIDIA-Nemotron-3.5-Lightning-30B-A3B-NVFP4/resolve/main/config.json "HTTP/1.1 307 Temporary Redirect"
2026-08-16 10:01:43.060 - huggingface_hub.utils._http - WARNING - Warning: You are sending unauthenticated requests to the HF Hub. Please set a HF_TOKEN to enable higher rate limits and faster downloads.
2026-08-16 10:01:43.064 - httpx - INFO - HTTP Request: HEAD https://huggingface.co/nvidia/NVIDIA-Nemotron-3.5-Lightning-30B-A3B-NVFP4/resolve/main/config.json "HTTP/1.1 307 Temporary Redirect"
2026-08-16 10:01:43.064 - huggingface_hub.utils._http - WARNING - Warning: You are sending unauthenticated requests to the HF Hub. Please set a HF_TOKEN to enable higher rate limits and faster downloads.
2026-08-16 10:01:43.070 - httpx - INFO - HTTP Request: HEAD https://huggingface.co/api/resolve-cache/models/nvidia/NVIDIA-Nemotron-3.5-Lightning-30B-A3B-NVFP4/6dbbd757ea75a8ece6e0702872e3ae53f9987728/config.json "HTTP/1.1 200 OK"
2026-08-16 10:01:43.070 - httpx - INFO - HTTP Request: HEAD https://huggingface.co/api/resolve-cache/models/nvidia/NVIDIA-Nemotron-3.5-Lightning-30B-A3B-NVFP4/6dbbd757ea75a8ece6e0702872e3ae53f9987728/config.json "HTTP/1.1 200 OK"
2026-08-16 10:01:43.070 - httpx - INFO - HTTP Request: HEAD https://huggingface.co/api/resolve-cache/models/nvidia/NVIDIA-Nemotron-3.5-Lightning-30B-A3B-NVFP4/6dbbd757ea75a8ece6e0702872e3ae53f9987728/config.json "HTTP/1.1 200 OK"
2026-08-16 10:01:43.074 - httpx - INFO - HTTP Request: HEAD https://huggingface.co/api/resolve-cache/models/nvidia/NVIDIA-Nemotron-3.5-Lightning-30B-A3B-NVFP4/6dbbd757ea75a8ece6e0702872e3ae53f9987728/config.json "HTTP/1.1 200 OK"
2026-08-16 10:01:43.200 - httpx - INFO - HTTP Request: HEAD https://huggingface.co/nvidia/NVIDIA-Nemotron-3.5-Lightning-30B-A3B-NVFP4/resolve/main/tokenizer_config.json "HTTP/1.1 307 Temporary Redirect"
2026-08-16 10:01:43.200 - httpx - INFO - HTTP Request: HEAD https://huggingface.co/nvidia/NVIDIA-Nemotron-3.5-Lightning-30B-A3B-NVFP4/resolve/main/tokenizer_config.json "HTTP/1.1 307 Temporary Redirect"
2026-08-16 10:01:43.203 - httpx - INFO - HTTP Request: HEAD https://huggingface.co/nvidia/NVIDIA-Nemotron-3.5-Lightning-30B-A3B-NVFP4/resolve/main/tokenizer_config.json "HTTP/1.1 307 Temporary Redirect"
2026-08-16 10:01:43.206 - httpx - INFO - HTTP Request: HEAD https://huggingface.co/nvidia/NVIDIA-Nemotron-3.5-Lightning-30B-A3B-NVFP4/resolve/main/tokenizer_config.json "HTTP/1.1 307 Temporary Redirect"
2026-08-16 10:01:43.212 - httpx - INFO - HTTP Request: HEAD https://huggingface.co/api/resolve-cache/models/nvidia/NVIDIA-Nemotron-3.5-Lightning-30B-A3B-NVFP4/6dbbd757ea75a8ece6e0702872e3ae53f9987728/tokenizer_config.json "HTTP/1.1 200 OK"
2026-08-16 10:01:43.212 - httpx - INFO - HTTP Request: HEAD https://huggingface.co/api/resolve-cache/models/nvidia/NVIDIA-Nemotron-3.5-Lightning-30B-A3B-NVFP4/6dbbd757ea75a8ece6e0702872e3ae53f9987728/tokenizer_config.json "HTTP/1.1 200 OK"
2026-08-16 10:01:43.213 - httpx - INFO - HTTP Request: HEAD https://huggingface.co/api/resolve-cache/models/nvidia/NVIDIA-Nemotron-3.5-Lightning-30B-A3B-NVFP4/6dbbd757ea75a8ece6e0702872e3ae53f9987728/tokenizer_config.json "HTTP/1.1 200 OK"
2026-08-16 10:01:43.217 - httpx - INFO - HTTP Request: HEAD https://huggingface.co/api/resolve-cache/models/nvidia/NVIDIA-Nemotron-3.5-Lightning-30B-A3B-NVFP4/6dbbd757ea75a8ece6e0702872e3ae53f9987728/tokenizer_config.json "HTTP/1.1 200 OK"
2026-08-16 10:01:43.295 - httpx - INFO - HTTP Request: GET https://huggingface.co/api/models/nvidia/NVIDIA-Nemotron-3.5-Lightning-30B-A3B-NVFP4/tree/main/additional_chat_templates?recursive=false&expand=false "HTTP/1.1 404 Not Found"
2026-08-16 10:01:43.298 - httpx - INFO - HTTP Request: GET https://huggingface.co/api/models/nvidia/NVIDIA-Nemotron-3.5-Lightning-30B-A3B-NVFP4/tree/main/additional_chat_templates?recursive=false&expand=false "HTTP/1.1 404 Not Found"
2026-08-16 10:01:43.298 - httpx - INFO - HTTP Request: GET https://huggingface.co/api/models/nvidia/NVIDIA-Nemotron-3.5-Lightning-30B-A3B-NVFP4/tree/main/additional_chat_templates?recursive=false&expand=false "HTTP/1.1 404 Not Found"
2026-08-16 10:01:43.304 - httpx - INFO - HTTP Request: GET https://huggingface.co/api/models/nvidia/NVIDIA-Nemotron-3.5-Lightning-30B-A3B-NVFP4/tree/main/additional_chat_templates?recursive=false&expand=false "HTTP/1.1 404 Not Found"
2026-08-16 10:01:43.382 - httpx - INFO - HTTP Request: GET https://huggingface.co/api/models/nvidia/NVIDIA-Nemotron-3.5-Lightning-30B-A3B-NVFP4/tree/main?recursive=true&expand=false "HTTP/1.1 200 OK"
2026-08-16 10:01:43.384 - httpx - INFO - HTTP Request: GET https://huggingface.co/api/models/nvidia/NVIDIA-Nemotron-3.5-Lightning-30B-A3B-NVFP4/tree/main?recursive=true&expand=false "HTTP/1.1 200 OK"
2026-08-16 10:01:43.384 - httpx - INFO - HTTP Request: GET https://huggingface.co/api/models/nvidia/NVIDIA-Nemotron-3.5-Lightning-30B-A3B-NVFP4/tree/main?recursive=true&expand=false "HTTP/1.1 200 OK"
2026-08-16 10:01:43.386 - httpx - INFO - HTTP Request: GET https://huggingface.co/api/models/nvidia/NVIDIA-Nemotron-3.5-Lightning-30B-A3B-NVFP4/tree/main?recursive=true&expand=false "HTTP/1.1 200 OK"
2026-08-16 10:01:44.390 - httpx - INFO - HTTP Request: GET https://huggingface.co/api/models/nvidia/NVIDIA-Nemotron-3.5-Lightning-30B-A3B-NVFP4 "HTTP/1.1 200 OK"
2026-08-16 10:01:44.390 - httpx - INFO - HTTP Request: GET https://huggingface.co/api/models/nvidia/NVIDIA-Nemotron-3.5-Lightning-30B-A3B-NVFP4 "HTTP/1.1 200 OK"
2026-08-16 10:01:44.413 - httpx - INFO - HTTP Request: GET https://huggingface.co/api/models/nvidia/NVIDIA-Nemotron-3.5-Lightning-30B-A3B-NVFP4 "HTTP/1.1 200 OK"
2026-08-16 10:01:44.421 - InferenceResultParser_bcf52c18 - INFO - Initialized tokenizers: {'nvidia/NVIDIA-Nemotron-3.5-Lightning-30B-A3B-NVFP4': {'class': 'TokenizersBackend', 'name_or_path': 'nvidia/NVIDIA-Nemotron-3.5-Lightning-30B-A3B-NVFP4'}} in 1.90 seconds
2026-08-16 10:01:44.422 - InferenceResultParser_e8de12db - INFO - Initialized tokenizers: {'nvidia/NVIDIA-Nemotron-3.5-Lightning-30B-A3B-NVFP4': {'class': 'TokenizersBackend', 'name_or_path': 'nvidia/NVIDIA-Nemotron-3.5-Lightning-30B-A3B-NVFP4'}} in 1.90 seconds
2026-08-16 10:01:44.433 - httpx - INFO - HTTP Request: GET https://huggingface.co/api/models/nvidia/NVIDIA-Nemotron-3.5-Lightning-30B-A3B-NVFP4 "HTTP/1.1 200 OK"
2026-08-16 10:01:44.474 - dataset_manager - INFO - Tokenizer(s) configured in 1.95 seconds
2026-08-16 10:01:44.475 - dataset_manager - INFO - Configuring dataset for dataset_manager
2026-08-16 10:01:44.482 - InferenceResultParser_2b69afc5 - INFO - Initialized tokenizers: {'nvidia/NVIDIA-Nemotron-3.5-Lightning-30B-A3B-NVFP4': {'class': 'TokenizersBackend', 'name_or_path': 'nvidia/NVIDIA-Nemotron-3.5-Lightning-30B-A3B-NVFP4'}} in 1.96 seconds
2026-08-16 10:01:44.865 - CustomDatasetComposer - INFO - Using explicit dataset format: multi_turn
2026-08-16 10:01:44.921 - MemoryMapDatasetBackingStore_79525c6a - INFO - Memory-mapped backing store initialized (streaming to /tmp/aiperf_mmap_df5c1cfd6829/dataset.dat)
2026-08-16 10:01:44.938 - MemoryMapDatasetBackingStore_79525c6a - INFO - Data file finalized: 500 conversations, 1.26 MB
2026-08-16 10:01:44.939 - MemoryMapDatasetBackingStore_79525c6a - INFO - Index file created: /tmp/aiperf_mmap_df5c1cfd6829/index.dat
2026-08-16 10:01:44.940 - dataset_manager - INFO - Backing store finalized: client_type=DatasetClientStoreType.MEMORY_MAP format=MemoryMapFormat.CONVERSATION data_file_path=PosixPath('/tmp/aiperf_mmap_df5c1cfd6829/dataset.dat') index_file_path=PosixPath('/tmp/aiperf_mmap_df5c1cfd6829/index.dat') conversation_count=500 total_size_bytes=1323870 compressed=False compressed_data_file_path=None compressed_index_file_path=None compressed_size_bytes=0
2026-08-16 10:01:44.950 - dataset_manager - INFO - sampling strategy: sequential, unique conversations: 500, unique turn count: 1783
2026-08-16 10:01:44.968 - dataset_manager - INFO - Generating inputs.json file at /output/inputs.json
2026-08-16 10:01:44.992 - dataset_manager - INFO - inputs.json file generated in 0.02 seconds
2026-08-16 10:01:45.003 - system_controller - WARNING - Received command response for service we were not expecting: worker_998dc15e. Ignoring.
2026-08-16 10:01:45.007 - system_controller - WARNING - Received command response for service we were not expecting: worker_9821af1b. Ignoring.
2026-08-16 10:01:45.009 - system_controller - WARNING - Received command response for service we were not expecting: worker_1c063719. Ignoring.
2026-08-16 10:01:45.010 - system_controller - WARNING - Received command response for service we were not expecting: worker_32beeab5. Ignoring.
2026-08-16 10:01:45.015 - system_controller - WARNING - Received command response for service we were not expecting: worker_0493d885. Ignoring.
2026-08-16 10:01:45.015 - system_controller - WARNING - Received command response for service we were not expecting: worker_380cd0ec. Ignoring.
2026-08-16 10:01:45.023 - system_controller - WARNING - Received command response for service we were not expecting: worker_f96f5ca7. Ignoring.
2026-08-16 10:01:45.061 - PhaseOrchestrator_d82a0577 - INFO - Initialized 2 phase(s): ['Warmup', 'Profiling']
2026-08-16 10:01:45.259 - dataset_manager - INFO - Dataset client initialized and freed 500 conversations from memory
2026-08-16 10:01:45.260 - dataset_manager - INFO - Dataset configured in 0.78 seconds
2026-08-16 10:01:45.263 - system_controller - INFO - All services configured in 2.74 seconds
2026-08-16 10:01:45.263 - system_controller - INFO - AIPerf System is CONFIGURED
2026-08-16 10:01:45.298 - server_metrics_manager - INFO - Server Metrics: Started 1 collector(s) successfully
2026-08-16 10:01:45.309 - system_controller - INFO - All services started profiling successfully
2026-08-16 10:01:45.310 - system_controller - INFO - AIPerf System is PROFILING
2026-08-16 10:01:45.329 - RateTiming - INFO - Creating interval generator: pattern=concurrency_burst, rate=None, smoothness=None
2026-08-16 10:01:45.332 - PhaseRunner - NOTICE - Phase warmup (warmup) started | phase_index=0 | target: 3 requests
2026-08-16 10:01:45.339 - PhaseRunner - NOTICE - Phase warmup (warmup) sending complete | sent=3, completed=0, in_flight=3 | sessions: sent=3, completed=0
2026-08-16 10:01:45.339 - records_manager - INFO - Credit phase start: warmup
2026-08-16 10:01:50.100 - PhaseRunner - NOTICE - Phase warmup (warmup) complete | completed=3, cancelled=0, errors=0 | sessions: completed=0, cancelled=0 | elapsed=4.77s
2026-08-16 10:01:50.101 - RateTiming - INFO - Creating interval generator: pattern=concurrency_burst, rate=None, smoothness=None
2026-08-16 10:01:50.102 - PhaseRunner - NOTICE - Phase profiling (profiling) started | phase_index=1 | profiling_index=0 | target: 50 requests, 50 sessions
2026-08-16 10:01:50.103 - records_manager - INFO - Credit phase start: profiling
2026-08-16 10:01:50.104 - server_metrics_manager - INFO - Server Metrics: Warmup complete, capturing final warmup metrics...
2026-08-16 10:01:50.107 - PhaseRunner - NOTICE - Phase profiling (profiling) sending complete | sent=50, completed=0, in_flight=50 | sessions: sent=50, completed=0
2026-08-16 10:01:50.107 - records_manager - INFO - Sent 50 requests. Waiting for all to complete...
2026-08-16 10:02:09.867 - PhaseRunner - NOTICE - Phase profiling (profiling) complete | completed=50, cancelled=0, errors=0 | sessions: completed=11, cancelled=0 | elapsed=19.76s
2026-08-16 10:02:09.869 - PhaseOrchestrator_d82a0577 - NOTICE - All credits completed
2026-08-16 10:02:09.871 - records_manager - INFO - Received CREDIT_PHASE_COMPLETE message, Phase complete: PhaseRecordsStats(phase=CreditPhase.PROFILING, phase_index=1, profiling_index=0, phase_name='profiling', phase_kind='profiling', start_ns=1786874510101985548, sent_end_ns=1786874510107131160, requests_end_ns=1786874529866810867, baseline_start_ns=1786874510101976988, baseline_end_ns=1786874529866826962, total_expected_requests=50, expected_duration_sec=None, expected_num_sessions=None, expected_grace_period_sec=None, final_requests_sent=None, final_requests_completed=50, final_requests_cancelled=0, final_request_errors=0, final_sent_sessions=None, final_completed_sessions=None, final_cancelled_sessions=None, timeout_triggered=False, grace_period_timeout_triggered=False, was_cancelled=False, records_end_ns=None, success_records=49, error_records=0)
2026-08-16 10:02:09.871 - records_manager - NOTICE - All requests have completed, please wait for the results to be processed (currently 49 of 50 records processed)...
2026-08-16 10:02:09.872 - system_controller - INFO - Received credits complete from 'timing_manager'
2026-08-16 10:02:09.872 - records_manager - INFO - All credits complete, please wait for the results to be processed...
2026-08-16 10:02:09.898 - records_manager - INFO - Processed 50 valid requests and 0 errors (50 total).
2026-08-16 10:02:09.898 - records_manager - INFO - Received all records, processing now...
2026-08-16 10:02:09.901 - server_metrics_manager - INFO - Server Metrics: Profiling complete, capturing final metrics...
2026-08-16 10:02:09.902 - records_manager - INFO - Waiting 2.0s for server metrics flush period...
2026-08-16 10:02:09.902 - gpu_telemetry_manager - INFO - GPU Telemetry: Profiling complete, capturing final metrics...
2026-08-16 10:02:11.870 - records_manager - INFO - Processing records results...
2026-08-16 10:02:12.041 - system_controller - INFO - Waiting for result domains: server_metrics, telemetry
2026-08-16 10:02:12.042 - system_controller - INFO - Waiting for result domains: server_metrics
2026-08-16 10:02:12.061 - records_manager - INFO - _finalize_and_process_results completed
2026-08-16 10:02:12.063 - system_controller - INFO - All results received, initiating shutdown
2026-08-16 10:02:12.685 - ExporterManager - INFO - Exporting all records
2026-08-16 10:02:12.821 - ExporterManager - INFO - Exporting console data
