2026-08-16 10:54:11.402 - aiperf.cli_runner._single_run - INFO - Starting AIPerf System
2026-08-16 10:54:11.837 - httpx - INFO - HTTP Request: GET https://huggingface.co/api/models/nvidia/NVIDIA-Nemotron-3.5-Lightning-30B-A3B-NVFP4 "HTTP/1.1 200 OK"
2026-08-16 10:54:11.847 - aiperf.config.resolution.resolvers - INFO - [OK] Tokenizer nvidia/NVIDIA-Nemotron-3.5-Lightning-30B-A3B-NVFP4 detected
2026-08-16 10:54:11.847 - aiperf.config.resolution.resolvers - INFO - 1 tokenizer validated | 0.4s
2026-08-16 10:54:11.847 - aiperf.config.resolution.resolvers - INFO - Prefetching 1 tokenizer into HF cache...
2026-08-16 10:54:12.656 - httpx - INFO - HTTP Request: HEAD https://huggingface.co/nvidia/NVIDIA-Nemotron-3.5-Lightning-30B-A3B-NVFP4/resolve/main/config.json "HTTP/1.1 307 Temporary Redirect"
2026-08-16 10:54:12.656 - huggingface_hub.utils._http - WARNING - Warning: You are sending unauthenticated requests to the HF Hub. Please set a HF_TOKEN to enable higher rate limits and faster downloads.
2026-08-16 10:54:12.667 - httpx - INFO - HTTP Request: HEAD https://huggingface.co/api/resolve-cache/models/nvidia/NVIDIA-Nemotron-3.5-Lightning-30B-A3B-NVFP4/6dbbd757ea75a8ece6e0702872e3ae53f9987728/config.json "HTTP/1.1 200 OK"
2026-08-16 10:54:12.684 - httpx - INFO - HTTP Request: GET https://huggingface.co/api/resolve-cache/models/nvidia/NVIDIA-Nemotron-3.5-Lightning-30B-A3B-NVFP4/6dbbd757ea75a8ece6e0702872e3ae53f9987728/config.json "HTTP/1.1 200 OK"
2026-08-16 10:54:12.822 - httpx - INFO - HTTP Request: HEAD https://huggingface.co/nvidia/NVIDIA-Nemotron-3.5-Lightning-30B-A3B-NVFP4/resolve/main/tokenizer_config.json "HTTP/1.1 307 Temporary Redirect"
2026-08-16 10:54:12.832 - httpx - INFO - HTTP Request: HEAD https://huggingface.co/api/resolve-cache/models/nvidia/NVIDIA-Nemotron-3.5-Lightning-30B-A3B-NVFP4/6dbbd757ea75a8ece6e0702872e3ae53f9987728/tokenizer_config.json "HTTP/1.1 200 OK"
2026-08-16 10:54:12.844 - httpx - INFO - HTTP Request: GET https://huggingface.co/api/resolve-cache/models/nvidia/NVIDIA-Nemotron-3.5-Lightning-30B-A3B-NVFP4/6dbbd757ea75a8ece6e0702872e3ae53f9987728/tokenizer_config.json "HTTP/1.1 200 OK"
2026-08-16 10:54:12.932 - httpx - INFO - HTTP Request: GET https://huggingface.co/api/models/nvidia/NVIDIA-Nemotron-3.5-Lightning-30B-A3B-NVFP4/tree/main/additional_chat_templates?recursive=false&expand=false "HTTP/1.1 404 Not Found"
2026-08-16 10:54:13.018 - httpx - INFO - HTTP Request: GET https://huggingface.co/api/models/nvidia/NVIDIA-Nemotron-3.5-Lightning-30B-A3B-NVFP4/tree/main?recursive=true&expand=false "HTTP/1.1 200 OK"
2026-08-16 10:54:13.103 - httpx - INFO - HTTP Request: HEAD https://huggingface.co/nvidia/NVIDIA-Nemotron-3.5-Lightning-30B-A3B-NVFP4/resolve/main/tokenizer.json "HTTP/1.1 302 Found"
2026-08-16 10:54:13.194 - httpx - INFO - HTTP Request: GET https://huggingface.co/api/models/nvidia/NVIDIA-Nemotron-3.5-Lightning-30B-A3B-NVFP4/xet-read-token/6dbbd757ea75a8ece6e0702872e3ae53f9987728 "HTTP/1.1 200 OK"
2026-08-16 10:54:14.147 - httpx - INFO - HTTP Request: HEAD https://huggingface.co/nvidia/NVIDIA-Nemotron-3.5-Lightning-30B-A3B-NVFP4/resolve/main/tokenizer.model "HTTP/1.1 404 Not Found"
2026-08-16 10:54:14.231 - httpx - INFO - HTTP Request: HEAD https://huggingface.co/nvidia/NVIDIA-Nemotron-3.5-Lightning-30B-A3B-NVFP4/resolve/main/added_tokens.json "HTTP/1.1 404 Not Found"
2026-08-16 10:54:14.315 - httpx - INFO - HTTP Request: HEAD https://huggingface.co/nvidia/NVIDIA-Nemotron-3.5-Lightning-30B-A3B-NVFP4/resolve/main/special_tokens_map.json "HTTP/1.1 307 Temporary Redirect"
2026-08-16 10:54:14.326 - httpx - INFO - HTTP Request: HEAD https://huggingface.co/api/resolve-cache/models/nvidia/NVIDIA-Nemotron-3.5-Lightning-30B-A3B-NVFP4/6dbbd757ea75a8ece6e0702872e3ae53f9987728/special_tokens_map.json "HTTP/1.1 200 OK"
2026-08-16 10:54:14.336 - httpx - INFO - HTTP Request: GET https://huggingface.co/api/resolve-cache/models/nvidia/NVIDIA-Nemotron-3.5-Lightning-30B-A3B-NVFP4/6dbbd757ea75a8ece6e0702872e3ae53f9987728/special_tokens_map.json "HTTP/1.1 200 OK"
2026-08-16 10:54:14.417 - httpx - INFO - HTTP Request: HEAD https://huggingface.co/nvidia/NVIDIA-Nemotron-3.5-Lightning-30B-A3B-NVFP4/resolve/main/chat_template.jinja "HTTP/1.1 307 Temporary Redirect"
2026-08-16 10:54:14.434 - httpx - INFO - HTTP Request: HEAD https://huggingface.co/api/resolve-cache/models/nvidia/NVIDIA-Nemotron-3.5-Lightning-30B-A3B-NVFP4/6dbbd757ea75a8ece6e0702872e3ae53f9987728/chat_template.jinja "HTTP/1.1 200 OK"
2026-08-16 10:54:14.445 - httpx - INFO - HTTP Request: GET https://huggingface.co/api/resolve-cache/models/nvidia/NVIDIA-Nemotron-3.5-Lightning-30B-A3B-NVFP4/6dbbd757ea75a8ece6e0702872e3ae53f9987728/chat_template.jinja "HTTP/1.1 200 OK"
2026-08-16 10:54:15.341 - httpx - INFO - HTTP Request: GET https://huggingface.co/api/models/nvidia/NVIDIA-Nemotron-3.5-Lightning-30B-A3B-NVFP4 "HTTP/1.1 200 OK"
2026-08-16 10:54:15.382 - aiperf.config.resolution.resolvers - INFO -   Cached nvidia/NVIDIA-Nemotron-3.5-Lightning-30B-A3B-NVFP4 (3.51s)
2026-08-16 10:54:15.434 - aiperf.config.resolution.resolvers - INFO - 1 tokenizer cached • 3.6s
2026-08-16 10:54:15.822 - system_controller - INFO - Registered Gpu Telemetry Manager (id: 'gpu_telemetry_manager')
2026-08-16 10:54:15.862 - server_metrics_manager - INFO - Server Metrics: Discovered 1 endpoints: ['http://localhost:8000/metrics']
2026-08-16 10:54:15.883 - GPUTelemetryJSONLWriter_f234c5b2 - INFO - GPU telemetry export enabled: /output/gpu_telemetry_export.jsonl
2026-08-16 10:54:15.892 - OTelMetricsResultsProcessor_66b0afc4 - INFO - Telemetry streaming is disabled (set --otel-url and/or --mlflow-tracking-uri to enable)
2026-08-16 10:54:15.896 - RecordExportJSONLWriter_6b3fc278 - INFO - Record metrics export enabled: /output/profile_export.jsonl
2026-08-16 10:54:15.911 - system_controller - INFO - Registered Worker Manager (id: 'worker_manager')
2026-08-16 10:54:15.946 - system_controller - INFO - Registered Dataset Manager (id: 'dataset_manager')
2026-08-16 10:54:15.967 - system_controller - INFO - Registered Server Metrics Manager (id: 'server_metrics_manager')
2026-08-16 10:54:16.007 - system_controller - INFO - Registered Records Manager (id: 'records_manager')
2026-08-16 10:54:16.089 - system_controller - INFO - Registered Record Processor (id: 'record_processor_e1d706b0')
2026-08-16 10:54:16.121 - system_controller - INFO - Registered Timing Manager (id: 'timing_manager')
2026-08-16 10:54:16.215 - system_controller - INFO - Registered Worker (id: 'worker_b5378c7a')
2026-08-16 10:54:16.215 - system_controller - INFO - Registered Worker (id: 'worker_1756d900')
2026-08-16 10:54:16.297 - system_controller - INFO - AIPerf System is CONFIGURING
2026-08-16 10:54:16.297 - system_controller - INFO - Configuring all services to start profiling
2026-08-16 10:54:16.298 - InferenceResultParser_eaeff0d8 - INFO - Configuring tokenizers for inference result parser (resolve_alias: True)
2026-08-16 10:54:16.298 - timing_manager - INFO - Waiting for dataset to be configured before configuring timing
2026-08-16 10:54:16.299 - dataset_manager - INFO - Configuring tokenizer(s) for dataset manager
2026-08-16 10:54:16.310 - server_metrics_manager - INFO - Server Metrics: Capturing baseline metrics...
2026-08-16 10:54:16.321 - http://localhost:8000/metrics - INFO - Skipping unsupported summary metric: http_request_size_bytes
2026-08-16 10:54:16.321 - http://localhost:8000/metrics - INFO - Skipping unsupported summary metric: http_response_size_bytes
2026-08-16 10:54:16.322 - system_controller - INFO - Server metrics enabled - 1/1 endpoint(s) reachable.
2026-08-16 10:54:16.322 - system_controller - INFO - Waiting for result domains: profile, server_metrics, telemetry
2026-08-16 10:54:16.323 - gpu_telemetry_manager - INFO - GPU Telemetry: Capturing baseline metrics from pynvml://localhost
2026-08-16 10:54:16.334 - pynvml_collector - INFO - PyNVML initialized with 1 GPU(s) (0 with GPM support)
2026-08-16 10:54:16.350 - system_controller - INFO - DCGM telemetry enabled - 1/1 endpoint(s) reachable
2026-08-16 10:54:16.843 - httpx - INFO - HTTP Request: HEAD https://huggingface.co/nvidia/NVIDIA-Nemotron-3.5-Lightning-30B-A3B-NVFP4/resolve/main/config.json "HTTP/1.1 307 Temporary Redirect"
2026-08-16 10:54:16.843 - httpx - INFO - HTTP Request: HEAD https://huggingface.co/nvidia/NVIDIA-Nemotron-3.5-Lightning-30B-A3B-NVFP4/resolve/main/config.json "HTTP/1.1 307 Temporary Redirect"
2026-08-16 10:54:16.844 - huggingface_hub.utils._http - WARNING - Warning: You are sending unauthenticated requests to the HF Hub. Please set a HF_TOKEN to enable higher rate limits and faster downloads.
2026-08-16 10:54:16.844 - huggingface_hub.utils._http - WARNING - Warning: You are sending unauthenticated requests to the HF Hub. Please set a HF_TOKEN to enable higher rate limits and faster downloads.
2026-08-16 10:54:16.856 - httpx - INFO - HTTP Request: HEAD https://huggingface.co/api/resolve-cache/models/nvidia/NVIDIA-Nemotron-3.5-Lightning-30B-A3B-NVFP4/6dbbd757ea75a8ece6e0702872e3ae53f9987728/config.json "HTTP/1.1 200 OK"
2026-08-16 10:54:16.856 - httpx - INFO - HTTP Request: HEAD https://huggingface.co/api/resolve-cache/models/nvidia/NVIDIA-Nemotron-3.5-Lightning-30B-A3B-NVFP4/6dbbd757ea75a8ece6e0702872e3ae53f9987728/config.json "HTTP/1.1 200 OK"
2026-08-16 10:54:16.988 - httpx - INFO - HTTP Request: HEAD https://huggingface.co/nvidia/NVIDIA-Nemotron-3.5-Lightning-30B-A3B-NVFP4/resolve/main/tokenizer_config.json "HTTP/1.1 307 Temporary Redirect"
2026-08-16 10:54:16.995 - httpx - INFO - HTTP Request: HEAD https://huggingface.co/nvidia/NVIDIA-Nemotron-3.5-Lightning-30B-A3B-NVFP4/resolve/main/tokenizer_config.json "HTTP/1.1 307 Temporary Redirect"
2026-08-16 10:54:17.003 - httpx - INFO - HTTP Request: HEAD https://huggingface.co/api/resolve-cache/models/nvidia/NVIDIA-Nemotron-3.5-Lightning-30B-A3B-NVFP4/6dbbd757ea75a8ece6e0702872e3ae53f9987728/tokenizer_config.json "HTTP/1.1 200 OK"
2026-08-16 10:54:17.013 - httpx - INFO - HTTP Request: HEAD https://huggingface.co/api/resolve-cache/models/nvidia/NVIDIA-Nemotron-3.5-Lightning-30B-A3B-NVFP4/6dbbd757ea75a8ece6e0702872e3ae53f9987728/tokenizer_config.json "HTTP/1.1 200 OK"
2026-08-16 10:54:17.085 - httpx - INFO - HTTP Request: GET https://huggingface.co/api/models/nvidia/NVIDIA-Nemotron-3.5-Lightning-30B-A3B-NVFP4/tree/main/additional_chat_templates?recursive=false&expand=false "HTTP/1.1 404 Not Found"
2026-08-16 10:54:17.095 - httpx - INFO - HTTP Request: GET https://huggingface.co/api/models/nvidia/NVIDIA-Nemotron-3.5-Lightning-30B-A3B-NVFP4/tree/main/additional_chat_templates?recursive=false&expand=false "HTTP/1.1 404 Not Found"
2026-08-16 10:54:17.174 - httpx - INFO - HTTP Request: GET https://huggingface.co/api/models/nvidia/NVIDIA-Nemotron-3.5-Lightning-30B-A3B-NVFP4/tree/main?recursive=true&expand=false "HTTP/1.1 200 OK"
2026-08-16 10:54:17.182 - httpx - INFO - HTTP Request: GET https://huggingface.co/api/models/nvidia/NVIDIA-Nemotron-3.5-Lightning-30B-A3B-NVFP4/tree/main?recursive=true&expand=false "HTTP/1.1 200 OK"
2026-08-16 10:54:18.111 - httpx - INFO - HTTP Request: GET https://huggingface.co/api/models/nvidia/NVIDIA-Nemotron-3.5-Lightning-30B-A3B-NVFP4 "HTTP/1.1 200 OK"
2026-08-16 10:54:18.113 - httpx - INFO - HTTP Request: GET https://huggingface.co/api/models/nvidia/NVIDIA-Nemotron-3.5-Lightning-30B-A3B-NVFP4 "HTTP/1.1 200 OK"
2026-08-16 10:54:18.130 - InferenceResultParser_eaeff0d8 - INFO - Initialized tokenizers: {'nvidia/NVIDIA-Nemotron-3.5-Lightning-30B-A3B-NVFP4': {'class': 'TokenizersBackend', 'name_or_path': 'nvidia/NVIDIA-Nemotron-3.5-Lightning-30B-A3B-NVFP4'}} in 1.83 seconds
2026-08-16 10:54:18.146 - dataset_manager - INFO - Tokenizer(s) configured in 1.85 seconds
2026-08-16 10:54:18.146 - dataset_manager - INFO - Configuring dataset for dataset_manager
2026-08-16 10:54:18.429 - CustomDatasetComposer - INFO - Using explicit dataset format: multi_turn
2026-08-16 10:54:18.494 - MemoryMapDatasetBackingStore_d2844035 - INFO - Memory-mapped backing store initialized (streaming to /tmp/aiperf_mmap_ac3c78386111/dataset.dat)
2026-08-16 10:54:18.511 - MemoryMapDatasetBackingStore_d2844035 - INFO - Data file finalized: 500 conversations, 1.29 MB
2026-08-16 10:54:18.511 - MemoryMapDatasetBackingStore_d2844035 - INFO - Index file created: /tmp/aiperf_mmap_ac3c78386111/index.dat
2026-08-16 10:54:18.512 - dataset_manager - INFO - Backing store finalized: client_type=DatasetClientStoreType.MEMORY_MAP format=MemoryMapFormat.CONVERSATION data_file_path=PosixPath('/tmp/aiperf_mmap_ac3c78386111/dataset.dat') index_file_path=PosixPath('/tmp/aiperf_mmap_ac3c78386111/index.dat') conversation_count=500 total_size_bytes=1353406 compressed=False compressed_data_file_path=None compressed_index_file_path=None compressed_size_bytes=0
2026-08-16 10:54:18.520 - dataset_manager - INFO - sampling strategy: sequential, unique conversations: 500, unique turn count: 1783
2026-08-16 10:54:18.525 - dataset_manager - INFO - Generating inputs.json file at /output/inputs.json
2026-08-16 10:54:18.532 - PhaseOrchestrator_b09e141f - INFO - Initialized 2 phase(s): ['Warmup', 'Profiling']
2026-08-16 10:54:18.540 - dataset_manager - INFO - inputs.json file generated in 0.01 seconds
2026-08-16 10:54:18.660 - dataset_manager - INFO - Dataset client initialized and freed 500 conversations from memory
2026-08-16 10:54:18.660 - dataset_manager - INFO - Dataset configured in 0.51 seconds
2026-08-16 10:54:18.661 - system_controller - INFO - All services configured in 2.36 seconds
2026-08-16 10:54:18.661 - system_controller - INFO - AIPerf System is CONFIGURED
2026-08-16 10:54:18.662 - server_metrics_manager - INFO - Server Metrics: Started 1 collector(s) successfully
2026-08-16 10:54:18.662 - system_controller - INFO - All services started profiling successfully
2026-08-16 10:54:18.663 - system_controller - INFO - AIPerf System is PROFILING
2026-08-16 10:54:18.667 - RateTiming - INFO - Creating interval generator: pattern=concurrency_burst, rate=None, smoothness=None
2026-08-16 10:54:18.668 - PhaseRunner - NOTICE - Phase warmup (warmup) started | phase_index=0 | target: 3 requests
2026-08-16 10:54:18.669 - records_manager - INFO - Credit phase start: warmup
2026-08-16 10:54:19.471 - PhaseRunner - NOTICE - Phase warmup (warmup) sending complete | sent=3, completed=1, in_flight=2 | sessions: sent=2, completed=0
2026-08-16 10:54:24.309 - PhaseRunner - NOTICE - Phase warmup (warmup) complete | completed=3, cancelled=0, errors=0 | sessions: completed=1, cancelled=0 | elapsed=5.64s
2026-08-16 10:54:24.310 - server_metrics_manager - INFO - Server Metrics: Warmup complete, capturing final warmup metrics...
2026-08-16 10:54:24.311 - RateTiming - INFO - Creating interval generator: pattern=concurrency_burst, rate=None, smoothness=None
2026-08-16 10:54:24.311 - PhaseRunner - NOTICE - Phase profiling (profiling) started | phase_index=1 | profiling_index=0 | target: 50 requests, 50 sessions
2026-08-16 10:54:24.312 - records_manager - INFO - Credit phase start: profiling
2026-08-16 10:55:01.735 - aiperf.metrics.types.osl_mismatch_metrics - WARNING - OSL mismatch: got 444 tokens (requested 611, diff -27.3%)
2026-08-16 10:55:22.183 - PhaseRunner - NOTICE - Phase profiling (profiling) sending complete | sent=50, completed=48, in_flight=2 | sessions: sent=16, completed=14
2026-08-16 10:55:22.184 - records_manager - INFO - Sent 50 requests. Waiting for all to complete...
2026-08-16 10:55:23.341 - PhaseRunner - NOTICE - Phase profiling (profiling) complete | completed=50, cancelled=0, errors=0 | sessions: completed=14, cancelled=0 | elapsed=59.03s
2026-08-16 10:55:23.341 - PhaseOrchestrator_b09e141f - NOTICE - All credits completed
2026-08-16 10:55:23.342 - records_manager - INFO - Received CREDIT_PHASE_COMPLETE message, Phase complete: PhaseRecordsStats(phase=CreditPhase.PROFILING, phase_index=1, profiling_index=0, phase_name='profiling', phase_kind='profiling', start_ns=1786877664311282332, sent_end_ns=1786877722182906541, requests_end_ns=1786877723340621945, baseline_start_ns=1786877664311260828, baseline_end_ns=1786877723340641769, total_expected_requests=50, expected_duration_sec=None, expected_num_sessions=None, expected_grace_period_sec=None, final_requests_sent=None, final_requests_completed=50, final_requests_cancelled=0, final_request_errors=0, final_sent_sessions=None, final_completed_sessions=None, final_cancelled_sessions=None, timeout_triggered=False, grace_period_timeout_triggered=False, was_cancelled=False, records_end_ns=None, success_records=49, error_records=0)
2026-08-16 10:55:23.342 - system_controller - INFO - Received credits complete from 'timing_manager'
2026-08-16 10:55:23.342 - records_manager - NOTICE - All requests have completed, please wait for the results to be processed (currently 49 of 50 records processed)...
2026-08-16 10:55:23.342 - records_manager - INFO - All credits complete, please wait for the results to be processed...
2026-08-16 10:55:23.345 - records_manager - INFO - Processed 50 valid requests and 0 errors (50 total).
2026-08-16 10:55:23.345 - records_manager - INFO - Received all records, processing now...
2026-08-16 10:55:23.346 - gpu_telemetry_manager - INFO - GPU Telemetry: Profiling complete, capturing final metrics...
2026-08-16 10:55:23.346 - records_manager - INFO - Waiting 2.0s for server metrics flush period...
2026-08-16 10:55:23.357 - server_metrics_manager - INFO - Server Metrics: Profiling complete, capturing final metrics...
2026-08-16 10:55:25.340 - records_manager - INFO - Processing records results...
2026-08-16 10:55:25.530 - system_controller - INFO - Waiting for result domains: server_metrics, telemetry
2026-08-16 10:55:25.531 - system_controller - INFO - Waiting for result domains: server_metrics
2026-08-16 10:55:25.588 - records_manager - INFO - _finalize_and_process_results completed
2026-08-16 10:55:25.590 - system_controller - INFO - All results received, initiating shutdown
2026-08-16 10:55:26.193 - ExporterManager - INFO - Exporting all records
2026-08-16 10:55:26.244 - ExporterManager - INFO - Exporting console data
