2026-08-13 06:31:09.290 - aiperf.cli_runner._single_run - INFO - Starting AIPerf System
2026-08-13 06:31:09.721 - httpx - INFO - HTTP Request: GET https://huggingface.co/api/models/meta-models/Muse-Glimmer-30B "HTTP/1.1 200 OK"
2026-08-13 06:31:09.724 - aiperf.config.resolution.resolvers - INFO - [OK] Tokenizer meta-models/Muse-Glimmer-30B detected
2026-08-13 06:31:09.725 - aiperf.config.resolution.resolvers - INFO - 1 tokenizer validated | 0.4s
2026-08-13 06:31:09.725 - aiperf.config.resolution.resolvers - INFO - Prefetching 1 tokenizer into HF cache...
2026-08-13 06:31:10.515 - httpx - INFO - HTTP Request: HEAD https://huggingface.co/meta-models/Muse-Glimmer-30B/resolve/main/config.json "HTTP/1.1 307 Temporary Redirect"
2026-08-13 06:31:10.516 - huggingface_hub.utils._http - WARNING - Warning: You are sending unauthenticated requests to the HF Hub. Please set a HF_TOKEN to enable higher rate limits and faster downloads.
2026-08-13 06:31:10.527 - httpx - INFO - HTTP Request: HEAD https://huggingface.co/api/resolve-cache/models/meta-models/Muse-Glimmer-30B/a4e59da52a7bc87ae7251dd5545c0dd437c44b68/config.json "HTTP/1.1 200 OK"
2026-08-13 06:31:10.539 - httpx - INFO - HTTP Request: GET https://huggingface.co/api/resolve-cache/models/meta-models/Muse-Glimmer-30B/a4e59da52a7bc87ae7251dd5545c0dd437c44b68/config.json "HTTP/1.1 200 OK"
2026-08-13 06:31:10.627 - httpx - INFO - HTTP Request: HEAD https://huggingface.co/meta-models/Muse-Glimmer-30B/resolve/main/config.json "HTTP/1.1 307 Temporary Redirect"
2026-08-13 06:31:10.637 - httpx - INFO - HTTP Request: HEAD https://huggingface.co/api/resolve-cache/models/meta-models/Muse-Glimmer-30B/a4e59da52a7bc87ae7251dd5545c0dd437c44b68/config.json "HTTP/1.1 200 OK"
2026-08-13 06:31:10.781 - httpx - INFO - HTTP Request: HEAD https://huggingface.co/meta-models/Muse-Glimmer-30B/resolve/main/tokenizer_config.json "HTTP/1.1 307 Temporary Redirect"
2026-08-13 06:31:10.793 - httpx - INFO - HTTP Request: HEAD https://huggingface.co/api/resolve-cache/models/meta-models/Muse-Glimmer-30B/a4e59da52a7bc87ae7251dd5545c0dd437c44b68/tokenizer_config.json "HTTP/1.1 200 OK"
2026-08-13 06:31:10.811 - httpx - INFO - HTTP Request: GET https://huggingface.co/api/resolve-cache/models/meta-models/Muse-Glimmer-30B/a4e59da52a7bc87ae7251dd5545c0dd437c44b68/tokenizer_config.json "HTTP/1.1 200 OK"
2026-08-13 06:31:10.898 - httpx - INFO - HTTP Request: GET https://huggingface.co/api/models/meta-models/Muse-Glimmer-30B/tree/main/additional_chat_templates?recursive=false&expand=false "HTTP/1.1 404 Not Found"
2026-08-13 06:31:11.008 - httpx - INFO - HTTP Request: GET https://huggingface.co/api/models/meta-models/Muse-Glimmer-30B/tree/main?recursive=true&expand=false "HTTP/1.1 200 OK"
2026-08-13 06:31:11.094 - httpx - INFO - HTTP Request: HEAD https://huggingface.co/meta-models/Muse-Glimmer-30B/resolve/main/tokenizer.json "HTTP/1.1 302 Found"
2026-08-13 06:31:11.180 - httpx - INFO - HTTP Request: GET https://huggingface.co/api/models/meta-models/Muse-Glimmer-30B/xet-read-token/a4e59da52a7bc87ae7251dd5545c0dd437c44b68 "HTTP/1.1 200 OK"
2026-08-13 06:31:12.243 - httpx - INFO - HTTP Request: HEAD https://huggingface.co/meta-models/Muse-Glimmer-30B/resolve/main/tokenizer.model "HTTP/1.1 404 Not Found"
2026-08-13 06:31:12.330 - httpx - INFO - HTTP Request: HEAD https://huggingface.co/meta-models/Muse-Glimmer-30B/resolve/main/added_tokens.json "HTTP/1.1 404 Not Found"
2026-08-13 06:31:12.439 - httpx - INFO - HTTP Request: HEAD https://huggingface.co/meta-models/Muse-Glimmer-30B/resolve/main/special_tokens_map.json "HTTP/1.1 404 Not Found"
2026-08-13 06:31:12.594 - httpx - INFO - HTTP Request: HEAD https://huggingface.co/meta-models/Muse-Glimmer-30B/resolve/main/chat_template.jinja "HTTP/1.1 307 Temporary Redirect"
2026-08-13 06:31:12.610 - httpx - INFO - HTTP Request: HEAD https://huggingface.co/api/resolve-cache/models/meta-models/Muse-Glimmer-30B/a4e59da52a7bc87ae7251dd5545c0dd437c44b68/chat_template.jinja "HTTP/1.1 200 OK"
2026-08-13 06:31:12.618 - httpx - INFO - HTTP Request: GET https://huggingface.co/api/resolve-cache/models/meta-models/Muse-Glimmer-30B/a4e59da52a7bc87ae7251dd5545c0dd437c44b68/chat_template.jinja "HTTP/1.1 200 OK"
2026-08-13 06:31:14.274 - httpx - INFO - HTTP Request: GET https://huggingface.co/api/models/meta-models/Muse-Glimmer-30B "HTTP/1.1 200 OK"
2026-08-13 06:31:14.374 - aiperf.config.resolution.resolvers - INFO -   Cached meta-models/Muse-Glimmer-30B (4.64s)
2026-08-13 06:31:14.419 - aiperf.config.resolution.resolvers - INFO - 1 tokenizer cached • 4.7s
2026-08-13 06:31:14.808 - system_controller - INFO - Registered Gpu Telemetry Manager (id: 'gpu_telemetry_manager')
2026-08-13 06:31:14.810 - system_controller - INFO - Registered Dataset Manager (id: 'dataset_manager')
2026-08-13 06:31:14.854 - server_metrics_manager - INFO - Server Metrics: Discovered 1 endpoints: ['http://localhost:30000/metrics']
2026-08-13 06:31:14.873 - GPUTelemetryJSONLWriter_e842b3ac - INFO - GPU telemetry export enabled: /output/gpu_telemetry_export.jsonl
2026-08-13 06:31:14.882 - OTelMetricsResultsProcessor_a1081552 - INFO - Telemetry streaming is disabled (set --otel-url and/or --mlflow-tracking-uri to enable)
2026-08-13 06:31:14.886 - RecordExportJSONLWriter_8cbfae81 - INFO - Record metrics export enabled: /output/profile_export.jsonl
2026-08-13 06:31:14.901 - system_controller - INFO - Registered Worker Manager (id: 'worker_manager')
2026-08-13 06:31:14.960 - system_controller - INFO - Registered Server Metrics Manager (id: 'server_metrics_manager')
2026-08-13 06:31:14.992 - system_controller - INFO - Registered Records Manager (id: 'records_manager')
2026-08-13 06:31:14.999 - system_controller - INFO - Registered Record Processor (id: 'record_processor_70f3dbb9')
2026-08-13 06:31:15.006 - system_controller - INFO - Registered Record Processor (id: 'record_processor_50369b1f')
2026-08-13 06:31:15.127 - system_controller - INFO - Registered Timing Manager (id: 'timing_manager')
2026-08-13 06:31:15.286 - system_controller - INFO - AIPerf System is CONFIGURING
2026-08-13 06:31:15.286 - system_controller - INFO - Configuring all services to start profiling
2026-08-13 06:31:15.287 - system_controller - INFO - Registered Worker (id: 'worker_44484d66')
2026-08-13 06:31:15.287 - InferenceResultParser_2c2cbf3e - INFO - Configuring tokenizers for inference result parser (resolve_alias: True)
2026-08-13 06:31:15.288 - timing_manager - INFO - Waiting for dataset to be configured before configuring timing
2026-08-13 06:31:15.288 - InferenceResultParser_5f353c2d - INFO - Configuring tokenizers for inference result parser (resolve_alias: True)
2026-08-13 06:31:15.288 - dataset_manager - INFO - Configuring tokenizer(s) for dataset manager
2026-08-13 06:31:15.291 - system_controller - INFO - Registered Worker (id: 'worker_de2bea00')
2026-08-13 06:31:15.293 - system_controller - INFO - Server metrics disabled - no Prometheus endpoints reachable
2026-08-13 06:31:15.293 - system_controller - INFO - Waiting for result domains: profile, telemetry
2026-08-13 06:31:15.295 - system_controller - INFO - Registered Worker (id: 'worker_35ff8436')
2026-08-13 06:31:15.305 - system_controller - INFO - Registered Worker (id: 'worker_a3b8d190')
2026-08-13 06:31:15.311 - system_controller - INFO - Registered Worker (id: 'worker_53eb3986')
2026-08-13 06:31:15.313 - system_controller - INFO - Registered Worker (id: 'worker_1ce67197')
2026-08-13 06:31:15.314 - system_controller - INFO - Registered Worker (id: 'worker_e74c2893')
2026-08-13 06:31:15.315 - system_controller - INFO - Registered Worker (id: 'worker_3b64cba4')
2026-08-13 06:31:15.322 - gpu_telemetry_manager - INFO - GPU Telemetry: Capturing baseline metrics from pynvml://localhost
2026-08-13 06:31:15.332 - pynvml_collector - INFO - PyNVML initialized with 1 GPU(s) (0 with GPM support)
2026-08-13 06:31:15.349 - system_controller - INFO - DCGM telemetry enabled - 1/1 endpoint(s) reachable
2026-08-13 06:31:15.840 - httpx - INFO - HTTP Request: HEAD https://huggingface.co/meta-models/Muse-Glimmer-30B/resolve/main/config.json "HTTP/1.1 307 Temporary Redirect"
2026-08-13 06:31:15.840 - httpx - INFO - HTTP Request: HEAD https://huggingface.co/meta-models/Muse-Glimmer-30B/resolve/main/config.json "HTTP/1.1 307 Temporary Redirect"
2026-08-13 06:31:15.840 - huggingface_hub.utils._http - WARNING - Warning: You are sending unauthenticated requests to the HF Hub. Please set a HF_TOKEN to enable higher rate limits and faster downloads.
2026-08-13 06:31:15.840 - huggingface_hub.utils._http - WARNING - Warning: You are sending unauthenticated requests to the HF Hub. Please set a HF_TOKEN to enable higher rate limits and faster downloads.
2026-08-13 06:31:15.842 - httpx - INFO - HTTP Request: HEAD https://huggingface.co/meta-models/Muse-Glimmer-30B/resolve/main/config.json "HTTP/1.1 307 Temporary Redirect"
2026-08-13 06:31:15.843 - huggingface_hub.utils._http - WARNING - Warning: You are sending unauthenticated requests to the HF Hub. Please set a HF_TOKEN to enable higher rate limits and faster downloads.
2026-08-13 06:31:15.854 - httpx - INFO - HTTP Request: HEAD https://huggingface.co/api/resolve-cache/models/meta-models/Muse-Glimmer-30B/a4e59da52a7bc87ae7251dd5545c0dd437c44b68/config.json "HTTP/1.1 200 OK"
2026-08-13 06:31:15.854 - httpx - INFO - HTTP Request: HEAD https://huggingface.co/api/resolve-cache/models/meta-models/Muse-Glimmer-30B/a4e59da52a7bc87ae7251dd5545c0dd437c44b68/config.json "HTTP/1.1 200 OK"
2026-08-13 06:31:15.854 - httpx - INFO - HTTP Request: HEAD https://huggingface.co/api/resolve-cache/models/meta-models/Muse-Glimmer-30B/a4e59da52a7bc87ae7251dd5545c0dd437c44b68/config.json "HTTP/1.1 200 OK"
2026-08-13 06:31:15.933 - httpx - INFO - HTTP Request: HEAD https://huggingface.co/meta-models/Muse-Glimmer-30B/resolve/main/config.json "HTTP/1.1 307 Temporary Redirect"
2026-08-13 06:31:15.933 - httpx - INFO - HTTP Request: HEAD https://huggingface.co/meta-models/Muse-Glimmer-30B/resolve/main/config.json "HTTP/1.1 307 Temporary Redirect"
2026-08-13 06:31:15.945 - httpx - INFO - HTTP Request: HEAD https://huggingface.co/api/resolve-cache/models/meta-models/Muse-Glimmer-30B/a4e59da52a7bc87ae7251dd5545c0dd437c44b68/config.json "HTTP/1.1 200 OK"
2026-08-13 06:31:15.945 - httpx - INFO - HTTP Request: HEAD https://huggingface.co/api/resolve-cache/models/meta-models/Muse-Glimmer-30B/a4e59da52a7bc87ae7251dd5545c0dd437c44b68/config.json "HTTP/1.1 200 OK"
2026-08-13 06:31:15.951 - httpx - INFO - HTTP Request: HEAD https://huggingface.co/meta-models/Muse-Glimmer-30B/resolve/main/config.json "HTTP/1.1 307 Temporary Redirect"
2026-08-13 06:31:15.962 - httpx - INFO - HTTP Request: HEAD https://huggingface.co/api/resolve-cache/models/meta-models/Muse-Glimmer-30B/a4e59da52a7bc87ae7251dd5545c0dd437c44b68/config.json "HTTP/1.1 200 OK"
2026-08-13 06:31:16.026 - httpx - INFO - HTTP Request: HEAD https://huggingface.co/meta-models/Muse-Glimmer-30B/resolve/main/tokenizer_config.json "HTTP/1.1 307 Temporary Redirect"
2026-08-13 06:31:16.028 - httpx - INFO - HTTP Request: HEAD https://huggingface.co/meta-models/Muse-Glimmer-30B/resolve/main/tokenizer_config.json "HTTP/1.1 307 Temporary Redirect"
2026-08-13 06:31:16.038 - httpx - INFO - HTTP Request: HEAD https://huggingface.co/api/resolve-cache/models/meta-models/Muse-Glimmer-30B/a4e59da52a7bc87ae7251dd5545c0dd437c44b68/tokenizer_config.json "HTTP/1.1 200 OK"
2026-08-13 06:31:16.038 - httpx - INFO - HTTP Request: HEAD https://huggingface.co/api/resolve-cache/models/meta-models/Muse-Glimmer-30B/a4e59da52a7bc87ae7251dd5545c0dd437c44b68/tokenizer_config.json "HTTP/1.1 200 OK"
2026-08-13 06:31:16.089 - httpx - INFO - HTTP Request: HEAD https://huggingface.co/meta-models/Muse-Glimmer-30B/resolve/main/tokenizer_config.json "HTTP/1.1 307 Temporary Redirect"
2026-08-13 06:31:16.105 - httpx - INFO - HTTP Request: HEAD https://huggingface.co/api/resolve-cache/models/meta-models/Muse-Glimmer-30B/a4e59da52a7bc87ae7251dd5545c0dd437c44b68/tokenizer_config.json "HTTP/1.1 200 OK"
2026-08-13 06:31:16.118 - httpx - INFO - HTTP Request: GET https://huggingface.co/api/models/meta-models/Muse-Glimmer-30B/tree/main/additional_chat_templates?recursive=false&expand=false "HTTP/1.1 404 Not Found"
2026-08-13 06:31:16.118 - httpx - INFO - HTTP Request: GET https://huggingface.co/api/models/meta-models/Muse-Glimmer-30B/tree/main/additional_chat_templates?recursive=false&expand=false "HTTP/1.1 404 Not Found"
2026-08-13 06:31:16.198 - httpx - INFO - HTTP Request: GET https://huggingface.co/api/models/meta-models/Muse-Glimmer-30B/tree/main?recursive=true&expand=false "HTTP/1.1 200 OK"
2026-08-13 06:31:16.198 - httpx - INFO - HTTP Request: GET https://huggingface.co/api/models/meta-models/Muse-Glimmer-30B/tree/main/additional_chat_templates?recursive=false&expand=false "HTTP/1.1 404 Not Found"
2026-08-13 06:31:16.216 - httpx - INFO - HTTP Request: GET https://huggingface.co/api/models/meta-models/Muse-Glimmer-30B/tree/main?recursive=true&expand=false "HTTP/1.1 200 OK"
2026-08-13 06:31:16.334 - httpx - INFO - HTTP Request: GET https://huggingface.co/api/models/meta-models/Muse-Glimmer-30B/tree/main?recursive=true&expand=false "HTTP/1.1 200 OK"
2026-08-13 06:31:18.065 - httpx - INFO - HTTP Request: GET https://huggingface.co/api/models/meta-models/Muse-Glimmer-30B "HTTP/1.1 200 OK"
2026-08-13 06:31:18.067 - httpx - INFO - HTTP Request: GET https://huggingface.co/api/models/meta-models/Muse-Glimmer-30B "HTTP/1.1 200 OK"
2026-08-13 06:31:18.129 - InferenceResultParser_2c2cbf3e - INFO - Initialized tokenizers: {'meta-models/Muse-Glimmer-30B': {'class': 'TokenizersBackend', 'name_or_path': 'meta-models/Muse-Glimmer-30B'}} in 2.84 seconds
2026-08-13 06:31:18.131 - InferenceResultParser_5f353c2d - INFO - Initialized tokenizers: {'meta-models/Muse-Glimmer-30B': {'class': 'TokenizersBackend', 'name_or_path': 'meta-models/Muse-Glimmer-30B'}} in 2.84 seconds
2026-08-13 06:31:18.176 - httpx - INFO - HTTP Request: GET https://huggingface.co/api/models/meta-models/Muse-Glimmer-30B "HTTP/1.1 200 OK"
2026-08-13 06:31:18.230 - dataset_manager - INFO - Tokenizer(s) configured in 2.94 seconds
2026-08-13 06:31:18.230 - dataset_manager - INFO - Configuring dataset for dataset_manager
2026-08-13 06:31:18.512 - CustomDatasetComposer - INFO - Using explicit dataset format: multi_turn
2026-08-13 06:31:18.578 - MemoryMapDatasetBackingStore_3e4ef1f4 - INFO - Memory-mapped backing store initialized (streaming to /tmp/aiperf_mmap_ba9b004b6cc6/dataset.dat)
2026-08-13 06:31:18.603 - MemoryMapDatasetBackingStore_3e4ef1f4 - INFO - Data file finalized: 500 conversations, 1.25 MB
2026-08-13 06:31:18.604 - MemoryMapDatasetBackingStore_3e4ef1f4 - INFO - Index file created: /tmp/aiperf_mmap_ba9b004b6cc6/index.dat
2026-08-13 06:31:18.604 - dataset_manager - INFO - Backing store finalized: client_type=DatasetClientStoreType.MEMORY_MAP format=MemoryMapFormat.CONVERSATION data_file_path=PosixPath('/tmp/aiperf_mmap_ba9b004b6cc6/dataset.dat') index_file_path=PosixPath('/tmp/aiperf_mmap_ba9b004b6cc6/index.dat') conversation_count=500 total_size_bytes=1314737 compressed=False compressed_data_file_path=None compressed_index_file_path=None compressed_size_bytes=0
2026-08-13 06:31:18.613 - dataset_manager - INFO - sampling strategy: sequential, unique conversations: 500, unique turn count: 1783
2026-08-13 06:31:18.617 - dataset_manager - INFO - Generating inputs.json file at /output/inputs.json
2026-08-13 06:31:18.625 - system_controller - WARNING - Received command response for service we were not expecting: worker_a3b8d190. Ignoring.
2026-08-13 06:31:18.625 - system_controller - WARNING - Received command response for service we were not expecting: worker_1ce67197. Ignoring.
2026-08-13 06:31:18.625 - system_controller - WARNING - Received command response for service we were not expecting: worker_3b64cba4. Ignoring.
2026-08-13 06:31:18.625 - system_controller - WARNING - Received command response for service we were not expecting: worker_53eb3986. Ignoring.
2026-08-13 06:31:18.628 - system_controller - WARNING - Received command response for service we were not expecting: worker_44484d66. Ignoring.
2026-08-13 06:31:18.628 - system_controller - WARNING - Received command response for service we were not expecting: worker_de2bea00. Ignoring.
2026-08-13 06:31:18.629 - system_controller - WARNING - Received command response for service we were not expecting: worker_e74c2893. Ignoring.
2026-08-13 06:31:18.629 - PhaseOrchestrator_637bb08f - INFO - Initialized 2 phase(s): ['Warmup', 'Profiling']
2026-08-13 06:31:18.629 - system_controller - WARNING - Received command response for service we were not expecting: worker_35ff8436. Ignoring.
2026-08-13 06:31:18.629 - dataset_manager - INFO - inputs.json file generated in 0.01 seconds
2026-08-13 06:31:18.779 - dataset_manager - INFO - Dataset client initialized and freed 500 conversations from memory
2026-08-13 06:31:18.779 - dataset_manager - INFO - Dataset configured in 0.55 seconds
2026-08-13 06:31:18.780 - system_controller - INFO - All services configured in 3.49 seconds
2026-08-13 06:31:18.780 - system_controller - INFO - AIPerf System is CONFIGURED
2026-08-13 06:31:18.782 - system_controller - INFO - All services started profiling successfully
2026-08-13 06:31:18.782 - system_controller - INFO - AIPerf System is PROFILING
2026-08-13 06:31:18.786 - RateTiming - INFO - Creating interval generator: pattern=concurrency_burst, rate=None, smoothness=None
2026-08-13 06:31:18.786 - PhaseRunner - NOTICE - Phase warmup (warmup) started | phase_index=0 | target: 3 requests
2026-08-13 06:31:18.787 - PhaseRunner - NOTICE - Phase warmup (warmup) sending complete | sent=3, completed=0, in_flight=3 | sessions: sent=3, completed=0
2026-08-13 06:31:18.788 - records_manager - INFO - Credit phase start: warmup
2026-08-13 06:31:48.802 - PhaseRunner - INFO - Phase warmup progress | returned=0/3 | sent=3 | in_flight=3 | errors=0 | elapsed=30.0s
2026-08-13 06:32:18.816 - PhaseRunner - INFO - Phase warmup progress | returned=1/3 | sent=3 | in_flight=2 | errors=0 | elapsed=60.0s
2026-08-13 06:32:45.099 - PhaseRunner - NOTICE - Phase warmup (warmup) complete | completed=3, cancelled=0, errors=0 | sessions: completed=1, cancelled=0 | elapsed=86.31s
2026-08-13 06:32:45.100 - RateTiming - INFO - Creating interval generator: pattern=concurrency_burst, rate=None, smoothness=None
2026-08-13 06:32:45.100 - PhaseRunner - NOTICE - Phase profiling (profiling) started | phase_index=1 | profiling_index=0 | target: 50 requests, 50 sessions
2026-08-13 06:32:45.102 - records_manager - INFO - Credit phase start: profiling
2026-08-13 06:33:29.843 - aiperf.metrics.types.osl_mismatch_metrics - WARNING - OSL mismatch: got 120 tokens (requested 775, diff -84.5%)
2026-08-13 06:33:31.331 - aiperf.metrics.types.osl_mismatch_metrics - WARNING - OSL mismatch: got 93 tokens (requested 470, diff -80.2%)
2026-08-13 06:33:40.665 - aiperf.metrics.types.osl_mismatch_metrics - WARNING - OSL mismatch: got 68 tokens (requested 782, diff -91.3%)
2026-08-13 06:33:45.937 - aiperf.metrics.types.osl_mismatch_metrics - WARNING - OSL mismatch: got 88 tokens (requested 302, diff -70.9%)
2026-08-13 06:34:48.456 - aiperf.metrics.types.osl_mismatch_metrics - WARNING - OSL mismatch: got 152 tokens (requested 617, diff -75.4%)
2026-08-13 06:37:31.762 - aiperf.metrics.types.osl_mismatch_metrics - WARNING - OSL mismatch: got 29 tokens (requested 493, diff -94.1%)
2026-08-13 06:38:44.699 - PhaseRunner - NOTICE - Phase profiling (profiling) sending complete | sent=50, completed=42, in_flight=8 | sessions: sent=20, completed=12
2026-08-13 06:38:44.700 - records_manager - INFO - Sent 50 requests. Waiting for all to complete...
2026-08-13 06:40:12.509 - PhaseRunner - NOTICE - Phase profiling (profiling) complete | completed=50, cancelled=0, errors=0 | sessions: completed=12, cancelled=0 | elapsed=447.41s
2026-08-13 06:40:12.510 - PhaseOrchestrator_637bb08f - NOTICE - All credits completed
2026-08-13 06:40:12.511 - records_manager - INFO - Received CREDIT_PHASE_COMPLETE message, Phase complete: PhaseRecordsStats(phase=CreditPhase.PROFILING, phase_index=1, profiling_index=0, phase_name='profiling', phase_kind='profiling', start_ns=1786602765100892778, sent_end_ns=1786603124699247217, requests_end_ns=1786603212509140085, baseline_start_ns=1786602765100876490, baseline_end_ns=1786603212509157861, total_expected_requests=50, expected_duration_sec=None, expected_num_sessions=None, expected_grace_period_sec=None, final_requests_sent=None, final_requests_completed=50, final_requests_cancelled=0, final_request_errors=0, final_sent_sessions=None, final_completed_sessions=None, final_cancelled_sessions=None, timeout_triggered=False, grace_period_timeout_triggered=False, was_cancelled=False, records_end_ns=None, success_records=49, error_records=0)
2026-08-13 06:40:12.511 - system_controller - INFO - Received credits complete from 'timing_manager'
2026-08-13 06:40:12.511 - records_manager - NOTICE - All requests have completed, please wait for the results to be processed (currently 49 of 50 records processed)...
2026-08-13 06:40:12.511 - records_manager - INFO - All credits complete, please wait for the results to be processed...
2026-08-13 06:40:12.519 - records_manager - INFO - Processed 50 valid requests and 0 errors (50 total).
2026-08-13 06:40:12.519 - records_manager - INFO - Received all records, processing now...
2026-08-13 06:40:12.520 - gpu_telemetry_manager - INFO - GPU Telemetry: Profiling complete, capturing final metrics...
2026-08-13 06:40:12.521 - records_manager - INFO - Waiting 2.0s for server metrics flush period...
2026-08-13 06:40:14.509 - records_manager - INFO - Processing records results...
2026-08-13 06:40:14.601 - system_controller - INFO - Waiting for result domains: telemetry
2026-08-13 06:40:14.601 - records_manager - INFO - _finalize_and_process_results completed
2026-08-13 06:40:14.602 - system_controller - INFO - All results received, initiating shutdown
2026-08-13 06:40:15.205 - ExporterManager - INFO - Exporting all records
2026-08-13 06:40:15.243 - ExporterManager - INFO - Exporting console data
