2026-08-12 00:38:53.579 - aiperf.cli_runner._single_run - INFO - Starting AIPerf System
2026-08-12 00:38:54.101 - httpx - INFO - HTTP Request: GET https://huggingface.co/api/models/nvidia/NVIDIA-Nemotron-3.5-Lightning-30B-A3B-NVFP4 "HTTP/1.1 200 OK"
2026-08-12 00:38:54.112 - aiperf.config.resolution.resolvers - INFO - [OK] Tokenizer nvidia/NVIDIA-Nemotron-3.5-Lightning-30B-A3B-NVFP4 detected
2026-08-12 00:38:54.112 - aiperf.config.resolution.resolvers - INFO - 1 tokenizer validated | 0.5s
2026-08-12 00:38:54.112 - aiperf.config.resolution.resolvers - INFO - Prefetching 1 tokenizer into HF cache...
2026-08-12 00:38:54.944 - httpx - INFO - HTTP Request: HEAD https://huggingface.co/nvidia/NVIDIA-Nemotron-3.5-Lightning-30B-A3B-NVFP4/resolve/main/config.json "HTTP/1.1 307 Temporary Redirect"
2026-08-12 00:38:54.945 - huggingface_hub.utils._http - WARNING - Warning: You are sending unauthenticated requests to the HF Hub. Please set a HF_TOKEN to enable higher rate limits and faster downloads.
2026-08-12 00:38:54.959 - httpx - INFO - HTTP Request: HEAD https://huggingface.co/api/resolve-cache/models/nvidia/NVIDIA-Nemotron-3.5-Lightning-30B-A3B-NVFP4/b14872a58afd94e2fbbc1e5a1fe4ebb7dfdc5fdd/config.json "HTTP/1.1 200 OK"
2026-08-12 00:38:54.975 - httpx - INFO - HTTP Request: GET https://huggingface.co/api/resolve-cache/models/nvidia/NVIDIA-Nemotron-3.5-Lightning-30B-A3B-NVFP4/b14872a58afd94e2fbbc1e5a1fe4ebb7dfdc5fdd/config.json "HTTP/1.1 200 OK"
2026-08-12 00:38:55.178 - httpx - INFO - HTTP Request: HEAD https://huggingface.co/nvidia/NVIDIA-Nemotron-3.5-Lightning-30B-A3B-NVFP4/resolve/main/tokenizer_config.json "HTTP/1.1 307 Temporary Redirect"
2026-08-12 00:38:55.199 - httpx - INFO - HTTP Request: HEAD https://huggingface.co/api/resolve-cache/models/nvidia/NVIDIA-Nemotron-3.5-Lightning-30B-A3B-NVFP4/b14872a58afd94e2fbbc1e5a1fe4ebb7dfdc5fdd/tokenizer_config.json "HTTP/1.1 200 OK"
2026-08-12 00:38:55.211 - httpx - INFO - HTTP Request: GET https://huggingface.co/api/resolve-cache/models/nvidia/NVIDIA-Nemotron-3.5-Lightning-30B-A3B-NVFP4/b14872a58afd94e2fbbc1e5a1fe4ebb7dfdc5fdd/tokenizer_config.json "HTTP/1.1 200 OK"
2026-08-12 00:38:55.304 - httpx - INFO - HTTP Request: GET https://huggingface.co/api/models/nvidia/NVIDIA-Nemotron-3.5-Lightning-30B-A3B-NVFP4/tree/main/additional_chat_templates?recursive=false&expand=false "HTTP/1.1 404 Not Found"
2026-08-12 00:38:55.465 - httpx - INFO - HTTP Request: GET https://huggingface.co/api/models/nvidia/NVIDIA-Nemotron-3.5-Lightning-30B-A3B-NVFP4/tree/main?recursive=true&expand=false "HTTP/1.1 200 OK"
2026-08-12 00:38:55.615 - httpx - INFO - HTTP Request: HEAD https://huggingface.co/nvidia/NVIDIA-Nemotron-3.5-Lightning-30B-A3B-NVFP4/resolve/main/tokenizer.json "HTTP/1.1 302 Found"
2026-08-12 00:38:55.711 - httpx - INFO - HTTP Request: GET https://huggingface.co/api/models/nvidia/NVIDIA-Nemotron-3.5-Lightning-30B-A3B-NVFP4/xet-read-token/b14872a58afd94e2fbbc1e5a1fe4ebb7dfdc5fdd "HTTP/1.1 200 OK"
2026-08-12 00:38:56.582 - httpx - INFO - HTTP Request: HEAD https://huggingface.co/nvidia/NVIDIA-Nemotron-3.5-Lightning-30B-A3B-NVFP4/resolve/main/tokenizer.model "HTTP/1.1 404 Not Found"
2026-08-12 00:38:56.669 - httpx - INFO - HTTP Request: HEAD https://huggingface.co/nvidia/NVIDIA-Nemotron-3.5-Lightning-30B-A3B-NVFP4/resolve/main/added_tokens.json "HTTP/1.1 404 Not Found"
2026-08-12 00:38:56.758 - httpx - INFO - HTTP Request: HEAD https://huggingface.co/nvidia/NVIDIA-Nemotron-3.5-Lightning-30B-A3B-NVFP4/resolve/main/special_tokens_map.json "HTTP/1.1 307 Temporary Redirect"
2026-08-12 00:38:56.771 - httpx - INFO - HTTP Request: HEAD https://huggingface.co/api/resolve-cache/models/nvidia/NVIDIA-Nemotron-3.5-Lightning-30B-A3B-NVFP4/b14872a58afd94e2fbbc1e5a1fe4ebb7dfdc5fdd/special_tokens_map.json "HTTP/1.1 200 OK"
2026-08-12 00:38:56.785 - httpx - INFO - HTTP Request: GET https://huggingface.co/api/resolve-cache/models/nvidia/NVIDIA-Nemotron-3.5-Lightning-30B-A3B-NVFP4/b14872a58afd94e2fbbc1e5a1fe4ebb7dfdc5fdd/special_tokens_map.json "HTTP/1.1 200 OK"
2026-08-12 00:38:56.875 - httpx - INFO - HTTP Request: HEAD https://huggingface.co/nvidia/NVIDIA-Nemotron-3.5-Lightning-30B-A3B-NVFP4/resolve/main/chat_template.jinja "HTTP/1.1 307 Temporary Redirect"
2026-08-12 00:38:56.890 - httpx - INFO - HTTP Request: HEAD https://huggingface.co/api/resolve-cache/models/nvidia/NVIDIA-Nemotron-3.5-Lightning-30B-A3B-NVFP4/b14872a58afd94e2fbbc1e5a1fe4ebb7dfdc5fdd/chat_template.jinja "HTTP/1.1 200 OK"
2026-08-12 00:38:56.902 - httpx - INFO - HTTP Request: GET https://huggingface.co/api/resolve-cache/models/nvidia/NVIDIA-Nemotron-3.5-Lightning-30B-A3B-NVFP4/b14872a58afd94e2fbbc1e5a1fe4ebb7dfdc5fdd/chat_template.jinja "HTTP/1.1 200 OK"
2026-08-12 00:38:57.792 - httpx - INFO - HTTP Request: GET https://huggingface.co/api/models/nvidia/NVIDIA-Nemotron-3.5-Lightning-30B-A3B-NVFP4 "HTTP/1.1 200 OK"
2026-08-12 00:38:57.828 - aiperf.config.resolution.resolvers - INFO -   Cached nvidia/NVIDIA-Nemotron-3.5-Lightning-30B-A3B-NVFP4 (3.70s)
2026-08-12 00:38:57.863 - aiperf.config.resolution.resolvers - INFO - 1 tokenizer cached • 3.8s
2026-08-12 00:38:58.269 - system_controller - INFO - Registered Gpu Telemetry Manager (id: 'gpu_telemetry_manager')
2026-08-12 00:38:58.341 - server_metrics_manager - INFO - Server Metrics: Discovered 1 endpoints: ['http://localhost:8000/metrics']
2026-08-12 00:38:58.363 - GPUTelemetryJSONLWriter_c8c42afc - INFO - GPU telemetry export enabled: /output/gpu_telemetry_export.jsonl
2026-08-12 00:38:58.366 - system_controller - INFO - Registered Worker Manager (id: 'worker_manager')
2026-08-12 00:38:58.374 - OTelMetricsResultsProcessor_f3c8be21 - INFO - Telemetry streaming is disabled (set --otel-url and/or --mlflow-tracking-uri to enable)
2026-08-12 00:38:58.378 - RecordExportJSONLWriter_005a0ba0 - INFO - Record metrics export enabled: /output/profile_export.jsonl
2026-08-12 00:38:58.396 - system_controller - INFO - Registered Dataset Manager (id: 'dataset_manager')
2026-08-12 00:38:58.445 - system_controller - INFO - Registered Server Metrics Manager (id: 'server_metrics_manager')
2026-08-12 00:38:58.445 - system_controller - INFO - Registered Record Processor (id: 'record_processor_8258d6c3')
2026-08-12 00:38:58.485 - system_controller - INFO - Registered Records Manager (id: 'records_manager')
2026-08-12 00:38:58.559 - system_controller - INFO - Registered Worker (id: 'worker_59317beb')
2026-08-12 00:38:58.578 - system_controller - INFO - Registered Timing Manager (id: 'timing_manager')
2026-08-12 00:38:58.651 - system_controller - INFO - Registered Worker (id: 'worker_64c785e8')
2026-08-12 00:38:58.752 - system_controller - INFO - AIPerf System is CONFIGURING
2026-08-12 00:38:58.752 - system_controller - INFO - Configuring all services to start profiling
2026-08-12 00:38:58.754 - timing_manager - INFO - Waiting for dataset to be configured before configuring timing
2026-08-12 00:38:58.754 - InferenceResultParser_77a1abea - INFO - Configuring tokenizers for inference result parser (resolve_alias: True)
2026-08-12 00:38:58.755 - dataset_manager - INFO - Configuring tokenizer(s) for dataset manager
2026-08-12 00:38:58.764 - server_metrics_manager - INFO - Server Metrics: Capturing baseline metrics...
2026-08-12 00:38:58.780 - http://localhost:8000/metrics - INFO - Skipping unsupported summary metric: http_request_size_bytes
2026-08-12 00:38:58.780 - http://localhost:8000/metrics - INFO - Skipping unsupported summary metric: http_response_size_bytes
2026-08-12 00:38:58.783 - system_controller - INFO - Server metrics enabled - 1/1 endpoint(s) reachable.
2026-08-12 00:38:58.783 - system_controller - INFO - Waiting for result domains: profile, server_metrics, telemetry
2026-08-12 00:38:58.790 - gpu_telemetry_manager - INFO - GPU Telemetry: Capturing baseline metrics from pynvml://localhost
2026-08-12 00:38:58.799 - pynvml_collector - INFO - PyNVML initialized with 1 GPU(s) (0 with GPM support)
2026-08-12 00:38:58.815 - system_controller - INFO - DCGM telemetry enabled - 1/1 endpoint(s) reachable
2026-08-12 00:38:59.560 - httpx - INFO - HTTP Request: HEAD https://huggingface.co/nvidia/NVIDIA-Nemotron-3.5-Lightning-30B-A3B-NVFP4/resolve/main/config.json "HTTP/1.1 307 Temporary Redirect"
2026-08-12 00:38:59.561 - huggingface_hub.utils._http - WARNING - Warning: You are sending unauthenticated requests to the HF Hub. Please set a HF_TOKEN to enable higher rate limits and faster downloads.
2026-08-12 00:38:59.574 - httpx - INFO - HTTP Request: HEAD https://huggingface.co/api/resolve-cache/models/nvidia/NVIDIA-Nemotron-3.5-Lightning-30B-A3B-NVFP4/b14872a58afd94e2fbbc1e5a1fe4ebb7dfdc5fdd/config.json "HTTP/1.1 200 OK"
2026-08-12 00:38:59.575 - httpx - INFO - HTTP Request: HEAD https://huggingface.co/nvidia/NVIDIA-Nemotron-3.5-Lightning-30B-A3B-NVFP4/resolve/main/config.json "HTTP/1.1 307 Temporary Redirect"
2026-08-12 00:38:59.575 - huggingface_hub.utils._http - WARNING - Warning: You are sending unauthenticated requests to the HF Hub. Please set a HF_TOKEN to enable higher rate limits and faster downloads.
2026-08-12 00:38:59.587 - httpx - INFO - HTTP Request: HEAD https://huggingface.co/api/resolve-cache/models/nvidia/NVIDIA-Nemotron-3.5-Lightning-30B-A3B-NVFP4/b14872a58afd94e2fbbc1e5a1fe4ebb7dfdc5fdd/config.json "HTTP/1.1 200 OK"
2026-08-12 00:38:59.710 - httpx - INFO - HTTP Request: HEAD https://huggingface.co/nvidia/NVIDIA-Nemotron-3.5-Lightning-30B-A3B-NVFP4/resolve/main/tokenizer_config.json "HTTP/1.1 307 Temporary Redirect"
2026-08-12 00:38:59.724 - httpx - INFO - HTTP Request: HEAD https://huggingface.co/api/resolve-cache/models/nvidia/NVIDIA-Nemotron-3.5-Lightning-30B-A3B-NVFP4/b14872a58afd94e2fbbc1e5a1fe4ebb7dfdc5fdd/tokenizer_config.json "HTTP/1.1 200 OK"
2026-08-12 00:38:59.752 - httpx - INFO - HTTP Request: HEAD https://huggingface.co/nvidia/NVIDIA-Nemotron-3.5-Lightning-30B-A3B-NVFP4/resolve/main/tokenizer_config.json "HTTP/1.1 307 Temporary Redirect"
2026-08-12 00:38:59.762 - httpx - INFO - HTTP Request: HEAD https://huggingface.co/api/resolve-cache/models/nvidia/NVIDIA-Nemotron-3.5-Lightning-30B-A3B-NVFP4/b14872a58afd94e2fbbc1e5a1fe4ebb7dfdc5fdd/tokenizer_config.json "HTTP/1.1 200 OK"
2026-08-12 00:38:59.810 - httpx - INFO - HTTP Request: GET https://huggingface.co/api/models/nvidia/NVIDIA-Nemotron-3.5-Lightning-30B-A3B-NVFP4/tree/main/additional_chat_templates?recursive=false&expand=false "HTTP/1.1 404 Not Found"
2026-08-12 00:38:59.852 - httpx - INFO - HTTP Request: GET https://huggingface.co/api/models/nvidia/NVIDIA-Nemotron-3.5-Lightning-30B-A3B-NVFP4/tree/main/additional_chat_templates?recursive=false&expand=false "HTTP/1.1 404 Not Found"
2026-08-12 00:38:59.899 - httpx - INFO - HTTP Request: GET https://huggingface.co/api/models/nvidia/NVIDIA-Nemotron-3.5-Lightning-30B-A3B-NVFP4/tree/main?recursive=true&expand=false "HTTP/1.1 200 OK"
2026-08-12 00:38:59.942 - httpx - INFO - HTTP Request: GET https://huggingface.co/api/models/nvidia/NVIDIA-Nemotron-3.5-Lightning-30B-A3B-NVFP4/tree/main?recursive=true&expand=false "HTTP/1.1 200 OK"
2026-08-12 00:39:00.839 - httpx - INFO - HTTP Request: GET https://huggingface.co/api/models/nvidia/NVIDIA-Nemotron-3.5-Lightning-30B-A3B-NVFP4 "HTTP/1.1 200 OK"
2026-08-12 00:39:00.859 - httpx - INFO - HTTP Request: GET https://huggingface.co/api/models/nvidia/NVIDIA-Nemotron-3.5-Lightning-30B-A3B-NVFP4 "HTTP/1.1 200 OK"
2026-08-12 00:39:00.865 - dataset_manager - INFO - Tokenizer(s) configured in 2.11 seconds
2026-08-12 00:39:00.865 - dataset_manager - INFO - Configuring dataset for dataset_manager
2026-08-12 00:39:00.884 - InferenceResultParser_77a1abea - INFO - Initialized tokenizers: {'nvidia/NVIDIA-Nemotron-3.5-Lightning-30B-A3B-NVFP4': {'class': 'TokenizersBackend', 'name_or_path': 'nvidia/NVIDIA-Nemotron-3.5-Lightning-30B-A3B-NVFP4'}} in 2.13 seconds
2026-08-12 00:39:01.139 - CustomDatasetComposer - INFO - Using explicit dataset format: multi_turn
2026-08-12 00:39:01.191 - MemoryMapDatasetBackingStore_c3a6ce7c - INFO - Memory-mapped backing store initialized (streaming to /tmp/aiperf_mmap_2eca054c1a6e/dataset.dat)
2026-08-12 00:39:01.212 - MemoryMapDatasetBackingStore_c3a6ce7c - INFO - Data file finalized: 500 conversations, 1.29 MB
2026-08-12 00:39:01.213 - MemoryMapDatasetBackingStore_c3a6ce7c - INFO - Index file created: /tmp/aiperf_mmap_2eca054c1a6e/index.dat
2026-08-12 00:39:01.213 - dataset_manager - INFO - Backing store finalized: client_type=DatasetClientStoreType.MEMORY_MAP format=MemoryMapFormat.CONVERSATION data_file_path=PosixPath('/tmp/aiperf_mmap_2eca054c1a6e/dataset.dat') index_file_path=PosixPath('/tmp/aiperf_mmap_2eca054c1a6e/index.dat') conversation_count=500 total_size_bytes=1353963 compressed=False compressed_data_file_path=None compressed_index_file_path=None compressed_size_bytes=0
2026-08-12 00:39:01.222 - dataset_manager - INFO - sampling strategy: sequential, unique conversations: 500, unique turn count: 1783
2026-08-12 00:39:01.227 - dataset_manager - INFO - Generating inputs.json file at /output/inputs.json
2026-08-12 00:39:01.234 - PhaseOrchestrator_4cc1c081 - INFO - Initialized 2 phase(s): ['Warmup', 'Profiling']
2026-08-12 00:39:01.242 - dataset_manager - INFO - inputs.json file generated in 0.01 seconds
2026-08-12 00:39:01.372 - dataset_manager - INFO - Dataset client initialized and freed 500 conversations from memory
2026-08-12 00:39:01.372 - dataset_manager - INFO - Dataset configured in 0.51 seconds
2026-08-12 00:39:01.373 - system_controller - INFO - All services configured in 2.62 seconds
2026-08-12 00:39:01.373 - system_controller - INFO - AIPerf System is CONFIGURED
2026-08-12 00:39:01.374 - server_metrics_manager - INFO - Server Metrics: Started 1 collector(s) successfully
2026-08-12 00:39:01.375 - system_controller - INFO - All services started profiling successfully
2026-08-12 00:39:01.375 - system_controller - INFO - AIPerf System is PROFILING
2026-08-12 00:39:01.379 - RateTiming - INFO - Creating interval generator: pattern=concurrency_burst, rate=None, smoothness=None
2026-08-12 00:39:01.379 - PhaseRunner - NOTICE - Phase warmup (warmup) started | phase_index=0 | target: 3 requests
2026-08-12 00:39:01.380 - records_manager - INFO - Credit phase start: warmup
2026-08-12 00:39:11.437 - PhaseRunner - NOTICE - Phase warmup (warmup) sending complete | sent=3, completed=1, in_flight=2 | sessions: sent=2, completed=0
2026-08-12 00:39:21.563 - PhaseRunner - NOTICE - Phase warmup (warmup) complete | completed=3, cancelled=0, errors=0 | sessions: completed=1, cancelled=0 | elapsed=20.18s
2026-08-12 00:39:21.570 - server_metrics_manager - INFO - Server Metrics: Warmup complete, capturing final warmup metrics...
2026-08-12 00:39:21.581 - RateTiming - INFO - Creating interval generator: pattern=concurrency_burst, rate=None, smoothness=None
2026-08-12 00:39:21.584 - PhaseRunner - NOTICE - Phase profiling (profiling) started | phase_index=1 | profiling_index=0 | target: 50 requests, 50 sessions
2026-08-12 00:39:21.593 - records_manager - INFO - Credit phase start: profiling
2026-08-12 00:39:34.890 - aiperf.metrics.types.osl_mismatch_metrics - WARNING - OSL mismatch: got 686 tokens (requested 775, diff -11.5%)
2026-08-12 00:40:00.205 - aiperf.metrics.types.osl_mismatch_metrics - WARNING - OSL mismatch: got 486 tokens (requested 655, diff -25.8%)
2026-08-12 00:41:38.559 - aiperf.metrics.types.osl_mismatch_metrics - WARNING - OSL mismatch: got 571 tokens (requested 640, diff -10.8%)
2026-08-12 00:41:56.187 - aiperf.metrics.types.osl_mismatch_metrics - WARNING - OSL mismatch: got 907 tokens (requested 995, diff -8.8%)
2026-08-12 00:42:38.486 - PhaseRunner - NOTICE - Phase profiling (profiling) sending complete | sent=50, completed=48, in_flight=2 | sessions: sent=16, completed=14
2026-08-12 00:42:38.488 - records_manager - INFO - Sent 50 requests. Waiting for all to complete...
2026-08-12 00:42:45.410 - PhaseRunner - NOTICE - Phase profiling (profiling) complete | completed=50, cancelled=0, errors=0 | sessions: completed=14, cancelled=0 | elapsed=203.82s
2026-08-12 00:42:45.412 - PhaseOrchestrator_4cc1c081 - NOTICE - All credits completed
2026-08-12 00:42:45.413 - records_manager - INFO - Received CREDIT_PHASE_COMPLETE message, Phase complete: PhaseRecordsStats(phase=CreditPhase.PROFILING, phase_index=1, profiling_index=0, phase_name='profiling', phase_kind='profiling', start_ns=1786495161584300650, sent_end_ns=1786495358486441092, requests_end_ns=1786495365408455720, baseline_start_ns=1786495161584281242, baseline_end_ns=1786495365408485720, total_expected_requests=50, expected_duration_sec=None, expected_num_sessions=None, expected_grace_period_sec=None, final_requests_sent=None, final_requests_completed=50, final_requests_cancelled=0, final_request_errors=0, final_sent_sessions=None, final_completed_sessions=None, final_cancelled_sessions=None, timeout_triggered=False, grace_period_timeout_triggered=False, was_cancelled=False, records_end_ns=None, success_records=49, error_records=0)
2026-08-12 00:42:45.413 - records_manager - NOTICE - All requests have completed, please wait for the results to be processed (currently 49 of 50 records processed)...
2026-08-12 00:42:45.414 - records_manager - INFO - All credits complete, please wait for the results to be processed...
2026-08-12 00:42:45.417 - system_controller - INFO - Received credits complete from 'timing_manager'
2026-08-12 00:42:45.423 - records_manager - INFO - Processed 50 valid requests and 0 errors (50 total).
2026-08-12 00:42:45.423 - records_manager - INFO - Received all records, processing now...
2026-08-12 00:42:45.432 - server_metrics_manager - INFO - Server Metrics: Profiling complete, capturing final metrics...
2026-08-12 00:42:45.436 - records_manager - INFO - Waiting 2.0s for server metrics flush period...
2026-08-12 00:42:45.433 - gpu_telemetry_manager - INFO - GPU Telemetry: Profiling complete, capturing final metrics...
2026-08-12 00:42:47.412 - records_manager - INFO - Processing records results...
2026-08-12 00:42:47.884 - system_controller - INFO - Waiting for result domains: server_metrics, telemetry
2026-08-12 00:42:47.886 - system_controller - INFO - Waiting for result domains: server_metrics
2026-08-12 00:42:48.049 - records_manager - INFO - _finalize_and_process_results completed
2026-08-12 00:42:48.053 - system_controller - INFO - All results received, initiating shutdown
2026-08-12 00:42:48.673 - ExporterManager - INFO - Exporting all records
2026-08-12 00:42:48.871 - ExporterManager - INFO - Exporting console data
