2026-08-13 08:17:45.684 - aiperf.cli_runner._single_run - INFO - Starting AIPerf System
2026-08-13 08:17:46.196 - httpx - INFO - HTTP Request: GET https://huggingface.co/api/models/nvidia/NVIDIA-Nemotron-3.5-Lightning-30B-A3B-NVFP4 "HTTP/1.1 200 OK"
2026-08-13 08:17:46.212 - aiperf.config.resolution.resolvers - INFO - [OK] Tokenizer nvidia/NVIDIA-Nemotron-3.5-Lightning-30B-A3B-NVFP4 detected
2026-08-13 08:17:46.212 - aiperf.config.resolution.resolvers - INFO - 1 tokenizer validated | 0.5s
2026-08-13 08:17:46.212 - aiperf.config.resolution.resolvers - INFO - Prefetching 1 tokenizer into HF cache...
2026-08-13 08:17:47.248 - httpx - INFO - HTTP Request: HEAD https://huggingface.co/nvidia/NVIDIA-Nemotron-3.5-Lightning-30B-A3B-NVFP4/resolve/main/config.json "HTTP/1.1 307 Temporary Redirect"
2026-08-13 08:17:47.248 - huggingface_hub.utils._http - WARNING - Warning: You are sending unauthenticated requests to the HF Hub. Please set a HF_TOKEN to enable higher rate limits and faster downloads.
2026-08-13 08:17:47.257 - httpx - INFO - HTTP Request: HEAD https://huggingface.co/api/resolve-cache/models/nvidia/NVIDIA-Nemotron-3.5-Lightning-30B-A3B-NVFP4/29f2d1746d8f41e316523194b19018707749b1b1/config.json "HTTP/1.1 200 OK"
2026-08-13 08:17:47.269 - httpx - INFO - HTTP Request: GET https://huggingface.co/api/resolve-cache/models/nvidia/NVIDIA-Nemotron-3.5-Lightning-30B-A3B-NVFP4/29f2d1746d8f41e316523194b19018707749b1b1/config.json "HTTP/1.1 200 OK"
2026-08-13 08:17:47.396 - httpx - INFO - HTTP Request: HEAD https://huggingface.co/nvidia/NVIDIA-Nemotron-3.5-Lightning-30B-A3B-NVFP4/resolve/main/tokenizer_config.json "HTTP/1.1 307 Temporary Redirect"
2026-08-13 08:17:47.406 - httpx - INFO - HTTP Request: HEAD https://huggingface.co/api/resolve-cache/models/nvidia/NVIDIA-Nemotron-3.5-Lightning-30B-A3B-NVFP4/29f2d1746d8f41e316523194b19018707749b1b1/tokenizer_config.json "HTTP/1.1 200 OK"
2026-08-13 08:17:47.417 - httpx - INFO - HTTP Request: GET https://huggingface.co/api/resolve-cache/models/nvidia/NVIDIA-Nemotron-3.5-Lightning-30B-A3B-NVFP4/29f2d1746d8f41e316523194b19018707749b1b1/tokenizer_config.json "HTTP/1.1 200 OK"
2026-08-13 08:17:47.498 - httpx - INFO - HTTP Request: GET https://huggingface.co/api/models/nvidia/NVIDIA-Nemotron-3.5-Lightning-30B-A3B-NVFP4/tree/main/additional_chat_templates?recursive=false&expand=false "HTTP/1.1 404 Not Found"
2026-08-13 08:17:47.615 - httpx - INFO - HTTP Request: GET https://huggingface.co/api/models/nvidia/NVIDIA-Nemotron-3.5-Lightning-30B-A3B-NVFP4/tree/main?recursive=true&expand=false "HTTP/1.1 200 OK"
2026-08-13 08:17:47.704 - httpx - INFO - HTTP Request: HEAD https://huggingface.co/nvidia/NVIDIA-Nemotron-3.5-Lightning-30B-A3B-NVFP4/resolve/main/tokenizer.json "HTTP/1.1 302 Found"
2026-08-13 08:17:47.791 - httpx - INFO - HTTP Request: GET https://huggingface.co/api/models/nvidia/NVIDIA-Nemotron-3.5-Lightning-30B-A3B-NVFP4/xet-read-token/29f2d1746d8f41e316523194b19018707749b1b1 "HTTP/1.1 200 OK"
2026-08-13 08:17:48.736 - httpx - INFO - HTTP Request: HEAD https://huggingface.co/nvidia/NVIDIA-Nemotron-3.5-Lightning-30B-A3B-NVFP4/resolve/main/tokenizer.model "HTTP/1.1 404 Not Found"
2026-08-13 08:17:48.821 - httpx - INFO - HTTP Request: HEAD https://huggingface.co/nvidia/NVIDIA-Nemotron-3.5-Lightning-30B-A3B-NVFP4/resolve/main/added_tokens.json "HTTP/1.1 404 Not Found"
2026-08-13 08:17:48.905 - httpx - INFO - HTTP Request: HEAD https://huggingface.co/nvidia/NVIDIA-Nemotron-3.5-Lightning-30B-A3B-NVFP4/resolve/main/special_tokens_map.json "HTTP/1.1 307 Temporary Redirect"
2026-08-13 08:17:48.917 - httpx - INFO - HTTP Request: HEAD https://huggingface.co/api/resolve-cache/models/nvidia/NVIDIA-Nemotron-3.5-Lightning-30B-A3B-NVFP4/29f2d1746d8f41e316523194b19018707749b1b1/special_tokens_map.json "HTTP/1.1 200 OK"
2026-08-13 08:17:48.931 - httpx - INFO - HTTP Request: GET https://huggingface.co/api/resolve-cache/models/nvidia/NVIDIA-Nemotron-3.5-Lightning-30B-A3B-NVFP4/29f2d1746d8f41e316523194b19018707749b1b1/special_tokens_map.json "HTTP/1.1 200 OK"
2026-08-13 08:17:49.012 - httpx - INFO - HTTP Request: HEAD https://huggingface.co/nvidia/NVIDIA-Nemotron-3.5-Lightning-30B-A3B-NVFP4/resolve/main/chat_template.jinja "HTTP/1.1 307 Temporary Redirect"
2026-08-13 08:17:49.022 - httpx - INFO - HTTP Request: HEAD https://huggingface.co/api/resolve-cache/models/nvidia/NVIDIA-Nemotron-3.5-Lightning-30B-A3B-NVFP4/29f2d1746d8f41e316523194b19018707749b1b1/chat_template.jinja "HTTP/1.1 200 OK"
2026-08-13 08:17:49.035 - httpx - INFO - HTTP Request: GET https://huggingface.co/api/resolve-cache/models/nvidia/NVIDIA-Nemotron-3.5-Lightning-30B-A3B-NVFP4/29f2d1746d8f41e316523194b19018707749b1b1/chat_template.jinja "HTTP/1.1 200 OK"
2026-08-13 08:17:49.835 - httpx - INFO - HTTP Request: GET https://huggingface.co/api/models/nvidia/NVIDIA-Nemotron-3.5-Lightning-30B-A3B-NVFP4 "HTTP/1.1 200 OK"
2026-08-13 08:17:49.876 - aiperf.config.resolution.resolvers - INFO -   Cached nvidia/NVIDIA-Nemotron-3.5-Lightning-30B-A3B-NVFP4 (3.65s)
2026-08-13 08:17:49.927 - aiperf.config.resolution.resolvers - INFO - 1 tokenizer cached • 3.7s
2026-08-13 08:17:50.338 - server_metrics_manager - INFO - Server Metrics: Discovered 1 endpoints: ['http://localhost:8000/metrics']
2026-08-13 08:17:50.370 - GPUTelemetryJSONLWriter_6a579d7e - INFO - GPU telemetry export enabled: /output/gpu_telemetry_export.jsonl
2026-08-13 08:17:50.378 - system_controller - INFO - Registered Worker Manager (id: 'worker_manager')
2026-08-13 08:17:50.381 - OTelMetricsResultsProcessor_73fc37ef - INFO - Telemetry streaming is disabled (set --otel-url and/or --mlflow-tracking-uri to enable)
2026-08-13 08:17:50.384 - RecordExportJSONLWriter_0b65ca63 - INFO - Record metrics export enabled: /output/profile_export.jsonl
2026-08-13 08:17:50.412 - system_controller - INFO - Registered Gpu Telemetry Manager (id: 'gpu_telemetry_manager')
2026-08-13 08:17:50.413 - system_controller - INFO - Registered Dataset Manager (id: 'dataset_manager')
2026-08-13 08:17:50.442 - system_controller - INFO - Registered Server Metrics Manager (id: 'server_metrics_manager')
2026-08-13 08:17:50.491 - system_controller - INFO - Registered Records Manager (id: 'records_manager')
2026-08-13 08:17:50.545 - system_controller - INFO - Registered Record Processor (id: 'record_processor_e0bcb57d')
2026-08-13 08:17:50.572 - system_controller - INFO - Registered Timing Manager (id: 'timing_manager')
2026-08-13 08:17:50.702 - system_controller - INFO - Registered Worker (id: 'worker_2fa843be')
2026-08-13 08:17:50.702 - system_controller - INFO - Registered Worker (id: 'worker_29a983f0')
2026-08-13 08:17:50.760 - system_controller - INFO - AIPerf System is CONFIGURING
2026-08-13 08:17:50.760 - system_controller - INFO - Configuring all services to start profiling
2026-08-13 08:17:50.762 - timing_manager - INFO - Waiting for dataset to be configured before configuring timing
2026-08-13 08:17:50.762 - InferenceResultParser_a92ab92b - INFO - Configuring tokenizers for inference result parser (resolve_alias: True)
2026-08-13 08:17:50.763 - dataset_manager - INFO - Configuring tokenizer(s) for dataset manager
2026-08-13 08:17:50.771 - server_metrics_manager - INFO - Server Metrics: Capturing baseline metrics...
2026-08-13 08:17:50.781 - http://localhost:8000/metrics - INFO - Skipping unsupported summary metric: http_request_size_bytes
2026-08-13 08:17:50.781 - http://localhost:8000/metrics - INFO - Skipping unsupported summary metric: http_response_size_bytes
2026-08-13 08:17:50.783 - system_controller - INFO - Server metrics enabled - 1/1 endpoint(s) reachable.
2026-08-13 08:17:50.783 - system_controller - INFO - Waiting for result domains: profile, server_metrics, telemetry
2026-08-13 08:17:50.795 - gpu_telemetry_manager - INFO - GPU Telemetry: Capturing baseline metrics from pynvml://localhost
2026-08-13 08:17:50.805 - pynvml_collector - INFO - PyNVML initialized with 1 GPU(s) (0 with GPM support)
2026-08-13 08:17:50.820 - system_controller - INFO - DCGM telemetry enabled - 1/1 endpoint(s) reachable
2026-08-13 08:17:51.305 - httpx - INFO - HTTP Request: HEAD https://huggingface.co/nvidia/NVIDIA-Nemotron-3.5-Lightning-30B-A3B-NVFP4/resolve/main/config.json "HTTP/1.1 307 Temporary Redirect"
2026-08-13 08:17:51.305 - httpx - INFO - HTTP Request: HEAD https://huggingface.co/nvidia/NVIDIA-Nemotron-3.5-Lightning-30B-A3B-NVFP4/resolve/main/config.json "HTTP/1.1 307 Temporary Redirect"
2026-08-13 08:17:51.306 - huggingface_hub.utils._http - WARNING - Warning: You are sending unauthenticated requests to the HF Hub. Please set a HF_TOKEN to enable higher rate limits and faster downloads.
2026-08-13 08:17:51.315 - httpx - INFO - HTTP Request: HEAD https://huggingface.co/api/resolve-cache/models/nvidia/NVIDIA-Nemotron-3.5-Lightning-30B-A3B-NVFP4/29f2d1746d8f41e316523194b19018707749b1b1/config.json "HTTP/1.1 200 OK"
2026-08-13 08:17:51.315 - httpx - INFO - HTTP Request: HEAD https://huggingface.co/api/resolve-cache/models/nvidia/NVIDIA-Nemotron-3.5-Lightning-30B-A3B-NVFP4/29f2d1746d8f41e316523194b19018707749b1b1/config.json "HTTP/1.1 200 OK"
2026-08-13 08:17:51.439 - httpx - INFO - HTTP Request: HEAD https://huggingface.co/nvidia/NVIDIA-Nemotron-3.5-Lightning-30B-A3B-NVFP4/resolve/main/tokenizer_config.json "HTTP/1.1 307 Temporary Redirect"
2026-08-13 08:17:51.440 - huggingface_hub.utils._http - WARNING - Warning: You are sending unauthenticated requests to the HF Hub. Please set a HF_TOKEN to enable higher rate limits and faster downloads.
2026-08-13 08:17:51.440 - httpx - INFO - HTTP Request: HEAD https://huggingface.co/nvidia/NVIDIA-Nemotron-3.5-Lightning-30B-A3B-NVFP4/resolve/main/tokenizer_config.json "HTTP/1.1 307 Temporary Redirect"
2026-08-13 08:17:51.451 - httpx - INFO - HTTP Request: HEAD https://huggingface.co/api/resolve-cache/models/nvidia/NVIDIA-Nemotron-3.5-Lightning-30B-A3B-NVFP4/29f2d1746d8f41e316523194b19018707749b1b1/tokenizer_config.json "HTTP/1.1 200 OK"
2026-08-13 08:17:51.451 - httpx - INFO - HTTP Request: HEAD https://huggingface.co/api/resolve-cache/models/nvidia/NVIDIA-Nemotron-3.5-Lightning-30B-A3B-NVFP4/29f2d1746d8f41e316523194b19018707749b1b1/tokenizer_config.json "HTTP/1.1 200 OK"
2026-08-13 08:17:51.536 - httpx - INFO - HTTP Request: GET https://huggingface.co/api/models/nvidia/NVIDIA-Nemotron-3.5-Lightning-30B-A3B-NVFP4/tree/main/additional_chat_templates?recursive=false&expand=false "HTTP/1.1 404 Not Found"
2026-08-13 08:17:51.537 - httpx - INFO - HTTP Request: GET https://huggingface.co/api/models/nvidia/NVIDIA-Nemotron-3.5-Lightning-30B-A3B-NVFP4/tree/main/additional_chat_templates?recursive=false&expand=false "HTTP/1.1 404 Not Found"
2026-08-13 08:17:51.622 - httpx - INFO - HTTP Request: GET https://huggingface.co/api/models/nvidia/NVIDIA-Nemotron-3.5-Lightning-30B-A3B-NVFP4/tree/main?recursive=true&expand=false "HTTP/1.1 200 OK"
2026-08-13 08:17:51.622 - httpx - INFO - HTTP Request: GET https://huggingface.co/api/models/nvidia/NVIDIA-Nemotron-3.5-Lightning-30B-A3B-NVFP4/tree/main?recursive=true&expand=false "HTTP/1.1 200 OK"
2026-08-13 08:17:52.521 - httpx - INFO - HTTP Request: GET https://huggingface.co/api/models/nvidia/NVIDIA-Nemotron-3.5-Lightning-30B-A3B-NVFP4 "HTTP/1.1 200 OK"
2026-08-13 08:17:52.526 - httpx - INFO - HTTP Request: GET https://huggingface.co/api/models/nvidia/NVIDIA-Nemotron-3.5-Lightning-30B-A3B-NVFP4 "HTTP/1.1 200 OK"
2026-08-13 08:17:52.545 - InferenceResultParser_a92ab92b - INFO - Initialized tokenizers: {'nvidia/NVIDIA-Nemotron-3.5-Lightning-30B-A3B-NVFP4': {'class': 'TokenizersBackend', 'name_or_path': 'nvidia/NVIDIA-Nemotron-3.5-Lightning-30B-A3B-NVFP4'}} in 1.78 seconds
2026-08-13 08:17:52.549 - dataset_manager - INFO - Tokenizer(s) configured in 1.79 seconds
2026-08-13 08:17:52.549 - dataset_manager - INFO - Configuring dataset for dataset_manager
2026-08-13 08:17:52.786 - CustomDatasetComposer - INFO - Using explicit dataset format: multi_turn
2026-08-13 08:17:52.847 - MemoryMapDatasetBackingStore_a71a7b95 - INFO - Memory-mapped backing store initialized (streaming to /tmp/aiperf_mmap_c59ec1d44b12/dataset.dat)
2026-08-13 08:17:52.867 - MemoryMapDatasetBackingStore_a71a7b95 - INFO - Data file finalized: 500 conversations, 1.26 MB
2026-08-13 08:17:52.867 - MemoryMapDatasetBackingStore_a71a7b95 - INFO - Index file created: /tmp/aiperf_mmap_c59ec1d44b12/index.dat
2026-08-13 08:17:52.867 - dataset_manager - INFO - Backing store finalized: client_type=DatasetClientStoreType.MEMORY_MAP format=MemoryMapFormat.CONVERSATION data_file_path=PosixPath('/tmp/aiperf_mmap_c59ec1d44b12/dataset.dat') index_file_path=PosixPath('/tmp/aiperf_mmap_c59ec1d44b12/index.dat') conversation_count=500 total_size_bytes=1324108 compressed=False compressed_data_file_path=None compressed_index_file_path=None compressed_size_bytes=0
2026-08-13 08:17:52.876 - dataset_manager - INFO - sampling strategy: sequential, unique conversations: 500, unique turn count: 1783
2026-08-13 08:17:52.880 - dataset_manager - INFO - Generating inputs.json file at /output/inputs.json
2026-08-13 08:17:52.886 - PhaseOrchestrator_cc7269be - INFO - Initialized 2 phase(s): ['Warmup', 'Profiling']
2026-08-13 08:17:52.895 - dataset_manager - INFO - inputs.json file generated in 0.01 seconds
2026-08-13 08:17:53.028 - dataset_manager - INFO - Dataset client initialized and freed 500 conversations from memory
2026-08-13 08:17:53.028 - dataset_manager - INFO - Dataset configured in 0.48 seconds
2026-08-13 08:17:53.029 - system_controller - INFO - All services configured in 2.27 seconds
2026-08-13 08:17:53.030 - system_controller - INFO - AIPerf System is CONFIGURED
2026-08-13 08:17:53.031 - server_metrics_manager - INFO - Server Metrics: Started 1 collector(s) successfully
2026-08-13 08:17:53.032 - system_controller - INFO - All services started profiling successfully
2026-08-13 08:17:53.032 - system_controller - INFO - AIPerf System is PROFILING
2026-08-13 08:17:53.034 - RateTiming - INFO - Creating interval generator: pattern=concurrency_burst, rate=None, smoothness=None
2026-08-13 08:17:53.034 - PhaseRunner - NOTICE - Phase warmup (warmup) started | phase_index=0 | target: 3 requests
2026-08-13 08:17:53.035 - records_manager - INFO - Credit phase start: warmup
2026-08-13 08:17:55.791 - PhaseRunner - NOTICE - Phase warmup (warmup) sending complete | sent=3, completed=1, in_flight=2 | sessions: sent=2, completed=0
2026-08-13 08:17:57.576 - PhaseRunner - NOTICE - Phase warmup (warmup) complete | completed=3, cancelled=0, errors=0 | sessions: completed=1, cancelled=0 | elapsed=4.54s
2026-08-13 08:17:57.577 - RateTiming - INFO - Creating interval generator: pattern=concurrency_burst, rate=None, smoothness=None
2026-08-13 08:17:57.577 - PhaseRunner - NOTICE - Phase profiling (profiling) started | phase_index=1 | profiling_index=0 | target: 50 requests, 50 sessions
2026-08-13 08:17:57.577 - server_metrics_manager - INFO - Server Metrics: Warmup complete, capturing final warmup metrics...
2026-08-13 08:17:57.578 - records_manager - INFO - Credit phase start: profiling
2026-08-13 08:18:41.301 - PhaseRunner - NOTICE - Phase profiling (profiling) sending complete | sent=50, completed=48, in_flight=2 | sessions: sent=16, completed=14
2026-08-13 08:18:41.303 - records_manager - INFO - Sent 50 requests. Waiting for all to complete...
2026-08-13 08:18:42.611 - PhaseRunner - NOTICE - Phase profiling (profiling) complete | completed=50, cancelled=0, errors=0 | sessions: completed=15, cancelled=0 | elapsed=45.03s
2026-08-13 08:18:42.611 - PhaseOrchestrator_cc7269be - NOTICE - All credits completed
2026-08-13 08:18:42.612 - system_controller - INFO - Received credits complete from 'timing_manager'
2026-08-13 08:18:42.612 - records_manager - INFO - Received CREDIT_PHASE_COMPLETE message, Phase complete: PhaseRecordsStats(phase=CreditPhase.PROFILING, phase_index=1, profiling_index=0, phase_name='profiling', phase_kind='profiling', start_ns=1786609077577642395, sent_end_ns=1786609121301458537, requests_end_ns=1786609122611129544, baseline_start_ns=1786609077577636427, baseline_end_ns=1786609122611135624, total_expected_requests=50, expected_duration_sec=None, expected_num_sessions=None, expected_grace_period_sec=None, final_requests_sent=None, final_requests_completed=50, final_requests_cancelled=0, final_request_errors=0, final_sent_sessions=None, final_completed_sessions=None, final_cancelled_sessions=None, timeout_triggered=False, grace_period_timeout_triggered=False, was_cancelled=False, records_end_ns=None, success_records=49, error_records=0)
2026-08-13 08:18:42.612 - records_manager - NOTICE - All requests have completed, please wait for the results to be processed (currently 49 of 50 records processed)...
2026-08-13 08:18:42.612 - records_manager - INFO - All credits complete, please wait for the results to be processed...
2026-08-13 08:18:42.615 - records_manager - INFO - Processed 50 valid requests and 0 errors (50 total).
2026-08-13 08:18:42.615 - records_manager - INFO - Received all records, processing now...
2026-08-13 08:18:42.616 - gpu_telemetry_manager - INFO - GPU Telemetry: Profiling complete, capturing final metrics...
2026-08-13 08:18:42.616 - records_manager - INFO - Waiting 2.0s for server metrics flush period...
2026-08-13 08:18:42.627 - server_metrics_manager - INFO - Server Metrics: Profiling complete, capturing final metrics...
2026-08-13 08:18:44.610 - records_manager - INFO - Processing records results...
2026-08-13 08:18:44.771 - system_controller - INFO - Waiting for result domains: server_metrics, telemetry
2026-08-13 08:18:44.771 - system_controller - INFO - Waiting for result domains: server_metrics
2026-08-13 08:18:44.814 - records_manager - INFO - _finalize_and_process_results completed
2026-08-13 08:18:44.816 - system_controller - INFO - All results received, initiating shutdown
2026-08-13 08:18:45.418 - ExporterManager - INFO - Exporting all records
2026-08-13 08:18:45.472 - ExporterManager - INFO - Exporting console data
