2026-08-11 21:58:03.918 - aiperf.cli_runner._single_run - INFO - Starting AIPerf System
2026-08-11 21:58:04.381 - httpx - INFO - HTTP Request: GET https://huggingface.co/api/models/nvidia/NVIDIA-Nemotron-3.5-Lightning-30B-A3B-NVFP4 "HTTP/1.1 200 OK"
2026-08-11 21:58:04.400 - aiperf.config.resolution.resolvers - INFO - [OK] Tokenizer nvidia/NVIDIA-Nemotron-3.5-Lightning-30B-A3B-NVFP4 detected
2026-08-11 21:58:04.401 - aiperf.config.resolution.resolvers - INFO - 1 tokenizer validated | 0.5s
2026-08-11 21:58:04.401 - aiperf.config.resolution.resolvers - INFO - Prefetching 1 tokenizer into HF cache...
2026-08-11 21:58:05.388 - httpx - INFO - HTTP Request: HEAD https://huggingface.co/nvidia/NVIDIA-Nemotron-3.5-Lightning-30B-A3B-NVFP4/resolve/main/config.json "HTTP/1.1 307 Temporary Redirect"
2026-08-11 21:58:05.402 - httpx - INFO - HTTP Request: HEAD https://huggingface.co/api/resolve-cache/models/nvidia/NVIDIA-Nemotron-3.5-Lightning-30B-A3B-NVFP4/f9b0c83dc2e390069425f5b4d40006fd343d596c/config.json "HTTP/1.1 200 OK"
2026-08-11 21:58:05.417 - httpx - INFO - HTTP Request: GET https://huggingface.co/api/resolve-cache/models/nvidia/NVIDIA-Nemotron-3.5-Lightning-30B-A3B-NVFP4/f9b0c83dc2e390069425f5b4d40006fd343d596c/config.json "HTTP/1.1 200 OK"
2026-08-11 21:58:05.561 - httpx - INFO - HTTP Request: HEAD https://huggingface.co/nvidia/NVIDIA-Nemotron-3.5-Lightning-30B-A3B-NVFP4/resolve/main/tokenizer_config.json "HTTP/1.1 307 Temporary Redirect"
2026-08-11 21:58:05.562 - huggingface_hub.utils._http - WARNING - Warning: You are sending unauthenticated requests to the HF Hub. Please set a HF_TOKEN to enable higher rate limits and faster downloads.
2026-08-11 21:58:05.578 - httpx - INFO - HTTP Request: HEAD https://huggingface.co/api/resolve-cache/models/nvidia/NVIDIA-Nemotron-3.5-Lightning-30B-A3B-NVFP4/f9b0c83dc2e390069425f5b4d40006fd343d596c/tokenizer_config.json "HTTP/1.1 200 OK"
2026-08-11 21:58:05.590 - httpx - INFO - HTTP Request: GET https://huggingface.co/api/resolve-cache/models/nvidia/NVIDIA-Nemotron-3.5-Lightning-30B-A3B-NVFP4/f9b0c83dc2e390069425f5b4d40006fd343d596c/tokenizer_config.json "HTTP/1.1 200 OK"
2026-08-11 21:58:05.676 - httpx - INFO - HTTP Request: GET https://huggingface.co/api/models/nvidia/NVIDIA-Nemotron-3.5-Lightning-30B-A3B-NVFP4/tree/main/additional_chat_templates?recursive=false&expand=false "HTTP/1.1 404 Not Found"
2026-08-11 21:58:05.769 - httpx - INFO - HTTP Request: GET https://huggingface.co/api/models/nvidia/NVIDIA-Nemotron-3.5-Lightning-30B-A3B-NVFP4/tree/main?recursive=true&expand=false "HTTP/1.1 200 OK"
2026-08-11 21:58:05.863 - httpx - INFO - HTTP Request: HEAD https://huggingface.co/nvidia/NVIDIA-Nemotron-3.5-Lightning-30B-A3B-NVFP4/resolve/main/tokenizer.json "HTTP/1.1 302 Found"
2026-08-11 21:58:05.953 - httpx - INFO - HTTP Request: GET https://huggingface.co/api/models/nvidia/NVIDIA-Nemotron-3.5-Lightning-30B-A3B-NVFP4/xet-read-token/f9b0c83dc2e390069425f5b4d40006fd343d596c "HTTP/1.1 200 OK"
2026-08-11 21:58:06.825 - httpx - INFO - HTTP Request: HEAD https://huggingface.co/nvidia/NVIDIA-Nemotron-3.5-Lightning-30B-A3B-NVFP4/resolve/main/tokenizer.model "HTTP/1.1 404 Not Found"
2026-08-11 21:58:06.911 - httpx - INFO - HTTP Request: HEAD https://huggingface.co/nvidia/NVIDIA-Nemotron-3.5-Lightning-30B-A3B-NVFP4/resolve/main/added_tokens.json "HTTP/1.1 404 Not Found"
2026-08-11 21:58:07.003 - httpx - INFO - HTTP Request: HEAD https://huggingface.co/nvidia/NVIDIA-Nemotron-3.5-Lightning-30B-A3B-NVFP4/resolve/main/special_tokens_map.json "HTTP/1.1 307 Temporary Redirect"
2026-08-11 21:58:07.019 - httpx - INFO - HTTP Request: HEAD https://huggingface.co/api/resolve-cache/models/nvidia/NVIDIA-Nemotron-3.5-Lightning-30B-A3B-NVFP4/f9b0c83dc2e390069425f5b4d40006fd343d596c/special_tokens_map.json "HTTP/1.1 200 OK"
2026-08-11 21:58:07.031 - httpx - INFO - HTTP Request: GET https://huggingface.co/api/resolve-cache/models/nvidia/NVIDIA-Nemotron-3.5-Lightning-30B-A3B-NVFP4/f9b0c83dc2e390069425f5b4d40006fd343d596c/special_tokens_map.json "HTTP/1.1 200 OK"
2026-08-11 21:58:07.116 - httpx - INFO - HTTP Request: HEAD https://huggingface.co/nvidia/NVIDIA-Nemotron-3.5-Lightning-30B-A3B-NVFP4/resolve/main/chat_template.jinja "HTTP/1.1 307 Temporary Redirect"
2026-08-11 21:58:07.129 - httpx - INFO - HTTP Request: HEAD https://huggingface.co/api/resolve-cache/models/nvidia/NVIDIA-Nemotron-3.5-Lightning-30B-A3B-NVFP4/f9b0c83dc2e390069425f5b4d40006fd343d596c/chat_template.jinja "HTTP/1.1 200 OK"
2026-08-11 21:58:07.145 - httpx - INFO - HTTP Request: GET https://huggingface.co/api/resolve-cache/models/nvidia/NVIDIA-Nemotron-3.5-Lightning-30B-A3B-NVFP4/f9b0c83dc2e390069425f5b4d40006fd343d596c/chat_template.jinja "HTTP/1.1 200 OK"
2026-08-11 21:58:08.022 - httpx - INFO - HTTP Request: GET https://huggingface.co/api/models/nvidia/NVIDIA-Nemotron-3.5-Lightning-30B-A3B-NVFP4 "HTTP/1.1 200 OK"
2026-08-11 21:58:08.075 - aiperf.config.resolution.resolvers - INFO -   Cached nvidia/NVIDIA-Nemotron-3.5-Lightning-30B-A3B-NVFP4 (3.66s)
2026-08-11 21:58:08.128 - aiperf.config.resolution.resolvers - INFO - 1 tokenizer cached • 3.7s
2026-08-11 21:58:08.564 - server_metrics_manager - INFO - Server Metrics: Discovered 1 endpoints: ['http://localhost:8000/metrics']
2026-08-11 21:58:08.605 - system_controller - INFO - Registered Gpu Telemetry Manager (id: 'gpu_telemetry_manager')
2026-08-11 21:58:08.605 - GPUTelemetryJSONLWriter_c33b36eb - INFO - GPU telemetry export enabled: /output/gpu_telemetry_export.jsonl
2026-08-11 21:58:08.608 - system_controller - INFO - Registered Worker Manager (id: 'worker_manager')
2026-08-11 21:58:08.616 - OTelMetricsResultsProcessor_fb88cdd5 - INFO - Telemetry streaming is disabled (set --otel-url and/or --mlflow-tracking-uri to enable)
2026-08-11 21:58:08.617 - RecordExportJSONLWriter_fa627b49 - INFO - Record metrics export enabled: /output/profile_export.jsonl
2026-08-11 21:58:08.660 - system_controller - INFO - Registered Dataset Manager (id: 'dataset_manager')
2026-08-11 21:58:08.668 - system_controller - INFO - Registered Server Metrics Manager (id: 'server_metrics_manager')
2026-08-11 21:58:08.723 - system_controller - INFO - Registered Record Processor (id: 'record_processor_65625e38')
2026-08-11 21:58:08.732 - system_controller - INFO - Registered Records Manager (id: 'records_manager')
2026-08-11 21:58:08.820 - system_controller - INFO - Registered Record Processor (id: 'record_processor_a62a02a9')
2026-08-11 21:58:08.874 - system_controller - INFO - Registered Timing Manager (id: 'timing_manager')
2026-08-11 21:58:08.989 - system_controller - INFO - AIPerf System is CONFIGURING
2026-08-11 21:58:08.989 - system_controller - INFO - Configuring all services to start profiling
2026-08-11 21:58:08.990 - InferenceResultParser_20d5a116 - INFO - Configuring tokenizers for inference result parser (resolve_alias: True)
2026-08-11 21:58:08.990 - timing_manager - INFO - Waiting for dataset to be configured before configuring timing
2026-08-11 21:58:08.990 - InferenceResultParser_38fb6311 - INFO - Configuring tokenizers for inference result parser (resolve_alias: True)
2026-08-11 21:58:08.991 - dataset_manager - INFO - Configuring tokenizer(s) for dataset manager
2026-08-11 21:58:09.002 - server_metrics_manager - INFO - Server Metrics: Capturing baseline metrics...
2026-08-11 21:58:09.008 - system_controller - INFO - Registered Worker (id: 'worker_a4f80ff1')
2026-08-11 21:58:09.008 - system_controller - INFO - Registered Worker (id: 'worker_98191641')
2026-08-11 21:58:09.015 - http://localhost:8000/metrics - INFO - Skipping unsupported summary metric: http_request_size_bytes
2026-08-11 21:58:09.015 - http://localhost:8000/metrics - INFO - Skipping unsupported summary metric: http_response_size_bytes
2026-08-11 21:58:09.016 - system_controller - INFO - Registered Worker (id: 'worker_18446617')
2026-08-11 21:58:09.016 - system_controller - INFO - Server metrics enabled - 1/1 endpoint(s) reachable.
2026-08-11 21:58:09.016 - system_controller - INFO - Waiting for result domains: profile, server_metrics, telemetry
2026-08-11 21:58:09.016 - system_controller - INFO - Registered Worker (id: 'worker_74e168d7')
2026-08-11 21:58:09.023 - gpu_telemetry_manager - INFO - GPU Telemetry: Capturing baseline metrics from pynvml://localhost
2026-08-11 21:58:09.032 - pynvml_collector - INFO - PyNVML initialized with 1 GPU(s) (0 with GPM support)
2026-08-11 21:58:09.041 - system_controller - INFO - Registered Worker (id: 'worker_69c00d07')
2026-08-11 21:58:09.042 - system_controller - INFO - Registered Worker (id: 'worker_584af62d')
2026-08-11 21:58:09.042 - system_controller - INFO - Registered Worker (id: 'worker_60423c4c')
2026-08-11 21:58:09.042 - system_controller - INFO - Registered Worker (id: 'worker_1fbc3248')
2026-08-11 21:58:09.048 - system_controller - INFO - DCGM telemetry enabled - 1/1 endpoint(s) reachable
2026-08-11 21:58:09.587 - httpx - INFO - HTTP Request: HEAD https://huggingface.co/nvidia/NVIDIA-Nemotron-3.5-Lightning-30B-A3B-NVFP4/resolve/main/config.json "HTTP/1.1 307 Temporary Redirect"
2026-08-11 21:58:09.587 - huggingface_hub.utils._http - WARNING - Warning: You are sending unauthenticated requests to the HF Hub. Please set a HF_TOKEN to enable higher rate limits and faster downloads.
2026-08-11 21:58:09.603 - httpx - INFO - HTTP Request: HEAD https://huggingface.co/api/resolve-cache/models/nvidia/NVIDIA-Nemotron-3.5-Lightning-30B-A3B-NVFP4/f9b0c83dc2e390069425f5b4d40006fd343d596c/config.json "HTTP/1.1 200 OK"
2026-08-11 21:58:09.603 - httpx - INFO - HTTP Request: HEAD https://huggingface.co/nvidia/NVIDIA-Nemotron-3.5-Lightning-30B-A3B-NVFP4/resolve/main/config.json "HTTP/1.1 307 Temporary Redirect"
2026-08-11 21:58:09.603 - httpx - INFO - HTTP Request: HEAD https://huggingface.co/nvidia/NVIDIA-Nemotron-3.5-Lightning-30B-A3B-NVFP4/resolve/main/config.json "HTTP/1.1 307 Temporary Redirect"
2026-08-11 21:58:09.615 - httpx - INFO - HTTP Request: HEAD https://huggingface.co/api/resolve-cache/models/nvidia/NVIDIA-Nemotron-3.5-Lightning-30B-A3B-NVFP4/f9b0c83dc2e390069425f5b4d40006fd343d596c/config.json "HTTP/1.1 200 OK"
2026-08-11 21:58:09.615 - httpx - INFO - HTTP Request: HEAD https://huggingface.co/api/resolve-cache/models/nvidia/NVIDIA-Nemotron-3.5-Lightning-30B-A3B-NVFP4/f9b0c83dc2e390069425f5b4d40006fd343d596c/config.json "HTTP/1.1 200 OK"
2026-08-11 21:58:09.748 - httpx - INFO - HTTP Request: HEAD https://huggingface.co/nvidia/NVIDIA-Nemotron-3.5-Lightning-30B-A3B-NVFP4/resolve/main/tokenizer_config.json "HTTP/1.1 307 Temporary Redirect"
2026-08-11 21:58:09.751 - httpx - INFO - HTTP Request: HEAD https://huggingface.co/nvidia/NVIDIA-Nemotron-3.5-Lightning-30B-A3B-NVFP4/resolve/main/tokenizer_config.json "HTTP/1.1 307 Temporary Redirect"
2026-08-11 21:58:09.754 - httpx - INFO - HTTP Request: HEAD https://huggingface.co/nvidia/NVIDIA-Nemotron-3.5-Lightning-30B-A3B-NVFP4/resolve/main/tokenizer_config.json "HTTP/1.1 307 Temporary Redirect"
2026-08-11 21:58:09.754 - huggingface_hub.utils._http - WARNING - Warning: You are sending unauthenticated requests to the HF Hub. Please set a HF_TOKEN to enable higher rate limits and faster downloads.
2026-08-11 21:58:09.764 - httpx - INFO - HTTP Request: HEAD https://huggingface.co/api/resolve-cache/models/nvidia/NVIDIA-Nemotron-3.5-Lightning-30B-A3B-NVFP4/f9b0c83dc2e390069425f5b4d40006fd343d596c/tokenizer_config.json "HTTP/1.1 200 OK"
2026-08-11 21:58:09.768 - httpx - INFO - HTTP Request: HEAD https://huggingface.co/api/resolve-cache/models/nvidia/NVIDIA-Nemotron-3.5-Lightning-30B-A3B-NVFP4/f9b0c83dc2e390069425f5b4d40006fd343d596c/tokenizer_config.json "HTTP/1.1 200 OK"
2026-08-11 21:58:09.768 - httpx - INFO - HTTP Request: HEAD https://huggingface.co/api/resolve-cache/models/nvidia/NVIDIA-Nemotron-3.5-Lightning-30B-A3B-NVFP4/f9b0c83dc2e390069425f5b4d40006fd343d596c/tokenizer_config.json "HTTP/1.1 200 OK"
2026-08-11 21:58:09.858 - httpx - INFO - HTTP Request: GET https://huggingface.co/api/models/nvidia/NVIDIA-Nemotron-3.5-Lightning-30B-A3B-NVFP4/tree/main/additional_chat_templates?recursive=false&expand=false "HTTP/1.1 404 Not Found"
2026-08-11 21:58:09.860 - httpx - INFO - HTTP Request: GET https://huggingface.co/api/models/nvidia/NVIDIA-Nemotron-3.5-Lightning-30B-A3B-NVFP4/tree/main/additional_chat_templates?recursive=false&expand=false "HTTP/1.1 404 Not Found"
2026-08-11 21:58:09.861 - httpx - INFO - HTTP Request: GET https://huggingface.co/api/models/nvidia/NVIDIA-Nemotron-3.5-Lightning-30B-A3B-NVFP4/tree/main/additional_chat_templates?recursive=false&expand=false "HTTP/1.1 404 Not Found"
2026-08-11 21:58:09.950 - httpx - INFO - HTTP Request: GET https://huggingface.co/api/models/nvidia/NVIDIA-Nemotron-3.5-Lightning-30B-A3B-NVFP4/tree/main?recursive=true&expand=false "HTTP/1.1 200 OK"
2026-08-11 21:58:09.951 - httpx - INFO - HTTP Request: GET https://huggingface.co/api/models/nvidia/NVIDIA-Nemotron-3.5-Lightning-30B-A3B-NVFP4/tree/main?recursive=true&expand=false "HTTP/1.1 200 OK"
2026-08-11 21:58:09.953 - httpx - INFO - HTTP Request: GET https://huggingface.co/api/models/nvidia/NVIDIA-Nemotron-3.5-Lightning-30B-A3B-NVFP4/tree/main?recursive=true&expand=false "HTTP/1.1 200 OK"
2026-08-11 21:58:10.956 - httpx - INFO - HTTP Request: GET https://huggingface.co/api/models/nvidia/NVIDIA-Nemotron-3.5-Lightning-30B-A3B-NVFP4 "HTTP/1.1 200 OK"
2026-08-11 21:58:10.985 - dataset_manager - INFO - Tokenizer(s) configured in 1.99 seconds
2026-08-11 21:58:10.985 - dataset_manager - INFO - Configuring dataset for dataset_manager
2026-08-11 21:58:10.990 - httpx - INFO - HTTP Request: GET https://huggingface.co/api/models/nvidia/NVIDIA-Nemotron-3.5-Lightning-30B-A3B-NVFP4 "HTTP/1.1 200 OK"
2026-08-11 21:58:11.002 - httpx - INFO - HTTP Request: GET https://huggingface.co/api/models/nvidia/NVIDIA-Nemotron-3.5-Lightning-30B-A3B-NVFP4 "HTTP/1.1 200 OK"
2026-08-11 21:58:11.017 - InferenceResultParser_20d5a116 - INFO - Initialized tokenizers: {'nvidia/NVIDIA-Nemotron-3.5-Lightning-30B-A3B-NVFP4': {'class': 'TokenizersBackend', 'name_or_path': 'nvidia/NVIDIA-Nemotron-3.5-Lightning-30B-A3B-NVFP4'}} in 2.03 seconds
2026-08-11 21:58:11.034 - InferenceResultParser_38fb6311 - INFO - Initialized tokenizers: {'nvidia/NVIDIA-Nemotron-3.5-Lightning-30B-A3B-NVFP4': {'class': 'TokenizersBackend', 'name_or_path': 'nvidia/NVIDIA-Nemotron-3.5-Lightning-30B-A3B-NVFP4'}} in 2.04 seconds
2026-08-11 21:58:11.232 - CustomDatasetComposer - INFO - Using explicit dataset format: multi_turn
2026-08-11 21:58:11.297 - MemoryMapDatasetBackingStore_3f40c245 - INFO - Memory-mapped backing store initialized (streaming to /tmp/aiperf_mmap_bec3dbb0b851/dataset.dat)
2026-08-11 21:58:11.313 - MemoryMapDatasetBackingStore_3f40c245 - INFO - Data file finalized: 500 conversations, 1.26 MB
2026-08-11 21:58:11.314 - MemoryMapDatasetBackingStore_3f40c245 - INFO - Index file created: /tmp/aiperf_mmap_bec3dbb0b851/index.dat
2026-08-11 21:58:11.314 - dataset_manager - INFO - Backing store finalized: client_type=DatasetClientStoreType.MEMORY_MAP format=MemoryMapFormat.CONVERSATION data_file_path=PosixPath('/tmp/aiperf_mmap_bec3dbb0b851/dataset.dat') index_file_path=PosixPath('/tmp/aiperf_mmap_bec3dbb0b851/index.dat') conversation_count=500 total_size_bytes=1324108 compressed=False compressed_data_file_path=None compressed_index_file_path=None compressed_size_bytes=0
2026-08-11 21:58:11.323 - dataset_manager - INFO - sampling strategy: sequential, unique conversations: 500, unique turn count: 1783
2026-08-11 21:58:11.329 - dataset_manager - INFO - Generating inputs.json file at /output/inputs.json
2026-08-11 21:58:11.337 - PhaseOrchestrator_03927551 - INFO - Initialized 2 phase(s): ['Warmup', 'Profiling']
2026-08-11 21:58:11.338 - system_controller - WARNING - Received command response for service we were not expecting: worker_a4f80ff1. Ignoring.
2026-08-11 21:58:11.339 - system_controller - WARNING - Received command response for service we were not expecting: worker_74e168d7. Ignoring.
2026-08-11 21:58:11.339 - system_controller - WARNING - Received command response for service we were not expecting: worker_1fbc3248. Ignoring.
2026-08-11 21:58:11.339 - system_controller - WARNING - Received command response for service we were not expecting: worker_584af62d. Ignoring.
2026-08-11 21:58:11.339 - system_controller - WARNING - Received command response for service we were not expecting: worker_18446617. Ignoring.
2026-08-11 21:58:11.339 - system_controller - WARNING - Received command response for service we were not expecting: worker_60423c4c. Ignoring.
2026-08-11 21:58:11.340 - system_controller - WARNING - Received command response for service we were not expecting: worker_98191641. Ignoring.
2026-08-11 21:58:11.340 - system_controller - WARNING - Received command response for service we were not expecting: worker_69c00d07. Ignoring.
2026-08-11 21:58:11.347 - dataset_manager - INFO - inputs.json file generated in 0.02 seconds
2026-08-11 21:58:11.513 - dataset_manager - INFO - Dataset client initialized and freed 500 conversations from memory
2026-08-11 21:58:11.513 - dataset_manager - INFO - Dataset configured in 0.53 seconds
2026-08-11 21:58:11.514 - system_controller - INFO - All services configured in 2.52 seconds
2026-08-11 21:58:11.514 - system_controller - INFO - AIPerf System is CONFIGURED
2026-08-11 21:58:11.516 - server_metrics_manager - INFO - Server Metrics: Started 1 collector(s) successfully
2026-08-11 21:58:11.517 - system_controller - INFO - All services started profiling successfully
2026-08-11 21:58:11.517 - system_controller - INFO - AIPerf System is PROFILING
2026-08-11 21:58:11.521 - RateTiming - INFO - Creating interval generator: pattern=concurrency_burst, rate=None, smoothness=None
2026-08-11 21:58:11.521 - PhaseRunner - NOTICE - Phase warmup (warmup) started | phase_index=0 | target: 3 requests
2026-08-11 21:58:11.522 - PhaseRunner - NOTICE - Phase warmup (warmup) sending complete | sent=3, completed=0, in_flight=3 | sessions: sent=3, completed=0
2026-08-11 21:58:11.523 - records_manager - INFO - Credit phase start: warmup
2026-08-11 21:58:14.604 - PhaseRunner - NOTICE - Phase warmup (warmup) complete | completed=3, cancelled=0, errors=0 | sessions: completed=0, cancelled=0 | elapsed=3.08s
2026-08-11 21:58:14.605 - RateTiming - INFO - Creating interval generator: pattern=concurrency_burst, rate=None, smoothness=None
2026-08-11 21:58:14.605 - PhaseRunner - NOTICE - Phase profiling (profiling) started | phase_index=1 | profiling_index=0 | target: 50 requests, 50 sessions
2026-08-11 21:58:14.605 - server_metrics_manager - INFO - Server Metrics: Warmup complete, capturing final warmup metrics...
2026-08-11 21:58:14.606 - records_manager - INFO - Credit phase start: profiling
2026-08-11 21:58:37.979 - PhaseRunner - NOTICE - Phase profiling (profiling) sending complete | sent=50, completed=42, in_flight=8 | sessions: sent=20, completed=12
2026-08-11 21:58:37.981 - records_manager - INFO - Sent 50 requests. Waiting for all to complete...
2026-08-11 21:58:40.347 - PhaseRunner - NOTICE - Phase profiling (profiling) complete | completed=50, cancelled=0, errors=0 | sessions: completed=14, cancelled=0 | elapsed=25.74s
2026-08-11 21:58:40.347 - PhaseOrchestrator_03927551 - NOTICE - All credits completed
2026-08-11 21:58:40.349 - records_manager - INFO - Received CREDIT_PHASE_COMPLETE message, Phase complete: PhaseRecordsStats(phase=CreditPhase.PROFILING, phase_index=1, profiling_index=0, phase_name='profiling', phase_kind='profiling', start_ns=1786485494605769999, sent_end_ns=1786485517979908691, requests_end_ns=1786485520346892896, baseline_start_ns=1786485494605752319, baseline_end_ns=1786485520346914608, total_expected_requests=50, expected_duration_sec=None, expected_num_sessions=None, expected_grace_period_sec=None, final_requests_sent=None, final_requests_completed=50, final_requests_cancelled=0, final_request_errors=0, final_sent_sessions=None, final_completed_sessions=None, final_cancelled_sessions=None, timeout_triggered=False, grace_period_timeout_triggered=False, was_cancelled=False, records_end_ns=None, success_records=49, error_records=0)
2026-08-11 21:58:40.349 - records_manager - NOTICE - All requests have completed, please wait for the results to be processed (currently 49 of 50 records processed)...
2026-08-11 21:58:40.349 - system_controller - INFO - Received credits complete from 'timing_manager'
2026-08-11 21:58:40.350 - records_manager - INFO - All credits complete, please wait for the results to be processed...
2026-08-11 21:58:40.352 - records_manager - INFO - Processed 50 valid requests and 0 errors (50 total).
2026-08-11 21:58:40.352 - records_manager - INFO - Received all records, processing now...
2026-08-11 21:58:40.354 - server_metrics_manager - INFO - Server Metrics: Profiling complete, capturing final metrics...
2026-08-11 21:58:40.355 - records_manager - INFO - Waiting 2.0s for server metrics flush period...
2026-08-11 21:58:40.356 - gpu_telemetry_manager - INFO - GPU Telemetry: Profiling complete, capturing final metrics...
2026-08-11 21:58:42.348 - records_manager - INFO - Processing records results...
2026-08-11 21:58:42.552 - system_controller - INFO - Waiting for result domains: server_metrics, telemetry
2026-08-11 21:58:42.555 - system_controller - INFO - Waiting for result domains: server_metrics
2026-08-11 21:58:42.576 - records_manager - INFO - _finalize_and_process_results completed
2026-08-11 21:58:42.580 - system_controller - INFO - All results received, initiating shutdown
2026-08-11 21:58:43.196 - ExporterManager - INFO - Exporting all records
2026-08-11 21:58:43.381 - ExporterManager - INFO - Exporting console data
