2026-08-11 19:03:09.598 - aiperf.cli_runner._single_run - INFO - Starting AIPerf System
2026-08-11 19:03:10.069 - httpx - INFO - HTTP Request: GET https://huggingface.co/api/models/nvidia/NVIDIA-Nemotron-3.5-Lightning-30B-A3B-NVFP4 "HTTP/1.1 200 OK"
2026-08-11 19:03:10.084 - aiperf.config.resolution.resolvers - INFO - [OK] Tokenizer nvidia/NVIDIA-Nemotron-3.5-Lightning-30B-A3B-NVFP4 detected
2026-08-11 19:03:10.084 - aiperf.config.resolution.resolvers - INFO - 1 tokenizer validated | 0.5s
2026-08-11 19:03:10.084 - aiperf.config.resolution.resolvers - INFO - Prefetching 1 tokenizer into HF cache...
2026-08-11 19:03:10.910 - httpx - INFO - HTTP Request: HEAD https://huggingface.co/nvidia/NVIDIA-Nemotron-3.5-Lightning-30B-A3B-NVFP4/resolve/main/config.json "HTTP/1.1 307 Temporary Redirect"
2026-08-11 19:03:10.923 - httpx - INFO - HTTP Request: HEAD https://huggingface.co/api/resolve-cache/models/nvidia/NVIDIA-Nemotron-3.5-Lightning-30B-A3B-NVFP4/c54e25e3fd0916b761eaa3ec4ecee2837e481a21/config.json "HTTP/1.1 200 OK"
2026-08-11 19:03:10.939 - httpx - INFO - HTTP Request: GET https://huggingface.co/api/resolve-cache/models/nvidia/NVIDIA-Nemotron-3.5-Lightning-30B-A3B-NVFP4/c54e25e3fd0916b761eaa3ec4ecee2837e481a21/config.json "HTTP/1.1 200 OK"
2026-08-11 19:03:11.086 - httpx - INFO - HTTP Request: HEAD https://huggingface.co/nvidia/NVIDIA-Nemotron-3.5-Lightning-30B-A3B-NVFP4/resolve/main/tokenizer_config.json "HTTP/1.1 307 Temporary Redirect"
2026-08-11 19:03:11.098 - httpx - INFO - HTTP Request: HEAD https://huggingface.co/api/resolve-cache/models/nvidia/NVIDIA-Nemotron-3.5-Lightning-30B-A3B-NVFP4/c54e25e3fd0916b761eaa3ec4ecee2837e481a21/tokenizer_config.json "HTTP/1.1 200 OK"
2026-08-11 19:03:11.110 - httpx - INFO - HTTP Request: GET https://huggingface.co/api/resolve-cache/models/nvidia/NVIDIA-Nemotron-3.5-Lightning-30B-A3B-NVFP4/c54e25e3fd0916b761eaa3ec4ecee2837e481a21/tokenizer_config.json "HTTP/1.1 200 OK"
2026-08-11 19:03:11.201 - httpx - INFO - HTTP Request: GET https://huggingface.co/api/models/nvidia/NVIDIA-Nemotron-3.5-Lightning-30B-A3B-NVFP4/tree/main/additional_chat_templates?recursive=false&expand=false "HTTP/1.1 404 Not Found"
2026-08-11 19:03:11.291 - httpx - INFO - HTTP Request: GET https://huggingface.co/api/models/nvidia/NVIDIA-Nemotron-3.5-Lightning-30B-A3B-NVFP4/tree/main?recursive=true&expand=false "HTTP/1.1 200 OK"
2026-08-11 19:03:11.378 - httpx - INFO - HTTP Request: HEAD https://huggingface.co/nvidia/NVIDIA-Nemotron-3.5-Lightning-30B-A3B-NVFP4/resolve/main/tokenizer.json "HTTP/1.1 302 Found"
2026-08-11 19:03:11.469 - httpx - INFO - HTTP Request: GET https://huggingface.co/api/models/nvidia/NVIDIA-Nemotron-3.5-Lightning-30B-A3B-NVFP4/xet-read-token/c54e25e3fd0916b761eaa3ec4ecee2837e481a21 "HTTP/1.1 200 OK"
2026-08-11 19:03:12.453 - httpx - INFO - HTTP Request: HEAD https://huggingface.co/nvidia/NVIDIA-Nemotron-3.5-Lightning-30B-A3B-NVFP4/resolve/main/tokenizer.model "HTTP/1.1 404 Not Found"
2026-08-11 19:03:12.543 - httpx - INFO - HTTP Request: HEAD https://huggingface.co/nvidia/NVIDIA-Nemotron-3.5-Lightning-30B-A3B-NVFP4/resolve/main/added_tokens.json "HTTP/1.1 404 Not Found"
2026-08-11 19:03:12.544 - huggingface_hub.utils._http - WARNING - Warning: You are sending unauthenticated requests to the HF Hub. Please set a HF_TOKEN to enable higher rate limits and faster downloads.
2026-08-11 19:03:12.631 - httpx - INFO - HTTP Request: HEAD https://huggingface.co/nvidia/NVIDIA-Nemotron-3.5-Lightning-30B-A3B-NVFP4/resolve/main/special_tokens_map.json "HTTP/1.1 307 Temporary Redirect"
2026-08-11 19:03:12.643 - httpx - INFO - HTTP Request: HEAD https://huggingface.co/api/resolve-cache/models/nvidia/NVIDIA-Nemotron-3.5-Lightning-30B-A3B-NVFP4/c54e25e3fd0916b761eaa3ec4ecee2837e481a21/special_tokens_map.json "HTTP/1.1 200 OK"
2026-08-11 19:03:12.655 - httpx - INFO - HTTP Request: GET https://huggingface.co/api/resolve-cache/models/nvidia/NVIDIA-Nemotron-3.5-Lightning-30B-A3B-NVFP4/c54e25e3fd0916b761eaa3ec4ecee2837e481a21/special_tokens_map.json "HTTP/1.1 200 OK"
2026-08-11 19:03:12.741 - httpx - INFO - HTTP Request: HEAD https://huggingface.co/nvidia/NVIDIA-Nemotron-3.5-Lightning-30B-A3B-NVFP4/resolve/main/chat_template.jinja "HTTP/1.1 307 Temporary Redirect"
2026-08-11 19:03:12.754 - httpx - INFO - HTTP Request: HEAD https://huggingface.co/api/resolve-cache/models/nvidia/NVIDIA-Nemotron-3.5-Lightning-30B-A3B-NVFP4/c54e25e3fd0916b761eaa3ec4ecee2837e481a21/chat_template.jinja "HTTP/1.1 200 OK"
2026-08-11 19:03:12.770 - httpx - INFO - HTTP Request: GET https://huggingface.co/api/resolve-cache/models/nvidia/NVIDIA-Nemotron-3.5-Lightning-30B-A3B-NVFP4/c54e25e3fd0916b761eaa3ec4ecee2837e481a21/chat_template.jinja "HTTP/1.1 200 OK"
2026-08-11 19:03:13.687 - httpx - INFO - HTTP Request: GET https://huggingface.co/api/models/nvidia/NVIDIA-Nemotron-3.5-Lightning-30B-A3B-NVFP4 "HTTP/1.1 200 OK"
2026-08-11 19:03:13.731 - aiperf.config.resolution.resolvers - INFO -   Cached nvidia/NVIDIA-Nemotron-3.5-Lightning-30B-A3B-NVFP4 (3.63s)
2026-08-11 19:03:13.786 - aiperf.config.resolution.resolvers - INFO - 1 tokenizer cached • 3.7s
2026-08-11 19:03:14.141 - system_controller - INFO - Registered Gpu Telemetry Manager (id: 'gpu_telemetry_manager')
2026-08-11 19:03:14.185 - server_metrics_manager - INFO - Server Metrics: Discovered 1 endpoints: ['http://localhost:80/metrics']
2026-08-11 19:03:14.201 - GPUTelemetryJSONLWriter_ace14488 - INFO - GPU telemetry export enabled: /output/gpu_telemetry_export.jsonl
2026-08-11 19:03:14.211 - OTelMetricsResultsProcessor_5585029d - INFO - Telemetry streaming is disabled (set --otel-url and/or --mlflow-tracking-uri to enable)
2026-08-11 19:03:14.214 - RecordExportJSONLWriter_140abf93 - INFO - Record metrics export enabled: /output/profile_export.jsonl
2026-08-11 19:03:14.232 - system_controller - INFO - Registered Worker Manager (id: 'worker_manager')
2026-08-11 19:03:14.256 - system_controller - INFO - Registered Dataset Manager (id: 'dataset_manager')
2026-08-11 19:03:14.289 - system_controller - INFO - Registered Server Metrics Manager (id: 'server_metrics_manager')
2026-08-11 19:03:14.321 - system_controller - INFO - Registered Records Manager (id: 'records_manager')
2026-08-11 19:03:14.390 - system_controller - INFO - Registered Record Processor (id: 'record_processor_c4f2a5b0')
2026-08-11 19:03:14.427 - system_controller - INFO - Registered Timing Manager (id: 'timing_manager')
2026-08-11 19:03:14.517 - system_controller - INFO - Registered Worker (id: 'worker_83fb10c1')
2026-08-11 19:03:14.538 - system_controller - INFO - Registered Worker (id: 'worker_d798137d')
2026-08-11 19:03:14.617 - system_controller - INFO - AIPerf System is CONFIGURING
2026-08-11 19:03:14.617 - system_controller - INFO - Configuring all services to start profiling
2026-08-11 19:03:14.618 - timing_manager - INFO - Waiting for dataset to be configured before configuring timing
2026-08-11 19:03:14.619 - InferenceResultParser_e687dbee - INFO - Configuring tokenizers for inference result parser (resolve_alias: True)
2026-08-11 19:03:14.620 - dataset_manager - INFO - Configuring tokenizer(s) for dataset manager
2026-08-11 19:03:14.626 - server_metrics_manager - INFO - Server Metrics: Capturing baseline metrics...
2026-08-11 19:03:14.637 - http://localhost:80/metrics - INFO - Skipping unsupported summary metric: http_request_size_bytes
2026-08-11 19:03:14.637 - http://localhost:80/metrics - INFO - Skipping unsupported summary metric: http_response_size_bytes
2026-08-11 19:03:14.638 - system_controller - INFO - Server metrics enabled - 1/1 endpoint(s) reachable.
2026-08-11 19:03:14.638 - system_controller - INFO - Waiting for result domains: profile, server_metrics, telemetry
2026-08-11 19:03:14.650 - gpu_telemetry_manager - INFO - GPU Telemetry: Capturing baseline metrics from pynvml://localhost
2026-08-11 19:03:14.660 - pynvml_collector - INFO - PyNVML initialized with 1 GPU(s) (0 with GPM support)
2026-08-11 19:03:14.676 - system_controller - INFO - DCGM telemetry enabled - 1/1 endpoint(s) reachable
2026-08-11 19:03:15.163 - httpx - INFO - HTTP Request: HEAD https://huggingface.co/nvidia/NVIDIA-Nemotron-3.5-Lightning-30B-A3B-NVFP4/resolve/main/config.json "HTTP/1.1 307 Temporary Redirect"
2026-08-11 19:03:15.174 - httpx - INFO - HTTP Request: HEAD https://huggingface.co/api/resolve-cache/models/nvidia/NVIDIA-Nemotron-3.5-Lightning-30B-A3B-NVFP4/c54e25e3fd0916b761eaa3ec4ecee2837e481a21/config.json "HTTP/1.1 200 OK"
2026-08-11 19:03:15.178 - httpx - INFO - HTTP Request: HEAD https://huggingface.co/nvidia/NVIDIA-Nemotron-3.5-Lightning-30B-A3B-NVFP4/resolve/main/config.json "HTTP/1.1 307 Temporary Redirect"
2026-08-11 19:03:15.178 - huggingface_hub.utils._http - WARNING - Warning: You are sending unauthenticated requests to the HF Hub. Please set a HF_TOKEN to enable higher rate limits and faster downloads.
2026-08-11 19:03:15.189 - httpx - INFO - HTTP Request: HEAD https://huggingface.co/api/resolve-cache/models/nvidia/NVIDIA-Nemotron-3.5-Lightning-30B-A3B-NVFP4/c54e25e3fd0916b761eaa3ec4ecee2837e481a21/config.json "HTTP/1.1 200 OK"
2026-08-11 19:03:15.312 - httpx - INFO - HTTP Request: HEAD https://huggingface.co/nvidia/NVIDIA-Nemotron-3.5-Lightning-30B-A3B-NVFP4/resolve/main/tokenizer_config.json "HTTP/1.1 307 Temporary Redirect"
2026-08-11 19:03:15.313 - huggingface_hub.utils._http - WARNING - Warning: You are sending unauthenticated requests to the HF Hub. Please set a HF_TOKEN to enable higher rate limits and faster downloads.
2026-08-11 19:03:15.329 - httpx - INFO - HTTP Request: HEAD https://huggingface.co/nvidia/NVIDIA-Nemotron-3.5-Lightning-30B-A3B-NVFP4/resolve/main/tokenizer_config.json "HTTP/1.1 307 Temporary Redirect"
2026-08-11 19:03:15.329 - httpx - INFO - HTTP Request: HEAD https://huggingface.co/api/resolve-cache/models/nvidia/NVIDIA-Nemotron-3.5-Lightning-30B-A3B-NVFP4/c54e25e3fd0916b761eaa3ec4ecee2837e481a21/tokenizer_config.json "HTTP/1.1 200 OK"
2026-08-11 19:03:15.343 - httpx - INFO - HTTP Request: HEAD https://huggingface.co/api/resolve-cache/models/nvidia/NVIDIA-Nemotron-3.5-Lightning-30B-A3B-NVFP4/c54e25e3fd0916b761eaa3ec4ecee2837e481a21/tokenizer_config.json "HTTP/1.1 200 OK"
2026-08-11 19:03:15.423 - httpx - INFO - HTTP Request: GET https://huggingface.co/api/models/nvidia/NVIDIA-Nemotron-3.5-Lightning-30B-A3B-NVFP4/tree/main/additional_chat_templates?recursive=false&expand=false "HTTP/1.1 404 Not Found"
2026-08-11 19:03:15.433 - httpx - INFO - HTTP Request: GET https://huggingface.co/api/models/nvidia/NVIDIA-Nemotron-3.5-Lightning-30B-A3B-NVFP4/tree/main/additional_chat_templates?recursive=false&expand=false "HTTP/1.1 404 Not Found"
2026-08-11 19:03:15.515 - httpx - INFO - HTTP Request: GET https://huggingface.co/api/models/nvidia/NVIDIA-Nemotron-3.5-Lightning-30B-A3B-NVFP4/tree/main?recursive=true&expand=false "HTTP/1.1 200 OK"
2026-08-11 19:03:15.524 - httpx - INFO - HTTP Request: GET https://huggingface.co/api/models/nvidia/NVIDIA-Nemotron-3.5-Lightning-30B-A3B-NVFP4/tree/main?recursive=true&expand=false "HTTP/1.1 200 OK"
2026-08-11 19:03:16.466 - httpx - INFO - HTTP Request: GET https://huggingface.co/api/models/nvidia/NVIDIA-Nemotron-3.5-Lightning-30B-A3B-NVFP4 "HTTP/1.1 200 OK"
2026-08-11 19:03:16.473 - httpx - INFO - HTTP Request: GET https://huggingface.co/api/models/nvidia/NVIDIA-Nemotron-3.5-Lightning-30B-A3B-NVFP4 "HTTP/1.1 200 OK"
2026-08-11 19:03:16.490 - dataset_manager - INFO - Tokenizer(s) configured in 1.87 seconds
2026-08-11 19:03:16.490 - dataset_manager - INFO - Configuring dataset for dataset_manager
2026-08-11 19:03:16.499 - InferenceResultParser_e687dbee - INFO - Initialized tokenizers: {'nvidia/NVIDIA-Nemotron-3.5-Lightning-30B-A3B-NVFP4': {'class': 'TokenizersBackend', 'name_or_path': 'nvidia/NVIDIA-Nemotron-3.5-Lightning-30B-A3B-NVFP4'}} in 1.88 seconds
2026-08-11 19:03:16.768 - CustomDatasetComposer - INFO - Using explicit dataset format: multi_turn
2026-08-11 19:03:16.830 - MemoryMapDatasetBackingStore_d842eb1e - INFO - Memory-mapped backing store initialized (streaming to /tmp/aiperf_mmap_6c9d4d6daaac/dataset.dat)
2026-08-11 19:03:16.845 - MemoryMapDatasetBackingStore_d842eb1e - INFO - Data file finalized: 500 conversations, 1.29 MB
2026-08-11 19:03:16.846 - MemoryMapDatasetBackingStore_d842eb1e - INFO - Index file created: /tmp/aiperf_mmap_6c9d4d6daaac/index.dat
2026-08-11 19:03:16.846 - dataset_manager - INFO - Backing store finalized: client_type=DatasetClientStoreType.MEMORY_MAP format=MemoryMapFormat.CONVERSATION data_file_path=PosixPath('/tmp/aiperf_mmap_6c9d4d6daaac/dataset.dat') index_file_path=PosixPath('/tmp/aiperf_mmap_6c9d4d6daaac/index.dat') conversation_count=500 total_size_bytes=1353644 compressed=False compressed_data_file_path=None compressed_index_file_path=None compressed_size_bytes=0
2026-08-11 19:03:16.855 - dataset_manager - INFO - sampling strategy: sequential, unique conversations: 500, unique turn count: 1783
2026-08-11 19:03:16.859 - dataset_manager - INFO - Generating inputs.json file at /output/inputs.json
2026-08-11 19:03:16.870 - PhaseOrchestrator_59c871a3 - INFO - Initialized 2 phase(s): ['Warmup', 'Profiling']
2026-08-11 19:03:16.881 - dataset_manager - INFO - inputs.json file generated in 0.02 seconds
2026-08-11 19:03:17.007 - dataset_manager - INFO - Dataset client initialized and freed 500 conversations from memory
2026-08-11 19:03:17.007 - dataset_manager - INFO - Dataset configured in 0.52 seconds
2026-08-11 19:03:17.008 - system_controller - INFO - All services configured in 2.39 seconds
2026-08-11 19:03:17.008 - system_controller - INFO - AIPerf System is CONFIGURED
2026-08-11 19:03:17.009 - server_metrics_manager - INFO - Server Metrics: Started 1 collector(s) successfully
2026-08-11 19:03:17.010 - system_controller - INFO - All services started profiling successfully
2026-08-11 19:03:17.010 - system_controller - INFO - AIPerf System is PROFILING
2026-08-11 19:03:17.015 - RateTiming - INFO - Creating interval generator: pattern=concurrency_burst, rate=None, smoothness=None
2026-08-11 19:03:17.015 - PhaseRunner - NOTICE - Phase warmup (warmup) started | phase_index=0 | target: 3 requests
2026-08-11 19:03:17.016 - records_manager - INFO - Credit phase start: warmup
2026-08-11 19:03:19.269 - PhaseRunner - NOTICE - Phase warmup (warmup) sending complete | sent=3, completed=1, in_flight=2 | sessions: sent=2, completed=0
2026-08-11 19:03:21.455 - PhaseRunner - NOTICE - Phase warmup (warmup) complete | completed=3, cancelled=0, errors=0 | sessions: completed=1, cancelled=0 | elapsed=4.44s
2026-08-11 19:03:21.457 - server_metrics_manager - INFO - Server Metrics: Warmup complete, capturing final warmup metrics...
2026-08-11 19:03:21.457 - RateTiming - INFO - Creating interval generator: pattern=concurrency_burst, rate=None, smoothness=None
2026-08-11 19:03:21.457 - PhaseRunner - NOTICE - Phase profiling (profiling) started | phase_index=1 | profiling_index=0 | target: 50 requests, 50 sessions
2026-08-11 19:03:21.458 - records_manager - INFO - Credit phase start: profiling
2026-08-11 19:04:11.925 - PhaseRunner - NOTICE - Phase profiling (profiling) sending complete | sent=50, completed=48, in_flight=2 | sessions: sent=16, completed=14
2026-08-11 19:04:11.926 - records_manager - INFO - Sent 50 requests. Waiting for all to complete...
2026-08-11 19:04:13.080 - PhaseRunner - NOTICE - Phase profiling (profiling) complete | completed=50, cancelled=0, errors=0 | sessions: completed=14, cancelled=0 | elapsed=51.62s
2026-08-11 19:04:13.081 - PhaseOrchestrator_59c871a3 - NOTICE - All credits completed
2026-08-11 19:04:13.082 - system_controller - INFO - Received credits complete from 'timing_manager'
2026-08-11 19:04:13.082 - records_manager - INFO - Received CREDIT_PHASE_COMPLETE message, Phase complete: PhaseRecordsStats(phase=CreditPhase.PROFILING, phase_index=1, profiling_index=0, phase_name='profiling', phase_kind='profiling', start_ns=1786475001457360223, sent_end_ns=1786475051925583739, requests_end_ns=1786475053080088535, baseline_start_ns=1786475001457348783, baseline_end_ns=1786475053080106055, total_expected_requests=50, expected_duration_sec=None, expected_num_sessions=None, expected_grace_period_sec=None, final_requests_sent=None, final_requests_completed=50, final_requests_cancelled=0, final_request_errors=0, final_sent_sessions=None, final_completed_sessions=None, final_cancelled_sessions=None, timeout_triggered=False, grace_period_timeout_triggered=False, was_cancelled=False, records_end_ns=None, success_records=49, error_records=0)
2026-08-11 19:04:13.082 - records_manager - NOTICE - All requests have completed, please wait for the results to be processed (currently 49 of 50 records processed)...
2026-08-11 19:04:13.082 - records_manager - INFO - All credits complete, please wait for the results to be processed...
2026-08-11 19:04:13.086 - records_manager - INFO - Processed 50 valid requests and 0 errors (50 total).
2026-08-11 19:04:13.086 - records_manager - INFO - Received all records, processing now...
2026-08-11 19:04:13.087 - server_metrics_manager - INFO - Server Metrics: Profiling complete, capturing final metrics...
2026-08-11 19:04:13.087 - gpu_telemetry_manager - INFO - GPU Telemetry: Profiling complete, capturing final metrics...
2026-08-11 19:04:13.087 - records_manager - INFO - Waiting 2.0s for server metrics flush period...
2026-08-11 19:04:15.080 - records_manager - INFO - Processing records results...
2026-08-11 19:04:15.233 - system_controller - INFO - Waiting for result domains: server_metrics, telemetry
2026-08-11 19:04:15.233 - system_controller - INFO - Waiting for result domains: server_metrics
2026-08-11 19:04:15.282 - records_manager - INFO - _finalize_and_process_results completed
2026-08-11 19:04:15.284 - system_controller - INFO - All results received, initiating shutdown
2026-08-11 19:04:15.886 - ExporterManager - INFO - Exporting all records
2026-08-11 19:04:15.936 - ExporterManager - INFO - Exporting console data
