2026-08-12 00:25:38.563 - aiperf.cli_runner._single_run - INFO - Starting AIPerf System
2026-08-12 00:25:39.054 - httpx - INFO - HTTP Request: GET https://huggingface.co/api/models/nvidia/NVIDIA-Nemotron-3.5-Lightning-30B-A3B-NVFP4 "HTTP/1.1 200 OK"
2026-08-12 00:25:39.067 - aiperf.config.resolution.resolvers - INFO - [OK] Tokenizer nvidia/NVIDIA-Nemotron-3.5-Lightning-30B-A3B-NVFP4 detected
2026-08-12 00:25:39.067 - aiperf.config.resolution.resolvers - INFO - 1 tokenizer validated | 0.5s
2026-08-12 00:25:39.067 - aiperf.config.resolution.resolvers - INFO - Prefetching 1 tokenizer into HF cache...
2026-08-12 00:25:39.916 - httpx - INFO - HTTP Request: HEAD https://huggingface.co/nvidia/NVIDIA-Nemotron-3.5-Lightning-30B-A3B-NVFP4/resolve/main/config.json "HTTP/1.1 307 Temporary Redirect"
2026-08-12 00:25:39.916 - huggingface_hub.utils._http - WARNING - Warning: You are sending unauthenticated requests to the HF Hub. Please set a HF_TOKEN to enable higher rate limits and faster downloads.
2026-08-12 00:25:39.928 - httpx - INFO - HTTP Request: HEAD https://huggingface.co/api/resolve-cache/models/nvidia/NVIDIA-Nemotron-3.5-Lightning-30B-A3B-NVFP4/b14872a58afd94e2fbbc1e5a1fe4ebb7dfdc5fdd/config.json "HTTP/1.1 200 OK"
2026-08-12 00:25:39.947 - httpx - INFO - HTTP Request: GET https://huggingface.co/api/resolve-cache/models/nvidia/NVIDIA-Nemotron-3.5-Lightning-30B-A3B-NVFP4/b14872a58afd94e2fbbc1e5a1fe4ebb7dfdc5fdd/config.json "HTTP/1.1 200 OK"
2026-08-12 00:25:40.117 - httpx - INFO - HTTP Request: HEAD https://huggingface.co/nvidia/NVIDIA-Nemotron-3.5-Lightning-30B-A3B-NVFP4/resolve/main/tokenizer_config.json "HTTP/1.1 307 Temporary Redirect"
2026-08-12 00:25:40.131 - httpx - INFO - HTTP Request: HEAD https://huggingface.co/api/resolve-cache/models/nvidia/NVIDIA-Nemotron-3.5-Lightning-30B-A3B-NVFP4/b14872a58afd94e2fbbc1e5a1fe4ebb7dfdc5fdd/tokenizer_config.json "HTTP/1.1 200 OK"
2026-08-12 00:25:40.142 - httpx - INFO - HTTP Request: GET https://huggingface.co/api/resolve-cache/models/nvidia/NVIDIA-Nemotron-3.5-Lightning-30B-A3B-NVFP4/b14872a58afd94e2fbbc1e5a1fe4ebb7dfdc5fdd/tokenizer_config.json "HTTP/1.1 200 OK"
2026-08-12 00:25:40.237 - httpx - INFO - HTTP Request: GET https://huggingface.co/api/models/nvidia/NVIDIA-Nemotron-3.5-Lightning-30B-A3B-NVFP4/tree/main/additional_chat_templates?recursive=false&expand=false "HTTP/1.1 404 Not Found"
2026-08-12 00:25:40.330 - httpx - INFO - HTTP Request: GET https://huggingface.co/api/models/nvidia/NVIDIA-Nemotron-3.5-Lightning-30B-A3B-NVFP4/tree/main?recursive=true&expand=false "HTTP/1.1 200 OK"
2026-08-12 00:25:40.426 - httpx - INFO - HTTP Request: HEAD https://huggingface.co/nvidia/NVIDIA-Nemotron-3.5-Lightning-30B-A3B-NVFP4/resolve/main/tokenizer.json "HTTP/1.1 302 Found"
2026-08-12 00:25:40.529 - httpx - INFO - HTTP Request: GET https://huggingface.co/api/models/nvidia/NVIDIA-Nemotron-3.5-Lightning-30B-A3B-NVFP4/xet-read-token/b14872a58afd94e2fbbc1e5a1fe4ebb7dfdc5fdd "HTTP/1.1 200 OK"
2026-08-12 00:25:41.417 - httpx - INFO - HTTP Request: HEAD https://huggingface.co/nvidia/NVIDIA-Nemotron-3.5-Lightning-30B-A3B-NVFP4/resolve/main/tokenizer.model "HTTP/1.1 404 Not Found"
2026-08-12 00:25:41.510 - httpx - INFO - HTTP Request: HEAD https://huggingface.co/nvidia/NVIDIA-Nemotron-3.5-Lightning-30B-A3B-NVFP4/resolve/main/added_tokens.json "HTTP/1.1 404 Not Found"
2026-08-12 00:25:41.595 - httpx - INFO - HTTP Request: HEAD https://huggingface.co/nvidia/NVIDIA-Nemotron-3.5-Lightning-30B-A3B-NVFP4/resolve/main/special_tokens_map.json "HTTP/1.1 307 Temporary Redirect"
2026-08-12 00:25:41.607 - httpx - INFO - HTTP Request: HEAD https://huggingface.co/api/resolve-cache/models/nvidia/NVIDIA-Nemotron-3.5-Lightning-30B-A3B-NVFP4/b14872a58afd94e2fbbc1e5a1fe4ebb7dfdc5fdd/special_tokens_map.json "HTTP/1.1 200 OK"
2026-08-12 00:25:41.621 - httpx - INFO - HTTP Request: GET https://huggingface.co/api/resolve-cache/models/nvidia/NVIDIA-Nemotron-3.5-Lightning-30B-A3B-NVFP4/b14872a58afd94e2fbbc1e5a1fe4ebb7dfdc5fdd/special_tokens_map.json "HTTP/1.1 200 OK"
2026-08-12 00:25:41.707 - httpx - INFO - HTTP Request: HEAD https://huggingface.co/nvidia/NVIDIA-Nemotron-3.5-Lightning-30B-A3B-NVFP4/resolve/main/chat_template.jinja "HTTP/1.1 307 Temporary Redirect"
2026-08-12 00:25:41.721 - httpx - INFO - HTTP Request: HEAD https://huggingface.co/api/resolve-cache/models/nvidia/NVIDIA-Nemotron-3.5-Lightning-30B-A3B-NVFP4/b14872a58afd94e2fbbc1e5a1fe4ebb7dfdc5fdd/chat_template.jinja "HTTP/1.1 200 OK"
2026-08-12 00:25:41.737 - httpx - INFO - HTTP Request: GET https://huggingface.co/api/resolve-cache/models/nvidia/NVIDIA-Nemotron-3.5-Lightning-30B-A3B-NVFP4/b14872a58afd94e2fbbc1e5a1fe4ebb7dfdc5fdd/chat_template.jinja "HTTP/1.1 200 OK"
2026-08-12 00:25:42.644 - httpx - INFO - HTTP Request: GET https://huggingface.co/api/models/nvidia/NVIDIA-Nemotron-3.5-Lightning-30B-A3B-NVFP4 "HTTP/1.1 200 OK"
2026-08-12 00:25:42.689 - aiperf.config.resolution.resolvers - INFO -   Cached nvidia/NVIDIA-Nemotron-3.5-Lightning-30B-A3B-NVFP4 (3.61s)
2026-08-12 00:25:42.736 - aiperf.config.resolution.resolvers - INFO - 1 tokenizer cached • 3.7s
2026-08-12 00:25:43.141 - server_metrics_manager - INFO - Server Metrics: Discovered 1 endpoints: ['http://localhost:8000/metrics']
2026-08-12 00:25:43.182 - GPUTelemetryJSONLWriter_126847c9 - INFO - GPU telemetry export enabled: /output/gpu_telemetry_export.jsonl
2026-08-12 00:25:43.193 - OTelMetricsResultsProcessor_84d4c58c - INFO - Telemetry streaming is disabled (set --otel-url and/or --mlflow-tracking-uri to enable)
2026-08-12 00:25:43.194 - RecordExportJSONLWriter_c52dfd0b - INFO - Record metrics export enabled: /output/profile_export.jsonl
2026-08-12 00:25:43.202 - system_controller - INFO - Registered Gpu Telemetry Manager (id: 'gpu_telemetry_manager')
2026-08-12 00:25:43.203 - system_controller - INFO - Registered Worker Manager (id: 'worker_manager')
2026-08-12 00:25:43.251 - system_controller - INFO - Registered Dataset Manager (id: 'dataset_manager')
2026-08-12 00:25:43.252 - system_controller - INFO - Registered Server Metrics Manager (id: 'server_metrics_manager')
2026-08-12 00:25:43.301 - system_controller - INFO - Registered Records Manager (id: 'records_manager')
2026-08-12 00:25:43.401 - system_controller - INFO - Registered Record Processor (id: 'record_processor_37545d84')
2026-08-12 00:25:43.440 - system_controller - INFO - Registered Timing Manager (id: 'timing_manager')
2026-08-12 00:25:43.483 - system_controller - INFO - Registered Worker (id: 'worker_42b40599')
2026-08-12 00:25:43.538 - system_controller - INFO - Registered Worker (id: 'worker_566fe109')
2026-08-12 00:25:43.587 - system_controller - INFO - AIPerf System is CONFIGURING
2026-08-12 00:25:43.587 - system_controller - INFO - Configuring all services to start profiling
2026-08-12 00:25:43.588 - InferenceResultParser_8b935949 - INFO - Configuring tokenizers for inference result parser (resolve_alias: True)
2026-08-12 00:25:43.589 - timing_manager - INFO - Waiting for dataset to be configured before configuring timing
2026-08-12 00:25:43.590 - dataset_manager - INFO - Configuring tokenizer(s) for dataset manager
2026-08-12 00:25:43.597 - server_metrics_manager - INFO - Server Metrics: Capturing baseline metrics...
2026-08-12 00:25:43.610 - http://localhost:8000/metrics - INFO - Skipping unsupported summary metric: http_request_size_bytes
2026-08-12 00:25:43.610 - http://localhost:8000/metrics - INFO - Skipping unsupported summary metric: http_response_size_bytes
2026-08-12 00:25:43.611 - system_controller - INFO - Server metrics enabled - 1/1 endpoint(s) reachable.
2026-08-12 00:25:43.611 - system_controller - INFO - Waiting for result domains: profile, server_metrics, telemetry
2026-08-12 00:25:43.627 - gpu_telemetry_manager - INFO - GPU Telemetry: Capturing baseline metrics from pynvml://localhost
2026-08-12 00:25:43.636 - pynvml_collector - INFO - PyNVML initialized with 1 GPU(s) (0 with GPM support)
2026-08-12 00:25:43.651 - system_controller - INFO - DCGM telemetry enabled - 1/1 endpoint(s) reachable
2026-08-12 00:25:44.179 - httpx - INFO - HTTP Request: HEAD https://huggingface.co/nvidia/NVIDIA-Nemotron-3.5-Lightning-30B-A3B-NVFP4/resolve/main/config.json "HTTP/1.1 307 Temporary Redirect"
2026-08-12 00:25:44.191 - httpx - INFO - HTTP Request: HEAD https://huggingface.co/api/resolve-cache/models/nvidia/NVIDIA-Nemotron-3.5-Lightning-30B-A3B-NVFP4/b14872a58afd94e2fbbc1e5a1fe4ebb7dfdc5fdd/config.json "HTTP/1.1 200 OK"
2026-08-12 00:25:44.196 - httpx - INFO - HTTP Request: HEAD https://huggingface.co/nvidia/NVIDIA-Nemotron-3.5-Lightning-30B-A3B-NVFP4/resolve/main/config.json "HTTP/1.1 307 Temporary Redirect"
2026-08-12 00:25:44.196 - huggingface_hub.utils._http - WARNING - Warning: You are sending unauthenticated requests to the HF Hub. Please set a HF_TOKEN to enable higher rate limits and faster downloads.
2026-08-12 00:25:44.208 - httpx - INFO - HTTP Request: HEAD https://huggingface.co/api/resolve-cache/models/nvidia/NVIDIA-Nemotron-3.5-Lightning-30B-A3B-NVFP4/b14872a58afd94e2fbbc1e5a1fe4ebb7dfdc5fdd/config.json "HTTP/1.1 200 OK"
2026-08-12 00:25:44.334 - httpx - INFO - HTTP Request: HEAD https://huggingface.co/nvidia/NVIDIA-Nemotron-3.5-Lightning-30B-A3B-NVFP4/resolve/main/tokenizer_config.json "HTTP/1.1 307 Temporary Redirect"
2026-08-12 00:25:44.335 - huggingface_hub.utils._http - WARNING - Warning: You are sending unauthenticated requests to the HF Hub. Please set a HF_TOKEN to enable higher rate limits and faster downloads.
2026-08-12 00:25:44.348 - httpx - INFO - HTTP Request: HEAD https://huggingface.co/api/resolve-cache/models/nvidia/NVIDIA-Nemotron-3.5-Lightning-30B-A3B-NVFP4/b14872a58afd94e2fbbc1e5a1fe4ebb7dfdc5fdd/tokenizer_config.json "HTTP/1.1 200 OK"
2026-08-12 00:25:44.348 - httpx - INFO - HTTP Request: HEAD https://huggingface.co/nvidia/NVIDIA-Nemotron-3.5-Lightning-30B-A3B-NVFP4/resolve/main/tokenizer_config.json "HTTP/1.1 307 Temporary Redirect"
2026-08-12 00:25:44.360 - httpx - INFO - HTTP Request: HEAD https://huggingface.co/api/resolve-cache/models/nvidia/NVIDIA-Nemotron-3.5-Lightning-30B-A3B-NVFP4/b14872a58afd94e2fbbc1e5a1fe4ebb7dfdc5fdd/tokenizer_config.json "HTTP/1.1 200 OK"
2026-08-12 00:25:44.448 - httpx - INFO - HTTP Request: GET https://huggingface.co/api/models/nvidia/NVIDIA-Nemotron-3.5-Lightning-30B-A3B-NVFP4/tree/main/additional_chat_templates?recursive=false&expand=false "HTTP/1.1 404 Not Found"
2026-08-12 00:25:44.450 - httpx - INFO - HTTP Request: GET https://huggingface.co/api/models/nvidia/NVIDIA-Nemotron-3.5-Lightning-30B-A3B-NVFP4/tree/main/additional_chat_templates?recursive=false&expand=false "HTTP/1.1 404 Not Found"
2026-08-12 00:25:44.544 - httpx - INFO - HTTP Request: GET https://huggingface.co/api/models/nvidia/NVIDIA-Nemotron-3.5-Lightning-30B-A3B-NVFP4/tree/main?recursive=true&expand=false "HTTP/1.1 200 OK"
2026-08-12 00:25:44.548 - httpx - INFO - HTTP Request: GET https://huggingface.co/api/models/nvidia/NVIDIA-Nemotron-3.5-Lightning-30B-A3B-NVFP4/tree/main?recursive=true&expand=false "HTTP/1.1 200 OK"
2026-08-12 00:25:45.483 - httpx - INFO - HTTP Request: GET https://huggingface.co/api/models/nvidia/NVIDIA-Nemotron-3.5-Lightning-30B-A3B-NVFP4 "HTTP/1.1 200 OK"
2026-08-12 00:25:45.489 - httpx - INFO - HTTP Request: GET https://huggingface.co/api/models/nvidia/NVIDIA-Nemotron-3.5-Lightning-30B-A3B-NVFP4 "HTTP/1.1 200 OK"
2026-08-12 00:25:45.503 - InferenceResultParser_8b935949 - INFO - Initialized tokenizers: {'nvidia/NVIDIA-Nemotron-3.5-Lightning-30B-A3B-NVFP4': {'class': 'TokenizersBackend', 'name_or_path': 'nvidia/NVIDIA-Nemotron-3.5-Lightning-30B-A3B-NVFP4'}} in 1.91 seconds
2026-08-12 00:25:45.516 - dataset_manager - INFO - Tokenizer(s) configured in 1.93 seconds
2026-08-12 00:25:45.516 - dataset_manager - INFO - Configuring dataset for dataset_manager
2026-08-12 00:25:45.759 - CustomDatasetComposer - INFO - Using explicit dataset format: multi_turn
2026-08-12 00:25:45.825 - MemoryMapDatasetBackingStore_26df8913 - INFO - Memory-mapped backing store initialized (streaming to /tmp/aiperf_mmap_2dc5e7ac01c9/dataset.dat)
2026-08-12 00:25:45.844 - MemoryMapDatasetBackingStore_26df8913 - INFO - Data file finalized: 500 conversations, 1.26 MB
2026-08-12 00:25:45.845 - MemoryMapDatasetBackingStore_26df8913 - INFO - Index file created: /tmp/aiperf_mmap_2dc5e7ac01c9/index.dat
2026-08-12 00:25:45.845 - dataset_manager - INFO - Backing store finalized: client_type=DatasetClientStoreType.MEMORY_MAP format=MemoryMapFormat.CONVERSATION data_file_path=PosixPath('/tmp/aiperf_mmap_2dc5e7ac01c9/dataset.dat') index_file_path=PosixPath('/tmp/aiperf_mmap_2dc5e7ac01c9/index.dat') conversation_count=500 total_size_bytes=1324427 compressed=False compressed_data_file_path=None compressed_index_file_path=None compressed_size_bytes=0
2026-08-12 00:25:45.854 - dataset_manager - INFO - sampling strategy: sequential, unique conversations: 500, unique turn count: 1783
2026-08-12 00:25:45.859 - dataset_manager - INFO - Generating inputs.json file at /output/inputs.json
2026-08-12 00:25:45.866 - PhaseOrchestrator_23c562da - INFO - Initialized 2 phase(s): ['Warmup', 'Profiling']
2026-08-12 00:25:45.873 - dataset_manager - INFO - inputs.json file generated in 0.01 seconds
2026-08-12 00:25:45.995 - dataset_manager - INFO - Dataset client initialized and freed 500 conversations from memory
2026-08-12 00:25:45.996 - dataset_manager - INFO - Dataset configured in 0.48 seconds
2026-08-12 00:25:45.996 - system_controller - INFO - All services configured in 2.41 seconds
2026-08-12 00:25:45.997 - system_controller - INFO - AIPerf System is CONFIGURED
2026-08-12 00:25:45.997 - server_metrics_manager - INFO - Server Metrics: Started 1 collector(s) successfully
2026-08-12 00:25:45.998 - system_controller - INFO - All services started profiling successfully
2026-08-12 00:25:45.998 - system_controller - INFO - AIPerf System is PROFILING
2026-08-12 00:25:46.001 - RateTiming - INFO - Creating interval generator: pattern=concurrency_burst, rate=None, smoothness=None
2026-08-12 00:25:46.001 - PhaseRunner - NOTICE - Phase warmup (warmup) started | phase_index=0 | target: 3 requests
2026-08-12 00:25:46.002 - records_manager - INFO - Credit phase start: warmup
2026-08-12 00:25:52.540 - PhaseRunner - NOTICE - Phase warmup (warmup) sending complete | sent=3, completed=1, in_flight=2 | sessions: sent=2, completed=0
2026-08-12 00:26:00.159 - PhaseRunner - NOTICE - Phase warmup (warmup) complete | completed=3, cancelled=0, errors=0 | sessions: completed=1, cancelled=0 | elapsed=14.16s
2026-08-12 00:26:00.160 - RateTiming - INFO - Creating interval generator: pattern=concurrency_burst, rate=None, smoothness=None
2026-08-12 00:26:00.160 - PhaseRunner - NOTICE - Phase profiling (profiling) started | phase_index=1 | profiling_index=0 | target: 50 requests, 50 sessions
2026-08-12 00:26:00.160 - server_metrics_manager - INFO - Server Metrics: Warmup complete, capturing final warmup metrics...
2026-08-12 00:26:00.161 - records_manager - INFO - Credit phase start: profiling
2026-08-12 00:26:40.297 - aiperf.metrics.types.osl_mismatch_metrics - WARNING - OSL mismatch: got 470 tokens (requested 500, diff -6.0%)
2026-08-12 00:29:02.845 - PhaseRunner - NOTICE - Phase profiling (profiling) sending complete | sent=50, completed=48, in_flight=2 | sessions: sent=16, completed=14
2026-08-12 00:29:02.847 - records_manager - INFO - Sent 50 requests. Waiting for all to complete...
2026-08-12 00:29:10.351 - PhaseRunner - NOTICE - Phase profiling (profiling) complete | completed=50, cancelled=0, errors=0 | sessions: completed=15, cancelled=0 | elapsed=190.19s
2026-08-12 00:29:10.351 - PhaseOrchestrator_23c562da - NOTICE - All credits completed
2026-08-12 00:29:10.353 - records_manager - INFO - Received CREDIT_PHASE_COMPLETE message, Phase complete: PhaseRecordsStats(phase=CreditPhase.PROFILING, phase_index=1, profiling_index=0, phase_name='profiling', phase_kind='profiling', start_ns=1786494360160359827, sent_end_ns=1786494542845891888, requests_end_ns=1786494550351004467, baseline_start_ns=1786494360160349587, baseline_end_ns=1786494550351018691, total_expected_requests=50, expected_duration_sec=None, expected_num_sessions=None, expected_grace_period_sec=None, final_requests_sent=None, final_requests_completed=50, final_requests_cancelled=0, final_request_errors=0, final_sent_sessions=None, final_completed_sessions=None, final_cancelled_sessions=None, timeout_triggered=False, grace_period_timeout_triggered=False, was_cancelled=False, records_end_ns=None, success_records=49, error_records=0)
2026-08-12 00:29:10.353 - records_manager - NOTICE - All requests have completed, please wait for the results to be processed (currently 49 of 50 records processed)...
2026-08-12 00:29:10.353 - system_controller - INFO - Received credits complete from 'timing_manager'
2026-08-12 00:29:10.354 - records_manager - INFO - All credits complete, please wait for the results to be processed...
2026-08-12 00:29:10.363 - records_manager - INFO - Processed 50 valid requests and 0 errors (50 total).
2026-08-12 00:29:10.363 - records_manager - INFO - Received all records, processing now...
2026-08-12 00:29:10.366 - server_metrics_manager - INFO - Server Metrics: Profiling complete, capturing final metrics...
2026-08-12 00:29:10.369 - records_manager - INFO - Waiting 2.0s for server metrics flush period...
2026-08-12 00:29:10.367 - gpu_telemetry_manager - INFO - GPU Telemetry: Profiling complete, capturing final metrics...
2026-08-12 00:29:12.353 - records_manager - INFO - Processing records results...
2026-08-12 00:29:12.805 - system_controller - INFO - Waiting for result domains: server_metrics, telemetry
2026-08-12 00:29:12.806 - system_controller - INFO - Waiting for result domains: server_metrics
2026-08-12 00:29:12.953 - records_manager - INFO - _finalize_and_process_results completed
2026-08-12 00:29:12.959 - system_controller - INFO - All results received, initiating shutdown
2026-08-12 00:29:13.577 - ExporterManager - INFO - Exporting all records
2026-08-12 00:29:13.722 - ExporterManager - INFO - Exporting console data
