2026-08-12 00:15:56.719 - aiperf.cli_runner._single_run - INFO - Starting AIPerf System
2026-08-12 00:15:57.225 - httpx - INFO - HTTP Request: GET https://huggingface.co/api/models/nvidia/NVIDIA-Nemotron-3.5-Lightning-30B-A3B-NVFP4 "HTTP/1.1 200 OK"
2026-08-12 00:15:57.243 - aiperf.config.resolution.resolvers - INFO - [OK] Tokenizer nvidia/NVIDIA-Nemotron-3.5-Lightning-30B-A3B-NVFP4 detected
2026-08-12 00:15:57.243 - aiperf.config.resolution.resolvers - INFO - 1 tokenizer validated | 0.5s
2026-08-12 00:15:57.243 - aiperf.config.resolution.resolvers - INFO - Prefetching 1 tokenizer into HF cache...
2026-08-12 00:15:58.330 - httpx - INFO - HTTP Request: HEAD https://huggingface.co/nvidia/NVIDIA-Nemotron-3.5-Lightning-30B-A3B-NVFP4/resolve/main/config.json "HTTP/1.1 307 Temporary Redirect"
2026-08-12 00:15:58.330 - huggingface_hub.utils._http - WARNING - Warning: You are sending unauthenticated requests to the HF Hub. Please set a HF_TOKEN to enable higher rate limits and faster downloads.
2026-08-12 00:15:58.342 - httpx - INFO - HTTP Request: HEAD https://huggingface.co/api/resolve-cache/models/nvidia/NVIDIA-Nemotron-3.5-Lightning-30B-A3B-NVFP4/b14872a58afd94e2fbbc1e5a1fe4ebb7dfdc5fdd/config.json "HTTP/1.1 200 OK"
2026-08-12 00:15:58.361 - httpx - INFO - HTTP Request: GET https://huggingface.co/api/resolve-cache/models/nvidia/NVIDIA-Nemotron-3.5-Lightning-30B-A3B-NVFP4/b14872a58afd94e2fbbc1e5a1fe4ebb7dfdc5fdd/config.json "HTTP/1.1 200 OK"
2026-08-12 00:15:58.503 - httpx - INFO - HTTP Request: HEAD https://huggingface.co/nvidia/NVIDIA-Nemotron-3.5-Lightning-30B-A3B-NVFP4/resolve/main/tokenizer_config.json "HTTP/1.1 307 Temporary Redirect"
2026-08-12 00:15:58.515 - httpx - INFO - HTTP Request: HEAD https://huggingface.co/api/resolve-cache/models/nvidia/NVIDIA-Nemotron-3.5-Lightning-30B-A3B-NVFP4/b14872a58afd94e2fbbc1e5a1fe4ebb7dfdc5fdd/tokenizer_config.json "HTTP/1.1 200 OK"
2026-08-12 00:15:58.527 - httpx - INFO - HTTP Request: GET https://huggingface.co/api/resolve-cache/models/nvidia/NVIDIA-Nemotron-3.5-Lightning-30B-A3B-NVFP4/b14872a58afd94e2fbbc1e5a1fe4ebb7dfdc5fdd/tokenizer_config.json "HTTP/1.1 200 OK"
2026-08-12 00:15:58.614 - httpx - INFO - HTTP Request: GET https://huggingface.co/api/models/nvidia/NVIDIA-Nemotron-3.5-Lightning-30B-A3B-NVFP4/tree/main/additional_chat_templates?recursive=false&expand=false "HTTP/1.1 404 Not Found"
2026-08-12 00:15:58.705 - httpx - INFO - HTTP Request: GET https://huggingface.co/api/models/nvidia/NVIDIA-Nemotron-3.5-Lightning-30B-A3B-NVFP4/tree/main?recursive=true&expand=false "HTTP/1.1 200 OK"
2026-08-12 00:15:58.802 - httpx - INFO - HTTP Request: HEAD https://huggingface.co/nvidia/NVIDIA-Nemotron-3.5-Lightning-30B-A3B-NVFP4/resolve/main/tokenizer.json "HTTP/1.1 302 Found"
2026-08-12 00:15:58.892 - httpx - INFO - HTTP Request: GET https://huggingface.co/api/models/nvidia/NVIDIA-Nemotron-3.5-Lightning-30B-A3B-NVFP4/xet-read-token/b14872a58afd94e2fbbc1e5a1fe4ebb7dfdc5fdd "HTTP/1.1 200 OK"
2026-08-12 00:15:59.760 - httpx - INFO - HTTP Request: HEAD https://huggingface.co/nvidia/NVIDIA-Nemotron-3.5-Lightning-30B-A3B-NVFP4/resolve/main/tokenizer.model "HTTP/1.1 404 Not Found"
2026-08-12 00:15:59.845 - httpx - INFO - HTTP Request: HEAD https://huggingface.co/nvidia/NVIDIA-Nemotron-3.5-Lightning-30B-A3B-NVFP4/resolve/main/added_tokens.json "HTTP/1.1 404 Not Found"
2026-08-12 00:15:59.935 - httpx - INFO - HTTP Request: HEAD https://huggingface.co/nvidia/NVIDIA-Nemotron-3.5-Lightning-30B-A3B-NVFP4/resolve/main/special_tokens_map.json "HTTP/1.1 307 Temporary Redirect"
2026-08-12 00:15:59.949 - httpx - INFO - HTTP Request: HEAD https://huggingface.co/api/resolve-cache/models/nvidia/NVIDIA-Nemotron-3.5-Lightning-30B-A3B-NVFP4/b14872a58afd94e2fbbc1e5a1fe4ebb7dfdc5fdd/special_tokens_map.json "HTTP/1.1 200 OK"
2026-08-12 00:15:59.963 - httpx - INFO - HTTP Request: GET https://huggingface.co/api/resolve-cache/models/nvidia/NVIDIA-Nemotron-3.5-Lightning-30B-A3B-NVFP4/b14872a58afd94e2fbbc1e5a1fe4ebb7dfdc5fdd/special_tokens_map.json "HTTP/1.1 200 OK"
2026-08-12 00:16:00.055 - httpx - INFO - HTTP Request: HEAD https://huggingface.co/nvidia/NVIDIA-Nemotron-3.5-Lightning-30B-A3B-NVFP4/resolve/main/chat_template.jinja "HTTP/1.1 307 Temporary Redirect"
2026-08-12 00:16:00.068 - httpx - INFO - HTTP Request: HEAD https://huggingface.co/api/resolve-cache/models/nvidia/NVIDIA-Nemotron-3.5-Lightning-30B-A3B-NVFP4/b14872a58afd94e2fbbc1e5a1fe4ebb7dfdc5fdd/chat_template.jinja "HTTP/1.1 200 OK"
2026-08-12 00:16:00.080 - httpx - INFO - HTTP Request: GET https://huggingface.co/api/resolve-cache/models/nvidia/NVIDIA-Nemotron-3.5-Lightning-30B-A3B-NVFP4/b14872a58afd94e2fbbc1e5a1fe4ebb7dfdc5fdd/chat_template.jinja "HTTP/1.1 200 OK"
2026-08-12 00:16:00.939 - httpx - INFO - HTTP Request: GET https://huggingface.co/api/models/nvidia/NVIDIA-Nemotron-3.5-Lightning-30B-A3B-NVFP4 "HTTP/1.1 200 OK"
2026-08-12 00:16:00.981 - aiperf.config.resolution.resolvers - INFO -   Cached nvidia/NVIDIA-Nemotron-3.5-Lightning-30B-A3B-NVFP4 (3.72s)
2026-08-12 00:16:01.034 - aiperf.config.resolution.resolvers - INFO - 1 tokenizer cached • 3.8s
2026-08-12 00:16:01.489 - server_metrics_manager - INFO - Server Metrics: Discovered 1 endpoints: ['http://localhost:8000/metrics']
2026-08-12 00:16:01.496 - GPUTelemetryJSONLWriter_f1431065 - INFO - GPU telemetry export enabled: /output/gpu_telemetry_export.jsonl
2026-08-12 00:16:01.507 - OTelMetricsResultsProcessor_f01306db - INFO - Telemetry streaming is disabled (set --otel-url and/or --mlflow-tracking-uri to enable)
2026-08-12 00:16:01.510 - RecordExportJSONLWriter_1f9d827a - INFO - Record metrics export enabled: /output/profile_export.jsonl
2026-08-12 00:16:01.517 - system_controller - INFO - Registered Records Manager (id: 'records_manager')
2026-08-12 00:16:01.525 - system_controller - INFO - Registered Gpu Telemetry Manager (id: 'gpu_telemetry_manager')
2026-08-12 00:16:01.530 - system_controller - INFO - Registered Worker Manager (id: 'worker_manager')
2026-08-12 00:16:01.594 - system_controller - INFO - Registered Dataset Manager (id: 'dataset_manager')
2026-08-12 00:16:01.595 - system_controller - INFO - Registered Server Metrics Manager (id: 'server_metrics_manager')
2026-08-12 00:16:01.653 - system_controller - INFO - Registered Record Processor (id: 'record_processor_50d1dce4')
2026-08-12 00:16:01.654 - system_controller - INFO - Registered Record Processor (id: 'record_processor_f5060ac9')
2026-08-12 00:16:01.732 - system_controller - INFO - Registered Timing Manager (id: 'timing_manager')
2026-08-12 00:16:01.840 - system_controller - INFO - Registered Worker (id: 'worker_d7cb4afd')
2026-08-12 00:16:01.907 - system_controller - INFO - AIPerf System is CONFIGURING
2026-08-12 00:16:01.907 - system_controller - INFO - Configuring all services to start profiling
2026-08-12 00:16:01.910 - timing_manager - INFO - Waiting for dataset to be configured before configuring timing
2026-08-12 00:16:01.910 - InferenceResultParser_4dca7f30 - INFO - Configuring tokenizers for inference result parser (resolve_alias: True)
2026-08-12 00:16:01.910 - InferenceResultParser_892c1e02 - INFO - Configuring tokenizers for inference result parser (resolve_alias: True)
2026-08-12 00:16:01.911 - dataset_manager - INFO - Configuring tokenizer(s) for dataset manager
2026-08-12 00:16:01.917 - server_metrics_manager - INFO - Server Metrics: Capturing baseline metrics...
2026-08-12 00:16:01.921 - system_controller - INFO - Registered Worker (id: 'worker_8de6a1b7')
2026-08-12 00:16:01.921 - system_controller - INFO - Registered Worker (id: 'worker_b62ba54d')
2026-08-12 00:16:01.921 - system_controller - INFO - Registered Worker (id: 'worker_28036927')
2026-08-12 00:16:01.934 - system_controller - INFO - Registered Worker (id: 'worker_70fb86cb')
2026-08-12 00:16:01.934 - system_controller - INFO - Registered Worker (id: 'worker_2f6ca024')
2026-08-12 00:16:01.935 - http://localhost:8000/metrics - INFO - Skipping unsupported summary metric: http_request_size_bytes
2026-08-12 00:16:01.935 - http://localhost:8000/metrics - INFO - Skipping unsupported summary metric: http_response_size_bytes
2026-08-12 00:16:01.937 - system_controller - INFO - Server metrics enabled - 1/1 endpoint(s) reachable.
2026-08-12 00:16:01.937 - system_controller - INFO - Waiting for result domains: profile, server_metrics, telemetry
2026-08-12 00:16:01.943 - gpu_telemetry_manager - INFO - GPU Telemetry: Capturing baseline metrics from pynvml://localhost
2026-08-12 00:16:01.946 - system_controller - INFO - Registered Worker (id: 'worker_671f9a3e')
2026-08-12 00:16:01.950 - system_controller - INFO - Registered Worker (id: 'worker_dd395622')
2026-08-12 00:16:01.954 - pynvml_collector - INFO - PyNVML initialized with 1 GPU(s) (0 with GPM support)
2026-08-12 00:16:01.969 - system_controller - INFO - DCGM telemetry enabled - 1/1 endpoint(s) reachable
2026-08-12 00:16:02.458 - httpx - INFO - HTTP Request: HEAD https://huggingface.co/nvidia/NVIDIA-Nemotron-3.5-Lightning-30B-A3B-NVFP4/resolve/main/config.json "HTTP/1.1 307 Temporary Redirect"
2026-08-12 00:16:02.458 - httpx - INFO - HTTP Request: HEAD https://huggingface.co/nvidia/NVIDIA-Nemotron-3.5-Lightning-30B-A3B-NVFP4/resolve/main/config.json "HTTP/1.1 307 Temporary Redirect"
2026-08-12 00:16:02.458 - huggingface_hub.utils._http - WARNING - Warning: You are sending unauthenticated requests to the HF Hub. Please set a HF_TOKEN to enable higher rate limits and faster downloads.
2026-08-12 00:16:02.458 - huggingface_hub.utils._http - WARNING - Warning: You are sending unauthenticated requests to the HF Hub. Please set a HF_TOKEN to enable higher rate limits and faster downloads.
2026-08-12 00:16:02.470 - httpx - INFO - HTTP Request: HEAD https://huggingface.co/api/resolve-cache/models/nvidia/NVIDIA-Nemotron-3.5-Lightning-30B-A3B-NVFP4/b14872a58afd94e2fbbc1e5a1fe4ebb7dfdc5fdd/config.json "HTTP/1.1 200 OK"
2026-08-12 00:16:02.471 - httpx - INFO - HTTP Request: HEAD https://huggingface.co/api/resolve-cache/models/nvidia/NVIDIA-Nemotron-3.5-Lightning-30B-A3B-NVFP4/b14872a58afd94e2fbbc1e5a1fe4ebb7dfdc5fdd/config.json "HTTP/1.1 200 OK"
2026-08-12 00:16:02.481 - httpx - INFO - HTTP Request: HEAD https://huggingface.co/nvidia/NVIDIA-Nemotron-3.5-Lightning-30B-A3B-NVFP4/resolve/main/config.json "HTTP/1.1 307 Temporary Redirect"
2026-08-12 00:16:02.494 - httpx - INFO - HTTP Request: HEAD https://huggingface.co/api/resolve-cache/models/nvidia/NVIDIA-Nemotron-3.5-Lightning-30B-A3B-NVFP4/b14872a58afd94e2fbbc1e5a1fe4ebb7dfdc5fdd/config.json "HTTP/1.1 200 OK"
2026-08-12 00:16:02.604 - httpx - INFO - HTTP Request: HEAD https://huggingface.co/nvidia/NVIDIA-Nemotron-3.5-Lightning-30B-A3B-NVFP4/resolve/main/tokenizer_config.json "HTTP/1.1 307 Temporary Redirect"
2026-08-12 00:16:02.604 - httpx - INFO - HTTP Request: HEAD https://huggingface.co/nvidia/NVIDIA-Nemotron-3.5-Lightning-30B-A3B-NVFP4/resolve/main/tokenizer_config.json "HTTP/1.1 307 Temporary Redirect"
2026-08-12 00:16:02.616 - httpx - INFO - HTTP Request: HEAD https://huggingface.co/api/resolve-cache/models/nvidia/NVIDIA-Nemotron-3.5-Lightning-30B-A3B-NVFP4/b14872a58afd94e2fbbc1e5a1fe4ebb7dfdc5fdd/tokenizer_config.json "HTTP/1.1 200 OK"
2026-08-12 00:16:02.616 - httpx - INFO - HTTP Request: HEAD https://huggingface.co/api/resolve-cache/models/nvidia/NVIDIA-Nemotron-3.5-Lightning-30B-A3B-NVFP4/b14872a58afd94e2fbbc1e5a1fe4ebb7dfdc5fdd/tokenizer_config.json "HTTP/1.1 200 OK"
2026-08-12 00:16:02.627 - httpx - INFO - HTTP Request: HEAD https://huggingface.co/nvidia/NVIDIA-Nemotron-3.5-Lightning-30B-A3B-NVFP4/resolve/main/tokenizer_config.json "HTTP/1.1 307 Temporary Redirect"
2026-08-12 00:16:02.628 - huggingface_hub.utils._http - WARNING - Warning: You are sending unauthenticated requests to the HF Hub. Please set a HF_TOKEN to enable higher rate limits and faster downloads.
2026-08-12 00:16:02.638 - httpx - INFO - HTTP Request: HEAD https://huggingface.co/api/resolve-cache/models/nvidia/NVIDIA-Nemotron-3.5-Lightning-30B-A3B-NVFP4/b14872a58afd94e2fbbc1e5a1fe4ebb7dfdc5fdd/tokenizer_config.json "HTTP/1.1 200 OK"
2026-08-12 00:16:02.705 - httpx - INFO - HTTP Request: GET https://huggingface.co/api/models/nvidia/NVIDIA-Nemotron-3.5-Lightning-30B-A3B-NVFP4/tree/main/additional_chat_templates?recursive=false&expand=false "HTTP/1.1 404 Not Found"
2026-08-12 00:16:02.706 - httpx - INFO - HTTP Request: GET https://huggingface.co/api/models/nvidia/NVIDIA-Nemotron-3.5-Lightning-30B-A3B-NVFP4/tree/main/additional_chat_templates?recursive=false&expand=false "HTTP/1.1 404 Not Found"
2026-08-12 00:16:02.727 - httpx - INFO - HTTP Request: GET https://huggingface.co/api/models/nvidia/NVIDIA-Nemotron-3.5-Lightning-30B-A3B-NVFP4/tree/main/additional_chat_templates?recursive=false&expand=false "HTTP/1.1 404 Not Found"
2026-08-12 00:16:02.794 - httpx - INFO - HTTP Request: GET https://huggingface.co/api/models/nvidia/NVIDIA-Nemotron-3.5-Lightning-30B-A3B-NVFP4/tree/main?recursive=true&expand=false "HTTP/1.1 200 OK"
2026-08-12 00:16:02.797 - httpx - INFO - HTTP Request: GET https://huggingface.co/api/models/nvidia/NVIDIA-Nemotron-3.5-Lightning-30B-A3B-NVFP4/tree/main?recursive=true&expand=false "HTTP/1.1 200 OK"
2026-08-12 00:16:02.814 - httpx - INFO - HTTP Request: GET https://huggingface.co/api/models/nvidia/NVIDIA-Nemotron-3.5-Lightning-30B-A3B-NVFP4/tree/main?recursive=true&expand=false "HTTP/1.1 200 OK"
2026-08-12 00:16:03.885 - httpx - INFO - HTTP Request: GET https://huggingface.co/api/models/nvidia/NVIDIA-Nemotron-3.5-Lightning-30B-A3B-NVFP4 "HTTP/1.1 200 OK"
2026-08-12 00:16:03.894 - httpx - INFO - HTTP Request: GET https://huggingface.co/api/models/nvidia/NVIDIA-Nemotron-3.5-Lightning-30B-A3B-NVFP4 "HTTP/1.1 200 OK"
2026-08-12 00:16:03.895 - httpx - INFO - HTTP Request: GET https://huggingface.co/api/models/nvidia/NVIDIA-Nemotron-3.5-Lightning-30B-A3B-NVFP4 "HTTP/1.1 200 OK"
2026-08-12 00:16:03.910 - InferenceResultParser_4dca7f30 - INFO - Initialized tokenizers: {'nvidia/NVIDIA-Nemotron-3.5-Lightning-30B-A3B-NVFP4': {'class': 'TokenizersBackend', 'name_or_path': 'nvidia/NVIDIA-Nemotron-3.5-Lightning-30B-A3B-NVFP4'}} in 2.00 seconds
2026-08-12 00:16:03.929 - dataset_manager - INFO - Tokenizer(s) configured in 2.02 seconds
2026-08-12 00:16:03.930 - dataset_manager - INFO - Configuring dataset for dataset_manager
2026-08-12 00:16:03.935 - InferenceResultParser_892c1e02 - INFO - Initialized tokenizers: {'nvidia/NVIDIA-Nemotron-3.5-Lightning-30B-A3B-NVFP4': {'class': 'TokenizersBackend', 'name_or_path': 'nvidia/NVIDIA-Nemotron-3.5-Lightning-30B-A3B-NVFP4'}} in 2.02 seconds
2026-08-12 00:16:04.243 - CustomDatasetComposer - INFO - Using explicit dataset format: multi_turn
2026-08-12 00:16:04.322 - MemoryMapDatasetBackingStore_44e63b77 - INFO - Memory-mapped backing store initialized (streaming to /tmp/aiperf_mmap_1be74c3901ea/dataset.dat)
2026-08-12 00:16:04.344 - MemoryMapDatasetBackingStore_44e63b77 - INFO - Data file finalized: 500 conversations, 1.29 MB
2026-08-12 00:16:04.345 - MemoryMapDatasetBackingStore_44e63b77 - INFO - Index file created: /tmp/aiperf_mmap_1be74c3901ea/index.dat
2026-08-12 00:16:04.347 - dataset_manager - INFO - Backing store finalized: client_type=DatasetClientStoreType.MEMORY_MAP format=MemoryMapFormat.CONVERSATION data_file_path=PosixPath('/tmp/aiperf_mmap_1be74c3901ea/dataset.dat') index_file_path=PosixPath('/tmp/aiperf_mmap_1be74c3901ea/index.dat') conversation_count=500 total_size_bytes=1353644 compressed=False compressed_data_file_path=None compressed_index_file_path=None compressed_size_bytes=0
2026-08-12 00:16:04.357 - dataset_manager - INFO - sampling strategy: sequential, unique conversations: 500, unique turn count: 1783
2026-08-12 00:16:04.375 - dataset_manager - INFO - Generating inputs.json file at /output/inputs.json
2026-08-12 00:16:04.393 - dataset_manager - INFO - inputs.json file generated in 0.02 seconds
2026-08-12 00:16:04.424 - system_controller - WARNING - Received command response for service we were not expecting: worker_671f9a3e. Ignoring.
2026-08-12 00:16:04.430 - system_controller - WARNING - Received command response for service we were not expecting: worker_8de6a1b7. Ignoring.
2026-08-12 00:16:04.430 - system_controller - WARNING - Received command response for service we were not expecting: worker_dd395622. Ignoring.
2026-08-12 00:16:04.430 - system_controller - WARNING - Received command response for service we were not expecting: worker_b62ba54d. Ignoring.
2026-08-12 00:16:04.430 - system_controller - WARNING - Received command response for service we were not expecting: worker_2f6ca024. Ignoring.
2026-08-12 00:16:04.432 - system_controller - WARNING - Received command response for service we were not expecting: worker_28036927. Ignoring.
2026-08-12 00:16:04.437 - system_controller - WARNING - Received command response for service we were not expecting: worker_70fb86cb. Ignoring.
2026-08-12 00:16:04.496 - PhaseOrchestrator_2ae882aa - INFO - Initialized 2 phase(s): ['Warmup', 'Profiling']
2026-08-12 00:16:04.698 - dataset_manager - INFO - Dataset client initialized and freed 500 conversations from memory
2026-08-12 00:16:04.698 - dataset_manager - INFO - Dataset configured in 0.77 seconds
2026-08-12 00:16:04.702 - system_controller - INFO - All services configured in 2.79 seconds
2026-08-12 00:16:04.703 - system_controller - INFO - AIPerf System is CONFIGURED
2026-08-12 00:16:04.741 - server_metrics_manager - INFO - Server Metrics: Started 1 collector(s) successfully
2026-08-12 00:16:04.753 - system_controller - INFO - All services started profiling successfully
2026-08-12 00:16:04.753 - system_controller - INFO - AIPerf System is PROFILING
2026-08-12 00:16:04.775 - RateTiming - INFO - Creating interval generator: pattern=concurrency_burst, rate=None, smoothness=None
2026-08-12 00:16:04.778 - PhaseRunner - NOTICE - Phase warmup (warmup) started | phase_index=0 | target: 3 requests
2026-08-12 00:16:04.787 - PhaseRunner - NOTICE - Phase warmup (warmup) sending complete | sent=3, completed=0, in_flight=3 | sessions: sent=3, completed=0
2026-08-12 00:16:04.788 - records_manager - INFO - Credit phase start: warmup
2026-08-12 00:16:07.426 - PhaseRunner - NOTICE - Phase warmup (warmup) complete | completed=3, cancelled=0, errors=0 | sessions: completed=1, cancelled=0 | elapsed=2.65s
2026-08-12 00:16:07.429 - RateTiming - INFO - Creating interval generator: pattern=concurrency_burst, rate=None, smoothness=None
2026-08-12 00:16:07.429 - PhaseRunner - NOTICE - Phase profiling (profiling) started | phase_index=1 | profiling_index=0 | target: 50 requests, 50 sessions
2026-08-12 00:16:07.431 - server_metrics_manager - INFO - Server Metrics: Warmup complete, capturing final warmup metrics...
2026-08-12 00:16:07.432 - records_manager - INFO - Credit phase start: profiling
2026-08-12 00:16:28.324 - PhaseRunner - NOTICE - Phase profiling (profiling) sending complete | sent=50, completed=42, in_flight=8 | sessions: sent=19, completed=11
2026-08-12 00:16:28.326 - records_manager - INFO - Sent 50 requests. Waiting for all to complete...
2026-08-12 00:16:31.185 - PhaseRunner - NOTICE - Phase profiling (profiling) complete | completed=50, cancelled=0, errors=0 | sessions: completed=12, cancelled=0 | elapsed=23.76s
2026-08-12 00:16:31.186 - PhaseOrchestrator_2ae882aa - NOTICE - All credits completed
2026-08-12 00:16:31.188 - system_controller - INFO - Received credits complete from 'timing_manager'
2026-08-12 00:16:31.189 - records_manager - INFO - Received CREDIT_PHASE_COMPLETE message, Phase complete: PhaseRecordsStats(phase=CreditPhase.PROFILING, phase_index=1, profiling_index=0, phase_name='profiling', phase_kind='profiling', start_ns=1786493767429702878, sent_end_ns=1786493788323995009, requests_end_ns=1786493791185078889, baseline_start_ns=1786493767429686878, baseline_end_ns=1786493791185099609, total_expected_requests=50, expected_duration_sec=None, expected_num_sessions=None, expected_grace_period_sec=None, final_requests_sent=None, final_requests_completed=50, final_requests_cancelled=0, final_request_errors=0, final_sent_sessions=None, final_completed_sessions=None, final_cancelled_sessions=None, timeout_triggered=False, grace_period_timeout_triggered=False, was_cancelled=False, records_end_ns=None, success_records=49, error_records=0)
2026-08-12 00:16:31.189 - records_manager - NOTICE - All requests have completed, please wait for the results to be processed (currently 49 of 50 records processed)...
2026-08-12 00:16:31.190 - records_manager - INFO - All credits complete, please wait for the results to be processed...
2026-08-12 00:16:31.191 - records_manager - INFO - Processed 50 valid requests and 0 errors (50 total).
2026-08-12 00:16:31.191 - records_manager - INFO - Received all records, processing now...
2026-08-12 00:16:31.197 - records_manager - INFO - Waiting 2.0s for server metrics flush period...
2026-08-12 00:16:31.196 - gpu_telemetry_manager - INFO - GPU Telemetry: Profiling complete, capturing final metrics...
2026-08-12 00:16:31.206 - server_metrics_manager - INFO - Server Metrics: Profiling complete, capturing final metrics...
2026-08-12 00:16:33.187 - records_manager - INFO - Processing records results...
2026-08-12 00:16:33.407 - system_controller - INFO - Waiting for result domains: server_metrics, telemetry
2026-08-12 00:16:33.407 - system_controller - INFO - Waiting for result domains: server_metrics
2026-08-12 00:16:33.423 - records_manager - INFO - _finalize_and_process_results completed
2026-08-12 00:16:33.428 - system_controller - INFO - All results received, initiating shutdown
2026-08-12 00:16:34.042 - ExporterManager - INFO - Exporting all records
2026-08-12 00:16:34.204 - ExporterManager - INFO - Exporting console data
