2026-08-12 00:56:38.053 - aiperf.cli_runner._single_run - INFO - Starting AIPerf System
2026-08-12 00:56:38.548 - httpx - INFO - HTTP Request: GET https://huggingface.co/api/models/nvidia/NVIDIA-Nemotron-3.5-Lightning-30B-A3B-NVFP4 "HTTP/1.1 200 OK"
2026-08-12 00:56:38.563 - aiperf.config.resolution.resolvers - INFO - [OK] Tokenizer nvidia/NVIDIA-Nemotron-3.5-Lightning-30B-A3B-NVFP4 detected
2026-08-12 00:56:38.563 - aiperf.config.resolution.resolvers - INFO - 1 tokenizer validated | 0.5s
2026-08-12 00:56:38.563 - aiperf.config.resolution.resolvers - INFO - Prefetching 1 tokenizer into HF cache...
2026-08-12 00:56:39.762 - httpx - INFO - HTTP Request: HEAD https://huggingface.co/nvidia/NVIDIA-Nemotron-3.5-Lightning-30B-A3B-NVFP4/resolve/main/config.json "HTTP/1.1 307 Temporary Redirect"
2026-08-12 00:56:39.762 - huggingface_hub.utils._http - WARNING - Warning: You are sending unauthenticated requests to the HF Hub. Please set a HF_TOKEN to enable higher rate limits and faster downloads.
2026-08-12 00:56:39.776 - httpx - INFO - HTTP Request: HEAD https://huggingface.co/api/resolve-cache/models/nvidia/NVIDIA-Nemotron-3.5-Lightning-30B-A3B-NVFP4/b14872a58afd94e2fbbc1e5a1fe4ebb7dfdc5fdd/config.json "HTTP/1.1 200 OK"
2026-08-12 00:56:39.793 - httpx - INFO - HTTP Request: GET https://huggingface.co/api/resolve-cache/models/nvidia/NVIDIA-Nemotron-3.5-Lightning-30B-A3B-NVFP4/b14872a58afd94e2fbbc1e5a1fe4ebb7dfdc5fdd/config.json "HTTP/1.1 200 OK"
2026-08-12 00:56:39.943 - httpx - INFO - HTTP Request: HEAD https://huggingface.co/nvidia/NVIDIA-Nemotron-3.5-Lightning-30B-A3B-NVFP4/resolve/main/tokenizer_config.json "HTTP/1.1 307 Temporary Redirect"
2026-08-12 00:56:39.956 - httpx - INFO - HTTP Request: HEAD https://huggingface.co/api/resolve-cache/models/nvidia/NVIDIA-Nemotron-3.5-Lightning-30B-A3B-NVFP4/b14872a58afd94e2fbbc1e5a1fe4ebb7dfdc5fdd/tokenizer_config.json "HTTP/1.1 200 OK"
2026-08-12 00:56:39.967 - httpx - INFO - HTTP Request: GET https://huggingface.co/api/resolve-cache/models/nvidia/NVIDIA-Nemotron-3.5-Lightning-30B-A3B-NVFP4/b14872a58afd94e2fbbc1e5a1fe4ebb7dfdc5fdd/tokenizer_config.json "HTTP/1.1 200 OK"
2026-08-12 00:56:40.056 - httpx - INFO - HTTP Request: GET https://huggingface.co/api/models/nvidia/NVIDIA-Nemotron-3.5-Lightning-30B-A3B-NVFP4/tree/main/additional_chat_templates?recursive=false&expand=false "HTTP/1.1 404 Not Found"
2026-08-12 00:56:40.148 - httpx - INFO - HTTP Request: GET https://huggingface.co/api/models/nvidia/NVIDIA-Nemotron-3.5-Lightning-30B-A3B-NVFP4/tree/main?recursive=true&expand=false "HTTP/1.1 200 OK"
2026-08-12 00:56:40.264 - httpx - INFO - HTTP Request: HEAD https://huggingface.co/nvidia/NVIDIA-Nemotron-3.5-Lightning-30B-A3B-NVFP4/resolve/main/tokenizer.json "HTTP/1.1 302 Found"
2026-08-12 00:56:40.363 - httpx - INFO - HTTP Request: GET https://huggingface.co/api/models/nvidia/NVIDIA-Nemotron-3.5-Lightning-30B-A3B-NVFP4/xet-read-token/b14872a58afd94e2fbbc1e5a1fe4ebb7dfdc5fdd "HTTP/1.1 200 OK"
2026-08-12 00:56:41.261 - httpx - INFO - HTTP Request: HEAD https://huggingface.co/nvidia/NVIDIA-Nemotron-3.5-Lightning-30B-A3B-NVFP4/resolve/main/tokenizer.model "HTTP/1.1 404 Not Found"
2026-08-12 00:56:41.352 - httpx - INFO - HTTP Request: HEAD https://huggingface.co/nvidia/NVIDIA-Nemotron-3.5-Lightning-30B-A3B-NVFP4/resolve/main/added_tokens.json "HTTP/1.1 404 Not Found"
2026-08-12 00:56:41.444 - httpx - INFO - HTTP Request: HEAD https://huggingface.co/nvidia/NVIDIA-Nemotron-3.5-Lightning-30B-A3B-NVFP4/resolve/main/special_tokens_map.json "HTTP/1.1 307 Temporary Redirect"
2026-08-12 00:56:41.457 - httpx - INFO - HTTP Request: HEAD https://huggingface.co/api/resolve-cache/models/nvidia/NVIDIA-Nemotron-3.5-Lightning-30B-A3B-NVFP4/b14872a58afd94e2fbbc1e5a1fe4ebb7dfdc5fdd/special_tokens_map.json "HTTP/1.1 200 OK"
2026-08-12 00:56:41.475 - httpx - INFO - HTTP Request: GET https://huggingface.co/api/resolve-cache/models/nvidia/NVIDIA-Nemotron-3.5-Lightning-30B-A3B-NVFP4/b14872a58afd94e2fbbc1e5a1fe4ebb7dfdc5fdd/special_tokens_map.json "HTTP/1.1 200 OK"
2026-08-12 00:56:41.565 - httpx - INFO - HTTP Request: HEAD https://huggingface.co/nvidia/NVIDIA-Nemotron-3.5-Lightning-30B-A3B-NVFP4/resolve/main/chat_template.jinja "HTTP/1.1 307 Temporary Redirect"
2026-08-12 00:56:41.582 - httpx - INFO - HTTP Request: HEAD https://huggingface.co/api/resolve-cache/models/nvidia/NVIDIA-Nemotron-3.5-Lightning-30B-A3B-NVFP4/b14872a58afd94e2fbbc1e5a1fe4ebb7dfdc5fdd/chat_template.jinja "HTTP/1.1 200 OK"
2026-08-12 00:56:41.594 - httpx - INFO - HTTP Request: GET https://huggingface.co/api/resolve-cache/models/nvidia/NVIDIA-Nemotron-3.5-Lightning-30B-A3B-NVFP4/b14872a58afd94e2fbbc1e5a1fe4ebb7dfdc5fdd/chat_template.jinja "HTTP/1.1 200 OK"
2026-08-12 00:56:42.476 - httpx - INFO - HTTP Request: GET https://huggingface.co/api/models/nvidia/NVIDIA-Nemotron-3.5-Lightning-30B-A3B-NVFP4 "HTTP/1.1 200 OK"
2026-08-12 00:56:42.515 - aiperf.config.resolution.resolvers - INFO -   Cached nvidia/NVIDIA-Nemotron-3.5-Lightning-30B-A3B-NVFP4 (3.94s)
2026-08-12 00:56:42.569 - aiperf.config.resolution.resolvers - INFO - 1 tokenizer cached • 4.0s
2026-08-12 00:56:43.008 - server_metrics_manager - INFO - Server Metrics: Discovered 1 endpoints: ['http://localhost:8000/metrics']
2026-08-12 00:56:43.037 - system_controller - INFO - Registered Gpu Telemetry Manager (id: 'gpu_telemetry_manager')
2026-08-12 00:56:43.041 - system_controller - INFO - Registered Worker Manager (id: 'worker_manager')
2026-08-12 00:56:43.046 - GPUTelemetryJSONLWriter_3c0781de - INFO - GPU telemetry export enabled: /output/gpu_telemetry_export.jsonl
2026-08-12 00:56:43.057 - OTelMetricsResultsProcessor_7e73e86d - INFO - Telemetry streaming is disabled (set --otel-url and/or --mlflow-tracking-uri to enable)
2026-08-12 00:56:43.061 - RecordExportJSONLWriter_390f9357 - INFO - Record metrics export enabled: /output/profile_export.jsonl
2026-08-12 00:56:43.086 - system_controller - INFO - Registered Dataset Manager (id: 'dataset_manager')
2026-08-12 00:56:43.112 - system_controller - INFO - Registered Server Metrics Manager (id: 'server_metrics_manager')
2026-08-12 00:56:43.143 - system_controller - INFO - Registered Record Processor (id: 'record_processor_f1206f67')
2026-08-12 00:56:43.169 - system_controller - INFO - Registered Records Manager (id: 'records_manager')
2026-08-12 00:56:43.223 - system_controller - INFO - Registered Timing Manager (id: 'timing_manager')
2026-08-12 00:56:43.357 - system_controller - INFO - Registered Worker (id: 'worker_e00ae835')
2026-08-12 00:56:43.399 - system_controller - INFO - Registered Worker (id: 'worker_843e8991')
2026-08-12 00:56:43.411 - system_controller - INFO - Registered Worker (id: 'worker_789a5211')
2026-08-12 00:56:43.412 - system_controller - INFO - Registered Worker (id: 'worker_093fbbb7')
2026-08-12 00:56:43.420 - system_controller - INFO - AIPerf System is CONFIGURING
2026-08-12 00:56:43.420 - system_controller - INFO - Configuring all services to start profiling
2026-08-12 00:56:43.421 - InferenceResultParser_fc306a36 - INFO - Configuring tokenizers for inference result parser (resolve_alias: True)
2026-08-12 00:56:43.421 - timing_manager - INFO - Waiting for dataset to be configured before configuring timing
2026-08-12 00:56:43.422 - dataset_manager - INFO - Configuring tokenizer(s) for dataset manager
2026-08-12 00:56:43.429 - server_metrics_manager - INFO - Server Metrics: Capturing baseline metrics...
2026-08-12 00:56:43.442 - http://localhost:8000/metrics - INFO - Skipping unsupported summary metric: http_request_size_bytes
2026-08-12 00:56:43.442 - http://localhost:8000/metrics - INFO - Skipping unsupported summary metric: http_response_size_bytes
2026-08-12 00:56:43.443 - system_controller - INFO - Server metrics enabled - 1/1 endpoint(s) reachable.
2026-08-12 00:56:43.443 - system_controller - INFO - Waiting for result domains: profile, server_metrics, telemetry
2026-08-12 00:56:43.456 - gpu_telemetry_manager - INFO - GPU Telemetry: Capturing baseline metrics from pynvml://localhost
2026-08-12 00:56:43.465 - pynvml_collector - INFO - PyNVML initialized with 1 GPU(s) (0 with GPM support)
2026-08-12 00:56:43.481 - system_controller - INFO - DCGM telemetry enabled - 1/1 endpoint(s) reachable
2026-08-12 00:56:43.970 - httpx - INFO - HTTP Request: HEAD https://huggingface.co/nvidia/NVIDIA-Nemotron-3.5-Lightning-30B-A3B-NVFP4/resolve/main/config.json "HTTP/1.1 307 Temporary Redirect"
2026-08-12 00:56:43.971 - huggingface_hub.utils._http - WARNING - Warning: You are sending unauthenticated requests to the HF Hub. Please set a HF_TOKEN to enable higher rate limits and faster downloads.
2026-08-12 00:56:43.974 - httpx - INFO - HTTP Request: HEAD https://huggingface.co/nvidia/NVIDIA-Nemotron-3.5-Lightning-30B-A3B-NVFP4/resolve/main/config.json "HTTP/1.1 307 Temporary Redirect"
2026-08-12 00:56:43.983 - httpx - INFO - HTTP Request: HEAD https://huggingface.co/api/resolve-cache/models/nvidia/NVIDIA-Nemotron-3.5-Lightning-30B-A3B-NVFP4/b14872a58afd94e2fbbc1e5a1fe4ebb7dfdc5fdd/config.json "HTTP/1.1 200 OK"
2026-08-12 00:56:43.985 - httpx - INFO - HTTP Request: HEAD https://huggingface.co/api/resolve-cache/models/nvidia/NVIDIA-Nemotron-3.5-Lightning-30B-A3B-NVFP4/b14872a58afd94e2fbbc1e5a1fe4ebb7dfdc5fdd/config.json "HTTP/1.1 200 OK"
2026-08-12 00:56:44.122 - httpx - INFO - HTTP Request: HEAD https://huggingface.co/nvidia/NVIDIA-Nemotron-3.5-Lightning-30B-A3B-NVFP4/resolve/main/tokenizer_config.json "HTTP/1.1 307 Temporary Redirect"
2026-08-12 00:56:44.122 - httpx - INFO - HTTP Request: HEAD https://huggingface.co/nvidia/NVIDIA-Nemotron-3.5-Lightning-30B-A3B-NVFP4/resolve/main/tokenizer_config.json "HTTP/1.1 307 Temporary Redirect"
2026-08-12 00:56:44.122 - huggingface_hub.utils._http - WARNING - Warning: You are sending unauthenticated requests to the HF Hub. Please set a HF_TOKEN to enable higher rate limits and faster downloads.
2026-08-12 00:56:44.135 - httpx - INFO - HTTP Request: HEAD https://huggingface.co/api/resolve-cache/models/nvidia/NVIDIA-Nemotron-3.5-Lightning-30B-A3B-NVFP4/b14872a58afd94e2fbbc1e5a1fe4ebb7dfdc5fdd/tokenizer_config.json "HTTP/1.1 200 OK"
2026-08-12 00:56:44.135 - httpx - INFO - HTTP Request: HEAD https://huggingface.co/api/resolve-cache/models/nvidia/NVIDIA-Nemotron-3.5-Lightning-30B-A3B-NVFP4/b14872a58afd94e2fbbc1e5a1fe4ebb7dfdc5fdd/tokenizer_config.json "HTTP/1.1 200 OK"
2026-08-12 00:56:44.224 - httpx - INFO - HTTP Request: GET https://huggingface.co/api/models/nvidia/NVIDIA-Nemotron-3.5-Lightning-30B-A3B-NVFP4/tree/main/additional_chat_templates?recursive=false&expand=false "HTTP/1.1 404 Not Found"
2026-08-12 00:56:44.232 - httpx - INFO - HTTP Request: GET https://huggingface.co/api/models/nvidia/NVIDIA-Nemotron-3.5-Lightning-30B-A3B-NVFP4/tree/main/additional_chat_templates?recursive=false&expand=false "HTTP/1.1 404 Not Found"
2026-08-12 00:56:44.325 - httpx - INFO - HTTP Request: GET https://huggingface.co/api/models/nvidia/NVIDIA-Nemotron-3.5-Lightning-30B-A3B-NVFP4/tree/main?recursive=true&expand=false "HTTP/1.1 200 OK"
2026-08-12 00:56:44.329 - httpx - INFO - HTTP Request: GET https://huggingface.co/api/models/nvidia/NVIDIA-Nemotron-3.5-Lightning-30B-A3B-NVFP4/tree/main?recursive=true&expand=false "HTTP/1.1 200 OK"
2026-08-12 00:56:45.280 - httpx - INFO - HTTP Request: GET https://huggingface.co/api/models/nvidia/NVIDIA-Nemotron-3.5-Lightning-30B-A3B-NVFP4 "HTTP/1.1 200 OK"
2026-08-12 00:56:45.285 - httpx - INFO - HTTP Request: GET https://huggingface.co/api/models/nvidia/NVIDIA-Nemotron-3.5-Lightning-30B-A3B-NVFP4 "HTTP/1.1 200 OK"
2026-08-12 00:56:45.304 - dataset_manager - INFO - Tokenizer(s) configured in 1.88 seconds
2026-08-12 00:56:45.304 - dataset_manager - INFO - Configuring dataset for dataset_manager
2026-08-12 00:56:45.309 - InferenceResultParser_fc306a36 - INFO - Initialized tokenizers: {'nvidia/NVIDIA-Nemotron-3.5-Lightning-30B-A3B-NVFP4': {'class': 'TokenizersBackend', 'name_or_path': 'nvidia/NVIDIA-Nemotron-3.5-Lightning-30B-A3B-NVFP4'}} in 1.89 seconds
2026-08-12 00:56:45.543 - CustomDatasetComposer - INFO - Using explicit dataset format: multi_turn
2026-08-12 00:56:45.611 - MemoryMapDatasetBackingStore_76a9a7b3 - INFO - Memory-mapped backing store initialized (streaming to /tmp/aiperf_mmap_fc933284968a/dataset.dat)
2026-08-12 00:56:45.633 - MemoryMapDatasetBackingStore_76a9a7b3 - INFO - Data file finalized: 500 conversations, 1.27 MB
2026-08-12 00:56:45.633 - MemoryMapDatasetBackingStore_76a9a7b3 - INFO - Index file created: /tmp/aiperf_mmap_fc933284968a/index.dat
2026-08-12 00:56:45.633 - dataset_manager - INFO - Backing store finalized: client_type=DatasetClientStoreType.MEMORY_MAP format=MemoryMapFormat.CONVERSATION data_file_path=PosixPath('/tmp/aiperf_mmap_fc933284968a/dataset.dat') index_file_path=PosixPath('/tmp/aiperf_mmap_fc933284968a/index.dat') conversation_count=500 total_size_bytes=1332012 compressed=False compressed_data_file_path=None compressed_index_file_path=None compressed_size_bytes=0
2026-08-12 00:56:45.643 - dataset_manager - INFO - sampling strategy: sequential, unique conversations: 500, unique turn count: 1783
2026-08-12 00:56:45.647 - dataset_manager - INFO - Generating inputs.json file at /output/inputs.json
2026-08-12 00:56:45.654 - PhaseOrchestrator_e666e742 - INFO - Initialized 2 phase(s): ['Warmup', 'Profiling']
2026-08-12 00:56:45.662 - dataset_manager - INFO - inputs.json file generated in 0.01 seconds
2026-08-12 00:56:45.815 - dataset_manager - INFO - Dataset client initialized and freed 500 conversations from memory
2026-08-12 00:56:45.815 - dataset_manager - INFO - Dataset configured in 0.51 seconds
2026-08-12 00:56:45.816 - system_controller - INFO - All services configured in 2.40 seconds
2026-08-12 00:56:45.816 - system_controller - INFO - AIPerf System is CONFIGURED
2026-08-12 00:56:45.817 - server_metrics_manager - INFO - Server Metrics: Started 1 collector(s) successfully
2026-08-12 00:56:45.818 - system_controller - INFO - All services started profiling successfully
2026-08-12 00:56:45.818 - system_controller - INFO - AIPerf System is PROFILING
2026-08-12 00:56:45.822 - RateTiming - INFO - Creating interval generator: pattern=concurrency_burst, rate=None, smoothness=None
2026-08-12 00:56:45.822 - PhaseRunner - NOTICE - Phase warmup (warmup) started | phase_index=0 | target: 3 requests
2026-08-12 00:56:45.823 - PhaseRunner - NOTICE - Phase warmup (warmup) sending complete | sent=3, completed=0, in_flight=3 | sessions: sent=3, completed=0
2026-08-12 00:56:45.823 - records_manager - INFO - Credit phase start: warmup
2026-08-12 00:56:55.096 - PhaseRunner - NOTICE - Phase warmup (warmup) complete | completed=3, cancelled=0, errors=0 | sessions: completed=0, cancelled=0 | elapsed=9.27s
2026-08-12 00:56:55.096 - RateTiming - INFO - Creating interval generator: pattern=concurrency_burst, rate=None, smoothness=None
2026-08-12 00:56:55.097 - server_metrics_manager - INFO - Server Metrics: Warmup complete, capturing final warmup metrics...
2026-08-12 00:56:55.097 - PhaseRunner - NOTICE - Phase profiling (profiling) started | phase_index=1 | profiling_index=0 | target: 50 requests, 50 sessions
2026-08-12 00:56:55.097 - records_manager - INFO - Credit phase start: profiling
2026-08-12 00:59:09.260 - PhaseRunner - NOTICE - Phase profiling (profiling) sending complete | sent=50, completed=46, in_flight=4 | sessions: sent=15, completed=11
2026-08-12 00:59:09.263 - records_manager - INFO - Sent 50 requests. Waiting for all to complete...
2026-08-12 00:59:19.289 - PhaseRunner - NOTICE - Phase profiling (profiling) complete | completed=50, cancelled=0, errors=0 | sessions: completed=13, cancelled=0 | elapsed=144.19s
2026-08-12 00:59:19.291 - PhaseOrchestrator_e666e742 - NOTICE - All credits completed
2026-08-12 00:59:19.293 - system_controller - INFO - Received credits complete from 'timing_manager'
2026-08-12 00:59:19.293 - records_manager - INFO - Received CREDIT_PHASE_COMPLETE message, Phase complete: PhaseRecordsStats(phase=CreditPhase.PROFILING, phase_index=1, profiling_index=0, phase_name='profiling', phase_kind='profiling', start_ns=1786496215097105403, sent_end_ns=1786496349260067792, requests_end_ns=1786496359289206466, baseline_start_ns=1786496215097090859, baseline_end_ns=1786496359289213362, total_expected_requests=50, expected_duration_sec=None, expected_num_sessions=None, expected_grace_period_sec=None, final_requests_sent=None, final_requests_completed=50, final_requests_cancelled=0, final_request_errors=0, final_sent_sessions=None, final_completed_sessions=None, final_cancelled_sessions=None, timeout_triggered=False, grace_period_timeout_triggered=False, was_cancelled=False, records_end_ns=None, success_records=49, error_records=0)
2026-08-12 00:59:19.294 - records_manager - NOTICE - All requests have completed, please wait for the results to be processed (currently 49 of 50 records processed)...
2026-08-12 00:59:19.294 - records_manager - INFO - All credits complete, please wait for the results to be processed...
2026-08-12 00:59:19.298 - records_manager - INFO - Processed 50 valid requests and 0 errors (50 total).
2026-08-12 00:59:19.298 - records_manager - INFO - Received all records, processing now...
2026-08-12 00:59:19.301 - records_manager - INFO - Waiting 2.0s for server metrics flush period...
2026-08-12 00:59:19.302 - gpu_telemetry_manager - INFO - GPU Telemetry: Profiling complete, capturing final metrics...
2026-08-12 00:59:19.307 - server_metrics_manager - INFO - Server Metrics: Profiling complete, capturing final metrics...
2026-08-12 00:59:21.291 - records_manager - INFO - Processing records results...
2026-08-12 00:59:21.629 - system_controller - INFO - Waiting for result domains: server_metrics, telemetry
2026-08-12 00:59:21.630 - system_controller - INFO - Waiting for result domains: server_metrics
2026-08-12 00:59:21.746 - records_manager - INFO - _finalize_and_process_results completed
2026-08-12 00:59:21.752 - system_controller - INFO - All results received, initiating shutdown
2026-08-12 00:59:22.369 - ExporterManager - INFO - Exporting all records
2026-08-12 00:59:22.508 - ExporterManager - INFO - Exporting console data
