2026-08-13 08:24:18.919 - aiperf.cli_runner._single_run - INFO - Starting AIPerf System
2026-08-13 08:24:19.337 - httpx - INFO - HTTP Request: GET https://huggingface.co/api/models/nvidia/NVIDIA-Nemotron-3.5-Lightning-30B-A3B-NVFP4 "HTTP/1.1 200 OK"
2026-08-13 08:24:19.350 - aiperf.config.resolution.resolvers - INFO - [OK] Tokenizer nvidia/NVIDIA-Nemotron-3.5-Lightning-30B-A3B-NVFP4 detected
2026-08-13 08:24:19.350 - aiperf.config.resolution.resolvers - INFO - 1 tokenizer validated | 0.4s
2026-08-13 08:24:19.350 - aiperf.config.resolution.resolvers - INFO - Prefetching 1 tokenizer into HF cache...
2026-08-13 08:24:20.175 - httpx - INFO - HTTP Request: HEAD https://huggingface.co/nvidia/NVIDIA-Nemotron-3.5-Lightning-30B-A3B-NVFP4/resolve/main/config.json "HTTP/1.1 307 Temporary Redirect"
2026-08-13 08:24:20.175 - huggingface_hub.utils._http - WARNING - Warning: You are sending unauthenticated requests to the HF Hub. Please set a HF_TOKEN to enable higher rate limits and faster downloads.
2026-08-13 08:24:20.185 - httpx - INFO - HTTP Request: HEAD https://huggingface.co/api/resolve-cache/models/nvidia/NVIDIA-Nemotron-3.5-Lightning-30B-A3B-NVFP4/29f2d1746d8f41e316523194b19018707749b1b1/config.json "HTTP/1.1 200 OK"
2026-08-13 08:24:20.202 - httpx - INFO - HTTP Request: GET https://huggingface.co/api/resolve-cache/models/nvidia/NVIDIA-Nemotron-3.5-Lightning-30B-A3B-NVFP4/29f2d1746d8f41e316523194b19018707749b1b1/config.json "HTTP/1.1 200 OK"
2026-08-13 08:24:20.340 - httpx - INFO - HTTP Request: HEAD https://huggingface.co/nvidia/NVIDIA-Nemotron-3.5-Lightning-30B-A3B-NVFP4/resolve/main/tokenizer_config.json "HTTP/1.1 307 Temporary Redirect"
2026-08-13 08:24:20.357 - httpx - INFO - HTTP Request: HEAD https://huggingface.co/api/resolve-cache/models/nvidia/NVIDIA-Nemotron-3.5-Lightning-30B-A3B-NVFP4/29f2d1746d8f41e316523194b19018707749b1b1/tokenizer_config.json "HTTP/1.1 200 OK"
2026-08-13 08:24:20.370 - httpx - INFO - HTTP Request: GET https://huggingface.co/api/resolve-cache/models/nvidia/NVIDIA-Nemotron-3.5-Lightning-30B-A3B-NVFP4/29f2d1746d8f41e316523194b19018707749b1b1/tokenizer_config.json "HTTP/1.1 200 OK"
2026-08-13 08:24:20.451 - httpx - INFO - HTTP Request: GET https://huggingface.co/api/models/nvidia/NVIDIA-Nemotron-3.5-Lightning-30B-A3B-NVFP4/tree/main/additional_chat_templates?recursive=false&expand=false "HTTP/1.1 404 Not Found"
2026-08-13 08:24:20.546 - httpx - INFO - HTTP Request: GET https://huggingface.co/api/models/nvidia/NVIDIA-Nemotron-3.5-Lightning-30B-A3B-NVFP4/tree/main?recursive=true&expand=false "HTTP/1.1 200 OK"
2026-08-13 08:24:20.632 - httpx - INFO - HTTP Request: HEAD https://huggingface.co/nvidia/NVIDIA-Nemotron-3.5-Lightning-30B-A3B-NVFP4/resolve/main/tokenizer.json "HTTP/1.1 302 Found"
2026-08-13 08:24:20.719 - httpx - INFO - HTTP Request: GET https://huggingface.co/api/models/nvidia/NVIDIA-Nemotron-3.5-Lightning-30B-A3B-NVFP4/xet-read-token/29f2d1746d8f41e316523194b19018707749b1b1 "HTTP/1.1 200 OK"
2026-08-13 08:24:21.509 - httpx - INFO - HTTP Request: HEAD https://huggingface.co/nvidia/NVIDIA-Nemotron-3.5-Lightning-30B-A3B-NVFP4/resolve/main/tokenizer.model "HTTP/1.1 404 Not Found"
2026-08-13 08:24:21.595 - httpx - INFO - HTTP Request: HEAD https://huggingface.co/nvidia/NVIDIA-Nemotron-3.5-Lightning-30B-A3B-NVFP4/resolve/main/added_tokens.json "HTTP/1.1 404 Not Found"
2026-08-13 08:24:21.674 - httpx - INFO - HTTP Request: HEAD https://huggingface.co/nvidia/NVIDIA-Nemotron-3.5-Lightning-30B-A3B-NVFP4/resolve/main/special_tokens_map.json "HTTP/1.1 307 Temporary Redirect"
2026-08-13 08:24:21.688 - httpx - INFO - HTTP Request: HEAD https://huggingface.co/api/resolve-cache/models/nvidia/NVIDIA-Nemotron-3.5-Lightning-30B-A3B-NVFP4/29f2d1746d8f41e316523194b19018707749b1b1/special_tokens_map.json "HTTP/1.1 200 OK"
2026-08-13 08:24:21.698 - httpx - INFO - HTTP Request: GET https://huggingface.co/api/resolve-cache/models/nvidia/NVIDIA-Nemotron-3.5-Lightning-30B-A3B-NVFP4/29f2d1746d8f41e316523194b19018707749b1b1/special_tokens_map.json "HTTP/1.1 200 OK"
2026-08-13 08:24:21.779 - httpx - INFO - HTTP Request: HEAD https://huggingface.co/nvidia/NVIDIA-Nemotron-3.5-Lightning-30B-A3B-NVFP4/resolve/main/chat_template.jinja "HTTP/1.1 307 Temporary Redirect"
2026-08-13 08:24:21.789 - httpx - INFO - HTTP Request: HEAD https://huggingface.co/api/resolve-cache/models/nvidia/NVIDIA-Nemotron-3.5-Lightning-30B-A3B-NVFP4/29f2d1746d8f41e316523194b19018707749b1b1/chat_template.jinja "HTTP/1.1 200 OK"
2026-08-13 08:24:21.801 - httpx - INFO - HTTP Request: GET https://huggingface.co/api/resolve-cache/models/nvidia/NVIDIA-Nemotron-3.5-Lightning-30B-A3B-NVFP4/29f2d1746d8f41e316523194b19018707749b1b1/chat_template.jinja "HTTP/1.1 200 OK"
2026-08-13 08:24:22.631 - httpx - INFO - HTTP Request: GET https://huggingface.co/api/models/nvidia/NVIDIA-Nemotron-3.5-Lightning-30B-A3B-NVFP4 "HTTP/1.1 200 OK"
2026-08-13 08:24:22.666 - aiperf.config.resolution.resolvers - INFO -   Cached nvidia/NVIDIA-Nemotron-3.5-Lightning-30B-A3B-NVFP4 (3.30s)
2026-08-13 08:24:22.723 - aiperf.config.resolution.resolvers - INFO - 1 tokenizer cached • 3.4s
2026-08-13 08:24:23.137 - server_metrics_manager - INFO - Server Metrics: Discovered 1 endpoints: ['http://localhost:8000/metrics']
2026-08-13 08:24:23.166 - GPUTelemetryJSONLWriter_878c3ee4 - INFO - GPU telemetry export enabled: /output/gpu_telemetry_export.jsonl
2026-08-13 08:24:23.176 - OTelMetricsResultsProcessor_5d570cfa - INFO - Telemetry streaming is disabled (set --otel-url and/or --mlflow-tracking-uri to enable)
2026-08-13 08:24:23.177 - RecordExportJSONLWriter_39efc87d - INFO - Record metrics export enabled: /output/profile_export.jsonl
2026-08-13 08:24:23.183 - system_controller - INFO - Registered Records Manager (id: 'records_manager')
2026-08-13 08:24:23.185 - system_controller - INFO - Registered Worker Manager (id: 'worker_manager')
2026-08-13 08:24:23.221 - system_controller - INFO - Registered Dataset Manager (id: 'dataset_manager')
2026-08-13 08:24:23.221 - system_controller - INFO - Registered Gpu Telemetry Manager (id: 'gpu_telemetry_manager')
2026-08-13 08:24:23.241 - system_controller - INFO - Registered Server Metrics Manager (id: 'server_metrics_manager')
2026-08-13 08:24:23.276 - system_controller - INFO - Registered Record Processor (id: 'record_processor_409d8b05')
2026-08-13 08:24:23.363 - system_controller - INFO - Registered Timing Manager (id: 'timing_manager')
2026-08-13 08:24:23.434 - system_controller - INFO - Registered Worker (id: 'worker_70cce611')
2026-08-13 08:24:23.512 - system_controller - INFO - Registered Worker (id: 'worker_7dce4545')
2026-08-13 08:24:23.512 - system_controller - INFO - Registered Worker (id: 'worker_3142dd07')
2026-08-13 08:24:23.528 - system_controller - INFO - Registered Worker (id: 'worker_3d917745')
2026-08-13 08:24:23.571 - system_controller - INFO - AIPerf System is CONFIGURING
2026-08-13 08:24:23.572 - system_controller - INFO - Configuring all services to start profiling
2026-08-13 08:24:23.573 - timing_manager - INFO - Waiting for dataset to be configured before configuring timing
2026-08-13 08:24:23.573 - InferenceResultParser_140d9225 - INFO - Configuring tokenizers for inference result parser (resolve_alias: True)
2026-08-13 08:24:23.574 - dataset_manager - INFO - Configuring tokenizer(s) for dataset manager
2026-08-13 08:24:23.581 - server_metrics_manager - INFO - Server Metrics: Capturing baseline metrics...
2026-08-13 08:24:23.593 - http://localhost:8000/metrics - INFO - Skipping unsupported summary metric: http_request_size_bytes
2026-08-13 08:24:23.593 - http://localhost:8000/metrics - INFO - Skipping unsupported summary metric: http_response_size_bytes
2026-08-13 08:24:23.594 - system_controller - INFO - Server metrics enabled - 1/1 endpoint(s) reachable.
2026-08-13 08:24:23.594 - system_controller - INFO - Waiting for result domains: profile, server_metrics, telemetry
2026-08-13 08:24:23.606 - gpu_telemetry_manager - INFO - GPU Telemetry: Capturing baseline metrics from pynvml://localhost
2026-08-13 08:24:23.616 - pynvml_collector - INFO - PyNVML initialized with 1 GPU(s) (0 with GPM support)
2026-08-13 08:24:23.631 - system_controller - INFO - DCGM telemetry enabled - 1/1 endpoint(s) reachable
2026-08-13 08:24:24.118 - httpx - INFO - HTTP Request: HEAD https://huggingface.co/nvidia/NVIDIA-Nemotron-3.5-Lightning-30B-A3B-NVFP4/resolve/main/config.json "HTTP/1.1 307 Temporary Redirect"
2026-08-13 08:24:24.119 - huggingface_hub.utils._http - WARNING - Warning: You are sending unauthenticated requests to the HF Hub. Please set a HF_TOKEN to enable higher rate limits and faster downloads.
2026-08-13 08:24:24.124 - httpx - INFO - HTTP Request: HEAD https://huggingface.co/nvidia/NVIDIA-Nemotron-3.5-Lightning-30B-A3B-NVFP4/resolve/main/config.json "HTTP/1.1 307 Temporary Redirect"
2026-08-13 08:24:24.125 - huggingface_hub.utils._http - WARNING - Warning: You are sending unauthenticated requests to the HF Hub. Please set a HF_TOKEN to enable higher rate limits and faster downloads.
2026-08-13 08:24:24.136 - httpx - INFO - HTTP Request: HEAD https://huggingface.co/api/resolve-cache/models/nvidia/NVIDIA-Nemotron-3.5-Lightning-30B-A3B-NVFP4/29f2d1746d8f41e316523194b19018707749b1b1/config.json "HTTP/1.1 200 OK"
2026-08-13 08:24:24.136 - httpx - INFO - HTTP Request: HEAD https://huggingface.co/api/resolve-cache/models/nvidia/NVIDIA-Nemotron-3.5-Lightning-30B-A3B-NVFP4/29f2d1746d8f41e316523194b19018707749b1b1/config.json "HTTP/1.1 200 OK"
2026-08-13 08:24:24.268 - httpx - INFO - HTTP Request: HEAD https://huggingface.co/nvidia/NVIDIA-Nemotron-3.5-Lightning-30B-A3B-NVFP4/resolve/main/tokenizer_config.json "HTTP/1.1 307 Temporary Redirect"
2026-08-13 08:24:24.276 - httpx - INFO - HTTP Request: HEAD https://huggingface.co/nvidia/NVIDIA-Nemotron-3.5-Lightning-30B-A3B-NVFP4/resolve/main/tokenizer_config.json "HTTP/1.1 307 Temporary Redirect"
2026-08-13 08:24:24.280 - httpx - INFO - HTTP Request: HEAD https://huggingface.co/api/resolve-cache/models/nvidia/NVIDIA-Nemotron-3.5-Lightning-30B-A3B-NVFP4/29f2d1746d8f41e316523194b19018707749b1b1/tokenizer_config.json "HTTP/1.1 200 OK"
2026-08-13 08:24:24.289 - httpx - INFO - HTTP Request: HEAD https://huggingface.co/api/resolve-cache/models/nvidia/NVIDIA-Nemotron-3.5-Lightning-30B-A3B-NVFP4/29f2d1746d8f41e316523194b19018707749b1b1/tokenizer_config.json "HTTP/1.1 200 OK"
2026-08-13 08:24:24.365 - httpx - INFO - HTTP Request: GET https://huggingface.co/api/models/nvidia/NVIDIA-Nemotron-3.5-Lightning-30B-A3B-NVFP4/tree/main/additional_chat_templates?recursive=false&expand=false "HTTP/1.1 404 Not Found"
2026-08-13 08:24:24.374 - httpx - INFO - HTTP Request: GET https://huggingface.co/api/models/nvidia/NVIDIA-Nemotron-3.5-Lightning-30B-A3B-NVFP4/tree/main/additional_chat_templates?recursive=false&expand=false "HTTP/1.1 404 Not Found"
2026-08-13 08:24:24.450 - httpx - INFO - HTTP Request: GET https://huggingface.co/api/models/nvidia/NVIDIA-Nemotron-3.5-Lightning-30B-A3B-NVFP4/tree/main?recursive=true&expand=false "HTTP/1.1 200 OK"
2026-08-13 08:24:24.461 - httpx - INFO - HTTP Request: GET https://huggingface.co/api/models/nvidia/NVIDIA-Nemotron-3.5-Lightning-30B-A3B-NVFP4/tree/main?recursive=true&expand=false "HTTP/1.1 200 OK"
2026-08-13 08:24:25.363 - httpx - INFO - HTTP Request: GET https://huggingface.co/api/models/nvidia/NVIDIA-Nemotron-3.5-Lightning-30B-A3B-NVFP4 "HTTP/1.1 200 OK"
2026-08-13 08:24:25.370 - httpx - INFO - HTTP Request: GET https://huggingface.co/api/models/nvidia/NVIDIA-Nemotron-3.5-Lightning-30B-A3B-NVFP4 "HTTP/1.1 200 OK"
2026-08-13 08:24:25.388 - InferenceResultParser_140d9225 - INFO - Initialized tokenizers: {'nvidia/NVIDIA-Nemotron-3.5-Lightning-30B-A3B-NVFP4': {'class': 'TokenizersBackend', 'name_or_path': 'nvidia/NVIDIA-Nemotron-3.5-Lightning-30B-A3B-NVFP4'}} in 1.81 seconds
2026-08-13 08:24:25.396 - dataset_manager - INFO - Tokenizer(s) configured in 1.82 seconds
2026-08-13 08:24:25.396 - dataset_manager - INFO - Configuring dataset for dataset_manager
2026-08-13 08:24:25.630 - CustomDatasetComposer - INFO - Using explicit dataset format: multi_turn
2026-08-13 08:24:25.678 - MemoryMapDatasetBackingStore_e9274b89 - INFO - Memory-mapped backing store initialized (streaming to /tmp/aiperf_mmap_4400d1d3e231/dataset.dat)
2026-08-13 08:24:25.698 - MemoryMapDatasetBackingStore_e9274b89 - INFO - Data file finalized: 500 conversations, 1.29 MB
2026-08-13 08:24:25.699 - MemoryMapDatasetBackingStore_e9274b89 - INFO - Index file created: /tmp/aiperf_mmap_4400d1d3e231/index.dat
2026-08-13 08:24:25.699 - dataset_manager - INFO - Backing store finalized: client_type=DatasetClientStoreType.MEMORY_MAP format=MemoryMapFormat.CONVERSATION data_file_path=PosixPath('/tmp/aiperf_mmap_4400d1d3e231/dataset.dat') index_file_path=PosixPath('/tmp/aiperf_mmap_4400d1d3e231/index.dat') conversation_count=500 total_size_bytes=1353644 compressed=False compressed_data_file_path=None compressed_index_file_path=None compressed_size_bytes=0
2026-08-13 08:24:25.708 - dataset_manager - INFO - sampling strategy: sequential, unique conversations: 500, unique turn count: 1783
2026-08-13 08:24:25.712 - dataset_manager - INFO - Generating inputs.json file at /output/inputs.json
2026-08-13 08:24:25.722 - PhaseOrchestrator_3dc0ad94 - INFO - Initialized 2 phase(s): ['Warmup', 'Profiling']
2026-08-13 08:24:25.726 - dataset_manager - INFO - inputs.json file generated in 0.01 seconds
2026-08-13 08:24:25.865 - dataset_manager - INFO - Dataset client initialized and freed 500 conversations from memory
2026-08-13 08:24:25.865 - dataset_manager - INFO - Dataset configured in 0.47 seconds
2026-08-13 08:24:25.866 - system_controller - INFO - All services configured in 2.29 seconds
2026-08-13 08:24:25.866 - system_controller - INFO - AIPerf System is CONFIGURED
2026-08-13 08:24:25.867 - server_metrics_manager - INFO - Server Metrics: Started 1 collector(s) successfully
2026-08-13 08:24:25.867 - system_controller - INFO - All services started profiling successfully
2026-08-13 08:24:25.867 - system_controller - INFO - AIPerf System is PROFILING
2026-08-13 08:24:25.872 - RateTiming - INFO - Creating interval generator: pattern=concurrency_burst, rate=None, smoothness=None
2026-08-13 08:24:25.872 - PhaseRunner - NOTICE - Phase warmup (warmup) started | phase_index=0 | target: 3 requests
2026-08-13 08:24:25.873 - PhaseRunner - NOTICE - Phase warmup (warmup) sending complete | sent=3, completed=0, in_flight=3 | sessions: sent=3, completed=0
2026-08-13 08:24:25.873 - records_manager - INFO - Credit phase start: warmup
2026-08-13 08:24:28.270 - PhaseRunner - NOTICE - Phase warmup (warmup) complete | completed=3, cancelled=0, errors=0 | sessions: completed=1, cancelled=0 | elapsed=2.40s
2026-08-13 08:24:28.271 - RateTiming - INFO - Creating interval generator: pattern=concurrency_burst, rate=None, smoothness=None
2026-08-13 08:24:28.271 - PhaseRunner - NOTICE - Phase profiling (profiling) started | phase_index=1 | profiling_index=0 | target: 50 requests, 50 sessions
2026-08-13 08:24:28.271 - server_metrics_manager - INFO - Server Metrics: Warmup complete, capturing final warmup metrics...
2026-08-13 08:24:28.272 - records_manager - INFO - Credit phase start: profiling
2026-08-13 08:24:58.161 - PhaseRunner - NOTICE - Phase profiling (profiling) sending complete | sent=50, completed=46, in_flight=4 | sessions: sent=17, completed=13
2026-08-13 08:24:58.162 - records_manager - INFO - Sent 50 requests. Waiting for all to complete...
2026-08-13 08:25:00.129 - PhaseRunner - NOTICE - Phase profiling (profiling) complete | completed=50, cancelled=0, errors=0 | sessions: completed=13, cancelled=0 | elapsed=31.86s
2026-08-13 08:25:00.129 - PhaseOrchestrator_3dc0ad94 - NOTICE - All credits completed
2026-08-13 08:25:00.130 - system_controller - INFO - Received credits complete from 'timing_manager'
2026-08-13 08:25:00.130 - records_manager - INFO - Received CREDIT_PHASE_COMPLETE message, Phase complete: PhaseRecordsStats(phase=CreditPhase.PROFILING, phase_index=1, profiling_index=0, phase_name='profiling', phase_kind='profiling', start_ns=1786609468271605092, sent_end_ns=1786609498161306673, requests_end_ns=1786609500128868567, baseline_start_ns=1786609468271595092, baseline_end_ns=1786609500128874375, total_expected_requests=50, expected_duration_sec=None, expected_num_sessions=None, expected_grace_period_sec=None, final_requests_sent=None, final_requests_completed=50, final_requests_cancelled=0, final_request_errors=0, final_sent_sessions=None, final_completed_sessions=None, final_cancelled_sessions=None, timeout_triggered=False, grace_period_timeout_triggered=False, was_cancelled=False, records_end_ns=None, success_records=49, error_records=0)
2026-08-13 08:25:00.130 - records_manager - NOTICE - All requests have completed, please wait for the results to be processed (currently 49 of 50 records processed)...
2026-08-13 08:25:00.130 - records_manager - INFO - All credits complete, please wait for the results to be processed...
2026-08-13 08:25:00.132 - records_manager - INFO - Processed 50 valid requests and 0 errors (50 total).
2026-08-13 08:25:00.132 - records_manager - INFO - Received all records, processing now...
2026-08-13 08:25:00.133 - gpu_telemetry_manager - INFO - GPU Telemetry: Profiling complete, capturing final metrics...
2026-08-13 08:25:00.134 - records_manager - INFO - Waiting 2.0s for server metrics flush period...
2026-08-13 08:25:00.144 - server_metrics_manager - INFO - Server Metrics: Profiling complete, capturing final metrics...
2026-08-13 08:25:02.128 - records_manager - INFO - Processing records results...
2026-08-13 08:25:02.238 - system_controller - INFO - Waiting for result domains: server_metrics, telemetry
2026-08-13 08:25:02.238 - system_controller - INFO - Waiting for result domains: server_metrics
2026-08-13 08:25:02.270 - records_manager - INFO - _finalize_and_process_results completed
2026-08-13 08:25:02.272 - system_controller - INFO - All results received, initiating shutdown
2026-08-13 08:25:02.875 - ExporterManager - INFO - Exporting all records
2026-08-13 08:25:02.951 - ExporterManager - INFO - Exporting console data
