2026-08-13 07:40:41.112 - aiperf.cli_runner._single_run - INFO - Starting AIPerf System
2026-08-13 07:40:41.546 - httpx - INFO - HTTP Request: GET https://huggingface.co/api/models/meta-models/Muse-Glimmer-30B "HTTP/1.1 200 OK"
2026-08-13 07:40:41.556 - aiperf.config.resolution.resolvers - INFO - [OK] Tokenizer meta-models/Muse-Glimmer-30B detected
2026-08-13 07:40:41.556 - aiperf.config.resolution.resolvers - INFO - 1 tokenizer validated | 0.4s
2026-08-13 07:40:41.556 - aiperf.config.resolution.resolvers - INFO - Prefetching 1 tokenizer into HF cache...
2026-08-13 07:40:42.404 - httpx - INFO - HTTP Request: HEAD https://huggingface.co/meta-models/Muse-Glimmer-30B/resolve/main/config.json "HTTP/1.1 307 Temporary Redirect"
2026-08-13 07:40:42.404 - huggingface_hub.utils._http - WARNING - Warning: You are sending unauthenticated requests to the HF Hub. Please set a HF_TOKEN to enable higher rate limits and faster downloads.
2026-08-13 07:40:42.414 - httpx - INFO - HTTP Request: HEAD https://huggingface.co/api/resolve-cache/models/meta-models/Muse-Glimmer-30B/a4e59da52a7bc87ae7251dd5545c0dd437c44b68/config.json "HTTP/1.1 200 OK"
2026-08-13 07:40:42.429 - httpx - INFO - HTTP Request: GET https://huggingface.co/api/resolve-cache/models/meta-models/Muse-Glimmer-30B/a4e59da52a7bc87ae7251dd5545c0dd437c44b68/config.json "HTTP/1.1 200 OK"
2026-08-13 07:40:42.513 - httpx - INFO - HTTP Request: HEAD https://huggingface.co/meta-models/Muse-Glimmer-30B/resolve/main/config.json "HTTP/1.1 307 Temporary Redirect"
2026-08-13 07:40:42.530 - httpx - INFO - HTTP Request: HEAD https://huggingface.co/api/resolve-cache/models/meta-models/Muse-Glimmer-30B/a4e59da52a7bc87ae7251dd5545c0dd437c44b68/config.json "HTTP/1.1 200 OK"
2026-08-13 07:40:42.627 - httpx - INFO - HTTP Request: HEAD https://huggingface.co/meta-models/Muse-Glimmer-30B/resolve/main/tokenizer_config.json "HTTP/1.1 307 Temporary Redirect"
2026-08-13 07:40:42.638 - httpx - INFO - HTTP Request: HEAD https://huggingface.co/api/resolve-cache/models/meta-models/Muse-Glimmer-30B/a4e59da52a7bc87ae7251dd5545c0dd437c44b68/tokenizer_config.json "HTTP/1.1 200 OK"
2026-08-13 07:40:42.651 - httpx - INFO - HTTP Request: GET https://huggingface.co/api/resolve-cache/models/meta-models/Muse-Glimmer-30B/a4e59da52a7bc87ae7251dd5545c0dd437c44b68/tokenizer_config.json "HTTP/1.1 200 OK"
2026-08-13 07:40:42.736 - httpx - INFO - HTTP Request: GET https://huggingface.co/api/models/meta-models/Muse-Glimmer-30B/tree/main/additional_chat_templates?recursive=false&expand=false "HTTP/1.1 404 Not Found"
2026-08-13 07:40:42.859 - httpx - INFO - HTTP Request: GET https://huggingface.co/api/models/meta-models/Muse-Glimmer-30B/tree/main?recursive=true&expand=false "HTTP/1.1 200 OK"
2026-08-13 07:40:42.940 - httpx - INFO - HTTP Request: HEAD https://huggingface.co/meta-models/Muse-Glimmer-30B/resolve/main/tokenizer.json "HTTP/1.1 302 Found"
2026-08-13 07:40:43.030 - httpx - INFO - HTTP Request: GET https://huggingface.co/api/models/meta-models/Muse-Glimmer-30B/xet-read-token/a4e59da52a7bc87ae7251dd5545c0dd437c44b68 "HTTP/1.1 200 OK"
2026-08-13 07:40:44.173 - httpx - INFO - HTTP Request: HEAD https://huggingface.co/meta-models/Muse-Glimmer-30B/resolve/main/tokenizer.model "HTTP/1.1 404 Not Found"
2026-08-13 07:40:44.253 - httpx - INFO - HTTP Request: HEAD https://huggingface.co/meta-models/Muse-Glimmer-30B/resolve/main/added_tokens.json "HTTP/1.1 404 Not Found"
2026-08-13 07:40:44.334 - httpx - INFO - HTTP Request: HEAD https://huggingface.co/meta-models/Muse-Glimmer-30B/resolve/main/special_tokens_map.json "HTTP/1.1 404 Not Found"
2026-08-13 07:40:44.415 - httpx - INFO - HTTP Request: HEAD https://huggingface.co/meta-models/Muse-Glimmer-30B/resolve/main/chat_template.jinja "HTTP/1.1 307 Temporary Redirect"
2026-08-13 07:40:44.426 - httpx - INFO - HTTP Request: HEAD https://huggingface.co/api/resolve-cache/models/meta-models/Muse-Glimmer-30B/a4e59da52a7bc87ae7251dd5545c0dd437c44b68/chat_template.jinja "HTTP/1.1 200 OK"
2026-08-13 07:40:44.435 - httpx - INFO - HTTP Request: GET https://huggingface.co/api/resolve-cache/models/meta-models/Muse-Glimmer-30B/a4e59da52a7bc87ae7251dd5545c0dd437c44b68/chat_template.jinja "HTTP/1.1 200 OK"
2026-08-13 07:40:46.095 - httpx - INFO - HTTP Request: GET https://huggingface.co/api/models/meta-models/Muse-Glimmer-30B "HTTP/1.1 200 OK"
2026-08-13 07:40:46.181 - aiperf.config.resolution.resolvers - INFO -   Cached meta-models/Muse-Glimmer-30B (4.61s)
2026-08-13 07:40:46.256 - aiperf.config.resolution.resolvers - INFO - 1 tokenizer cached • 4.7s
2026-08-13 07:40:46.731 - system_controller - INFO - Registered Gpu Telemetry Manager (id: 'gpu_telemetry_manager')
2026-08-13 07:40:46.755 - server_metrics_manager - INFO - Server Metrics: Discovered 1 endpoints: ['http://localhost:30000/metrics']
2026-08-13 07:40:46.791 - GPUTelemetryJSONLWriter_55bcc6ce - INFO - GPU telemetry export enabled: /output/gpu_telemetry_export.jsonl
2026-08-13 07:40:46.800 - OTelMetricsResultsProcessor_8097159a - INFO - Telemetry streaming is disabled (set --otel-url and/or --mlflow-tracking-uri to enable)
2026-08-13 07:40:46.804 - RecordExportJSONLWriter_4728ea2f - INFO - Record metrics export enabled: /output/profile_export.jsonl
2026-08-13 07:40:46.822 - system_controller - INFO - Registered Worker Manager (id: 'worker_manager')
2026-08-13 07:40:46.915 - system_controller - INFO - Registered Dataset Manager (id: 'dataset_manager')
2026-08-13 07:40:46.916 - system_controller - INFO - Registered Server Metrics Manager (id: 'server_metrics_manager')
2026-08-13 07:40:46.944 - system_controller - INFO - Registered Records Manager (id: 'records_manager')
2026-08-13 07:40:46.969 - system_controller - INFO - Registered Record Processor (id: 'record_processor_2dd35980')
2026-08-13 07:40:46.973 - system_controller - INFO - Registered Record Processor (id: 'record_processor_b9e35485')
2026-08-13 07:40:47.065 - system_controller - INFO - Registered Timing Manager (id: 'timing_manager')
2026-08-13 07:40:47.066 - system_controller - INFO - Registered Record Processor (id: 'record_processor_567cd622')
2026-08-13 07:40:47.205 - system_controller - INFO - AIPerf System is CONFIGURING
2026-08-13 07:40:47.205 - system_controller - INFO - Configuring all services to start profiling
2026-08-13 07:40:47.207 - InferenceResultParser_785bdaa6 - INFO - Configuring tokenizers for inference result parser (resolve_alias: True)
2026-08-13 07:40:47.207 - timing_manager - INFO - Waiting for dataset to be configured before configuring timing
2026-08-13 07:40:47.207 - InferenceResultParser_741af286 - INFO - Configuring tokenizers for inference result parser (resolve_alias: True)
2026-08-13 07:40:47.207 - InferenceResultParser_772e10b1 - INFO - Configuring tokenizers for inference result parser (resolve_alias: True)
2026-08-13 07:40:47.208 - dataset_manager - INFO - Configuring tokenizer(s) for dataset manager
2026-08-13 07:40:47.214 - system_controller - INFO - Server metrics disabled - no Prometheus endpoints reachable
2026-08-13 07:40:47.214 - system_controller - INFO - Waiting for result domains: profile, telemetry
2026-08-13 07:40:47.234 - gpu_telemetry_manager - INFO - GPU Telemetry: Capturing baseline metrics from pynvml://localhost
2026-08-13 07:40:47.243 - pynvml_collector - INFO - PyNVML initialized with 1 GPU(s) (0 with GPM support)
2026-08-13 07:40:47.259 - system_controller - INFO - DCGM telemetry enabled - 1/1 endpoint(s) reachable
2026-08-13 07:40:47.272 - system_controller - INFO - Registered Worker (id: 'worker_1408cbcb')
2026-08-13 07:40:47.272 - system_controller - INFO - Registered Worker (id: 'worker_2c2d9f77')
2026-08-13 07:40:47.272 - system_controller - INFO - Registered Worker (id: 'worker_998f1420')
2026-08-13 07:40:47.283 - system_controller - INFO - Registered Worker (id: 'worker_4a194f52')
2026-08-13 07:40:47.284 - system_controller - INFO - Registered Worker (id: 'worker_d283041f')
2026-08-13 07:40:47.285 - system_controller - INFO - Registered Worker (id: 'worker_93feaeb8')
2026-08-13 07:40:47.285 - system_controller - INFO - Registered Worker (id: 'worker_37821c03')
2026-08-13 07:40:47.314 - system_controller - INFO - Registered Worker (id: 'worker_fa6b2537')
2026-08-13 07:40:47.325 - system_controller - INFO - Registered Worker (id: 'worker_a15f9218')
2026-08-13 07:40:47.345 - system_controller - INFO - Registered Worker (id: 'worker_243613d4')
2026-08-13 07:40:47.348 - system_controller - INFO - Registered Worker (id: 'worker_d18daad8')
2026-08-13 07:40:47.354 - system_controller - INFO - Registered Worker (id: 'worker_73a30baa')
2026-08-13 07:40:47.357 - system_controller - INFO - Registered Worker (id: 'worker_2187ea80')
2026-08-13 07:40:47.360 - system_controller - INFO - Registered Worker (id: 'worker_9b913c60')
2026-08-13 07:40:47.780 - httpx - INFO - HTTP Request: HEAD https://huggingface.co/meta-models/Muse-Glimmer-30B/resolve/main/config.json "HTTP/1.1 307 Temporary Redirect"
2026-08-13 07:40:47.780 - huggingface_hub.utils._http - WARNING - Warning: You are sending unauthenticated requests to the HF Hub. Please set a HF_TOKEN to enable higher rate limits and faster downloads.
2026-08-13 07:40:47.784 - httpx - INFO - HTTP Request: HEAD https://huggingface.co/meta-models/Muse-Glimmer-30B/resolve/main/config.json "HTTP/1.1 307 Temporary Redirect"
2026-08-13 07:40:47.784 - httpx - INFO - HTTP Request: HEAD https://huggingface.co/meta-models/Muse-Glimmer-30B/resolve/main/config.json "HTTP/1.1 307 Temporary Redirect"
2026-08-13 07:40:47.784 - httpx - INFO - HTTP Request: HEAD https://huggingface.co/meta-models/Muse-Glimmer-30B/resolve/main/config.json "HTTP/1.1 307 Temporary Redirect"
2026-08-13 07:40:47.785 - huggingface_hub.utils._http - WARNING - Warning: You are sending unauthenticated requests to the HF Hub. Please set a HF_TOKEN to enable higher rate limits and faster downloads.
2026-08-13 07:40:47.785 - huggingface_hub.utils._http - WARNING - Warning: You are sending unauthenticated requests to the HF Hub. Please set a HF_TOKEN to enable higher rate limits and faster downloads.
2026-08-13 07:40:47.785 - huggingface_hub.utils._http - WARNING - Warning: You are sending unauthenticated requests to the HF Hub. Please set a HF_TOKEN to enable higher rate limits and faster downloads.
2026-08-13 07:40:47.790 - httpx - INFO - HTTP Request: HEAD https://huggingface.co/api/resolve-cache/models/meta-models/Muse-Glimmer-30B/a4e59da52a7bc87ae7251dd5545c0dd437c44b68/config.json "HTTP/1.1 200 OK"
2026-08-13 07:40:47.794 - httpx - INFO - HTTP Request: HEAD https://huggingface.co/api/resolve-cache/models/meta-models/Muse-Glimmer-30B/a4e59da52a7bc87ae7251dd5545c0dd437c44b68/config.json "HTTP/1.1 200 OK"
2026-08-13 07:40:47.794 - httpx - INFO - HTTP Request: HEAD https://huggingface.co/api/resolve-cache/models/meta-models/Muse-Glimmer-30B/a4e59da52a7bc87ae7251dd5545c0dd437c44b68/config.json "HTTP/1.1 200 OK"
2026-08-13 07:40:47.794 - httpx - INFO - HTTP Request: HEAD https://huggingface.co/api/resolve-cache/models/meta-models/Muse-Glimmer-30B/a4e59da52a7bc87ae7251dd5545c0dd437c44b68/config.json "HTTP/1.1 200 OK"
2026-08-13 07:40:47.866 - httpx - INFO - HTTP Request: HEAD https://huggingface.co/meta-models/Muse-Glimmer-30B/resolve/main/config.json "HTTP/1.1 307 Temporary Redirect"
2026-08-13 07:40:47.871 - httpx - INFO - HTTP Request: HEAD https://huggingface.co/meta-models/Muse-Glimmer-30B/resolve/main/config.json "HTTP/1.1 307 Temporary Redirect"
2026-08-13 07:40:47.874 - httpx - INFO - HTTP Request: HEAD https://huggingface.co/meta-models/Muse-Glimmer-30B/resolve/main/config.json "HTTP/1.1 307 Temporary Redirect"
2026-08-13 07:40:47.875 - httpx - INFO - HTTP Request: HEAD https://huggingface.co/meta-models/Muse-Glimmer-30B/resolve/main/config.json "HTTP/1.1 307 Temporary Redirect"
2026-08-13 07:40:47.882 - httpx - INFO - HTTP Request: HEAD https://huggingface.co/api/resolve-cache/models/meta-models/Muse-Glimmer-30B/a4e59da52a7bc87ae7251dd5545c0dd437c44b68/config.json "HTTP/1.1 200 OK"
2026-08-13 07:40:47.882 - httpx - INFO - HTTP Request: HEAD https://huggingface.co/api/resolve-cache/models/meta-models/Muse-Glimmer-30B/a4e59da52a7bc87ae7251dd5545c0dd437c44b68/config.json "HTTP/1.1 200 OK"
2026-08-13 07:40:47.888 - httpx - INFO - HTTP Request: HEAD https://huggingface.co/api/resolve-cache/models/meta-models/Muse-Glimmer-30B/a4e59da52a7bc87ae7251dd5545c0dd437c44b68/config.json "HTTP/1.1 200 OK"
2026-08-13 07:40:47.889 - httpx - INFO - HTTP Request: HEAD https://huggingface.co/api/resolve-cache/models/meta-models/Muse-Glimmer-30B/a4e59da52a7bc87ae7251dd5545c0dd437c44b68/config.json "HTTP/1.1 200 OK"
2026-08-13 07:40:47.958 - httpx - INFO - HTTP Request: HEAD https://huggingface.co/meta-models/Muse-Glimmer-30B/resolve/main/tokenizer_config.json "HTTP/1.1 307 Temporary Redirect"
2026-08-13 07:40:47.961 - httpx - INFO - HTTP Request: HEAD https://huggingface.co/meta-models/Muse-Glimmer-30B/resolve/main/tokenizer_config.json "HTTP/1.1 307 Temporary Redirect"
2026-08-13 07:40:47.968 - httpx - INFO - HTTP Request: HEAD https://huggingface.co/meta-models/Muse-Glimmer-30B/resolve/main/tokenizer_config.json "HTTP/1.1 307 Temporary Redirect"
2026-08-13 07:40:47.975 - httpx - INFO - HTTP Request: HEAD https://huggingface.co/api/resolve-cache/models/meta-models/Muse-Glimmer-30B/a4e59da52a7bc87ae7251dd5545c0dd437c44b68/tokenizer_config.json "HTTP/1.1 200 OK"
2026-08-13 07:40:47.975 - httpx - INFO - HTTP Request: HEAD https://huggingface.co/api/resolve-cache/models/meta-models/Muse-Glimmer-30B/a4e59da52a7bc87ae7251dd5545c0dd437c44b68/tokenizer_config.json "HTTP/1.1 200 OK"
2026-08-13 07:40:47.976 - httpx - INFO - HTTP Request: HEAD https://huggingface.co/api/resolve-cache/models/meta-models/Muse-Glimmer-30B/a4e59da52a7bc87ae7251dd5545c0dd437c44b68/tokenizer_config.json "HTTP/1.1 200 OK"
2026-08-13 07:40:47.976 - httpx - INFO - HTTP Request: HEAD https://huggingface.co/meta-models/Muse-Glimmer-30B/resolve/main/tokenizer_config.json "HTTP/1.1 307 Temporary Redirect"
2026-08-13 07:40:47.989 - httpx - INFO - HTTP Request: HEAD https://huggingface.co/api/resolve-cache/models/meta-models/Muse-Glimmer-30B/a4e59da52a7bc87ae7251dd5545c0dd437c44b68/tokenizer_config.json "HTTP/1.1 200 OK"
2026-08-13 07:40:48.057 - httpx - INFO - HTTP Request: GET https://huggingface.co/api/models/meta-models/Muse-Glimmer-30B/tree/main/additional_chat_templates?recursive=false&expand=false "HTTP/1.1 404 Not Found"
2026-08-13 07:40:48.057 - httpx - INFO - HTTP Request: GET https://huggingface.co/api/models/meta-models/Muse-Glimmer-30B/tree/main/additional_chat_templates?recursive=false&expand=false "HTTP/1.1 404 Not Found"
2026-08-13 07:40:48.059 - httpx - INFO - HTTP Request: GET https://huggingface.co/api/models/meta-models/Muse-Glimmer-30B/tree/main/additional_chat_templates?recursive=false&expand=false "HTTP/1.1 404 Not Found"
2026-08-13 07:40:48.074 - httpx - INFO - HTTP Request: GET https://huggingface.co/api/models/meta-models/Muse-Glimmer-30B/tree/main/additional_chat_templates?recursive=false&expand=false "HTTP/1.1 404 Not Found"
2026-08-13 07:40:48.139 - httpx - INFO - HTTP Request: GET https://huggingface.co/api/models/meta-models/Muse-Glimmer-30B/tree/main?recursive=true&expand=false "HTTP/1.1 200 OK"
2026-08-13 07:40:48.139 - httpx - INFO - HTTP Request: GET https://huggingface.co/api/models/meta-models/Muse-Glimmer-30B/tree/main?recursive=true&expand=false "HTTP/1.1 200 OK"
2026-08-13 07:40:48.141 - httpx - INFO - HTTP Request: GET https://huggingface.co/api/models/meta-models/Muse-Glimmer-30B/tree/main?recursive=true&expand=false "HTTP/1.1 200 OK"
2026-08-13 07:40:48.154 - httpx - INFO - HTTP Request: GET https://huggingface.co/api/models/meta-models/Muse-Glimmer-30B/tree/main?recursive=true&expand=false "HTTP/1.1 200 OK"
2026-08-13 07:40:50.037 - httpx - INFO - HTTP Request: GET https://huggingface.co/api/models/meta-models/Muse-Glimmer-30B "HTTP/1.1 200 OK"
2026-08-13 07:40:50.041 - httpx - INFO - HTTP Request: GET https://huggingface.co/api/models/meta-models/Muse-Glimmer-30B "HTTP/1.1 200 OK"
2026-08-13 07:40:50.043 - httpx - INFO - HTTP Request: GET https://huggingface.co/api/models/meta-models/Muse-Glimmer-30B "HTTP/1.1 200 OK"
2026-08-13 07:40:50.048 - httpx - INFO - HTTP Request: GET https://huggingface.co/api/models/meta-models/Muse-Glimmer-30B "HTTP/1.1 200 OK"
2026-08-13 07:40:50.099 - InferenceResultParser_772e10b1 - INFO - Initialized tokenizers: {'meta-models/Muse-Glimmer-30B': {'class': 'TokenizersBackend', 'name_or_path': 'meta-models/Muse-Glimmer-30B'}} in 2.89 seconds
2026-08-13 07:40:50.106 - InferenceResultParser_785bdaa6 - INFO - Initialized tokenizers: {'meta-models/Muse-Glimmer-30B': {'class': 'TokenizersBackend', 'name_or_path': 'meta-models/Muse-Glimmer-30B'}} in 2.90 seconds
2026-08-13 07:40:50.111 - dataset_manager - INFO - Tokenizer(s) configured in 2.90 seconds
2026-08-13 07:40:50.111 - dataset_manager - INFO - Configuring dataset for dataset_manager
2026-08-13 07:40:50.111 - InferenceResultParser_741af286 - INFO - Initialized tokenizers: {'meta-models/Muse-Glimmer-30B': {'class': 'TokenizersBackend', 'name_or_path': 'meta-models/Muse-Glimmer-30B'}} in 2.90 seconds
2026-08-13 07:40:50.393 - CustomDatasetComposer - INFO - Using explicit dataset format: multi_turn
2026-08-13 07:40:50.459 - MemoryMapDatasetBackingStore_e1dc6fe2 - INFO - Memory-mapped backing store initialized (streaming to /tmp/aiperf_mmap_7a64a7bf2e05/dataset.dat)
2026-08-13 07:40:50.478 - MemoryMapDatasetBackingStore_e1dc6fe2 - INFO - Data file finalized: 500 conversations, 1.23 MB
2026-08-13 07:40:50.478 - MemoryMapDatasetBackingStore_e1dc6fe2 - INFO - Index file created: /tmp/aiperf_mmap_7a64a7bf2e05/index.dat
2026-08-13 07:40:50.478 - dataset_manager - INFO - Backing store finalized: client_type=DatasetClientStoreType.MEMORY_MAP format=MemoryMapFormat.CONVERSATION data_file_path=PosixPath('/tmp/aiperf_mmap_7a64a7bf2e05/dataset.dat') index_file_path=PosixPath('/tmp/aiperf_mmap_7a64a7bf2e05/index.dat') conversation_count=500 total_size_bytes=1292786 compressed=False compressed_data_file_path=None compressed_index_file_path=None compressed_size_bytes=0
2026-08-13 07:40:50.487 - dataset_manager - INFO - sampling strategy: sequential, unique conversations: 500, unique turn count: 1783
2026-08-13 07:40:50.492 - dataset_manager - INFO - Generating inputs.json file at /output/inputs.json
2026-08-13 07:40:50.499 - PhaseOrchestrator_10599fa2 - INFO - Initialized 2 phase(s): ['Warmup', 'Profiling']
2026-08-13 07:40:50.503 - system_controller - WARNING - Received command response for service we were not expecting: worker_4a194f52. Ignoring.
2026-08-13 07:40:50.503 - system_controller - WARNING - Received command response for service we were not expecting: worker_d283041f. Ignoring.
2026-08-13 07:40:50.503 - system_controller - WARNING - Received command response for service we were not expecting: worker_93feaeb8. Ignoring.
2026-08-13 07:40:50.503 - system_controller - WARNING - Received command response for service we were not expecting: worker_37821c03. Ignoring.
2026-08-13 07:40:50.503 - dataset_manager - INFO - inputs.json file generated in 0.01 seconds
2026-08-13 07:40:50.504 - system_controller - WARNING - Received command response for service we were not expecting: worker_1408cbcb. Ignoring.
2026-08-13 07:40:50.504 - system_controller - WARNING - Received command response for service we were not expecting: worker_998f1420. Ignoring.
2026-08-13 07:40:50.504 - system_controller - WARNING - Received command response for service we were not expecting: worker_2c2d9f77. Ignoring.
2026-08-13 07:40:50.636 - dataset_manager - INFO - Dataset client initialized and freed 500 conversations from memory
2026-08-13 07:40:50.636 - dataset_manager - INFO - Dataset configured in 0.53 seconds
2026-08-13 07:40:50.638 - system_controller - INFO - All services configured in 3.43 seconds
2026-08-13 07:40:50.638 - system_controller - INFO - AIPerf System is CONFIGURED
2026-08-13 07:40:50.640 - system_controller - INFO - All services started profiling successfully
2026-08-13 07:40:50.640 - system_controller - INFO - AIPerf System is PROFILING
2026-08-13 07:40:50.642 - RateTiming - INFO - Creating interval generator: pattern=concurrency_burst, rate=None, smoothness=None
2026-08-13 07:40:50.642 - PhaseRunner - NOTICE - Phase warmup (warmup) started | phase_index=0 | target: 3 requests
2026-08-13 07:40:50.643 - PhaseRunner - NOTICE - Phase warmup (warmup) sending complete | sent=3, completed=0, in_flight=3 | sessions: sent=3, completed=0
2026-08-13 07:40:50.643 - records_manager - INFO - Credit phase start: warmup
2026-08-13 07:41:20.654 - PhaseRunner - INFO - Phase warmup progress | returned=2/3 | sent=3 | in_flight=1 | errors=0 | elapsed=30.0s
2026-08-13 07:41:50.664 - PhaseRunner - INFO - Phase warmup progress | returned=2/3 | sent=3 | in_flight=1 | errors=0 | elapsed=60.0s
2026-08-13 07:42:19.938 - PhaseRunner - NOTICE - Phase warmup (warmup) complete | completed=3, cancelled=0, errors=0 | sessions: completed=0, cancelled=0 | elapsed=89.30s
2026-08-13 07:42:19.940 - RateTiming - INFO - Creating interval generator: pattern=concurrency_burst, rate=None, smoothness=None
2026-08-13 07:42:19.940 - PhaseRunner - NOTICE - Phase profiling (profiling) started | phase_index=1 | profiling_index=0 | target: 50 requests, 50 sessions
2026-08-13 07:42:19.941 - records_manager - INFO - Credit phase start: profiling
2026-08-13 07:45:32.346 - PhaseRunner - NOTICE - Phase profiling (profiling) sending complete | sent=50, completed=34, in_flight=16 | sessions: sent=20, completed=4
2026-08-13 07:45:32.347 - records_manager - INFO - Sent 50 requests. Waiting for all to complete...
2026-08-13 07:46:50.972 - PhaseRunner - NOTICE - Phase profiling (profiling) complete | completed=50, cancelled=0, errors=0 | sessions: completed=10, cancelled=0 | elapsed=271.03s
2026-08-13 07:46:50.972 - PhaseOrchestrator_10599fa2 - NOTICE - All credits completed
2026-08-13 07:46:50.973 - system_controller - INFO - Received credits complete from 'timing_manager'
2026-08-13 07:46:50.974 - records_manager - INFO - Received CREDIT_PHASE_COMPLETE message, Phase complete: PhaseRecordsStats(phase=CreditPhase.PROFILING, phase_index=1, profiling_index=0, phase_name='profiling', phase_kind='profiling', start_ns=1786606939940482687, sent_end_ns=1786607132346420912, requests_end_ns=1786607210972096501, baseline_start_ns=1786606939940472943, baseline_end_ns=1786607210972107461, total_expected_requests=50, expected_duration_sec=None, expected_num_sessions=None, expected_grace_period_sec=None, final_requests_sent=None, final_requests_completed=50, final_requests_cancelled=0, final_request_errors=0, final_sent_sessions=None, final_completed_sessions=None, final_cancelled_sessions=None, timeout_triggered=False, grace_period_timeout_triggered=False, was_cancelled=False, records_end_ns=None, success_records=49, error_records=0)
2026-08-13 07:46:50.974 - records_manager - NOTICE - All requests have completed, please wait for the results to be processed (currently 49 of 50 records processed)...
2026-08-13 07:46:50.974 - records_manager - INFO - All credits complete, please wait for the results to be processed...
2026-08-13 07:46:50.983 - records_manager - INFO - Processed 50 valid requests and 0 errors (50 total).
2026-08-13 07:46:50.983 - records_manager - INFO - Received all records, processing now...
2026-08-13 07:46:50.985 - gpu_telemetry_manager - INFO - GPU Telemetry: Profiling complete, capturing final metrics...
2026-08-13 07:46:50.987 - records_manager - INFO - Waiting 2.0s for server metrics flush period...
2026-08-13 07:46:52.972 - records_manager - INFO - Processing records results...
2026-08-13 07:46:53.026 - records_manager - INFO - _finalize_and_process_results completed
2026-08-13 07:46:53.027 - system_controller - INFO - Waiting for result domains: telemetry
2026-08-13 07:46:53.028 - system_controller - INFO - All results received, initiating shutdown
2026-08-13 07:46:53.631 - ExporterManager - INFO - Exporting all records
2026-08-13 07:46:53.667 - ExporterManager - INFO - Exporting console data
