2026-08-13 02:53:12.351 - aiperf.cli_runner._single_run - INFO - Starting AIPerf System
2026-08-13 02:53:12.797 - httpx - INFO - HTTP Request: GET https://huggingface.co/api/models/meta-models/Muse-Glimmer-30B "HTTP/1.1 200 OK"
2026-08-13 02:53:12.804 - aiperf.config.resolution.resolvers - INFO - [OK] Tokenizer meta-models/Muse-Glimmer-30B detected
2026-08-13 02:53:12.804 - aiperf.config.resolution.resolvers - INFO - 1 tokenizer validated | 0.4s
2026-08-13 02:53:12.804 - aiperf.config.resolution.resolvers - INFO - Prefetching 1 tokenizer into HF cache...
2026-08-13 02:53:13.617 - httpx - INFO - HTTP Request: HEAD https://huggingface.co/meta-models/Muse-Glimmer-30B/resolve/main/config.json "HTTP/1.1 307 Temporary Redirect"
2026-08-13 02:53:13.631 - httpx - INFO - HTTP Request: HEAD https://huggingface.co/api/resolve-cache/models/meta-models/Muse-Glimmer-30B/a4e59da52a7bc87ae7251dd5545c0dd437c44b68/config.json "HTTP/1.1 200 OK"
2026-08-13 02:53:13.648 - httpx - INFO - HTTP Request: GET https://huggingface.co/api/resolve-cache/models/meta-models/Muse-Glimmer-30B/a4e59da52a7bc87ae7251dd5545c0dd437c44b68/config.json "HTTP/1.1 200 OK"
2026-08-13 02:53:13.729 - httpx - INFO - HTTP Request: HEAD https://huggingface.co/meta-models/Muse-Glimmer-30B/resolve/main/config.json "HTTP/1.1 307 Temporary Redirect"
2026-08-13 02:53:13.730 - huggingface_hub.utils._http - WARNING - Warning: You are sending unauthenticated requests to the HF Hub. Please set a HF_TOKEN to enable higher rate limits and faster downloads.
2026-08-13 02:53:13.743 - httpx - INFO - HTTP Request: HEAD https://huggingface.co/api/resolve-cache/models/meta-models/Muse-Glimmer-30B/a4e59da52a7bc87ae7251dd5545c0dd437c44b68/config.json "HTTP/1.1 200 OK"
2026-08-13 02:53:13.827 - httpx - INFO - HTTP Request: HEAD https://huggingface.co/meta-models/Muse-Glimmer-30B/resolve/main/tokenizer_config.json "HTTP/1.1 307 Temporary Redirect"
2026-08-13 02:53:13.842 - httpx - INFO - HTTP Request: HEAD https://huggingface.co/api/resolve-cache/models/meta-models/Muse-Glimmer-30B/a4e59da52a7bc87ae7251dd5545c0dd437c44b68/tokenizer_config.json "HTTP/1.1 200 OK"
2026-08-13 02:53:13.856 - httpx - INFO - HTTP Request: GET https://huggingface.co/api/resolve-cache/models/meta-models/Muse-Glimmer-30B/a4e59da52a7bc87ae7251dd5545c0dd437c44b68/tokenizer_config.json "HTTP/1.1 200 OK"
2026-08-13 02:53:13.944 - httpx - INFO - HTTP Request: GET https://huggingface.co/api/models/meta-models/Muse-Glimmer-30B/tree/main/additional_chat_templates?recursive=false&expand=false "HTTP/1.1 404 Not Found"
2026-08-13 02:53:14.029 - httpx - INFO - HTTP Request: GET https://huggingface.co/api/models/meta-models/Muse-Glimmer-30B/tree/main?recursive=true&expand=false "HTTP/1.1 200 OK"
2026-08-13 02:53:14.127 - httpx - INFO - HTTP Request: HEAD https://huggingface.co/meta-models/Muse-Glimmer-30B/resolve/main/tokenizer.json "HTTP/1.1 302 Found"
2026-08-13 02:53:14.222 - httpx - INFO - HTTP Request: GET https://huggingface.co/api/models/meta-models/Muse-Glimmer-30B/xet-read-token/a4e59da52a7bc87ae7251dd5545c0dd437c44b68 "HTTP/1.1 200 OK"
2026-08-13 02:53:15.234 - httpx - INFO - HTTP Request: HEAD https://huggingface.co/meta-models/Muse-Glimmer-30B/resolve/main/tokenizer.model "HTTP/1.1 404 Not Found"
2026-08-13 02:53:15.318 - httpx - INFO - HTTP Request: HEAD https://huggingface.co/meta-models/Muse-Glimmer-30B/resolve/main/added_tokens.json "HTTP/1.1 404 Not Found"
2026-08-13 02:53:15.403 - httpx - INFO - HTTP Request: HEAD https://huggingface.co/meta-models/Muse-Glimmer-30B/resolve/main/special_tokens_map.json "HTTP/1.1 404 Not Found"
2026-08-13 02:53:15.481 - httpx - INFO - HTTP Request: HEAD https://huggingface.co/meta-models/Muse-Glimmer-30B/resolve/main/chat_template.jinja "HTTP/1.1 307 Temporary Redirect"
2026-08-13 02:53:15.492 - httpx - INFO - HTTP Request: HEAD https://huggingface.co/api/resolve-cache/models/meta-models/Muse-Glimmer-30B/a4e59da52a7bc87ae7251dd5545c0dd437c44b68/chat_template.jinja "HTTP/1.1 200 OK"
2026-08-13 02:53:15.506 - httpx - INFO - HTTP Request: GET https://huggingface.co/api/resolve-cache/models/meta-models/Muse-Glimmer-30B/a4e59da52a7bc87ae7251dd5545c0dd437c44b68/chat_template.jinja "HTTP/1.1 200 OK"
2026-08-13 02:53:17.080 - httpx - INFO - HTTP Request: GET https://huggingface.co/api/models/meta-models/Muse-Glimmer-30B "HTTP/1.1 200 OK"
2026-08-13 02:53:17.161 - aiperf.config.resolution.resolvers - INFO -   Cached meta-models/Muse-Glimmer-30B (4.34s)
2026-08-13 02:53:17.204 - aiperf.config.resolution.resolvers - INFO - 1 tokenizer cached • 4.4s
2026-08-13 02:53:17.602 - server_metrics_manager - INFO - Server Metrics: Discovered 1 endpoints: ['http://localhost:30000/metrics']
2026-08-13 02:53:17.620 - GPUTelemetryJSONLWriter_a8c0abed - INFO - GPU telemetry export enabled: /output/gpu_telemetry_export.jsonl
2026-08-13 02:53:17.630 - OTelMetricsResultsProcessor_7717872d - INFO - Telemetry streaming is disabled (set --otel-url and/or --mlflow-tracking-uri to enable)
2026-08-13 02:53:17.633 - RecordExportJSONLWriter_02a3efa0 - INFO - Record metrics export enabled: /output/profile_export.jsonl
2026-08-13 02:53:17.639 - system_controller - INFO - Registered Worker Manager (id: 'worker_manager')
2026-08-13 02:53:17.640 - system_controller - INFO - Registered Dataset Manager (id: 'dataset_manager')
2026-08-13 02:53:17.640 - system_controller - INFO - Registered Gpu Telemetry Manager (id: 'gpu_telemetry_manager')
2026-08-13 02:53:17.741 - system_controller - INFO - Registered Server Metrics Manager (id: 'server_metrics_manager')
2026-08-13 02:53:17.742 - system_controller - INFO - Registered Records Manager (id: 'records_manager')
2026-08-13 02:53:17.815 - system_controller - INFO - Registered Record Processor (id: 'record_processor_adf03ec3')
2026-08-13 02:53:17.877 - system_controller - INFO - Registered Timing Manager (id: 'timing_manager')
2026-08-13 02:53:17.906 - system_controller - INFO - Registered Record Processor (id: 'record_processor_3dbef919')
2026-08-13 02:53:17.906 - system_controller - INFO - Registered Record Processor (id: 'record_processor_6e97772e')
2026-08-13 02:53:18.018 - system_controller - INFO - AIPerf System is CONFIGURING
2026-08-13 02:53:18.018 - system_controller - INFO - Configuring all services to start profiling
2026-08-13 02:53:18.019 - InferenceResultParser_9a1feb24 - INFO - Configuring tokenizers for inference result parser (resolve_alias: True)
2026-08-13 02:53:18.019 - timing_manager - INFO - Waiting for dataset to be configured before configuring timing
2026-08-13 02:53:18.019 - InferenceResultParser_24c06ff9 - INFO - Configuring tokenizers for inference result parser (resolve_alias: True)
2026-08-13 02:53:18.019 - InferenceResultParser_f04741a9 - INFO - Configuring tokenizers for inference result parser (resolve_alias: True)
2026-08-13 02:53:18.020 - dataset_manager - INFO - Configuring tokenizer(s) for dataset manager
2026-08-13 02:53:18.026 - system_controller - INFO - Server metrics disabled - no Prometheus endpoints reachable
2026-08-13 02:53:18.026 - system_controller - INFO - Waiting for result domains: profile, telemetry
2026-08-13 02:53:18.046 - system_controller - INFO - Registered Worker (id: 'worker_173196ca')
2026-08-13 02:53:18.053 - gpu_telemetry_manager - INFO - GPU Telemetry: Capturing baseline metrics from pynvml://localhost
2026-08-13 02:53:18.062 - pynvml_collector - INFO - PyNVML initialized with 1 GPU(s) (0 with GPM support)
2026-08-13 02:53:18.078 - system_controller - INFO - DCGM telemetry enabled - 1/1 endpoint(s) reachable
2026-08-13 02:53:18.102 - system_controller - INFO - Registered Worker (id: 'worker_23fbed50')
2026-08-13 02:53:18.103 - system_controller - INFO - Registered Worker (id: 'worker_d2445aea')
2026-08-13 02:53:18.119 - system_controller - INFO - Registered Worker (id: 'worker_abc4e72a')
2026-08-13 02:53:18.120 - system_controller - INFO - Registered Worker (id: 'worker_77a2fa97')
2026-08-13 02:53:18.124 - system_controller - INFO - Registered Worker (id: 'worker_8d4c7a55')
2026-08-13 02:53:18.131 - system_controller - INFO - Registered Worker (id: 'worker_8b1b40ce')
2026-08-13 02:53:18.148 - system_controller - INFO - Registered Worker (id: 'worker_63dbe36b')
2026-08-13 02:53:18.156 - system_controller - INFO - Registered Worker (id: 'worker_ea06ce4e')
2026-08-13 02:53:18.169 - system_controller - INFO - Registered Worker (id: 'worker_c32a4efc')
2026-08-13 02:53:18.175 - system_controller - INFO - Registered Worker (id: 'worker_2a14674e')
2026-08-13 02:53:18.185 - system_controller - INFO - Registered Worker (id: 'worker_d8bc41c9')
2026-08-13 02:53:18.189 - system_controller - INFO - Registered Worker (id: 'worker_3dbe0906')
2026-08-13 02:53:18.197 - system_controller - INFO - Registered Worker (id: 'worker_73345660')
2026-08-13 02:53:18.571 - httpx - INFO - HTTP Request: HEAD https://huggingface.co/meta-models/Muse-Glimmer-30B/resolve/main/config.json "HTTP/1.1 307 Temporary Redirect"
2026-08-13 02:53:18.571 - huggingface_hub.utils._http - WARNING - Warning: You are sending unauthenticated requests to the HF Hub. Please set a HF_TOKEN to enable higher rate limits and faster downloads.
2026-08-13 02:53:18.576 - httpx - INFO - HTTP Request: HEAD https://huggingface.co/meta-models/Muse-Glimmer-30B/resolve/main/config.json "HTTP/1.1 307 Temporary Redirect"
2026-08-13 02:53:18.576 - httpx - INFO - HTTP Request: HEAD https://huggingface.co/meta-models/Muse-Glimmer-30B/resolve/main/config.json "HTTP/1.1 307 Temporary Redirect"
2026-08-13 02:53:18.577 - huggingface_hub.utils._http - WARNING - Warning: You are sending unauthenticated requests to the HF Hub. Please set a HF_TOKEN to enable higher rate limits and faster downloads.
2026-08-13 02:53:18.582 - httpx - INFO - HTTP Request: HEAD https://huggingface.co/api/resolve-cache/models/meta-models/Muse-Glimmer-30B/a4e59da52a7bc87ae7251dd5545c0dd437c44b68/config.json "HTTP/1.1 200 OK"
2026-08-13 02:53:18.594 - httpx - INFO - HTTP Request: HEAD https://huggingface.co/api/resolve-cache/models/meta-models/Muse-Glimmer-30B/a4e59da52a7bc87ae7251dd5545c0dd437c44b68/config.json "HTTP/1.1 200 OK"
2026-08-13 02:53:18.594 - httpx - INFO - HTTP Request: HEAD https://huggingface.co/api/resolve-cache/models/meta-models/Muse-Glimmer-30B/a4e59da52a7bc87ae7251dd5545c0dd437c44b68/config.json "HTTP/1.1 200 OK"
2026-08-13 02:53:18.594 - httpx - INFO - HTTP Request: HEAD https://huggingface.co/meta-models/Muse-Glimmer-30B/resolve/main/config.json "HTTP/1.1 307 Temporary Redirect"
2026-08-13 02:53:18.595 - huggingface_hub.utils._http - WARNING - Warning: You are sending unauthenticated requests to the HF Hub. Please set a HF_TOKEN to enable higher rate limits and faster downloads.
2026-08-13 02:53:18.611 - httpx - INFO - HTTP Request: HEAD https://huggingface.co/api/resolve-cache/models/meta-models/Muse-Glimmer-30B/a4e59da52a7bc87ae7251dd5545c0dd437c44b68/config.json "HTTP/1.1 200 OK"
2026-08-13 02:53:18.660 - httpx - INFO - HTTP Request: HEAD https://huggingface.co/meta-models/Muse-Glimmer-30B/resolve/main/config.json "HTTP/1.1 307 Temporary Redirect"
2026-08-13 02:53:18.672 - httpx - INFO - HTTP Request: HEAD https://huggingface.co/api/resolve-cache/models/meta-models/Muse-Glimmer-30B/a4e59da52a7bc87ae7251dd5545c0dd437c44b68/config.json "HTTP/1.1 200 OK"
2026-08-13 02:53:18.680 - httpx - INFO - HTTP Request: HEAD https://huggingface.co/meta-models/Muse-Glimmer-30B/resolve/main/config.json "HTTP/1.1 307 Temporary Redirect"
2026-08-13 02:53:18.680 - httpx - INFO - HTTP Request: HEAD https://huggingface.co/meta-models/Muse-Glimmer-30B/resolve/main/config.json "HTTP/1.1 307 Temporary Redirect"
2026-08-13 02:53:18.680 - huggingface_hub.utils._http - WARNING - Warning: You are sending unauthenticated requests to the HF Hub. Please set a HF_TOKEN to enable higher rate limits and faster downloads.
2026-08-13 02:53:18.692 - httpx - INFO - HTTP Request: HEAD https://huggingface.co/api/resolve-cache/models/meta-models/Muse-Glimmer-30B/a4e59da52a7bc87ae7251dd5545c0dd437c44b68/config.json "HTTP/1.1 200 OK"
2026-08-13 02:53:18.692 - httpx - INFO - HTTP Request: HEAD https://huggingface.co/api/resolve-cache/models/meta-models/Muse-Glimmer-30B/a4e59da52a7bc87ae7251dd5545c0dd437c44b68/config.json "HTTP/1.1 200 OK"
2026-08-13 02:53:18.696 - httpx - INFO - HTTP Request: HEAD https://huggingface.co/meta-models/Muse-Glimmer-30B/resolve/main/config.json "HTTP/1.1 307 Temporary Redirect"
2026-08-13 02:53:18.714 - httpx - INFO - HTTP Request: HEAD https://huggingface.co/api/resolve-cache/models/meta-models/Muse-Glimmer-30B/a4e59da52a7bc87ae7251dd5545c0dd437c44b68/config.json "HTTP/1.1 200 OK"
2026-08-13 02:53:18.758 - httpx - INFO - HTTP Request: HEAD https://huggingface.co/meta-models/Muse-Glimmer-30B/resolve/main/tokenizer_config.json "HTTP/1.1 307 Temporary Redirect"
2026-08-13 02:53:18.771 - httpx - INFO - HTTP Request: HEAD https://huggingface.co/api/resolve-cache/models/meta-models/Muse-Glimmer-30B/a4e59da52a7bc87ae7251dd5545c0dd437c44b68/tokenizer_config.json "HTTP/1.1 200 OK"
2026-08-13 02:53:18.774 - httpx - INFO - HTTP Request: HEAD https://huggingface.co/meta-models/Muse-Glimmer-30B/resolve/main/tokenizer_config.json "HTTP/1.1 307 Temporary Redirect"
2026-08-13 02:53:18.776 - httpx - INFO - HTTP Request: HEAD https://huggingface.co/meta-models/Muse-Glimmer-30B/resolve/main/tokenizer_config.json "HTTP/1.1 307 Temporary Redirect"
2026-08-13 02:53:18.789 - httpx - INFO - HTTP Request: HEAD https://huggingface.co/api/resolve-cache/models/meta-models/Muse-Glimmer-30B/a4e59da52a7bc87ae7251dd5545c0dd437c44b68/tokenizer_config.json "HTTP/1.1 200 OK"
2026-08-13 02:53:18.791 - httpx - INFO - HTTP Request: HEAD https://huggingface.co/api/resolve-cache/models/meta-models/Muse-Glimmer-30B/a4e59da52a7bc87ae7251dd5545c0dd437c44b68/tokenizer_config.json "HTTP/1.1 200 OK"
2026-08-13 02:53:18.804 - httpx - INFO - HTTP Request: HEAD https://huggingface.co/meta-models/Muse-Glimmer-30B/resolve/main/tokenizer_config.json "HTTP/1.1 307 Temporary Redirect"
2026-08-13 02:53:18.818 - httpx - INFO - HTTP Request: HEAD https://huggingface.co/api/resolve-cache/models/meta-models/Muse-Glimmer-30B/a4e59da52a7bc87ae7251dd5545c0dd437c44b68/tokenizer_config.json "HTTP/1.1 200 OK"
2026-08-13 02:53:18.855 - httpx - INFO - HTTP Request: GET https://huggingface.co/api/models/meta-models/Muse-Glimmer-30B/tree/main/additional_chat_templates?recursive=false&expand=false "HTTP/1.1 404 Not Found"
2026-08-13 02:53:18.873 - httpx - INFO - HTTP Request: GET https://huggingface.co/api/models/meta-models/Muse-Glimmer-30B/tree/main/additional_chat_templates?recursive=false&expand=false "HTTP/1.1 404 Not Found"
2026-08-13 02:53:18.874 - httpx - INFO - HTTP Request: GET https://huggingface.co/api/models/meta-models/Muse-Glimmer-30B/tree/main/additional_chat_templates?recursive=false&expand=false "HTTP/1.1 404 Not Found"
2026-08-13 02:53:18.908 - httpx - INFO - HTTP Request: GET https://huggingface.co/api/models/meta-models/Muse-Glimmer-30B/tree/main/additional_chat_templates?recursive=false&expand=false "HTTP/1.1 404 Not Found"
2026-08-13 02:53:18.942 - httpx - INFO - HTTP Request: GET https://huggingface.co/api/models/meta-models/Muse-Glimmer-30B/tree/main?recursive=true&expand=false "HTTP/1.1 200 OK"
2026-08-13 02:53:18.966 - httpx - INFO - HTTP Request: GET https://huggingface.co/api/models/meta-models/Muse-Glimmer-30B/tree/main?recursive=true&expand=false "HTTP/1.1 200 OK"
2026-08-13 02:53:18.966 - httpx - INFO - HTTP Request: GET https://huggingface.co/api/models/meta-models/Muse-Glimmer-30B/tree/main?recursive=true&expand=false "HTTP/1.1 200 OK"
2026-08-13 02:53:18.996 - httpx - INFO - HTTP Request: GET https://huggingface.co/api/models/meta-models/Muse-Glimmer-30B/tree/main?recursive=true&expand=false "HTTP/1.1 200 OK"
2026-08-13 02:53:20.839 - httpx - INFO - HTTP Request: GET https://huggingface.co/api/models/meta-models/Muse-Glimmer-30B "HTTP/1.1 200 OK"
2026-08-13 02:53:20.859 - httpx - INFO - HTTP Request: GET https://huggingface.co/api/models/meta-models/Muse-Glimmer-30B "HTTP/1.1 200 OK"
2026-08-13 02:53:20.868 - httpx - INFO - HTTP Request: GET https://huggingface.co/api/models/meta-models/Muse-Glimmer-30B "HTTP/1.1 200 OK"
2026-08-13 02:53:20.874 - httpx - INFO - HTTP Request: GET https://huggingface.co/api/models/meta-models/Muse-Glimmer-30B "HTTP/1.1 200 OK"
2026-08-13 02:53:20.894 - InferenceResultParser_f04741a9 - INFO - Initialized tokenizers: {'meta-models/Muse-Glimmer-30B': {'class': 'TokenizersBackend', 'name_or_path': 'meta-models/Muse-Glimmer-30B'}} in 2.87 seconds
2026-08-13 02:53:20.923 - dataset_manager - INFO - Tokenizer(s) configured in 2.90 seconds
2026-08-13 02:53:20.923 - dataset_manager - INFO - Configuring dataset for dataset_manager
2026-08-13 02:53:20.934 - InferenceResultParser_9a1feb24 - INFO - Initialized tokenizers: {'meta-models/Muse-Glimmer-30B': {'class': 'TokenizersBackend', 'name_or_path': 'meta-models/Muse-Glimmer-30B'}} in 2.91 seconds
2026-08-13 02:53:20.940 - InferenceResultParser_24c06ff9 - INFO - Initialized tokenizers: {'meta-models/Muse-Glimmer-30B': {'class': 'TokenizersBackend', 'name_or_path': 'meta-models/Muse-Glimmer-30B'}} in 2.92 seconds
2026-08-13 02:53:21.234 - CustomDatasetComposer - INFO - Using explicit dataset format: multi_turn
2026-08-13 02:53:21.302 - MemoryMapDatasetBackingStore_5618f07b - INFO - Memory-mapped backing store initialized (streaming to /tmp/aiperf_mmap_f13b1a371bd5/dataset.dat)
2026-08-13 02:53:21.323 - MemoryMapDatasetBackingStore_5618f07b - INFO - Data file finalized: 500 conversations, 1.23 MB
2026-08-13 02:53:21.323 - MemoryMapDatasetBackingStore_5618f07b - INFO - Index file created: /tmp/aiperf_mmap_f13b1a371bd5/index.dat
2026-08-13 02:53:21.323 - dataset_manager - INFO - Backing store finalized: client_type=DatasetClientStoreType.MEMORY_MAP format=MemoryMapFormat.CONVERSATION data_file_path=PosixPath('/tmp/aiperf_mmap_f13b1a371bd5/dataset.dat') index_file_path=PosixPath('/tmp/aiperf_mmap_f13b1a371bd5/index.dat') conversation_count=500 total_size_bytes=1292467 compressed=False compressed_data_file_path=None compressed_index_file_path=None compressed_size_bytes=0
2026-08-13 02:53:21.332 - dataset_manager - INFO - sampling strategy: sequential, unique conversations: 500, unique turn count: 1783
2026-08-13 02:53:21.337 - dataset_manager - INFO - Generating inputs.json file at /output/inputs.json
2026-08-13 02:53:21.345 - system_controller - WARNING - Received command response for service we were not expecting: worker_77a2fa97. Ignoring.
2026-08-13 02:53:21.345 - system_controller - WARNING - Received command response for service we were not expecting: worker_d2445aea. Ignoring.
2026-08-13 02:53:21.345 - system_controller - WARNING - Received command response for service we were not expecting: worker_abc4e72a. Ignoring.
2026-08-13 02:53:21.348 - system_controller - WARNING - Received command response for service we were not expecting: worker_173196ca. Ignoring.
2026-08-13 02:53:21.348 - PhaseOrchestrator_c0a2af23 - INFO - Initialized 2 phase(s): ['Warmup', 'Profiling']
2026-08-13 02:53:21.349 - dataset_manager - INFO - inputs.json file generated in 0.01 seconds
2026-08-13 02:53:21.352 - system_controller - WARNING - Received command response for service we were not expecting: worker_23fbed50. Ignoring.
2026-08-13 02:53:21.490 - dataset_manager - INFO - Dataset client initialized and freed 500 conversations from memory
2026-08-13 02:53:21.491 - dataset_manager - INFO - Dataset configured in 0.57 seconds
2026-08-13 02:53:21.492 - system_controller - INFO - All services configured in 3.47 seconds
2026-08-13 02:53:21.492 - system_controller - INFO - AIPerf System is CONFIGURED
2026-08-13 02:53:21.494 - system_controller - INFO - All services started profiling successfully
2026-08-13 02:53:21.494 - system_controller - INFO - AIPerf System is PROFILING
2026-08-13 02:53:21.497 - RateTiming - INFO - Creating interval generator: pattern=concurrency_burst, rate=None, smoothness=None
2026-08-13 02:53:21.497 - PhaseRunner - NOTICE - Phase warmup (warmup) started | phase_index=0 | target: 3 requests
2026-08-13 02:53:21.497 - PhaseRunner - NOTICE - Phase warmup (warmup) sending complete | sent=3, completed=0, in_flight=3 | sessions: sent=3, completed=0
2026-08-13 02:53:21.498 - records_manager - INFO - Credit phase start: warmup
2026-08-13 02:53:28.621 - aiperf.metrics.types.osl_mismatch_metrics - WARNING - OSL mismatch: got 46 tokens (requested 49, diff -6.1%)
2026-08-13 02:53:42.731 - PhaseRunner - NOTICE - Phase warmup (warmup) complete | completed=3, cancelled=0, errors=0 | sessions: completed=0, cancelled=0 | elapsed=21.23s
2026-08-13 02:53:42.733 - RateTiming - INFO - Creating interval generator: pattern=concurrency_burst, rate=None, smoothness=None
2026-08-13 02:53:42.733 - PhaseRunner - NOTICE - Phase profiling (profiling) started | phase_index=1 | profiling_index=0 | target: 50 requests, 50 sessions
2026-08-13 02:53:42.734 - records_manager - INFO - Credit phase start: profiling
2026-08-13 02:53:57.194 - aiperf.metrics.types.osl_mismatch_metrics - WARNING - OSL mismatch: got 12 tokens (requested 121, diff -90.1%)
2026-08-13 02:54:05.378 - PhaseRunner - NOTICE - Phase profiling (profiling) sending complete | sent=50, completed=18, in_flight=32 | sessions: sent=34, completed=2
2026-08-13 02:54:05.380 - records_manager - INFO - Sent 50 requests. Waiting for all to complete...
2026-08-13 02:54:22.144 - PhaseRunner - NOTICE - Phase profiling (profiling) complete | completed=50, cancelled=0, errors=0 | sessions: completed=7, cancelled=0 | elapsed=39.41s
2026-08-13 02:54:22.144 - PhaseOrchestrator_c0a2af23 - NOTICE - All credits completed
2026-08-13 02:54:22.145 - records_manager - INFO - Received CREDIT_PHASE_COMPLETE message, Phase complete: PhaseRecordsStats(phase=CreditPhase.PROFILING, phase_index=1, profiling_index=0, phase_name='profiling', phase_kind='profiling', start_ns=1786589622733430986, sent_end_ns=1786589645378746027, requests_end_ns=1786589662144176316, baseline_start_ns=1786589622733420986, baseline_end_ns=1786589662144192892, total_expected_requests=50, expected_duration_sec=None, expected_num_sessions=None, expected_grace_period_sec=None, final_requests_sent=None, final_requests_completed=50, final_requests_cancelled=0, final_request_errors=0, final_sent_sessions=None, final_completed_sessions=None, final_cancelled_sessions=None, timeout_triggered=False, grace_period_timeout_triggered=False, was_cancelled=False, records_end_ns=None, success_records=49, error_records=0)
2026-08-13 02:54:22.145 - records_manager - NOTICE - All requests have completed, please wait for the results to be processed (currently 49 of 50 records processed)...
2026-08-13 02:54:22.145 - system_controller - INFO - Received credits complete from 'timing_manager'
2026-08-13 02:54:22.146 - records_manager - INFO - All credits complete, please wait for the results to be processed...
2026-08-13 02:54:22.149 - records_manager - INFO - Processed 50 valid requests and 0 errors (50 total).
2026-08-13 02:54:22.150 - records_manager - INFO - Received all records, processing now...
2026-08-13 02:54:22.150 - gpu_telemetry_manager - INFO - GPU Telemetry: Profiling complete, capturing final metrics...
2026-08-13 02:54:22.151 - records_manager - INFO - Waiting 2.0s for server metrics flush period...
2026-08-13 02:54:24.145 - records_manager - INFO - Processing records results...
2026-08-13 02:54:24.223 - system_controller - INFO - Waiting for result domains: telemetry
2026-08-13 02:54:24.223 - system_controller - INFO - All results received, initiating shutdown
2026-08-13 02:54:24.223 - records_manager - INFO - _finalize_and_process_results completed
2026-08-13 02:54:24.827 - ExporterManager - INFO - Exporting all records
2026-08-13 02:54:24.889 - ExporterManager - INFO - Exporting console data
