2026-08-11 05:13:48.744 - aiperf.cli_runner._single_run - INFO - Starting AIPerf System
2026-08-11 05:13:49.197 - httpx - INFO - HTTP Request: GET https://huggingface.co/api/models/meta-models/Muse-Glimmer-30B "HTTP/1.1 200 OK"
2026-08-11 05:13:49.201 - aiperf.config.resolution.resolvers - INFO - [OK] Tokenizer meta-models/Muse-Glimmer-30B detected
2026-08-11 05:13:49.201 - aiperf.config.resolution.resolvers - INFO - 1 tokenizer validated | 0.4s
2026-08-11 05:13:49.201 - aiperf.config.resolution.resolvers - INFO - Prefetching 1 tokenizer into HF cache...
2026-08-11 05:13:50.008 - httpx - INFO - HTTP Request: HEAD https://huggingface.co/meta-models/Muse-Glimmer-30B/resolve/main/config.json "HTTP/1.1 307 Temporary Redirect"
2026-08-11 05:13:50.008 - huggingface_hub.utils._http - WARNING - Warning: You are sending unauthenticated requests to the HF Hub. Please set a HF_TOKEN to enable higher rate limits and faster downloads.
2026-08-11 05:13:50.024 - httpx - INFO - HTTP Request: HEAD https://huggingface.co/api/resolve-cache/models/meta-models/Muse-Glimmer-30B/97c77dff50b2797bcc558fa2d909761dbc575c59/config.json "HTTP/1.1 200 OK"
2026-08-11 05:13:50.042 - httpx - INFO - HTTP Request: GET https://huggingface.co/api/resolve-cache/models/meta-models/Muse-Glimmer-30B/97c77dff50b2797bcc558fa2d909761dbc575c59/config.json "HTTP/1.1 200 OK"
2026-08-11 05:13:50.129 - httpx - INFO - HTTP Request: HEAD https://huggingface.co/meta-models/Muse-Glimmer-30B/resolve/main/config.json "HTTP/1.1 307 Temporary Redirect"
2026-08-11 05:13:50.143 - httpx - INFO - HTTP Request: HEAD https://huggingface.co/api/resolve-cache/models/meta-models/Muse-Glimmer-30B/97c77dff50b2797bcc558fa2d909761dbc575c59/config.json "HTTP/1.1 200 OK"
2026-08-11 05:13:50.230 - httpx - INFO - HTTP Request: HEAD https://huggingface.co/meta-models/Muse-Glimmer-30B/resolve/main/tokenizer_config.json "HTTP/1.1 307 Temporary Redirect"
2026-08-11 05:13:50.242 - httpx - INFO - HTTP Request: HEAD https://huggingface.co/api/resolve-cache/models/meta-models/Muse-Glimmer-30B/97c77dff50b2797bcc558fa2d909761dbc575c59/tokenizer_config.json "HTTP/1.1 200 OK"
2026-08-11 05:13:50.253 - httpx - INFO - HTTP Request: GET https://huggingface.co/api/resolve-cache/models/meta-models/Muse-Glimmer-30B/97c77dff50b2797bcc558fa2d909761dbc575c59/tokenizer_config.json "HTTP/1.1 200 OK"
2026-08-11 05:13:50.341 - httpx - INFO - HTTP Request: GET https://huggingface.co/api/models/meta-models/Muse-Glimmer-30B/tree/main/additional_chat_templates?recursive=false&expand=false "HTTP/1.1 404 Not Found"
2026-08-11 05:13:50.436 - httpx - INFO - HTTP Request: GET https://huggingface.co/api/models/meta-models/Muse-Glimmer-30B/tree/main?recursive=true&expand=false "HTTP/1.1 200 OK"
2026-08-11 05:13:50.531 - httpx - INFO - HTTP Request: HEAD https://huggingface.co/meta-models/Muse-Glimmer-30B/resolve/main/tokenizer.json "HTTP/1.1 302 Found"
2026-08-11 05:13:50.628 - httpx - INFO - HTTP Request: GET https://huggingface.co/api/models/meta-models/Muse-Glimmer-30B/xet-read-token/97c77dff50b2797bcc558fa2d909761dbc575c59 "HTTP/1.1 200 OK"
2026-08-11 05:13:51.690 - httpx - INFO - HTTP Request: HEAD https://huggingface.co/meta-models/Muse-Glimmer-30B/resolve/main/tokenizer.model "HTTP/1.1 404 Not Found"
2026-08-11 05:13:51.831 - httpx - INFO - HTTP Request: HEAD https://huggingface.co/meta-models/Muse-Glimmer-30B/resolve/main/added_tokens.json "HTTP/1.1 404 Not Found"
2026-08-11 05:13:51.914 - httpx - INFO - HTTP Request: HEAD https://huggingface.co/meta-models/Muse-Glimmer-30B/resolve/main/special_tokens_map.json "HTTP/1.1 404 Not Found"
2026-08-11 05:13:51.999 - httpx - INFO - HTTP Request: HEAD https://huggingface.co/meta-models/Muse-Glimmer-30B/resolve/main/chat_template.jinja "HTTP/1.1 307 Temporary Redirect"
2026-08-11 05:13:52.013 - httpx - INFO - HTTP Request: HEAD https://huggingface.co/api/resolve-cache/models/meta-models/Muse-Glimmer-30B/97c77dff50b2797bcc558fa2d909761dbc575c59/chat_template.jinja "HTTP/1.1 200 OK"
2026-08-11 05:13:52.027 - httpx - INFO - HTTP Request: GET https://huggingface.co/api/resolve-cache/models/meta-models/Muse-Glimmer-30B/97c77dff50b2797bcc558fa2d909761dbc575c59/chat_template.jinja "HTTP/1.1 200 OK"
2026-08-11 05:13:53.778 - httpx - INFO - HTTP Request: GET https://huggingface.co/api/models/meta-models/Muse-Glimmer-30B "HTTP/1.1 200 OK"
2026-08-11 05:13:53.871 - aiperf.config.resolution.resolvers - INFO -   Cached meta-models/Muse-Glimmer-30B (4.66s)
2026-08-11 05:13:53.944 - aiperf.config.resolution.resolvers - INFO - 1 tokenizer cached • 4.7s
2026-08-11 05:13:54.330 - system_controller - INFO - Registered Gpu Telemetry Manager (id: 'gpu_telemetry_manager')
2026-08-11 05:13:54.371 - server_metrics_manager - INFO - Server Metrics: Discovered 1 endpoints: ['http://localhost:80/metrics']
2026-08-11 05:13:54.407 - GPUTelemetryJSONLWriter_40768070 - INFO - GPU telemetry export enabled: /output/gpu_telemetry_export.jsonl
2026-08-11 05:13:54.417 - OTelMetricsResultsProcessor_07c614da - INFO - Telemetry streaming is disabled (set --otel-url and/or --mlflow-tracking-uri to enable)
2026-08-11 05:13:54.418 - RecordExportJSONLWriter_b25c87f8 - INFO - Record metrics export enabled: /output/profile_export.jsonl
2026-08-11 05:13:54.422 - system_controller - INFO - Registered Worker Manager (id: 'worker_manager')
2026-08-11 05:13:54.457 - system_controller - INFO - Registered Dataset Manager (id: 'dataset_manager')
2026-08-11 05:13:54.475 - system_controller - INFO - Registered Server Metrics Manager (id: 'server_metrics_manager')
2026-08-11 05:13:54.500 - system_controller - INFO - Registered Record Processor (id: 'record_processor_312e46b3')
2026-08-11 05:13:54.526 - system_controller - INFO - Registered Records Manager (id: 'records_manager')
2026-08-11 05:13:54.598 - system_controller - INFO - Registered Record Processor (id: 'record_processor_57417344')
2026-08-11 05:13:54.654 - system_controller - INFO - Registered Timing Manager (id: 'timing_manager')
2026-08-11 05:13:54.709 - system_controller - INFO - Registered Worker (id: 'worker_4fe9992a')
2026-08-11 05:13:54.711 - system_controller - INFO - Registered Worker (id: 'worker_6c6702a0')
2026-08-11 05:13:54.796 - system_controller - INFO - Registered Worker (id: 'worker_a9614d5b')
2026-08-11 05:13:54.796 - system_controller - INFO - Registered Worker (id: 'worker_a021c17c')
2026-08-11 05:13:54.796 - system_controller - INFO - Registered Worker (id: 'worker_2037e5b5')
2026-08-11 05:13:54.796 - system_controller - INFO - Registered Worker (id: 'worker_69af8736')
2026-08-11 05:13:54.807 - system_controller - INFO - AIPerf System is CONFIGURING
2026-08-11 05:13:54.807 - system_controller - INFO - Configuring all services to start profiling
2026-08-11 05:13:54.809 - timing_manager - INFO - Waiting for dataset to be configured before configuring timing
2026-08-11 05:13:54.809 - InferenceResultParser_efe9c07d - INFO - Configuring tokenizers for inference result parser (resolve_alias: True)
2026-08-11 05:13:54.809 - InferenceResultParser_eb6025d3 - INFO - Configuring tokenizers for inference result parser (resolve_alias: True)
2026-08-11 05:13:54.810 - dataset_manager - INFO - Configuring tokenizer(s) for dataset manager
2026-08-11 05:13:54.810 - system_controller - INFO - Registered Worker (id: 'worker_5c3bd46a')
2026-08-11 05:13:54.815 - system_controller - INFO - Server metrics disabled - no Prometheus endpoints reachable
2026-08-11 05:13:54.815 - system_controller - INFO - Waiting for result domains: profile, telemetry
2026-08-11 05:13:54.816 - system_controller - INFO - Registered Worker (id: 'worker_017ac242')
2026-08-11 05:13:54.841 - gpu_telemetry_manager - INFO - GPU Telemetry: Capturing baseline metrics from pynvml://localhost
2026-08-11 05:13:54.851 - pynvml_collector - INFO - PyNVML initialized with 1 GPU(s) (0 with GPM support)
2026-08-11 05:13:54.866 - system_controller - INFO - DCGM telemetry enabled - 1/1 endpoint(s) reachable
2026-08-11 05:13:55.340 - httpx - INFO - HTTP Request: HEAD https://huggingface.co/meta-models/Muse-Glimmer-30B/resolve/main/config.json "HTTP/1.1 307 Temporary Redirect"
2026-08-11 05:13:55.341 - huggingface_hub.utils._http - WARNING - Warning: You are sending unauthenticated requests to the HF Hub. Please set a HF_TOKEN to enable higher rate limits and faster downloads.
2026-08-11 05:13:55.352 - httpx - INFO - HTTP Request: HEAD https://huggingface.co/api/resolve-cache/models/meta-models/Muse-Glimmer-30B/97c77dff50b2797bcc558fa2d909761dbc575c59/config.json "HTTP/1.1 200 OK"
2026-08-11 05:13:55.364 - httpx - INFO - HTTP Request: HEAD https://huggingface.co/meta-models/Muse-Glimmer-30B/resolve/main/config.json "HTTP/1.1 307 Temporary Redirect"
2026-08-11 05:13:55.364 - huggingface_hub.utils._http - WARNING - Warning: You are sending unauthenticated requests to the HF Hub. Please set a HF_TOKEN to enable higher rate limits and faster downloads.
2026-08-11 05:13:55.375 - httpx - INFO - HTTP Request: HEAD https://huggingface.co/api/resolve-cache/models/meta-models/Muse-Glimmer-30B/97c77dff50b2797bcc558fa2d909761dbc575c59/config.json "HTTP/1.1 200 OK"
2026-08-11 05:13:55.401 - httpx - INFO - HTTP Request: HEAD https://huggingface.co/meta-models/Muse-Glimmer-30B/resolve/main/config.json "HTTP/1.1 307 Temporary Redirect"
2026-08-11 05:13:55.402 - huggingface_hub.utils._http - WARNING - Warning: You are sending unauthenticated requests to the HF Hub. Please set a HF_TOKEN to enable higher rate limits and faster downloads.
2026-08-11 05:13:55.413 - httpx - INFO - HTTP Request: HEAD https://huggingface.co/api/resolve-cache/models/meta-models/Muse-Glimmer-30B/97c77dff50b2797bcc558fa2d909761dbc575c59/config.json "HTTP/1.1 200 OK"
2026-08-11 05:13:55.434 - httpx - INFO - HTTP Request: HEAD https://huggingface.co/meta-models/Muse-Glimmer-30B/resolve/main/config.json "HTTP/1.1 307 Temporary Redirect"
2026-08-11 05:13:55.458 - httpx - INFO - HTTP Request: HEAD https://huggingface.co/meta-models/Muse-Glimmer-30B/resolve/main/config.json "HTTP/1.1 307 Temporary Redirect"
2026-08-11 05:13:55.465 - httpx - INFO - HTTP Request: HEAD https://huggingface.co/api/resolve-cache/models/meta-models/Muse-Glimmer-30B/97c77dff50b2797bcc558fa2d909761dbc575c59/config.json "HTTP/1.1 200 OK"
2026-08-11 05:13:55.470 - httpx - INFO - HTTP Request: HEAD https://huggingface.co/api/resolve-cache/models/meta-models/Muse-Glimmer-30B/97c77dff50b2797bcc558fa2d909761dbc575c59/config.json "HTTP/1.1 200 OK"
2026-08-11 05:13:55.498 - httpx - INFO - HTTP Request: HEAD https://huggingface.co/meta-models/Muse-Glimmer-30B/resolve/main/config.json "HTTP/1.1 307 Temporary Redirect"
2026-08-11 05:13:55.509 - httpx - INFO - HTTP Request: HEAD https://huggingface.co/api/resolve-cache/models/meta-models/Muse-Glimmer-30B/97c77dff50b2797bcc558fa2d909761dbc575c59/config.json "HTTP/1.1 200 OK"
2026-08-11 05:13:55.550 - httpx - INFO - HTTP Request: HEAD https://huggingface.co/meta-models/Muse-Glimmer-30B/resolve/main/tokenizer_config.json "HTTP/1.1 307 Temporary Redirect"
2026-08-11 05:13:55.550 - httpx - INFO - HTTP Request: HEAD https://huggingface.co/meta-models/Muse-Glimmer-30B/resolve/main/tokenizer_config.json "HTTP/1.1 307 Temporary Redirect"
2026-08-11 05:13:55.565 - httpx - INFO - HTTP Request: HEAD https://huggingface.co/api/resolve-cache/models/meta-models/Muse-Glimmer-30B/97c77dff50b2797bcc558fa2d909761dbc575c59/tokenizer_config.json "HTTP/1.1 200 OK"
2026-08-11 05:13:55.565 - httpx - INFO - HTTP Request: HEAD https://huggingface.co/api/resolve-cache/models/meta-models/Muse-Glimmer-30B/97c77dff50b2797bcc558fa2d909761dbc575c59/tokenizer_config.json "HTTP/1.1 200 OK"
2026-08-11 05:13:55.597 - httpx - INFO - HTTP Request: HEAD https://huggingface.co/meta-models/Muse-Glimmer-30B/resolve/main/tokenizer_config.json "HTTP/1.1 307 Temporary Redirect"
2026-08-11 05:13:55.614 - httpx - INFO - HTTP Request: HEAD https://huggingface.co/api/resolve-cache/models/meta-models/Muse-Glimmer-30B/97c77dff50b2797bcc558fa2d909761dbc575c59/tokenizer_config.json "HTTP/1.1 200 OK"
2026-08-11 05:13:55.648 - httpx - INFO - HTTP Request: GET https://huggingface.co/api/models/meta-models/Muse-Glimmer-30B/tree/main/additional_chat_templates?recursive=false&expand=false "HTTP/1.1 404 Not Found"
2026-08-11 05:13:55.650 - httpx - INFO - HTTP Request: GET https://huggingface.co/api/models/meta-models/Muse-Glimmer-30B/tree/main/additional_chat_templates?recursive=false&expand=false "HTTP/1.1 404 Not Found"
2026-08-11 05:13:55.699 - httpx - INFO - HTTP Request: GET https://huggingface.co/api/models/meta-models/Muse-Glimmer-30B/tree/main/additional_chat_templates?recursive=false&expand=false "HTTP/1.1 404 Not Found"
2026-08-11 05:13:55.737 - httpx - INFO - HTTP Request: GET https://huggingface.co/api/models/meta-models/Muse-Glimmer-30B/tree/main?recursive=true&expand=false "HTTP/1.1 200 OK"
2026-08-11 05:13:55.737 - httpx - INFO - HTTP Request: GET https://huggingface.co/api/models/meta-models/Muse-Glimmer-30B/tree/main?recursive=true&expand=false "HTTP/1.1 200 OK"
2026-08-11 05:13:55.787 - httpx - INFO - HTTP Request: GET https://huggingface.co/api/models/meta-models/Muse-Glimmer-30B/tree/main?recursive=true&expand=false "HTTP/1.1 200 OK"
2026-08-11 05:13:57.544 - httpx - INFO - HTTP Request: GET https://huggingface.co/api/models/meta-models/Muse-Glimmer-30B "HTTP/1.1 200 OK"
2026-08-11 05:13:57.556 - httpx - INFO - HTTP Request: GET https://huggingface.co/api/models/meta-models/Muse-Glimmer-30B "HTTP/1.1 200 OK"
2026-08-11 05:13:57.557 - httpx - INFO - HTTP Request: GET https://huggingface.co/api/models/meta-models/Muse-Glimmer-30B "HTTP/1.1 200 OK"
2026-08-11 05:13:57.606 - InferenceResultParser_eb6025d3 - INFO - Initialized tokenizers: {'meta-models/Muse-Glimmer-30B': {'class': 'TokenizersBackend', 'name_or_path': 'meta-models/Muse-Glimmer-30B'}} in 2.80 seconds
2026-08-11 05:13:57.624 - InferenceResultParser_efe9c07d - INFO - Initialized tokenizers: {'meta-models/Muse-Glimmer-30B': {'class': 'TokenizersBackend', 'name_or_path': 'meta-models/Muse-Glimmer-30B'}} in 2.81 seconds
2026-08-11 05:13:57.624 - dataset_manager - INFO - Tokenizer(s) configured in 2.81 seconds
2026-08-11 05:13:57.624 - dataset_manager - INFO - Configuring dataset for dataset_manager
2026-08-11 05:13:57.906 - CustomDatasetComposer - INFO - Using explicit dataset format: multi_turn
2026-08-11 05:13:57.971 - MemoryMapDatasetBackingStore_f828fa51 - INFO - Memory-mapped backing store initialized (streaming to /tmp/aiperf_mmap_e256cbb01306/dataset.dat)
2026-08-11 05:13:57.986 - MemoryMapDatasetBackingStore_f828fa51 - INFO - Data file finalized: 500 conversations, 1.25 MB
2026-08-11 05:13:57.986 - MemoryMapDatasetBackingStore_f828fa51 - INFO - Index file created: /tmp/aiperf_mmap_e256cbb01306/index.dat
2026-08-11 05:13:57.986 - dataset_manager - INFO - Backing store finalized: client_type=DatasetClientStoreType.MEMORY_MAP format=MemoryMapFormat.CONVERSATION data_file_path=PosixPath('/tmp/aiperf_mmap_e256cbb01306/dataset.dat') index_file_path=PosixPath('/tmp/aiperf_mmap_e256cbb01306/index.dat') conversation_count=500 total_size_bytes=1314418 compressed=False compressed_data_file_path=None compressed_index_file_path=None compressed_size_bytes=0
2026-08-11 05:13:57.994 - dataset_manager - INFO - sampling strategy: sequential, unique conversations: 500, unique turn count: 1783
2026-08-11 05:13:58.000 - dataset_manager - INFO - Generating inputs.json file at /output/inputs.json
2026-08-11 05:13:58.007 - system_controller - WARNING - Received command response for service we were not expecting: worker_5c3bd46a. Ignoring.
2026-08-11 05:13:58.010 - PhaseOrchestrator_241a9983 - INFO - Initialized 2 phase(s): ['Warmup', 'Profiling']
2026-08-11 05:13:58.011 - system_controller - WARNING - Received command response for service we were not expecting: worker_017ac242. Ignoring.
2026-08-11 05:13:58.012 - dataset_manager - INFO - inputs.json file generated in 0.01 seconds
2026-08-11 05:13:58.146 - dataset_manager - INFO - Dataset client initialized and freed 500 conversations from memory
2026-08-11 05:13:58.146 - dataset_manager - INFO - Dataset configured in 0.52 seconds
2026-08-11 05:13:58.146 - system_controller - INFO - All services configured in 3.34 seconds
2026-08-11 05:13:58.146 - system_controller - INFO - AIPerf System is CONFIGURED
2026-08-11 05:13:58.148 - system_controller - INFO - All services started profiling successfully
2026-08-11 05:13:58.148 - system_controller - INFO - AIPerf System is PROFILING
2026-08-11 05:13:58.150 - RateTiming - INFO - Creating interval generator: pattern=concurrency_burst, rate=None, smoothness=None
2026-08-11 05:13:58.150 - PhaseRunner - NOTICE - Phase warmup (warmup) started | phase_index=0 | target: 3 requests
2026-08-11 05:13:58.151 - PhaseRunner - NOTICE - Phase warmup (warmup) sending complete | sent=3, completed=0, in_flight=3 | sessions: sent=3, completed=0
2026-08-11 05:13:58.151 - records_manager - INFO - Credit phase start: warmup
2026-08-11 05:14:18.405 - PhaseRunner - NOTICE - Phase warmup (warmup) complete | completed=3, cancelled=0, errors=0 | sessions: completed=1, cancelled=0 | elapsed=20.25s
2026-08-11 05:14:18.406 - RateTiming - INFO - Creating interval generator: pattern=concurrency_burst, rate=None, smoothness=None
2026-08-11 05:14:18.406 - PhaseRunner - NOTICE - Phase profiling (profiling) started | phase_index=1 | profiling_index=0 | target: 50 requests, 50 sessions
2026-08-11 05:14:18.408 - records_manager - INFO - Credit phase start: profiling
2026-08-11 05:14:21.640 - aiperf.metrics.types.osl_mismatch_metrics - WARNING - OSL mismatch: got 26 tokens (requested 29, diff -10.3%)
2026-08-11 05:14:23.753 - aiperf.metrics.types.osl_mismatch_metrics - WARNING - OSL mismatch: got 46 tokens (requested 49, diff -6.1%)
2026-08-11 05:14:27.618 - aiperf.metrics.types.osl_mismatch_metrics - WARNING - OSL mismatch: got 26 tokens (requested 118, diff -78.0%)
2026-08-11 05:14:53.480 - aiperf.metrics.types.osl_mismatch_metrics - WARNING - OSL mismatch: got 97 tokens (requested 155, diff -37.4%)
2026-08-11 05:14:56.445 - aiperf.metrics.types.osl_mismatch_metrics - WARNING - OSL mismatch: got 83 tokens (requested 126, diff -34.1%)
2026-08-11 05:15:35.893 - aiperf.metrics.types.osl_mismatch_metrics - WARNING - OSL mismatch: got 33 tokens (requested 101, diff -67.3%)
2026-08-11 05:15:45.984 - PhaseRunner - NOTICE - Phase profiling (profiling) sending complete | sent=50, completed=42, in_flight=8 | sessions: sent=19, completed=11
2026-08-11 05:15:45.986 - records_manager - INFO - Sent 50 requests. Waiting for all to complete...
2026-08-11 05:16:02.027 - PhaseRunner - NOTICE - Phase profiling (profiling) complete | completed=50, cancelled=0, errors=0 | sessions: completed=12, cancelled=0 | elapsed=103.62s
2026-08-11 05:16:02.027 - PhaseOrchestrator_241a9983 - NOTICE - All credits completed
2026-08-11 05:16:02.028 - system_controller - INFO - Received credits complete from 'timing_manager'
2026-08-11 05:16:02.029 - records_manager - INFO - Received CREDIT_PHASE_COMPLETE message, Phase complete: PhaseRecordsStats(phase=CreditPhase.PROFILING, phase_index=1, profiling_index=0, phase_name='profiling', phase_kind='profiling', start_ns=1786425258406303801, sent_end_ns=1786425345984852761, requests_end_ns=1786425362026872795, baseline_start_ns=1786425258406292697, baseline_end_ns=1786425362026888683, total_expected_requests=50, expected_duration_sec=None, expected_num_sessions=None, expected_grace_period_sec=None, final_requests_sent=None, final_requests_completed=50, final_requests_cancelled=0, final_request_errors=0, final_sent_sessions=None, final_completed_sessions=None, final_cancelled_sessions=None, timeout_triggered=False, grace_period_timeout_triggered=False, was_cancelled=False, records_end_ns=None, success_records=49, error_records=0)
2026-08-11 05:16:02.029 - records_manager - NOTICE - All requests have completed, please wait for the results to be processed (currently 49 of 50 records processed)...
2026-08-11 05:16:02.029 - records_manager - INFO - All credits complete, please wait for the results to be processed...
2026-08-11 05:16:02.033 - records_manager - INFO - Processed 50 valid requests and 0 errors (50 total).
2026-08-11 05:16:02.034 - records_manager - INFO - Received all records, processing now...
2026-08-11 05:16:02.034 - gpu_telemetry_manager - INFO - GPU Telemetry: Profiling complete, capturing final metrics...
2026-08-11 05:16:02.035 - records_manager - INFO - Waiting 2.0s for server metrics flush period...
2026-08-11 05:16:04.027 - records_manager - INFO - Processing records results...
2026-08-11 05:16:04.101 - records_manager - INFO - _finalize_and_process_results completed
2026-08-11 05:16:04.102 - system_controller - INFO - Waiting for result domains: telemetry
2026-08-11 05:16:04.103 - system_controller - INFO - All results received, initiating shutdown
2026-08-11 05:16:04.708 - ExporterManager - INFO - Exporting all records
2026-08-11 05:16:04.768 - ExporterManager - INFO - Exporting console data
