2026-08-16 10:40:04.633 - aiperf.cli_runner._single_run - INFO - Starting AIPerf System
2026-08-16 10:40:05.100 - httpx - INFO - HTTP Request: GET https://huggingface.co/api/models/nvidia/NVIDIA-Nemotron-3.5-Lightning-30B-A3B-NVFP4 "HTTP/1.1 200 OK"
2026-08-16 10:40:05.119 - aiperf.config.resolution.resolvers - INFO - [OK] Tokenizer nvidia/NVIDIA-Nemotron-3.5-Lightning-30B-A3B-NVFP4 detected
2026-08-16 10:40:05.119 - aiperf.config.resolution.resolvers - INFO - 1 tokenizer validated | 0.5s
2026-08-16 10:40:05.119 - aiperf.config.resolution.resolvers - INFO - Prefetching 1 tokenizer into HF cache...
2026-08-16 10:40:05.968 - httpx - INFO - HTTP Request: HEAD https://huggingface.co/nvidia/NVIDIA-Nemotron-3.5-Lightning-30B-A3B-NVFP4/resolve/main/config.json "HTTP/1.1 307 Temporary Redirect"
2026-08-16 10:40:05.968 - huggingface_hub.utils._http - WARNING - Warning: You are sending unauthenticated requests to the HF Hub. Please set a HF_TOKEN to enable higher rate limits and faster downloads.
2026-08-16 10:40:05.984 - httpx - INFO - HTTP Request: HEAD https://huggingface.co/api/resolve-cache/models/nvidia/NVIDIA-Nemotron-3.5-Lightning-30B-A3B-NVFP4/6dbbd757ea75a8ece6e0702872e3ae53f9987728/config.json "HTTP/1.1 200 OK"
2026-08-16 10:40:05.998 - httpx - INFO - HTTP Request: GET https://huggingface.co/api/resolve-cache/models/nvidia/NVIDIA-Nemotron-3.5-Lightning-30B-A3B-NVFP4/6dbbd757ea75a8ece6e0702872e3ae53f9987728/config.json "HTTP/1.1 200 OK"
2026-08-16 10:40:06.134 - httpx - INFO - HTTP Request: HEAD https://huggingface.co/nvidia/NVIDIA-Nemotron-3.5-Lightning-30B-A3B-NVFP4/resolve/main/tokenizer_config.json "HTTP/1.1 307 Temporary Redirect"
2026-08-16 10:40:06.144 - httpx - INFO - HTTP Request: HEAD https://huggingface.co/api/resolve-cache/models/nvidia/NVIDIA-Nemotron-3.5-Lightning-30B-A3B-NVFP4/6dbbd757ea75a8ece6e0702872e3ae53f9987728/tokenizer_config.json "HTTP/1.1 200 OK"
2026-08-16 10:40:06.153 - httpx - INFO - HTTP Request: GET https://huggingface.co/api/resolve-cache/models/nvidia/NVIDIA-Nemotron-3.5-Lightning-30B-A3B-NVFP4/6dbbd757ea75a8ece6e0702872e3ae53f9987728/tokenizer_config.json "HTTP/1.1 200 OK"
2026-08-16 10:40:06.239 - httpx - INFO - HTTP Request: GET https://huggingface.co/api/models/nvidia/NVIDIA-Nemotron-3.5-Lightning-30B-A3B-NVFP4/tree/main/additional_chat_templates?recursive=false&expand=false "HTTP/1.1 404 Not Found"
2026-08-16 10:40:06.329 - httpx - INFO - HTTP Request: GET https://huggingface.co/api/models/nvidia/NVIDIA-Nemotron-3.5-Lightning-30B-A3B-NVFP4/tree/main?recursive=true&expand=false "HTTP/1.1 200 OK"
2026-08-16 10:40:06.419 - httpx - INFO - HTTP Request: HEAD https://huggingface.co/nvidia/NVIDIA-Nemotron-3.5-Lightning-30B-A3B-NVFP4/resolve/main/tokenizer.json "HTTP/1.1 302 Found"
2026-08-16 10:40:06.514 - httpx - INFO - HTTP Request: GET https://huggingface.co/api/models/nvidia/NVIDIA-Nemotron-3.5-Lightning-30B-A3B-NVFP4/xet-read-token/6dbbd757ea75a8ece6e0702872e3ae53f9987728 "HTTP/1.1 200 OK"
2026-08-16 10:40:07.300 - httpx - INFO - HTTP Request: HEAD https://huggingface.co/nvidia/NVIDIA-Nemotron-3.5-Lightning-30B-A3B-NVFP4/resolve/main/tokenizer.model "HTTP/1.1 404 Not Found"
2026-08-16 10:40:07.382 - httpx - INFO - HTTP Request: HEAD https://huggingface.co/nvidia/NVIDIA-Nemotron-3.5-Lightning-30B-A3B-NVFP4/resolve/main/added_tokens.json "HTTP/1.1 404 Not Found"
2026-08-16 10:40:07.484 - httpx - INFO - HTTP Request: HEAD https://huggingface.co/nvidia/NVIDIA-Nemotron-3.5-Lightning-30B-A3B-NVFP4/resolve/main/special_tokens_map.json "HTTP/1.1 307 Temporary Redirect"
2026-08-16 10:40:07.494 - httpx - INFO - HTTP Request: HEAD https://huggingface.co/api/resolve-cache/models/nvidia/NVIDIA-Nemotron-3.5-Lightning-30B-A3B-NVFP4/6dbbd757ea75a8ece6e0702872e3ae53f9987728/special_tokens_map.json "HTTP/1.1 200 OK"
2026-08-16 10:40:07.505 - httpx - INFO - HTTP Request: GET https://huggingface.co/api/resolve-cache/models/nvidia/NVIDIA-Nemotron-3.5-Lightning-30B-A3B-NVFP4/6dbbd757ea75a8ece6e0702872e3ae53f9987728/special_tokens_map.json "HTTP/1.1 200 OK"
2026-08-16 10:40:07.591 - httpx - INFO - HTTP Request: HEAD https://huggingface.co/nvidia/NVIDIA-Nemotron-3.5-Lightning-30B-A3B-NVFP4/resolve/main/chat_template.jinja "HTTP/1.1 307 Temporary Redirect"
2026-08-16 10:40:07.600 - httpx - INFO - HTTP Request: HEAD https://huggingface.co/api/resolve-cache/models/nvidia/NVIDIA-Nemotron-3.5-Lightning-30B-A3B-NVFP4/6dbbd757ea75a8ece6e0702872e3ae53f9987728/chat_template.jinja "HTTP/1.1 200 OK"
2026-08-16 10:40:07.611 - httpx - INFO - HTTP Request: GET https://huggingface.co/api/resolve-cache/models/nvidia/NVIDIA-Nemotron-3.5-Lightning-30B-A3B-NVFP4/6dbbd757ea75a8ece6e0702872e3ae53f9987728/chat_template.jinja "HTTP/1.1 200 OK"
2026-08-16 10:40:08.449 - httpx - INFO - HTTP Request: GET https://huggingface.co/api/models/nvidia/NVIDIA-Nemotron-3.5-Lightning-30B-A3B-NVFP4 "HTTP/1.1 200 OK"
2026-08-16 10:40:08.505 - aiperf.config.resolution.resolvers - INFO -   Cached nvidia/NVIDIA-Nemotron-3.5-Lightning-30B-A3B-NVFP4 (3.37s)
2026-08-16 10:40:08.559 - aiperf.config.resolution.resolvers - INFO - 1 tokenizer cached • 3.4s
2026-08-16 10:40:08.981 - server_metrics_manager - INFO - Server Metrics: Discovered 1 endpoints: ['http://localhost:8000/metrics']
2026-08-16 10:40:08.990 - GPUTelemetryJSONLWriter_2623fb90 - INFO - GPU telemetry export enabled: /output/gpu_telemetry_export.jsonl
2026-08-16 10:40:09.000 - OTelMetricsResultsProcessor_1e28084c - INFO - Telemetry streaming is disabled (set --otel-url and/or --mlflow-tracking-uri to enable)
2026-08-16 10:40:09.004 - RecordExportJSONLWriter_0d3bd07a - INFO - Record metrics export enabled: /output/profile_export.jsonl
2026-08-16 10:40:09.026 - system_controller - INFO - Registered Worker Manager (id: 'worker_manager')
2026-08-16 10:40:09.111 - system_controller - INFO - Registered Gpu Telemetry Manager (id: 'gpu_telemetry_manager')
2026-08-16 10:40:09.112 - system_controller - INFO - Registered Dataset Manager (id: 'dataset_manager')
2026-08-16 10:40:09.112 - system_controller - INFO - Registered Server Metrics Manager (id: 'server_metrics_manager')
2026-08-16 10:40:09.113 - system_controller - INFO - Registered Records Manager (id: 'records_manager')
2026-08-16 10:40:09.180 - system_controller - INFO - Registered Record Processor (id: 'record_processor_954c1d62')
2026-08-16 10:40:09.236 - system_controller - INFO - Registered Timing Manager (id: 'timing_manager')
2026-08-16 10:40:09.276 - system_controller - INFO - Registered Record Processor (id: 'record_processor_1bb90715')
2026-08-16 10:40:09.280 - system_controller - INFO - Registered Record Processor (id: 'record_processor_c1bdc3a6')
2026-08-16 10:40:09.371 - system_controller - INFO - Registered Worker (id: 'worker_1cce15d4')
2026-08-16 10:40:09.403 - system_controller - INFO - AIPerf System is CONFIGURING
2026-08-16 10:40:09.403 - system_controller - INFO - Configuring all services to start profiling
2026-08-16 10:40:09.404 - timing_manager - INFO - Waiting for dataset to be configured before configuring timing
2026-08-16 10:40:09.404 - InferenceResultParser_39991877 - INFO - Configuring tokenizers for inference result parser (resolve_alias: True)
2026-08-16 10:40:09.405 - dataset_manager - INFO - Configuring tokenizer(s) for dataset manager
2026-08-16 10:40:09.405 - InferenceResultParser_ac40127e - INFO - Configuring tokenizers for inference result parser (resolve_alias: True)
2026-08-16 10:40:09.406 - InferenceResultParser_14f5a5cb - INFO - Configuring tokenizers for inference result parser (resolve_alias: True)
2026-08-16 10:40:09.414 - server_metrics_manager - INFO - Server Metrics: Capturing baseline metrics...
2026-08-16 10:40:09.418 - system_controller - INFO - Registered Worker (id: 'worker_971d6859')
2026-08-16 10:40:09.428 - http://localhost:8000/metrics - INFO - Skipping unsupported summary metric: http_request_size_bytes
2026-08-16 10:40:09.428 - http://localhost:8000/metrics - INFO - Skipping unsupported summary metric: http_response_size_bytes
2026-08-16 10:40:09.429 - system_controller - INFO - Server metrics enabled - 1/1 endpoint(s) reachable.
2026-08-16 10:40:09.429 - system_controller - INFO - Waiting for result domains: profile, server_metrics, telemetry
2026-08-16 10:40:09.434 - gpu_telemetry_manager - INFO - GPU Telemetry: Capturing baseline metrics from pynvml://localhost
2026-08-16 10:40:09.445 - pynvml_collector - INFO - PyNVML initialized with 1 GPU(s) (0 with GPM support)
2026-08-16 10:40:09.460 - system_controller - INFO - DCGM telemetry enabled - 1/1 endpoint(s) reachable
2026-08-16 10:40:09.462 - system_controller - INFO - Registered Worker (id: 'worker_cf0b49b6')
2026-08-16 10:40:09.469 - system_controller - INFO - Registered Worker (id: 'worker_babedf6b')
2026-08-16 10:40:09.484 - system_controller - INFO - Registered Worker (id: 'worker_9507ce49')
2026-08-16 10:40:09.485 - system_controller - INFO - Registered Worker (id: 'worker_fa75d604')
2026-08-16 10:40:09.496 - system_controller - INFO - Registered Worker (id: 'worker_d9e8a866')
2026-08-16 10:40:09.503 - system_controller - INFO - Registered Worker (id: 'worker_6c82bd3d')
2026-08-16 10:40:09.510 - system_controller - INFO - Registered Worker (id: 'worker_c1610edc')
2026-08-16 10:40:09.531 - system_controller - INFO - Registered Worker (id: 'worker_2e322358')
2026-08-16 10:40:09.539 - system_controller - INFO - Registered Worker (id: 'worker_63c69f0d')
2026-08-16 10:40:09.552 - system_controller - INFO - Registered Worker (id: 'worker_00da650e')
2026-08-16 10:40:09.578 - system_controller - INFO - Registered Worker (id: 'worker_83852e95')
2026-08-16 10:40:09.581 - system_controller - INFO - Registered Worker (id: 'worker_d3b24fab')
2026-08-16 10:40:09.957 - httpx - INFO - HTTP Request: HEAD https://huggingface.co/nvidia/NVIDIA-Nemotron-3.5-Lightning-30B-A3B-NVFP4/resolve/main/config.json "HTTP/1.1 307 Temporary Redirect"
2026-08-16 10:40:09.958 - huggingface_hub.utils._http - WARNING - Warning: You are sending unauthenticated requests to the HF Hub. Please set a HF_TOKEN to enable higher rate limits and faster downloads.
2026-08-16 10:40:09.960 - httpx - INFO - HTTP Request: HEAD https://huggingface.co/nvidia/NVIDIA-Nemotron-3.5-Lightning-30B-A3B-NVFP4/resolve/main/config.json "HTTP/1.1 307 Temporary Redirect"
2026-08-16 10:40:09.960 - huggingface_hub.utils._http - WARNING - Warning: You are sending unauthenticated requests to the HF Hub. Please set a HF_TOKEN to enable higher rate limits and faster downloads.
2026-08-16 10:40:09.964 - httpx - INFO - HTTP Request: HEAD https://huggingface.co/nvidia/NVIDIA-Nemotron-3.5-Lightning-30B-A3B-NVFP4/resolve/main/config.json "HTTP/1.1 307 Temporary Redirect"
2026-08-16 10:40:09.965 - huggingface_hub.utils._http - WARNING - Warning: You are sending unauthenticated requests to the HF Hub. Please set a HF_TOKEN to enable higher rate limits and faster downloads.
2026-08-16 10:40:09.966 - httpx - INFO - HTTP Request: HEAD https://huggingface.co/nvidia/NVIDIA-Nemotron-3.5-Lightning-30B-A3B-NVFP4/resolve/main/config.json "HTTP/1.1 307 Temporary Redirect"
2026-08-16 10:40:09.966 - huggingface_hub.utils._http - WARNING - Warning: You are sending unauthenticated requests to the HF Hub. Please set a HF_TOKEN to enable higher rate limits and faster downloads.
2026-08-16 10:40:09.967 - httpx - INFO - HTTP Request: HEAD https://huggingface.co/api/resolve-cache/models/nvidia/NVIDIA-Nemotron-3.5-Lightning-30B-A3B-NVFP4/6dbbd757ea75a8ece6e0702872e3ae53f9987728/config.json "HTTP/1.1 200 OK"
2026-08-16 10:40:09.970 - httpx - INFO - HTTP Request: HEAD https://huggingface.co/api/resolve-cache/models/nvidia/NVIDIA-Nemotron-3.5-Lightning-30B-A3B-NVFP4/6dbbd757ea75a8ece6e0702872e3ae53f9987728/config.json "HTTP/1.1 200 OK"
2026-08-16 10:40:09.974 - httpx - INFO - HTTP Request: HEAD https://huggingface.co/api/resolve-cache/models/nvidia/NVIDIA-Nemotron-3.5-Lightning-30B-A3B-NVFP4/6dbbd757ea75a8ece6e0702872e3ae53f9987728/config.json "HTTP/1.1 200 OK"
2026-08-16 10:40:09.975 - httpx - INFO - HTTP Request: HEAD https://huggingface.co/api/resolve-cache/models/nvidia/NVIDIA-Nemotron-3.5-Lightning-30B-A3B-NVFP4/6dbbd757ea75a8ece6e0702872e3ae53f9987728/config.json "HTTP/1.1 200 OK"
2026-08-16 10:40:10.108 - httpx - INFO - HTTP Request: HEAD https://huggingface.co/nvidia/NVIDIA-Nemotron-3.5-Lightning-30B-A3B-NVFP4/resolve/main/tokenizer_config.json "HTTP/1.1 307 Temporary Redirect"
2026-08-16 10:40:10.116 - httpx - INFO - HTTP Request: HEAD https://huggingface.co/api/resolve-cache/models/nvidia/NVIDIA-Nemotron-3.5-Lightning-30B-A3B-NVFP4/6dbbd757ea75a8ece6e0702872e3ae53f9987728/tokenizer_config.json "HTTP/1.1 200 OK"
2026-08-16 10:40:10.116 - httpx - INFO - HTTP Request: HEAD https://huggingface.co/nvidia/NVIDIA-Nemotron-3.5-Lightning-30B-A3B-NVFP4/resolve/main/tokenizer_config.json "HTTP/1.1 307 Temporary Redirect"
2026-08-16 10:40:10.117 - httpx - INFO - HTTP Request: HEAD https://huggingface.co/nvidia/NVIDIA-Nemotron-3.5-Lightning-30B-A3B-NVFP4/resolve/main/tokenizer_config.json "HTTP/1.1 307 Temporary Redirect"
2026-08-16 10:40:10.121 - httpx - INFO - HTTP Request: HEAD https://huggingface.co/nvidia/NVIDIA-Nemotron-3.5-Lightning-30B-A3B-NVFP4/resolve/main/tokenizer_config.json "HTTP/1.1 307 Temporary Redirect"
2026-08-16 10:40:10.127 - httpx - INFO - HTTP Request: HEAD https://huggingface.co/api/resolve-cache/models/nvidia/NVIDIA-Nemotron-3.5-Lightning-30B-A3B-NVFP4/6dbbd757ea75a8ece6e0702872e3ae53f9987728/tokenizer_config.json "HTTP/1.1 200 OK"
2026-08-16 10:40:10.127 - httpx - INFO - HTTP Request: HEAD https://huggingface.co/api/resolve-cache/models/nvidia/NVIDIA-Nemotron-3.5-Lightning-30B-A3B-NVFP4/6dbbd757ea75a8ece6e0702872e3ae53f9987728/tokenizer_config.json "HTTP/1.1 200 OK"
2026-08-16 10:40:10.130 - httpx - INFO - HTTP Request: HEAD https://huggingface.co/api/resolve-cache/models/nvidia/NVIDIA-Nemotron-3.5-Lightning-30B-A3B-NVFP4/6dbbd757ea75a8ece6e0702872e3ae53f9987728/tokenizer_config.json "HTTP/1.1 200 OK"
2026-08-16 10:40:10.204 - httpx - INFO - HTTP Request: GET https://huggingface.co/api/models/nvidia/NVIDIA-Nemotron-3.5-Lightning-30B-A3B-NVFP4/tree/main/additional_chat_templates?recursive=false&expand=false "HTTP/1.1 404 Not Found"
2026-08-16 10:40:10.213 - httpx - INFO - HTTP Request: GET https://huggingface.co/api/models/nvidia/NVIDIA-Nemotron-3.5-Lightning-30B-A3B-NVFP4/tree/main/additional_chat_templates?recursive=false&expand=false "HTTP/1.1 404 Not Found"
2026-08-16 10:40:10.213 - httpx - INFO - HTTP Request: GET https://huggingface.co/api/models/nvidia/NVIDIA-Nemotron-3.5-Lightning-30B-A3B-NVFP4/tree/main/additional_chat_templates?recursive=false&expand=false "HTTP/1.1 404 Not Found"
2026-08-16 10:40:10.256 - httpx - INFO - HTTP Request: GET https://huggingface.co/api/models/nvidia/NVIDIA-Nemotron-3.5-Lightning-30B-A3B-NVFP4/tree/main/additional_chat_templates?recursive=false&expand=false "HTTP/1.1 404 Not Found"
2026-08-16 10:40:10.295 - httpx - INFO - HTTP Request: GET https://huggingface.co/api/models/nvidia/NVIDIA-Nemotron-3.5-Lightning-30B-A3B-NVFP4/tree/main?recursive=true&expand=false "HTTP/1.1 200 OK"
2026-08-16 10:40:10.329 - httpx - INFO - HTTP Request: GET https://huggingface.co/api/models/nvidia/NVIDIA-Nemotron-3.5-Lightning-30B-A3B-NVFP4/tree/main?recursive=true&expand=false "HTTP/1.1 200 OK"
2026-08-16 10:40:10.344 - httpx - INFO - HTTP Request: GET https://huggingface.co/api/models/nvidia/NVIDIA-Nemotron-3.5-Lightning-30B-A3B-NVFP4/tree/main?recursive=true&expand=false "HTTP/1.1 200 OK"
2026-08-16 10:40:10.419 - httpx - INFO - HTTP Request: GET https://huggingface.co/api/models/nvidia/NVIDIA-Nemotron-3.5-Lightning-30B-A3B-NVFP4/tree/main?recursive=true&expand=false "HTTP/1.1 200 OK"
2026-08-16 10:40:11.276 - httpx - INFO - HTTP Request: GET https://huggingface.co/api/models/nvidia/NVIDIA-Nemotron-3.5-Lightning-30B-A3B-NVFP4 "HTTP/1.1 200 OK"
2026-08-16 10:40:11.306 - InferenceResultParser_14f5a5cb - INFO - Initialized tokenizers: {'nvidia/NVIDIA-Nemotron-3.5-Lightning-30B-A3B-NVFP4': {'class': 'TokenizersBackend', 'name_or_path': 'nvidia/NVIDIA-Nemotron-3.5-Lightning-30B-A3B-NVFP4'}} in 1.90 seconds
2026-08-16 10:40:11.386 - httpx - INFO - HTTP Request: GET https://huggingface.co/api/models/nvidia/NVIDIA-Nemotron-3.5-Lightning-30B-A3B-NVFP4 "HTTP/1.1 200 OK"
2026-08-16 10:40:11.388 - httpx - INFO - HTTP Request: GET https://huggingface.co/api/models/nvidia/NVIDIA-Nemotron-3.5-Lightning-30B-A3B-NVFP4 "HTTP/1.1 200 OK"
2026-08-16 10:40:11.415 - InferenceResultParser_ac40127e - INFO - Initialized tokenizers: {'nvidia/NVIDIA-Nemotron-3.5-Lightning-30B-A3B-NVFP4': {'class': 'TokenizersBackend', 'name_or_path': 'nvidia/NVIDIA-Nemotron-3.5-Lightning-30B-A3B-NVFP4'}} in 2.01 seconds
2026-08-16 10:40:11.417 - dataset_manager - INFO - Tokenizer(s) configured in 2.01 seconds
2026-08-16 10:40:11.417 - dataset_manager - INFO - Configuring dataset for dataset_manager
2026-08-16 10:40:11.509 - httpx - INFO - HTTP Request: GET https://huggingface.co/api/models/nvidia/NVIDIA-Nemotron-3.5-Lightning-30B-A3B-NVFP4 "HTTP/1.1 200 OK"
2026-08-16 10:40:11.536 - InferenceResultParser_39991877 - INFO - Initialized tokenizers: {'nvidia/NVIDIA-Nemotron-3.5-Lightning-30B-A3B-NVFP4': {'class': 'TokenizersBackend', 'name_or_path': 'nvidia/NVIDIA-Nemotron-3.5-Lightning-30B-A3B-NVFP4'}} in 2.13 seconds
2026-08-16 10:40:11.705 - CustomDatasetComposer - INFO - Using explicit dataset format: multi_turn
2026-08-16 10:40:11.788 - MemoryMapDatasetBackingStore_abdd4d7f - INFO - Memory-mapped backing store initialized (streaming to /tmp/aiperf_mmap_5c1fcd982fe3/dataset.dat)
2026-08-16 10:40:11.808 - MemoryMapDatasetBackingStore_abdd4d7f - INFO - Data file finalized: 500 conversations, 1.27 MB
2026-08-16 10:40:11.809 - MemoryMapDatasetBackingStore_abdd4d7f - INFO - Index file created: /tmp/aiperf_mmap_5c1fcd982fe3/index.dat
2026-08-16 10:40:11.811 - dataset_manager - INFO - Backing store finalized: client_type=DatasetClientStoreType.MEMORY_MAP format=MemoryMapFormat.CONVERSATION data_file_path=PosixPath('/tmp/aiperf_mmap_5c1fcd982fe3/dataset.dat') index_file_path=PosixPath('/tmp/aiperf_mmap_5c1fcd982fe3/index.dat') conversation_count=500 total_size_bytes=1331455 compressed=False compressed_data_file_path=None compressed_index_file_path=None compressed_size_bytes=0
2026-08-16 10:40:11.820 - dataset_manager - INFO - sampling strategy: sequential, unique conversations: 500, unique turn count: 1783
2026-08-16 10:40:11.854 - dataset_manager - INFO - Generating inputs.json file at /output/inputs.json
2026-08-16 10:40:11.866 - system_controller - WARNING - Received command response for service we were not expecting: worker_6c82bd3d. Ignoring.
2026-08-16 10:40:11.869 - system_controller - WARNING - Received command response for service we were not expecting: worker_9507ce49. Ignoring.
2026-08-16 10:40:11.869 - system_controller - WARNING - Received command response for service we were not expecting: worker_babedf6b. Ignoring.
2026-08-16 10:40:11.869 - system_controller - WARNING - Received command response for service we were not expecting: worker_fa75d604. Ignoring.
2026-08-16 10:40:11.869 - system_controller - WARNING - Received command response for service we were not expecting: worker_d9e8a866. Ignoring.
2026-08-16 10:40:11.876 - dataset_manager - INFO - inputs.json file generated in 0.02 seconds
2026-08-16 10:40:11.958 - PhaseOrchestrator_e2b602ee - INFO - Initialized 2 phase(s): ['Warmup', 'Profiling']
2026-08-16 10:40:12.236 - dataset_manager - INFO - Dataset client initialized and freed 500 conversations from memory
2026-08-16 10:40:12.236 - dataset_manager - INFO - Dataset configured in 0.82 seconds
2026-08-16 10:40:12.241 - system_controller - INFO - All services configured in 2.84 seconds
2026-08-16 10:40:12.242 - system_controller - INFO - AIPerf System is CONFIGURED
2026-08-16 10:40:12.283 - server_metrics_manager - INFO - Server Metrics: Started 1 collector(s) successfully
2026-08-16 10:40:12.302 - system_controller - INFO - All services started profiling successfully
2026-08-16 10:40:12.302 - system_controller - INFO - AIPerf System is PROFILING
2026-08-16 10:40:12.318 - RateTiming - INFO - Creating interval generator: pattern=concurrency_burst, rate=None, smoothness=None
2026-08-16 10:40:12.321 - PhaseRunner - NOTICE - Phase warmup (warmup) started | phase_index=0 | target: 3 requests
2026-08-16 10:40:12.330 - PhaseRunner - NOTICE - Phase warmup (warmup) sending complete | sent=3, completed=0, in_flight=3 | sessions: sent=3, completed=0
2026-08-16 10:40:12.332 - records_manager - INFO - Credit phase start: warmup
2026-08-16 10:40:17.316 - PhaseRunner - NOTICE - Phase warmup (warmup) complete | completed=3, cancelled=0, errors=0 | sessions: completed=0, cancelled=0 | elapsed=4.99s
2026-08-16 10:40:17.319 - RateTiming - INFO - Creating interval generator: pattern=concurrency_burst, rate=None, smoothness=None
2026-08-16 10:40:17.319 - PhaseRunner - NOTICE - Phase profiling (profiling) started | phase_index=1 | profiling_index=0 | target: 50 requests, 50 sessions
2026-08-16 10:40:17.321 - records_manager - INFO - Credit phase start: profiling
2026-08-16 10:40:17.324 - server_metrics_manager - INFO - Server Metrics: Warmup complete, capturing final warmup metrics...
2026-08-16 10:40:26.520 - aiperf.metrics.types.osl_mismatch_metrics - WARNING - OSL mismatch: got 17 tokens (requested 18, diff -5.6%)
2026-08-16 10:40:30.665 - PhaseRunner - NOTICE - Phase profiling (profiling) sending complete | sent=50, completed=34, in_flight=16 | sessions: sent=21, completed=5
2026-08-16 10:40:30.668 - records_manager - INFO - Sent 50 requests. Waiting for all to complete...
2026-08-16 10:40:39.578 - PhaseRunner - NOTICE - Phase profiling (profiling) complete | completed=50, cancelled=0, errors=0 | sessions: completed=9, cancelled=0 | elapsed=22.26s
2026-08-16 10:40:39.579 - PhaseOrchestrator_e2b602ee - NOTICE - All credits completed
2026-08-16 10:40:39.580 - system_controller - INFO - Received credits complete from 'timing_manager'
2026-08-16 10:40:39.580 - records_manager - INFO - Received CREDIT_PHASE_COMPLETE message, Phase complete: PhaseRecordsStats(phase=CreditPhase.PROFILING, phase_index=1, profiling_index=0, phase_name='profiling', phase_kind='profiling', start_ns=1786876817319407478, sent_end_ns=1786876830665771561, requests_end_ns=1786876839578353052, baseline_start_ns=1786876817319390582, baseline_end_ns=1786876839578358204, total_expected_requests=50, expected_duration_sec=None, expected_num_sessions=None, expected_grace_period_sec=None, final_requests_sent=None, final_requests_completed=50, final_requests_cancelled=0, final_request_errors=0, final_sent_sessions=None, final_completed_sessions=None, final_cancelled_sessions=None, timeout_triggered=False, grace_period_timeout_triggered=False, was_cancelled=False, records_end_ns=None, success_records=49, error_records=0)
2026-08-16 10:40:39.580 - records_manager - NOTICE - All requests have completed, please wait for the results to be processed (currently 49 of 50 records processed)...
2026-08-16 10:40:39.581 - records_manager - INFO - All credits complete, please wait for the results to be processed...
2026-08-16 10:40:39.594 - records_manager - INFO - Processed 50 valid requests and 0 errors (50 total).
2026-08-16 10:40:39.594 - records_manager - INFO - Received all records, processing now...
2026-08-16 10:40:39.597 - server_metrics_manager - INFO - Server Metrics: Profiling complete, capturing final metrics...
2026-08-16 10:40:39.598 - records_manager - INFO - Waiting 2.0s for server metrics flush period...
2026-08-16 10:40:39.598 - gpu_telemetry_manager - INFO - GPU Telemetry: Profiling complete, capturing final metrics...
2026-08-16 10:40:41.580 - records_manager - INFO - Processing records results...
2026-08-16 10:40:41.817 - system_controller - INFO - Waiting for result domains: server_metrics, telemetry
2026-08-16 10:40:41.817 - system_controller - INFO - Waiting for result domains: server_metrics
2026-08-16 10:40:41.840 - records_manager - INFO - _finalize_and_process_results completed
2026-08-16 10:40:41.844 - system_controller - INFO - All results received, initiating shutdown
2026-08-16 10:40:42.461 - ExporterManager - INFO - Exporting all records
2026-08-16 10:40:42.644 - ExporterManager - INFO - Exporting console data
