2026-08-12 17:43:49.316 - aiperf.cli_runner._single_run - INFO - Starting AIPerf System
2026-08-12 17:43:49.812 - httpx - INFO - HTTP Request: GET https://huggingface.co/api/models/nvidia/NVIDIA-Nemotron-3.5-Lightning-30B-A3B-NVFP4 "HTTP/1.1 200 OK"
2026-08-12 17:43:49.821 - aiperf.config.resolution.resolvers - INFO - [OK] Tokenizer nvidia/NVIDIA-Nemotron-3.5-Lightning-30B-A3B-NVFP4 detected
2026-08-12 17:43:49.821 - aiperf.config.resolution.resolvers - INFO - 1 tokenizer validated | 0.5s
2026-08-12 17:43:49.821 - aiperf.config.resolution.resolvers - INFO - Prefetching 1 tokenizer into HF cache...
2026-08-12 17:43:50.873 - httpx - INFO - HTTP Request: HEAD https://huggingface.co/nvidia/NVIDIA-Nemotron-3.5-Lightning-30B-A3B-NVFP4/resolve/main/config.json "HTTP/1.1 307 Temporary Redirect"
2026-08-12 17:43:50.885 - httpx - INFO - HTTP Request: HEAD https://huggingface.co/api/resolve-cache/models/nvidia/NVIDIA-Nemotron-3.5-Lightning-30B-A3B-NVFP4/29f2d1746d8f41e316523194b19018707749b1b1/config.json "HTTP/1.1 200 OK"
2026-08-12 17:43:50.903 - httpx - INFO - HTTP Request: GET https://huggingface.co/api/resolve-cache/models/nvidia/NVIDIA-Nemotron-3.5-Lightning-30B-A3B-NVFP4/29f2d1746d8f41e316523194b19018707749b1b1/config.json "HTTP/1.1 200 OK"
2026-08-12 17:43:51.041 - httpx - INFO - HTTP Request: HEAD https://huggingface.co/nvidia/NVIDIA-Nemotron-3.5-Lightning-30B-A3B-NVFP4/resolve/main/tokenizer_config.json "HTTP/1.1 307 Temporary Redirect"
2026-08-12 17:43:51.041 - huggingface_hub.utils._http - WARNING - Warning: You are sending unauthenticated requests to the HF Hub. Please set a HF_TOKEN to enable higher rate limits and faster downloads.
2026-08-12 17:43:51.055 - httpx - INFO - HTTP Request: HEAD https://huggingface.co/api/resolve-cache/models/nvidia/NVIDIA-Nemotron-3.5-Lightning-30B-A3B-NVFP4/29f2d1746d8f41e316523194b19018707749b1b1/tokenizer_config.json "HTTP/1.1 200 OK"
2026-08-12 17:43:51.067 - httpx - INFO - HTTP Request: GET https://huggingface.co/api/resolve-cache/models/nvidia/NVIDIA-Nemotron-3.5-Lightning-30B-A3B-NVFP4/29f2d1746d8f41e316523194b19018707749b1b1/tokenizer_config.json "HTTP/1.1 200 OK"
2026-08-12 17:43:51.155 - httpx - INFO - HTTP Request: GET https://huggingface.co/api/models/nvidia/NVIDIA-Nemotron-3.5-Lightning-30B-A3B-NVFP4/tree/main/additional_chat_templates?recursive=false&expand=false "HTTP/1.1 404 Not Found"
2026-08-12 17:43:51.250 - httpx - INFO - HTTP Request: GET https://huggingface.co/api/models/nvidia/NVIDIA-Nemotron-3.5-Lightning-30B-A3B-NVFP4/tree/main?recursive=true&expand=false "HTTP/1.1 200 OK"
2026-08-12 17:43:51.338 - httpx - INFO - HTTP Request: HEAD https://huggingface.co/nvidia/NVIDIA-Nemotron-3.5-Lightning-30B-A3B-NVFP4/resolve/main/tokenizer.json "HTTP/1.1 302 Found"
2026-08-12 17:43:51.433 - httpx - INFO - HTTP Request: GET https://huggingface.co/api/models/nvidia/NVIDIA-Nemotron-3.5-Lightning-30B-A3B-NVFP4/xet-read-token/29f2d1746d8f41e316523194b19018707749b1b1 "HTTP/1.1 200 OK"
2026-08-12 17:43:52.315 - httpx - INFO - HTTP Request: HEAD https://huggingface.co/nvidia/NVIDIA-Nemotron-3.5-Lightning-30B-A3B-NVFP4/resolve/main/tokenizer.model "HTTP/1.1 404 Not Found"
2026-08-12 17:43:52.401 - httpx - INFO - HTTP Request: HEAD https://huggingface.co/nvidia/NVIDIA-Nemotron-3.5-Lightning-30B-A3B-NVFP4/resolve/main/added_tokens.json "HTTP/1.1 404 Not Found"
2026-08-12 17:43:52.486 - httpx - INFO - HTTP Request: HEAD https://huggingface.co/nvidia/NVIDIA-Nemotron-3.5-Lightning-30B-A3B-NVFP4/resolve/main/special_tokens_map.json "HTTP/1.1 307 Temporary Redirect"
2026-08-12 17:43:52.498 - httpx - INFO - HTTP Request: HEAD https://huggingface.co/api/resolve-cache/models/nvidia/NVIDIA-Nemotron-3.5-Lightning-30B-A3B-NVFP4/29f2d1746d8f41e316523194b19018707749b1b1/special_tokens_map.json "HTTP/1.1 200 OK"
2026-08-12 17:43:52.510 - httpx - INFO - HTTP Request: GET https://huggingface.co/api/resolve-cache/models/nvidia/NVIDIA-Nemotron-3.5-Lightning-30B-A3B-NVFP4/29f2d1746d8f41e316523194b19018707749b1b1/special_tokens_map.json "HTTP/1.1 200 OK"
2026-08-12 17:43:52.589 - httpx - INFO - HTTP Request: HEAD https://huggingface.co/nvidia/NVIDIA-Nemotron-3.5-Lightning-30B-A3B-NVFP4/resolve/main/chat_template.jinja "HTTP/1.1 307 Temporary Redirect"
2026-08-12 17:43:52.602 - httpx - INFO - HTTP Request: HEAD https://huggingface.co/api/resolve-cache/models/nvidia/NVIDIA-Nemotron-3.5-Lightning-30B-A3B-NVFP4/29f2d1746d8f41e316523194b19018707749b1b1/chat_template.jinja "HTTP/1.1 200 OK"
2026-08-12 17:43:52.615 - httpx - INFO - HTTP Request: GET https://huggingface.co/api/resolve-cache/models/nvidia/NVIDIA-Nemotron-3.5-Lightning-30B-A3B-NVFP4/29f2d1746d8f41e316523194b19018707749b1b1/chat_template.jinja "HTTP/1.1 200 OK"
2026-08-12 17:43:53.508 - httpx - INFO - HTTP Request: GET https://huggingface.co/api/models/nvidia/NVIDIA-Nemotron-3.5-Lightning-30B-A3B-NVFP4 "HTTP/1.1 200 OK"
2026-08-12 17:43:53.550 - aiperf.config.resolution.resolvers - INFO -   Cached nvidia/NVIDIA-Nemotron-3.5-Lightning-30B-A3B-NVFP4 (3.72s)
2026-08-12 17:43:53.603 - aiperf.config.resolution.resolvers - INFO - 1 tokenizer cached • 3.8s
2026-08-12 17:43:53.987 - system_controller - INFO - Registered Gpu Telemetry Manager (id: 'gpu_telemetry_manager')
2026-08-12 17:43:54.046 - server_metrics_manager - INFO - Server Metrics: Discovered 1 endpoints: ['http://localhost:8000/metrics']
2026-08-12 17:43:54.076 - system_controller - INFO - Registered Worker Manager (id: 'worker_manager')
2026-08-12 17:43:54.079 - GPUTelemetryJSONLWriter_208658c6 - INFO - GPU telemetry export enabled: /output/gpu_telemetry_export.jsonl
2026-08-12 17:43:54.090 - OTelMetricsResultsProcessor_0b0de111 - INFO - Telemetry streaming is disabled (set --otel-url and/or --mlflow-tracking-uri to enable)
2026-08-12 17:43:54.094 - RecordExportJSONLWriter_c1b9ed74 - INFO - Record metrics export enabled: /output/profile_export.jsonl
2026-08-12 17:43:54.103 - system_controller - INFO - Registered Dataset Manager (id: 'dataset_manager')
2026-08-12 17:43:54.160 - system_controller - INFO - Registered Server Metrics Manager (id: 'server_metrics_manager')
2026-08-12 17:43:54.202 - system_controller - INFO - Registered Records Manager (id: 'records_manager')
2026-08-12 17:43:54.245 - system_controller - INFO - Registered Record Processor (id: 'record_processor_ef9f0fcc')
2026-08-12 17:43:54.315 - system_controller - INFO - Registered Timing Manager (id: 'timing_manager')
2026-08-12 17:43:54.372 - system_controller - INFO - Registered Worker (id: 'worker_87b90656')
2026-08-12 17:43:54.463 - system_controller - INFO - AIPerf System is CONFIGURING
2026-08-12 17:43:54.463 - system_controller - INFO - Configuring all services to start profiling
2026-08-12 17:43:54.464 - timing_manager - INFO - Waiting for dataset to be configured before configuring timing
2026-08-12 17:43:54.464 - InferenceResultParser_47720aa3 - INFO - Configuring tokenizers for inference result parser (resolve_alias: True)
2026-08-12 17:43:54.465 - dataset_manager - INFO - Configuring tokenizer(s) for dataset manager
2026-08-12 17:43:54.480 - server_metrics_manager - INFO - Server Metrics: Capturing baseline metrics...
2026-08-12 17:43:54.494 - gpu_telemetry_manager - INFO - GPU Telemetry: Capturing baseline metrics from pynvml://localhost
2026-08-12 17:43:54.499 - http://localhost:8000/metrics - INFO - Skipping unsupported summary metric: http_request_size_bytes
2026-08-12 17:43:54.499 - http://localhost:8000/metrics - INFO - Skipping unsupported summary metric: http_response_size_bytes
2026-08-12 17:43:54.501 - system_controller - INFO - Server metrics enabled - 1/1 endpoint(s) reachable.
2026-08-12 17:43:54.501 - system_controller - INFO - Waiting for result domains: profile, server_metrics, telemetry
2026-08-12 17:43:54.505 - pynvml_collector - INFO - PyNVML initialized with 1 GPU(s) (0 with GPM support)
2026-08-12 17:43:54.519 - system_controller - INFO - DCGM telemetry enabled - 1/1 endpoint(s) reachable
2026-08-12 17:43:55.004 - httpx - INFO - HTTP Request: HEAD https://huggingface.co/nvidia/NVIDIA-Nemotron-3.5-Lightning-30B-A3B-NVFP4/resolve/main/config.json "HTTP/1.1 307 Temporary Redirect"
2026-08-12 17:43:55.005 - huggingface_hub.utils._http - WARNING - Warning: You are sending unauthenticated requests to the HF Hub. Please set a HF_TOKEN to enable higher rate limits and faster downloads.
2026-08-12 17:43:55.016 - httpx - INFO - HTTP Request: HEAD https://huggingface.co/api/resolve-cache/models/nvidia/NVIDIA-Nemotron-3.5-Lightning-30B-A3B-NVFP4/29f2d1746d8f41e316523194b19018707749b1b1/config.json "HTTP/1.1 200 OK"
2026-08-12 17:43:55.022 - httpx - INFO - HTTP Request: HEAD https://huggingface.co/nvidia/NVIDIA-Nemotron-3.5-Lightning-30B-A3B-NVFP4/resolve/main/config.json "HTTP/1.1 307 Temporary Redirect"
2026-08-12 17:43:55.036 - httpx - INFO - HTTP Request: HEAD https://huggingface.co/api/resolve-cache/models/nvidia/NVIDIA-Nemotron-3.5-Lightning-30B-A3B-NVFP4/29f2d1746d8f41e316523194b19018707749b1b1/config.json "HTTP/1.1 200 OK"
2026-08-12 17:43:55.148 - httpx - INFO - HTTP Request: HEAD https://huggingface.co/nvidia/NVIDIA-Nemotron-3.5-Lightning-30B-A3B-NVFP4/resolve/main/tokenizer_config.json "HTTP/1.1 307 Temporary Redirect"
2026-08-12 17:43:55.159 - httpx - INFO - HTTP Request: HEAD https://huggingface.co/api/resolve-cache/models/nvidia/NVIDIA-Nemotron-3.5-Lightning-30B-A3B-NVFP4/29f2d1746d8f41e316523194b19018707749b1b1/tokenizer_config.json "HTTP/1.1 200 OK"
2026-08-12 17:43:55.166 - httpx - INFO - HTTP Request: HEAD https://huggingface.co/nvidia/NVIDIA-Nemotron-3.5-Lightning-30B-A3B-NVFP4/resolve/main/tokenizer_config.json "HTTP/1.1 307 Temporary Redirect"
2026-08-12 17:43:55.179 - httpx - INFO - HTTP Request: HEAD https://huggingface.co/api/resolve-cache/models/nvidia/NVIDIA-Nemotron-3.5-Lightning-30B-A3B-NVFP4/29f2d1746d8f41e316523194b19018707749b1b1/tokenizer_config.json "HTTP/1.1 200 OK"
2026-08-12 17:43:55.240 - httpx - INFO - HTTP Request: GET https://huggingface.co/api/models/nvidia/NVIDIA-Nemotron-3.5-Lightning-30B-A3B-NVFP4/tree/main/additional_chat_templates?recursive=false&expand=false "HTTP/1.1 404 Not Found"
2026-08-12 17:43:55.263 - httpx - INFO - HTTP Request: GET https://huggingface.co/api/models/nvidia/NVIDIA-Nemotron-3.5-Lightning-30B-A3B-NVFP4/tree/main/additional_chat_templates?recursive=false&expand=false "HTTP/1.1 404 Not Found"
2026-08-12 17:43:55.330 - httpx - INFO - HTTP Request: GET https://huggingface.co/api/models/nvidia/NVIDIA-Nemotron-3.5-Lightning-30B-A3B-NVFP4/tree/main?recursive=true&expand=false "HTTP/1.1 200 OK"
2026-08-12 17:43:55.348 - httpx - INFO - HTTP Request: GET https://huggingface.co/api/models/nvidia/NVIDIA-Nemotron-3.5-Lightning-30B-A3B-NVFP4/tree/main?recursive=true&expand=false "HTTP/1.1 200 OK"
2026-08-12 17:43:56.282 - httpx - INFO - HTTP Request: GET https://huggingface.co/api/models/nvidia/NVIDIA-Nemotron-3.5-Lightning-30B-A3B-NVFP4 "HTTP/1.1 200 OK"
2026-08-12 17:43:56.287 - httpx - INFO - HTTP Request: GET https://huggingface.co/api/models/nvidia/NVIDIA-Nemotron-3.5-Lightning-30B-A3B-NVFP4 "HTTP/1.1 200 OK"
2026-08-12 17:43:56.305 - dataset_manager - INFO - Tokenizer(s) configured in 1.84 seconds
2026-08-12 17:43:56.305 - dataset_manager - INFO - Configuring dataset for dataset_manager
2026-08-12 17:43:56.309 - InferenceResultParser_47720aa3 - INFO - Initialized tokenizers: {'nvidia/NVIDIA-Nemotron-3.5-Lightning-30B-A3B-NVFP4': {'class': 'TokenizersBackend', 'name_or_path': 'nvidia/NVIDIA-Nemotron-3.5-Lightning-30B-A3B-NVFP4'}} in 1.84 seconds
2026-08-12 17:43:56.576 - CustomDatasetComposer - INFO - Using explicit dataset format: multi_turn
2026-08-12 17:43:56.639 - MemoryMapDatasetBackingStore_29f0333e - INFO - Memory-mapped backing store initialized (streaming to /tmp/aiperf_mmap_79be4ab24d06/dataset.dat)
2026-08-12 17:43:56.660 - MemoryMapDatasetBackingStore_29f0333e - INFO - Data file finalized: 500 conversations, 1.27 MB
2026-08-12 17:43:56.661 - MemoryMapDatasetBackingStore_29f0333e - INFO - Index file created: /tmp/aiperf_mmap_79be4ab24d06/index.dat
2026-08-12 17:43:56.661 - dataset_manager - INFO - Backing store finalized: client_type=DatasetClientStoreType.MEMORY_MAP format=MemoryMapFormat.CONVERSATION data_file_path=PosixPath('/tmp/aiperf_mmap_79be4ab24d06/dataset.dat') index_file_path=PosixPath('/tmp/aiperf_mmap_79be4ab24d06/index.dat') conversation_count=500 total_size_bytes=1332012 compressed=False compressed_data_file_path=None compressed_index_file_path=None compressed_size_bytes=0
2026-08-12 17:43:56.670 - dataset_manager - INFO - sampling strategy: sequential, unique conversations: 500, unique turn count: 1783
2026-08-12 17:43:56.675 - dataset_manager - INFO - Generating inputs.json file at /output/inputs.json
2026-08-12 17:43:56.683 - PhaseOrchestrator_7ce6c96c - INFO - Initialized 2 phase(s): ['Warmup', 'Profiling']
2026-08-12 17:43:56.691 - dataset_manager - INFO - inputs.json file generated in 0.02 seconds
2026-08-12 17:43:56.850 - dataset_manager - INFO - Dataset client initialized and freed 500 conversations from memory
2026-08-12 17:43:56.850 - dataset_manager - INFO - Dataset configured in 0.54 seconds
2026-08-12 17:43:56.851 - system_controller - INFO - All services configured in 2.39 seconds
2026-08-12 17:43:56.851 - system_controller - INFO - AIPerf System is CONFIGURED
2026-08-12 17:43:56.852 - server_metrics_manager - INFO - Server Metrics: Started 1 collector(s) successfully
2026-08-12 17:43:56.853 - system_controller - INFO - All services started profiling successfully
2026-08-12 17:43:56.853 - system_controller - INFO - AIPerf System is PROFILING
2026-08-12 17:43:56.857 - RateTiming - INFO - Creating interval generator: pattern=concurrency_burst, rate=None, smoothness=None
2026-08-12 17:43:56.858 - PhaseRunner - NOTICE - Phase warmup (warmup) started | phase_index=0 | target: 3 requests
2026-08-12 17:43:56.859 - records_manager - INFO - Credit phase start: warmup
2026-08-12 17:44:07.925 - PhaseRunner - NOTICE - Phase warmup (warmup) sending complete | sent=3, completed=2, in_flight=1 | sessions: sent=1, completed=0
2026-08-12 17:44:13.549 - PhaseRunner - NOTICE - Phase warmup (warmup) complete | completed=3, cancelled=0, errors=0 | sessions: completed=0, cancelled=0 | elapsed=16.69s
2026-08-12 17:44:13.551 - RateTiming - INFO - Creating interval generator: pattern=concurrency_burst, rate=None, smoothness=None
2026-08-12 17:44:13.551 - PhaseRunner - NOTICE - Phase profiling (profiling) started | phase_index=1 | profiling_index=0 | target: 50 requests, 50 sessions
2026-08-12 17:44:13.552 - records_manager - INFO - Credit phase start: profiling
2026-08-12 17:44:13.554 - server_metrics_manager - INFO - Server Metrics: Warmup complete, capturing final warmup metrics...
2026-08-12 17:48:54.895 - PhaseRunner - NOTICE - Phase profiling (profiling) sending complete | sent=50, completed=49, in_flight=1 | sessions: sent=13, completed=12
2026-08-12 17:48:54.906 - records_manager - INFO - Sent 50 requests. Waiting for all to complete...
2026-08-12 17:49:01.562 - PhaseRunner - NOTICE - Phase profiling (profiling) complete | completed=50, cancelled=0, errors=0 | sessions: completed=12, cancelled=0 | elapsed=288.01s
2026-08-12 17:49:01.566 - PhaseOrchestrator_7ce6c96c - NOTICE - All credits completed
2026-08-12 17:49:01.567 - records_manager - INFO - Received CREDIT_PHASE_COMPLETE message, Phase complete: PhaseRecordsStats(phase=CreditPhase.PROFILING, phase_index=1, profiling_index=0, phase_name='profiling', phase_kind='profiling', start_ns=1786556653551276004, sent_end_ns=1786556934891047764, requests_end_ns=1786556941558007589, baseline_start_ns=1786556653551263028, baseline_end_ns=1786556941558484035, total_expected_requests=50, expected_duration_sec=None, expected_num_sessions=None, expected_grace_period_sec=None, final_requests_sent=None, final_requests_completed=50, final_requests_cancelled=0, final_request_errors=0, final_sent_sessions=None, final_completed_sessions=None, final_cancelled_sessions=None, timeout_triggered=False, grace_period_timeout_triggered=False, was_cancelled=False, records_end_ns=None, success_records=49, error_records=0)
2026-08-12 17:49:01.568 - records_manager - NOTICE - All requests have completed, please wait for the results to be processed (currently 49 of 50 records processed)...
2026-08-12 17:49:01.570 - records_manager - INFO - Processed 50 valid requests and 0 errors (50 total).
2026-08-12 17:49:01.570 - records_manager - INFO - Received all records, processing now...
2026-08-12 17:49:01.575 - records_manager - INFO - All credits complete, please wait for the results to be processed...
2026-08-12 17:49:01.574 - system_controller - INFO - Received credits complete from 'timing_manager'
2026-08-12 17:49:01.586 - records_manager - INFO - Waiting 2.0s for server metrics flush period...
2026-08-12 17:49:01.582 - gpu_telemetry_manager - INFO - GPU Telemetry: Profiling complete, capturing final metrics...
2026-08-12 17:49:01.586 - server_metrics_manager - INFO - Server Metrics: Profiling complete, capturing final metrics...
2026-08-12 17:49:03.561 - records_manager - INFO - Processing records results...
2026-08-12 17:49:04.189 - system_controller - INFO - Waiting for result domains: server_metrics, telemetry
2026-08-12 17:49:04.191 - system_controller - INFO - Waiting for result domains: server_metrics
2026-08-12 17:49:04.399 - aiperf.server_metrics.export_stats - WARNING - Detected 1 counter reset(s) in counter metric with labels {'generation': '0'}. This typically indicates server restart(s) during profiling. Statistics may be inaccurate. Raw delta: 1.00
2026-08-12 17:49:04.418 - records_manager - INFO - _finalize_and_process_results completed
2026-08-12 17:49:04.423 - system_controller - INFO - All results received, initiating shutdown
2026-08-12 17:49:05.044 - ExporterManager - INFO - Exporting all records
2026-08-12 17:49:05.234 - ExporterManager - INFO - Exporting console data
