2026-08-16 10:00:59.539 - aiperf.cli_runner._single_run - INFO - Starting AIPerf System
2026-08-16 10:01:00.044 - httpx - INFO - HTTP Request: GET https://huggingface.co/api/models/nvidia/NVIDIA-Nemotron-3.5-Lightning-30B-A3B-NVFP4 "HTTP/1.1 200 OK"
2026-08-16 10:01:00.058 - aiperf.config.resolution.resolvers - INFO - [OK] Tokenizer nvidia/NVIDIA-Nemotron-3.5-Lightning-30B-A3B-NVFP4 detected
2026-08-16 10:01:00.058 - aiperf.config.resolution.resolvers - INFO - 1 tokenizer validated | 0.5s
2026-08-16 10:01:00.058 - aiperf.config.resolution.resolvers - INFO - Prefetching 1 tokenizer into HF cache...
2026-08-16 10:01:01.120 - httpx - INFO - HTTP Request: HEAD https://huggingface.co/nvidia/NVIDIA-Nemotron-3.5-Lightning-30B-A3B-NVFP4/resolve/main/config.json "HTTP/1.1 307 Temporary Redirect"
2026-08-16 10:01:01.129 - httpx - INFO - HTTP Request: HEAD https://huggingface.co/api/resolve-cache/models/nvidia/NVIDIA-Nemotron-3.5-Lightning-30B-A3B-NVFP4/6dbbd757ea75a8ece6e0702872e3ae53f9987728/config.json "HTTP/1.1 200 OK"
2026-08-16 10:01:01.141 - httpx - INFO - HTTP Request: GET https://huggingface.co/api/resolve-cache/models/nvidia/NVIDIA-Nemotron-3.5-Lightning-30B-A3B-NVFP4/6dbbd757ea75a8ece6e0702872e3ae53f9987728/config.json "HTTP/1.1 200 OK"
2026-08-16 10:01:01.284 - httpx - INFO - HTTP Request: HEAD https://huggingface.co/nvidia/NVIDIA-Nemotron-3.5-Lightning-30B-A3B-NVFP4/resolve/main/tokenizer_config.json "HTTP/1.1 307 Temporary Redirect"
2026-08-16 10:01:01.293 - httpx - INFO - HTTP Request: HEAD https://huggingface.co/api/resolve-cache/models/nvidia/NVIDIA-Nemotron-3.5-Lightning-30B-A3B-NVFP4/6dbbd757ea75a8ece6e0702872e3ae53f9987728/tokenizer_config.json "HTTP/1.1 200 OK"
2026-08-16 10:01:01.303 - httpx - INFO - HTTP Request: GET https://huggingface.co/api/resolve-cache/models/nvidia/NVIDIA-Nemotron-3.5-Lightning-30B-A3B-NVFP4/6dbbd757ea75a8ece6e0702872e3ae53f9987728/tokenizer_config.json "HTTP/1.1 200 OK"
2026-08-16 10:01:01.396 - httpx - INFO - HTTP Request: GET https://huggingface.co/api/models/nvidia/NVIDIA-Nemotron-3.5-Lightning-30B-A3B-NVFP4/tree/main/additional_chat_templates?recursive=false&expand=false "HTTP/1.1 404 Not Found"
2026-08-16 10:01:01.486 - httpx - INFO - HTTP Request: GET https://huggingface.co/api/models/nvidia/NVIDIA-Nemotron-3.5-Lightning-30B-A3B-NVFP4/tree/main?recursive=true&expand=false "HTTP/1.1 200 OK"
2026-08-16 10:01:01.570 - httpx - INFO - HTTP Request: HEAD https://huggingface.co/nvidia/NVIDIA-Nemotron-3.5-Lightning-30B-A3B-NVFP4/resolve/main/tokenizer.json "HTTP/1.1 302 Found"
2026-08-16 10:01:01.570 - huggingface_hub.utils._http - WARNING - Warning: You are sending unauthenticated requests to the HF Hub. Please set a HF_TOKEN to enable higher rate limits and faster downloads.
2026-08-16 10:01:01.670 - httpx - INFO - HTTP Request: GET https://huggingface.co/api/models/nvidia/NVIDIA-Nemotron-3.5-Lightning-30B-A3B-NVFP4/xet-read-token/6dbbd757ea75a8ece6e0702872e3ae53f9987728 "HTTP/1.1 200 OK"
2026-08-16 10:01:02.633 - httpx - INFO - HTTP Request: HEAD https://huggingface.co/nvidia/NVIDIA-Nemotron-3.5-Lightning-30B-A3B-NVFP4/resolve/main/tokenizer.model "HTTP/1.1 404 Not Found"
2026-08-16 10:01:02.723 - httpx - INFO - HTTP Request: HEAD https://huggingface.co/nvidia/NVIDIA-Nemotron-3.5-Lightning-30B-A3B-NVFP4/resolve/main/added_tokens.json "HTTP/1.1 404 Not Found"
2026-08-16 10:01:02.808 - httpx - INFO - HTTP Request: HEAD https://huggingface.co/nvidia/NVIDIA-Nemotron-3.5-Lightning-30B-A3B-NVFP4/resolve/main/special_tokens_map.json "HTTP/1.1 307 Temporary Redirect"
2026-08-16 10:01:02.821 - httpx - INFO - HTTP Request: HEAD https://huggingface.co/api/resolve-cache/models/nvidia/NVIDIA-Nemotron-3.5-Lightning-30B-A3B-NVFP4/6dbbd757ea75a8ece6e0702872e3ae53f9987728/special_tokens_map.json "HTTP/1.1 200 OK"
2026-08-16 10:01:02.830 - httpx - INFO - HTTP Request: GET https://huggingface.co/api/resolve-cache/models/nvidia/NVIDIA-Nemotron-3.5-Lightning-30B-A3B-NVFP4/6dbbd757ea75a8ece6e0702872e3ae53f9987728/special_tokens_map.json "HTTP/1.1 200 OK"
2026-08-16 10:01:02.913 - httpx - INFO - HTTP Request: HEAD https://huggingface.co/nvidia/NVIDIA-Nemotron-3.5-Lightning-30B-A3B-NVFP4/resolve/main/chat_template.jinja "HTTP/1.1 307 Temporary Redirect"
2026-08-16 10:01:02.924 - httpx - INFO - HTTP Request: HEAD https://huggingface.co/api/resolve-cache/models/nvidia/NVIDIA-Nemotron-3.5-Lightning-30B-A3B-NVFP4/6dbbd757ea75a8ece6e0702872e3ae53f9987728/chat_template.jinja "HTTP/1.1 200 OK"
2026-08-16 10:01:02.936 - httpx - INFO - HTTP Request: GET https://huggingface.co/api/resolve-cache/models/nvidia/NVIDIA-Nemotron-3.5-Lightning-30B-A3B-NVFP4/6dbbd757ea75a8ece6e0702872e3ae53f9987728/chat_template.jinja "HTTP/1.1 200 OK"
2026-08-16 10:01:03.830 - httpx - INFO - HTTP Request: GET https://huggingface.co/api/models/nvidia/NVIDIA-Nemotron-3.5-Lightning-30B-A3B-NVFP4 "HTTP/1.1 200 OK"
2026-08-16 10:01:03.872 - aiperf.config.resolution.resolvers - INFO -   Cached nvidia/NVIDIA-Nemotron-3.5-Lightning-30B-A3B-NVFP4 (3.80s)
2026-08-16 10:01:03.926 - aiperf.config.resolution.resolvers - INFO - 1 tokenizer cached • 3.9s
2026-08-16 10:01:04.345 - system_controller - INFO - Registered Gpu Telemetry Manager (id: 'gpu_telemetry_manager')
2026-08-16 10:01:04.395 - server_metrics_manager - INFO - Server Metrics: Discovered 1 endpoints: ['http://localhost:8000/metrics']
2026-08-16 10:01:04.423 - GPUTelemetryJSONLWriter_fc959004 - INFO - GPU telemetry export enabled: /output/gpu_telemetry_export.jsonl
2026-08-16 10:01:04.433 - system_controller - INFO - Registered Worker Manager (id: 'worker_manager')
2026-08-16 10:01:04.433 - OTelMetricsResultsProcessor_e0601bb4 - INFO - Telemetry streaming is disabled (set --otel-url and/or --mlflow-tracking-uri to enable)
2026-08-16 10:01:04.434 - RecordExportJSONLWriter_110e02b7 - INFO - Record metrics export enabled: /output/profile_export.jsonl
2026-08-16 10:01:04.538 - system_controller - INFO - Registered Dataset Manager (id: 'dataset_manager')
2026-08-16 10:01:04.539 - system_controller - INFO - Registered Server Metrics Manager (id: 'server_metrics_manager')
2026-08-16 10:01:04.571 - system_controller - INFO - Registered Records Manager (id: 'records_manager')
2026-08-16 10:01:04.661 - system_controller - INFO - Registered Timing Manager (id: 'timing_manager')
2026-08-16 10:01:04.718 - system_controller - INFO - Registered Record Processor (id: 'record_processor_8d2de9fa')
2026-08-16 10:01:04.718 - system_controller - INFO - Registered Record Processor (id: 'record_processor_c7a4f6b9')
2026-08-16 10:01:04.719 - system_controller - INFO - Registered Record Processor (id: 'record_processor_b9dc865a')
2026-08-16 10:01:04.779 - system_controller - INFO - Registered Worker (id: 'worker_81c9eaa9')
2026-08-16 10:01:04.788 - system_controller - INFO - Registered Worker (id: 'worker_a1047356')
2026-08-16 10:01:04.820 - system_controller - INFO - AIPerf System is CONFIGURING
2026-08-16 10:01:04.820 - system_controller - INFO - Configuring all services to start profiling
2026-08-16 10:01:04.827 - timing_manager - INFO - Waiting for dataset to be configured before configuring timing
2026-08-16 10:01:04.827 - InferenceResultParser_98ca2ca3 - INFO - Configuring tokenizers for inference result parser (resolve_alias: True)
2026-08-16 10:01:04.827 - InferenceResultParser_ce3bccf2 - INFO - Configuring tokenizers for inference result parser (resolve_alias: True)
2026-08-16 10:01:04.828 - dataset_manager - INFO - Configuring tokenizer(s) for dataset manager
2026-08-16 10:01:04.828 - InferenceResultParser_a95dcdcb - INFO - Configuring tokenizers for inference result parser (resolve_alias: True)
2026-08-16 10:01:04.838 - server_metrics_manager - INFO - Server Metrics: Capturing baseline metrics...
2026-08-16 10:01:04.848 - system_controller - INFO - Registered Worker (id: 'worker_cdad6455')
2026-08-16 10:01:04.857 - http://localhost:8000/metrics - INFO - Skipping unsupported summary metric: http_request_size_bytes
2026-08-16 10:01:04.857 - http://localhost:8000/metrics - INFO - Skipping unsupported summary metric: http_response_size_bytes
2026-08-16 10:01:04.859 - gpu_telemetry_manager - INFO - GPU Telemetry: Capturing baseline metrics from pynvml://localhost
2026-08-16 10:01:04.859 - system_controller - INFO - Server metrics enabled - 1/1 endpoint(s) reachable.
2026-08-16 10:01:04.859 - system_controller - INFO - Waiting for result domains: profile, server_metrics, telemetry
2026-08-16 10:01:04.873 - pynvml_collector - INFO - PyNVML initialized with 1 GPU(s) (0 with GPM support)
2026-08-16 10:01:04.877 - system_controller - INFO - Registered Worker (id: 'worker_e85f9002')
2026-08-16 10:01:04.889 - system_controller - INFO - DCGM telemetry enabled - 1/1 endpoint(s) reachable
2026-08-16 10:01:04.891 - system_controller - INFO - Registered Worker (id: 'worker_9e6b8ed1')
2026-08-16 10:01:04.892 - system_controller - INFO - Registered Worker (id: 'worker_2db65eca')
2026-08-16 10:01:04.914 - system_controller - INFO - Registered Worker (id: 'worker_0d1a25bf')
2026-08-16 10:01:04.916 - system_controller - INFO - Registered Worker (id: 'worker_9c1938fa')
2026-08-16 10:01:04.923 - system_controller - INFO - Registered Worker (id: 'worker_09c92aa1')
2026-08-16 10:01:04.937 - system_controller - INFO - Registered Worker (id: 'worker_f3fac14e')
2026-08-16 10:01:04.947 - system_controller - INFO - Registered Worker (id: 'worker_5bb35037')
2026-08-16 10:01:04.967 - system_controller - INFO - Registered Worker (id: 'worker_5663385f')
2026-08-16 10:01:04.983 - system_controller - INFO - Registered Worker (id: 'worker_7c4edee3')
2026-08-16 10:01:04.994 - system_controller - INFO - Registered Worker (id: 'worker_9d3b3711')
2026-08-16 10:01:05.356 - httpx - INFO - HTTP Request: HEAD https://huggingface.co/nvidia/NVIDIA-Nemotron-3.5-Lightning-30B-A3B-NVFP4/resolve/main/config.json "HTTP/1.1 307 Temporary Redirect"
2026-08-16 10:01:05.357 - huggingface_hub.utils._http - WARNING - Warning: You are sending unauthenticated requests to the HF Hub. Please set a HF_TOKEN to enable higher rate limits and faster downloads.
2026-08-16 10:01:05.367 - httpx - INFO - HTTP Request: HEAD https://huggingface.co/api/resolve-cache/models/nvidia/NVIDIA-Nemotron-3.5-Lightning-30B-A3B-NVFP4/6dbbd757ea75a8ece6e0702872e3ae53f9987728/config.json "HTTP/1.1 200 OK"
2026-08-16 10:01:05.374 - httpx - INFO - HTTP Request: HEAD https://huggingface.co/nvidia/NVIDIA-Nemotron-3.5-Lightning-30B-A3B-NVFP4/resolve/main/config.json "HTTP/1.1 307 Temporary Redirect"
2026-08-16 10:01:05.375 - huggingface_hub.utils._http - WARNING - Warning: You are sending unauthenticated requests to the HF Hub. Please set a HF_TOKEN to enable higher rate limits and faster downloads.
2026-08-16 10:01:05.376 - httpx - INFO - HTTP Request: HEAD https://huggingface.co/nvidia/NVIDIA-Nemotron-3.5-Lightning-30B-A3B-NVFP4/resolve/main/config.json "HTTP/1.1 307 Temporary Redirect"
2026-08-16 10:01:05.377 - huggingface_hub.utils._http - WARNING - Warning: You are sending unauthenticated requests to the HF Hub. Please set a HF_TOKEN to enable higher rate limits and faster downloads.
2026-08-16 10:01:05.385 - httpx - INFO - HTTP Request: HEAD https://huggingface.co/api/resolve-cache/models/nvidia/NVIDIA-Nemotron-3.5-Lightning-30B-A3B-NVFP4/6dbbd757ea75a8ece6e0702872e3ae53f9987728/config.json "HTTP/1.1 200 OK"
2026-08-16 10:01:05.386 - httpx - INFO - HTTP Request: HEAD https://huggingface.co/api/resolve-cache/models/nvidia/NVIDIA-Nemotron-3.5-Lightning-30B-A3B-NVFP4/6dbbd757ea75a8ece6e0702872e3ae53f9987728/config.json "HTTP/1.1 200 OK"
2026-08-16 10:01:05.390 - httpx - INFO - HTTP Request: HEAD https://huggingface.co/nvidia/NVIDIA-Nemotron-3.5-Lightning-30B-A3B-NVFP4/resolve/main/config.json "HTTP/1.1 307 Temporary Redirect"
2026-08-16 10:01:05.390 - huggingface_hub.utils._http - WARNING - Warning: You are sending unauthenticated requests to the HF Hub. Please set a HF_TOKEN to enable higher rate limits and faster downloads.
2026-08-16 10:01:05.400 - httpx - INFO - HTTP Request: HEAD https://huggingface.co/api/resolve-cache/models/nvidia/NVIDIA-Nemotron-3.5-Lightning-30B-A3B-NVFP4/6dbbd757ea75a8ece6e0702872e3ae53f9987728/config.json "HTTP/1.1 200 OK"
2026-08-16 10:01:05.509 - httpx - INFO - HTTP Request: HEAD https://huggingface.co/nvidia/NVIDIA-Nemotron-3.5-Lightning-30B-A3B-NVFP4/resolve/main/tokenizer_config.json "HTTP/1.1 307 Temporary Redirect"
2026-08-16 10:01:05.517 - httpx - INFO - HTTP Request: HEAD https://huggingface.co/nvidia/NVIDIA-Nemotron-3.5-Lightning-30B-A3B-NVFP4/resolve/main/tokenizer_config.json "HTTP/1.1 307 Temporary Redirect"
2026-08-16 10:01:05.521 - httpx - INFO - HTTP Request: HEAD https://huggingface.co/api/resolve-cache/models/nvidia/NVIDIA-Nemotron-3.5-Lightning-30B-A3B-NVFP4/6dbbd757ea75a8ece6e0702872e3ae53f9987728/tokenizer_config.json "HTTP/1.1 200 OK"
2026-08-16 10:01:05.521 - httpx - INFO - HTTP Request: HEAD https://huggingface.co/nvidia/NVIDIA-Nemotron-3.5-Lightning-30B-A3B-NVFP4/resolve/main/tokenizer_config.json "HTTP/1.1 307 Temporary Redirect"
2026-08-16 10:01:05.531 - httpx - INFO - HTTP Request: HEAD https://huggingface.co/api/resolve-cache/models/nvidia/NVIDIA-Nemotron-3.5-Lightning-30B-A3B-NVFP4/6dbbd757ea75a8ece6e0702872e3ae53f9987728/tokenizer_config.json "HTTP/1.1 200 OK"
2026-08-16 10:01:05.532 - httpx - INFO - HTTP Request: HEAD https://huggingface.co/api/resolve-cache/models/nvidia/NVIDIA-Nemotron-3.5-Lightning-30B-A3B-NVFP4/6dbbd757ea75a8ece6e0702872e3ae53f9987728/tokenizer_config.json "HTTP/1.1 200 OK"
2026-08-16 10:01:05.534 - httpx - INFO - HTTP Request: HEAD https://huggingface.co/nvidia/NVIDIA-Nemotron-3.5-Lightning-30B-A3B-NVFP4/resolve/main/tokenizer_config.json "HTTP/1.1 307 Temporary Redirect"
2026-08-16 10:01:05.559 - httpx - INFO - HTTP Request: HEAD https://huggingface.co/api/resolve-cache/models/nvidia/NVIDIA-Nemotron-3.5-Lightning-30B-A3B-NVFP4/6dbbd757ea75a8ece6e0702872e3ae53f9987728/tokenizer_config.json "HTTP/1.1 200 OK"
2026-08-16 10:01:05.601 - httpx - INFO - HTTP Request: GET https://huggingface.co/api/models/nvidia/NVIDIA-Nemotron-3.5-Lightning-30B-A3B-NVFP4/tree/main/additional_chat_templates?recursive=false&expand=false "HTTP/1.1 404 Not Found"
2026-08-16 10:01:05.630 - httpx - INFO - HTTP Request: GET https://huggingface.co/api/models/nvidia/NVIDIA-Nemotron-3.5-Lightning-30B-A3B-NVFP4/tree/main/additional_chat_templates?recursive=false&expand=false "HTTP/1.1 404 Not Found"
2026-08-16 10:01:05.632 - httpx - INFO - HTTP Request: GET https://huggingface.co/api/models/nvidia/NVIDIA-Nemotron-3.5-Lightning-30B-A3B-NVFP4/tree/main/additional_chat_templates?recursive=false&expand=false "HTTP/1.1 404 Not Found"
2026-08-16 10:01:05.643 - httpx - INFO - HTTP Request: GET https://huggingface.co/api/models/nvidia/NVIDIA-Nemotron-3.5-Lightning-30B-A3B-NVFP4/tree/main/additional_chat_templates?recursive=false&expand=false "HTTP/1.1 404 Not Found"
2026-08-16 10:01:05.690 - httpx - INFO - HTTP Request: GET https://huggingface.co/api/models/nvidia/NVIDIA-Nemotron-3.5-Lightning-30B-A3B-NVFP4/tree/main?recursive=true&expand=false "HTTP/1.1 200 OK"
2026-08-16 10:01:05.713 - httpx - INFO - HTTP Request: GET https://huggingface.co/api/models/nvidia/NVIDIA-Nemotron-3.5-Lightning-30B-A3B-NVFP4/tree/main?recursive=true&expand=false "HTTP/1.1 200 OK"
2026-08-16 10:01:05.716 - httpx - INFO - HTTP Request: GET https://huggingface.co/api/models/nvidia/NVIDIA-Nemotron-3.5-Lightning-30B-A3B-NVFP4/tree/main?recursive=true&expand=false "HTTP/1.1 200 OK"
2026-08-16 10:01:05.732 - httpx - INFO - HTTP Request: GET https://huggingface.co/api/models/nvidia/NVIDIA-Nemotron-3.5-Lightning-30B-A3B-NVFP4/tree/main?recursive=true&expand=false "HTTP/1.1 200 OK"
2026-08-16 10:01:06.840 - httpx - INFO - HTTP Request: GET https://huggingface.co/api/models/nvidia/NVIDIA-Nemotron-3.5-Lightning-30B-A3B-NVFP4 "HTTP/1.1 200 OK"
2026-08-16 10:01:06.866 - InferenceResultParser_ce3bccf2 - INFO - Initialized tokenizers: {'nvidia/NVIDIA-Nemotron-3.5-Lightning-30B-A3B-NVFP4': {'class': 'TokenizersBackend', 'name_or_path': 'nvidia/NVIDIA-Nemotron-3.5-Lightning-30B-A3B-NVFP4'}} in 2.04 seconds
2026-08-16 10:01:06.891 - httpx - INFO - HTTP Request: GET https://huggingface.co/api/models/nvidia/NVIDIA-Nemotron-3.5-Lightning-30B-A3B-NVFP4 "HTTP/1.1 200 OK"
2026-08-16 10:01:06.899 - httpx - INFO - HTTP Request: GET https://huggingface.co/api/models/nvidia/NVIDIA-Nemotron-3.5-Lightning-30B-A3B-NVFP4 "HTTP/1.1 200 OK"
2026-08-16 10:01:06.907 - httpx - INFO - HTTP Request: GET https://huggingface.co/api/models/nvidia/NVIDIA-Nemotron-3.5-Lightning-30B-A3B-NVFP4 "HTTP/1.1 200 OK"
2026-08-16 10:01:06.912 - InferenceResultParser_98ca2ca3 - INFO - Initialized tokenizers: {'nvidia/NVIDIA-Nemotron-3.5-Lightning-30B-A3B-NVFP4': {'class': 'TokenizersBackend', 'name_or_path': 'nvidia/NVIDIA-Nemotron-3.5-Lightning-30B-A3B-NVFP4'}} in 2.09 seconds
2026-08-16 10:01:06.925 - dataset_manager - INFO - Tokenizer(s) configured in 2.10 seconds
2026-08-16 10:01:06.925 - dataset_manager - INFO - Configuring dataset for dataset_manager
2026-08-16 10:01:06.930 - InferenceResultParser_a95dcdcb - INFO - Initialized tokenizers: {'nvidia/NVIDIA-Nemotron-3.5-Lightning-30B-A3B-NVFP4': {'class': 'TokenizersBackend', 'name_or_path': 'nvidia/NVIDIA-Nemotron-3.5-Lightning-30B-A3B-NVFP4'}} in 2.10 seconds
2026-08-16 10:01:07.160 - CustomDatasetComposer - INFO - Using explicit dataset format: multi_turn
2026-08-16 10:01:07.209 - MemoryMapDatasetBackingStore_bf351bcd - INFO - Memory-mapped backing store initialized (streaming to /tmp/aiperf_mmap_e70c7b4d62c5/dataset.dat)
2026-08-16 10:01:07.225 - MemoryMapDatasetBackingStore_bf351bcd - INFO - Data file finalized: 500 conversations, 1.26 MB
2026-08-16 10:01:07.226 - MemoryMapDatasetBackingStore_bf351bcd - INFO - Index file created: /tmp/aiperf_mmap_e70c7b4d62c5/index.dat
2026-08-16 10:01:07.226 - dataset_manager - INFO - Backing store finalized: client_type=DatasetClientStoreType.MEMORY_MAP format=MemoryMapFormat.CONVERSATION data_file_path=PosixPath('/tmp/aiperf_mmap_e70c7b4d62c5/dataset.dat') index_file_path=PosixPath('/tmp/aiperf_mmap_e70c7b4d62c5/index.dat') conversation_count=500 total_size_bytes=1323870 compressed=False compressed_data_file_path=None compressed_index_file_path=None compressed_size_bytes=0
2026-08-16 10:01:07.235 - dataset_manager - INFO - sampling strategy: sequential, unique conversations: 500, unique turn count: 1783
2026-08-16 10:01:07.240 - dataset_manager - INFO - Generating inputs.json file at /output/inputs.json
2026-08-16 10:01:07.247 - system_controller - WARNING - Received command response for service we were not expecting: worker_e85f9002. Ignoring.
2026-08-16 10:01:07.248 - system_controller - WARNING - Received command response for service we were not expecting: worker_0d1a25bf. Ignoring.
2026-08-16 10:01:07.253 - system_controller - WARNING - Received command response for service we were not expecting: worker_9e6b8ed1. Ignoring.
2026-08-16 10:01:07.253 - PhaseOrchestrator_e046a9fe - INFO - Initialized 2 phase(s): ['Warmup', 'Profiling']
2026-08-16 10:01:07.253 - system_controller - WARNING - Received command response for service we were not expecting: worker_2db65eca. Ignoring.
2026-08-16 10:01:07.261 - dataset_manager - INFO - inputs.json file generated in 0.02 seconds
2026-08-16 10:01:07.396 - dataset_manager - INFO - Dataset client initialized and freed 500 conversations from memory
2026-08-16 10:01:07.396 - dataset_manager - INFO - Dataset configured in 0.47 seconds
2026-08-16 10:01:07.398 - system_controller - INFO - All services configured in 2.58 seconds
2026-08-16 10:01:07.399 - system_controller - INFO - AIPerf System is CONFIGURED
2026-08-16 10:01:07.411 - server_metrics_manager - INFO - Server Metrics: Started 1 collector(s) successfully
2026-08-16 10:01:07.414 - system_controller - INFO - All services started profiling successfully
2026-08-16 10:01:07.415 - system_controller - INFO - AIPerf System is PROFILING
2026-08-16 10:01:07.415 - RateTiming - INFO - Creating interval generator: pattern=concurrency_burst, rate=None, smoothness=None
2026-08-16 10:01:07.416 - PhaseRunner - NOTICE - Phase warmup (warmup) started | phase_index=0 | target: 3 requests
2026-08-16 10:01:07.421 - PhaseRunner - NOTICE - Phase warmup (warmup) sending complete | sent=3, completed=0, in_flight=3 | sessions: sent=3, completed=0
2026-08-16 10:01:07.422 - records_manager - INFO - Credit phase start: warmup
2026-08-16 10:01:12.514 - PhaseRunner - NOTICE - Phase warmup (warmup) complete | completed=3, cancelled=0, errors=0 | sessions: completed=0, cancelled=0 | elapsed=5.10s
2026-08-16 10:01:12.516 - RateTiming - INFO - Creating interval generator: pattern=concurrency_burst, rate=None, smoothness=None
2026-08-16 10:01:12.516 - PhaseRunner - NOTICE - Phase profiling (profiling) started | phase_index=1 | profiling_index=0 | target: 50 requests, 50 sessions
2026-08-16 10:01:12.517 - server_metrics_manager - INFO - Server Metrics: Warmup complete, capturing final warmup metrics...
2026-08-16 10:01:12.517 - records_manager - INFO - Credit phase start: profiling
2026-08-16 10:01:19.727 - PhaseRunner - NOTICE - Phase profiling (profiling) sending complete | sent=50, completed=18, in_flight=32 | sessions: sent=37, completed=5
2026-08-16 10:01:19.729 - records_manager - INFO - Sent 50 requests. Waiting for all to complete...
2026-08-16 10:01:29.724 - aiperf.metrics.types.osl_mismatch_metrics - WARNING - OSL mismatch: got 312 tokens (requested 396, diff -21.2%)
2026-08-16 10:01:32.305 - PhaseRunner - NOTICE - Phase profiling (profiling) complete | completed=50, cancelled=0, errors=0 | sessions: completed=17, cancelled=0 | elapsed=19.79s
2026-08-16 10:01:32.306 - PhaseOrchestrator_e046a9fe - NOTICE - All credits completed
2026-08-16 10:01:32.308 - records_manager - INFO - Received CREDIT_PHASE_COMPLETE message, Phase complete: PhaseRecordsStats(phase=CreditPhase.PROFILING, phase_index=1, profiling_index=0, phase_name='profiling', phase_kind='profiling', start_ns=1786874472516808611, sent_end_ns=1786874479727771665, requests_end_ns=1786874492303103181, baseline_start_ns=1786874472516777075, baseline_end_ns=1786874492303117197, total_expected_requests=50, expected_duration_sec=None, expected_num_sessions=None, expected_grace_period_sec=None, final_requests_sent=None, final_requests_completed=50, final_requests_cancelled=0, final_request_errors=0, final_sent_sessions=None, final_completed_sessions=None, final_cancelled_sessions=None, timeout_triggered=False, grace_period_timeout_triggered=False, was_cancelled=False, records_end_ns=None, success_records=49, error_records=0)
2026-08-16 10:01:32.309 - records_manager - NOTICE - All requests have completed, please wait for the results to be processed (currently 49 of 50 records processed)...
2026-08-16 10:01:32.309 - system_controller - INFO - Received credits complete from 'timing_manager'
2026-08-16 10:01:32.310 - records_manager - INFO - All credits complete, please wait for the results to be processed...
2026-08-16 10:01:32.323 - records_manager - INFO - Processed 50 valid requests and 0 errors (50 total).
2026-08-16 10:01:32.323 - records_manager - INFO - Received all records, processing now...
2026-08-16 10:01:32.327 - server_metrics_manager - INFO - Server Metrics: Profiling complete, capturing final metrics...
2026-08-16 10:01:32.329 - records_manager - INFO - Waiting 2.0s for server metrics flush period...
2026-08-16 10:01:32.328 - gpu_telemetry_manager - INFO - GPU Telemetry: Profiling complete, capturing final metrics...
2026-08-16 10:01:34.304 - records_manager - INFO - Processing records results...
2026-08-16 10:01:34.502 - system_controller - INFO - Waiting for result domains: server_metrics, telemetry
2026-08-16 10:01:34.503 - system_controller - INFO - Waiting for result domains: server_metrics
2026-08-16 10:01:34.515 - records_manager - INFO - _finalize_and_process_results completed
2026-08-16 10:01:34.520 - system_controller - INFO - All results received, initiating shutdown
2026-08-16 10:01:35.135 - ExporterManager - INFO - Exporting all records
2026-08-16 10:01:35.279 - ExporterManager - INFO - Exporting console data
