2026-08-16 10:52:18.118 - aiperf.cli_runner._single_run - INFO - Starting AIPerf System
2026-08-16 10:52:18.572 - httpx - INFO - HTTP Request: GET https://huggingface.co/api/models/nvidia/NVIDIA-Nemotron-3.5-Lightning-30B-A3B-NVFP4 "HTTP/1.1 200 OK"
2026-08-16 10:52:18.587 - aiperf.config.resolution.resolvers - INFO - [OK] Tokenizer nvidia/NVIDIA-Nemotron-3.5-Lightning-30B-A3B-NVFP4 detected
2026-08-16 10:52:18.587 - aiperf.config.resolution.resolvers - INFO - 1 tokenizer validated | 0.5s
2026-08-16 10:52:18.587 - aiperf.config.resolution.resolvers - INFO - Prefetching 1 tokenizer into HF cache...
2026-08-16 10:52:19.679 - httpx - INFO - HTTP Request: HEAD https://huggingface.co/nvidia/NVIDIA-Nemotron-3.5-Lightning-30B-A3B-NVFP4/resolve/main/config.json "HTTP/1.1 307 Temporary Redirect"
2026-08-16 10:52:19.679 - huggingface_hub.utils._http - WARNING - Warning: You are sending unauthenticated requests to the HF Hub. Please set a HF_TOKEN to enable higher rate limits and faster downloads.
2026-08-16 10:52:19.690 - httpx - INFO - HTTP Request: HEAD https://huggingface.co/api/resolve-cache/models/nvidia/NVIDIA-Nemotron-3.5-Lightning-30B-A3B-NVFP4/6dbbd757ea75a8ece6e0702872e3ae53f9987728/config.json "HTTP/1.1 200 OK"
2026-08-16 10:52:19.705 - httpx - INFO - HTTP Request: GET https://huggingface.co/api/resolve-cache/models/nvidia/NVIDIA-Nemotron-3.5-Lightning-30B-A3B-NVFP4/6dbbd757ea75a8ece6e0702872e3ae53f9987728/config.json "HTTP/1.1 200 OK"
2026-08-16 10:52:19.845 - httpx - INFO - HTTP Request: HEAD https://huggingface.co/nvidia/NVIDIA-Nemotron-3.5-Lightning-30B-A3B-NVFP4/resolve/main/tokenizer_config.json "HTTP/1.1 307 Temporary Redirect"
2026-08-16 10:52:19.855 - httpx - INFO - HTTP Request: HEAD https://huggingface.co/api/resolve-cache/models/nvidia/NVIDIA-Nemotron-3.5-Lightning-30B-A3B-NVFP4/6dbbd757ea75a8ece6e0702872e3ae53f9987728/tokenizer_config.json "HTTP/1.1 200 OK"
2026-08-16 10:52:19.865 - httpx - INFO - HTTP Request: GET https://huggingface.co/api/resolve-cache/models/nvidia/NVIDIA-Nemotron-3.5-Lightning-30B-A3B-NVFP4/6dbbd757ea75a8ece6e0702872e3ae53f9987728/tokenizer_config.json "HTTP/1.1 200 OK"
2026-08-16 10:52:19.949 - httpx - INFO - HTTP Request: GET https://huggingface.co/api/models/nvidia/NVIDIA-Nemotron-3.5-Lightning-30B-A3B-NVFP4/tree/main/additional_chat_templates?recursive=false&expand=false "HTTP/1.1 404 Not Found"
2026-08-16 10:52:20.032 - httpx - INFO - HTTP Request: GET https://huggingface.co/api/models/nvidia/NVIDIA-Nemotron-3.5-Lightning-30B-A3B-NVFP4/tree/main?recursive=true&expand=false "HTTP/1.1 200 OK"
2026-08-16 10:52:20.121 - httpx - INFO - HTTP Request: HEAD https://huggingface.co/nvidia/NVIDIA-Nemotron-3.5-Lightning-30B-A3B-NVFP4/resolve/main/tokenizer.json "HTTP/1.1 302 Found"
2026-08-16 10:52:20.213 - httpx - INFO - HTTP Request: GET https://huggingface.co/api/models/nvidia/NVIDIA-Nemotron-3.5-Lightning-30B-A3B-NVFP4/xet-read-token/6dbbd757ea75a8ece6e0702872e3ae53f9987728 "HTTP/1.1 200 OK"
2026-08-16 10:52:20.981 - httpx - INFO - HTTP Request: HEAD https://huggingface.co/nvidia/NVIDIA-Nemotron-3.5-Lightning-30B-A3B-NVFP4/resolve/main/tokenizer.model "HTTP/1.1 404 Not Found"
2026-08-16 10:52:21.067 - httpx - INFO - HTTP Request: HEAD https://huggingface.co/nvidia/NVIDIA-Nemotron-3.5-Lightning-30B-A3B-NVFP4/resolve/main/added_tokens.json "HTTP/1.1 404 Not Found"
2026-08-16 10:52:21.148 - httpx - INFO - HTTP Request: HEAD https://huggingface.co/nvidia/NVIDIA-Nemotron-3.5-Lightning-30B-A3B-NVFP4/resolve/main/special_tokens_map.json "HTTP/1.1 307 Temporary Redirect"
2026-08-16 10:52:21.162 - httpx - INFO - HTTP Request: HEAD https://huggingface.co/api/resolve-cache/models/nvidia/NVIDIA-Nemotron-3.5-Lightning-30B-A3B-NVFP4/6dbbd757ea75a8ece6e0702872e3ae53f9987728/special_tokens_map.json "HTTP/1.1 200 OK"
2026-08-16 10:52:21.175 - httpx - INFO - HTTP Request: GET https://huggingface.co/api/resolve-cache/models/nvidia/NVIDIA-Nemotron-3.5-Lightning-30B-A3B-NVFP4/6dbbd757ea75a8ece6e0702872e3ae53f9987728/special_tokens_map.json "HTTP/1.1 200 OK"
2026-08-16 10:52:21.260 - httpx - INFO - HTTP Request: HEAD https://huggingface.co/nvidia/NVIDIA-Nemotron-3.5-Lightning-30B-A3B-NVFP4/resolve/main/chat_template.jinja "HTTP/1.1 307 Temporary Redirect"
2026-08-16 10:52:21.271 - httpx - INFO - HTTP Request: HEAD https://huggingface.co/api/resolve-cache/models/nvidia/NVIDIA-Nemotron-3.5-Lightning-30B-A3B-NVFP4/6dbbd757ea75a8ece6e0702872e3ae53f9987728/chat_template.jinja "HTTP/1.1 200 OK"
2026-08-16 10:52:21.285 - httpx - INFO - HTTP Request: GET https://huggingface.co/api/resolve-cache/models/nvidia/NVIDIA-Nemotron-3.5-Lightning-30B-A3B-NVFP4/6dbbd757ea75a8ece6e0702872e3ae53f9987728/chat_template.jinja "HTTP/1.1 200 OK"
2026-08-16 10:52:22.175 - httpx - INFO - HTTP Request: GET https://huggingface.co/api/models/nvidia/NVIDIA-Nemotron-3.5-Lightning-30B-A3B-NVFP4 "HTTP/1.1 200 OK"
2026-08-16 10:52:22.219 - aiperf.config.resolution.resolvers - INFO -   Cached nvidia/NVIDIA-Nemotron-3.5-Lightning-30B-A3B-NVFP4 (3.62s)
2026-08-16 10:52:22.252 - aiperf.config.resolution.resolvers - INFO - 1 tokenizer cached • 3.7s
2026-08-16 10:52:22.667 - server_metrics_manager - INFO - Server Metrics: Discovered 1 endpoints: ['http://localhost:8000/metrics']
2026-08-16 10:52:22.688 - GPUTelemetryJSONLWriter_8914ccab - INFO - GPU telemetry export enabled: /output/gpu_telemetry_export.jsonl
2026-08-16 10:52:22.698 - OTelMetricsResultsProcessor_30cd6de0 - INFO - Telemetry streaming is disabled (set --otel-url and/or --mlflow-tracking-uri to enable)
2026-08-16 10:52:22.701 - RecordExportJSONLWriter_9d5f50d5 - INFO - Record metrics export enabled: /output/profile_export.jsonl
2026-08-16 10:52:22.707 - system_controller - INFO - Registered Records Manager (id: 'records_manager')
2026-08-16 10:52:22.714 - system_controller - INFO - Registered Worker Manager (id: 'worker_manager')
2026-08-16 10:52:22.716 - system_controller - INFO - Registered Gpu Telemetry Manager (id: 'gpu_telemetry_manager')
2026-08-16 10:52:22.741 - system_controller - INFO - Registered Dataset Manager (id: 'dataset_manager')
2026-08-16 10:52:22.772 - system_controller - INFO - Registered Server Metrics Manager (id: 'server_metrics_manager')
2026-08-16 10:52:22.889 - system_controller - INFO - Registered Record Processor (id: 'record_processor_8de60fc4')
2026-08-16 10:52:22.950 - system_controller - INFO - Registered Timing Manager (id: 'timing_manager')
2026-08-16 10:52:23.034 - system_controller - INFO - Registered Worker (id: 'worker_8ec61e03')
2026-08-16 10:52:23.100 - system_controller - INFO - AIPerf System is CONFIGURING
2026-08-16 10:52:23.100 - system_controller - INFO - Configuring all services to start profiling
2026-08-16 10:52:23.101 - InferenceResultParser_a5b95444 - INFO - Configuring tokenizers for inference result parser (resolve_alias: True)
2026-08-16 10:52:23.101 - timing_manager - INFO - Waiting for dataset to be configured before configuring timing
2026-08-16 10:52:23.102 - dataset_manager - INFO - Configuring tokenizer(s) for dataset manager
2026-08-16 10:52:23.114 - server_metrics_manager - INFO - Server Metrics: Capturing baseline metrics...
2026-08-16 10:52:23.133 - http://localhost:8000/metrics - INFO - Skipping unsupported summary metric: http_request_size_bytes
2026-08-16 10:52:23.133 - http://localhost:8000/metrics - INFO - Skipping unsupported summary metric: http_response_size_bytes
2026-08-16 10:52:23.135 - gpu_telemetry_manager - INFO - GPU Telemetry: Capturing baseline metrics from pynvml://localhost
2026-08-16 10:52:23.135 - system_controller - INFO - Server metrics enabled - 1/1 endpoint(s) reachable.
2026-08-16 10:52:23.135 - system_controller - INFO - Waiting for result domains: profile, server_metrics, telemetry
2026-08-16 10:52:23.143 - pynvml_collector - INFO - PyNVML initialized with 1 GPU(s) (0 with GPM support)
2026-08-16 10:52:23.158 - system_controller - INFO - DCGM telemetry enabled - 1/1 endpoint(s) reachable
2026-08-16 10:52:23.633 - httpx - INFO - HTTP Request: HEAD https://huggingface.co/nvidia/NVIDIA-Nemotron-3.5-Lightning-30B-A3B-NVFP4/resolve/main/config.json "HTTP/1.1 307 Temporary Redirect"
2026-08-16 10:52:23.634 - huggingface_hub.utils._http - WARNING - Warning: You are sending unauthenticated requests to the HF Hub. Please set a HF_TOKEN to enable higher rate limits and faster downloads.
2026-08-16 10:52:23.645 - httpx - INFO - HTTP Request: HEAD https://huggingface.co/api/resolve-cache/models/nvidia/NVIDIA-Nemotron-3.5-Lightning-30B-A3B-NVFP4/6dbbd757ea75a8ece6e0702872e3ae53f9987728/config.json "HTTP/1.1 200 OK"
2026-08-16 10:52:23.650 - httpx - INFO - HTTP Request: HEAD https://huggingface.co/nvidia/NVIDIA-Nemotron-3.5-Lightning-30B-A3B-NVFP4/resolve/main/config.json "HTTP/1.1 307 Temporary Redirect"
2026-08-16 10:52:23.662 - httpx - INFO - HTTP Request: HEAD https://huggingface.co/api/resolve-cache/models/nvidia/NVIDIA-Nemotron-3.5-Lightning-30B-A3B-NVFP4/6dbbd757ea75a8ece6e0702872e3ae53f9987728/config.json "HTTP/1.1 200 OK"
2026-08-16 10:52:23.774 - httpx - INFO - HTTP Request: HEAD https://huggingface.co/nvidia/NVIDIA-Nemotron-3.5-Lightning-30B-A3B-NVFP4/resolve/main/tokenizer_config.json "HTTP/1.1 307 Temporary Redirect"
2026-08-16 10:52:23.787 - httpx - INFO - HTTP Request: HEAD https://huggingface.co/api/resolve-cache/models/nvidia/NVIDIA-Nemotron-3.5-Lightning-30B-A3B-NVFP4/6dbbd757ea75a8ece6e0702872e3ae53f9987728/tokenizer_config.json "HTTP/1.1 200 OK"
2026-08-16 10:52:23.796 - httpx - INFO - HTTP Request: HEAD https://huggingface.co/nvidia/NVIDIA-Nemotron-3.5-Lightning-30B-A3B-NVFP4/resolve/main/tokenizer_config.json "HTTP/1.1 307 Temporary Redirect"
2026-08-16 10:52:23.797 - huggingface_hub.utils._http - WARNING - Warning: You are sending unauthenticated requests to the HF Hub. Please set a HF_TOKEN to enable higher rate limits and faster downloads.
2026-08-16 10:52:23.806 - httpx - INFO - HTTP Request: HEAD https://huggingface.co/api/resolve-cache/models/nvidia/NVIDIA-Nemotron-3.5-Lightning-30B-A3B-NVFP4/6dbbd757ea75a8ece6e0702872e3ae53f9987728/tokenizer_config.json "HTTP/1.1 200 OK"
2026-08-16 10:52:23.875 - httpx - INFO - HTTP Request: GET https://huggingface.co/api/models/nvidia/NVIDIA-Nemotron-3.5-Lightning-30B-A3B-NVFP4/tree/main/additional_chat_templates?recursive=false&expand=false "HTTP/1.1 404 Not Found"
2026-08-16 10:52:23.890 - httpx - INFO - HTTP Request: GET https://huggingface.co/api/models/nvidia/NVIDIA-Nemotron-3.5-Lightning-30B-A3B-NVFP4/tree/main/additional_chat_templates?recursive=false&expand=false "HTTP/1.1 404 Not Found"
2026-08-16 10:52:23.965 - httpx - INFO - HTTP Request: GET https://huggingface.co/api/models/nvidia/NVIDIA-Nemotron-3.5-Lightning-30B-A3B-NVFP4/tree/main?recursive=true&expand=false "HTTP/1.1 200 OK"
2026-08-16 10:52:23.975 - httpx - INFO - HTTP Request: GET https://huggingface.co/api/models/nvidia/NVIDIA-Nemotron-3.5-Lightning-30B-A3B-NVFP4/tree/main?recursive=true&expand=false "HTTP/1.1 200 OK"
2026-08-16 10:52:24.949 - httpx - INFO - HTTP Request: GET https://huggingface.co/api/models/nvidia/NVIDIA-Nemotron-3.5-Lightning-30B-A3B-NVFP4 "HTTP/1.1 200 OK"
2026-08-16 10:52:24.952 - httpx - INFO - HTTP Request: GET https://huggingface.co/api/models/nvidia/NVIDIA-Nemotron-3.5-Lightning-30B-A3B-NVFP4 "HTTP/1.1 200 OK"
2026-08-16 10:52:24.979 - dataset_manager - INFO - Tokenizer(s) configured in 1.88 seconds
2026-08-16 10:52:24.979 - dataset_manager - INFO - Configuring dataset for dataset_manager
2026-08-16 10:52:24.980 - InferenceResultParser_a5b95444 - INFO - Initialized tokenizers: {'nvidia/NVIDIA-Nemotron-3.5-Lightning-30B-A3B-NVFP4': {'class': 'TokenizersBackend', 'name_or_path': 'nvidia/NVIDIA-Nemotron-3.5-Lightning-30B-A3B-NVFP4'}} in 1.88 seconds
2026-08-16 10:52:25.216 - CustomDatasetComposer - INFO - Using explicit dataset format: multi_turn
2026-08-16 10:52:25.281 - MemoryMapDatasetBackingStore_09d49aa3 - INFO - Memory-mapped backing store initialized (streaming to /tmp/aiperf_mmap_19c062cfe12f/dataset.dat)
2026-08-16 10:52:25.300 - MemoryMapDatasetBackingStore_09d49aa3 - INFO - Data file finalized: 500 conversations, 1.29 MB
2026-08-16 10:52:25.301 - MemoryMapDatasetBackingStore_09d49aa3 - INFO - Index file created: /tmp/aiperf_mmap_19c062cfe12f/index.dat
2026-08-16 10:52:25.301 - dataset_manager - INFO - Backing store finalized: client_type=DatasetClientStoreType.MEMORY_MAP format=MemoryMapFormat.CONVERSATION data_file_path=PosixPath('/tmp/aiperf_mmap_19c062cfe12f/dataset.dat') index_file_path=PosixPath('/tmp/aiperf_mmap_19c062cfe12f/index.dat') conversation_count=500 total_size_bytes=1353406 compressed=False compressed_data_file_path=None compressed_index_file_path=None compressed_size_bytes=0
2026-08-16 10:52:25.310 - dataset_manager - INFO - sampling strategy: sequential, unique conversations: 500, unique turn count: 1783
2026-08-16 10:52:25.314 - dataset_manager - INFO - Generating inputs.json file at /output/inputs.json
2026-08-16 10:52:25.325 - PhaseOrchestrator_cdfd3c3e - INFO - Initialized 2 phase(s): ['Warmup', 'Profiling']
2026-08-16 10:52:25.329 - dataset_manager - INFO - inputs.json file generated in 0.01 seconds
2026-08-16 10:52:25.446 - dataset_manager - INFO - Dataset client initialized and freed 500 conversations from memory
2026-08-16 10:52:25.446 - dataset_manager - INFO - Dataset configured in 0.47 seconds
2026-08-16 10:52:25.447 - system_controller - INFO - All services configured in 2.35 seconds
2026-08-16 10:52:25.447 - system_controller - INFO - AIPerf System is CONFIGURED
2026-08-16 10:52:25.448 - server_metrics_manager - INFO - Server Metrics: Started 1 collector(s) successfully
2026-08-16 10:52:25.449 - system_controller - INFO - All services started profiling successfully
2026-08-16 10:52:25.449 - system_controller - INFO - AIPerf System is PROFILING
2026-08-16 10:52:25.454 - RateTiming - INFO - Creating interval generator: pattern=concurrency_burst, rate=None, smoothness=None
2026-08-16 10:52:25.454 - PhaseRunner - NOTICE - Phase warmup (warmup) started | phase_index=0 | target: 3 requests
2026-08-16 10:52:25.456 - records_manager - INFO - Credit phase start: warmup
2026-08-16 10:52:29.677 - PhaseRunner - NOTICE - Phase warmup (warmup) sending complete | sent=3, completed=2, in_flight=1 | sessions: sent=1, completed=0
2026-08-16 10:52:32.922 - PhaseRunner - NOTICE - Phase warmup (warmup) complete | completed=3, cancelled=0, errors=0 | sessions: completed=0, cancelled=0 | elapsed=7.47s
2026-08-16 10:52:32.923 - server_metrics_manager - INFO - Server Metrics: Warmup complete, capturing final warmup metrics...
2026-08-16 10:52:32.923 - RateTiming - INFO - Creating interval generator: pattern=concurrency_burst, rate=None, smoothness=None
2026-08-16 10:52:32.923 - PhaseRunner - NOTICE - Phase profiling (profiling) started | phase_index=1 | profiling_index=0 | target: 50 requests, 50 sessions
2026-08-16 10:52:32.924 - records_manager - INFO - Credit phase start: profiling
2026-08-16 10:53:11.840 - aiperf.metrics.types.osl_mismatch_metrics - WARNING - OSL mismatch: got 272 tokens (requested 287, diff -5.2%)
2026-08-16 10:53:27.525 - aiperf.metrics.types.osl_mismatch_metrics - WARNING - OSL mismatch: got 511 tokens (requested 611, diff -16.4%)
2026-08-16 10:53:53.023 - aiperf.metrics.types.osl_mismatch_metrics - WARNING - OSL mismatch: got 507 tokens (requested 577, diff -12.1%)
2026-08-16 10:54:06.033 - PhaseRunner - NOTICE - Phase profiling (profiling) sending complete | sent=50, completed=49, in_flight=1 | sessions: sent=16, completed=15
2026-08-16 10:54:06.034 - records_manager - INFO - Sent 50 requests. Waiting for all to complete...
2026-08-16 10:54:06.728 - PhaseRunner - NOTICE - Phase profiling (profiling) complete | completed=50, cancelled=0, errors=0 | sessions: completed=16, cancelled=0 | elapsed=93.80s
2026-08-16 10:54:06.728 - PhaseOrchestrator_cdfd3c3e - NOTICE - All credits completed
2026-08-16 10:54:06.729 - system_controller - INFO - Received credits complete from 'timing_manager'
2026-08-16 10:54:06.729 - records_manager - INFO - Received CREDIT_PHASE_COMPLETE message, Phase complete: PhaseRecordsStats(phase=CreditPhase.PROFILING, phase_index=1, profiling_index=0, phase_name='profiling', phase_kind='profiling', start_ns=1786877552923669451, sent_end_ns=1786877646033485928, requests_end_ns=1786877646728456582, baseline_start_ns=1786877552923663611, baseline_end_ns=1786877646728466054, total_expected_requests=50, expected_duration_sec=None, expected_num_sessions=None, expected_grace_period_sec=None, final_requests_sent=None, final_requests_completed=50, final_requests_cancelled=0, final_request_errors=0, final_sent_sessions=None, final_completed_sessions=None, final_cancelled_sessions=None, timeout_triggered=False, grace_period_timeout_triggered=False, was_cancelled=False, records_end_ns=None, success_records=49, error_records=0)
2026-08-16 10:54:06.729 - records_manager - NOTICE - All requests have completed, please wait for the results to be processed (currently 49 of 50 records processed)...
2026-08-16 10:54:06.729 - records_manager - INFO - All credits complete, please wait for the results to be processed...
2026-08-16 10:54:06.732 - records_manager - INFO - Processed 50 valid requests and 0 errors (50 total).
2026-08-16 10:54:06.732 - records_manager - INFO - Received all records, processing now...
2026-08-16 10:54:06.733 - gpu_telemetry_manager - INFO - GPU Telemetry: Profiling complete, capturing final metrics...
2026-08-16 10:54:06.734 - records_manager - INFO - Waiting 2.0s for server metrics flush period...
2026-08-16 10:54:06.745 - server_metrics_manager - INFO - Server Metrics: Profiling complete, capturing final metrics...
2026-08-16 10:54:08.729 - records_manager - INFO - Processing records results...
2026-08-16 10:54:08.973 - system_controller - INFO - Waiting for result domains: server_metrics, telemetry
2026-08-16 10:54:08.973 - system_controller - INFO - Waiting for result domains: server_metrics
2026-08-16 10:54:09.058 - records_manager - INFO - _finalize_and_process_results completed
2026-08-16 10:54:09.059 - system_controller - INFO - All results received, initiating shutdown
2026-08-16 10:54:09.663 - ExporterManager - INFO - Exporting all records
2026-08-16 10:54:09.712 - ExporterManager - INFO - Exporting console data
