2026-08-12 00:19:52.105 - aiperf.cli_runner._single_run - INFO - Starting AIPerf System
2026-08-12 00:19:52.616 - httpx - INFO - HTTP Request: GET https://huggingface.co/api/models/nvidia/NVIDIA-Nemotron-3.5-Lightning-30B-A3B-NVFP4 "HTTP/1.1 200 OK"
2026-08-12 00:19:52.622 - aiperf.config.resolution.resolvers - INFO - [OK] Tokenizer nvidia/NVIDIA-Nemotron-3.5-Lightning-30B-A3B-NVFP4 detected
2026-08-12 00:19:52.622 - aiperf.config.resolution.resolvers - INFO - 1 tokenizer validated | 0.5s
2026-08-12 00:19:52.622 - aiperf.config.resolution.resolvers - INFO - Prefetching 1 tokenizer into HF cache...
2026-08-12 00:19:53.702 - httpx - INFO - HTTP Request: HEAD https://huggingface.co/nvidia/NVIDIA-Nemotron-3.5-Lightning-30B-A3B-NVFP4/resolve/main/config.json "HTTP/1.1 307 Temporary Redirect"
2026-08-12 00:19:53.713 - httpx - INFO - HTTP Request: HEAD https://huggingface.co/api/resolve-cache/models/nvidia/NVIDIA-Nemotron-3.5-Lightning-30B-A3B-NVFP4/b14872a58afd94e2fbbc1e5a1fe4ebb7dfdc5fdd/config.json "HTTP/1.1 200 OK"
2026-08-12 00:19:53.732 - httpx - INFO - HTTP Request: GET https://huggingface.co/api/resolve-cache/models/nvidia/NVIDIA-Nemotron-3.5-Lightning-30B-A3B-NVFP4/b14872a58afd94e2fbbc1e5a1fe4ebb7dfdc5fdd/config.json "HTTP/1.1 200 OK"
2026-08-12 00:19:53.878 - httpx - INFO - HTTP Request: HEAD https://huggingface.co/nvidia/NVIDIA-Nemotron-3.5-Lightning-30B-A3B-NVFP4/resolve/main/tokenizer_config.json "HTTP/1.1 307 Temporary Redirect"
2026-08-12 00:19:53.878 - huggingface_hub.utils._http - WARNING - Warning: You are sending unauthenticated requests to the HF Hub. Please set a HF_TOKEN to enable higher rate limits and faster downloads.
2026-08-12 00:19:53.893 - httpx - INFO - HTTP Request: HEAD https://huggingface.co/api/resolve-cache/models/nvidia/NVIDIA-Nemotron-3.5-Lightning-30B-A3B-NVFP4/b14872a58afd94e2fbbc1e5a1fe4ebb7dfdc5fdd/tokenizer_config.json "HTTP/1.1 200 OK"
2026-08-12 00:19:53.905 - httpx - INFO - HTTP Request: GET https://huggingface.co/api/resolve-cache/models/nvidia/NVIDIA-Nemotron-3.5-Lightning-30B-A3B-NVFP4/b14872a58afd94e2fbbc1e5a1fe4ebb7dfdc5fdd/tokenizer_config.json "HTTP/1.1 200 OK"
2026-08-12 00:19:53.997 - httpx - INFO - HTTP Request: GET https://huggingface.co/api/models/nvidia/NVIDIA-Nemotron-3.5-Lightning-30B-A3B-NVFP4/tree/main/additional_chat_templates?recursive=false&expand=false "HTTP/1.1 404 Not Found"
2026-08-12 00:19:54.095 - httpx - INFO - HTTP Request: GET https://huggingface.co/api/models/nvidia/NVIDIA-Nemotron-3.5-Lightning-30B-A3B-NVFP4/tree/main?recursive=true&expand=false "HTTP/1.1 200 OK"
2026-08-12 00:19:54.185 - httpx - INFO - HTTP Request: HEAD https://huggingface.co/nvidia/NVIDIA-Nemotron-3.5-Lightning-30B-A3B-NVFP4/resolve/main/tokenizer.json "HTTP/1.1 302 Found"
2026-08-12 00:19:54.282 - httpx - INFO - HTTP Request: GET https://huggingface.co/api/models/nvidia/NVIDIA-Nemotron-3.5-Lightning-30B-A3B-NVFP4/xet-read-token/b14872a58afd94e2fbbc1e5a1fe4ebb7dfdc5fdd "HTTP/1.1 200 OK"
2026-08-12 00:19:55.197 - httpx - INFO - HTTP Request: HEAD https://huggingface.co/nvidia/NVIDIA-Nemotron-3.5-Lightning-30B-A3B-NVFP4/resolve/main/tokenizer.model "HTTP/1.1 404 Not Found"
2026-08-12 00:19:55.293 - httpx - INFO - HTTP Request: HEAD https://huggingface.co/nvidia/NVIDIA-Nemotron-3.5-Lightning-30B-A3B-NVFP4/resolve/main/added_tokens.json "HTTP/1.1 404 Not Found"
2026-08-12 00:19:55.381 - httpx - INFO - HTTP Request: HEAD https://huggingface.co/nvidia/NVIDIA-Nemotron-3.5-Lightning-30B-A3B-NVFP4/resolve/main/special_tokens_map.json "HTTP/1.1 307 Temporary Redirect"
2026-08-12 00:19:55.397 - httpx - INFO - HTTP Request: HEAD https://huggingface.co/api/resolve-cache/models/nvidia/NVIDIA-Nemotron-3.5-Lightning-30B-A3B-NVFP4/b14872a58afd94e2fbbc1e5a1fe4ebb7dfdc5fdd/special_tokens_map.json "HTTP/1.1 200 OK"
2026-08-12 00:19:55.411 - httpx - INFO - HTTP Request: GET https://huggingface.co/api/resolve-cache/models/nvidia/NVIDIA-Nemotron-3.5-Lightning-30B-A3B-NVFP4/b14872a58afd94e2fbbc1e5a1fe4ebb7dfdc5fdd/special_tokens_map.json "HTTP/1.1 200 OK"
2026-08-12 00:19:55.499 - httpx - INFO - HTTP Request: HEAD https://huggingface.co/nvidia/NVIDIA-Nemotron-3.5-Lightning-30B-A3B-NVFP4/resolve/main/chat_template.jinja "HTTP/1.1 307 Temporary Redirect"
2026-08-12 00:19:55.519 - httpx - INFO - HTTP Request: HEAD https://huggingface.co/api/resolve-cache/models/nvidia/NVIDIA-Nemotron-3.5-Lightning-30B-A3B-NVFP4/b14872a58afd94e2fbbc1e5a1fe4ebb7dfdc5fdd/chat_template.jinja "HTTP/1.1 200 OK"
2026-08-12 00:19:55.533 - httpx - INFO - HTTP Request: GET https://huggingface.co/api/resolve-cache/models/nvidia/NVIDIA-Nemotron-3.5-Lightning-30B-A3B-NVFP4/b14872a58afd94e2fbbc1e5a1fe4ebb7dfdc5fdd/chat_template.jinja "HTTP/1.1 200 OK"
2026-08-12 00:19:56.353 - httpx - INFO - HTTP Request: GET https://huggingface.co/api/models/nvidia/NVIDIA-Nemotron-3.5-Lightning-30B-A3B-NVFP4 "HTTP/1.1 200 OK"
2026-08-12 00:19:56.388 - aiperf.config.resolution.resolvers - INFO -   Cached nvidia/NVIDIA-Nemotron-3.5-Lightning-30B-A3B-NVFP4 (3.75s)
2026-08-12 00:19:56.438 - aiperf.config.resolution.resolvers - INFO - 1 tokenizer cached • 3.8s
2026-08-12 00:19:56.842 - server_metrics_manager - INFO - Server Metrics: Discovered 1 endpoints: ['http://localhost:8000/metrics']
2026-08-12 00:19:56.900 - GPUTelemetryJSONLWriter_6a264403 - INFO - GPU telemetry export enabled: /output/gpu_telemetry_export.jsonl
2026-08-12 00:19:56.904 - system_controller - INFO - Registered Worker Manager (id: 'worker_manager')
2026-08-12 00:19:56.910 - OTelMetricsResultsProcessor_c4bb1b9a - INFO - Telemetry streaming is disabled (set --otel-url and/or --mlflow-tracking-uri to enable)
2026-08-12 00:19:56.912 - RecordExportJSONLWriter_3ed08c1d - INFO - Record metrics export enabled: /output/profile_export.jsonl
2026-08-12 00:19:56.948 - system_controller - INFO - Registered Gpu Telemetry Manager (id: 'gpu_telemetry_manager')
2026-08-12 00:19:56.949 - system_controller - INFO - Registered Dataset Manager (id: 'dataset_manager')
2026-08-12 00:19:56.949 - system_controller - INFO - Registered Server Metrics Manager (id: 'server_metrics_manager')
2026-08-12 00:19:57.022 - system_controller - INFO - Registered Records Manager (id: 'records_manager')
2026-08-12 00:19:57.094 - system_controller - INFO - Registered Record Processor (id: 'record_processor_32e56908')
2026-08-12 00:19:57.097 - system_controller - INFO - Registered Record Processor (id: 'record_processor_0668c395')
2026-08-12 00:19:57.134 - system_controller - INFO - Registered Timing Manager (id: 'timing_manager')
2026-08-12 00:19:57.195 - system_controller - INFO - Registered Worker (id: 'worker_2ce14076')
2026-08-12 00:19:57.287 - system_controller - INFO - Registered Worker (id: 'worker_6c643948')
2026-08-12 00:19:57.288 - system_controller - INFO - AIPerf System is CONFIGURING
2026-08-12 00:19:57.288 - system_controller - INFO - Configuring all services to start profiling
2026-08-12 00:19:57.289 - system_controller - INFO - Registered Worker (id: 'worker_5c1cc12e')
2026-08-12 00:19:57.289 - system_controller - INFO - Registered Worker (id: 'worker_9cce7b44')
2026-08-12 00:19:57.289 - InferenceResultParser_947bc3b5 - INFO - Configuring tokenizers for inference result parser (resolve_alias: True)
2026-08-12 00:19:57.289 - timing_manager - INFO - Waiting for dataset to be configured before configuring timing
2026-08-12 00:19:57.289 - InferenceResultParser_8b985b2a - INFO - Configuring tokenizers for inference result parser (resolve_alias: True)
2026-08-12 00:19:57.290 - dataset_manager - INFO - Configuring tokenizer(s) for dataset manager
2026-08-12 00:19:57.294 - system_controller - INFO - Registered Worker (id: 'worker_359fa48a')
2026-08-12 00:19:57.294 - system_controller - INFO - Registered Worker (id: 'worker_e78f30ce')
2026-08-12 00:19:57.298 - server_metrics_manager - INFO - Server Metrics: Capturing baseline metrics...
2026-08-12 00:19:57.307 - system_controller - INFO - Registered Worker (id: 'worker_ceb75475')
2026-08-12 00:19:57.308 - system_controller - INFO - Registered Worker (id: 'worker_a88cee88')
2026-08-12 00:19:57.308 - http://localhost:8000/metrics - INFO - Skipping unsupported summary metric: http_request_size_bytes
2026-08-12 00:19:57.308 - http://localhost:8000/metrics - INFO - Skipping unsupported summary metric: http_response_size_bytes
2026-08-12 00:19:57.309 - system_controller - INFO - Server metrics enabled - 1/1 endpoint(s) reachable.
2026-08-12 00:19:57.309 - system_controller - INFO - Waiting for result domains: profile, server_metrics, telemetry
2026-08-12 00:19:57.325 - gpu_telemetry_manager - INFO - GPU Telemetry: Capturing baseline metrics from pynvml://localhost
2026-08-12 00:19:57.333 - pynvml_collector - INFO - PyNVML initialized with 1 GPU(s) (0 with GPM support)
2026-08-12 00:19:57.348 - system_controller - INFO - DCGM telemetry enabled - 1/1 endpoint(s) reachable
2026-08-12 00:19:57.855 - httpx - INFO - HTTP Request: HEAD https://huggingface.co/nvidia/NVIDIA-Nemotron-3.5-Lightning-30B-A3B-NVFP4/resolve/main/config.json "HTTP/1.1 307 Temporary Redirect"
2026-08-12 00:19:57.855 - huggingface_hub.utils._http - WARNING - Warning: You are sending unauthenticated requests to the HF Hub. Please set a HF_TOKEN to enable higher rate limits and faster downloads.
2026-08-12 00:19:57.861 - httpx - INFO - HTTP Request: HEAD https://huggingface.co/nvidia/NVIDIA-Nemotron-3.5-Lightning-30B-A3B-NVFP4/resolve/main/config.json "HTTP/1.1 307 Temporary Redirect"
2026-08-12 00:19:57.861 - httpx - INFO - HTTP Request: HEAD https://huggingface.co/nvidia/NVIDIA-Nemotron-3.5-Lightning-30B-A3B-NVFP4/resolve/main/config.json "HTTP/1.1 307 Temporary Redirect"
2026-08-12 00:19:57.871 - httpx - INFO - HTTP Request: HEAD https://huggingface.co/api/resolve-cache/models/nvidia/NVIDIA-Nemotron-3.5-Lightning-30B-A3B-NVFP4/b14872a58afd94e2fbbc1e5a1fe4ebb7dfdc5fdd/config.json "HTTP/1.1 200 OK"
2026-08-12 00:19:57.873 - httpx - INFO - HTTP Request: HEAD https://huggingface.co/api/resolve-cache/models/nvidia/NVIDIA-Nemotron-3.5-Lightning-30B-A3B-NVFP4/b14872a58afd94e2fbbc1e5a1fe4ebb7dfdc5fdd/config.json "HTTP/1.1 200 OK"
2026-08-12 00:19:57.873 - httpx - INFO - HTTP Request: HEAD https://huggingface.co/api/resolve-cache/models/nvidia/NVIDIA-Nemotron-3.5-Lightning-30B-A3B-NVFP4/b14872a58afd94e2fbbc1e5a1fe4ebb7dfdc5fdd/config.json "HTTP/1.1 200 OK"
2026-08-12 00:19:58.007 - httpx - INFO - HTTP Request: HEAD https://huggingface.co/nvidia/NVIDIA-Nemotron-3.5-Lightning-30B-A3B-NVFP4/resolve/main/tokenizer_config.json "HTTP/1.1 307 Temporary Redirect"
2026-08-12 00:19:58.009 - httpx - INFO - HTTP Request: HEAD https://huggingface.co/nvidia/NVIDIA-Nemotron-3.5-Lightning-30B-A3B-NVFP4/resolve/main/tokenizer_config.json "HTTP/1.1 307 Temporary Redirect"
2026-08-12 00:19:58.010 - huggingface_hub.utils._http - WARNING - Warning: You are sending unauthenticated requests to the HF Hub. Please set a HF_TOKEN to enable higher rate limits and faster downloads.
2026-08-12 00:19:58.016 - httpx - INFO - HTTP Request: HEAD https://huggingface.co/nvidia/NVIDIA-Nemotron-3.5-Lightning-30B-A3B-NVFP4/resolve/main/tokenizer_config.json "HTTP/1.1 307 Temporary Redirect"
2026-08-12 00:19:58.016 - huggingface_hub.utils._http - WARNING - Warning: You are sending unauthenticated requests to the HF Hub. Please set a HF_TOKEN to enable higher rate limits and faster downloads.
2026-08-12 00:19:58.027 - httpx - INFO - HTTP Request: HEAD https://huggingface.co/api/resolve-cache/models/nvidia/NVIDIA-Nemotron-3.5-Lightning-30B-A3B-NVFP4/b14872a58afd94e2fbbc1e5a1fe4ebb7dfdc5fdd/tokenizer_config.json "HTTP/1.1 200 OK"
2026-08-12 00:19:58.028 - httpx - INFO - HTTP Request: HEAD https://huggingface.co/api/resolve-cache/models/nvidia/NVIDIA-Nemotron-3.5-Lightning-30B-A3B-NVFP4/b14872a58afd94e2fbbc1e5a1fe4ebb7dfdc5fdd/tokenizer_config.json "HTTP/1.1 200 OK"
2026-08-12 00:19:58.029 - httpx - INFO - HTTP Request: HEAD https://huggingface.co/api/resolve-cache/models/nvidia/NVIDIA-Nemotron-3.5-Lightning-30B-A3B-NVFP4/b14872a58afd94e2fbbc1e5a1fe4ebb7dfdc5fdd/tokenizer_config.json "HTTP/1.1 200 OK"
2026-08-12 00:19:58.120 - httpx - INFO - HTTP Request: GET https://huggingface.co/api/models/nvidia/NVIDIA-Nemotron-3.5-Lightning-30B-A3B-NVFP4/tree/main/additional_chat_templates?recursive=false&expand=false "HTTP/1.1 404 Not Found"
2026-08-12 00:19:58.120 - httpx - INFO - HTTP Request: GET https://huggingface.co/api/models/nvidia/NVIDIA-Nemotron-3.5-Lightning-30B-A3B-NVFP4/tree/main/additional_chat_templates?recursive=false&expand=false "HTTP/1.1 404 Not Found"
2026-08-12 00:19:58.122 - httpx - INFO - HTTP Request: GET https://huggingface.co/api/models/nvidia/NVIDIA-Nemotron-3.5-Lightning-30B-A3B-NVFP4/tree/main/additional_chat_templates?recursive=false&expand=false "HTTP/1.1 404 Not Found"
2026-08-12 00:19:58.208 - httpx - INFO - HTTP Request: GET https://huggingface.co/api/models/nvidia/NVIDIA-Nemotron-3.5-Lightning-30B-A3B-NVFP4/tree/main?recursive=true&expand=false "HTTP/1.1 200 OK"
2026-08-12 00:19:58.215 - httpx - INFO - HTTP Request: GET https://huggingface.co/api/models/nvidia/NVIDIA-Nemotron-3.5-Lightning-30B-A3B-NVFP4/tree/main?recursive=true&expand=false "HTTP/1.1 200 OK"
2026-08-12 00:19:58.216 - httpx - INFO - HTTP Request: GET https://huggingface.co/api/models/nvidia/NVIDIA-Nemotron-3.5-Lightning-30B-A3B-NVFP4/tree/main?recursive=true&expand=false "HTTP/1.1 200 OK"
2026-08-12 00:19:59.195 - httpx - INFO - HTTP Request: GET https://huggingface.co/api/models/nvidia/NVIDIA-Nemotron-3.5-Lightning-30B-A3B-NVFP4 "HTTP/1.1 200 OK"
2026-08-12 00:19:59.196 - httpx - INFO - HTTP Request: GET https://huggingface.co/api/models/nvidia/NVIDIA-Nemotron-3.5-Lightning-30B-A3B-NVFP4 "HTTP/1.1 200 OK"
2026-08-12 00:19:59.204 - httpx - INFO - HTTP Request: GET https://huggingface.co/api/models/nvidia/NVIDIA-Nemotron-3.5-Lightning-30B-A3B-NVFP4 "HTTP/1.1 200 OK"
2026-08-12 00:19:59.223 - InferenceResultParser_947bc3b5 - INFO - Initialized tokenizers: {'nvidia/NVIDIA-Nemotron-3.5-Lightning-30B-A3B-NVFP4': {'class': 'TokenizersBackend', 'name_or_path': 'nvidia/NVIDIA-Nemotron-3.5-Lightning-30B-A3B-NVFP4'}} in 1.93 seconds
2026-08-12 00:19:59.224 - dataset_manager - INFO - Tokenizer(s) configured in 1.93 seconds
2026-08-12 00:19:59.224 - dataset_manager - INFO - Configuring dataset for dataset_manager
2026-08-12 00:19:59.224 - InferenceResultParser_8b985b2a - INFO - Initialized tokenizers: {'nvidia/NVIDIA-Nemotron-3.5-Lightning-30B-A3B-NVFP4': {'class': 'TokenizersBackend', 'name_or_path': 'nvidia/NVIDIA-Nemotron-3.5-Lightning-30B-A3B-NVFP4'}} in 1.93 seconds
2026-08-12 00:19:59.469 - CustomDatasetComposer - INFO - Using explicit dataset format: multi_turn
2026-08-12 00:19:59.537 - MemoryMapDatasetBackingStore_aa083695 - INFO - Memory-mapped backing store initialized (streaming to /tmp/aiperf_mmap_7b728138af82/dataset.dat)
2026-08-12 00:19:59.558 - MemoryMapDatasetBackingStore_aa083695 - INFO - Data file finalized: 500 conversations, 1.27 MB
2026-08-12 00:19:59.558 - MemoryMapDatasetBackingStore_aa083695 - INFO - Index file created: /tmp/aiperf_mmap_7b728138af82/index.dat
2026-08-12 00:19:59.559 - dataset_manager - INFO - Backing store finalized: client_type=DatasetClientStoreType.MEMORY_MAP format=MemoryMapFormat.CONVERSATION data_file_path=PosixPath('/tmp/aiperf_mmap_7b728138af82/dataset.dat') index_file_path=PosixPath('/tmp/aiperf_mmap_7b728138af82/index.dat') conversation_count=500 total_size_bytes=1331693 compressed=False compressed_data_file_path=None compressed_index_file_path=None compressed_size_bytes=0
2026-08-12 00:19:59.568 - dataset_manager - INFO - sampling strategy: sequential, unique conversations: 500, unique turn count: 1783
2026-08-12 00:19:59.573 - dataset_manager - INFO - Generating inputs.json file at /output/inputs.json
2026-08-12 00:19:59.581 - PhaseOrchestrator_cc95ad5d - INFO - Initialized 2 phase(s): ['Warmup', 'Profiling']
2026-08-12 00:19:59.581 - system_controller - WARNING - Received command response for service we were not expecting: worker_e78f30ce. Ignoring.
2026-08-12 00:19:59.581 - system_controller - WARNING - Received command response for service we were not expecting: worker_359fa48a. Ignoring.
2026-08-12 00:19:59.581 - system_controller - WARNING - Received command response for service we were not expecting: worker_a88cee88. Ignoring.
2026-08-12 00:19:59.584 - system_controller - WARNING - Received command response for service we were not expecting: worker_ceb75475. Ignoring.
2026-08-12 00:19:59.584 - system_controller - WARNING - Received command response for service we were not expecting: worker_9cce7b44. Ignoring.
2026-08-12 00:19:59.584 - system_controller - WARNING - Received command response for service we were not expecting: worker_5c1cc12e. Ignoring.
2026-08-12 00:19:59.588 - dataset_manager - INFO - inputs.json file generated in 0.02 seconds
2026-08-12 00:19:59.720 - dataset_manager - INFO - Dataset client initialized and freed 500 conversations from memory
2026-08-12 00:19:59.720 - dataset_manager - INFO - Dataset configured in 0.50 seconds
2026-08-12 00:19:59.721 - system_controller - INFO - All services configured in 2.43 seconds
2026-08-12 00:19:59.721 - system_controller - INFO - AIPerf System is CONFIGURED
2026-08-12 00:19:59.722 - server_metrics_manager - INFO - Server Metrics: Started 1 collector(s) successfully
2026-08-12 00:19:59.723 - system_controller - INFO - All services started profiling successfully
2026-08-12 00:19:59.723 - system_controller - INFO - AIPerf System is PROFILING
2026-08-12 00:19:59.725 - RateTiming - INFO - Creating interval generator: pattern=concurrency_burst, rate=None, smoothness=None
2026-08-12 00:19:59.725 - PhaseRunner - NOTICE - Phase warmup (warmup) started | phase_index=0 | target: 3 requests
2026-08-12 00:19:59.726 - PhaseRunner - NOTICE - Phase warmup (warmup) sending complete | sent=3, completed=0, in_flight=3 | sessions: sent=3, completed=0
2026-08-12 00:19:59.726 - records_manager - INFO - Credit phase start: warmup
2026-08-12 00:20:01.678 - PhaseRunner - NOTICE - Phase warmup (warmup) complete | completed=3, cancelled=0, errors=0 | sessions: completed=0, cancelled=0 | elapsed=1.95s
2026-08-12 00:20:01.679 - server_metrics_manager - INFO - Server Metrics: Warmup complete, capturing final warmup metrics...
2026-08-12 00:20:01.680 - RateTiming - INFO - Creating interval generator: pattern=concurrency_burst, rate=None, smoothness=None
2026-08-12 00:20:01.680 - PhaseRunner - NOTICE - Phase profiling (profiling) started | phase_index=1 | profiling_index=0 | target: 50 requests, 50 sessions
2026-08-12 00:20:01.681 - records_manager - INFO - Credit phase start: profiling
2026-08-12 00:20:21.866 - PhaseRunner - NOTICE - Phase profiling (profiling) sending complete | sent=50, completed=42, in_flight=8 | sessions: sent=16, completed=8
2026-08-12 00:20:21.868 - records_manager - INFO - Sent 50 requests. Waiting for all to complete...
2026-08-12 00:20:24.856 - PhaseRunner - NOTICE - Phase profiling (profiling) complete | completed=50, cancelled=0, errors=0 | sessions: completed=12, cancelled=0 | elapsed=23.18s
2026-08-12 00:20:24.856 - PhaseOrchestrator_cc95ad5d - NOTICE - All credits completed
2026-08-12 00:20:24.857 - system_controller - INFO - Received credits complete from 'timing_manager'
2026-08-12 00:20:24.858 - records_manager - INFO - Received CREDIT_PHASE_COMPLETE message, Phase complete: PhaseRecordsStats(phase=CreditPhase.PROFILING, phase_index=1, profiling_index=0, phase_name='profiling', phase_kind='profiling', start_ns=1786494001680400008, sent_end_ns=1786494021866583180, requests_end_ns=1786494024855826850, baseline_start_ns=1786494001680392648, baseline_end_ns=1786494024855842194, total_expected_requests=50, expected_duration_sec=None, expected_num_sessions=None, expected_grace_period_sec=None, final_requests_sent=None, final_requests_completed=50, final_requests_cancelled=0, final_request_errors=0, final_sent_sessions=None, final_completed_sessions=None, final_cancelled_sessions=None, timeout_triggered=False, grace_period_timeout_triggered=False, was_cancelled=False, records_end_ns=None, success_records=49, error_records=0)
2026-08-12 00:20:24.858 - records_manager - NOTICE - All requests have completed, please wait for the results to be processed (currently 49 of 50 records processed)...
2026-08-12 00:20:24.858 - records_manager - INFO - All credits complete, please wait for the results to be processed...
2026-08-12 00:20:24.864 - records_manager - INFO - Processed 50 valid requests and 0 errors (50 total).
2026-08-12 00:20:24.864 - records_manager - INFO - Received all records, processing now...
2026-08-12 00:20:24.865 - server_metrics_manager - INFO - Server Metrics: Profiling complete, capturing final metrics...
2026-08-12 00:20:24.865 - gpu_telemetry_manager - INFO - GPU Telemetry: Profiling complete, capturing final metrics...
2026-08-12 00:20:24.866 - records_manager - INFO - Waiting 2.0s for server metrics flush period...
2026-08-12 00:20:26.857 - records_manager - INFO - Processing records results...
2026-08-12 00:20:26.966 - system_controller - INFO - Waiting for result domains: server_metrics, telemetry
2026-08-12 00:20:26.966 - system_controller - INFO - Waiting for result domains: server_metrics
2026-08-12 00:20:26.990 - records_manager - INFO - _finalize_and_process_results completed
2026-08-12 00:20:26.994 - system_controller - INFO - All results received, initiating shutdown
2026-08-12 00:20:27.600 - ExporterManager - INFO - Exporting all records
2026-08-12 00:20:27.723 - ExporterManager - INFO - Exporting console data
