2026-08-11 19:01:39.759 - aiperf.cli_runner._single_run - INFO - Starting AIPerf System
2026-08-11 19:01:40.235 - httpx - INFO - HTTP Request: GET https://huggingface.co/api/models/nvidia/NVIDIA-Nemotron-3.5-Lightning-30B-A3B-NVFP4 "HTTP/1.1 200 OK"
2026-08-11 19:01:40.253 - aiperf.config.resolution.resolvers - INFO - [OK] Tokenizer nvidia/NVIDIA-Nemotron-3.5-Lightning-30B-A3B-NVFP4 detected
2026-08-11 19:01:40.253 - aiperf.config.resolution.resolvers - INFO - 1 tokenizer validated | 0.5s
2026-08-11 19:01:40.254 - aiperf.config.resolution.resolvers - INFO - Prefetching 1 tokenizer into HF cache...
2026-08-11 19:01:41.369 - httpx - INFO - HTTP Request: HEAD https://huggingface.co/nvidia/NVIDIA-Nemotron-3.5-Lightning-30B-A3B-NVFP4/resolve/main/config.json "HTTP/1.1 307 Temporary Redirect"
2026-08-11 19:01:41.370 - huggingface_hub.utils._http - WARNING - Warning: You are sending unauthenticated requests to the HF Hub. Please set a HF_TOKEN to enable higher rate limits and faster downloads.
2026-08-11 19:01:41.385 - httpx - INFO - HTTP Request: HEAD https://huggingface.co/api/resolve-cache/models/nvidia/NVIDIA-Nemotron-3.5-Lightning-30B-A3B-NVFP4/c54e25e3fd0916b761eaa3ec4ecee2837e481a21/config.json "HTTP/1.1 200 OK"
2026-08-11 19:01:41.412 - httpx - INFO - HTTP Request: GET https://huggingface.co/api/resolve-cache/models/nvidia/NVIDIA-Nemotron-3.5-Lightning-30B-A3B-NVFP4/c54e25e3fd0916b761eaa3ec4ecee2837e481a21/config.json "HTTP/1.1 200 OK"
2026-08-11 19:01:41.560 - httpx - INFO - HTTP Request: HEAD https://huggingface.co/nvidia/NVIDIA-Nemotron-3.5-Lightning-30B-A3B-NVFP4/resolve/main/tokenizer_config.json "HTTP/1.1 307 Temporary Redirect"
2026-08-11 19:01:41.578 - httpx - INFO - HTTP Request: HEAD https://huggingface.co/api/resolve-cache/models/nvidia/NVIDIA-Nemotron-3.5-Lightning-30B-A3B-NVFP4/c54e25e3fd0916b761eaa3ec4ecee2837e481a21/tokenizer_config.json "HTTP/1.1 200 OK"
2026-08-11 19:01:41.617 - httpx - INFO - HTTP Request: GET https://huggingface.co/api/resolve-cache/models/nvidia/NVIDIA-Nemotron-3.5-Lightning-30B-A3B-NVFP4/c54e25e3fd0916b761eaa3ec4ecee2837e481a21/tokenizer_config.json "HTTP/1.1 200 OK"
2026-08-11 19:01:41.710 - httpx - INFO - HTTP Request: GET https://huggingface.co/api/models/nvidia/NVIDIA-Nemotron-3.5-Lightning-30B-A3B-NVFP4/tree/main/additional_chat_templates?recursive=false&expand=false "HTTP/1.1 404 Not Found"
2026-08-11 19:01:41.809 - httpx - INFO - HTTP Request: GET https://huggingface.co/api/models/nvidia/NVIDIA-Nemotron-3.5-Lightning-30B-A3B-NVFP4/tree/main?recursive=true&expand=false "HTTP/1.1 200 OK"
2026-08-11 19:01:41.909 - httpx - INFO - HTTP Request: HEAD https://huggingface.co/nvidia/NVIDIA-Nemotron-3.5-Lightning-30B-A3B-NVFP4/resolve/main/tokenizer.json "HTTP/1.1 302 Found"
2026-08-11 19:01:42.004 - httpx - INFO - HTTP Request: GET https://huggingface.co/api/models/nvidia/NVIDIA-Nemotron-3.5-Lightning-30B-A3B-NVFP4/xet-read-token/c54e25e3fd0916b761eaa3ec4ecee2837e481a21 "HTTP/1.1 200 OK"
2026-08-11 19:01:42.875 - httpx - INFO - HTTP Request: HEAD https://huggingface.co/nvidia/NVIDIA-Nemotron-3.5-Lightning-30B-A3B-NVFP4/resolve/main/tokenizer.model "HTTP/1.1 404 Not Found"
2026-08-11 19:01:42.960 - httpx - INFO - HTTP Request: HEAD https://huggingface.co/nvidia/NVIDIA-Nemotron-3.5-Lightning-30B-A3B-NVFP4/resolve/main/added_tokens.json "HTTP/1.1 404 Not Found"
2026-08-11 19:01:43.051 - httpx - INFO - HTTP Request: HEAD https://huggingface.co/nvidia/NVIDIA-Nemotron-3.5-Lightning-30B-A3B-NVFP4/resolve/main/special_tokens_map.json "HTTP/1.1 307 Temporary Redirect"
2026-08-11 19:01:43.074 - httpx - INFO - HTTP Request: HEAD https://huggingface.co/api/resolve-cache/models/nvidia/NVIDIA-Nemotron-3.5-Lightning-30B-A3B-NVFP4/c54e25e3fd0916b761eaa3ec4ecee2837e481a21/special_tokens_map.json "HTTP/1.1 200 OK"
2026-08-11 19:01:43.097 - httpx - INFO - HTTP Request: GET https://huggingface.co/api/resolve-cache/models/nvidia/NVIDIA-Nemotron-3.5-Lightning-30B-A3B-NVFP4/c54e25e3fd0916b761eaa3ec4ecee2837e481a21/special_tokens_map.json "HTTP/1.1 200 OK"
2026-08-11 19:01:43.263 - httpx - INFO - HTTP Request: HEAD https://huggingface.co/nvidia/NVIDIA-Nemotron-3.5-Lightning-30B-A3B-NVFP4/resolve/main/chat_template.jinja "HTTP/1.1 307 Temporary Redirect"
2026-08-11 19:01:43.286 - httpx - INFO - HTTP Request: HEAD https://huggingface.co/api/resolve-cache/models/nvidia/NVIDIA-Nemotron-3.5-Lightning-30B-A3B-NVFP4/c54e25e3fd0916b761eaa3ec4ecee2837e481a21/chat_template.jinja "HTTP/1.1 200 OK"
2026-08-11 19:01:43.308 - httpx - INFO - HTTP Request: GET https://huggingface.co/api/resolve-cache/models/nvidia/NVIDIA-Nemotron-3.5-Lightning-30B-A3B-NVFP4/c54e25e3fd0916b761eaa3ec4ecee2837e481a21/chat_template.jinja "HTTP/1.1 200 OK"
2026-08-11 19:01:44.188 - httpx - INFO - HTTP Request: GET https://huggingface.co/api/models/nvidia/NVIDIA-Nemotron-3.5-Lightning-30B-A3B-NVFP4 "HTTP/1.1 200 OK"
2026-08-11 19:01:44.231 - aiperf.config.resolution.resolvers - INFO -   Cached nvidia/NVIDIA-Nemotron-3.5-Lightning-30B-A3B-NVFP4 (3.96s)
2026-08-11 19:01:44.284 - aiperf.config.resolution.resolvers - INFO - 1 tokenizer cached • 4.0s
2026-08-11 19:01:44.682 - system_controller - INFO - Registered Gpu Telemetry Manager (id: 'gpu_telemetry_manager')
2026-08-11 19:01:44.717 - server_metrics_manager - INFO - Server Metrics: Discovered 1 endpoints: ['http://localhost:80/metrics']
2026-08-11 19:01:44.765 - GPUTelemetryJSONLWriter_7aad0c2b - INFO - GPU telemetry export enabled: /output/gpu_telemetry_export.jsonl
2026-08-11 19:01:44.775 - OTelMetricsResultsProcessor_4eb0a8b9 - INFO - Telemetry streaming is disabled (set --otel-url and/or --mlflow-tracking-uri to enable)
2026-08-11 19:01:44.779 - RecordExportJSONLWriter_588ac90b - INFO - Record metrics export enabled: /output/profile_export.jsonl
2026-08-11 19:01:44.781 - system_controller - INFO - Registered Worker Manager (id: 'worker_manager')
2026-08-11 19:01:44.811 - system_controller - INFO - Registered Dataset Manager (id: 'dataset_manager')
2026-08-11 19:01:44.821 - system_controller - INFO - Registered Server Metrics Manager (id: 'server_metrics_manager')
2026-08-11 19:01:44.886 - system_controller - INFO - Registered Records Manager (id: 'records_manager')
2026-08-11 19:01:44.904 - system_controller - INFO - Registered Timing Manager (id: 'timing_manager')
2026-08-11 19:01:44.948 - system_controller - INFO - Registered Record Processor (id: 'record_processor_cecfd12a')
2026-08-11 19:01:45.115 - system_controller - INFO - Registered Worker (id: 'worker_39efae37')
2026-08-11 19:01:45.158 - system_controller - INFO - AIPerf System is CONFIGURING
2026-08-11 19:01:45.158 - system_controller - INFO - Configuring all services to start profiling
2026-08-11 19:01:45.159 - timing_manager - INFO - Waiting for dataset to be configured before configuring timing
2026-08-11 19:01:45.160 - InferenceResultParser_e14e5fc2 - INFO - Configuring tokenizers for inference result parser (resolve_alias: True)
2026-08-11 19:01:45.161 - dataset_manager - INFO - Configuring tokenizer(s) for dataset manager
2026-08-11 19:01:45.169 - server_metrics_manager - INFO - Server Metrics: Capturing baseline metrics...
2026-08-11 19:01:45.182 - http://localhost:80/metrics - INFO - Skipping unsupported summary metric: http_request_size_bytes
2026-08-11 19:01:45.182 - http://localhost:80/metrics - INFO - Skipping unsupported summary metric: http_response_size_bytes
2026-08-11 19:01:45.183 - system_controller - INFO - Server metrics enabled - 1/1 endpoint(s) reachable.
2026-08-11 19:01:45.183 - system_controller - INFO - Waiting for result domains: profile, server_metrics, telemetry
2026-08-11 19:01:45.189 - gpu_telemetry_manager - INFO - GPU Telemetry: Capturing baseline metrics from pynvml://localhost
2026-08-11 19:01:45.199 - pynvml_collector - INFO - PyNVML initialized with 1 GPU(s) (0 with GPM support)
2026-08-11 19:01:45.214 - system_controller - INFO - DCGM telemetry enabled - 1/1 endpoint(s) reachable
2026-08-11 19:01:45.711 - httpx - INFO - HTTP Request: HEAD https://huggingface.co/nvidia/NVIDIA-Nemotron-3.5-Lightning-30B-A3B-NVFP4/resolve/main/config.json "HTTP/1.1 307 Temporary Redirect"
2026-08-11 19:01:45.712 - huggingface_hub.utils._http - WARNING - Warning: You are sending unauthenticated requests to the HF Hub. Please set a HF_TOKEN to enable higher rate limits and faster downloads.
2026-08-11 19:01:45.713 - httpx - INFO - HTTP Request: HEAD https://huggingface.co/nvidia/NVIDIA-Nemotron-3.5-Lightning-30B-A3B-NVFP4/resolve/main/config.json "HTTP/1.1 307 Temporary Redirect"
2026-08-11 19:01:45.724 - httpx - INFO - HTTP Request: HEAD https://huggingface.co/api/resolve-cache/models/nvidia/NVIDIA-Nemotron-3.5-Lightning-30B-A3B-NVFP4/c54e25e3fd0916b761eaa3ec4ecee2837e481a21/config.json "HTTP/1.1 200 OK"
2026-08-11 19:01:45.727 - httpx - INFO - HTTP Request: HEAD https://huggingface.co/api/resolve-cache/models/nvidia/NVIDIA-Nemotron-3.5-Lightning-30B-A3B-NVFP4/c54e25e3fd0916b761eaa3ec4ecee2837e481a21/config.json "HTTP/1.1 200 OK"
2026-08-11 19:01:45.861 - httpx - INFO - HTTP Request: HEAD https://huggingface.co/nvidia/NVIDIA-Nemotron-3.5-Lightning-30B-A3B-NVFP4/resolve/main/tokenizer_config.json "HTTP/1.1 307 Temporary Redirect"
2026-08-11 19:01:45.864 - httpx - INFO - HTTP Request: HEAD https://huggingface.co/nvidia/NVIDIA-Nemotron-3.5-Lightning-30B-A3B-NVFP4/resolve/main/tokenizer_config.json "HTTP/1.1 307 Temporary Redirect"
2026-08-11 19:01:45.864 - huggingface_hub.utils._http - WARNING - Warning: You are sending unauthenticated requests to the HF Hub. Please set a HF_TOKEN to enable higher rate limits and faster downloads.
2026-08-11 19:01:45.876 - httpx - INFO - HTTP Request: HEAD https://huggingface.co/api/resolve-cache/models/nvidia/NVIDIA-Nemotron-3.5-Lightning-30B-A3B-NVFP4/c54e25e3fd0916b761eaa3ec4ecee2837e481a21/tokenizer_config.json "HTTP/1.1 200 OK"
2026-08-11 19:01:45.877 - httpx - INFO - HTTP Request: HEAD https://huggingface.co/api/resolve-cache/models/nvidia/NVIDIA-Nemotron-3.5-Lightning-30B-A3B-NVFP4/c54e25e3fd0916b761eaa3ec4ecee2837e481a21/tokenizer_config.json "HTTP/1.1 200 OK"
2026-08-11 19:01:45.966 - httpx - INFO - HTTP Request: GET https://huggingface.co/api/models/nvidia/NVIDIA-Nemotron-3.5-Lightning-30B-A3B-NVFP4/tree/main/additional_chat_templates?recursive=false&expand=false "HTTP/1.1 404 Not Found"
2026-08-11 19:01:45.966 - httpx - INFO - HTTP Request: GET https://huggingface.co/api/models/nvidia/NVIDIA-Nemotron-3.5-Lightning-30B-A3B-NVFP4/tree/main/additional_chat_templates?recursive=false&expand=false "HTTP/1.1 404 Not Found"
2026-08-11 19:01:46.056 - httpx - INFO - HTTP Request: GET https://huggingface.co/api/models/nvidia/NVIDIA-Nemotron-3.5-Lightning-30B-A3B-NVFP4/tree/main?recursive=true&expand=false "HTTP/1.1 200 OK"
2026-08-11 19:01:46.056 - httpx - INFO - HTTP Request: GET https://huggingface.co/api/models/nvidia/NVIDIA-Nemotron-3.5-Lightning-30B-A3B-NVFP4/tree/main?recursive=true&expand=false "HTTP/1.1 200 OK"
2026-08-11 19:01:46.953 - httpx - INFO - HTTP Request: GET https://huggingface.co/api/models/nvidia/NVIDIA-Nemotron-3.5-Lightning-30B-A3B-NVFP4 "HTTP/1.1 200 OK"
2026-08-11 19:01:46.987 - InferenceResultParser_e14e5fc2 - INFO - Initialized tokenizers: {'nvidia/NVIDIA-Nemotron-3.5-Lightning-30B-A3B-NVFP4': {'class': 'TokenizersBackend', 'name_or_path': 'nvidia/NVIDIA-Nemotron-3.5-Lightning-30B-A3B-NVFP4'}} in 1.83 seconds
2026-08-11 19:01:47.060 - httpx - INFO - HTTP Request: GET https://huggingface.co/api/models/nvidia/NVIDIA-Nemotron-3.5-Lightning-30B-A3B-NVFP4 "HTTP/1.1 200 OK"
2026-08-11 19:01:47.082 - dataset_manager - INFO - Tokenizer(s) configured in 1.92 seconds
2026-08-11 19:01:47.083 - dataset_manager - INFO - Configuring dataset for dataset_manager
2026-08-11 19:01:47.395 - CustomDatasetComposer - INFO - Using explicit dataset format: multi_turn
2026-08-11 19:01:47.457 - MemoryMapDatasetBackingStore_e409dfe6 - INFO - Memory-mapped backing store initialized (streaming to /tmp/aiperf_mmap_806dbd0eff61/dataset.dat)
2026-08-11 19:01:47.477 - MemoryMapDatasetBackingStore_e409dfe6 - INFO - Data file finalized: 500 conversations, 1.29 MB
2026-08-11 19:01:47.478 - MemoryMapDatasetBackingStore_e409dfe6 - INFO - Index file created: /tmp/aiperf_mmap_806dbd0eff61/index.dat
2026-08-11 19:01:47.478 - dataset_manager - INFO - Backing store finalized: client_type=DatasetClientStoreType.MEMORY_MAP format=MemoryMapFormat.CONVERSATION data_file_path=PosixPath('/tmp/aiperf_mmap_806dbd0eff61/dataset.dat') index_file_path=PosixPath('/tmp/aiperf_mmap_806dbd0eff61/index.dat') conversation_count=500 total_size_bytes=1353644 compressed=False compressed_data_file_path=None compressed_index_file_path=None compressed_size_bytes=0
2026-08-11 19:01:47.487 - dataset_manager - INFO - sampling strategy: sequential, unique conversations: 500, unique turn count: 1783
2026-08-11 19:01:47.492 - dataset_manager - INFO - Generating inputs.json file at /output/inputs.json
2026-08-11 19:01:47.498 - PhaseOrchestrator_1b946766 - INFO - Initialized 2 phase(s): ['Warmup', 'Profiling']
2026-08-11 19:01:47.507 - dataset_manager - INFO - inputs.json file generated in 0.02 seconds
2026-08-11 19:01:47.639 - dataset_manager - INFO - Dataset client initialized and freed 500 conversations from memory
2026-08-11 19:01:47.639 - dataset_manager - INFO - Dataset configured in 0.56 seconds
2026-08-11 19:01:47.641 - system_controller - INFO - All services configured in 2.48 seconds
2026-08-11 19:01:47.641 - system_controller - INFO - AIPerf System is CONFIGURED
2026-08-11 19:01:47.642 - server_metrics_manager - INFO - Server Metrics: Started 1 collector(s) successfully
2026-08-11 19:01:47.643 - system_controller - INFO - All services started profiling successfully
2026-08-11 19:01:47.643 - system_controller - INFO - AIPerf System is PROFILING
2026-08-11 19:01:47.647 - RateTiming - INFO - Creating interval generator: pattern=concurrency_burst, rate=None, smoothness=None
2026-08-11 19:01:47.647 - PhaseRunner - NOTICE - Phase warmup (warmup) started | phase_index=0 | target: 3 requests
2026-08-11 19:01:47.648 - records_manager - INFO - Credit phase start: warmup
2026-08-11 19:01:50.156 - PhaseRunner - NOTICE - Phase warmup (warmup) sending complete | sent=3, completed=2, in_flight=1 | sessions: sent=1, completed=0
2026-08-11 19:01:51.389 - PhaseRunner - NOTICE - Phase warmup (warmup) complete | completed=3, cancelled=0, errors=0 | sessions: completed=0, cancelled=0 | elapsed=3.74s
2026-08-11 19:01:51.391 - RateTiming - INFO - Creating interval generator: pattern=concurrency_burst, rate=None, smoothness=None
2026-08-11 19:01:51.391 - PhaseRunner - NOTICE - Phase profiling (profiling) started | phase_index=1 | profiling_index=0 | target: 50 requests, 50 sessions
2026-08-11 19:01:51.391 - server_metrics_manager - INFO - Server Metrics: Warmup complete, capturing final warmup metrics...
2026-08-11 19:01:51.393 - records_manager - INFO - Credit phase start: profiling
2026-08-11 19:03:03.529 - PhaseRunner - NOTICE - Phase profiling (profiling) sending complete | sent=50, completed=49, in_flight=1 | sessions: sent=16, completed=15
2026-08-11 19:03:03.531 - records_manager - INFO - Sent 50 requests. Waiting for all to complete...
2026-08-11 19:03:04.904 - PhaseRunner - NOTICE - Phase profiling (profiling) complete | completed=50, cancelled=0, errors=0 | sessions: completed=16, cancelled=0 | elapsed=73.51s
2026-08-11 19:03:04.905 - PhaseOrchestrator_1b946766 - NOTICE - All credits completed
2026-08-11 19:03:04.906 - system_controller - INFO - Received credits complete from 'timing_manager'
2026-08-11 19:03:04.906 - records_manager - INFO - Received CREDIT_PHASE_COMPLETE message, Phase complete: PhaseRecordsStats(phase=CreditPhase.PROFILING, phase_index=1, profiling_index=0, phase_name='profiling', phase_kind='profiling', start_ns=1786474911391679658, sent_end_ns=1786474983529900041, requests_end_ns=1786474984904698204, baseline_start_ns=1786474911391672362, baseline_end_ns=1786474984904704060, total_expected_requests=50, expected_duration_sec=None, expected_num_sessions=None, expected_grace_period_sec=None, final_requests_sent=None, final_requests_completed=50, final_requests_cancelled=0, final_request_errors=0, final_sent_sessions=None, final_completed_sessions=None, final_cancelled_sessions=None, timeout_triggered=False, grace_period_timeout_triggered=False, was_cancelled=False, records_end_ns=None, success_records=49, error_records=0)
2026-08-11 19:03:04.906 - records_manager - NOTICE - All requests have completed, please wait for the results to be processed (currently 49 of 50 records processed)...
2026-08-11 19:03:04.906 - records_manager - INFO - All credits complete, please wait for the results to be processed...
2026-08-11 19:03:04.909 - records_manager - INFO - Processed 50 valid requests and 0 errors (50 total).
2026-08-11 19:03:04.909 - records_manager - INFO - Received all records, processing now...
2026-08-11 19:03:04.910 - gpu_telemetry_manager - INFO - GPU Telemetry: Profiling complete, capturing final metrics...
2026-08-11 19:03:04.910 - records_manager - INFO - Waiting 2.0s for server metrics flush period...
2026-08-11 19:03:04.916 - server_metrics_manager - INFO - Server Metrics: Profiling complete, capturing final metrics...
2026-08-11 19:03:06.904 - records_manager - INFO - Processing records results...
2026-08-11 19:03:07.100 - system_controller - INFO - Waiting for result domains: server_metrics, telemetry
2026-08-11 19:03:07.100 - system_controller - INFO - Waiting for result domains: server_metrics
2026-08-11 19:03:07.164 - records_manager - INFO - _finalize_and_process_results completed
2026-08-11 19:03:07.165 - system_controller - INFO - All results received, initiating shutdown
2026-08-11 19:03:07.768 - ExporterManager - INFO - Exporting all records
2026-08-11 19:03:07.817 - ExporterManager - INFO - Exporting console data
