2026-08-11 21:58:45.388 - aiperf.cli_runner._single_run - INFO - Starting AIPerf System
2026-08-11 21:58:45.854 - httpx - INFO - HTTP Request: GET https://huggingface.co/api/models/nvidia/NVIDIA-Nemotron-3.5-Lightning-30B-A3B-NVFP4 "HTTP/1.1 200 OK"
2026-08-11 21:58:45.865 - aiperf.config.resolution.resolvers - INFO - [OK] Tokenizer nvidia/NVIDIA-Nemotron-3.5-Lightning-30B-A3B-NVFP4 detected
2026-08-11 21:58:45.865 - aiperf.config.resolution.resolvers - INFO - 1 tokenizer validated | 0.5s
2026-08-11 21:58:45.865 - aiperf.config.resolution.resolvers - INFO - Prefetching 1 tokenizer into HF cache...
2026-08-11 21:58:46.863 - httpx - INFO - HTTP Request: HEAD https://huggingface.co/nvidia/NVIDIA-Nemotron-3.5-Lightning-30B-A3B-NVFP4/resolve/main/config.json "HTTP/1.1 307 Temporary Redirect"
2026-08-11 21:58:46.863 - huggingface_hub.utils._http - WARNING - Warning: You are sending unauthenticated requests to the HF Hub. Please set a HF_TOKEN to enable higher rate limits and faster downloads.
2026-08-11 21:58:46.876 - httpx - INFO - HTTP Request: HEAD https://huggingface.co/api/resolve-cache/models/nvidia/NVIDIA-Nemotron-3.5-Lightning-30B-A3B-NVFP4/f9b0c83dc2e390069425f5b4d40006fd343d596c/config.json "HTTP/1.1 200 OK"
2026-08-11 21:58:46.891 - httpx - INFO - HTTP Request: GET https://huggingface.co/api/resolve-cache/models/nvidia/NVIDIA-Nemotron-3.5-Lightning-30B-A3B-NVFP4/f9b0c83dc2e390069425f5b4d40006fd343d596c/config.json "HTTP/1.1 200 OK"
2026-08-11 21:58:47.040 - httpx - INFO - HTTP Request: HEAD https://huggingface.co/nvidia/NVIDIA-Nemotron-3.5-Lightning-30B-A3B-NVFP4/resolve/main/tokenizer_config.json "HTTP/1.1 307 Temporary Redirect"
2026-08-11 21:58:47.052 - httpx - INFO - HTTP Request: HEAD https://huggingface.co/api/resolve-cache/models/nvidia/NVIDIA-Nemotron-3.5-Lightning-30B-A3B-NVFP4/f9b0c83dc2e390069425f5b4d40006fd343d596c/tokenizer_config.json "HTTP/1.1 200 OK"
2026-08-11 21:58:47.065 - httpx - INFO - HTTP Request: GET https://huggingface.co/api/resolve-cache/models/nvidia/NVIDIA-Nemotron-3.5-Lightning-30B-A3B-NVFP4/f9b0c83dc2e390069425f5b4d40006fd343d596c/tokenizer_config.json "HTTP/1.1 200 OK"
2026-08-11 21:58:47.156 - httpx - INFO - HTTP Request: GET https://huggingface.co/api/models/nvidia/NVIDIA-Nemotron-3.5-Lightning-30B-A3B-NVFP4/tree/main/additional_chat_templates?recursive=false&expand=false "HTTP/1.1 404 Not Found"
2026-08-11 21:58:47.246 - httpx - INFO - HTTP Request: GET https://huggingface.co/api/models/nvidia/NVIDIA-Nemotron-3.5-Lightning-30B-A3B-NVFP4/tree/main?recursive=true&expand=false "HTTP/1.1 200 OK"
2026-08-11 21:58:47.402 - httpx - INFO - HTTP Request: HEAD https://huggingface.co/nvidia/NVIDIA-Nemotron-3.5-Lightning-30B-A3B-NVFP4/resolve/main/tokenizer.json "HTTP/1.1 302 Found"
2026-08-11 21:58:47.503 - httpx - INFO - HTTP Request: GET https://huggingface.co/api/models/nvidia/NVIDIA-Nemotron-3.5-Lightning-30B-A3B-NVFP4/xet-read-token/f9b0c83dc2e390069425f5b4d40006fd343d596c "HTTP/1.1 200 OK"
2026-08-11 21:58:48.395 - httpx - INFO - HTTP Request: HEAD https://huggingface.co/nvidia/NVIDIA-Nemotron-3.5-Lightning-30B-A3B-NVFP4/resolve/main/tokenizer.model "HTTP/1.1 404 Not Found"
2026-08-11 21:58:48.483 - httpx - INFO - HTTP Request: HEAD https://huggingface.co/nvidia/NVIDIA-Nemotron-3.5-Lightning-30B-A3B-NVFP4/resolve/main/added_tokens.json "HTTP/1.1 404 Not Found"
2026-08-11 21:58:48.571 - httpx - INFO - HTTP Request: HEAD https://huggingface.co/nvidia/NVIDIA-Nemotron-3.5-Lightning-30B-A3B-NVFP4/resolve/main/special_tokens_map.json "HTTP/1.1 307 Temporary Redirect"
2026-08-11 21:58:48.585 - httpx - INFO - HTTP Request: HEAD https://huggingface.co/api/resolve-cache/models/nvidia/NVIDIA-Nemotron-3.5-Lightning-30B-A3B-NVFP4/f9b0c83dc2e390069425f5b4d40006fd343d596c/special_tokens_map.json "HTTP/1.1 200 OK"
2026-08-11 21:58:48.600 - httpx - INFO - HTTP Request: GET https://huggingface.co/api/resolve-cache/models/nvidia/NVIDIA-Nemotron-3.5-Lightning-30B-A3B-NVFP4/f9b0c83dc2e390069425f5b4d40006fd343d596c/special_tokens_map.json "HTTP/1.1 200 OK"
2026-08-11 21:58:48.687 - httpx - INFO - HTTP Request: HEAD https://huggingface.co/nvidia/NVIDIA-Nemotron-3.5-Lightning-30B-A3B-NVFP4/resolve/main/chat_template.jinja "HTTP/1.1 307 Temporary Redirect"
2026-08-11 21:58:48.700 - httpx - INFO - HTTP Request: HEAD https://huggingface.co/api/resolve-cache/models/nvidia/NVIDIA-Nemotron-3.5-Lightning-30B-A3B-NVFP4/f9b0c83dc2e390069425f5b4d40006fd343d596c/chat_template.jinja "HTTP/1.1 200 OK"
2026-08-11 21:58:48.714 - httpx - INFO - HTTP Request: GET https://huggingface.co/api/resolve-cache/models/nvidia/NVIDIA-Nemotron-3.5-Lightning-30B-A3B-NVFP4/f9b0c83dc2e390069425f5b4d40006fd343d596c/chat_template.jinja "HTTP/1.1 200 OK"
2026-08-11 21:58:49.606 - httpx - INFO - HTTP Request: GET https://huggingface.co/api/models/nvidia/NVIDIA-Nemotron-3.5-Lightning-30B-A3B-NVFP4 "HTTP/1.1 200 OK"
2026-08-11 21:58:49.648 - aiperf.config.resolution.resolvers - INFO -   Cached nvidia/NVIDIA-Nemotron-3.5-Lightning-30B-A3B-NVFP4 (3.77s)
2026-08-11 21:58:49.680 - aiperf.config.resolution.resolvers - INFO - 1 tokenizer cached • 3.8s
2026-08-11 21:58:50.109 - server_metrics_manager - INFO - Server Metrics: Discovered 1 endpoints: ['http://localhost:8000/metrics']
2026-08-11 21:58:50.123 - GPUTelemetryJSONLWriter_d5f7cd9f - INFO - GPU telemetry export enabled: /output/gpu_telemetry_export.jsonl
2026-08-11 21:58:50.133 - OTelMetricsResultsProcessor_75390354 - INFO - Telemetry streaming is disabled (set --otel-url and/or --mlflow-tracking-uri to enable)
2026-08-11 21:58:50.137 - RecordExportJSONLWriter_958c5f86 - INFO - Record metrics export enabled: /output/profile_export.jsonl
2026-08-11 21:58:50.147 - system_controller - INFO - Registered Worker Manager (id: 'worker_manager')
2026-08-11 21:58:50.174 - system_controller - INFO - Registered Gpu Telemetry Manager (id: 'gpu_telemetry_manager')
2026-08-11 21:58:50.175 - system_controller - INFO - Registered Dataset Manager (id: 'dataset_manager')
2026-08-11 21:58:50.213 - system_controller - INFO - Registered Server Metrics Manager (id: 'server_metrics_manager')
2026-08-11 21:58:50.244 - system_controller - INFO - Registered Records Manager (id: 'records_manager')
2026-08-11 21:58:50.311 - system_controller - INFO - Registered Record Processor (id: 'record_processor_4725393b')
2026-08-11 21:58:50.391 - system_controller - INFO - Registered Timing Manager (id: 'timing_manager')
2026-08-11 21:58:50.422 - system_controller - INFO - Registered Worker (id: 'worker_75497b4c')
2026-08-11 21:58:50.532 - system_controller - INFO - AIPerf System is CONFIGURING
2026-08-11 21:58:50.532 - system_controller - INFO - Configuring all services to start profiling
2026-08-11 21:58:50.534 - InferenceResultParser_1f4f850f - INFO - Configuring tokenizers for inference result parser (resolve_alias: True)
2026-08-11 21:58:50.534 - timing_manager - INFO - Waiting for dataset to be configured before configuring timing
2026-08-11 21:58:50.534 - dataset_manager - INFO - Configuring tokenizer(s) for dataset manager
2026-08-11 21:58:50.544 - server_metrics_manager - INFO - Server Metrics: Capturing baseline metrics...
2026-08-11 21:58:50.556 - http://localhost:8000/metrics - INFO - Skipping unsupported summary metric: http_request_size_bytes
2026-08-11 21:58:50.556 - http://localhost:8000/metrics - INFO - Skipping unsupported summary metric: http_response_size_bytes
2026-08-11 21:58:50.557 - system_controller - INFO - Server metrics enabled - 1/1 endpoint(s) reachable.
2026-08-11 21:58:50.557 - system_controller - INFO - Waiting for result domains: profile, server_metrics, telemetry
2026-08-11 21:58:50.565 - gpu_telemetry_manager - INFO - GPU Telemetry: Capturing baseline metrics from pynvml://localhost
2026-08-11 21:58:50.575 - pynvml_collector - INFO - PyNVML initialized with 1 GPU(s) (0 with GPM support)
2026-08-11 21:58:50.590 - system_controller - INFO - DCGM telemetry enabled - 1/1 endpoint(s) reachable
2026-08-11 21:58:51.096 - httpx - INFO - HTTP Request: HEAD https://huggingface.co/nvidia/NVIDIA-Nemotron-3.5-Lightning-30B-A3B-NVFP4/resolve/main/config.json "HTTP/1.1 307 Temporary Redirect"
2026-08-11 21:58:51.098 - httpx - INFO - HTTP Request: HEAD https://huggingface.co/nvidia/NVIDIA-Nemotron-3.5-Lightning-30B-A3B-NVFP4/resolve/main/config.json "HTTP/1.1 307 Temporary Redirect"
2026-08-11 21:58:51.099 - huggingface_hub.utils._http - WARNING - Warning: You are sending unauthenticated requests to the HF Hub. Please set a HF_TOKEN to enable higher rate limits and faster downloads.
2026-08-11 21:58:51.110 - httpx - INFO - HTTP Request: HEAD https://huggingface.co/api/resolve-cache/models/nvidia/NVIDIA-Nemotron-3.5-Lightning-30B-A3B-NVFP4/f9b0c83dc2e390069425f5b4d40006fd343d596c/config.json "HTTP/1.1 200 OK"
2026-08-11 21:58:51.110 - httpx - INFO - HTTP Request: HEAD https://huggingface.co/api/resolve-cache/models/nvidia/NVIDIA-Nemotron-3.5-Lightning-30B-A3B-NVFP4/f9b0c83dc2e390069425f5b4d40006fd343d596c/config.json "HTTP/1.1 200 OK"
2026-08-11 21:58:51.243 - httpx - INFO - HTTP Request: HEAD https://huggingface.co/nvidia/NVIDIA-Nemotron-3.5-Lightning-30B-A3B-NVFP4/resolve/main/tokenizer_config.json "HTTP/1.1 307 Temporary Redirect"
2026-08-11 21:58:51.243 - huggingface_hub.utils._http - WARNING - Warning: You are sending unauthenticated requests to the HF Hub. Please set a HF_TOKEN to enable higher rate limits and faster downloads.
2026-08-11 21:58:51.245 - httpx - INFO - HTTP Request: HEAD https://huggingface.co/nvidia/NVIDIA-Nemotron-3.5-Lightning-30B-A3B-NVFP4/resolve/main/tokenizer_config.json "HTTP/1.1 307 Temporary Redirect"
2026-08-11 21:58:51.257 - httpx - INFO - HTTP Request: HEAD https://huggingface.co/api/resolve-cache/models/nvidia/NVIDIA-Nemotron-3.5-Lightning-30B-A3B-NVFP4/f9b0c83dc2e390069425f5b4d40006fd343d596c/tokenizer_config.json "HTTP/1.1 200 OK"
2026-08-11 21:58:51.263 - httpx - INFO - HTTP Request: HEAD https://huggingface.co/api/resolve-cache/models/nvidia/NVIDIA-Nemotron-3.5-Lightning-30B-A3B-NVFP4/f9b0c83dc2e390069425f5b4d40006fd343d596c/tokenizer_config.json "HTTP/1.1 200 OK"
2026-08-11 21:58:51.348 - httpx - INFO - HTTP Request: GET https://huggingface.co/api/models/nvidia/NVIDIA-Nemotron-3.5-Lightning-30B-A3B-NVFP4/tree/main/additional_chat_templates?recursive=false&expand=false "HTTP/1.1 404 Not Found"
2026-08-11 21:58:51.356 - httpx - INFO - HTTP Request: GET https://huggingface.co/api/models/nvidia/NVIDIA-Nemotron-3.5-Lightning-30B-A3B-NVFP4/tree/main/additional_chat_templates?recursive=false&expand=false "HTTP/1.1 404 Not Found"
2026-08-11 21:58:51.445 - httpx - INFO - HTTP Request: GET https://huggingface.co/api/models/nvidia/NVIDIA-Nemotron-3.5-Lightning-30B-A3B-NVFP4/tree/main?recursive=true&expand=false "HTTP/1.1 200 OK"
2026-08-11 21:58:51.445 - httpx - INFO - HTTP Request: GET https://huggingface.co/api/models/nvidia/NVIDIA-Nemotron-3.5-Lightning-30B-A3B-NVFP4/tree/main?recursive=true&expand=false "HTTP/1.1 200 OK"
2026-08-11 21:58:52.374 - httpx - INFO - HTTP Request: GET https://huggingface.co/api/models/nvidia/NVIDIA-Nemotron-3.5-Lightning-30B-A3B-NVFP4 "HTTP/1.1 200 OK"
2026-08-11 21:58:52.378 - httpx - INFO - HTTP Request: GET https://huggingface.co/api/models/nvidia/NVIDIA-Nemotron-3.5-Lightning-30B-A3B-NVFP4 "HTTP/1.1 200 OK"
2026-08-11 21:58:52.403 - dataset_manager - INFO - Tokenizer(s) configured in 1.87 seconds
2026-08-11 21:58:52.404 - dataset_manager - INFO - Configuring dataset for dataset_manager
2026-08-11 21:58:52.410 - InferenceResultParser_1f4f850f - INFO - Initialized tokenizers: {'nvidia/NVIDIA-Nemotron-3.5-Lightning-30B-A3B-NVFP4': {'class': 'TokenizersBackend', 'name_or_path': 'nvidia/NVIDIA-Nemotron-3.5-Lightning-30B-A3B-NVFP4'}} in 1.88 seconds
2026-08-11 21:58:52.637 - CustomDatasetComposer - INFO - Using explicit dataset format: multi_turn
2026-08-11 21:58:52.702 - MemoryMapDatasetBackingStore_620da1f0 - INFO - Memory-mapped backing store initialized (streaming to /tmp/aiperf_mmap_d60745c88f9f/dataset.dat)
2026-08-11 21:58:52.729 - MemoryMapDatasetBackingStore_620da1f0 - INFO - Data file finalized: 500 conversations, 1.29 MB
2026-08-11 21:58:52.730 - MemoryMapDatasetBackingStore_620da1f0 - INFO - Index file created: /tmp/aiperf_mmap_d60745c88f9f/index.dat
2026-08-11 21:58:52.730 - dataset_manager - INFO - Backing store finalized: client_type=DatasetClientStoreType.MEMORY_MAP format=MemoryMapFormat.CONVERSATION data_file_path=PosixPath('/tmp/aiperf_mmap_d60745c88f9f/dataset.dat') index_file_path=PosixPath('/tmp/aiperf_mmap_d60745c88f9f/index.dat') conversation_count=500 total_size_bytes=1353644 compressed=False compressed_data_file_path=None compressed_index_file_path=None compressed_size_bytes=0
2026-08-11 21:58:52.740 - dataset_manager - INFO - sampling strategy: sequential, unique conversations: 500, unique turn count: 1783
2026-08-11 21:58:52.744 - dataset_manager - INFO - Generating inputs.json file at /output/inputs.json
2026-08-11 21:58:52.751 - PhaseOrchestrator_ec51ecbb - INFO - Initialized 2 phase(s): ['Warmup', 'Profiling']
2026-08-11 21:58:52.759 - dataset_manager - INFO - inputs.json file generated in 0.01 seconds
2026-08-11 21:58:52.880 - dataset_manager - INFO - Dataset client initialized and freed 500 conversations from memory
2026-08-11 21:58:52.880 - dataset_manager - INFO - Dataset configured in 0.48 seconds
2026-08-11 21:58:52.881 - system_controller - INFO - All services configured in 2.35 seconds
2026-08-11 21:58:52.882 - system_controller - INFO - AIPerf System is CONFIGURED
2026-08-11 21:58:52.882 - server_metrics_manager - INFO - Server Metrics: Started 1 collector(s) successfully
2026-08-11 21:58:52.883 - system_controller - INFO - All services started profiling successfully
2026-08-11 21:58:52.883 - system_controller - INFO - AIPerf System is PROFILING
2026-08-11 21:58:52.886 - RateTiming - INFO - Creating interval generator: pattern=concurrency_burst, rate=None, smoothness=None
2026-08-11 21:58:52.886 - PhaseRunner - NOTICE - Phase warmup (warmup) started | phase_index=0 | target: 3 requests
2026-08-11 21:58:52.887 - records_manager - INFO - Credit phase start: warmup
2026-08-11 21:58:55.331 - PhaseRunner - NOTICE - Phase warmup (warmup) sending complete | sent=3, completed=2, in_flight=1 | sessions: sent=1, completed=0
2026-08-11 21:58:56.649 - PhaseRunner - NOTICE - Phase warmup (warmup) complete | completed=3, cancelled=0, errors=0 | sessions: completed=0, cancelled=0 | elapsed=3.76s
2026-08-11 21:58:56.651 - RateTiming - INFO - Creating interval generator: pattern=concurrency_burst, rate=None, smoothness=None
2026-08-11 21:58:56.651 - server_metrics_manager - INFO - Server Metrics: Warmup complete, capturing final warmup metrics...
2026-08-11 21:58:56.651 - PhaseRunner - NOTICE - Phase profiling (profiling) started | phase_index=1 | profiling_index=0 | target: 50 requests, 50 sessions
2026-08-11 21:58:56.652 - records_manager - INFO - Credit phase start: profiling
2026-08-11 22:00:10.149 - PhaseRunner - NOTICE - Phase profiling (profiling) sending complete | sent=50, completed=49, in_flight=1 | sessions: sent=16, completed=15
2026-08-11 22:00:10.151 - records_manager - INFO - Sent 50 requests. Waiting for all to complete...
2026-08-11 22:00:11.653 - PhaseRunner - NOTICE - Phase profiling (profiling) complete | completed=50, cancelled=0, errors=0 | sessions: completed=16, cancelled=0 | elapsed=75.00s
2026-08-11 22:00:11.653 - PhaseOrchestrator_ec51ecbb - NOTICE - All credits completed
2026-08-11 22:00:11.654 - system_controller - INFO - Received credits complete from 'timing_manager'
2026-08-11 22:00:11.655 - records_manager - INFO - Received CREDIT_PHASE_COMPLETE message, Phase complete: PhaseRecordsStats(phase=CreditPhase.PROFILING, phase_index=1, profiling_index=0, phase_name='profiling', phase_kind='profiling', start_ns=1786485536651461861, sent_end_ns=1786485610149940889, requests_end_ns=1786485611653664631, baseline_start_ns=1786485536651447285, baseline_end_ns=1786485611653669943, total_expected_requests=50, expected_duration_sec=None, expected_num_sessions=None, expected_grace_period_sec=None, final_requests_sent=None, final_requests_completed=50, final_requests_cancelled=0, final_request_errors=0, final_sent_sessions=None, final_completed_sessions=None, final_cancelled_sessions=None, timeout_triggered=False, grace_period_timeout_triggered=False, was_cancelled=False, records_end_ns=None, success_records=49, error_records=0)
2026-08-11 22:00:11.655 - records_manager - NOTICE - All requests have completed, please wait for the results to be processed (currently 49 of 50 records processed)...
2026-08-11 22:00:11.655 - records_manager - INFO - All credits complete, please wait for the results to be processed...
2026-08-11 22:00:11.658 - records_manager - INFO - Processed 50 valid requests and 0 errors (50 total).
2026-08-11 22:00:11.658 - records_manager - INFO - Received all records, processing now...
2026-08-11 22:00:11.659 - gpu_telemetry_manager - INFO - GPU Telemetry: Profiling complete, capturing final metrics...
2026-08-11 22:00:11.659 - server_metrics_manager - INFO - Server Metrics: Profiling complete, capturing final metrics...
2026-08-11 22:00:11.660 - records_manager - INFO - Waiting 2.0s for server metrics flush period...
2026-08-11 22:00:13.655 - records_manager - INFO - Processing records results...
2026-08-11 22:00:13.835 - system_controller - INFO - Waiting for result domains: server_metrics, telemetry
2026-08-11 22:00:13.835 - system_controller - INFO - Waiting for result domains: server_metrics
2026-08-11 22:00:13.899 - records_manager - INFO - _finalize_and_process_results completed
2026-08-11 22:00:13.902 - system_controller - INFO - All results received, initiating shutdown
2026-08-11 22:00:14.506 - ExporterManager - INFO - Exporting all records
2026-08-11 22:00:14.585 - ExporterManager - INFO - Exporting console data
