2026-08-16 10:34:48.742 - aiperf.cli_runner._single_run - INFO - Starting AIPerf System
2026-08-16 10:34:49.205 - httpx - INFO - HTTP Request: GET https://huggingface.co/api/models/nvidia/NVIDIA-Nemotron-3.5-Lightning-30B-A3B-NVFP4 "HTTP/1.1 200 OK"
2026-08-16 10:34:49.216 - aiperf.config.resolution.resolvers - INFO - [OK] Tokenizer nvidia/NVIDIA-Nemotron-3.5-Lightning-30B-A3B-NVFP4 detected
2026-08-16 10:34:49.216 - aiperf.config.resolution.resolvers - INFO - 1 tokenizer validated | 0.5s
2026-08-16 10:34:49.216 - aiperf.config.resolution.resolvers - INFO - Prefetching 1 tokenizer into HF cache...
2026-08-16 10:34:50.300 - httpx - INFO - HTTP Request: HEAD https://huggingface.co/nvidia/NVIDIA-Nemotron-3.5-Lightning-30B-A3B-NVFP4/resolve/main/config.json "HTTP/1.1 307 Temporary Redirect"
2026-08-16 10:34:50.300 - huggingface_hub.utils._http - WARNING - Warning: You are sending unauthenticated requests to the HF Hub. Please set a HF_TOKEN to enable higher rate limits and faster downloads.
2026-08-16 10:34:50.310 - httpx - INFO - HTTP Request: HEAD https://huggingface.co/api/resolve-cache/models/nvidia/NVIDIA-Nemotron-3.5-Lightning-30B-A3B-NVFP4/6dbbd757ea75a8ece6e0702872e3ae53f9987728/config.json "HTTP/1.1 200 OK"
2026-08-16 10:34:50.324 - httpx - INFO - HTTP Request: GET https://huggingface.co/api/resolve-cache/models/nvidia/NVIDIA-Nemotron-3.5-Lightning-30B-A3B-NVFP4/6dbbd757ea75a8ece6e0702872e3ae53f9987728/config.json "HTTP/1.1 200 OK"
2026-08-16 10:34:50.486 - httpx - INFO - HTTP Request: HEAD https://huggingface.co/nvidia/NVIDIA-Nemotron-3.5-Lightning-30B-A3B-NVFP4/resolve/main/tokenizer_config.json "HTTP/1.1 307 Temporary Redirect"
2026-08-16 10:34:50.495 - httpx - INFO - HTTP Request: HEAD https://huggingface.co/api/resolve-cache/models/nvidia/NVIDIA-Nemotron-3.5-Lightning-30B-A3B-NVFP4/6dbbd757ea75a8ece6e0702872e3ae53f9987728/tokenizer_config.json "HTTP/1.1 200 OK"
2026-08-16 10:34:50.505 - httpx - INFO - HTTP Request: GET https://huggingface.co/api/resolve-cache/models/nvidia/NVIDIA-Nemotron-3.5-Lightning-30B-A3B-NVFP4/6dbbd757ea75a8ece6e0702872e3ae53f9987728/tokenizer_config.json "HTTP/1.1 200 OK"
2026-08-16 10:34:50.588 - httpx - INFO - HTTP Request: GET https://huggingface.co/api/models/nvidia/NVIDIA-Nemotron-3.5-Lightning-30B-A3B-NVFP4/tree/main/additional_chat_templates?recursive=false&expand=false "HTTP/1.1 404 Not Found"
2026-08-16 10:34:50.706 - httpx - INFO - HTTP Request: GET https://huggingface.co/api/models/nvidia/NVIDIA-Nemotron-3.5-Lightning-30B-A3B-NVFP4/tree/main?recursive=true&expand=false "HTTP/1.1 200 OK"
2026-08-16 10:34:50.796 - httpx - INFO - HTTP Request: HEAD https://huggingface.co/nvidia/NVIDIA-Nemotron-3.5-Lightning-30B-A3B-NVFP4/resolve/main/tokenizer.json "HTTP/1.1 302 Found"
2026-08-16 10:34:50.886 - httpx - INFO - HTTP Request: GET https://huggingface.co/api/models/nvidia/NVIDIA-Nemotron-3.5-Lightning-30B-A3B-NVFP4/xet-read-token/6dbbd757ea75a8ece6e0702872e3ae53f9987728 "HTTP/1.1 200 OK"
2026-08-16 10:34:51.675 - httpx - INFO - HTTP Request: HEAD https://huggingface.co/nvidia/NVIDIA-Nemotron-3.5-Lightning-30B-A3B-NVFP4/resolve/main/tokenizer.model "HTTP/1.1 404 Not Found"
2026-08-16 10:34:51.758 - httpx - INFO - HTTP Request: HEAD https://huggingface.co/nvidia/NVIDIA-Nemotron-3.5-Lightning-30B-A3B-NVFP4/resolve/main/added_tokens.json "HTTP/1.1 404 Not Found"
2026-08-16 10:34:51.871 - httpx - INFO - HTTP Request: HEAD https://huggingface.co/nvidia/NVIDIA-Nemotron-3.5-Lightning-30B-A3B-NVFP4/resolve/main/special_tokens_map.json "HTTP/1.1 307 Temporary Redirect"
2026-08-16 10:34:51.881 - httpx - INFO - HTTP Request: HEAD https://huggingface.co/api/resolve-cache/models/nvidia/NVIDIA-Nemotron-3.5-Lightning-30B-A3B-NVFP4/6dbbd757ea75a8ece6e0702872e3ae53f9987728/special_tokens_map.json "HTTP/1.1 200 OK"
2026-08-16 10:34:51.890 - httpx - INFO - HTTP Request: GET https://huggingface.co/api/resolve-cache/models/nvidia/NVIDIA-Nemotron-3.5-Lightning-30B-A3B-NVFP4/6dbbd757ea75a8ece6e0702872e3ae53f9987728/special_tokens_map.json "HTTP/1.1 200 OK"
2026-08-16 10:34:51.967 - httpx - INFO - HTTP Request: HEAD https://huggingface.co/nvidia/NVIDIA-Nemotron-3.5-Lightning-30B-A3B-NVFP4/resolve/main/chat_template.jinja "HTTP/1.1 307 Temporary Redirect"
2026-08-16 10:34:51.977 - httpx - INFO - HTTP Request: HEAD https://huggingface.co/api/resolve-cache/models/nvidia/NVIDIA-Nemotron-3.5-Lightning-30B-A3B-NVFP4/6dbbd757ea75a8ece6e0702872e3ae53f9987728/chat_template.jinja "HTTP/1.1 200 OK"
2026-08-16 10:34:51.987 - httpx - INFO - HTTP Request: GET https://huggingface.co/api/resolve-cache/models/nvidia/NVIDIA-Nemotron-3.5-Lightning-30B-A3B-NVFP4/6dbbd757ea75a8ece6e0702872e3ae53f9987728/chat_template.jinja "HTTP/1.1 200 OK"
2026-08-16 10:34:52.871 - httpx - INFO - HTTP Request: GET https://huggingface.co/api/models/nvidia/NVIDIA-Nemotron-3.5-Lightning-30B-A3B-NVFP4 "HTTP/1.1 200 OK"
2026-08-16 10:34:52.929 - aiperf.config.resolution.resolvers - INFO -   Cached nvidia/NVIDIA-Nemotron-3.5-Lightning-30B-A3B-NVFP4 (3.70s)
2026-08-16 10:34:52.985 - aiperf.config.resolution.resolvers - INFO - 1 tokenizer cached • 3.8s
2026-08-16 10:34:53.409 - server_metrics_manager - INFO - Server Metrics: Discovered 1 endpoints: ['http://localhost:8000/metrics']
2026-08-16 10:34:53.466 - system_controller - INFO - Registered Worker Manager (id: 'worker_manager')
2026-08-16 10:34:53.474 - GPUTelemetryJSONLWriter_abb89019 - INFO - GPU telemetry export enabled: /output/gpu_telemetry_export.jsonl
2026-08-16 10:34:53.485 - OTelMetricsResultsProcessor_f713c9e5 - INFO - Telemetry streaming is disabled (set --otel-url and/or --mlflow-tracking-uri to enable)
2026-08-16 10:34:53.486 - RecordExportJSONLWriter_e70779c8 - INFO - Record metrics export enabled: /output/profile_export.jsonl
2026-08-16 10:34:53.570 - system_controller - INFO - Registered Gpu Telemetry Manager (id: 'gpu_telemetry_manager')
2026-08-16 10:34:53.571 - system_controller - INFO - Registered Dataset Manager (id: 'dataset_manager')
2026-08-16 10:34:53.572 - system_controller - INFO - Registered Server Metrics Manager (id: 'server_metrics_manager')
2026-08-16 10:34:53.593 - system_controller - INFO - Registered Records Manager (id: 'records_manager')
2026-08-16 10:34:53.637 - system_controller - INFO - Registered Record Processor (id: 'record_processor_3a0ab5e0')
2026-08-16 10:34:53.644 - system_controller - INFO - Registered Record Processor (id: 'record_processor_7a2256d4')
2026-08-16 10:34:53.705 - system_controller - INFO - Registered Timing Manager (id: 'timing_manager')
2026-08-16 10:34:53.742 - system_controller - INFO - Registered Record Processor (id: 'record_processor_0902f911')
2026-08-16 10:34:53.857 - system_controller - INFO - AIPerf System is CONFIGURING
2026-08-16 10:34:53.857 - system_controller - INFO - Configuring all services to start profiling
2026-08-16 10:34:53.865 - timing_manager - INFO - Waiting for dataset to be configured before configuring timing
2026-08-16 10:34:53.865 - InferenceResultParser_eef3b454 - INFO - Configuring tokenizers for inference result parser (resolve_alias: True)
2026-08-16 10:34:53.866 - InferenceResultParser_4cf63924 - INFO - Configuring tokenizers for inference result parser (resolve_alias: True)
2026-08-16 10:34:53.865 - InferenceResultParser_e20e7d3b - INFO - Configuring tokenizers for inference result parser (resolve_alias: True)
2026-08-16 10:34:53.867 - dataset_manager - INFO - Configuring tokenizer(s) for dataset manager
2026-08-16 10:34:53.876 - server_metrics_manager - INFO - Server Metrics: Capturing baseline metrics...
2026-08-16 10:34:53.891 - system_controller - INFO - Registered Worker (id: 'worker_204ddfa8')
2026-08-16 10:34:53.895 - http://localhost:8000/metrics - INFO - Skipping unsupported summary metric: http_request_size_bytes
2026-08-16 10:34:53.895 - http://localhost:8000/metrics - INFO - Skipping unsupported summary metric: http_response_size_bytes
2026-08-16 10:34:53.897 - system_controller - INFO - Server metrics enabled - 1/1 endpoint(s) reachable.
2026-08-16 10:34:53.897 - system_controller - INFO - Waiting for result domains: profile, server_metrics, telemetry
2026-08-16 10:34:53.898 - system_controller - INFO - Registered Worker (id: 'worker_f92690b8')
2026-08-16 10:34:53.898 - gpu_telemetry_manager - INFO - GPU Telemetry: Capturing baseline metrics from pynvml://localhost
2026-08-16 10:34:53.909 - pynvml_collector - INFO - PyNVML initialized with 1 GPU(s) (0 with GPM support)
2026-08-16 10:34:53.912 - system_controller - INFO - Registered Worker (id: 'worker_366fb20c')
2026-08-16 10:34:53.921 - system_controller - INFO - Registered Worker (id: 'worker_16f24dde')
2026-08-16 10:34:53.925 - system_controller - INFO - DCGM telemetry enabled - 1/1 endpoint(s) reachable
2026-08-16 10:34:53.939 - system_controller - INFO - Registered Worker (id: 'worker_6f46b843')
2026-08-16 10:34:53.943 - system_controller - INFO - Registered Worker (id: 'worker_e81031d3')
2026-08-16 10:34:53.956 - system_controller - INFO - Registered Worker (id: 'worker_343b171d')
2026-08-16 10:34:53.964 - system_controller - INFO - Registered Worker (id: 'worker_a3299c9d')
2026-08-16 10:34:53.973 - system_controller - INFO - Registered Worker (id: 'worker_7b40acf5')
2026-08-16 10:34:53.974 - system_controller - INFO - Registered Worker (id: 'worker_6c790ea0')
2026-08-16 10:34:53.985 - system_controller - INFO - Registered Worker (id: 'worker_c694693e')
2026-08-16 10:34:54.003 - system_controller - INFO - Registered Worker (id: 'worker_70b7cc5c')
2026-08-16 10:34:54.003 - system_controller - INFO - Registered Worker (id: 'worker_a12db44a')
2026-08-16 10:34:54.008 - system_controller - INFO - Registered Worker (id: 'worker_23b2bf89')
2026-08-16 10:34:54.405 - httpx - INFO - HTTP Request: HEAD https://huggingface.co/nvidia/NVIDIA-Nemotron-3.5-Lightning-30B-A3B-NVFP4/resolve/main/config.json "HTTP/1.1 307 Temporary Redirect"
2026-08-16 10:34:54.406 - huggingface_hub.utils._http - WARNING - Warning: You are sending unauthenticated requests to the HF Hub. Please set a HF_TOKEN to enable higher rate limits and faster downloads.
2026-08-16 10:34:54.412 - httpx - INFO - HTTP Request: HEAD https://huggingface.co/nvidia/NVIDIA-Nemotron-3.5-Lightning-30B-A3B-NVFP4/resolve/main/config.json "HTTP/1.1 307 Temporary Redirect"
2026-08-16 10:34:54.413 - huggingface_hub.utils._http - WARNING - Warning: You are sending unauthenticated requests to the HF Hub. Please set a HF_TOKEN to enable higher rate limits and faster downloads.
2026-08-16 10:34:54.417 - httpx - INFO - HTTP Request: HEAD https://huggingface.co/api/resolve-cache/models/nvidia/NVIDIA-Nemotron-3.5-Lightning-30B-A3B-NVFP4/6dbbd757ea75a8ece6e0702872e3ae53f9987728/config.json "HTTP/1.1 200 OK"
2026-08-16 10:34:54.417 - httpx - INFO - HTTP Request: HEAD https://huggingface.co/nvidia/NVIDIA-Nemotron-3.5-Lightning-30B-A3B-NVFP4/resolve/main/config.json "HTTP/1.1 307 Temporary Redirect"
2026-08-16 10:34:54.418 - huggingface_hub.utils._http - WARNING - Warning: You are sending unauthenticated requests to the HF Hub. Please set a HF_TOKEN to enable higher rate limits and faster downloads.
2026-08-16 10:34:54.423 - httpx - INFO - HTTP Request: HEAD https://huggingface.co/api/resolve-cache/models/nvidia/NVIDIA-Nemotron-3.5-Lightning-30B-A3B-NVFP4/6dbbd757ea75a8ece6e0702872e3ae53f9987728/config.json "HTTP/1.1 200 OK"
2026-08-16 10:34:54.427 - httpx - INFO - HTTP Request: HEAD https://huggingface.co/api/resolve-cache/models/nvidia/NVIDIA-Nemotron-3.5-Lightning-30B-A3B-NVFP4/6dbbd757ea75a8ece6e0702872e3ae53f9987728/config.json "HTTP/1.1 200 OK"
2026-08-16 10:34:54.440 - httpx - INFO - HTTP Request: HEAD https://huggingface.co/nvidia/NVIDIA-Nemotron-3.5-Lightning-30B-A3B-NVFP4/resolve/main/config.json "HTTP/1.1 307 Temporary Redirect"
2026-08-16 10:34:54.440 - huggingface_hub.utils._http - WARNING - Warning: You are sending unauthenticated requests to the HF Hub. Please set a HF_TOKEN to enable higher rate limits and faster downloads.
2026-08-16 10:34:54.450 - httpx - INFO - HTTP Request: HEAD https://huggingface.co/api/resolve-cache/models/nvidia/NVIDIA-Nemotron-3.5-Lightning-30B-A3B-NVFP4/6dbbd757ea75a8ece6e0702872e3ae53f9987728/config.json "HTTP/1.1 200 OK"
2026-08-16 10:34:54.548 - httpx - INFO - HTTP Request: HEAD https://huggingface.co/nvidia/NVIDIA-Nemotron-3.5-Lightning-30B-A3B-NVFP4/resolve/main/tokenizer_config.json "HTTP/1.1 307 Temporary Redirect"
2026-08-16 10:34:54.554 - httpx - INFO - HTTP Request: HEAD https://huggingface.co/nvidia/NVIDIA-Nemotron-3.5-Lightning-30B-A3B-NVFP4/resolve/main/tokenizer_config.json "HTTP/1.1 307 Temporary Redirect"
2026-08-16 10:34:54.559 - httpx - INFO - HTTP Request: HEAD https://huggingface.co/api/resolve-cache/models/nvidia/NVIDIA-Nemotron-3.5-Lightning-30B-A3B-NVFP4/6dbbd757ea75a8ece6e0702872e3ae53f9987728/tokenizer_config.json "HTTP/1.1 200 OK"
2026-08-16 10:34:54.561 - httpx - INFO - HTTP Request: HEAD https://huggingface.co/nvidia/NVIDIA-Nemotron-3.5-Lightning-30B-A3B-NVFP4/resolve/main/tokenizer_config.json "HTTP/1.1 307 Temporary Redirect"
2026-08-16 10:34:54.565 - httpx - INFO - HTTP Request: HEAD https://huggingface.co/api/resolve-cache/models/nvidia/NVIDIA-Nemotron-3.5-Lightning-30B-A3B-NVFP4/6dbbd757ea75a8ece6e0702872e3ae53f9987728/tokenizer_config.json "HTTP/1.1 200 OK"
2026-08-16 10:34:54.572 - httpx - INFO - HTTP Request: HEAD https://huggingface.co/api/resolve-cache/models/nvidia/NVIDIA-Nemotron-3.5-Lightning-30B-A3B-NVFP4/6dbbd757ea75a8ece6e0702872e3ae53f9987728/tokenizer_config.json "HTTP/1.1 200 OK"
2026-08-16 10:34:54.579 - httpx - INFO - HTTP Request: HEAD https://huggingface.co/nvidia/NVIDIA-Nemotron-3.5-Lightning-30B-A3B-NVFP4/resolve/main/tokenizer_config.json "HTTP/1.1 307 Temporary Redirect"
2026-08-16 10:34:54.587 - httpx - INFO - HTTP Request: HEAD https://huggingface.co/api/resolve-cache/models/nvidia/NVIDIA-Nemotron-3.5-Lightning-30B-A3B-NVFP4/6dbbd757ea75a8ece6e0702872e3ae53f9987728/tokenizer_config.json "HTTP/1.1 200 OK"
2026-08-16 10:34:54.643 - httpx - INFO - HTTP Request: GET https://huggingface.co/api/models/nvidia/NVIDIA-Nemotron-3.5-Lightning-30B-A3B-NVFP4/tree/main/additional_chat_templates?recursive=false&expand=false "HTTP/1.1 404 Not Found"
2026-08-16 10:34:54.644 - httpx - INFO - HTTP Request: GET https://huggingface.co/api/models/nvidia/NVIDIA-Nemotron-3.5-Lightning-30B-A3B-NVFP4/tree/main/additional_chat_templates?recursive=false&expand=false "HTTP/1.1 404 Not Found"
2026-08-16 10:34:54.655 - httpx - INFO - HTTP Request: GET https://huggingface.co/api/models/nvidia/NVIDIA-Nemotron-3.5-Lightning-30B-A3B-NVFP4/tree/main/additional_chat_templates?recursive=false&expand=false "HTTP/1.1 404 Not Found"
2026-08-16 10:34:54.670 - httpx - INFO - HTTP Request: GET https://huggingface.co/api/models/nvidia/NVIDIA-Nemotron-3.5-Lightning-30B-A3B-NVFP4/tree/main/additional_chat_templates?recursive=false&expand=false "HTTP/1.1 404 Not Found"
2026-08-16 10:34:54.726 - httpx - INFO - HTTP Request: GET https://huggingface.co/api/models/nvidia/NVIDIA-Nemotron-3.5-Lightning-30B-A3B-NVFP4/tree/main?recursive=true&expand=false "HTTP/1.1 200 OK"
2026-08-16 10:34:54.730 - httpx - INFO - HTTP Request: GET https://huggingface.co/api/models/nvidia/NVIDIA-Nemotron-3.5-Lightning-30B-A3B-NVFP4/tree/main?recursive=true&expand=false "HTTP/1.1 200 OK"
2026-08-16 10:34:54.739 - httpx - INFO - HTTP Request: GET https://huggingface.co/api/models/nvidia/NVIDIA-Nemotron-3.5-Lightning-30B-A3B-NVFP4/tree/main?recursive=true&expand=false "HTTP/1.1 200 OK"
2026-08-16 10:34:54.752 - httpx - INFO - HTTP Request: GET https://huggingface.co/api/models/nvidia/NVIDIA-Nemotron-3.5-Lightning-30B-A3B-NVFP4/tree/main?recursive=true&expand=false "HTTP/1.1 200 OK"
2026-08-16 10:34:55.720 - httpx - INFO - HTTP Request: GET https://huggingface.co/api/models/nvidia/NVIDIA-Nemotron-3.5-Lightning-30B-A3B-NVFP4 "HTTP/1.1 200 OK"
2026-08-16 10:34:55.721 - httpx - INFO - HTTP Request: GET https://huggingface.co/api/models/nvidia/NVIDIA-Nemotron-3.5-Lightning-30B-A3B-NVFP4 "HTTP/1.1 200 OK"
2026-08-16 10:34:55.730 - httpx - INFO - HTTP Request: GET https://huggingface.co/api/models/nvidia/NVIDIA-Nemotron-3.5-Lightning-30B-A3B-NVFP4 "HTTP/1.1 200 OK"
2026-08-16 10:34:55.743 - httpx - INFO - HTTP Request: GET https://huggingface.co/api/models/nvidia/NVIDIA-Nemotron-3.5-Lightning-30B-A3B-NVFP4 "HTTP/1.1 200 OK"
2026-08-16 10:34:55.747 - InferenceResultParser_e20e7d3b - INFO - Initialized tokenizers: {'nvidia/NVIDIA-Nemotron-3.5-Lightning-30B-A3B-NVFP4': {'class': 'TokenizersBackend', 'name_or_path': 'nvidia/NVIDIA-Nemotron-3.5-Lightning-30B-A3B-NVFP4'}} in 1.88 seconds
2026-08-16 10:34:55.755 - InferenceResultParser_eef3b454 - INFO - Initialized tokenizers: {'nvidia/NVIDIA-Nemotron-3.5-Lightning-30B-A3B-NVFP4': {'class': 'TokenizersBackend', 'name_or_path': 'nvidia/NVIDIA-Nemotron-3.5-Lightning-30B-A3B-NVFP4'}} in 1.89 seconds
2026-08-16 10:34:55.759 - dataset_manager - INFO - Tokenizer(s) configured in 1.89 seconds
2026-08-16 10:34:55.759 - dataset_manager - INFO - Configuring dataset for dataset_manager
2026-08-16 10:34:55.775 - InferenceResultParser_4cf63924 - INFO - Initialized tokenizers: {'nvidia/NVIDIA-Nemotron-3.5-Lightning-30B-A3B-NVFP4': {'class': 'TokenizersBackend', 'name_or_path': 'nvidia/NVIDIA-Nemotron-3.5-Lightning-30B-A3B-NVFP4'}} in 1.91 seconds
2026-08-16 10:34:56.005 - CustomDatasetComposer - INFO - Using explicit dataset format: multi_turn
2026-08-16 10:34:56.071 - MemoryMapDatasetBackingStore_3173936c - INFO - Memory-mapped backing store initialized (streaming to /tmp/aiperf_mmap_b89c20567a80/dataset.dat)
2026-08-16 10:34:56.094 - MemoryMapDatasetBackingStore_3173936c - INFO - Data file finalized: 500 conversations, 1.29 MB
2026-08-16 10:34:56.095 - MemoryMapDatasetBackingStore_3173936c - INFO - Index file created: /tmp/aiperf_mmap_b89c20567a80/index.dat
2026-08-16 10:34:56.095 - dataset_manager - INFO - Backing store finalized: client_type=DatasetClientStoreType.MEMORY_MAP format=MemoryMapFormat.CONVERSATION data_file_path=PosixPath('/tmp/aiperf_mmap_b89c20567a80/dataset.dat') index_file_path=PosixPath('/tmp/aiperf_mmap_b89c20567a80/index.dat') conversation_count=500 total_size_bytes=1353406 compressed=False compressed_data_file_path=None compressed_index_file_path=None compressed_size_bytes=0
2026-08-16 10:34:56.104 - dataset_manager - INFO - sampling strategy: sequential, unique conversations: 500, unique turn count: 1783
2026-08-16 10:34:56.109 - dataset_manager - INFO - Generating inputs.json file at /output/inputs.json
2026-08-16 10:34:56.117 - system_controller - WARNING - Received command response for service we were not expecting: worker_f92690b8. Ignoring.
2026-08-16 10:34:56.118 - system_controller - WARNING - Received command response for service we were not expecting: worker_366fb20c. Ignoring.
2026-08-16 10:34:56.122 - system_controller - WARNING - Received command response for service we were not expecting: worker_204ddfa8. Ignoring.
2026-08-16 10:34:56.125 - system_controller - WARNING - Received command response for service we were not expecting: worker_e81031d3. Ignoring.
2026-08-16 10:34:56.125 - system_controller - WARNING - Received command response for service we were not expecting: worker_16f24dde. Ignoring.
2026-08-16 10:34:56.126 - system_controller - WARNING - Received command response for service we were not expecting: worker_6f46b843. Ignoring.
2026-08-16 10:34:56.126 - PhaseOrchestrator_899f2892 - INFO - Initialized 2 phase(s): ['Warmup', 'Profiling']
2026-08-16 10:34:56.126 - dataset_manager - INFO - inputs.json file generated in 0.02 seconds
2026-08-16 10:34:56.247 - dataset_manager - INFO - Dataset client initialized and freed 500 conversations from memory
2026-08-16 10:34:56.248 - dataset_manager - INFO - Dataset configured in 0.49 seconds
2026-08-16 10:34:56.249 - system_controller - INFO - All services configured in 2.39 seconds
2026-08-16 10:34:56.249 - system_controller - INFO - AIPerf System is CONFIGURED
2026-08-16 10:34:56.250 - server_metrics_manager - INFO - Server Metrics: Started 1 collector(s) successfully
2026-08-16 10:34:56.251 - system_controller - INFO - All services started profiling successfully
2026-08-16 10:34:56.251 - system_controller - INFO - AIPerf System is PROFILING
2026-08-16 10:34:56.254 - RateTiming - INFO - Creating interval generator: pattern=concurrency_burst, rate=None, smoothness=None
2026-08-16 10:34:56.254 - PhaseRunner - NOTICE - Phase warmup (warmup) started | phase_index=0 | target: 3 requests
2026-08-16 10:34:56.255 - PhaseRunner - NOTICE - Phase warmup (warmup) sending complete | sent=3, completed=0, in_flight=3 | sessions: sent=3, completed=0
2026-08-16 10:34:56.255 - records_manager - INFO - Credit phase start: warmup
2026-08-16 10:35:01.230 - PhaseRunner - NOTICE - Phase warmup (warmup) complete | completed=3, cancelled=0, errors=0 | sessions: completed=1, cancelled=0 | elapsed=4.98s
2026-08-16 10:35:01.231 - server_metrics_manager - INFO - Server Metrics: Warmup complete, capturing final warmup metrics...
2026-08-16 10:35:01.232 - RateTiming - INFO - Creating interval generator: pattern=concurrency_burst, rate=None, smoothness=None
2026-08-16 10:35:01.232 - PhaseRunner - NOTICE - Phase profiling (profiling) started | phase_index=1 | profiling_index=0 | target: 50 requests, 50 sessions
2026-08-16 10:35:01.233 - records_manager - INFO - Credit phase start: profiling
2026-08-16 10:35:01.235 - PhaseRunner - NOTICE - Phase profiling (profiling) sending complete | sent=50, completed=0, in_flight=50 | sessions: sent=50, completed=0
2026-08-16 10:35:01.236 - records_manager - INFO - Sent 50 requests. Waiting for all to complete...
2026-08-16 10:35:15.562 - PhaseRunner - NOTICE - Phase profiling (profiling) complete | completed=50, cancelled=0, errors=0 | sessions: completed=10, cancelled=0 | elapsed=14.33s
2026-08-16 10:35:15.562 - PhaseOrchestrator_899f2892 - NOTICE - All credits completed
2026-08-16 10:35:15.563 - system_controller - INFO - Received credits complete from 'timing_manager'
2026-08-16 10:35:15.564 - records_manager - INFO - Received CREDIT_PHASE_COMPLETE message, Phase complete: PhaseRecordsStats(phase=CreditPhase.PROFILING, phase_index=1, profiling_index=0, phase_name='profiling', phase_kind='profiling', start_ns=1786876501232442879, sent_end_ns=1786876501235617061, requests_end_ns=1786876515561679219, baseline_start_ns=1786876501232430831, baseline_end_ns=1786876515561693683, total_expected_requests=50, expected_duration_sec=None, expected_num_sessions=None, expected_grace_period_sec=None, final_requests_sent=None, final_requests_completed=50, final_requests_cancelled=0, final_request_errors=0, final_sent_sessions=None, final_completed_sessions=None, final_cancelled_sessions=None, timeout_triggered=False, grace_period_timeout_triggered=False, was_cancelled=False, records_end_ns=None, success_records=49, error_records=0)
2026-08-16 10:35:15.564 - records_manager - NOTICE - All requests have completed, please wait for the results to be processed (currently 49 of 50 records processed)...
2026-08-16 10:35:15.564 - records_manager - INFO - All credits complete, please wait for the results to be processed...
2026-08-16 10:35:15.569 - records_manager - INFO - Processed 50 valid requests and 0 errors (50 total).
2026-08-16 10:35:15.570 - records_manager - INFO - Received all records, processing now...
2026-08-16 10:35:15.571 - gpu_telemetry_manager - INFO - GPU Telemetry: Profiling complete, capturing final metrics...
2026-08-16 10:35:15.573 - records_manager - INFO - Waiting 2.0s for server metrics flush period...
2026-08-16 10:35:15.581 - server_metrics_manager - INFO - Server Metrics: Profiling complete, capturing final metrics...
2026-08-16 10:35:17.562 - records_manager - INFO - Processing records results...
2026-08-16 10:35:17.701 - system_controller - INFO - Waiting for result domains: server_metrics, telemetry
2026-08-16 10:35:17.702 - system_controller - INFO - Waiting for result domains: server_metrics
2026-08-16 10:35:17.719 - records_manager - INFO - _finalize_and_process_results completed
2026-08-16 10:35:17.722 - system_controller - INFO - All results received, initiating shutdown
2026-08-16 10:35:18.335 - ExporterManager - INFO - Exporting all records
2026-08-16 10:35:18.519 - ExporterManager - INFO - Exporting console data
