2026-08-13 02:57:04.536 - aiperf.cli_runner._single_run - INFO - Starting AIPerf System
2026-08-13 02:57:04.966 - httpx - INFO - HTTP Request: GET https://huggingface.co/api/models/meta-models/Muse-Glimmer-30B "HTTP/1.1 200 OK"
2026-08-13 02:57:04.970 - aiperf.config.resolution.resolvers - INFO - [OK] Tokenizer meta-models/Muse-Glimmer-30B detected
2026-08-13 02:57:04.970 - aiperf.config.resolution.resolvers - INFO - 1 tokenizer validated | 0.4s
2026-08-13 02:57:04.970 - aiperf.config.resolution.resolvers - INFO - Prefetching 1 tokenizer into HF cache...
2026-08-13 02:57:05.738 - httpx - INFO - HTTP Request: HEAD https://huggingface.co/meta-models/Muse-Glimmer-30B/resolve/main/config.json "HTTP/1.1 307 Temporary Redirect"
2026-08-13 02:57:05.738 - huggingface_hub.utils._http - WARNING - Warning: You are sending unauthenticated requests to the HF Hub. Please set a HF_TOKEN to enable higher rate limits and faster downloads.
2026-08-13 02:57:05.757 - httpx - INFO - HTTP Request: HEAD https://huggingface.co/api/resolve-cache/models/meta-models/Muse-Glimmer-30B/a4e59da52a7bc87ae7251dd5545c0dd437c44b68/config.json "HTTP/1.1 200 OK"
2026-08-13 02:57:05.775 - httpx - INFO - HTTP Request: GET https://huggingface.co/api/resolve-cache/models/meta-models/Muse-Glimmer-30B/a4e59da52a7bc87ae7251dd5545c0dd437c44b68/config.json "HTTP/1.1 200 OK"
2026-08-13 02:57:05.859 - httpx - INFO - HTTP Request: HEAD https://huggingface.co/meta-models/Muse-Glimmer-30B/resolve/main/config.json "HTTP/1.1 307 Temporary Redirect"
2026-08-13 02:57:05.887 - httpx - INFO - HTTP Request: HEAD https://huggingface.co/api/resolve-cache/models/meta-models/Muse-Glimmer-30B/a4e59da52a7bc87ae7251dd5545c0dd437c44b68/config.json "HTTP/1.1 200 OK"
2026-08-13 02:57:05.976 - httpx - INFO - HTTP Request: HEAD https://huggingface.co/meta-models/Muse-Glimmer-30B/resolve/main/tokenizer_config.json "HTTP/1.1 307 Temporary Redirect"
2026-08-13 02:57:05.995 - httpx - INFO - HTTP Request: HEAD https://huggingface.co/api/resolve-cache/models/meta-models/Muse-Glimmer-30B/a4e59da52a7bc87ae7251dd5545c0dd437c44b68/tokenizer_config.json "HTTP/1.1 200 OK"
2026-08-13 02:57:06.012 - httpx - INFO - HTTP Request: GET https://huggingface.co/api/resolve-cache/models/meta-models/Muse-Glimmer-30B/a4e59da52a7bc87ae7251dd5545c0dd437c44b68/tokenizer_config.json "HTTP/1.1 200 OK"
2026-08-13 02:57:06.102 - httpx - INFO - HTTP Request: GET https://huggingface.co/api/models/meta-models/Muse-Glimmer-30B/tree/main/additional_chat_templates?recursive=false&expand=false "HTTP/1.1 404 Not Found"
2026-08-13 02:57:06.193 - httpx - INFO - HTTP Request: GET https://huggingface.co/api/models/meta-models/Muse-Glimmer-30B/tree/main?recursive=true&expand=false "HTTP/1.1 200 OK"
2026-08-13 02:57:06.281 - httpx - INFO - HTTP Request: HEAD https://huggingface.co/meta-models/Muse-Glimmer-30B/resolve/main/tokenizer.json "HTTP/1.1 302 Found"
2026-08-13 02:57:06.375 - httpx - INFO - HTTP Request: GET https://huggingface.co/api/models/meta-models/Muse-Glimmer-30B/xet-read-token/a4e59da52a7bc87ae7251dd5545c0dd437c44b68 "HTTP/1.1 200 OK"
2026-08-13 02:57:07.373 - httpx - INFO - HTTP Request: HEAD https://huggingface.co/meta-models/Muse-Glimmer-30B/resolve/main/tokenizer.model "HTTP/1.1 404 Not Found"
2026-08-13 02:57:07.458 - httpx - INFO - HTTP Request: HEAD https://huggingface.co/meta-models/Muse-Glimmer-30B/resolve/main/added_tokens.json "HTTP/1.1 404 Not Found"
2026-08-13 02:57:07.546 - httpx - INFO - HTTP Request: HEAD https://huggingface.co/meta-models/Muse-Glimmer-30B/resolve/main/special_tokens_map.json "HTTP/1.1 404 Not Found"
2026-08-13 02:57:07.628 - httpx - INFO - HTTP Request: HEAD https://huggingface.co/meta-models/Muse-Glimmer-30B/resolve/main/chat_template.jinja "HTTP/1.1 307 Temporary Redirect"
2026-08-13 02:57:07.640 - httpx - INFO - HTTP Request: HEAD https://huggingface.co/api/resolve-cache/models/meta-models/Muse-Glimmer-30B/a4e59da52a7bc87ae7251dd5545c0dd437c44b68/chat_template.jinja "HTTP/1.1 200 OK"
2026-08-13 02:57:07.651 - httpx - INFO - HTTP Request: GET https://huggingface.co/api/resolve-cache/models/meta-models/Muse-Glimmer-30B/a4e59da52a7bc87ae7251dd5545c0dd437c44b68/chat_template.jinja "HTTP/1.1 200 OK"
2026-08-13 02:57:09.263 - httpx - INFO - HTTP Request: GET https://huggingface.co/api/models/meta-models/Muse-Glimmer-30B "HTTP/1.1 200 OK"
2026-08-13 02:57:09.354 - aiperf.config.resolution.resolvers - INFO -   Cached meta-models/Muse-Glimmer-30B (4.37s)
2026-08-13 02:57:09.393 - aiperf.config.resolution.resolvers - INFO - 1 tokenizer cached • 4.4s
2026-08-13 02:57:09.732 - system_controller - INFO - Registered Gpu Telemetry Manager (id: 'gpu_telemetry_manager')
2026-08-13 02:57:09.761 - server_metrics_manager - INFO - Server Metrics: Discovered 1 endpoints: ['http://localhost:30000/metrics']
2026-08-13 02:57:09.801 - GPUTelemetryJSONLWriter_c900c436 - INFO - GPU telemetry export enabled: /output/gpu_telemetry_export.jsonl
2026-08-13 02:57:09.810 - OTelMetricsResultsProcessor_abbc58b7 - INFO - Telemetry streaming is disabled (set --otel-url and/or --mlflow-tracking-uri to enable)
2026-08-13 02:57:09.811 - RecordExportJSONLWriter_0f187846 - INFO - Record metrics export enabled: /output/profile_export.jsonl
2026-08-13 02:57:09.833 - system_controller - INFO - Registered Worker Manager (id: 'worker_manager')
2026-08-13 02:57:09.833 - system_controller - INFO - Registered Dataset Manager (id: 'dataset_manager')
2026-08-13 02:57:09.866 - system_controller - INFO - Registered Server Metrics Manager (id: 'server_metrics_manager')
2026-08-13 02:57:09.918 - system_controller - INFO - Registered Records Manager (id: 'records_manager')
2026-08-13 02:57:09.987 - system_controller - INFO - Registered Record Processor (id: 'record_processor_72d49f9c')
2026-08-13 02:57:10.034 - system_controller - INFO - Registered Timing Manager (id: 'timing_manager')
2026-08-13 02:57:10.098 - system_controller - INFO - Registered Worker (id: 'worker_dafa2bf9')
2026-08-13 02:57:10.210 - system_controller - INFO - AIPerf System is CONFIGURING
2026-08-13 02:57:10.210 - system_controller - INFO - Configuring all services to start profiling
2026-08-13 02:57:10.211 - timing_manager - INFO - Waiting for dataset to be configured before configuring timing
2026-08-13 02:57:10.211 - InferenceResultParser_b2f4d6d1 - INFO - Configuring tokenizers for inference result parser (resolve_alias: True)
2026-08-13 02:57:10.212 - dataset_manager - INFO - Configuring tokenizer(s) for dataset manager
2026-08-13 02:57:10.215 - system_controller - INFO - Server metrics disabled - no Prometheus endpoints reachable
2026-08-13 02:57:10.215 - system_controller - INFO - Waiting for result domains: profile, telemetry
2026-08-13 02:57:10.237 - gpu_telemetry_manager - INFO - GPU Telemetry: Capturing baseline metrics from pynvml://localhost
2026-08-13 02:57:10.245 - pynvml_collector - INFO - PyNVML initialized with 1 GPU(s) (0 with GPM support)
2026-08-13 02:57:10.260 - system_controller - INFO - DCGM telemetry enabled - 1/1 endpoint(s) reachable
2026-08-13 02:57:10.784 - httpx - INFO - HTTP Request: HEAD https://huggingface.co/meta-models/Muse-Glimmer-30B/resolve/main/config.json "HTTP/1.1 307 Temporary Redirect"
2026-08-13 02:57:10.784 - httpx - INFO - HTTP Request: HEAD https://huggingface.co/meta-models/Muse-Glimmer-30B/resolve/main/config.json "HTTP/1.1 307 Temporary Redirect"
2026-08-13 02:57:10.784 - huggingface_hub.utils._http - WARNING - Warning: You are sending unauthenticated requests to the HF Hub. Please set a HF_TOKEN to enable higher rate limits and faster downloads.
2026-08-13 02:57:10.784 - huggingface_hub.utils._http - WARNING - Warning: You are sending unauthenticated requests to the HF Hub. Please set a HF_TOKEN to enable higher rate limits and faster downloads.
2026-08-13 02:57:10.800 - httpx - INFO - HTTP Request: HEAD https://huggingface.co/api/resolve-cache/models/meta-models/Muse-Glimmer-30B/a4e59da52a7bc87ae7251dd5545c0dd437c44b68/config.json "HTTP/1.1 200 OK"
2026-08-13 02:57:10.802 - httpx - INFO - HTTP Request: HEAD https://huggingface.co/api/resolve-cache/models/meta-models/Muse-Glimmer-30B/a4e59da52a7bc87ae7251dd5545c0dd437c44b68/config.json "HTTP/1.1 200 OK"
2026-08-13 02:57:10.881 - httpx - INFO - HTTP Request: HEAD https://huggingface.co/meta-models/Muse-Glimmer-30B/resolve/main/config.json "HTTP/1.1 307 Temporary Redirect"
2026-08-13 02:57:10.903 - httpx - INFO - HTTP Request: HEAD https://huggingface.co/api/resolve-cache/models/meta-models/Muse-Glimmer-30B/a4e59da52a7bc87ae7251dd5545c0dd437c44b68/config.json "HTTP/1.1 200 OK"
2026-08-13 02:57:10.930 - httpx - INFO - HTTP Request: HEAD https://huggingface.co/meta-models/Muse-Glimmer-30B/resolve/main/config.json "HTTP/1.1 307 Temporary Redirect"
2026-08-13 02:57:10.941 - httpx - INFO - HTTP Request: HEAD https://huggingface.co/api/resolve-cache/models/meta-models/Muse-Glimmer-30B/a4e59da52a7bc87ae7251dd5545c0dd437c44b68/config.json "HTTP/1.1 200 OK"
2026-08-13 02:57:10.986 - httpx - INFO - HTTP Request: HEAD https://huggingface.co/meta-models/Muse-Glimmer-30B/resolve/main/tokenizer_config.json "HTTP/1.1 307 Temporary Redirect"
2026-08-13 02:57:11.000 - httpx - INFO - HTTP Request: HEAD https://huggingface.co/api/resolve-cache/models/meta-models/Muse-Glimmer-30B/a4e59da52a7bc87ae7251dd5545c0dd437c44b68/tokenizer_config.json "HTTP/1.1 200 OK"
2026-08-13 02:57:11.022 - httpx - INFO - HTTP Request: HEAD https://huggingface.co/meta-models/Muse-Glimmer-30B/resolve/main/tokenizer_config.json "HTTP/1.1 307 Temporary Redirect"
2026-08-13 02:57:11.033 - httpx - INFO - HTTP Request: HEAD https://huggingface.co/api/resolve-cache/models/meta-models/Muse-Glimmer-30B/a4e59da52a7bc87ae7251dd5545c0dd437c44b68/tokenizer_config.json "HTTP/1.1 200 OK"
2026-08-13 02:57:11.080 - httpx - INFO - HTTP Request: GET https://huggingface.co/api/models/meta-models/Muse-Glimmer-30B/tree/main/additional_chat_templates?recursive=false&expand=false "HTTP/1.1 404 Not Found"
2026-08-13 02:57:11.116 - httpx - INFO - HTTP Request: GET https://huggingface.co/api/models/meta-models/Muse-Glimmer-30B/tree/main/additional_chat_templates?recursive=false&expand=false "HTTP/1.1 404 Not Found"
2026-08-13 02:57:11.199 - httpx - INFO - HTTP Request: GET https://huggingface.co/api/models/meta-models/Muse-Glimmer-30B/tree/main?recursive=true&expand=false "HTTP/1.1 200 OK"
2026-08-13 02:57:11.204 - httpx - INFO - HTTP Request: GET https://huggingface.co/api/models/meta-models/Muse-Glimmer-30B/tree/main?recursive=true&expand=false "HTTP/1.1 200 OK"
2026-08-13 02:57:12.937 - httpx - INFO - HTTP Request: GET https://huggingface.co/api/models/meta-models/Muse-Glimmer-30B "HTTP/1.1 200 OK"
2026-08-13 02:57:12.941 - httpx - INFO - HTTP Request: GET https://huggingface.co/api/models/meta-models/Muse-Glimmer-30B "HTTP/1.1 200 OK"
2026-08-13 02:57:12.998 - dataset_manager - INFO - Tokenizer(s) configured in 2.79 seconds
2026-08-13 02:57:12.998 - dataset_manager - INFO - Configuring dataset for dataset_manager
2026-08-13 02:57:13.000 - InferenceResultParser_b2f4d6d1 - INFO - Initialized tokenizers: {'meta-models/Muse-Glimmer-30B': {'class': 'TokenizersBackend', 'name_or_path': 'meta-models/Muse-Glimmer-30B'}} in 2.79 seconds
2026-08-13 02:57:13.273 - CustomDatasetComposer - INFO - Using explicit dataset format: multi_turn
2026-08-13 02:57:13.341 - MemoryMapDatasetBackingStore_3762e8bc - INFO - Memory-mapped backing store initialized (streaming to /tmp/aiperf_mmap_cc61f9b61786/dataset.dat)
2026-08-13 02:57:13.360 - MemoryMapDatasetBackingStore_3762e8bc - INFO - Data file finalized: 500 conversations, 1.23 MB
2026-08-13 02:57:13.360 - MemoryMapDatasetBackingStore_3762e8bc - INFO - Index file created: /tmp/aiperf_mmap_cc61f9b61786/index.dat
2026-08-13 02:57:13.361 - dataset_manager - INFO - Backing store finalized: client_type=DatasetClientStoreType.MEMORY_MAP format=MemoryMapFormat.CONVERSATION data_file_path=PosixPath('/tmp/aiperf_mmap_cc61f9b61786/dataset.dat') index_file_path=PosixPath('/tmp/aiperf_mmap_cc61f9b61786/index.dat') conversation_count=500 total_size_bytes=1285201 compressed=False compressed_data_file_path=None compressed_index_file_path=None compressed_size_bytes=0
2026-08-13 02:57:13.368 - dataset_manager - INFO - sampling strategy: sequential, unique conversations: 500, unique turn count: 1783
2026-08-13 02:57:13.374 - dataset_manager - INFO - Generating inputs.json file at /output/inputs.json
2026-08-13 02:57:13.380 - PhaseOrchestrator_2dc82a68 - INFO - Initialized 2 phase(s): ['Warmup', 'Profiling']
2026-08-13 02:57:13.386 - dataset_manager - INFO - inputs.json file generated in 0.01 seconds
2026-08-13 02:57:13.534 - dataset_manager - INFO - Dataset client initialized and freed 500 conversations from memory
2026-08-13 02:57:13.534 - dataset_manager - INFO - Dataset configured in 0.54 seconds
2026-08-13 02:57:13.535 - system_controller - INFO - All services configured in 3.33 seconds
2026-08-13 02:57:13.535 - system_controller - INFO - AIPerf System is CONFIGURED
2026-08-13 02:57:13.537 - system_controller - INFO - All services started profiling successfully
2026-08-13 02:57:13.537 - system_controller - INFO - AIPerf System is PROFILING
2026-08-13 02:57:13.539 - RateTiming - INFO - Creating interval generator: pattern=concurrency_burst, rate=None, smoothness=None
2026-08-13 02:57:13.540 - PhaseRunner - NOTICE - Phase warmup (warmup) started | phase_index=0 | target: 3 requests
2026-08-13 02:57:13.541 - records_manager - INFO - Credit phase start: warmup
2026-08-13 02:57:45.540 - PhaseRunner - INFO - Phase warmup progress | returned=0/3 | sent=1 | in_flight=1 | errors=0 | elapsed=32.0s
2026-08-13 02:58:15.540 - PhaseRunner - INFO - Phase warmup progress | returned=0/3 | sent=1 | in_flight=1 | errors=0 | elapsed=62.0s
2026-08-13 02:58:47.540 - PhaseRunner - INFO - Phase warmup progress | returned=1/3 | sent=2 | in_flight=1 | errors=0 | elapsed=94.0s
2026-08-13 02:59:15.598 - PhaseRunner - NOTICE - Phase warmup (warmup) sending complete | sent=3, completed=2, in_flight=1 | sessions: sent=2, completed=1
2026-08-13 02:59:17.540 - PhaseRunner - INFO - Phase warmup progress | returned=2/3 | sent=3 | in_flight=1 | errors=0 | elapsed=124.0s
2026-08-13 02:59:47.550 - PhaseRunner - INFO - Phase warmup progress | returned=2/3 | sent=3 | in_flight=1 | errors=0 | elapsed=154.0s
2026-08-13 03:00:17.561 - PhaseRunner - INFO - Phase warmup progress | returned=2/3 | sent=3 | in_flight=1 | errors=0 | elapsed=184.0s
2026-08-13 03:00:21.841 - PhaseRunner - NOTICE - Phase warmup (warmup) complete | completed=3, cancelled=0, errors=0 | sessions: completed=1, cancelled=0 | elapsed=188.30s
2026-08-13 03:00:21.843 - RateTiming - INFO - Creating interval generator: pattern=concurrency_burst, rate=None, smoothness=None
2026-08-13 03:00:21.843 - PhaseRunner - NOTICE - Phase profiling (profiling) started | phase_index=1 | profiling_index=0 | target: 50 requests, 50 sessions
2026-08-13 03:00:21.844 - records_manager - INFO - Credit phase start: profiling
2026-08-13 03:26:05.079 - aiperf.metrics.types.osl_mismatch_metrics - WARNING - OSL mismatch: got 493 tokens (requested 594, diff -17.0%)
2026-08-13 03:27:30.287 - aiperf.metrics.types.osl_mismatch_metrics - WARNING - OSL mismatch: got 592 tokens (requested 712, diff -16.9%)
2026-08-13 03:33:54.952 - aiperf.metrics.types.osl_mismatch_metrics - WARNING - OSL mismatch: got 388 tokens (requested 617, diff -37.1%)
2026-08-13 03:34:24.613 - aiperf.metrics.types.osl_mismatch_metrics - WARNING - OSL mismatch: got 203 tokens (requested 537, diff -62.2%)
2026-08-13 03:35:43.350 - aiperf.metrics.types.osl_mismatch_metrics - WARNING - OSL mismatch: got 615 tokens (requested 674, diff -8.8%)
2026-08-13 03:51:23.321 - aiperf.metrics.types.osl_mismatch_metrics - WARNING - OSL mismatch: got 935 tokens (requested 995, diff -6.0%)
2026-08-13 03:54:50.051 - PhaseRunner - NOTICE - Phase profiling (profiling) sending complete | sent=50, completed=49, in_flight=1 | sessions: sent=15, completed=14
2026-08-13 03:54:50.053 - records_manager - INFO - Sent 50 requests. Waiting for all to complete...
2026-08-13 03:56:08.958 - PhaseRunner - NOTICE - Phase profiling (profiling) complete | completed=50, cancelled=0, errors=0 | sessions: completed=15, cancelled=0 | elapsed=3347.11s
2026-08-13 03:56:08.959 - PhaseOrchestrator_2dc82a68 - NOTICE - All credits completed
2026-08-13 03:56:08.960 - system_controller - INFO - Received credits complete from 'timing_manager'
2026-08-13 03:56:08.960 - records_manager - INFO - Received CREDIT_PHASE_COMPLETE message, Phase complete: PhaseRecordsStats(phase=CreditPhase.PROFILING, phase_index=1, profiling_index=0, phase_name='profiling', phase_kind='profiling', start_ns=1786590021843215282, sent_end_ns=1786593290051554713, requests_end_ns=1786593368958183767, baseline_start_ns=1786590021843199266, baseline_end_ns=1786593368958197783, total_expected_requests=50, expected_duration_sec=None, expected_num_sessions=None, expected_grace_period_sec=None, final_requests_sent=None, final_requests_completed=50, final_requests_cancelled=0, final_request_errors=0, final_sent_sessions=None, final_completed_sessions=None, final_cancelled_sessions=None, timeout_triggered=False, grace_period_timeout_triggered=False, was_cancelled=False, records_end_ns=None, success_records=49, error_records=0)
2026-08-13 03:56:08.960 - records_manager - NOTICE - All requests have completed, please wait for the results to be processed (currently 49 of 50 records processed)...
2026-08-13 03:56:08.960 - records_manager - INFO - All credits complete, please wait for the results to be processed...
2026-08-13 03:56:08.974 - records_manager - INFO - Processed 50 valid requests and 0 errors (50 total).
2026-08-13 03:56:08.974 - records_manager - INFO - Received all records, processing now...
2026-08-13 03:56:08.975 - gpu_telemetry_manager - INFO - GPU Telemetry: Profiling complete, capturing final metrics...
2026-08-13 03:56:08.977 - records_manager - INFO - Waiting 2.0s for server metrics flush period...
2026-08-13 03:56:10.959 - records_manager - INFO - Processing records results...
2026-08-13 03:56:11.044 - records_manager - INFO - _finalize_and_process_results completed
2026-08-13 03:56:11.044 - system_controller - INFO - Waiting for result domains: telemetry
2026-08-13 03:56:11.045 - system_controller - INFO - All results received, initiating shutdown
2026-08-13 03:56:11.650 - ExporterManager - INFO - Exporting all records
2026-08-13 03:56:11.710 - ExporterManager - INFO - Exporting console data
