2026-08-11 19:04:17.839 - aiperf.cli_runner._single_run - INFO - Starting AIPerf System
2026-08-11 19:04:18.303 - httpx - INFO - HTTP Request: GET https://huggingface.co/api/models/nvidia/NVIDIA-Nemotron-3.5-Lightning-30B-A3B-NVFP4 "HTTP/1.1 200 OK"
2026-08-11 19:04:18.317 - aiperf.config.resolution.resolvers - INFO - [OK] Tokenizer nvidia/NVIDIA-Nemotron-3.5-Lightning-30B-A3B-NVFP4 detected
2026-08-11 19:04:18.318 - aiperf.config.resolution.resolvers - INFO - 1 tokenizer validated | 0.5s
2026-08-11 19:04:18.318 - aiperf.config.resolution.resolvers - INFO - Prefetching 1 tokenizer into HF cache...
2026-08-11 19:04:19.189 - httpx - INFO - HTTP Request: HEAD https://huggingface.co/nvidia/NVIDIA-Nemotron-3.5-Lightning-30B-A3B-NVFP4/resolve/main/config.json "HTTP/1.1 307 Temporary Redirect"
2026-08-11 19:04:19.203 - httpx - INFO - HTTP Request: HEAD https://huggingface.co/api/resolve-cache/models/nvidia/NVIDIA-Nemotron-3.5-Lightning-30B-A3B-NVFP4/c54e25e3fd0916b761eaa3ec4ecee2837e481a21/config.json "HTTP/1.1 200 OK"
2026-08-11 19:04:19.227 - httpx - INFO - HTTP Request: GET https://huggingface.co/api/resolve-cache/models/nvidia/NVIDIA-Nemotron-3.5-Lightning-30B-A3B-NVFP4/c54e25e3fd0916b761eaa3ec4ecee2837e481a21/config.json "HTTP/1.1 200 OK"
2026-08-11 19:04:19.400 - httpx - INFO - HTTP Request: HEAD https://huggingface.co/nvidia/NVIDIA-Nemotron-3.5-Lightning-30B-A3B-NVFP4/resolve/main/tokenizer_config.json "HTTP/1.1 307 Temporary Redirect"
2026-08-11 19:04:19.401 - huggingface_hub.utils._http - WARNING - Warning: You are sending unauthenticated requests to the HF Hub. Please set a HF_TOKEN to enable higher rate limits and faster downloads.
2026-08-11 19:04:19.417 - httpx - INFO - HTTP Request: HEAD https://huggingface.co/api/resolve-cache/models/nvidia/NVIDIA-Nemotron-3.5-Lightning-30B-A3B-NVFP4/c54e25e3fd0916b761eaa3ec4ecee2837e481a21/tokenizer_config.json "HTTP/1.1 200 OK"
2026-08-11 19:04:19.430 - httpx - INFO - HTTP Request: GET https://huggingface.co/api/resolve-cache/models/nvidia/NVIDIA-Nemotron-3.5-Lightning-30B-A3B-NVFP4/c54e25e3fd0916b761eaa3ec4ecee2837e481a21/tokenizer_config.json "HTTP/1.1 200 OK"
2026-08-11 19:04:19.525 - httpx - INFO - HTTP Request: GET https://huggingface.co/api/models/nvidia/NVIDIA-Nemotron-3.5-Lightning-30B-A3B-NVFP4/tree/main/additional_chat_templates?recursive=false&expand=false "HTTP/1.1 404 Not Found"
2026-08-11 19:04:19.618 - httpx - INFO - HTTP Request: GET https://huggingface.co/api/models/nvidia/NVIDIA-Nemotron-3.5-Lightning-30B-A3B-NVFP4/tree/main?recursive=true&expand=false "HTTP/1.1 200 OK"
2026-08-11 19:04:19.728 - httpx - INFO - HTTP Request: HEAD https://huggingface.co/nvidia/NVIDIA-Nemotron-3.5-Lightning-30B-A3B-NVFP4/resolve/main/tokenizer.json "HTTP/1.1 302 Found"
2026-08-11 19:04:19.904 - httpx - INFO - HTTP Request: GET https://huggingface.co/api/models/nvidia/NVIDIA-Nemotron-3.5-Lightning-30B-A3B-NVFP4/xet-read-token/c54e25e3fd0916b761eaa3ec4ecee2837e481a21 "HTTP/1.1 200 OK"
2026-08-11 19:04:20.832 - httpx - INFO - HTTP Request: HEAD https://huggingface.co/nvidia/NVIDIA-Nemotron-3.5-Lightning-30B-A3B-NVFP4/resolve/main/tokenizer.model "HTTP/1.1 404 Not Found"
2026-08-11 19:04:20.917 - httpx - INFO - HTTP Request: HEAD https://huggingface.co/nvidia/NVIDIA-Nemotron-3.5-Lightning-30B-A3B-NVFP4/resolve/main/added_tokens.json "HTTP/1.1 404 Not Found"
2026-08-11 19:04:21.006 - httpx - INFO - HTTP Request: HEAD https://huggingface.co/nvidia/NVIDIA-Nemotron-3.5-Lightning-30B-A3B-NVFP4/resolve/main/special_tokens_map.json "HTTP/1.1 307 Temporary Redirect"
2026-08-11 19:04:21.022 - httpx - INFO - HTTP Request: HEAD https://huggingface.co/api/resolve-cache/models/nvidia/NVIDIA-Nemotron-3.5-Lightning-30B-A3B-NVFP4/c54e25e3fd0916b761eaa3ec4ecee2837e481a21/special_tokens_map.json "HTTP/1.1 200 OK"
2026-08-11 19:04:21.035 - httpx - INFO - HTTP Request: GET https://huggingface.co/api/resolve-cache/models/nvidia/NVIDIA-Nemotron-3.5-Lightning-30B-A3B-NVFP4/c54e25e3fd0916b761eaa3ec4ecee2837e481a21/special_tokens_map.json "HTTP/1.1 200 OK"
2026-08-11 19:04:21.119 - httpx - INFO - HTTP Request: HEAD https://huggingface.co/nvidia/NVIDIA-Nemotron-3.5-Lightning-30B-A3B-NVFP4/resolve/main/chat_template.jinja "HTTP/1.1 307 Temporary Redirect"
2026-08-11 19:04:21.131 - httpx - INFO - HTTP Request: HEAD https://huggingface.co/api/resolve-cache/models/nvidia/NVIDIA-Nemotron-3.5-Lightning-30B-A3B-NVFP4/c54e25e3fd0916b761eaa3ec4ecee2837e481a21/chat_template.jinja "HTTP/1.1 200 OK"
2026-08-11 19:04:21.145 - httpx - INFO - HTTP Request: GET https://huggingface.co/api/resolve-cache/models/nvidia/NVIDIA-Nemotron-3.5-Lightning-30B-A3B-NVFP4/c54e25e3fd0916b761eaa3ec4ecee2837e481a21/chat_template.jinja "HTTP/1.1 200 OK"
2026-08-11 19:04:22.034 - httpx - INFO - HTTP Request: GET https://huggingface.co/api/models/nvidia/NVIDIA-Nemotron-3.5-Lightning-30B-A3B-NVFP4 "HTTP/1.1 200 OK"
2026-08-11 19:04:22.076 - aiperf.config.resolution.resolvers - INFO -   Cached nvidia/NVIDIA-Nemotron-3.5-Lightning-30B-A3B-NVFP4 (3.74s)
2026-08-11 19:04:22.126 - aiperf.config.resolution.resolvers - INFO - 1 tokenizer cached • 3.8s
2026-08-11 19:04:22.565 - server_metrics_manager - INFO - Server Metrics: Discovered 1 endpoints: ['http://localhost:80/metrics']
2026-08-11 19:04:22.618 - GPUTelemetryJSONLWriter_605e5706 - INFO - GPU telemetry export enabled: /output/gpu_telemetry_export.jsonl
2026-08-11 19:04:22.625 - system_controller - INFO - Registered Gpu Telemetry Manager (id: 'gpu_telemetry_manager')
2026-08-11 19:04:22.628 - system_controller - INFO - Registered Worker Manager (id: 'worker_manager')
2026-08-11 19:04:22.629 - OTelMetricsResultsProcessor_a60076aa - INFO - Telemetry streaming is disabled (set --otel-url and/or --mlflow-tracking-uri to enable)
2026-08-11 19:04:22.630 - RecordExportJSONLWriter_cd026cc7 - INFO - Record metrics export enabled: /output/profile_export.jsonl
2026-08-11 19:04:22.663 - system_controller - INFO - Registered Dataset Manager (id: 'dataset_manager')
2026-08-11 19:04:22.670 - system_controller - INFO - Registered Server Metrics Manager (id: 'server_metrics_manager')
2026-08-11 19:04:22.702 - system_controller - INFO - Registered Record Processor (id: 'record_processor_847141dd')
2026-08-11 19:04:22.727 - system_controller - INFO - Registered Timing Manager (id: 'timing_manager')
2026-08-11 19:04:22.736 - system_controller - INFO - Registered Records Manager (id: 'records_manager')
2026-08-11 19:04:22.981 - system_controller - INFO - Registered Worker (id: 'worker_3b4e8122')
2026-08-11 19:04:22.982 - system_controller - INFO - Registered Worker (id: 'worker_fb38e31e')
2026-08-11 19:04:22.997 - system_controller - INFO - Registered Worker (id: 'worker_7bd24e88')
2026-08-11 19:04:22.997 - system_controller - INFO - Registered Worker (id: 'worker_caf3ca06')
2026-08-11 19:04:23.006 - system_controller - INFO - AIPerf System is CONFIGURING
2026-08-11 19:04:23.006 - system_controller - INFO - Configuring all services to start profiling
2026-08-11 19:04:23.007 - InferenceResultParser_91b49f30 - INFO - Configuring tokenizers for inference result parser (resolve_alias: True)
2026-08-11 19:04:23.007 - timing_manager - INFO - Waiting for dataset to be configured before configuring timing
2026-08-11 19:04:23.008 - dataset_manager - INFO - Configuring tokenizer(s) for dataset manager
2026-08-11 19:04:23.017 - server_metrics_manager - INFO - Server Metrics: Capturing baseline metrics...
2026-08-11 19:04:23.030 - http://localhost:80/metrics - INFO - Skipping unsupported summary metric: http_request_size_bytes
2026-08-11 19:04:23.031 - http://localhost:80/metrics - INFO - Skipping unsupported summary metric: http_response_size_bytes
2026-08-11 19:04:23.032 - system_controller - INFO - Server metrics enabled - 1/1 endpoint(s) reachable.
2026-08-11 19:04:23.032 - system_controller - INFO - Waiting for result domains: profile, server_metrics, telemetry
2026-08-11 19:04:23.032 - gpu_telemetry_manager - INFO - GPU Telemetry: Capturing baseline metrics from pynvml://localhost
2026-08-11 19:04:23.042 - pynvml_collector - INFO - PyNVML initialized with 1 GPU(s) (0 with GPM support)
2026-08-11 19:04:23.057 - system_controller - INFO - DCGM telemetry enabled - 1/1 endpoint(s) reachable
2026-08-11 19:04:23.570 - httpx - INFO - HTTP Request: HEAD https://huggingface.co/nvidia/NVIDIA-Nemotron-3.5-Lightning-30B-A3B-NVFP4/resolve/main/config.json "HTTP/1.1 307 Temporary Redirect"
2026-08-11 19:04:23.573 - httpx - INFO - HTTP Request: HEAD https://huggingface.co/nvidia/NVIDIA-Nemotron-3.5-Lightning-30B-A3B-NVFP4/resolve/main/config.json "HTTP/1.1 307 Temporary Redirect"
2026-08-11 19:04:23.573 - huggingface_hub.utils._http - WARNING - Warning: You are sending unauthenticated requests to the HF Hub. Please set a HF_TOKEN to enable higher rate limits and faster downloads.
2026-08-11 19:04:23.584 - httpx - INFO - HTTP Request: HEAD https://huggingface.co/api/resolve-cache/models/nvidia/NVIDIA-Nemotron-3.5-Lightning-30B-A3B-NVFP4/c54e25e3fd0916b761eaa3ec4ecee2837e481a21/config.json "HTTP/1.1 200 OK"
2026-08-11 19:04:23.586 - httpx - INFO - HTTP Request: HEAD https://huggingface.co/api/resolve-cache/models/nvidia/NVIDIA-Nemotron-3.5-Lightning-30B-A3B-NVFP4/c54e25e3fd0916b761eaa3ec4ecee2837e481a21/config.json "HTTP/1.1 200 OK"
2026-08-11 19:04:23.719 - httpx - INFO - HTTP Request: HEAD https://huggingface.co/nvidia/NVIDIA-Nemotron-3.5-Lightning-30B-A3B-NVFP4/resolve/main/tokenizer_config.json "HTTP/1.1 307 Temporary Redirect"
2026-08-11 19:04:23.724 - httpx - INFO - HTTP Request: HEAD https://huggingface.co/nvidia/NVIDIA-Nemotron-3.5-Lightning-30B-A3B-NVFP4/resolve/main/tokenizer_config.json "HTTP/1.1 307 Temporary Redirect"
2026-08-11 19:04:23.734 - httpx - INFO - HTTP Request: HEAD https://huggingface.co/api/resolve-cache/models/nvidia/NVIDIA-Nemotron-3.5-Lightning-30B-A3B-NVFP4/c54e25e3fd0916b761eaa3ec4ecee2837e481a21/tokenizer_config.json "HTTP/1.1 200 OK"
2026-08-11 19:04:23.735 - httpx - INFO - HTTP Request: HEAD https://huggingface.co/api/resolve-cache/models/nvidia/NVIDIA-Nemotron-3.5-Lightning-30B-A3B-NVFP4/c54e25e3fd0916b761eaa3ec4ecee2837e481a21/tokenizer_config.json "HTTP/1.1 200 OK"
2026-08-11 19:04:23.824 - httpx - INFO - HTTP Request: GET https://huggingface.co/api/models/nvidia/NVIDIA-Nemotron-3.5-Lightning-30B-A3B-NVFP4/tree/main/additional_chat_templates?recursive=false&expand=false "HTTP/1.1 404 Not Found"
2026-08-11 19:04:23.826 - httpx - INFO - HTTP Request: GET https://huggingface.co/api/models/nvidia/NVIDIA-Nemotron-3.5-Lightning-30B-A3B-NVFP4/tree/main/additional_chat_templates?recursive=false&expand=false "HTTP/1.1 404 Not Found"
2026-08-11 19:04:23.917 - httpx - INFO - HTTP Request: GET https://huggingface.co/api/models/nvidia/NVIDIA-Nemotron-3.5-Lightning-30B-A3B-NVFP4/tree/main?recursive=true&expand=false "HTTP/1.1 200 OK"
2026-08-11 19:04:23.917 - httpx - INFO - HTTP Request: GET https://huggingface.co/api/models/nvidia/NVIDIA-Nemotron-3.5-Lightning-30B-A3B-NVFP4/tree/main?recursive=true&expand=false "HTTP/1.1 200 OK"
2026-08-11 19:04:24.831 - httpx - INFO - HTTP Request: GET https://huggingface.co/api/models/nvidia/NVIDIA-Nemotron-3.5-Lightning-30B-A3B-NVFP4 "HTTP/1.1 200 OK"
2026-08-11 19:04:24.855 - httpx - INFO - HTTP Request: GET https://huggingface.co/api/models/nvidia/NVIDIA-Nemotron-3.5-Lightning-30B-A3B-NVFP4 "HTTP/1.1 200 OK"
2026-08-11 19:04:24.856 - dataset_manager - INFO - Tokenizer(s) configured in 1.85 seconds
2026-08-11 19:04:24.857 - dataset_manager - INFO - Configuring dataset for dataset_manager
2026-08-11 19:04:24.881 - InferenceResultParser_91b49f30 - INFO - Initialized tokenizers: {'nvidia/NVIDIA-Nemotron-3.5-Lightning-30B-A3B-NVFP4': {'class': 'TokenizersBackend', 'name_or_path': 'nvidia/NVIDIA-Nemotron-3.5-Lightning-30B-A3B-NVFP4'}} in 1.87 seconds
2026-08-11 19:04:25.127 - CustomDatasetComposer - INFO - Using explicit dataset format: multi_turn
2026-08-11 19:04:25.180 - MemoryMapDatasetBackingStore_46619f9d - INFO - Memory-mapped backing store initialized (streaming to /tmp/aiperf_mmap_5069e9b01b48/dataset.dat)
2026-08-11 19:04:25.201 - MemoryMapDatasetBackingStore_46619f9d - INFO - Data file finalized: 500 conversations, 1.29 MB
2026-08-11 19:04:25.201 - MemoryMapDatasetBackingStore_46619f9d - INFO - Index file created: /tmp/aiperf_mmap_5069e9b01b48/index.dat
2026-08-11 19:04:25.201 - dataset_manager - INFO - Backing store finalized: client_type=DatasetClientStoreType.MEMORY_MAP format=MemoryMapFormat.CONVERSATION data_file_path=PosixPath('/tmp/aiperf_mmap_5069e9b01b48/dataset.dat') index_file_path=PosixPath('/tmp/aiperf_mmap_5069e9b01b48/index.dat') conversation_count=500 total_size_bytes=1353644 compressed=False compressed_data_file_path=None compressed_index_file_path=None compressed_size_bytes=0
2026-08-11 19:04:25.211 - dataset_manager - INFO - sampling strategy: sequential, unique conversations: 500, unique turn count: 1783
2026-08-11 19:04:25.216 - dataset_manager - INFO - Generating inputs.json file at /output/inputs.json
2026-08-11 19:04:25.227 - PhaseOrchestrator_6a84e4e3 - INFO - Initialized 2 phase(s): ['Warmup', 'Profiling']
2026-08-11 19:04:25.231 - dataset_manager - INFO - inputs.json file generated in 0.01 seconds
2026-08-11 19:04:25.367 - dataset_manager - INFO - Dataset client initialized and freed 500 conversations from memory
2026-08-11 19:04:25.367 - dataset_manager - INFO - Dataset configured in 0.51 seconds
2026-08-11 19:04:25.369 - system_controller - INFO - All services configured in 2.36 seconds
2026-08-11 19:04:25.369 - system_controller - INFO - AIPerf System is CONFIGURED
2026-08-11 19:04:25.370 - server_metrics_manager - INFO - Server Metrics: Started 1 collector(s) successfully
2026-08-11 19:04:25.371 - system_controller - INFO - All services started profiling successfully
2026-08-11 19:04:25.371 - system_controller - INFO - AIPerf System is PROFILING
2026-08-11 19:04:25.375 - RateTiming - INFO - Creating interval generator: pattern=concurrency_burst, rate=None, smoothness=None
2026-08-11 19:04:25.375 - PhaseRunner - NOTICE - Phase warmup (warmup) started | phase_index=0 | target: 3 requests
2026-08-11 19:04:25.376 - PhaseRunner - NOTICE - Phase warmup (warmup) sending complete | sent=3, completed=0, in_flight=3 | sessions: sent=3, completed=0
2026-08-11 19:04:25.377 - records_manager - INFO - Credit phase start: warmup
2026-08-11 19:04:28.448 - PhaseRunner - NOTICE - Phase warmup (warmup) complete | completed=3, cancelled=0, errors=0 | sessions: completed=1, cancelled=0 | elapsed=3.07s
2026-08-11 19:04:28.450 - server_metrics_manager - INFO - Server Metrics: Warmup complete, capturing final warmup metrics...
2026-08-11 19:04:28.450 - RateTiming - INFO - Creating interval generator: pattern=concurrency_burst, rate=None, smoothness=None
2026-08-11 19:04:28.450 - PhaseRunner - NOTICE - Phase profiling (profiling) started | phase_index=1 | profiling_index=0 | target: 50 requests, 50 sessions
2026-08-11 19:04:28.451 - records_manager - INFO - Credit phase start: profiling
2026-08-11 19:05:03.668 - PhaseRunner - NOTICE - Phase profiling (profiling) sending complete | sent=50, completed=46, in_flight=4 | sessions: sent=17, completed=13
2026-08-11 19:05:03.669 - records_manager - INFO - Sent 50 requests. Waiting for all to complete...
2026-08-11 19:05:05.590 - PhaseRunner - NOTICE - Phase profiling (profiling) complete | completed=50, cancelled=0, errors=0 | sessions: completed=13, cancelled=0 | elapsed=37.14s
2026-08-11 19:05:05.590 - PhaseOrchestrator_6a84e4e3 - NOTICE - All credits completed
2026-08-11 19:05:05.592 - system_controller - INFO - Received credits complete from 'timing_manager'
2026-08-11 19:05:05.592 - records_manager - INFO - Received CREDIT_PHASE_COMPLETE message, Phase complete: PhaseRecordsStats(phase=CreditPhase.PROFILING, phase_index=1, profiling_index=0, phase_name='profiling', phase_kind='profiling', start_ns=1786475068450809580, sent_end_ns=1786475103668202476, requests_end_ns=1786475105590069007, baseline_start_ns=1786475068450780172, baseline_end_ns=1786475105590082319, total_expected_requests=50, expected_duration_sec=None, expected_num_sessions=None, expected_grace_period_sec=None, final_requests_sent=None, final_requests_completed=50, final_requests_cancelled=0, final_request_errors=0, final_sent_sessions=None, final_completed_sessions=None, final_cancelled_sessions=None, timeout_triggered=False, grace_period_timeout_triggered=False, was_cancelled=False, records_end_ns=None, success_records=49, error_records=0)
2026-08-11 19:05:05.592 - records_manager - NOTICE - All requests have completed, please wait for the results to be processed (currently 49 of 50 records processed)...
2026-08-11 19:05:05.593 - records_manager - INFO - All credits complete, please wait for the results to be processed...
2026-08-11 19:05:05.597 - records_manager - INFO - Processed 50 valid requests and 0 errors (50 total).
2026-08-11 19:05:05.597 - records_manager - INFO - Received all records, processing now...
2026-08-11 19:05:05.598 - server_metrics_manager - INFO - Server Metrics: Profiling complete, capturing final metrics...
2026-08-11 19:05:05.599 - gpu_telemetry_manager - INFO - GPU Telemetry: Profiling complete, capturing final metrics...
2026-08-11 19:05:05.599 - records_manager - INFO - Waiting 2.0s for server metrics flush period...
2026-08-11 19:05:07.590 - records_manager - INFO - Processing records results...
2026-08-11 19:05:07.751 - system_controller - INFO - Waiting for result domains: server_metrics, telemetry
2026-08-11 19:05:07.751 - system_controller - INFO - Waiting for result domains: server_metrics
2026-08-11 19:05:07.789 - records_manager - INFO - _finalize_and_process_results completed
2026-08-11 19:05:07.790 - system_controller - INFO - All results received, initiating shutdown
2026-08-11 19:05:08.393 - ExporterManager - INFO - Exporting all records
2026-08-11 19:05:08.449 - ExporterManager - INFO - Exporting console data
