2026-08-13 02:10:04.476 - aiperf.cli_runner._single_run - INFO - Starting AIPerf System
2026-08-13 02:10:04.923 - httpx - INFO - HTTP Request: GET https://huggingface.co/api/models/meta-models/Muse-Glimmer-30B "HTTP/1.1 200 OK"
2026-08-13 02:10:04.931 - aiperf.config.resolution.resolvers - INFO - [OK] Tokenizer meta-models/Muse-Glimmer-30B detected
2026-08-13 02:10:04.931 - aiperf.config.resolution.resolvers - INFO - 1 tokenizer validated | 0.4s
2026-08-13 02:10:04.931 - aiperf.config.resolution.resolvers - INFO - Prefetching 1 tokenizer into HF cache...
2026-08-13 02:10:05.712 - httpx - INFO - HTTP Request: HEAD https://huggingface.co/meta-models/Muse-Glimmer-30B/resolve/main/config.json "HTTP/1.1 307 Temporary Redirect"
2026-08-13 02:10:05.713 - huggingface_hub.utils._http - WARNING - Warning: You are sending unauthenticated requests to the HF Hub. Please set a HF_TOKEN to enable higher rate limits and faster downloads.
2026-08-13 02:10:05.729 - httpx - INFO - HTTP Request: HEAD https://huggingface.co/api/resolve-cache/models/meta-models/Muse-Glimmer-30B/a4e59da52a7bc87ae7251dd5545c0dd437c44b68/config.json "HTTP/1.1 200 OK"
2026-08-13 02:10:05.744 - httpx - INFO - HTTP Request: GET https://huggingface.co/api/resolve-cache/models/meta-models/Muse-Glimmer-30B/a4e59da52a7bc87ae7251dd5545c0dd437c44b68/config.json "HTTP/1.1 200 OK"
2026-08-13 02:10:05.830 - httpx - INFO - HTTP Request: HEAD https://huggingface.co/meta-models/Muse-Glimmer-30B/resolve/main/config.json "HTTP/1.1 307 Temporary Redirect"
2026-08-13 02:10:05.843 - httpx - INFO - HTTP Request: HEAD https://huggingface.co/api/resolve-cache/models/meta-models/Muse-Glimmer-30B/a4e59da52a7bc87ae7251dd5545c0dd437c44b68/config.json "HTTP/1.1 200 OK"
2026-08-13 02:10:05.921 - httpx - INFO - HTTP Request: HEAD https://huggingface.co/meta-models/Muse-Glimmer-30B/resolve/main/tokenizer_config.json "HTTP/1.1 307 Temporary Redirect"
2026-08-13 02:10:05.934 - httpx - INFO - HTTP Request: HEAD https://huggingface.co/api/resolve-cache/models/meta-models/Muse-Glimmer-30B/a4e59da52a7bc87ae7251dd5545c0dd437c44b68/tokenizer_config.json "HTTP/1.1 200 OK"
2026-08-13 02:10:05.944 - httpx - INFO - HTTP Request: GET https://huggingface.co/api/resolve-cache/models/meta-models/Muse-Glimmer-30B/a4e59da52a7bc87ae7251dd5545c0dd437c44b68/tokenizer_config.json "HTTP/1.1 200 OK"
2026-08-13 02:10:06.033 - httpx - INFO - HTTP Request: GET https://huggingface.co/api/models/meta-models/Muse-Glimmer-30B/tree/main/additional_chat_templates?recursive=false&expand=false "HTTP/1.1 404 Not Found"
2026-08-13 02:10:06.120 - httpx - INFO - HTTP Request: GET https://huggingface.co/api/models/meta-models/Muse-Glimmer-30B/tree/main?recursive=true&expand=false "HTTP/1.1 200 OK"
2026-08-13 02:10:06.203 - httpx - INFO - HTTP Request: HEAD https://huggingface.co/meta-models/Muse-Glimmer-30B/resolve/main/tokenizer.json "HTTP/1.1 302 Found"
2026-08-13 02:10:06.301 - httpx - INFO - HTTP Request: GET https://huggingface.co/api/models/meta-models/Muse-Glimmer-30B/xet-read-token/a4e59da52a7bc87ae7251dd5545c0dd437c44b68 "HTTP/1.1 200 OK"
2026-08-13 02:10:07.350 - httpx - INFO - HTTP Request: HEAD https://huggingface.co/meta-models/Muse-Glimmer-30B/resolve/main/tokenizer.model "HTTP/1.1 404 Not Found"
2026-08-13 02:10:07.443 - httpx - INFO - HTTP Request: HEAD https://huggingface.co/meta-models/Muse-Glimmer-30B/resolve/main/added_tokens.json "HTTP/1.1 404 Not Found"
2026-08-13 02:10:07.531 - httpx - INFO - HTTP Request: HEAD https://huggingface.co/meta-models/Muse-Glimmer-30B/resolve/main/special_tokens_map.json "HTTP/1.1 404 Not Found"
2026-08-13 02:10:07.613 - httpx - INFO - HTTP Request: HEAD https://huggingface.co/meta-models/Muse-Glimmer-30B/resolve/main/chat_template.jinja "HTTP/1.1 307 Temporary Redirect"
2026-08-13 02:10:07.623 - httpx - INFO - HTTP Request: HEAD https://huggingface.co/api/resolve-cache/models/meta-models/Muse-Glimmer-30B/a4e59da52a7bc87ae7251dd5545c0dd437c44b68/chat_template.jinja "HTTP/1.1 200 OK"
2026-08-13 02:10:07.635 - httpx - INFO - HTTP Request: GET https://huggingface.co/api/resolve-cache/models/meta-models/Muse-Glimmer-30B/a4e59da52a7bc87ae7251dd5545c0dd437c44b68/chat_template.jinja "HTTP/1.1 200 OK"
2026-08-13 02:10:09.208 - httpx - INFO - HTTP Request: GET https://huggingface.co/api/models/meta-models/Muse-Glimmer-30B "HTTP/1.1 200 OK"
2026-08-13 02:10:09.301 - aiperf.config.resolution.resolvers - INFO -   Cached meta-models/Muse-Glimmer-30B (4.36s)
2026-08-13 02:10:09.354 - aiperf.config.resolution.resolvers - INFO - 1 tokenizer cached • 4.4s
2026-08-13 02:10:09.752 - system_controller - INFO - Registered Dataset Manager (id: 'dataset_manager')
2026-08-13 02:10:09.807 - server_metrics_manager - INFO - Server Metrics: Discovered 1 endpoints: ['http://localhost:30000/metrics']
2026-08-13 02:10:09.840 - GPUTelemetryJSONLWriter_3d22b17f - INFO - GPU telemetry export enabled: /output/gpu_telemetry_export.jsonl
2026-08-13 02:10:09.850 - system_controller - INFO - Registered Worker Manager (id: 'worker_manager')
2026-08-13 02:10:09.851 - OTelMetricsResultsProcessor_c9563266 - INFO - Telemetry streaming is disabled (set --otel-url and/or --mlflow-tracking-uri to enable)
2026-08-13 02:10:09.854 - RecordExportJSONLWriter_5f5ff737 - INFO - Record metrics export enabled: /output/profile_export.jsonl
2026-08-13 02:10:09.894 - system_controller - INFO - Registered Gpu Telemetry Manager (id: 'gpu_telemetry_manager')
2026-08-13 02:10:09.912 - system_controller - INFO - Registered Server Metrics Manager (id: 'server_metrics_manager')
2026-08-13 02:10:09.943 - system_controller - INFO - Registered Record Processor (id: 'record_processor_fb74d168')
2026-08-13 02:10:09.962 - system_controller - INFO - Registered Records Manager (id: 'records_manager')
2026-08-13 02:10:10.041 - system_controller - INFO - Registered Record Processor (id: 'record_processor_84174e50')
2026-08-13 02:10:10.073 - system_controller - INFO - Registered Timing Manager (id: 'timing_manager')
2026-08-13 02:10:10.229 - system_controller - INFO - AIPerf System is CONFIGURING
2026-08-13 02:10:10.229 - system_controller - INFO - Configuring all services to start profiling
2026-08-13 02:10:10.231 - timing_manager - INFO - Waiting for dataset to be configured before configuring timing
2026-08-13 02:10:10.231 - InferenceResultParser_aedcab85 - INFO - Configuring tokenizers for inference result parser (resolve_alias: True)
2026-08-13 02:10:10.231 - InferenceResultParser_f01c1051 - INFO - Configuring tokenizers for inference result parser (resolve_alias: True)
2026-08-13 02:10:10.232 - dataset_manager - INFO - Configuring tokenizer(s) for dataset manager
2026-08-13 02:10:10.235 - system_controller - INFO - Registered Worker (id: 'worker_f61ed373')
2026-08-13 02:10:10.235 - system_controller - INFO - Registered Worker (id: 'worker_3850c5b4')
2026-08-13 02:10:10.235 - system_controller - INFO - Registered Worker (id: 'worker_b836bf68')
2026-08-13 02:10:10.236 - system_controller - INFO - Server metrics disabled - no Prometheus endpoints reachable
2026-08-13 02:10:10.236 - system_controller - INFO - Waiting for result domains: profile, telemetry
2026-08-13 02:10:10.236 - system_controller - INFO - Registered Worker (id: 'worker_7e681faa')
2026-08-13 02:10:10.236 - system_controller - INFO - Registered Worker (id: 'worker_6c8eba96')
2026-08-13 02:10:10.244 - system_controller - INFO - Registered Worker (id: 'worker_15008d00')
2026-08-13 02:10:10.252 - system_controller - INFO - Registered Worker (id: 'worker_c6c1faa9')
2026-08-13 02:10:10.253 - system_controller - INFO - Registered Worker (id: 'worker_e609d314')
2026-08-13 02:10:10.265 - gpu_telemetry_manager - INFO - GPU Telemetry: Capturing baseline metrics from pynvml://localhost
2026-08-13 02:10:10.275 - pynvml_collector - INFO - PyNVML initialized with 1 GPU(s) (0 with GPM support)
2026-08-13 02:10:10.292 - system_controller - INFO - DCGM telemetry enabled - 1/1 endpoint(s) reachable
2026-08-13 02:10:11.117 - httpx - INFO - HTTP Request: HEAD https://huggingface.co/meta-models/Muse-Glimmer-30B/resolve/main/config.json "HTTP/1.1 307 Temporary Redirect"
2026-08-13 02:10:11.117 - httpx - INFO - HTTP Request: HEAD https://huggingface.co/meta-models/Muse-Glimmer-30B/resolve/main/config.json "HTTP/1.1 307 Temporary Redirect"
2026-08-13 02:10:11.118 - huggingface_hub.utils._http - WARNING - Warning: You are sending unauthenticated requests to the HF Hub. Please set a HF_TOKEN to enable higher rate limits and faster downloads.
2026-08-13 02:10:11.118 - httpx - INFO - HTTP Request: HEAD https://huggingface.co/meta-models/Muse-Glimmer-30B/resolve/main/config.json "HTTP/1.1 307 Temporary Redirect"
2026-08-13 02:10:11.133 - httpx - INFO - HTTP Request: HEAD https://huggingface.co/api/resolve-cache/models/meta-models/Muse-Glimmer-30B/a4e59da52a7bc87ae7251dd5545c0dd437c44b68/config.json "HTTP/1.1 200 OK"
2026-08-13 02:10:11.133 - httpx - INFO - HTTP Request: HEAD https://huggingface.co/api/resolve-cache/models/meta-models/Muse-Glimmer-30B/a4e59da52a7bc87ae7251dd5545c0dd437c44b68/config.json "HTTP/1.1 200 OK"
2026-08-13 02:10:11.133 - httpx - INFO - HTTP Request: HEAD https://huggingface.co/api/resolve-cache/models/meta-models/Muse-Glimmer-30B/a4e59da52a7bc87ae7251dd5545c0dd437c44b68/config.json "HTTP/1.1 200 OK"
2026-08-13 02:10:11.210 - httpx - INFO - HTTP Request: HEAD https://huggingface.co/meta-models/Muse-Glimmer-30B/resolve/main/config.json "HTTP/1.1 307 Temporary Redirect"
2026-08-13 02:10:11.211 - httpx - INFO - HTTP Request: HEAD https://huggingface.co/meta-models/Muse-Glimmer-30B/resolve/main/config.json "HTTP/1.1 307 Temporary Redirect"
2026-08-13 02:10:11.211 - huggingface_hub.utils._http - WARNING - Warning: You are sending unauthenticated requests to the HF Hub. Please set a HF_TOKEN to enable higher rate limits and faster downloads.
2026-08-13 02:10:11.215 - httpx - INFO - HTTP Request: HEAD https://huggingface.co/meta-models/Muse-Glimmer-30B/resolve/main/config.json "HTTP/1.1 307 Temporary Redirect"
2026-08-13 02:10:11.216 - huggingface_hub.utils._http - WARNING - Warning: You are sending unauthenticated requests to the HF Hub. Please set a HF_TOKEN to enable higher rate limits and faster downloads.
2026-08-13 02:10:11.226 - httpx - INFO - HTTP Request: HEAD https://huggingface.co/api/resolve-cache/models/meta-models/Muse-Glimmer-30B/a4e59da52a7bc87ae7251dd5545c0dd437c44b68/config.json "HTTP/1.1 200 OK"
2026-08-13 02:10:11.227 - httpx - INFO - HTTP Request: HEAD https://huggingface.co/api/resolve-cache/models/meta-models/Muse-Glimmer-30B/a4e59da52a7bc87ae7251dd5545c0dd437c44b68/config.json "HTTP/1.1 200 OK"
2026-08-13 02:10:11.228 - httpx - INFO - HTTP Request: HEAD https://huggingface.co/api/resolve-cache/models/meta-models/Muse-Glimmer-30B/a4e59da52a7bc87ae7251dd5545c0dd437c44b68/config.json "HTTP/1.1 200 OK"
2026-08-13 02:10:11.307 - httpx - INFO - HTTP Request: HEAD https://huggingface.co/meta-models/Muse-Glimmer-30B/resolve/main/tokenizer_config.json "HTTP/1.1 307 Temporary Redirect"
2026-08-13 02:10:11.310 - httpx - INFO - HTTP Request: HEAD https://huggingface.co/meta-models/Muse-Glimmer-30B/resolve/main/tokenizer_config.json "HTTP/1.1 307 Temporary Redirect"
2026-08-13 02:10:11.312 - httpx - INFO - HTTP Request: HEAD https://huggingface.co/meta-models/Muse-Glimmer-30B/resolve/main/tokenizer_config.json "HTTP/1.1 307 Temporary Redirect"
2026-08-13 02:10:11.317 - httpx - INFO - HTTP Request: HEAD https://huggingface.co/api/resolve-cache/models/meta-models/Muse-Glimmer-30B/a4e59da52a7bc87ae7251dd5545c0dd437c44b68/tokenizer_config.json "HTTP/1.1 200 OK"
2026-08-13 02:10:11.326 - httpx - INFO - HTTP Request: HEAD https://huggingface.co/api/resolve-cache/models/meta-models/Muse-Glimmer-30B/a4e59da52a7bc87ae7251dd5545c0dd437c44b68/tokenizer_config.json "HTTP/1.1 200 OK"
2026-08-13 02:10:11.328 - httpx - INFO - HTTP Request: HEAD https://huggingface.co/api/resolve-cache/models/meta-models/Muse-Glimmer-30B/a4e59da52a7bc87ae7251dd5545c0dd437c44b68/tokenizer_config.json "HTTP/1.1 200 OK"
2026-08-13 02:10:11.405 - httpx - INFO - HTTP Request: GET https://huggingface.co/api/models/meta-models/Muse-Glimmer-30B/tree/main/additional_chat_templates?recursive=false&expand=false "HTTP/1.1 404 Not Found"
2026-08-13 02:10:11.410 - httpx - INFO - HTTP Request: GET https://huggingface.co/api/models/meta-models/Muse-Glimmer-30B/tree/main/additional_chat_templates?recursive=false&expand=false "HTTP/1.1 404 Not Found"
2026-08-13 02:10:11.417 - httpx - INFO - HTTP Request: GET https://huggingface.co/api/models/meta-models/Muse-Glimmer-30B/tree/main/additional_chat_templates?recursive=false&expand=false "HTTP/1.1 404 Not Found"
2026-08-13 02:10:11.495 - httpx - INFO - HTTP Request: GET https://huggingface.co/api/models/meta-models/Muse-Glimmer-30B/tree/main?recursive=true&expand=false "HTTP/1.1 200 OK"
2026-08-13 02:10:11.497 - httpx - INFO - HTTP Request: GET https://huggingface.co/api/models/meta-models/Muse-Glimmer-30B/tree/main?recursive=true&expand=false "HTTP/1.1 200 OK"
2026-08-13 02:10:11.504 - httpx - INFO - HTTP Request: GET https://huggingface.co/api/models/meta-models/Muse-Glimmer-30B/tree/main?recursive=true&expand=false "HTTP/1.1 200 OK"
2026-08-13 02:10:13.313 - httpx - INFO - HTTP Request: GET https://huggingface.co/api/models/meta-models/Muse-Glimmer-30B "HTTP/1.1 200 OK"
2026-08-13 02:10:13.313 - httpx - INFO - HTTP Request: GET https://huggingface.co/api/models/meta-models/Muse-Glimmer-30B "HTTP/1.1 200 OK"
2026-08-13 02:10:13.321 - httpx - INFO - HTTP Request: GET https://huggingface.co/api/models/meta-models/Muse-Glimmer-30B "HTTP/1.1 200 OK"
2026-08-13 02:10:13.372 - dataset_manager - INFO - Tokenizer(s) configured in 3.14 seconds
2026-08-13 02:10:13.372 - dataset_manager - INFO - Configuring dataset for dataset_manager
2026-08-13 02:10:13.375 - InferenceResultParser_f01c1051 - INFO - Initialized tokenizers: {'meta-models/Muse-Glimmer-30B': {'class': 'TokenizersBackend', 'name_or_path': 'meta-models/Muse-Glimmer-30B'}} in 3.14 seconds
2026-08-13 02:10:13.383 - InferenceResultParser_aedcab85 - INFO - Initialized tokenizers: {'meta-models/Muse-Glimmer-30B': {'class': 'TokenizersBackend', 'name_or_path': 'meta-models/Muse-Glimmer-30B'}} in 3.15 seconds
2026-08-13 02:10:13.616 - CustomDatasetComposer - INFO - Using explicit dataset format: multi_turn
2026-08-13 02:10:13.684 - MemoryMapDatasetBackingStore_4d61a28c - INFO - Memory-mapped backing store initialized (streaming to /tmp/aiperf_mmap_1357c17ff095/dataset.dat)
2026-08-13 02:10:13.704 - MemoryMapDatasetBackingStore_4d61a28c - INFO - Data file finalized: 500 conversations, 1.23 MB
2026-08-13 02:10:13.705 - MemoryMapDatasetBackingStore_4d61a28c - INFO - Index file created: /tmp/aiperf_mmap_1357c17ff095/index.dat
2026-08-13 02:10:13.705 - dataset_manager - INFO - Backing store finalized: client_type=DatasetClientStoreType.MEMORY_MAP format=MemoryMapFormat.CONVERSATION data_file_path=PosixPath('/tmp/aiperf_mmap_1357c17ff095/dataset.dat') index_file_path=PosixPath('/tmp/aiperf_mmap_1357c17ff095/index.dat') conversation_count=500 total_size_bytes=1284882 compressed=False compressed_data_file_path=None compressed_index_file_path=None compressed_size_bytes=0
2026-08-13 02:10:13.714 - dataset_manager - INFO - sampling strategy: sequential, unique conversations: 500, unique turn count: 1783
2026-08-13 02:10:13.719 - dataset_manager - INFO - Generating inputs.json file at /output/inputs.json
2026-08-13 02:10:13.727 - system_controller - WARNING - Received command response for service we were not expecting: worker_15008d00. Ignoring.
2026-08-13 02:10:13.727 - system_controller - WARNING - Received command response for service we were not expecting: worker_e609d314. Ignoring.
2026-08-13 02:10:13.727 - system_controller - WARNING - Received command response for service we were not expecting: worker_6c8eba96. Ignoring.
2026-08-13 02:10:13.727 - system_controller - WARNING - Received command response for service we were not expecting: worker_3850c5b4. Ignoring.
2026-08-13 02:10:13.727 - system_controller - WARNING - Received command response for service we were not expecting: worker_b836bf68. Ignoring.
2026-08-13 02:10:13.730 - PhaseOrchestrator_9dded0e5 - INFO - Initialized 2 phase(s): ['Warmup', 'Profiling']
2026-08-13 02:10:13.730 - system_controller - WARNING - Received command response for service we were not expecting: worker_f61ed373. Ignoring.
2026-08-13 02:10:13.730 - system_controller - WARNING - Received command response for service we were not expecting: worker_7e681faa. Ignoring.
2026-08-13 02:10:13.730 - system_controller - WARNING - Received command response for service we were not expecting: worker_c6c1faa9. Ignoring.
2026-08-13 02:10:13.731 - dataset_manager - INFO - inputs.json file generated in 0.01 seconds
2026-08-13 02:10:13.871 - dataset_manager - INFO - Dataset client initialized and freed 500 conversations from memory
2026-08-13 02:10:13.872 - dataset_manager - INFO - Dataset configured in 0.50 seconds
2026-08-13 02:10:13.872 - system_controller - INFO - All services configured in 3.64 seconds
2026-08-13 02:10:13.872 - system_controller - INFO - AIPerf System is CONFIGURED
2026-08-13 02:10:13.874 - system_controller - INFO - All services started profiling successfully
2026-08-13 02:10:13.874 - system_controller - INFO - AIPerf System is PROFILING
2026-08-13 02:10:13.877 - RateTiming - INFO - Creating interval generator: pattern=concurrency_burst, rate=None, smoothness=None
2026-08-13 02:10:13.877 - PhaseRunner - NOTICE - Phase warmup (warmup) started | phase_index=0 | target: 3 requests
2026-08-13 02:10:13.877 - PhaseRunner - NOTICE - Phase warmup (warmup) sending complete | sent=3, completed=0, in_flight=3 | sessions: sent=3, completed=0
2026-08-13 02:10:13.878 - records_manager - INFO - Credit phase start: warmup
2026-08-13 02:10:34.135 - PhaseRunner - NOTICE - Phase warmup (warmup) complete | completed=3, cancelled=0, errors=0 | sessions: completed=0, cancelled=0 | elapsed=20.26s
2026-08-13 02:10:34.137 - RateTiming - INFO - Creating interval generator: pattern=concurrency_burst, rate=None, smoothness=None
2026-08-13 02:10:34.137 - PhaseRunner - NOTICE - Phase profiling (profiling) started | phase_index=1 | profiling_index=0 | target: 50 requests, 50 sessions
2026-08-13 02:10:34.138 - records_manager - INFO - Credit phase start: profiling
2026-08-13 02:10:55.794 - aiperf.metrics.types.osl_mismatch_metrics - WARNING - OSL mismatch: got 46 tokens (requested 49, diff -6.1%)
2026-08-13 02:11:58.677 - aiperf.metrics.types.osl_mismatch_metrics - WARNING - OSL mismatch: got 26 tokens (requested 29, diff -10.3%)
2026-08-13 02:12:23.396 - PhaseRunner - NOTICE - Phase profiling (profiling) sending complete | sent=50, completed=43, in_flight=7 | sessions: sent=20, completed=12
2026-08-13 02:12:23.398 - records_manager - INFO - Sent 50 requests. Waiting for all to complete...
2026-08-13 02:12:39.897 - PhaseRunner - NOTICE - Phase profiling (profiling) complete | completed=50, cancelled=0, errors=0 | sessions: completed=15, cancelled=0 | elapsed=125.76s
2026-08-13 02:12:39.898 - PhaseOrchestrator_9dded0e5 - NOTICE - All credits completed
2026-08-13 02:12:39.899 - system_controller - INFO - Received credits complete from 'timing_manager'
2026-08-13 02:12:39.899 - records_manager - INFO - Received CREDIT_PHASE_COMPLETE message, Phase complete: PhaseRecordsStats(phase=CreditPhase.PROFILING, phase_index=1, profiling_index=0, phase_name='profiling', phase_kind='profiling', start_ns=1786587034137606977, sent_end_ns=1786587143396697021, requests_end_ns=1786587159897259043, baseline_start_ns=1786587034137597985, baseline_end_ns=1786587159897274387, total_expected_requests=50, expected_duration_sec=None, expected_num_sessions=None, expected_grace_period_sec=None, final_requests_sent=None, final_requests_completed=50, final_requests_cancelled=0, final_request_errors=0, final_sent_sessions=None, final_completed_sessions=None, final_cancelled_sessions=None, timeout_triggered=False, grace_period_timeout_triggered=False, was_cancelled=False, records_end_ns=None, success_records=49, error_records=0)
2026-08-13 02:12:39.899 - records_manager - NOTICE - All requests have completed, please wait for the results to be processed (currently 49 of 50 records processed)...
2026-08-13 02:12:39.900 - records_manager - INFO - All credits complete, please wait for the results to be processed...
2026-08-13 02:12:39.907 - records_manager - INFO - Processed 50 valid requests and 0 errors (50 total).
2026-08-13 02:12:39.907 - records_manager - INFO - Received all records, processing now...
2026-08-13 02:12:39.909 - gpu_telemetry_manager - INFO - GPU Telemetry: Profiling complete, capturing final metrics...
2026-08-13 02:12:39.909 - records_manager - INFO - Waiting 2.0s for server metrics flush period...
2026-08-13 02:12:41.898 - records_manager - INFO - Processing records results...
2026-08-13 02:12:41.949 - system_controller - INFO - Waiting for result domains: telemetry
2026-08-13 02:12:41.949 - records_manager - INFO - _finalize_and_process_results completed
2026-08-13 02:12:41.949 - system_controller - INFO - All results received, initiating shutdown
2026-08-13 02:12:42.551 - ExporterManager - INFO - Exporting all records
2026-08-13 02:12:42.595 - ExporterManager - INFO - Exporting console data
