2026-08-12 03:03:21.366 - aiperf.cli_runner._single_run - INFO - Starting AIPerf System
2026-08-12 03:03:21.864 - httpx - INFO - HTTP Request: GET https://huggingface.co/api/models/meta-models/Muse-Glimmer-30B "HTTP/1.1 200 OK"
2026-08-12 03:03:21.871 - aiperf.config.resolution.resolvers - INFO - [OK] Tokenizer meta-models/Muse-Glimmer-30B detected
2026-08-12 03:03:21.871 - aiperf.config.resolution.resolvers - INFO - 1 tokenizer validated | 0.5s
2026-08-12 03:03:21.871 - aiperf.config.resolution.resolvers - INFO - Prefetching 1 tokenizer into HF cache...
2026-08-12 03:03:22.718 - httpx - INFO - HTTP Request: HEAD https://huggingface.co/meta-models/Muse-Glimmer-30B/resolve/main/config.json "HTTP/1.1 307 Temporary Redirect"
2026-08-12 03:03:22.731 - httpx - INFO - HTTP Request: HEAD https://huggingface.co/api/resolve-cache/models/meta-models/Muse-Glimmer-30B/a4e59da52a7bc87ae7251dd5545c0dd437c44b68/config.json "HTTP/1.1 200 OK"
2026-08-12 03:03:22.751 - httpx - INFO - HTTP Request: GET https://huggingface.co/api/resolve-cache/models/meta-models/Muse-Glimmer-30B/a4e59da52a7bc87ae7251dd5545c0dd437c44b68/config.json "HTTP/1.1 200 OK"
2026-08-12 03:03:22.859 - httpx - INFO - HTTP Request: HEAD https://huggingface.co/meta-models/Muse-Glimmer-30B/resolve/main/config.json "HTTP/1.1 307 Temporary Redirect"
2026-08-12 03:03:22.875 - httpx - INFO - HTTP Request: HEAD https://huggingface.co/api/resolve-cache/models/meta-models/Muse-Glimmer-30B/a4e59da52a7bc87ae7251dd5545c0dd437c44b68/config.json "HTTP/1.1 200 OK"
2026-08-12 03:03:22.960 - httpx - INFO - HTTP Request: HEAD https://huggingface.co/meta-models/Muse-Glimmer-30B/resolve/main/tokenizer_config.json "HTTP/1.1 307 Temporary Redirect"
2026-08-12 03:03:22.960 - huggingface_hub.utils._http - WARNING - Warning: You are sending unauthenticated requests to the HF Hub. Please set a HF_TOKEN to enable higher rate limits and faster downloads.
2026-08-12 03:03:22.974 - httpx - INFO - HTTP Request: HEAD https://huggingface.co/api/resolve-cache/models/meta-models/Muse-Glimmer-30B/a4e59da52a7bc87ae7251dd5545c0dd437c44b68/tokenizer_config.json "HTTP/1.1 200 OK"
2026-08-12 03:03:22.991 - httpx - INFO - HTTP Request: GET https://huggingface.co/api/resolve-cache/models/meta-models/Muse-Glimmer-30B/a4e59da52a7bc87ae7251dd5545c0dd437c44b68/tokenizer_config.json "HTTP/1.1 200 OK"
2026-08-12 03:03:23.081 - httpx - INFO - HTTP Request: GET https://huggingface.co/api/models/meta-models/Muse-Glimmer-30B/tree/main/additional_chat_templates?recursive=false&expand=false "HTTP/1.1 404 Not Found"
2026-08-12 03:03:23.169 - httpx - INFO - HTTP Request: GET https://huggingface.co/api/models/meta-models/Muse-Glimmer-30B/tree/main?recursive=true&expand=false "HTTP/1.1 200 OK"
2026-08-12 03:03:23.260 - httpx - INFO - HTTP Request: HEAD https://huggingface.co/meta-models/Muse-Glimmer-30B/resolve/main/tokenizer.json "HTTP/1.1 302 Found"
2026-08-12 03:03:23.358 - httpx - INFO - HTTP Request: GET https://huggingface.co/api/models/meta-models/Muse-Glimmer-30B/xet-read-token/a4e59da52a7bc87ae7251dd5545c0dd437c44b68 "HTTP/1.1 200 OK"
2026-08-12 03:03:24.523 - httpx - INFO - HTTP Request: HEAD https://huggingface.co/meta-models/Muse-Glimmer-30B/resolve/main/tokenizer.model "HTTP/1.1 404 Not Found"
2026-08-12 03:03:24.608 - httpx - INFO - HTTP Request: HEAD https://huggingface.co/meta-models/Muse-Glimmer-30B/resolve/main/added_tokens.json "HTTP/1.1 404 Not Found"
2026-08-12 03:03:24.698 - httpx - INFO - HTTP Request: HEAD https://huggingface.co/meta-models/Muse-Glimmer-30B/resolve/main/special_tokens_map.json "HTTP/1.1 404 Not Found"
2026-08-12 03:03:24.787 - httpx - INFO - HTTP Request: HEAD https://huggingface.co/meta-models/Muse-Glimmer-30B/resolve/main/chat_template.jinja "HTTP/1.1 307 Temporary Redirect"
2026-08-12 03:03:24.799 - httpx - INFO - HTTP Request: HEAD https://huggingface.co/api/resolve-cache/models/meta-models/Muse-Glimmer-30B/a4e59da52a7bc87ae7251dd5545c0dd437c44b68/chat_template.jinja "HTTP/1.1 200 OK"
2026-08-12 03:03:24.815 - httpx - INFO - HTTP Request: GET https://huggingface.co/api/resolve-cache/models/meta-models/Muse-Glimmer-30B/a4e59da52a7bc87ae7251dd5545c0dd437c44b68/chat_template.jinja "HTTP/1.1 200 OK"
2026-08-12 03:03:26.444 - httpx - INFO - HTTP Request: GET https://huggingface.co/api/models/meta-models/Muse-Glimmer-30B "HTTP/1.1 200 OK"
2026-08-12 03:03:26.542 - aiperf.config.resolution.resolvers - INFO -   Cached meta-models/Muse-Glimmer-30B (4.65s)
2026-08-12 03:03:26.595 - aiperf.config.resolution.resolvers - INFO - 1 tokenizer cached • 4.7s
2026-08-12 03:03:27.022 - system_controller - INFO - Registered Gpu Telemetry Manager (id: 'gpu_telemetry_manager')
2026-08-12 03:03:27.023 - system_controller - INFO - Registered Worker Manager (id: 'worker_manager')
2026-08-12 03:03:27.056 - server_metrics_manager - INFO - Server Metrics: Discovered 1 endpoints: ['http://localhost:30000/metrics']
2026-08-12 03:03:27.101 - GPUTelemetryJSONLWriter_8124f9b8 - INFO - GPU telemetry export enabled: /output/gpu_telemetry_export.jsonl
2026-08-12 03:03:27.110 - OTelMetricsResultsProcessor_3c36dc43 - INFO - Telemetry streaming is disabled (set --otel-url and/or --mlflow-tracking-uri to enable)
2026-08-12 03:03:27.111 - RecordExportJSONLWriter_773f3360 - INFO - Record metrics export enabled: /output/profile_export.jsonl
2026-08-12 03:03:27.138 - system_controller - INFO - Registered Dataset Manager (id: 'dataset_manager')
2026-08-12 03:03:27.161 - system_controller - INFO - Registered Server Metrics Manager (id: 'server_metrics_manager')
2026-08-12 03:03:27.181 - system_controller - INFO - Registered Record Processor (id: 'record_processor_278c848f')
2026-08-12 03:03:27.219 - system_controller - INFO - Registered Records Manager (id: 'records_manager')
2026-08-12 03:03:27.369 - system_controller - INFO - Registered Timing Manager (id: 'timing_manager')
2026-08-12 03:03:27.371 - system_controller - INFO - Registered Worker (id: 'worker_02819e6e')
2026-08-12 03:03:27.387 - system_controller - INFO - Registered Worker (id: 'worker_4b85529f')
2026-08-12 03:03:27.498 - system_controller - INFO - AIPerf System is CONFIGURING
2026-08-12 03:03:27.498 - system_controller - INFO - Configuring all services to start profiling
2026-08-12 03:03:27.499 - timing_manager - INFO - Waiting for dataset to be configured before configuring timing
2026-08-12 03:03:27.499 - InferenceResultParser_f97097dd - INFO - Configuring tokenizers for inference result parser (resolve_alias: True)
2026-08-12 03:03:27.500 - dataset_manager - INFO - Configuring tokenizer(s) for dataset manager
2026-08-12 03:03:27.506 - system_controller - INFO - Server metrics disabled - no Prometheus endpoints reachable
2026-08-12 03:03:27.506 - system_controller - INFO - Waiting for result domains: profile, telemetry
2026-08-12 03:03:27.528 - gpu_telemetry_manager - INFO - GPU Telemetry: Capturing baseline metrics from pynvml://localhost
2026-08-12 03:03:27.537 - pynvml_collector - INFO - PyNVML initialized with 1 GPU(s) (0 with GPM support)
2026-08-12 03:03:27.552 - system_controller - INFO - DCGM telemetry enabled - 1/1 endpoint(s) reachable
2026-08-12 03:03:28.051 - httpx - INFO - HTTP Request: HEAD https://huggingface.co/meta-models/Muse-Glimmer-30B/resolve/main/config.json "HTTP/1.1 307 Temporary Redirect"
2026-08-12 03:03:28.051 - huggingface_hub.utils._http - WARNING - Warning: You are sending unauthenticated requests to the HF Hub. Please set a HF_TOKEN to enable higher rate limits and faster downloads.
2026-08-12 03:03:28.057 - httpx - INFO - HTTP Request: HEAD https://huggingface.co/meta-models/Muse-Glimmer-30B/resolve/main/config.json "HTTP/1.1 307 Temporary Redirect"
2026-08-12 03:03:28.067 - httpx - INFO - HTTP Request: HEAD https://huggingface.co/api/resolve-cache/models/meta-models/Muse-Glimmer-30B/a4e59da52a7bc87ae7251dd5545c0dd437c44b68/config.json "HTTP/1.1 200 OK"
2026-08-12 03:03:28.069 - httpx - INFO - HTTP Request: HEAD https://huggingface.co/api/resolve-cache/models/meta-models/Muse-Glimmer-30B/a4e59da52a7bc87ae7251dd5545c0dd437c44b68/config.json "HTTP/1.1 200 OK"
2026-08-12 03:03:28.153 - httpx - INFO - HTTP Request: HEAD https://huggingface.co/meta-models/Muse-Glimmer-30B/resolve/main/config.json "HTTP/1.1 307 Temporary Redirect"
2026-08-12 03:03:28.153 - httpx - INFO - HTTP Request: HEAD https://huggingface.co/meta-models/Muse-Glimmer-30B/resolve/main/config.json "HTTP/1.1 307 Temporary Redirect"
2026-08-12 03:03:28.153 - huggingface_hub.utils._http - WARNING - Warning: You are sending unauthenticated requests to the HF Hub. Please set a HF_TOKEN to enable higher rate limits and faster downloads.
2026-08-12 03:03:28.169 - httpx - INFO - HTTP Request: HEAD https://huggingface.co/api/resolve-cache/models/meta-models/Muse-Glimmer-30B/a4e59da52a7bc87ae7251dd5545c0dd437c44b68/config.json "HTTP/1.1 200 OK"
2026-08-12 03:03:28.170 - httpx - INFO - HTTP Request: HEAD https://huggingface.co/api/resolve-cache/models/meta-models/Muse-Glimmer-30B/a4e59da52a7bc87ae7251dd5545c0dd437c44b68/config.json "HTTP/1.1 200 OK"
2026-08-12 03:03:28.266 - httpx - INFO - HTTP Request: HEAD https://huggingface.co/meta-models/Muse-Glimmer-30B/resolve/main/tokenizer_config.json "HTTP/1.1 307 Temporary Redirect"
2026-08-12 03:03:28.290 - httpx - INFO - HTTP Request: HEAD https://huggingface.co/api/resolve-cache/models/meta-models/Muse-Glimmer-30B/a4e59da52a7bc87ae7251dd5545c0dd437c44b68/tokenizer_config.json "HTTP/1.1 200 OK"
2026-08-12 03:03:28.290 - httpx - INFO - HTTP Request: HEAD https://huggingface.co/meta-models/Muse-Glimmer-30B/resolve/main/tokenizer_config.json "HTTP/1.1 307 Temporary Redirect"
2026-08-12 03:03:28.345 - httpx - INFO - HTTP Request: HEAD https://huggingface.co/api/resolve-cache/models/meta-models/Muse-Glimmer-30B/a4e59da52a7bc87ae7251dd5545c0dd437c44b68/tokenizer_config.json "HTTP/1.1 200 OK"
2026-08-12 03:03:28.388 - httpx - INFO - HTTP Request: GET https://huggingface.co/api/models/meta-models/Muse-Glimmer-30B/tree/main/additional_chat_templates?recursive=false&expand=false "HTTP/1.1 404 Not Found"
2026-08-12 03:03:28.465 - httpx - INFO - HTTP Request: GET https://huggingface.co/api/models/meta-models/Muse-Glimmer-30B/tree/main/additional_chat_templates?recursive=false&expand=false "HTTP/1.1 404 Not Found"
2026-08-12 03:03:28.486 - httpx - INFO - HTTP Request: GET https://huggingface.co/api/models/meta-models/Muse-Glimmer-30B/tree/main?recursive=true&expand=false "HTTP/1.1 200 OK"
2026-08-12 03:03:28.565 - httpx - INFO - HTTP Request: GET https://huggingface.co/api/models/meta-models/Muse-Glimmer-30B/tree/main?recursive=true&expand=false "HTTP/1.1 200 OK"
2026-08-12 03:03:30.314 - httpx - INFO - HTTP Request: GET https://huggingface.co/api/models/meta-models/Muse-Glimmer-30B "HTTP/1.1 200 OK"
2026-08-12 03:03:30.371 - dataset_manager - INFO - Tokenizer(s) configured in 2.87 seconds
2026-08-12 03:03:30.371 - dataset_manager - INFO - Configuring dataset for dataset_manager
2026-08-12 03:03:30.371 - httpx - INFO - HTTP Request: GET https://huggingface.co/api/models/meta-models/Muse-Glimmer-30B "HTTP/1.1 200 OK"
2026-08-12 03:03:30.428 - InferenceResultParser_f97097dd - INFO - Initialized tokenizers: {'meta-models/Muse-Glimmer-30B': {'class': 'TokenizersBackend', 'name_or_path': 'meta-models/Muse-Glimmer-30B'}} in 2.93 seconds
2026-08-12 03:03:30.685 - CustomDatasetComposer - INFO - Using explicit dataset format: multi_turn
2026-08-12 03:03:30.750 - MemoryMapDatasetBackingStore_4c695ba6 - INFO - Memory-mapped backing store initialized (streaming to /tmp/aiperf_mmap_41f2e1e651e4/dataset.dat)
2026-08-12 03:03:30.771 - MemoryMapDatasetBackingStore_4c695ba6 - INFO - Data file finalized: 500 conversations, 1.25 MB
2026-08-12 03:03:30.771 - MemoryMapDatasetBackingStore_4c695ba6 - INFO - Index file created: /tmp/aiperf_mmap_41f2e1e651e4/index.dat
2026-08-12 03:03:30.772 - dataset_manager - INFO - Backing store finalized: client_type=DatasetClientStoreType.MEMORY_MAP format=MemoryMapFormat.CONVERSATION data_file_path=PosixPath('/tmp/aiperf_mmap_41f2e1e651e4/dataset.dat') index_file_path=PosixPath('/tmp/aiperf_mmap_41f2e1e651e4/index.dat') conversation_count=500 total_size_bytes=1314418 compressed=False compressed_data_file_path=None compressed_index_file_path=None compressed_size_bytes=0
2026-08-12 03:03:30.780 - dataset_manager - INFO - sampling strategy: sequential, unique conversations: 500, unique turn count: 1783
2026-08-12 03:03:30.785 - dataset_manager - INFO - Generating inputs.json file at /output/inputs.json
2026-08-12 03:03:30.796 - PhaseOrchestrator_8a7ec6e1 - INFO - Initialized 2 phase(s): ['Warmup', 'Profiling']
2026-08-12 03:03:30.797 - dataset_manager - INFO - inputs.json file generated in 0.01 seconds
2026-08-12 03:03:30.928 - dataset_manager - INFO - Dataset client initialized and freed 500 conversations from memory
2026-08-12 03:03:30.928 - dataset_manager - INFO - Dataset configured in 0.56 seconds
2026-08-12 03:03:30.929 - system_controller - INFO - All services configured in 3.43 seconds
2026-08-12 03:03:30.930 - system_controller - INFO - AIPerf System is CONFIGURED
2026-08-12 03:03:30.931 - system_controller - INFO - All services started profiling successfully
2026-08-12 03:03:30.931 - system_controller - INFO - AIPerf System is PROFILING
2026-08-12 03:03:30.936 - RateTiming - INFO - Creating interval generator: pattern=concurrency_burst, rate=None, smoothness=None
2026-08-12 03:03:30.936 - PhaseRunner - NOTICE - Phase warmup (warmup) started | phase_index=0 | target: 3 requests
2026-08-12 03:03:30.937 - records_manager - INFO - Credit phase start: warmup
2026-08-12 03:03:46.225 - PhaseRunner - NOTICE - Phase warmup (warmup) sending complete | sent=3, completed=1, in_flight=2 | sessions: sent=2, completed=0
2026-08-12 03:04:00.943 - PhaseRunner - INFO - Phase warmup progress | returned=2/3 | sent=3 | in_flight=1 | errors=0 | elapsed=30.0s
2026-08-12 03:04:11.296 - PhaseRunner - NOTICE - Phase warmup (warmup) complete | completed=3, cancelled=0, errors=0 | sessions: completed=1, cancelled=0 | elapsed=40.36s
2026-08-12 03:04:11.298 - RateTiming - INFO - Creating interval generator: pattern=concurrency_burst, rate=None, smoothness=None
2026-08-12 03:04:11.298 - PhaseRunner - NOTICE - Phase profiling (profiling) started | phase_index=1 | profiling_index=0 | target: 50 requests, 50 sessions
2026-08-12 03:04:11.300 - records_manager - INFO - Credit phase start: profiling
2026-08-12 03:04:15.110 - aiperf.metrics.types.osl_mismatch_metrics - WARNING - OSL mismatch: got 26 tokens (requested 29, diff -10.3%)
2026-08-12 03:04:17.020 - aiperf.metrics.types.osl_mismatch_metrics - WARNING - OSL mismatch: got 46 tokens (requested 49, diff -6.1%)
2026-08-12 03:04:20.250 - aiperf.metrics.types.osl_mismatch_metrics - WARNING - OSL mismatch: got 18 tokens (requested 194, diff -90.7%)
2026-08-12 03:04:22.747 - aiperf.metrics.types.osl_mismatch_metrics - WARNING - OSL mismatch: got 17 tokens (requested 196, diff -91.3%)
2026-08-12 03:10:07.034 - PhaseRunner - NOTICE - Phase profiling (profiling) sending complete | sent=50, completed=48, in_flight=2 | sessions: sent=16, completed=14
2026-08-12 03:10:07.036 - records_manager - INFO - Sent 50 requests. Waiting for all to complete...
2026-08-12 03:10:20.580 - PhaseRunner - NOTICE - Phase profiling (profiling) complete | completed=50, cancelled=0, errors=0 | sessions: completed=15, cancelled=0 | elapsed=369.28s
2026-08-12 03:10:20.580 - PhaseOrchestrator_8a7ec6e1 - NOTICE - All credits completed
2026-08-12 03:10:20.582 - system_controller - INFO - Received credits complete from 'timing_manager'
2026-08-12 03:10:20.582 - records_manager - INFO - Received CREDIT_PHASE_COMPLETE message, Phase complete: PhaseRecordsStats(phase=CreditPhase.PROFILING, phase_index=1, profiling_index=0, phase_name='profiling', phase_kind='profiling', start_ns=1786503851298842568, sent_end_ns=1786504207034735003, requests_end_ns=1786504220579717838, baseline_start_ns=1786503851298820872, baseline_end_ns=1786504220579736158, total_expected_requests=50, expected_duration_sec=None, expected_num_sessions=None, expected_grace_period_sec=None, final_requests_sent=None, final_requests_completed=50, final_requests_cancelled=0, final_request_errors=0, final_sent_sessions=None, final_completed_sessions=None, final_cancelled_sessions=None, timeout_triggered=False, grace_period_timeout_triggered=False, was_cancelled=False, records_end_ns=None, success_records=49, error_records=0)
2026-08-12 03:10:20.582 - records_manager - NOTICE - All requests have completed, please wait for the results to be processed (currently 49 of 50 records processed)...
2026-08-12 03:10:20.582 - records_manager - INFO - All credits complete, please wait for the results to be processed...
2026-08-12 03:10:20.587 - records_manager - INFO - Processed 50 valid requests and 0 errors (50 total).
2026-08-12 03:10:20.587 - records_manager - INFO - Received all records, processing now...
2026-08-12 03:10:20.589 - gpu_telemetry_manager - INFO - GPU Telemetry: Profiling complete, capturing final metrics...
2026-08-12 03:10:20.590 - records_manager - INFO - Waiting 2.0s for server metrics flush period...
2026-08-12 03:10:22.579 - records_manager - INFO - Processing records results...
2026-08-12 03:10:22.660 - records_manager - INFO - _finalize_and_process_results completed
2026-08-12 03:10:22.662 - system_controller - INFO - Waiting for result domains: telemetry
2026-08-12 03:10:22.662 - system_controller - INFO - All results received, initiating shutdown
2026-08-12 03:10:23.267 - ExporterManager - INFO - Exporting all records
2026-08-12 03:10:23.328 - ExporterManager - INFO - Exporting console data
