2026-08-16 10:08:24.735 - aiperf.cli_runner._single_run - INFO - Starting AIPerf System
2026-08-16 10:08:25.193 - httpx - INFO - HTTP Request: GET https://huggingface.co/api/models/nvidia/NVIDIA-Nemotron-3.5-Lightning-30B-A3B-NVFP4 "HTTP/1.1 200 OK"
2026-08-16 10:08:25.205 - aiperf.config.resolution.resolvers - INFO - [OK] Tokenizer nvidia/NVIDIA-Nemotron-3.5-Lightning-30B-A3B-NVFP4 detected
2026-08-16 10:08:25.205 - aiperf.config.resolution.resolvers - INFO - 1 tokenizer validated | 0.5s
2026-08-16 10:08:25.205 - aiperf.config.resolution.resolvers - INFO - Prefetching 1 tokenizer into HF cache...
2026-08-16 10:08:26.303 - httpx - INFO - HTTP Request: HEAD https://huggingface.co/nvidia/NVIDIA-Nemotron-3.5-Lightning-30B-A3B-NVFP4/resolve/main/config.json "HTTP/1.1 307 Temporary Redirect"
2026-08-16 10:08:26.314 - httpx - INFO - HTTP Request: HEAD https://huggingface.co/api/resolve-cache/models/nvidia/NVIDIA-Nemotron-3.5-Lightning-30B-A3B-NVFP4/6dbbd757ea75a8ece6e0702872e3ae53f9987728/config.json "HTTP/1.1 200 OK"
2026-08-16 10:08:26.329 - httpx - INFO - HTTP Request: GET https://huggingface.co/api/resolve-cache/models/nvidia/NVIDIA-Nemotron-3.5-Lightning-30B-A3B-NVFP4/6dbbd757ea75a8ece6e0702872e3ae53f9987728/config.json "HTTP/1.1 200 OK"
2026-08-16 10:08:26.461 - httpx - INFO - HTTP Request: HEAD https://huggingface.co/nvidia/NVIDIA-Nemotron-3.5-Lightning-30B-A3B-NVFP4/resolve/main/tokenizer_config.json "HTTP/1.1 307 Temporary Redirect"
2026-08-16 10:08:26.461 - huggingface_hub.utils._http - WARNING - Warning: You are sending unauthenticated requests to the HF Hub. Please set a HF_TOKEN to enable higher rate limits and faster downloads.
2026-08-16 10:08:26.473 - httpx - INFO - HTTP Request: HEAD https://huggingface.co/api/resolve-cache/models/nvidia/NVIDIA-Nemotron-3.5-Lightning-30B-A3B-NVFP4/6dbbd757ea75a8ece6e0702872e3ae53f9987728/tokenizer_config.json "HTTP/1.1 200 OK"
2026-08-16 10:08:26.483 - httpx - INFO - HTTP Request: GET https://huggingface.co/api/resolve-cache/models/nvidia/NVIDIA-Nemotron-3.5-Lightning-30B-A3B-NVFP4/6dbbd757ea75a8ece6e0702872e3ae53f9987728/tokenizer_config.json "HTTP/1.1 200 OK"
2026-08-16 10:08:26.565 - httpx - INFO - HTTP Request: GET https://huggingface.co/api/models/nvidia/NVIDIA-Nemotron-3.5-Lightning-30B-A3B-NVFP4/tree/main/additional_chat_templates?recursive=false&expand=false "HTTP/1.1 404 Not Found"
2026-08-16 10:08:26.654 - httpx - INFO - HTTP Request: GET https://huggingface.co/api/models/nvidia/NVIDIA-Nemotron-3.5-Lightning-30B-A3B-NVFP4/tree/main?recursive=true&expand=false "HTTP/1.1 200 OK"
2026-08-16 10:08:26.736 - httpx - INFO - HTTP Request: HEAD https://huggingface.co/nvidia/NVIDIA-Nemotron-3.5-Lightning-30B-A3B-NVFP4/resolve/main/tokenizer.json "HTTP/1.1 302 Found"
2026-08-16 10:08:26.829 - httpx - INFO - HTTP Request: GET https://huggingface.co/api/models/nvidia/NVIDIA-Nemotron-3.5-Lightning-30B-A3B-NVFP4/xet-read-token/6dbbd757ea75a8ece6e0702872e3ae53f9987728 "HTTP/1.1 200 OK"
2026-08-16 10:08:27.716 - httpx - INFO - HTTP Request: HEAD https://huggingface.co/nvidia/NVIDIA-Nemotron-3.5-Lightning-30B-A3B-NVFP4/resolve/main/tokenizer.model "HTTP/1.1 404 Not Found"
2026-08-16 10:08:27.797 - httpx - INFO - HTTP Request: HEAD https://huggingface.co/nvidia/NVIDIA-Nemotron-3.5-Lightning-30B-A3B-NVFP4/resolve/main/added_tokens.json "HTTP/1.1 404 Not Found"
2026-08-16 10:08:27.884 - httpx - INFO - HTTP Request: HEAD https://huggingface.co/nvidia/NVIDIA-Nemotron-3.5-Lightning-30B-A3B-NVFP4/resolve/main/special_tokens_map.json "HTTP/1.1 307 Temporary Redirect"
2026-08-16 10:08:27.895 - httpx - INFO - HTTP Request: HEAD https://huggingface.co/api/resolve-cache/models/nvidia/NVIDIA-Nemotron-3.5-Lightning-30B-A3B-NVFP4/6dbbd757ea75a8ece6e0702872e3ae53f9987728/special_tokens_map.json "HTTP/1.1 200 OK"
2026-08-16 10:08:27.906 - httpx - INFO - HTTP Request: GET https://huggingface.co/api/resolve-cache/models/nvidia/NVIDIA-Nemotron-3.5-Lightning-30B-A3B-NVFP4/6dbbd757ea75a8ece6e0702872e3ae53f9987728/special_tokens_map.json "HTTP/1.1 200 OK"
2026-08-16 10:08:27.987 - httpx - INFO - HTTP Request: HEAD https://huggingface.co/nvidia/NVIDIA-Nemotron-3.5-Lightning-30B-A3B-NVFP4/resolve/main/chat_template.jinja "HTTP/1.1 307 Temporary Redirect"
2026-08-16 10:08:27.999 - httpx - INFO - HTTP Request: HEAD https://huggingface.co/api/resolve-cache/models/nvidia/NVIDIA-Nemotron-3.5-Lightning-30B-A3B-NVFP4/6dbbd757ea75a8ece6e0702872e3ae53f9987728/chat_template.jinja "HTTP/1.1 200 OK"
2026-08-16 10:08:28.012 - httpx - INFO - HTTP Request: GET https://huggingface.co/api/resolve-cache/models/nvidia/NVIDIA-Nemotron-3.5-Lightning-30B-A3B-NVFP4/6dbbd757ea75a8ece6e0702872e3ae53f9987728/chat_template.jinja "HTTP/1.1 200 OK"
2026-08-16 10:08:28.839 - httpx - INFO - HTTP Request: GET https://huggingface.co/api/models/nvidia/NVIDIA-Nemotron-3.5-Lightning-30B-A3B-NVFP4 "HTTP/1.1 200 OK"
2026-08-16 10:08:28.879 - aiperf.config.resolution.resolvers - INFO -   Cached nvidia/NVIDIA-Nemotron-3.5-Lightning-30B-A3B-NVFP4 (3.66s)
2026-08-16 10:08:28.920 - aiperf.config.resolution.resolvers - INFO - 1 tokenizer cached • 3.7s
2026-08-16 10:08:29.280 - system_controller - INFO - Registered Worker Manager (id: 'worker_manager')
2026-08-16 10:08:29.319 - server_metrics_manager - INFO - Server Metrics: Discovered 1 endpoints: ['http://localhost:8000/metrics']
2026-08-16 10:08:29.378 - system_controller - INFO - Registered Gpu Telemetry Manager (id: 'gpu_telemetry_manager')
2026-08-16 10:08:29.406 - system_controller - INFO - Registered Dataset Manager (id: 'dataset_manager')
2026-08-16 10:08:29.425 - system_controller - INFO - Registered Server Metrics Manager (id: 'server_metrics_manager')
2026-08-16 10:08:29.442 - GPUTelemetryJSONLWriter_d8c8d279 - INFO - GPU telemetry export enabled: /output/gpu_telemetry_export.jsonl
2026-08-16 10:08:29.461 - system_controller - INFO - Registered Record Processor (id: 'record_processor_5263c984')
2026-08-16 10:08:29.466 - OTelMetricsResultsProcessor_be01b835 - INFO - Telemetry streaming is disabled (set --otel-url and/or --mlflow-tracking-uri to enable)
2026-08-16 10:08:29.468 - RecordExportJSONLWriter_6100bc5b - INFO - Record metrics export enabled: /output/profile_export.jsonl
2026-08-16 10:08:29.477 - system_controller - INFO - Registered Records Manager (id: 'records_manager')
2026-08-16 10:08:29.547 - system_controller - INFO - Registered Record Processor (id: 'record_processor_ae1dca60')
2026-08-16 10:08:29.547 - system_controller - INFO - Registered Record Processor (id: 'record_processor_3cec57b3')
2026-08-16 10:08:29.720 - system_controller - INFO - Registered Worker (id: 'worker_9526acba')
2026-08-16 10:08:29.721 - system_controller - INFO - Registered Timing Manager (id: 'timing_manager')
2026-08-16 10:08:29.738 - system_controller - INFO - Registered Worker (id: 'worker_a9032cc1')
2026-08-16 10:08:29.744 - system_controller - INFO - Registered Worker (id: 'worker_13d4fad5')
2026-08-16 10:08:29.744 - system_controller - INFO - Registered Worker (id: 'worker_1273a591')
2026-08-16 10:08:29.749 - system_controller - INFO - Registered Worker (id: 'worker_b4b362d4')
2026-08-16 10:08:29.754 - system_controller - INFO - Registered Worker (id: 'worker_2e6193b5')
2026-08-16 10:08:29.757 - system_controller - INFO - Registered Worker (id: 'worker_33c9a065')
2026-08-16 10:08:29.760 - system_controller - INFO - AIPerf System is CONFIGURING
2026-08-16 10:08:29.761 - system_controller - INFO - Configuring all services to start profiling
2026-08-16 10:08:29.762 - timing_manager - INFO - Waiting for dataset to be configured before configuring timing
2026-08-16 10:08:29.762 - InferenceResultParser_1eac6d99 - INFO - Configuring tokenizers for inference result parser (resolve_alias: True)
2026-08-16 10:08:29.762 - InferenceResultParser_363ba902 - INFO - Configuring tokenizers for inference result parser (resolve_alias: True)
2026-08-16 10:08:29.762 - dataset_manager - INFO - Configuring tokenizer(s) for dataset manager
2026-08-16 10:08:29.763 - InferenceResultParser_33cc1cca - INFO - Configuring tokenizers for inference result parser (resolve_alias: True)
2026-08-16 10:08:29.769 - system_controller - INFO - Registered Worker (id: 'worker_66f792bd')
2026-08-16 10:08:29.773 - system_controller - INFO - Registered Worker (id: 'worker_a5394a21')
2026-08-16 10:08:29.774 - server_metrics_manager - INFO - Server Metrics: Capturing baseline metrics...
2026-08-16 10:08:29.791 - http://localhost:8000/metrics - INFO - Skipping unsupported summary metric: http_request_size_bytes
2026-08-16 10:08:29.792 - http://localhost:8000/metrics - INFO - Skipping unsupported summary metric: http_response_size_bytes
2026-08-16 10:08:29.793 - system_controller - INFO - Server metrics enabled - 1/1 endpoint(s) reachable.
2026-08-16 10:08:29.794 - system_controller - INFO - Waiting for result domains: profile, server_metrics, telemetry
2026-08-16 10:08:29.795 - gpu_telemetry_manager - INFO - GPU Telemetry: Capturing baseline metrics from pynvml://localhost
2026-08-16 10:08:29.804 - pynvml_collector - INFO - PyNVML initialized with 1 GPU(s) (0 with GPM support)
2026-08-16 10:08:29.805 - system_controller - INFO - Registered Worker (id: 'worker_b34382a4')
2026-08-16 10:08:29.805 - system_controller - INFO - Registered Worker (id: 'worker_a9d4268e')
2026-08-16 10:08:29.805 - system_controller - INFO - Registered Worker (id: 'worker_ab1dfafd')
2026-08-16 10:08:29.817 - system_controller - INFO - Registered Worker (id: 'worker_bd5f7a60')
2026-08-16 10:08:29.817 - system_controller - INFO - Registered Worker (id: 'worker_e3f9e269')
2026-08-16 10:08:29.820 - system_controller - INFO - DCGM telemetry enabled - 1/1 endpoint(s) reachable
2026-08-16 10:08:30.302 - httpx - INFO - HTTP Request: HEAD https://huggingface.co/nvidia/NVIDIA-Nemotron-3.5-Lightning-30B-A3B-NVFP4/resolve/main/config.json "HTTP/1.1 307 Temporary Redirect"
2026-08-16 10:08:30.305 - httpx - INFO - HTTP Request: HEAD https://huggingface.co/nvidia/NVIDIA-Nemotron-3.5-Lightning-30B-A3B-NVFP4/resolve/main/config.json "HTTP/1.1 307 Temporary Redirect"
2026-08-16 10:08:30.306 - huggingface_hub.utils._http - WARNING - Warning: You are sending unauthenticated requests to the HF Hub. Please set a HF_TOKEN to enable higher rate limits and faster downloads.
2026-08-16 10:08:30.307 - httpx - INFO - HTTP Request: HEAD https://huggingface.co/nvidia/NVIDIA-Nemotron-3.5-Lightning-30B-A3B-NVFP4/resolve/main/config.json "HTTP/1.1 307 Temporary Redirect"
2026-08-16 10:08:30.310 - httpx - INFO - HTTP Request: HEAD https://huggingface.co/api/resolve-cache/models/nvidia/NVIDIA-Nemotron-3.5-Lightning-30B-A3B-NVFP4/6dbbd757ea75a8ece6e0702872e3ae53f9987728/config.json "HTTP/1.1 200 OK"
2026-08-16 10:08:30.312 - httpx - INFO - HTTP Request: HEAD https://huggingface.co/nvidia/NVIDIA-Nemotron-3.5-Lightning-30B-A3B-NVFP4/resolve/main/config.json "HTTP/1.1 307 Temporary Redirect"
2026-08-16 10:08:30.312 - huggingface_hub.utils._http - WARNING - Warning: You are sending unauthenticated requests to the HF Hub. Please set a HF_TOKEN to enable higher rate limits and faster downloads.
2026-08-16 10:08:30.315 - httpx - INFO - HTTP Request: HEAD https://huggingface.co/api/resolve-cache/models/nvidia/NVIDIA-Nemotron-3.5-Lightning-30B-A3B-NVFP4/6dbbd757ea75a8ece6e0702872e3ae53f9987728/config.json "HTTP/1.1 200 OK"
2026-08-16 10:08:30.318 - httpx - INFO - HTTP Request: HEAD https://huggingface.co/api/resolve-cache/models/nvidia/NVIDIA-Nemotron-3.5-Lightning-30B-A3B-NVFP4/6dbbd757ea75a8ece6e0702872e3ae53f9987728/config.json "HTTP/1.1 200 OK"
2026-08-16 10:08:30.321 - httpx - INFO - HTTP Request: HEAD https://huggingface.co/api/resolve-cache/models/nvidia/NVIDIA-Nemotron-3.5-Lightning-30B-A3B-NVFP4/6dbbd757ea75a8ece6e0702872e3ae53f9987728/config.json "HTTP/1.1 200 OK"
2026-08-16 10:08:30.452 - httpx - INFO - HTTP Request: HEAD https://huggingface.co/nvidia/NVIDIA-Nemotron-3.5-Lightning-30B-A3B-NVFP4/resolve/main/tokenizer_config.json "HTTP/1.1 307 Temporary Redirect"
2026-08-16 10:08:30.452 - httpx - INFO - HTTP Request: HEAD https://huggingface.co/nvidia/NVIDIA-Nemotron-3.5-Lightning-30B-A3B-NVFP4/resolve/main/tokenizer_config.json "HTTP/1.1 307 Temporary Redirect"
2026-08-16 10:08:30.452 - huggingface_hub.utils._http - WARNING - Warning: You are sending unauthenticated requests to the HF Hub. Please set a HF_TOKEN to enable higher rate limits and faster downloads.
2026-08-16 10:08:30.454 - httpx - INFO - HTTP Request: HEAD https://huggingface.co/nvidia/NVIDIA-Nemotron-3.5-Lightning-30B-A3B-NVFP4/resolve/main/tokenizer_config.json "HTTP/1.1 307 Temporary Redirect"
2026-08-16 10:08:30.462 - httpx - INFO - HTTP Request: HEAD https://huggingface.co/api/resolve-cache/models/nvidia/NVIDIA-Nemotron-3.5-Lightning-30B-A3B-NVFP4/6dbbd757ea75a8ece6e0702872e3ae53f9987728/tokenizer_config.json "HTTP/1.1 200 OK"
2026-08-16 10:08:30.462 - httpx - INFO - HTTP Request: HEAD https://huggingface.co/api/resolve-cache/models/nvidia/NVIDIA-Nemotron-3.5-Lightning-30B-A3B-NVFP4/6dbbd757ea75a8ece6e0702872e3ae53f9987728/tokenizer_config.json "HTTP/1.1 200 OK"
2026-08-16 10:08:30.464 - httpx - INFO - HTTP Request: HEAD https://huggingface.co/api/resolve-cache/models/nvidia/NVIDIA-Nemotron-3.5-Lightning-30B-A3B-NVFP4/6dbbd757ea75a8ece6e0702872e3ae53f9987728/tokenizer_config.json "HTTP/1.1 200 OK"
2026-08-16 10:08:30.516 - httpx - INFO - HTTP Request: HEAD https://huggingface.co/nvidia/NVIDIA-Nemotron-3.5-Lightning-30B-A3B-NVFP4/resolve/main/tokenizer_config.json "HTTP/1.1 307 Temporary Redirect"
2026-08-16 10:08:30.516 - huggingface_hub.utils._http - WARNING - Warning: You are sending unauthenticated requests to the HF Hub. Please set a HF_TOKEN to enable higher rate limits and faster downloads.
2026-08-16 10:08:30.526 - httpx - INFO - HTTP Request: HEAD https://huggingface.co/api/resolve-cache/models/nvidia/NVIDIA-Nemotron-3.5-Lightning-30B-A3B-NVFP4/6dbbd757ea75a8ece6e0702872e3ae53f9987728/tokenizer_config.json "HTTP/1.1 200 OK"
2026-08-16 10:08:30.543 - httpx - INFO - HTTP Request: GET https://huggingface.co/api/models/nvidia/NVIDIA-Nemotron-3.5-Lightning-30B-A3B-NVFP4/tree/main/additional_chat_templates?recursive=false&expand=false "HTTP/1.1 404 Not Found"
2026-08-16 10:08:30.545 - httpx - INFO - HTTP Request: GET https://huggingface.co/api/models/nvidia/NVIDIA-Nemotron-3.5-Lightning-30B-A3B-NVFP4/tree/main/additional_chat_templates?recursive=false&expand=false "HTTP/1.1 404 Not Found"
2026-08-16 10:08:30.549 - httpx - INFO - HTTP Request: GET https://huggingface.co/api/models/nvidia/NVIDIA-Nemotron-3.5-Lightning-30B-A3B-NVFP4/tree/main/additional_chat_templates?recursive=false&expand=false "HTTP/1.1 404 Not Found"
2026-08-16 10:08:30.610 - httpx - INFO - HTTP Request: GET https://huggingface.co/api/models/nvidia/NVIDIA-Nemotron-3.5-Lightning-30B-A3B-NVFP4/tree/main/additional_chat_templates?recursive=false&expand=false "HTTP/1.1 404 Not Found"
2026-08-16 10:08:30.625 - httpx - INFO - HTTP Request: GET https://huggingface.co/api/models/nvidia/NVIDIA-Nemotron-3.5-Lightning-30B-A3B-NVFP4/tree/main?recursive=true&expand=false "HTTP/1.1 200 OK"
2026-08-16 10:08:30.630 - httpx - INFO - HTTP Request: GET https://huggingface.co/api/models/nvidia/NVIDIA-Nemotron-3.5-Lightning-30B-A3B-NVFP4/tree/main?recursive=true&expand=false "HTTP/1.1 200 OK"
2026-08-16 10:08:30.635 - httpx - INFO - HTTP Request: GET https://huggingface.co/api/models/nvidia/NVIDIA-Nemotron-3.5-Lightning-30B-A3B-NVFP4/tree/main?recursive=true&expand=false "HTTP/1.1 200 OK"
2026-08-16 10:08:30.697 - httpx - INFO - HTTP Request: GET https://huggingface.co/api/models/nvidia/NVIDIA-Nemotron-3.5-Lightning-30B-A3B-NVFP4/tree/main?recursive=true&expand=false "HTTP/1.1 200 OK"
2026-08-16 10:08:31.662 - httpx - INFO - HTTP Request: GET https://huggingface.co/api/models/nvidia/NVIDIA-Nemotron-3.5-Lightning-30B-A3B-NVFP4 "HTTP/1.1 200 OK"
2026-08-16 10:08:31.672 - httpx - INFO - HTTP Request: GET https://huggingface.co/api/models/nvidia/NVIDIA-Nemotron-3.5-Lightning-30B-A3B-NVFP4 "HTTP/1.1 200 OK"
2026-08-16 10:08:31.690 - httpx - INFO - HTTP Request: GET https://huggingface.co/api/models/nvidia/NVIDIA-Nemotron-3.5-Lightning-30B-A3B-NVFP4 "HTTP/1.1 200 OK"
2026-08-16 10:08:31.696 - InferenceResultParser_33cc1cca - INFO - Initialized tokenizers: {'nvidia/NVIDIA-Nemotron-3.5-Lightning-30B-A3B-NVFP4': {'class': 'TokenizersBackend', 'name_or_path': 'nvidia/NVIDIA-Nemotron-3.5-Lightning-30B-A3B-NVFP4'}} in 1.93 seconds
2026-08-16 10:08:31.699 - InferenceResultParser_1eac6d99 - INFO - Initialized tokenizers: {'nvidia/NVIDIA-Nemotron-3.5-Lightning-30B-A3B-NVFP4': {'class': 'TokenizersBackend', 'name_or_path': 'nvidia/NVIDIA-Nemotron-3.5-Lightning-30B-A3B-NVFP4'}} in 1.94 seconds
2026-08-16 10:08:31.705 - httpx - INFO - HTTP Request: GET https://huggingface.co/api/models/nvidia/NVIDIA-Nemotron-3.5-Lightning-30B-A3B-NVFP4 "HTTP/1.1 200 OK"
2026-08-16 10:08:31.735 - InferenceResultParser_363ba902 - INFO - Initialized tokenizers: {'nvidia/NVIDIA-Nemotron-3.5-Lightning-30B-A3B-NVFP4': {'class': 'TokenizersBackend', 'name_or_path': 'nvidia/NVIDIA-Nemotron-3.5-Lightning-30B-A3B-NVFP4'}} in 1.97 seconds
2026-08-16 10:08:31.747 - dataset_manager - INFO - Tokenizer(s) configured in 1.98 seconds
2026-08-16 10:08:31.748 - dataset_manager - INFO - Configuring dataset for dataset_manager
2026-08-16 10:08:32.069 - CustomDatasetComposer - INFO - Using explicit dataset format: multi_turn
2026-08-16 10:08:32.153 - MemoryMapDatasetBackingStore_93984e39 - INFO - Memory-mapped backing store initialized (streaming to /tmp/aiperf_mmap_c9a0941736c4/dataset.dat)
2026-08-16 10:08:32.174 - MemoryMapDatasetBackingStore_93984e39 - INFO - Data file finalized: 500 conversations, 1.29 MB
2026-08-16 10:08:32.176 - MemoryMapDatasetBackingStore_93984e39 - INFO - Index file created: /tmp/aiperf_mmap_c9a0941736c4/index.dat
2026-08-16 10:08:32.177 - dataset_manager - INFO - Backing store finalized: client_type=DatasetClientStoreType.MEMORY_MAP format=MemoryMapFormat.CONVERSATION data_file_path=PosixPath('/tmp/aiperf_mmap_c9a0941736c4/dataset.dat') index_file_path=PosixPath('/tmp/aiperf_mmap_c9a0941736c4/index.dat') conversation_count=500 total_size_bytes=1353406 compressed=False compressed_data_file_path=None compressed_index_file_path=None compressed_size_bytes=0
2026-08-16 10:08:32.187 - dataset_manager - INFO - sampling strategy: sequential, unique conversations: 500, unique turn count: 1783
2026-08-16 10:08:32.206 - dataset_manager - INFO - Generating inputs.json file at /output/inputs.json
2026-08-16 10:08:32.219 - system_controller - WARNING - Received command response for service we were not expecting: worker_66f792bd. Ignoring.
2026-08-16 10:08:32.221 - system_controller - WARNING - Received command response for service we were not expecting: worker_bd5f7a60. Ignoring.
2026-08-16 10:08:32.221 - system_controller - WARNING - Received command response for service we were not expecting: worker_ab1dfafd. Ignoring.
2026-08-16 10:08:32.225 - system_controller - WARNING - Received command response for service we were not expecting: worker_e3f9e269. Ignoring.
2026-08-16 10:08:32.226 - dataset_manager - INFO - inputs.json file generated in 0.02 seconds
2026-08-16 10:08:32.231 - system_controller - WARNING - Received command response for service we were not expecting: worker_b34382a4. Ignoring.
2026-08-16 10:08:32.242 - system_controller - WARNING - Received command response for service we were not expecting: worker_a9d4268e. Ignoring.
2026-08-16 10:08:32.242 - system_controller - WARNING - Received command response for service we were not expecting: worker_a5394a21. Ignoring.
2026-08-16 10:08:32.298 - PhaseOrchestrator_20db4308 - INFO - Initialized 2 phase(s): ['Warmup', 'Profiling']
2026-08-16 10:08:32.548 - dataset_manager - INFO - Dataset client initialized and freed 500 conversations from memory
2026-08-16 10:08:32.548 - dataset_manager - INFO - Dataset configured in 0.80 seconds
2026-08-16 10:08:32.552 - system_controller - INFO - All services configured in 2.79 seconds
2026-08-16 10:08:32.552 - system_controller - INFO - AIPerf System is CONFIGURED
2026-08-16 10:08:32.585 - server_metrics_manager - INFO - Server Metrics: Started 1 collector(s) successfully
2026-08-16 10:08:32.597 - system_controller - INFO - All services started profiling successfully
2026-08-16 10:08:32.598 - system_controller - INFO - AIPerf System is PROFILING
2026-08-16 10:08:32.605 - RateTiming - INFO - Creating interval generator: pattern=concurrency_burst, rate=None, smoothness=None
2026-08-16 10:08:32.607 - PhaseRunner - NOTICE - Phase warmup (warmup) started | phase_index=0 | target: 3 requests
2026-08-16 10:08:32.612 - PhaseRunner - NOTICE - Phase warmup (warmup) sending complete | sent=3, completed=0, in_flight=3 | sessions: sent=3, completed=0
2026-08-16 10:08:32.614 - records_manager - INFO - Credit phase start: warmup
2026-08-16 10:08:38.084 - PhaseRunner - NOTICE - Phase warmup (warmup) complete | completed=3, cancelled=0, errors=0 | sessions: completed=1, cancelled=0 | elapsed=5.48s
2026-08-16 10:08:38.087 - RateTiming - INFO - Creating interval generator: pattern=concurrency_burst, rate=None, smoothness=None
2026-08-16 10:08:38.088 - PhaseRunner - NOTICE - Phase profiling (profiling) started | phase_index=1 | profiling_index=0 | target: 50 requests, 50 sessions
2026-08-16 10:08:38.089 - records_manager - INFO - Credit phase start: profiling
2026-08-16 10:08:38.089 - server_metrics_manager - INFO - Server Metrics: Warmup complete, capturing final warmup metrics...
2026-08-16 10:08:51.965 - PhaseRunner - NOTICE - Phase profiling (profiling) sending complete | sent=50, completed=34, in_flight=16 | sessions: sent=23, completed=7
2026-08-16 10:08:51.967 - records_manager - INFO - Sent 50 requests. Waiting for all to complete...
2026-08-16 10:09:00.800 - PhaseRunner - NOTICE - Phase profiling (profiling) complete | completed=50, cancelled=0, errors=0 | sessions: completed=14, cancelled=0 | elapsed=22.71s
2026-08-16 10:09:00.800 - PhaseOrchestrator_20db4308 - NOTICE - All credits completed
2026-08-16 10:09:00.802 - records_manager - INFO - Received CREDIT_PHASE_COMPLETE message, Phase complete: PhaseRecordsStats(phase=CreditPhase.PROFILING, phase_index=1, profiling_index=0, phase_name='profiling', phase_kind='profiling', start_ns=1786874918088119319, sent_end_ns=1786874931965461870, requests_end_ns=1786874940799859811, baseline_start_ns=1786874918088102967, baseline_end_ns=1786874940799866099, total_expected_requests=50, expected_duration_sec=None, expected_num_sessions=None, expected_grace_period_sec=None, final_requests_sent=None, final_requests_completed=50, final_requests_cancelled=0, final_request_errors=0, final_sent_sessions=None, final_completed_sessions=None, final_cancelled_sessions=None, timeout_triggered=False, grace_period_timeout_triggered=False, was_cancelled=False, records_end_ns=None, success_records=49, error_records=0)
2026-08-16 10:09:00.802 - records_manager - NOTICE - All requests have completed, please wait for the results to be processed (currently 49 of 50 records processed)...
2026-08-16 10:09:00.802 - records_manager - INFO - All credits complete, please wait for the results to be processed...
2026-08-16 10:09:00.803 - system_controller - INFO - Received credits complete from 'timing_manager'
2026-08-16 10:09:00.814 - records_manager - INFO - Processed 50 valid requests and 0 errors (50 total).
2026-08-16 10:09:00.814 - records_manager - INFO - Received all records, processing now...
2026-08-16 10:09:00.817 - server_metrics_manager - INFO - Server Metrics: Profiling complete, capturing final metrics...
2026-08-16 10:09:00.818 - records_manager - INFO - Waiting 2.0s for server metrics flush period...
2026-08-16 10:09:00.818 - gpu_telemetry_manager - INFO - GPU Telemetry: Profiling complete, capturing final metrics...
2026-08-16 10:09:02.799 - records_manager - INFO - Processing records results...
2026-08-16 10:09:02.946 - system_controller - INFO - Waiting for result domains: server_metrics, telemetry
2026-08-16 10:09:02.947 - system_controller - INFO - Waiting for result domains: server_metrics
2026-08-16 10:09:02.965 - records_manager - INFO - _finalize_and_process_results completed
2026-08-16 10:09:02.969 - system_controller - INFO - All results received, initiating shutdown
2026-08-16 10:09:03.589 - ExporterManager - INFO - Exporting all records
2026-08-16 10:09:03.734 - ExporterManager - INFO - Exporting console data
