2026-08-11 04:42:28.545 - aiperf.cli_runner._single_run - INFO - Starting AIPerf System
2026-08-11 04:42:28.998 - httpx - INFO - HTTP Request: GET https://huggingface.co/api/models/meta-models/Muse-Glimmer-30B "HTTP/1.1 200 OK"
2026-08-11 04:42:29.005 - aiperf.config.resolution.resolvers - INFO - [OK] Tokenizer meta-models/Muse-Glimmer-30B detected
2026-08-11 04:42:29.005 - aiperf.config.resolution.resolvers - INFO - 1 tokenizer validated | 0.4s
2026-08-11 04:42:29.006 - aiperf.config.resolution.resolvers - INFO - Prefetching 1 tokenizer into HF cache...
2026-08-11 04:42:29.785 - httpx - INFO - HTTP Request: HEAD https://huggingface.co/meta-models/Muse-Glimmer-30B/resolve/main/config.json "HTTP/1.1 307 Temporary Redirect"
2026-08-11 04:42:29.786 - huggingface_hub.utils._http - WARNING - Warning: You are sending unauthenticated requests to the HF Hub. Please set a HF_TOKEN to enable higher rate limits and faster downloads.
2026-08-11 04:42:29.803 - httpx - INFO - HTTP Request: HEAD https://huggingface.co/api/resolve-cache/models/meta-models/Muse-Glimmer-30B/97c77dff50b2797bcc558fa2d909761dbc575c59/config.json "HTTP/1.1 200 OK"
2026-08-11 04:42:29.825 - httpx - INFO - HTTP Request: GET https://huggingface.co/api/resolve-cache/models/meta-models/Muse-Glimmer-30B/97c77dff50b2797bcc558fa2d909761dbc575c59/config.json "HTTP/1.1 200 OK"
2026-08-11 04:42:29.918 - httpx - INFO - HTTP Request: HEAD https://huggingface.co/meta-models/Muse-Glimmer-30B/resolve/main/config.json "HTTP/1.1 307 Temporary Redirect"
2026-08-11 04:42:29.931 - httpx - INFO - HTTP Request: HEAD https://huggingface.co/api/resolve-cache/models/meta-models/Muse-Glimmer-30B/97c77dff50b2797bcc558fa2d909761dbc575c59/config.json "HTTP/1.1 200 OK"
2026-08-11 04:42:30.013 - httpx - INFO - HTTP Request: HEAD https://huggingface.co/meta-models/Muse-Glimmer-30B/resolve/main/tokenizer_config.json "HTTP/1.1 307 Temporary Redirect"
2026-08-11 04:42:30.026 - httpx - INFO - HTTP Request: HEAD https://huggingface.co/api/resolve-cache/models/meta-models/Muse-Glimmer-30B/97c77dff50b2797bcc558fa2d909761dbc575c59/tokenizer_config.json "HTTP/1.1 200 OK"
2026-08-11 04:42:30.039 - httpx - INFO - HTTP Request: GET https://huggingface.co/api/resolve-cache/models/meta-models/Muse-Glimmer-30B/97c77dff50b2797bcc558fa2d909761dbc575c59/tokenizer_config.json "HTTP/1.1 200 OK"
2026-08-11 04:42:30.125 - httpx - INFO - HTTP Request: GET https://huggingface.co/api/models/meta-models/Muse-Glimmer-30B/tree/main/additional_chat_templates?recursive=false&expand=false "HTTP/1.1 404 Not Found"
2026-08-11 04:42:30.212 - httpx - INFO - HTTP Request: GET https://huggingface.co/api/models/meta-models/Muse-Glimmer-30B/tree/main?recursive=true&expand=false "HTTP/1.1 200 OK"
2026-08-11 04:42:30.303 - httpx - INFO - HTTP Request: HEAD https://huggingface.co/meta-models/Muse-Glimmer-30B/resolve/main/tokenizer.json "HTTP/1.1 302 Found"
2026-08-11 04:42:30.392 - httpx - INFO - HTTP Request: GET https://huggingface.co/api/models/meta-models/Muse-Glimmer-30B/xet-read-token/97c77dff50b2797bcc558fa2d909761dbc575c59 "HTTP/1.1 200 OK"
2026-08-11 04:42:31.364 - httpx - INFO - HTTP Request: HEAD https://huggingface.co/meta-models/Muse-Glimmer-30B/resolve/main/tokenizer.model "HTTP/1.1 404 Not Found"
2026-08-11 04:42:31.451 - httpx - INFO - HTTP Request: HEAD https://huggingface.co/meta-models/Muse-Glimmer-30B/resolve/main/added_tokens.json "HTTP/1.1 404 Not Found"
2026-08-11 04:42:31.536 - httpx - INFO - HTTP Request: HEAD https://huggingface.co/meta-models/Muse-Glimmer-30B/resolve/main/special_tokens_map.json "HTTP/1.1 404 Not Found"
2026-08-11 04:42:31.622 - httpx - INFO - HTTP Request: HEAD https://huggingface.co/meta-models/Muse-Glimmer-30B/resolve/main/chat_template.jinja "HTTP/1.1 307 Temporary Redirect"
2026-08-11 04:42:31.636 - httpx - INFO - HTTP Request: HEAD https://huggingface.co/api/resolve-cache/models/meta-models/Muse-Glimmer-30B/97c77dff50b2797bcc558fa2d909761dbc575c59/chat_template.jinja "HTTP/1.1 200 OK"
2026-08-11 04:42:31.651 - httpx - INFO - HTTP Request: GET https://huggingface.co/api/resolve-cache/models/meta-models/Muse-Glimmer-30B/97c77dff50b2797bcc558fa2d909761dbc575c59/chat_template.jinja "HTTP/1.1 200 OK"
2026-08-11 04:42:33.219 - httpx - INFO - HTTP Request: GET https://huggingface.co/api/models/meta-models/Muse-Glimmer-30B "HTTP/1.1 200 OK"
2026-08-11 04:42:33.313 - aiperf.config.resolution.resolvers - INFO -   Cached meta-models/Muse-Glimmer-30B (4.30s)
2026-08-11 04:42:33.367 - aiperf.config.resolution.resolvers - INFO - 1 tokenizer cached • 4.4s
2026-08-11 04:42:33.749 - system_controller - INFO - Registered Worker Manager (id: 'worker_manager')
2026-08-11 04:42:33.801 - server_metrics_manager - INFO - Server Metrics: Discovered 1 endpoints: ['http://localhost:80/metrics']
2026-08-11 04:42:33.828 - GPUTelemetryJSONLWriter_d3c46b74 - INFO - GPU telemetry export enabled: /output/gpu_telemetry_export.jsonl
2026-08-11 04:42:33.842 - OTelMetricsResultsProcessor_31c6b2ba - INFO - Telemetry streaming is disabled (set --otel-url and/or --mlflow-tracking-uri to enable)
2026-08-11 04:42:33.846 - system_controller - INFO - Registered Gpu Telemetry Manager (id: 'gpu_telemetry_manager')
2026-08-11 04:42:33.850 - RecordExportJSONLWriter_32a5e086 - INFO - Record metrics export enabled: /output/profile_export.jsonl
2026-08-11 04:42:33.851 - system_controller - INFO - Registered Dataset Manager (id: 'dataset_manager')
2026-08-11 04:42:33.863 - system_controller - INFO - Registered Record Processor (id: 'record_processor_1a8e8478')
2026-08-11 04:42:33.864 - system_controller - INFO - Registered Record Processor (id: 'record_processor_84443c2f')
2026-08-11 04:42:33.884 - system_controller - INFO - Registered Records Manager (id: 'records_manager')
2026-08-11 04:42:33.907 - system_controller - INFO - Registered Server Metrics Manager (id: 'server_metrics_manager')
2026-08-11 04:42:34.041 - system_controller - INFO - Registered Worker (id: 'worker_fea97bb3')
2026-08-11 04:42:34.051 - system_controller - INFO - Registered Timing Manager (id: 'timing_manager')
2026-08-11 04:42:34.057 - system_controller - INFO - Registered Worker (id: 'worker_298098a8')
2026-08-11 04:42:34.125 - system_controller - INFO - Registered Worker (id: 'worker_9900fa39')
2026-08-11 04:42:34.148 - system_controller - INFO - Registered Worker (id: 'worker_046dcbf8')
2026-08-11 04:42:34.148 - system_controller - INFO - Registered Worker (id: 'worker_90b60a6f')
2026-08-11 04:42:34.149 - system_controller - INFO - Registered Worker (id: 'worker_e4d8a430')
2026-08-11 04:42:34.150 - system_controller - INFO - Registered Worker (id: 'worker_1af5e7db')
2026-08-11 04:42:34.160 - system_controller - INFO - Registered Worker (id: 'worker_957db7ab')
2026-08-11 04:42:34.229 - system_controller - INFO - AIPerf System is CONFIGURING
2026-08-11 04:42:34.229 - system_controller - INFO - Configuring all services to start profiling
2026-08-11 04:42:34.230 - timing_manager - INFO - Waiting for dataset to be configured before configuring timing
2026-08-11 04:42:34.231 - InferenceResultParser_ecc50835 - INFO - Configuring tokenizers for inference result parser (resolve_alias: True)
2026-08-11 04:42:34.231 - InferenceResultParser_abd2c5f4 - INFO - Configuring tokenizers for inference result parser (resolve_alias: True)
2026-08-11 04:42:34.231 - dataset_manager - INFO - Configuring tokenizer(s) for dataset manager
2026-08-11 04:42:34.236 - system_controller - INFO - Server metrics disabled - no Prometheus endpoints reachable
2026-08-11 04:42:34.236 - system_controller - INFO - Waiting for result domains: profile, telemetry
2026-08-11 04:42:34.267 - gpu_telemetry_manager - INFO - GPU Telemetry: Capturing baseline metrics from pynvml://localhost
2026-08-11 04:42:34.276 - pynvml_collector - INFO - PyNVML initialized with 1 GPU(s) (0 with GPM support)
2026-08-11 04:42:34.292 - system_controller - INFO - DCGM telemetry enabled - 1/1 endpoint(s) reachable
2026-08-11 04:42:34.779 - httpx - INFO - HTTP Request: HEAD https://huggingface.co/meta-models/Muse-Glimmer-30B/resolve/main/config.json "HTTP/1.1 307 Temporary Redirect"
2026-08-11 04:42:34.780 - huggingface_hub.utils._http - WARNING - Warning: You are sending unauthenticated requests to the HF Hub. Please set a HF_TOKEN to enable higher rate limits and faster downloads.
2026-08-11 04:42:34.781 - httpx - INFO - HTTP Request: HEAD https://huggingface.co/meta-models/Muse-Glimmer-30B/resolve/main/config.json "HTTP/1.1 307 Temporary Redirect"
2026-08-11 04:42:34.781 - huggingface_hub.utils._http - WARNING - Warning: You are sending unauthenticated requests to the HF Hub. Please set a HF_TOKEN to enable higher rate limits and faster downloads.
2026-08-11 04:42:34.790 - httpx - INFO - HTTP Request: HEAD https://huggingface.co/meta-models/Muse-Glimmer-30B/resolve/main/config.json "HTTP/1.1 307 Temporary Redirect"
2026-08-11 04:42:34.791 - huggingface_hub.utils._http - WARNING - Warning: You are sending unauthenticated requests to the HF Hub. Please set a HF_TOKEN to enable higher rate limits and faster downloads.
2026-08-11 04:42:34.791 - httpx - INFO - HTTP Request: HEAD https://huggingface.co/api/resolve-cache/models/meta-models/Muse-Glimmer-30B/97c77dff50b2797bcc558fa2d909761dbc575c59/config.json "HTTP/1.1 200 OK"
2026-08-11 04:42:34.793 - httpx - INFO - HTTP Request: HEAD https://huggingface.co/api/resolve-cache/models/meta-models/Muse-Glimmer-30B/97c77dff50b2797bcc558fa2d909761dbc575c59/config.json "HTTP/1.1 200 OK"
2026-08-11 04:42:34.804 - httpx - INFO - HTTP Request: HEAD https://huggingface.co/api/resolve-cache/models/meta-models/Muse-Glimmer-30B/97c77dff50b2797bcc558fa2d909761dbc575c59/config.json "HTTP/1.1 200 OK"
2026-08-11 04:42:34.873 - httpx - INFO - HTTP Request: HEAD https://huggingface.co/meta-models/Muse-Glimmer-30B/resolve/main/config.json "HTTP/1.1 307 Temporary Redirect"
2026-08-11 04:42:34.874 - httpx - INFO - HTTP Request: HEAD https://huggingface.co/meta-models/Muse-Glimmer-30B/resolve/main/config.json "HTTP/1.1 307 Temporary Redirect"
2026-08-11 04:42:34.883 - httpx - INFO - HTTP Request: HEAD https://huggingface.co/meta-models/Muse-Glimmer-30B/resolve/main/config.json "HTTP/1.1 307 Temporary Redirect"
2026-08-11 04:42:34.888 - httpx - INFO - HTTP Request: HEAD https://huggingface.co/api/resolve-cache/models/meta-models/Muse-Glimmer-30B/97c77dff50b2797bcc558fa2d909761dbc575c59/config.json "HTTP/1.1 200 OK"
2026-08-11 04:42:34.888 - httpx - INFO - HTTP Request: HEAD https://huggingface.co/api/resolve-cache/models/meta-models/Muse-Glimmer-30B/97c77dff50b2797bcc558fa2d909761dbc575c59/config.json "HTTP/1.1 200 OK"
2026-08-11 04:42:34.895 - httpx - INFO - HTTP Request: HEAD https://huggingface.co/api/resolve-cache/models/meta-models/Muse-Glimmer-30B/97c77dff50b2797bcc558fa2d909761dbc575c59/config.json "HTTP/1.1 200 OK"
2026-08-11 04:42:34.971 - httpx - INFO - HTTP Request: HEAD https://huggingface.co/meta-models/Muse-Glimmer-30B/resolve/main/tokenizer_config.json "HTTP/1.1 307 Temporary Redirect"
2026-08-11 04:42:34.976 - httpx - INFO - HTTP Request: HEAD https://huggingface.co/meta-models/Muse-Glimmer-30B/resolve/main/tokenizer_config.json "HTTP/1.1 307 Temporary Redirect"
2026-08-11 04:42:34.981 - httpx - INFO - HTTP Request: HEAD https://huggingface.co/meta-models/Muse-Glimmer-30B/resolve/main/tokenizer_config.json "HTTP/1.1 307 Temporary Redirect"
2026-08-11 04:42:34.983 - httpx - INFO - HTTP Request: HEAD https://huggingface.co/api/resolve-cache/models/meta-models/Muse-Glimmer-30B/97c77dff50b2797bcc558fa2d909761dbc575c59/tokenizer_config.json "HTTP/1.1 200 OK"
2026-08-11 04:42:34.990 - httpx - INFO - HTTP Request: HEAD https://huggingface.co/api/resolve-cache/models/meta-models/Muse-Glimmer-30B/97c77dff50b2797bcc558fa2d909761dbc575c59/tokenizer_config.json "HTTP/1.1 200 OK"
2026-08-11 04:42:34.994 - httpx - INFO - HTTP Request: HEAD https://huggingface.co/api/resolve-cache/models/meta-models/Muse-Glimmer-30B/97c77dff50b2797bcc558fa2d909761dbc575c59/tokenizer_config.json "HTTP/1.1 200 OK"
2026-08-11 04:42:35.067 - httpx - INFO - HTTP Request: GET https://huggingface.co/api/models/meta-models/Muse-Glimmer-30B/tree/main/additional_chat_templates?recursive=false&expand=false "HTTP/1.1 404 Not Found"
2026-08-11 04:42:35.077 - httpx - INFO - HTTP Request: GET https://huggingface.co/api/models/meta-models/Muse-Glimmer-30B/tree/main/additional_chat_templates?recursive=false&expand=false "HTTP/1.1 404 Not Found"
2026-08-11 04:42:35.081 - httpx - INFO - HTTP Request: GET https://huggingface.co/api/models/meta-models/Muse-Glimmer-30B/tree/main/additional_chat_templates?recursive=false&expand=false "HTTP/1.1 404 Not Found"
2026-08-11 04:42:35.157 - httpx - INFO - HTTP Request: GET https://huggingface.co/api/models/meta-models/Muse-Glimmer-30B/tree/main?recursive=true&expand=false "HTTP/1.1 200 OK"
2026-08-11 04:42:35.164 - httpx - INFO - HTTP Request: GET https://huggingface.co/api/models/meta-models/Muse-Glimmer-30B/tree/main?recursive=true&expand=false "HTTP/1.1 200 OK"
2026-08-11 04:42:35.166 - httpx - INFO - HTTP Request: GET https://huggingface.co/api/models/meta-models/Muse-Glimmer-30B/tree/main?recursive=true&expand=false "HTTP/1.1 200 OK"
2026-08-11 04:42:36.952 - httpx - INFO - HTTP Request: GET https://huggingface.co/api/models/meta-models/Muse-Glimmer-30B "HTTP/1.1 200 OK"
2026-08-11 04:42:36.954 - httpx - INFO - HTTP Request: GET https://huggingface.co/api/models/meta-models/Muse-Glimmer-30B "HTTP/1.1 200 OK"
2026-08-11 04:42:36.978 - httpx - INFO - HTTP Request: GET https://huggingface.co/api/models/meta-models/Muse-Glimmer-30B "HTTP/1.1 200 OK"
2026-08-11 04:42:37.006 - InferenceResultParser_ecc50835 - INFO - Initialized tokenizers: {'meta-models/Muse-Glimmer-30B': {'class': 'TokenizersBackend', 'name_or_path': 'meta-models/Muse-Glimmer-30B'}} in 2.78 seconds
2026-08-11 04:42:37.010 - dataset_manager - INFO - Tokenizer(s) configured in 2.78 seconds
2026-08-11 04:42:37.010 - dataset_manager - INFO - Configuring dataset for dataset_manager
2026-08-11 04:42:37.037 - InferenceResultParser_abd2c5f4 - INFO - Initialized tokenizers: {'meta-models/Muse-Glimmer-30B': {'class': 'TokenizersBackend', 'name_or_path': 'meta-models/Muse-Glimmer-30B'}} in 2.81 seconds
2026-08-11 04:42:37.281 - CustomDatasetComposer - INFO - Using explicit dataset format: multi_turn
2026-08-11 04:42:37.347 - MemoryMapDatasetBackingStore_fae4e663 - INFO - Memory-mapped backing store initialized (streaming to /tmp/aiperf_mmap_551621d470b8/dataset.dat)
2026-08-11 04:42:37.363 - MemoryMapDatasetBackingStore_fae4e663 - INFO - Data file finalized: 500 conversations, 1.25 MB
2026-08-11 04:42:37.363 - MemoryMapDatasetBackingStore_fae4e663 - INFO - Index file created: /tmp/aiperf_mmap_551621d470b8/index.dat
2026-08-11 04:42:37.363 - dataset_manager - INFO - Backing store finalized: client_type=DatasetClientStoreType.MEMORY_MAP format=MemoryMapFormat.CONVERSATION data_file_path=PosixPath('/tmp/aiperf_mmap_551621d470b8/dataset.dat') index_file_path=PosixPath('/tmp/aiperf_mmap_551621d470b8/index.dat') conversation_count=500 total_size_bytes=1314418 compressed=False compressed_data_file_path=None compressed_index_file_path=None compressed_size_bytes=0
2026-08-11 04:42:37.372 - dataset_manager - INFO - sampling strategy: sequential, unique conversations: 500, unique turn count: 1783
2026-08-11 04:42:37.377 - dataset_manager - INFO - Generating inputs.json file at /output/inputs.json
2026-08-11 04:42:37.384 - PhaseOrchestrator_6efc6434 - INFO - Initialized 2 phase(s): ['Warmup', 'Profiling']
2026-08-11 04:42:37.388 - dataset_manager - INFO - inputs.json file generated in 0.01 seconds
2026-08-11 04:42:37.510 - dataset_manager - INFO - Dataset client initialized and freed 500 conversations from memory
2026-08-11 04:42:37.510 - dataset_manager - INFO - Dataset configured in 0.50 seconds
2026-08-11 04:42:37.511 - system_controller - INFO - All services configured in 3.28 seconds
2026-08-11 04:42:37.511 - system_controller - INFO - AIPerf System is CONFIGURED
2026-08-11 04:42:37.513 - system_controller - INFO - All services started profiling successfully
2026-08-11 04:42:37.513 - system_controller - INFO - AIPerf System is PROFILING
2026-08-11 04:42:37.520 - RateTiming - INFO - Creating interval generator: pattern=concurrency_burst, rate=None, smoothness=None
2026-08-11 04:42:37.520 - PhaseRunner - NOTICE - Phase warmup (warmup) started | phase_index=0 | target: 3 requests
2026-08-11 04:42:37.521 - PhaseRunner - NOTICE - Phase warmup (warmup) sending complete | sent=3, completed=0, in_flight=3 | sessions: sent=3, completed=0
2026-08-11 04:42:37.521 - records_manager - INFO - Credit phase start: warmup
2026-08-11 04:42:54.741 - PhaseRunner - NOTICE - Phase warmup (warmup) complete | completed=3, cancelled=0, errors=0 | sessions: completed=1, cancelled=0 | elapsed=17.22s
2026-08-11 04:42:54.743 - RateTiming - INFO - Creating interval generator: pattern=concurrency_burst, rate=None, smoothness=None
2026-08-11 04:42:54.743 - PhaseRunner - NOTICE - Phase profiling (profiling) started | phase_index=1 | profiling_index=0 | target: 50 requests, 50 sessions
2026-08-11 04:42:54.744 - records_manager - INFO - Credit phase start: profiling
2026-08-11 04:42:57.672 - aiperf.metrics.types.osl_mismatch_metrics - WARNING - OSL mismatch: got 26 tokens (requested 29, diff -10.3%)
2026-08-11 04:42:59.421 - aiperf.metrics.types.osl_mismatch_metrics - WARNING - OSL mismatch: got 46 tokens (requested 49, diff -6.1%)
2026-08-11 04:43:02.086 - aiperf.metrics.types.osl_mismatch_metrics - WARNING - OSL mismatch: got 17 tokens (requested 194, diff -91.2%)
2026-08-11 04:43:04.418 - aiperf.metrics.types.osl_mismatch_metrics - WARNING - OSL mismatch: got 17 tokens (requested 196, diff -91.3%)
2026-08-11 04:44:17.842 - PhaseRunner - NOTICE - Phase profiling (profiling) sending complete | sent=50, completed=42, in_flight=8 | sessions: sent=20, completed=12
2026-08-11 04:44:17.843 - records_manager - INFO - Sent 50 requests. Waiting for all to complete...
2026-08-11 04:44:34.315 - PhaseRunner - NOTICE - Phase profiling (profiling) complete | completed=50, cancelled=0, errors=0 | sessions: completed=12, cancelled=0 | elapsed=99.57s
2026-08-11 04:44:34.316 - PhaseOrchestrator_6efc6434 - NOTICE - All credits completed
2026-08-11 04:44:34.317 - system_controller - INFO - Received credits complete from 'timing_manager'
2026-08-11 04:44:34.317 - records_manager - INFO - Received CREDIT_PHASE_COMPLETE message, Phase complete: PhaseRecordsStats(phase=CreditPhase.PROFILING, phase_index=1, profiling_index=0, phase_name='profiling', phase_kind='profiling', start_ns=1786423374743576133, sent_end_ns=1786423457842073349, requests_end_ns=1786423474315646742, baseline_start_ns=1786423374743559894, baseline_end_ns=1786423474315664726, total_expected_requests=50, expected_duration_sec=None, expected_num_sessions=None, expected_grace_period_sec=None, final_requests_sent=None, final_requests_completed=50, final_requests_cancelled=0, final_request_errors=0, final_sent_sessions=None, final_completed_sessions=None, final_cancelled_sessions=None, timeout_triggered=False, grace_period_timeout_triggered=False, was_cancelled=False, records_end_ns=None, success_records=49, error_records=0)
2026-08-11 04:44:34.317 - records_manager - NOTICE - All requests have completed, please wait for the results to be processed (currently 49 of 50 records processed)...
2026-08-11 04:44:34.318 - records_manager - INFO - All credits complete, please wait for the results to be processed...
2026-08-11 04:44:34.325 - records_manager - INFO - Processed 50 valid requests and 0 errors (50 total).
2026-08-11 04:44:34.325 - records_manager - INFO - Received all records, processing now...
2026-08-11 04:44:34.326 - gpu_telemetry_manager - INFO - GPU Telemetry: Profiling complete, capturing final metrics...
2026-08-11 04:44:34.327 - records_manager - INFO - Waiting 2.0s for server metrics flush period...
2026-08-11 04:44:36.316 - records_manager - INFO - Processing records results...
2026-08-11 04:44:36.407 - system_controller - INFO - Waiting for result domains: telemetry
2026-08-11 04:44:36.407 - records_manager - INFO - _finalize_and_process_results completed
2026-08-11 04:44:36.408 - system_controller - INFO - All results received, initiating shutdown
2026-08-11 04:44:37.011 - ExporterManager - INFO - Exporting all records
2026-08-11 04:44:37.079 - ExporterManager - INFO - Exporting console data
