2026-08-16 10:26:27.066 - aiperf.cli_runner._single_run - INFO - Starting AIPerf System
2026-08-16 10:26:27.523 - httpx - INFO - HTTP Request: GET https://huggingface.co/api/models/nvidia/NVIDIA-Nemotron-3.5-Lightning-30B-A3B-NVFP4 "HTTP/1.1 200 OK"
2026-08-16 10:26:27.533 - aiperf.config.resolution.resolvers - INFO - [OK] Tokenizer nvidia/NVIDIA-Nemotron-3.5-Lightning-30B-A3B-NVFP4 detected
2026-08-16 10:26:27.533 - aiperf.config.resolution.resolvers - INFO - 1 tokenizer validated | 0.5s
2026-08-16 10:26:27.533 - aiperf.config.resolution.resolvers - INFO - Prefetching 1 tokenizer into HF cache...
2026-08-16 10:26:28.573 - httpx - INFO - HTTP Request: HEAD https://huggingface.co/nvidia/NVIDIA-Nemotron-3.5-Lightning-30B-A3B-NVFP4/resolve/main/config.json "HTTP/1.1 307 Temporary Redirect"
2026-08-16 10:26:28.573 - huggingface_hub.utils._http - WARNING - Warning: You are sending unauthenticated requests to the HF Hub. Please set a HF_TOKEN to enable higher rate limits and faster downloads.
2026-08-16 10:26:28.583 - httpx - INFO - HTTP Request: HEAD https://huggingface.co/api/resolve-cache/models/nvidia/NVIDIA-Nemotron-3.5-Lightning-30B-A3B-NVFP4/6dbbd757ea75a8ece6e0702872e3ae53f9987728/config.json "HTTP/1.1 200 OK"
2026-08-16 10:26:28.597 - httpx - INFO - HTTP Request: GET https://huggingface.co/api/resolve-cache/models/nvidia/NVIDIA-Nemotron-3.5-Lightning-30B-A3B-NVFP4/6dbbd757ea75a8ece6e0702872e3ae53f9987728/config.json "HTTP/1.1 200 OK"
2026-08-16 10:26:28.735 - httpx - INFO - HTTP Request: HEAD https://huggingface.co/nvidia/NVIDIA-Nemotron-3.5-Lightning-30B-A3B-NVFP4/resolve/main/tokenizer_config.json "HTTP/1.1 307 Temporary Redirect"
2026-08-16 10:26:28.745 - httpx - INFO - HTTP Request: HEAD https://huggingface.co/api/resolve-cache/models/nvidia/NVIDIA-Nemotron-3.5-Lightning-30B-A3B-NVFP4/6dbbd757ea75a8ece6e0702872e3ae53f9987728/tokenizer_config.json "HTTP/1.1 200 OK"
2026-08-16 10:26:28.758 - httpx - INFO - HTTP Request: GET https://huggingface.co/api/resolve-cache/models/nvidia/NVIDIA-Nemotron-3.5-Lightning-30B-A3B-NVFP4/6dbbd757ea75a8ece6e0702872e3ae53f9987728/tokenizer_config.json "HTTP/1.1 200 OK"
2026-08-16 10:26:28.845 - httpx - INFO - HTTP Request: GET https://huggingface.co/api/models/nvidia/NVIDIA-Nemotron-3.5-Lightning-30B-A3B-NVFP4/tree/main/additional_chat_templates?recursive=false&expand=false "HTTP/1.1 404 Not Found"
2026-08-16 10:26:28.923 - httpx - INFO - HTTP Request: GET https://huggingface.co/api/models/nvidia/NVIDIA-Nemotron-3.5-Lightning-30B-A3B-NVFP4/tree/main?recursive=true&expand=false "HTTP/1.1 200 OK"
2026-08-16 10:26:29.013 - httpx - INFO - HTTP Request: HEAD https://huggingface.co/nvidia/NVIDIA-Nemotron-3.5-Lightning-30B-A3B-NVFP4/resolve/main/tokenizer.json "HTTP/1.1 302 Found"
2026-08-16 10:26:29.106 - httpx - INFO - HTTP Request: GET https://huggingface.co/api/models/nvidia/NVIDIA-Nemotron-3.5-Lightning-30B-A3B-NVFP4/xet-read-token/6dbbd757ea75a8ece6e0702872e3ae53f9987728 "HTTP/1.1 200 OK"
2026-08-16 10:26:29.950 - httpx - INFO - HTTP Request: HEAD https://huggingface.co/nvidia/NVIDIA-Nemotron-3.5-Lightning-30B-A3B-NVFP4/resolve/main/tokenizer.model "HTTP/1.1 404 Not Found"
2026-08-16 10:26:30.034 - httpx - INFO - HTTP Request: HEAD https://huggingface.co/nvidia/NVIDIA-Nemotron-3.5-Lightning-30B-A3B-NVFP4/resolve/main/added_tokens.json "HTTP/1.1 404 Not Found"
2026-08-16 10:26:30.192 - httpx - INFO - HTTP Request: HEAD https://huggingface.co/nvidia/NVIDIA-Nemotron-3.5-Lightning-30B-A3B-NVFP4/resolve/main/special_tokens_map.json "HTTP/1.1 307 Temporary Redirect"
2026-08-16 10:26:30.200 - httpx - INFO - HTTP Request: HEAD https://huggingface.co/api/resolve-cache/models/nvidia/NVIDIA-Nemotron-3.5-Lightning-30B-A3B-NVFP4/6dbbd757ea75a8ece6e0702872e3ae53f9987728/special_tokens_map.json "HTTP/1.1 200 OK"
2026-08-16 10:26:30.210 - httpx - INFO - HTTP Request: GET https://huggingface.co/api/resolve-cache/models/nvidia/NVIDIA-Nemotron-3.5-Lightning-30B-A3B-NVFP4/6dbbd757ea75a8ece6e0702872e3ae53f9987728/special_tokens_map.json "HTTP/1.1 200 OK"
2026-08-16 10:26:30.292 - httpx - INFO - HTTP Request: HEAD https://huggingface.co/nvidia/NVIDIA-Nemotron-3.5-Lightning-30B-A3B-NVFP4/resolve/main/chat_template.jinja "HTTP/1.1 307 Temporary Redirect"
2026-08-16 10:26:30.301 - httpx - INFO - HTTP Request: HEAD https://huggingface.co/api/resolve-cache/models/nvidia/NVIDIA-Nemotron-3.5-Lightning-30B-A3B-NVFP4/6dbbd757ea75a8ece6e0702872e3ae53f9987728/chat_template.jinja "HTTP/1.1 200 OK"
2026-08-16 10:26:30.312 - httpx - INFO - HTTP Request: GET https://huggingface.co/api/resolve-cache/models/nvidia/NVIDIA-Nemotron-3.5-Lightning-30B-A3B-NVFP4/6dbbd757ea75a8ece6e0702872e3ae53f9987728/chat_template.jinja "HTTP/1.1 200 OK"
2026-08-16 10:26:31.130 - httpx - INFO - HTTP Request: GET https://huggingface.co/api/models/nvidia/NVIDIA-Nemotron-3.5-Lightning-30B-A3B-NVFP4 "HTTP/1.1 200 OK"
2026-08-16 10:26:31.170 - aiperf.config.resolution.resolvers - INFO -   Cached nvidia/NVIDIA-Nemotron-3.5-Lightning-30B-A3B-NVFP4 (3.62s)
2026-08-16 10:26:31.204 - aiperf.config.resolution.resolvers - INFO - 1 tokenizer cached • 3.7s
2026-08-16 10:26:31.616 - server_metrics_manager - INFO - Server Metrics: Discovered 1 endpoints: ['http://localhost:8000/metrics']
2026-08-16 10:26:31.653 - GPUTelemetryJSONLWriter_69c36d60 - INFO - GPU telemetry export enabled: /output/gpu_telemetry_export.jsonl
2026-08-16 10:26:31.659 - system_controller - INFO - Registered Gpu Telemetry Manager (id: 'gpu_telemetry_manager')
2026-08-16 10:26:31.663 - system_controller - INFO - Registered Worker Manager (id: 'worker_manager')
2026-08-16 10:26:31.663 - OTelMetricsResultsProcessor_be06f366 - INFO - Telemetry streaming is disabled (set --otel-url and/or --mlflow-tracking-uri to enable)
2026-08-16 10:26:31.667 - RecordExportJSONLWriter_56c69f86 - INFO - Record metrics export enabled: /output/profile_export.jsonl
2026-08-16 10:26:31.772 - system_controller - INFO - Registered Dataset Manager (id: 'dataset_manager')
2026-08-16 10:26:31.773 - system_controller - INFO - Registered Server Metrics Manager (id: 'server_metrics_manager')
2026-08-16 10:26:31.780 - system_controller - INFO - Registered Records Manager (id: 'records_manager')
2026-08-16 10:26:31.875 - system_controller - INFO - Registered Timing Manager (id: 'timing_manager')
2026-08-16 10:26:31.949 - system_controller - INFO - Registered Record Processor (id: 'record_processor_36aa34a2')
2026-08-16 10:26:31.949 - system_controller - INFO - Registered Record Processor (id: 'record_processor_69e4da66')
2026-08-16 10:26:31.950 - system_controller - INFO - Registered Record Processor (id: 'record_processor_32a429da')
2026-08-16 10:26:31.957 - system_controller - INFO - Registered Worker (id: 'worker_b46ebcb2')
2026-08-16 10:26:32.016 - system_controller - INFO - Registered Worker (id: 'worker_3ba6b59a')
2026-08-16 10:26:32.042 - system_controller - INFO - AIPerf System is CONFIGURING
2026-08-16 10:26:32.042 - system_controller - INFO - Configuring all services to start profiling
2026-08-16 10:26:32.043 - timing_manager - INFO - Waiting for dataset to be configured before configuring timing
2026-08-16 10:26:32.043 - InferenceResultParser_13179d7b - INFO - Configuring tokenizers for inference result parser (resolve_alias: True)
2026-08-16 10:26:32.044 - InferenceResultParser_6a3f8e43 - INFO - Configuring tokenizers for inference result parser (resolve_alias: True)
2026-08-16 10:26:32.043 - InferenceResultParser_31b321ef - INFO - Configuring tokenizers for inference result parser (resolve_alias: True)
2026-08-16 10:26:32.045 - dataset_manager - INFO - Configuring tokenizer(s) for dataset manager
2026-08-16 10:26:32.052 - server_metrics_manager - INFO - Server Metrics: Capturing baseline metrics...
2026-08-16 10:26:32.072 - http://localhost:8000/metrics - INFO - Skipping unsupported summary metric: http_request_size_bytes
2026-08-16 10:26:32.072 - http://localhost:8000/metrics - INFO - Skipping unsupported summary metric: http_response_size_bytes
2026-08-16 10:26:32.073 - system_controller - INFO - Server metrics enabled - 1/1 endpoint(s) reachable.
2026-08-16 10:26:32.074 - system_controller - INFO - Waiting for result domains: profile, server_metrics, telemetry
2026-08-16 10:26:32.074 - gpu_telemetry_manager - INFO - GPU Telemetry: Capturing baseline metrics from pynvml://localhost
2026-08-16 10:26:32.084 - pynvml_collector - INFO - PyNVML initialized with 1 GPU(s) (0 with GPM support)
2026-08-16 10:26:32.094 - system_controller - INFO - Registered Worker (id: 'worker_ecae0710')
2026-08-16 10:26:32.101 - system_controller - INFO - DCGM telemetry enabled - 1/1 endpoint(s) reachable
2026-08-16 10:26:32.101 - system_controller - INFO - Registered Worker (id: 'worker_6e5a90f2')
2026-08-16 10:26:32.126 - system_controller - INFO - Registered Worker (id: 'worker_a9db8ff9')
2026-08-16 10:26:32.129 - system_controller - INFO - Registered Worker (id: 'worker_b3eb7ee6')
2026-08-16 10:26:32.148 - system_controller - INFO - Registered Worker (id: 'worker_610ad49c')
2026-08-16 10:26:32.158 - system_controller - INFO - Registered Worker (id: 'worker_85c097d8')
2026-08-16 10:26:32.169 - system_controller - INFO - Registered Worker (id: 'worker_c24a8817')
2026-08-16 10:26:32.171 - system_controller - INFO - Registered Worker (id: 'worker_ea63143a')
2026-08-16 10:26:32.172 - system_controller - INFO - Registered Worker (id: 'worker_7a084668')
2026-08-16 10:26:32.190 - system_controller - INFO - Registered Worker (id: 'worker_9b0817e6')
2026-08-16 10:26:32.216 - system_controller - INFO - Registered Worker (id: 'worker_9592d5ad')
2026-08-16 10:26:32.222 - system_controller - INFO - Registered Worker (id: 'worker_c4140ee9')
2026-08-16 10:26:32.604 - httpx - INFO - HTTP Request: HEAD https://huggingface.co/nvidia/NVIDIA-Nemotron-3.5-Lightning-30B-A3B-NVFP4/resolve/main/config.json "HTTP/1.1 307 Temporary Redirect"
2026-08-16 10:26:32.613 - httpx - INFO - HTTP Request: HEAD https://huggingface.co/api/resolve-cache/models/nvidia/NVIDIA-Nemotron-3.5-Lightning-30B-A3B-NVFP4/6dbbd757ea75a8ece6e0702872e3ae53f9987728/config.json "HTTP/1.1 200 OK"
2026-08-16 10:26:32.613 - httpx - INFO - HTTP Request: HEAD https://huggingface.co/nvidia/NVIDIA-Nemotron-3.5-Lightning-30B-A3B-NVFP4/resolve/main/config.json "HTTP/1.1 307 Temporary Redirect"
2026-08-16 10:26:32.614 - huggingface_hub.utils._http - WARNING - Warning: You are sending unauthenticated requests to the HF Hub. Please set a HF_TOKEN to enable higher rate limits and faster downloads.
2026-08-16 10:26:32.616 - httpx - INFO - HTTP Request: HEAD https://huggingface.co/nvidia/NVIDIA-Nemotron-3.5-Lightning-30B-A3B-NVFP4/resolve/main/config.json "HTTP/1.1 307 Temporary Redirect"
2026-08-16 10:26:32.616 - huggingface_hub.utils._http - WARNING - Warning: You are sending unauthenticated requests to the HF Hub. Please set a HF_TOKEN to enable higher rate limits and faster downloads.
2026-08-16 10:26:32.623 - httpx - INFO - HTTP Request: HEAD https://huggingface.co/nvidia/NVIDIA-Nemotron-3.5-Lightning-30B-A3B-NVFP4/resolve/main/config.json "HTTP/1.1 307 Temporary Redirect"
2026-08-16 10:26:32.624 - huggingface_hub.utils._http - WARNING - Warning: You are sending unauthenticated requests to the HF Hub. Please set a HF_TOKEN to enable higher rate limits and faster downloads.
2026-08-16 10:26:32.628 - httpx - INFO - HTTP Request: HEAD https://huggingface.co/api/resolve-cache/models/nvidia/NVIDIA-Nemotron-3.5-Lightning-30B-A3B-NVFP4/6dbbd757ea75a8ece6e0702872e3ae53f9987728/config.json "HTTP/1.1 200 OK"
2026-08-16 10:26:32.628 - httpx - INFO - HTTP Request: HEAD https://huggingface.co/api/resolve-cache/models/nvidia/NVIDIA-Nemotron-3.5-Lightning-30B-A3B-NVFP4/6dbbd757ea75a8ece6e0702872e3ae53f9987728/config.json "HTTP/1.1 200 OK"
2026-08-16 10:26:32.632 - httpx - INFO - HTTP Request: HEAD https://huggingface.co/api/resolve-cache/models/nvidia/NVIDIA-Nemotron-3.5-Lightning-30B-A3B-NVFP4/6dbbd757ea75a8ece6e0702872e3ae53f9987728/config.json "HTTP/1.1 200 OK"
2026-08-16 10:26:32.749 - httpx - INFO - HTTP Request: HEAD https://huggingface.co/nvidia/NVIDIA-Nemotron-3.5-Lightning-30B-A3B-NVFP4/resolve/main/tokenizer_config.json "HTTP/1.1 307 Temporary Redirect"
2026-08-16 10:26:32.750 - huggingface_hub.utils._http - WARNING - Warning: You are sending unauthenticated requests to the HF Hub. Please set a HF_TOKEN to enable higher rate limits and faster downloads.
2026-08-16 10:26:32.757 - httpx - INFO - HTTP Request: HEAD https://huggingface.co/nvidia/NVIDIA-Nemotron-3.5-Lightning-30B-A3B-NVFP4/resolve/main/tokenizer_config.json "HTTP/1.1 307 Temporary Redirect"
2026-08-16 10:26:32.759 - httpx - INFO - HTTP Request: HEAD https://huggingface.co/api/resolve-cache/models/nvidia/NVIDIA-Nemotron-3.5-Lightning-30B-A3B-NVFP4/6dbbd757ea75a8ece6e0702872e3ae53f9987728/tokenizer_config.json "HTTP/1.1 200 OK"
2026-08-16 10:26:32.762 - httpx - INFO - HTTP Request: HEAD https://huggingface.co/nvidia/NVIDIA-Nemotron-3.5-Lightning-30B-A3B-NVFP4/resolve/main/tokenizer_config.json "HTTP/1.1 307 Temporary Redirect"
2026-08-16 10:26:32.762 - httpx - INFO - HTTP Request: HEAD https://huggingface.co/nvidia/NVIDIA-Nemotron-3.5-Lightning-30B-A3B-NVFP4/resolve/main/tokenizer_config.json "HTTP/1.1 307 Temporary Redirect"
2026-08-16 10:26:32.767 - httpx - INFO - HTTP Request: HEAD https://huggingface.co/api/resolve-cache/models/nvidia/NVIDIA-Nemotron-3.5-Lightning-30B-A3B-NVFP4/6dbbd757ea75a8ece6e0702872e3ae53f9987728/tokenizer_config.json "HTTP/1.1 200 OK"
2026-08-16 10:26:32.770 - httpx - INFO - HTTP Request: HEAD https://huggingface.co/api/resolve-cache/models/nvidia/NVIDIA-Nemotron-3.5-Lightning-30B-A3B-NVFP4/6dbbd757ea75a8ece6e0702872e3ae53f9987728/tokenizer_config.json "HTTP/1.1 200 OK"
2026-08-16 10:26:32.771 - httpx - INFO - HTTP Request: HEAD https://huggingface.co/api/resolve-cache/models/nvidia/NVIDIA-Nemotron-3.5-Lightning-30B-A3B-NVFP4/6dbbd757ea75a8ece6e0702872e3ae53f9987728/tokenizer_config.json "HTTP/1.1 200 OK"
2026-08-16 10:26:32.841 - httpx - INFO - HTTP Request: GET https://huggingface.co/api/models/nvidia/NVIDIA-Nemotron-3.5-Lightning-30B-A3B-NVFP4/tree/main/additional_chat_templates?recursive=false&expand=false "HTTP/1.1 404 Not Found"
2026-08-16 10:26:32.851 - httpx - INFO - HTTP Request: GET https://huggingface.co/api/models/nvidia/NVIDIA-Nemotron-3.5-Lightning-30B-A3B-NVFP4/tree/main/additional_chat_templates?recursive=false&expand=false "HTTP/1.1 404 Not Found"
2026-08-16 10:26:32.851 - httpx - INFO - HTTP Request: GET https://huggingface.co/api/models/nvidia/NVIDIA-Nemotron-3.5-Lightning-30B-A3B-NVFP4/tree/main/additional_chat_templates?recursive=false&expand=false "HTTP/1.1 404 Not Found"
2026-08-16 10:26:32.854 - httpx - INFO - HTTP Request: GET https://huggingface.co/api/models/nvidia/NVIDIA-Nemotron-3.5-Lightning-30B-A3B-NVFP4/tree/main/additional_chat_templates?recursive=false&expand=false "HTTP/1.1 404 Not Found"
2026-08-16 10:26:32.926 - httpx - INFO - HTTP Request: GET https://huggingface.co/api/models/nvidia/NVIDIA-Nemotron-3.5-Lightning-30B-A3B-NVFP4/tree/main?recursive=true&expand=false "HTTP/1.1 200 OK"
2026-08-16 10:26:32.935 - httpx - INFO - HTTP Request: GET https://huggingface.co/api/models/nvidia/NVIDIA-Nemotron-3.5-Lightning-30B-A3B-NVFP4/tree/main?recursive=true&expand=false "HTTP/1.1 200 OK"
2026-08-16 10:26:32.936 - httpx - INFO - HTTP Request: GET https://huggingface.co/api/models/nvidia/NVIDIA-Nemotron-3.5-Lightning-30B-A3B-NVFP4/tree/main?recursive=true&expand=false "HTTP/1.1 200 OK"
2026-08-16 10:26:32.937 - httpx - INFO - HTTP Request: GET https://huggingface.co/api/models/nvidia/NVIDIA-Nemotron-3.5-Lightning-30B-A3B-NVFP4/tree/main?recursive=true&expand=false "HTTP/1.1 200 OK"
2026-08-16 10:26:33.860 - httpx - INFO - HTTP Request: GET https://huggingface.co/api/models/nvidia/NVIDIA-Nemotron-3.5-Lightning-30B-A3B-NVFP4 "HTTP/1.1 200 OK"
2026-08-16 10:26:33.906 - dataset_manager - INFO - Tokenizer(s) configured in 1.86 seconds
2026-08-16 10:26:33.907 - dataset_manager - INFO - Configuring dataset for dataset_manager
2026-08-16 10:26:34.009 - httpx - INFO - HTTP Request: GET https://huggingface.co/api/models/nvidia/NVIDIA-Nemotron-3.5-Lightning-30B-A3B-NVFP4 "HTTP/1.1 200 OK"
2026-08-16 10:26:34.016 - httpx - INFO - HTTP Request: GET https://huggingface.co/api/models/nvidia/NVIDIA-Nemotron-3.5-Lightning-30B-A3B-NVFP4 "HTTP/1.1 200 OK"
2026-08-16 10:26:34.037 - InferenceResultParser_6a3f8e43 - INFO - Initialized tokenizers: {'nvidia/NVIDIA-Nemotron-3.5-Lightning-30B-A3B-NVFP4': {'class': 'TokenizersBackend', 'name_or_path': 'nvidia/NVIDIA-Nemotron-3.5-Lightning-30B-A3B-NVFP4'}} in 1.99 seconds
2026-08-16 10:26:34.038 - httpx - INFO - HTTP Request: GET https://huggingface.co/api/models/nvidia/NVIDIA-Nemotron-3.5-Lightning-30B-A3B-NVFP4 "HTTP/1.1 200 OK"
2026-08-16 10:26:34.042 - InferenceResultParser_31b321ef - INFO - Initialized tokenizers: {'nvidia/NVIDIA-Nemotron-3.5-Lightning-30B-A3B-NVFP4': {'class': 'TokenizersBackend', 'name_or_path': 'nvidia/NVIDIA-Nemotron-3.5-Lightning-30B-A3B-NVFP4'}} in 2.00 seconds
2026-08-16 10:26:34.066 - InferenceResultParser_13179d7b - INFO - Initialized tokenizers: {'nvidia/NVIDIA-Nemotron-3.5-Lightning-30B-A3B-NVFP4': {'class': 'TokenizersBackend', 'name_or_path': 'nvidia/NVIDIA-Nemotron-3.5-Lightning-30B-A3B-NVFP4'}} in 2.02 seconds
2026-08-16 10:26:34.304 - CustomDatasetComposer - INFO - Using explicit dataset format: multi_turn
2026-08-16 10:26:34.384 - MemoryMapDatasetBackingStore_4cb2bdd3 - INFO - Memory-mapped backing store initialized (streaming to /tmp/aiperf_mmap_5251f587b2f4/dataset.dat)
2026-08-16 10:26:34.402 - MemoryMapDatasetBackingStore_4cb2bdd3 - INFO - Data file finalized: 500 conversations, 1.26 MB
2026-08-16 10:26:34.403 - MemoryMapDatasetBackingStore_4cb2bdd3 - INFO - Index file created: /tmp/aiperf_mmap_5251f587b2f4/index.dat
2026-08-16 10:26:34.403 - dataset_manager - INFO - Backing store finalized: client_type=DatasetClientStoreType.MEMORY_MAP format=MemoryMapFormat.CONVERSATION data_file_path=PosixPath('/tmp/aiperf_mmap_5251f587b2f4/dataset.dat') index_file_path=PosixPath('/tmp/aiperf_mmap_5251f587b2f4/index.dat') conversation_count=500 total_size_bytes=1323870 compressed=False compressed_data_file_path=None compressed_index_file_path=None compressed_size_bytes=0
2026-08-16 10:26:34.413 - dataset_manager - INFO - sampling strategy: sequential, unique conversations: 500, unique turn count: 1783
2026-08-16 10:26:34.434 - dataset_manager - INFO - Generating inputs.json file at /output/inputs.json
2026-08-16 10:26:34.450 - dataset_manager - INFO - inputs.json file generated in 0.02 seconds
2026-08-16 10:26:34.494 - system_controller - WARNING - Received command response for service we were not expecting: worker_b3eb7ee6. Ignoring.
2026-08-16 10:26:34.497 - system_controller - WARNING - Received command response for service we were not expecting: worker_a9db8ff9. Ignoring.
2026-08-16 10:26:34.499 - system_controller - WARNING - Received command response for service we were not expecting: worker_6e5a90f2. Ignoring.
2026-08-16 10:26:34.541 - PhaseOrchestrator_69a1ebd7 - INFO - Initialized 2 phase(s): ['Warmup', 'Profiling']
2026-08-16 10:26:34.724 - dataset_manager - INFO - Dataset client initialized and freed 500 conversations from memory
2026-08-16 10:26:34.724 - dataset_manager - INFO - Dataset configured in 0.82 seconds
2026-08-16 10:26:34.727 - system_controller - INFO - All services configured in 2.68 seconds
2026-08-16 10:26:34.727 - system_controller - INFO - AIPerf System is CONFIGURED
2026-08-16 10:26:34.761 - server_metrics_manager - INFO - Server Metrics: Started 1 collector(s) successfully
2026-08-16 10:26:34.778 - system_controller - INFO - All services started profiling successfully
2026-08-16 10:26:34.778 - system_controller - INFO - AIPerf System is PROFILING
2026-08-16 10:26:34.794 - RateTiming - INFO - Creating interval generator: pattern=concurrency_burst, rate=None, smoothness=None
2026-08-16 10:26:34.797 - PhaseRunner - NOTICE - Phase warmup (warmup) started | phase_index=0 | target: 3 requests
2026-08-16 10:26:34.806 - PhaseRunner - NOTICE - Phase warmup (warmup) sending complete | sent=3, completed=0, in_flight=3 | sessions: sent=3, completed=0
2026-08-16 10:26:34.807 - records_manager - INFO - Credit phase start: warmup
2026-08-16 10:26:39.883 - PhaseRunner - NOTICE - Phase warmup (warmup) complete | completed=3, cancelled=0, errors=0 | sessions: completed=0, cancelled=0 | elapsed=5.09s
2026-08-16 10:26:39.885 - RateTiming - INFO - Creating interval generator: pattern=concurrency_burst, rate=None, smoothness=None
2026-08-16 10:26:39.885 - PhaseRunner - NOTICE - Phase profiling (profiling) started | phase_index=1 | profiling_index=0 | target: 50 requests, 50 sessions
2026-08-16 10:26:39.886 - server_metrics_manager - INFO - Server Metrics: Warmup complete, capturing final warmup metrics...
2026-08-16 10:26:39.886 - records_manager - INFO - Credit phase start: profiling
2026-08-16 10:26:39.891 - PhaseRunner - NOTICE - Phase profiling (profiling) sending complete | sent=50, completed=0, in_flight=50 | sessions: sent=50, completed=0
2026-08-16 10:26:39.891 - records_manager - INFO - Sent 50 requests. Waiting for all to complete...
2026-08-16 10:26:52.563 - aiperf.metrics.types.osl_mismatch_metrics - WARNING - OSL mismatch: got 250 tokens (requested 362, diff -30.9%)
2026-08-16 10:26:59.403 - PhaseRunner - NOTICE - Phase profiling (profiling) complete | completed=50, cancelled=0, errors=0 | sessions: completed=11, cancelled=0 | elapsed=19.52s
2026-08-16 10:26:59.403 - PhaseOrchestrator_69a1ebd7 - NOTICE - All credits completed
2026-08-16 10:26:59.405 - records_manager - INFO - Received CREDIT_PHASE_COMPLETE message, Phase complete: PhaseRecordsStats(phase=CreditPhase.PROFILING, phase_index=1, profiling_index=0, phase_name='profiling', phase_kind='profiling', start_ns=1786875999885455358, sent_end_ns=1786875999891312881, requests_end_ns=1786876019403210040, baseline_start_ns=1786875999885438638, baseline_end_ns=1786876019403215688, total_expected_requests=50, expected_duration_sec=None, expected_num_sessions=None, expected_grace_period_sec=None, final_requests_sent=None, final_requests_completed=50, final_requests_cancelled=0, final_request_errors=0, final_sent_sessions=None, final_completed_sessions=None, final_cancelled_sessions=None, timeout_triggered=False, grace_period_timeout_triggered=False, was_cancelled=False, records_end_ns=None, success_records=49, error_records=0)
2026-08-16 10:26:59.405 - records_manager - NOTICE - All requests have completed, please wait for the results to be processed (currently 49 of 50 records processed)...
2026-08-16 10:26:59.406 - system_controller - INFO - Received credits complete from 'timing_manager'
2026-08-16 10:26:59.406 - records_manager - INFO - All credits complete, please wait for the results to be processed...
2026-08-16 10:26:59.420 - records_manager - INFO - Processed 50 valid requests and 0 errors (50 total).
2026-08-16 10:26:59.420 - records_manager - INFO - Received all records, processing now...
2026-08-16 10:26:59.423 - server_metrics_manager - INFO - Server Metrics: Profiling complete, capturing final metrics...
2026-08-16 10:26:59.426 - records_manager - INFO - Waiting 2.0s for server metrics flush period...
2026-08-16 10:26:59.424 - gpu_telemetry_manager - INFO - GPU Telemetry: Profiling complete, capturing final metrics...
2026-08-16 10:27:01.407 - records_manager - INFO - Processing records results...
2026-08-16 10:27:01.637 - system_controller - INFO - Waiting for result domains: server_metrics, telemetry
2026-08-16 10:27:01.638 - system_controller - INFO - Waiting for result domains: server_metrics
2026-08-16 10:27:01.652 - records_manager - INFO - _finalize_and_process_results completed
2026-08-16 10:27:01.655 - system_controller - INFO - All results received, initiating shutdown
2026-08-16 10:27:02.279 - ExporterManager - INFO - Exporting all records
2026-08-16 10:27:02.379 - ExporterManager - INFO - Exporting console data
