2026-08-11 22:47:39.715 - aiperf.cli_runner._single_run - INFO - Starting AIPerf System
2026-08-11 22:47:40.192 - httpx - INFO - HTTP Request: GET https://huggingface.co/api/models/nvidia/NVIDIA-Nemotron-3.5-Lightning-30B-A3B-NVFP4 "HTTP/1.1 200 OK"
2026-08-11 22:47:40.203 - aiperf.config.resolution.resolvers - INFO - [OK] Tokenizer nvidia/NVIDIA-Nemotron-3.5-Lightning-30B-A3B-NVFP4 detected
2026-08-11 22:47:40.203 - aiperf.config.resolution.resolvers - INFO - 1 tokenizer validated | 0.5s
2026-08-11 22:47:40.203 - aiperf.config.resolution.resolvers - INFO - Prefetching 1 tokenizer into HF cache...
2026-08-11 22:47:41.107 - httpx - INFO - HTTP Request: HEAD https://huggingface.co/nvidia/NVIDIA-Nemotron-3.5-Lightning-30B-A3B-NVFP4/resolve/main/config.json "HTTP/1.1 307 Temporary Redirect"
2026-08-11 22:47:41.108 - huggingface_hub.utils._http - WARNING - Warning: You are sending unauthenticated requests to the HF Hub. Please set a HF_TOKEN to enable higher rate limits and faster downloads.
2026-08-11 22:47:41.121 - httpx - INFO - HTTP Request: HEAD https://huggingface.co/api/resolve-cache/models/nvidia/NVIDIA-Nemotron-3.5-Lightning-30B-A3B-NVFP4/f9b0c83dc2e390069425f5b4d40006fd343d596c/config.json "HTTP/1.1 200 OK"
2026-08-11 22:47:41.140 - httpx - INFO - HTTP Request: GET https://huggingface.co/api/resolve-cache/models/nvidia/NVIDIA-Nemotron-3.5-Lightning-30B-A3B-NVFP4/f9b0c83dc2e390069425f5b4d40006fd343d596c/config.json "HTTP/1.1 200 OK"
2026-08-11 22:47:41.288 - httpx - INFO - HTTP Request: HEAD https://huggingface.co/nvidia/NVIDIA-Nemotron-3.5-Lightning-30B-A3B-NVFP4/resolve/main/tokenizer_config.json "HTTP/1.1 307 Temporary Redirect"
2026-08-11 22:47:41.300 - httpx - INFO - HTTP Request: HEAD https://huggingface.co/api/resolve-cache/models/nvidia/NVIDIA-Nemotron-3.5-Lightning-30B-A3B-NVFP4/f9b0c83dc2e390069425f5b4d40006fd343d596c/tokenizer_config.json "HTTP/1.1 200 OK"
2026-08-11 22:47:41.313 - httpx - INFO - HTTP Request: GET https://huggingface.co/api/resolve-cache/models/nvidia/NVIDIA-Nemotron-3.5-Lightning-30B-A3B-NVFP4/f9b0c83dc2e390069425f5b4d40006fd343d596c/tokenizer_config.json "HTTP/1.1 200 OK"
2026-08-11 22:47:41.402 - httpx - INFO - HTTP Request: GET https://huggingface.co/api/models/nvidia/NVIDIA-Nemotron-3.5-Lightning-30B-A3B-NVFP4/tree/main/additional_chat_templates?recursive=false&expand=false "HTTP/1.1 404 Not Found"
2026-08-11 22:47:41.494 - httpx - INFO - HTTP Request: GET https://huggingface.co/api/models/nvidia/NVIDIA-Nemotron-3.5-Lightning-30B-A3B-NVFP4/tree/main?recursive=true&expand=false "HTTP/1.1 200 OK"
2026-08-11 22:47:41.586 - httpx - INFO - HTTP Request: HEAD https://huggingface.co/nvidia/NVIDIA-Nemotron-3.5-Lightning-30B-A3B-NVFP4/resolve/main/tokenizer.json "HTTP/1.1 302 Found"
2026-08-11 22:47:41.686 - httpx - INFO - HTTP Request: GET https://huggingface.co/api/models/nvidia/NVIDIA-Nemotron-3.5-Lightning-30B-A3B-NVFP4/xet-read-token/f9b0c83dc2e390069425f5b4d40006fd343d596c "HTTP/1.1 200 OK"
2026-08-11 22:47:42.610 - httpx - INFO - HTTP Request: HEAD https://huggingface.co/nvidia/NVIDIA-Nemotron-3.5-Lightning-30B-A3B-NVFP4/resolve/main/tokenizer.model "HTTP/1.1 404 Not Found"
2026-08-11 22:47:42.698 - httpx - INFO - HTTP Request: HEAD https://huggingface.co/nvidia/NVIDIA-Nemotron-3.5-Lightning-30B-A3B-NVFP4/resolve/main/added_tokens.json "HTTP/1.1 404 Not Found"
2026-08-11 22:47:42.784 - httpx - INFO - HTTP Request: HEAD https://huggingface.co/nvidia/NVIDIA-Nemotron-3.5-Lightning-30B-A3B-NVFP4/resolve/main/special_tokens_map.json "HTTP/1.1 307 Temporary Redirect"
2026-08-11 22:47:42.795 - httpx - INFO - HTTP Request: HEAD https://huggingface.co/api/resolve-cache/models/nvidia/NVIDIA-Nemotron-3.5-Lightning-30B-A3B-NVFP4/f9b0c83dc2e390069425f5b4d40006fd343d596c/special_tokens_map.json "HTTP/1.1 200 OK"
2026-08-11 22:47:42.816 - httpx - INFO - HTTP Request: GET https://huggingface.co/api/resolve-cache/models/nvidia/NVIDIA-Nemotron-3.5-Lightning-30B-A3B-NVFP4/f9b0c83dc2e390069425f5b4d40006fd343d596c/special_tokens_map.json "HTTP/1.1 200 OK"
2026-08-11 22:47:42.901 - httpx - INFO - HTTP Request: HEAD https://huggingface.co/nvidia/NVIDIA-Nemotron-3.5-Lightning-30B-A3B-NVFP4/resolve/main/chat_template.jinja "HTTP/1.1 307 Temporary Redirect"
2026-08-11 22:47:42.915 - httpx - INFO - HTTP Request: HEAD https://huggingface.co/api/resolve-cache/models/nvidia/NVIDIA-Nemotron-3.5-Lightning-30B-A3B-NVFP4/f9b0c83dc2e390069425f5b4d40006fd343d596c/chat_template.jinja "HTTP/1.1 200 OK"
2026-08-11 22:47:42.927 - httpx - INFO - HTTP Request: GET https://huggingface.co/api/resolve-cache/models/nvidia/NVIDIA-Nemotron-3.5-Lightning-30B-A3B-NVFP4/f9b0c83dc2e390069425f5b4d40006fd343d596c/chat_template.jinja "HTTP/1.1 200 OK"
2026-08-11 22:47:43.814 - httpx - INFO - HTTP Request: GET https://huggingface.co/api/models/nvidia/NVIDIA-Nemotron-3.5-Lightning-30B-A3B-NVFP4 "HTTP/1.1 200 OK"
2026-08-11 22:47:43.852 - aiperf.config.resolution.resolvers - INFO -   Cached nvidia/NVIDIA-Nemotron-3.5-Lightning-30B-A3B-NVFP4 (3.64s)
2026-08-11 22:47:43.908 - aiperf.config.resolution.resolvers - INFO - 1 tokenizer cached • 3.7s
2026-08-11 22:47:44.283 - system_controller - INFO - Registered Worker Manager (id: 'worker_manager')
2026-08-11 22:47:44.348 - server_metrics_manager - INFO - Server Metrics: Discovered 1 endpoints: ['http://localhost:8000/metrics']
2026-08-11 22:47:44.382 - system_controller - INFO - Registered Gpu Telemetry Manager (id: 'gpu_telemetry_manager')
2026-08-11 22:47:44.388 - GPUTelemetryJSONLWriter_231a75eb - INFO - GPU telemetry export enabled: /output/gpu_telemetry_export.jsonl
2026-08-11 22:47:44.389 - system_controller - INFO - Registered Dataset Manager (id: 'dataset_manager')
2026-08-11 22:47:44.400 - OTelMetricsResultsProcessor_1e08ddd0 - INFO - Telemetry streaming is disabled (set --otel-url and/or --mlflow-tracking-uri to enable)
2026-08-11 22:47:44.408 - RecordExportJSONLWriter_d18821cd - INFO - Record metrics export enabled: /output/profile_export.jsonl
2026-08-11 22:47:44.413 - system_controller - INFO - Registered Record Processor (id: 'record_processor_b4247bdc')
2026-08-11 22:47:44.416 - system_controller - INFO - Registered Record Processor (id: 'record_processor_d6f2fb01')
2026-08-11 22:47:44.418 - system_controller - INFO - Registered Records Manager (id: 'records_manager')
2026-08-11 22:47:44.453 - system_controller - INFO - Registered Server Metrics Manager (id: 'server_metrics_manager')
2026-08-11 22:47:44.572 - system_controller - INFO - Registered Worker (id: 'worker_81176c10')
2026-08-11 22:47:44.666 - system_controller - INFO - Registered Worker (id: 'worker_a9164ca6')
2026-08-11 22:47:44.673 - system_controller - INFO - Registered Timing Manager (id: 'timing_manager')
2026-08-11 22:47:44.683 - system_controller - INFO - Registered Worker (id: 'worker_99756c69')
2026-08-11 22:47:44.697 - system_controller - INFO - Registered Worker (id: 'worker_de834cd1')
2026-08-11 22:47:44.697 - system_controller - INFO - Registered Worker (id: 'worker_78e8fd10')
2026-08-11 22:47:44.701 - system_controller - INFO - Registered Worker (id: 'worker_b04f5f6d')
2026-08-11 22:47:44.709 - system_controller - INFO - Registered Worker (id: 'worker_84b86de6')
2026-08-11 22:47:44.709 - system_controller - INFO - Registered Worker (id: 'worker_e1634dbb')
2026-08-11 22:47:44.764 - system_controller - INFO - AIPerf System is CONFIGURING
2026-08-11 22:47:44.764 - system_controller - INFO - Configuring all services to start profiling
2026-08-11 22:47:44.765 - timing_manager - INFO - Waiting for dataset to be configured before configuring timing
2026-08-11 22:47:44.765 - InferenceResultParser_b314deae - INFO - Configuring tokenizers for inference result parser (resolve_alias: True)
2026-08-11 22:47:44.765 - InferenceResultParser_613afe58 - INFO - Configuring tokenizers for inference result parser (resolve_alias: True)
2026-08-11 22:47:44.766 - dataset_manager - INFO - Configuring tokenizer(s) for dataset manager
2026-08-11 22:47:44.773 - server_metrics_manager - INFO - Server Metrics: Capturing baseline metrics...
2026-08-11 22:47:44.789 - http://localhost:8000/metrics - INFO - Skipping unsupported summary metric: http_request_size_bytes
2026-08-11 22:47:44.790 - http://localhost:8000/metrics - INFO - Skipping unsupported summary metric: http_response_size_bytes
2026-08-11 22:47:44.791 - system_controller - INFO - Server metrics enabled - 1/1 endpoint(s) reachable.
2026-08-11 22:47:44.792 - system_controller - INFO - Waiting for result domains: profile, server_metrics, telemetry
2026-08-11 22:47:44.801 - gpu_telemetry_manager - INFO - GPU Telemetry: Capturing baseline metrics from pynvml://localhost
2026-08-11 22:47:44.812 - pynvml_collector - INFO - PyNVML initialized with 1 GPU(s) (0 with GPM support)
2026-08-11 22:47:44.827 - system_controller - INFO - DCGM telemetry enabled - 1/1 endpoint(s) reachable
2026-08-11 22:47:45.459 - httpx - INFO - HTTP Request: HEAD https://huggingface.co/nvidia/NVIDIA-Nemotron-3.5-Lightning-30B-A3B-NVFP4/resolve/main/config.json "HTTP/1.1 307 Temporary Redirect"
2026-08-11 22:47:45.460 - httpx - INFO - HTTP Request: HEAD https://huggingface.co/nvidia/NVIDIA-Nemotron-3.5-Lightning-30B-A3B-NVFP4/resolve/main/config.json "HTTP/1.1 307 Temporary Redirect"
2026-08-11 22:47:45.473 - httpx - INFO - HTTP Request: HEAD https://huggingface.co/api/resolve-cache/models/nvidia/NVIDIA-Nemotron-3.5-Lightning-30B-A3B-NVFP4/f9b0c83dc2e390069425f5b4d40006fd343d596c/config.json "HTTP/1.1 200 OK"
2026-08-11 22:47:45.473 - httpx - INFO - HTTP Request: HEAD https://huggingface.co/api/resolve-cache/models/nvidia/NVIDIA-Nemotron-3.5-Lightning-30B-A3B-NVFP4/f9b0c83dc2e390069425f5b4d40006fd343d596c/config.json "HTTP/1.1 200 OK"
2026-08-11 22:47:45.473 - httpx - INFO - HTTP Request: HEAD https://huggingface.co/nvidia/NVIDIA-Nemotron-3.5-Lightning-30B-A3B-NVFP4/resolve/main/config.json "HTTP/1.1 307 Temporary Redirect"
2026-08-11 22:47:45.473 - huggingface_hub.utils._http - WARNING - Warning: You are sending unauthenticated requests to the HF Hub. Please set a HF_TOKEN to enable higher rate limits and faster downloads.
2026-08-11 22:47:45.487 - httpx - INFO - HTTP Request: HEAD https://huggingface.co/api/resolve-cache/models/nvidia/NVIDIA-Nemotron-3.5-Lightning-30B-A3B-NVFP4/f9b0c83dc2e390069425f5b4d40006fd343d596c/config.json "HTTP/1.1 200 OK"
2026-08-11 22:47:45.610 - httpx - INFO - HTTP Request: HEAD https://huggingface.co/nvidia/NVIDIA-Nemotron-3.5-Lightning-30B-A3B-NVFP4/resolve/main/tokenizer_config.json "HTTP/1.1 307 Temporary Redirect"
2026-08-11 22:47:45.611 - huggingface_hub.utils._http - WARNING - Warning: You are sending unauthenticated requests to the HF Hub. Please set a HF_TOKEN to enable higher rate limits and faster downloads.
2026-08-11 22:47:45.612 - httpx - INFO - HTTP Request: HEAD https://huggingface.co/nvidia/NVIDIA-Nemotron-3.5-Lightning-30B-A3B-NVFP4/resolve/main/tokenizer_config.json "HTTP/1.1 307 Temporary Redirect"
2026-08-11 22:47:45.613 - huggingface_hub.utils._http - WARNING - Warning: You are sending unauthenticated requests to the HF Hub. Please set a HF_TOKEN to enable higher rate limits and faster downloads.
2026-08-11 22:47:45.623 - httpx - INFO - HTTP Request: HEAD https://huggingface.co/nvidia/NVIDIA-Nemotron-3.5-Lightning-30B-A3B-NVFP4/resolve/main/tokenizer_config.json "HTTP/1.1 307 Temporary Redirect"
2026-08-11 22:47:45.627 - httpx - INFO - HTTP Request: HEAD https://huggingface.co/api/resolve-cache/models/nvidia/NVIDIA-Nemotron-3.5-Lightning-30B-A3B-NVFP4/f9b0c83dc2e390069425f5b4d40006fd343d596c/tokenizer_config.json "HTTP/1.1 200 OK"
2026-08-11 22:47:45.627 - httpx - INFO - HTTP Request: HEAD https://huggingface.co/api/resolve-cache/models/nvidia/NVIDIA-Nemotron-3.5-Lightning-30B-A3B-NVFP4/f9b0c83dc2e390069425f5b4d40006fd343d596c/tokenizer_config.json "HTTP/1.1 200 OK"
2026-08-11 22:47:45.639 - httpx - INFO - HTTP Request: HEAD https://huggingface.co/api/resolve-cache/models/nvidia/NVIDIA-Nemotron-3.5-Lightning-30B-A3B-NVFP4/f9b0c83dc2e390069425f5b4d40006fd343d596c/tokenizer_config.json "HTTP/1.1 200 OK"
2026-08-11 22:47:45.720 - httpx - INFO - HTTP Request: GET https://huggingface.co/api/models/nvidia/NVIDIA-Nemotron-3.5-Lightning-30B-A3B-NVFP4/tree/main/additional_chat_templates?recursive=false&expand=false "HTTP/1.1 404 Not Found"
2026-08-11 22:47:45.724 - httpx - INFO - HTTP Request: GET https://huggingface.co/api/models/nvidia/NVIDIA-Nemotron-3.5-Lightning-30B-A3B-NVFP4/tree/main/additional_chat_templates?recursive=false&expand=false "HTTP/1.1 404 Not Found"
2026-08-11 22:47:45.731 - httpx - INFO - HTTP Request: GET https://huggingface.co/api/models/nvidia/NVIDIA-Nemotron-3.5-Lightning-30B-A3B-NVFP4/tree/main/additional_chat_templates?recursive=false&expand=false "HTTP/1.1 404 Not Found"
2026-08-11 22:47:45.812 - httpx - INFO - HTTP Request: GET https://huggingface.co/api/models/nvidia/NVIDIA-Nemotron-3.5-Lightning-30B-A3B-NVFP4/tree/main?recursive=true&expand=false "HTTP/1.1 200 OK"
2026-08-11 22:47:45.815 - httpx - INFO - HTTP Request: GET https://huggingface.co/api/models/nvidia/NVIDIA-Nemotron-3.5-Lightning-30B-A3B-NVFP4/tree/main?recursive=true&expand=false "HTTP/1.1 200 OK"
2026-08-11 22:47:45.820 - httpx - INFO - HTTP Request: GET https://huggingface.co/api/models/nvidia/NVIDIA-Nemotron-3.5-Lightning-30B-A3B-NVFP4/tree/main?recursive=true&expand=false "HTTP/1.1 200 OK"
2026-08-11 22:47:46.802 - httpx - INFO - HTTP Request: GET https://huggingface.co/api/models/nvidia/NVIDIA-Nemotron-3.5-Lightning-30B-A3B-NVFP4 "HTTP/1.1 200 OK"
2026-08-11 22:47:46.807 - httpx - INFO - HTTP Request: GET https://huggingface.co/api/models/nvidia/NVIDIA-Nemotron-3.5-Lightning-30B-A3B-NVFP4 "HTTP/1.1 200 OK"
2026-08-11 22:47:46.811 - httpx - INFO - HTTP Request: GET https://huggingface.co/api/models/nvidia/NVIDIA-Nemotron-3.5-Lightning-30B-A3B-NVFP4 "HTTP/1.1 200 OK"
2026-08-11 22:47:46.835 - InferenceResultParser_b314deae - INFO - Initialized tokenizers: {'nvidia/NVIDIA-Nemotron-3.5-Lightning-30B-A3B-NVFP4': {'class': 'TokenizersBackend', 'name_or_path': 'nvidia/NVIDIA-Nemotron-3.5-Lightning-30B-A3B-NVFP4'}} in 2.07 seconds
2026-08-11 22:47:46.839 - InferenceResultParser_613afe58 - INFO - Initialized tokenizers: {'nvidia/NVIDIA-Nemotron-3.5-Lightning-30B-A3B-NVFP4': {'class': 'TokenizersBackend', 'name_or_path': 'nvidia/NVIDIA-Nemotron-3.5-Lightning-30B-A3B-NVFP4'}} in 2.07 seconds
2026-08-11 22:47:46.846 - dataset_manager - INFO - Tokenizer(s) configured in 2.08 seconds
2026-08-11 22:47:46.847 - dataset_manager - INFO - Configuring dataset for dataset_manager
2026-08-11 22:47:47.131 - CustomDatasetComposer - INFO - Using explicit dataset format: multi_turn
2026-08-11 22:47:47.185 - MemoryMapDatasetBackingStore_1518064d - INFO - Memory-mapped backing store initialized (streaming to /tmp/aiperf_mmap_7e34047ea86d/dataset.dat)
2026-08-11 22:47:47.207 - MemoryMapDatasetBackingStore_1518064d - INFO - Data file finalized: 500 conversations, 1.27 MB
2026-08-11 22:47:47.209 - MemoryMapDatasetBackingStore_1518064d - INFO - Index file created: /tmp/aiperf_mmap_7e34047ea86d/index.dat
2026-08-11 22:47:47.210 - dataset_manager - INFO - Backing store finalized: client_type=DatasetClientStoreType.MEMORY_MAP format=MemoryMapFormat.CONVERSATION data_file_path=PosixPath('/tmp/aiperf_mmap_7e34047ea86d/dataset.dat') index_file_path=PosixPath('/tmp/aiperf_mmap_7e34047ea86d/index.dat') conversation_count=500 total_size_bytes=1332012 compressed=False compressed_data_file_path=None compressed_index_file_path=None compressed_size_bytes=0
2026-08-11 22:47:47.220 - dataset_manager - INFO - sampling strategy: sequential, unique conversations: 500, unique turn count: 1783
2026-08-11 22:47:47.237 - dataset_manager - INFO - Generating inputs.json file at /output/inputs.json
2026-08-11 22:47:47.265 - dataset_manager - INFO - inputs.json file generated in 0.03 seconds
2026-08-11 22:47:47.315 - PhaseOrchestrator_ea82f4bd - INFO - Initialized 2 phase(s): ['Warmup', 'Profiling']
2026-08-11 22:47:47.586 - dataset_manager - INFO - Dataset client initialized and freed 500 conversations from memory
2026-08-11 22:47:47.587 - dataset_manager - INFO - Dataset configured in 0.74 seconds
2026-08-11 22:47:47.591 - system_controller - INFO - All services configured in 2.83 seconds
2026-08-11 22:47:47.594 - system_controller - INFO - AIPerf System is CONFIGURED
2026-08-11 22:47:47.617 - server_metrics_manager - INFO - Server Metrics: Started 1 collector(s) successfully
2026-08-11 22:47:47.628 - system_controller - INFO - All services started profiling successfully
2026-08-11 22:47:47.628 - system_controller - INFO - AIPerf System is PROFILING
2026-08-11 22:47:47.655 - RateTiming - INFO - Creating interval generator: pattern=concurrency_burst, rate=None, smoothness=None
2026-08-11 22:47:47.657 - PhaseRunner - NOTICE - Phase warmup (warmup) started | phase_index=0 | target: 3 requests
2026-08-11 22:47:47.664 - PhaseRunner - NOTICE - Phase warmup (warmup) sending complete | sent=3, completed=0, in_flight=3 | sessions: sent=3, completed=0
2026-08-11 22:47:47.673 - records_manager - INFO - Credit phase start: warmup
2026-08-11 22:47:57.052 - PhaseRunner - NOTICE - Phase warmup (warmup) complete | completed=3, cancelled=0, errors=0 | sessions: completed=0, cancelled=0 | elapsed=9.39s
2026-08-11 22:47:57.053 - RateTiming - INFO - Creating interval generator: pattern=concurrency_burst, rate=None, smoothness=None
2026-08-11 22:47:57.053 - PhaseRunner - NOTICE - Phase profiling (profiling) started | phase_index=1 | profiling_index=0 | target: 50 requests, 50 sessions
2026-08-11 22:47:57.054 - server_metrics_manager - INFO - Server Metrics: Warmup complete, capturing final warmup metrics...
2026-08-11 22:47:57.055 - records_manager - INFO - Credit phase start: profiling
2026-08-11 22:49:22.515 - PhaseRunner - NOTICE - Phase profiling (profiling) sending complete | sent=50, completed=42, in_flight=8 | sessions: sent=16, completed=8
2026-08-11 22:49:22.517 - records_manager - INFO - Sent 50 requests. Waiting for all to complete...
2026-08-11 22:49:36.703 - EventLoopMonitor - WARNING - Event loop for worker_99756c69 is taking too long to run. Overhead: 34.10ms
2026-08-11 22:49:39.392 - PhaseRunner - NOTICE - Phase profiling (profiling) complete | completed=50, cancelled=0, errors=0 | sessions: completed=12, cancelled=0 | elapsed=102.34s
2026-08-11 22:49:39.392 - PhaseOrchestrator_ea82f4bd - NOTICE - All credits completed
2026-08-11 22:49:39.394 - system_controller - INFO - Received credits complete from 'timing_manager'
2026-08-11 22:49:39.394 - records_manager - INFO - Received CREDIT_PHASE_COMPLETE message, Phase complete: PhaseRecordsStats(phase=CreditPhase.PROFILING, phase_index=1, profiling_index=0, phase_name='profiling', phase_kind='profiling', start_ns=1786488477053800715, sent_end_ns=1786488562515451998, requests_end_ns=1786488579391578344, baseline_start_ns=1786488477053788075, baseline_end_ns=1786488579391585287, total_expected_requests=50, expected_duration_sec=None, expected_num_sessions=None, expected_grace_period_sec=None, final_requests_sent=None, final_requests_completed=50, final_requests_cancelled=0, final_request_errors=0, final_sent_sessions=None, final_completed_sessions=None, final_cancelled_sessions=None, timeout_triggered=False, grace_period_timeout_triggered=False, was_cancelled=False, records_end_ns=None, success_records=49, error_records=0)
2026-08-11 22:49:39.395 - records_manager - NOTICE - All requests have completed, please wait for the results to be processed (currently 49 of 50 records processed)...
2026-08-11 22:49:39.396 - records_manager - INFO - All credits complete, please wait for the results to be processed...
2026-08-11 22:49:39.404 - records_manager - INFO - Processed 50 valid requests and 0 errors (50 total).
2026-08-11 22:49:39.404 - records_manager - INFO - Received all records, processing now...
2026-08-11 22:49:39.406 - server_metrics_manager - INFO - Server Metrics: Profiling complete, capturing final metrics...
2026-08-11 22:49:39.407 - records_manager - INFO - Waiting 2.0s for server metrics flush period...
2026-08-11 22:49:39.407 - gpu_telemetry_manager - INFO - GPU Telemetry: Profiling complete, capturing final metrics...
2026-08-11 22:49:41.394 - records_manager - INFO - Processing records results...
2026-08-11 22:49:41.698 - system_controller - INFO - Waiting for result domains: server_metrics, telemetry
2026-08-11 22:49:41.700 - system_controller - INFO - Waiting for result domains: server_metrics
2026-08-11 22:49:41.781 - records_manager - INFO - _finalize_and_process_results completed
2026-08-11 22:49:41.783 - system_controller - INFO - All results received, initiating shutdown
2026-08-11 22:49:42.403 - ExporterManager - INFO - Exporting all records
2026-08-11 22:49:42.552 - ExporterManager - INFO - Exporting console data
