2026-08-16 10:34:16.706 - aiperf.cli_runner._single_run - INFO - Starting AIPerf System
2026-08-16 10:34:17.181 - httpx - INFO - HTTP Request: GET https://huggingface.co/api/models/nvidia/NVIDIA-Nemotron-3.5-Lightning-30B-A3B-NVFP4 "HTTP/1.1 200 OK"
2026-08-16 10:34:17.194 - aiperf.config.resolution.resolvers - INFO - [OK] Tokenizer nvidia/NVIDIA-Nemotron-3.5-Lightning-30B-A3B-NVFP4 detected
2026-08-16 10:34:17.195 - aiperf.config.resolution.resolvers - INFO - 1 tokenizer validated | 0.5s
2026-08-16 10:34:17.195 - aiperf.config.resolution.resolvers - INFO - Prefetching 1 tokenizer into HF cache...
2026-08-16 10:34:18.278 - httpx - INFO - HTTP Request: HEAD https://huggingface.co/nvidia/NVIDIA-Nemotron-3.5-Lightning-30B-A3B-NVFP4/resolve/main/config.json "HTTP/1.1 307 Temporary Redirect"
2026-08-16 10:34:18.278 - huggingface_hub.utils._http - WARNING - Warning: You are sending unauthenticated requests to the HF Hub. Please set a HF_TOKEN to enable higher rate limits and faster downloads.
2026-08-16 10:34:18.288 - httpx - INFO - HTTP Request: HEAD https://huggingface.co/api/resolve-cache/models/nvidia/NVIDIA-Nemotron-3.5-Lightning-30B-A3B-NVFP4/6dbbd757ea75a8ece6e0702872e3ae53f9987728/config.json "HTTP/1.1 200 OK"
2026-08-16 10:34:18.303 - httpx - INFO - HTTP Request: GET https://huggingface.co/api/resolve-cache/models/nvidia/NVIDIA-Nemotron-3.5-Lightning-30B-A3B-NVFP4/6dbbd757ea75a8ece6e0702872e3ae53f9987728/config.json "HTTP/1.1 200 OK"
2026-08-16 10:34:18.467 - httpx - INFO - HTTP Request: HEAD https://huggingface.co/nvidia/NVIDIA-Nemotron-3.5-Lightning-30B-A3B-NVFP4/resolve/main/tokenizer_config.json "HTTP/1.1 307 Temporary Redirect"
2026-08-16 10:34:18.477 - httpx - INFO - HTTP Request: HEAD https://huggingface.co/api/resolve-cache/models/nvidia/NVIDIA-Nemotron-3.5-Lightning-30B-A3B-NVFP4/6dbbd757ea75a8ece6e0702872e3ae53f9987728/tokenizer_config.json "HTTP/1.1 200 OK"
2026-08-16 10:34:18.487 - httpx - INFO - HTTP Request: GET https://huggingface.co/api/resolve-cache/models/nvidia/NVIDIA-Nemotron-3.5-Lightning-30B-A3B-NVFP4/6dbbd757ea75a8ece6e0702872e3ae53f9987728/tokenizer_config.json "HTTP/1.1 200 OK"
2026-08-16 10:34:18.571 - httpx - INFO - HTTP Request: GET https://huggingface.co/api/models/nvidia/NVIDIA-Nemotron-3.5-Lightning-30B-A3B-NVFP4/tree/main/additional_chat_templates?recursive=false&expand=false "HTTP/1.1 404 Not Found"
2026-08-16 10:34:18.654 - httpx - INFO - HTTP Request: GET https://huggingface.co/api/models/nvidia/NVIDIA-Nemotron-3.5-Lightning-30B-A3B-NVFP4/tree/main?recursive=true&expand=false "HTTP/1.1 200 OK"
2026-08-16 10:34:18.746 - httpx - INFO - HTTP Request: HEAD https://huggingface.co/nvidia/NVIDIA-Nemotron-3.5-Lightning-30B-A3B-NVFP4/resolve/main/tokenizer.json "HTTP/1.1 302 Found"
2026-08-16 10:34:18.841 - httpx - INFO - HTTP Request: GET https://huggingface.co/api/models/nvidia/NVIDIA-Nemotron-3.5-Lightning-30B-A3B-NVFP4/xet-read-token/6dbbd757ea75a8ece6e0702872e3ae53f9987728 "HTTP/1.1 200 OK"
2026-08-16 10:34:19.682 - httpx - INFO - HTTP Request: HEAD https://huggingface.co/nvidia/NVIDIA-Nemotron-3.5-Lightning-30B-A3B-NVFP4/resolve/main/tokenizer.model "HTTP/1.1 404 Not Found"
2026-08-16 10:34:19.769 - httpx - INFO - HTTP Request: HEAD https://huggingface.co/nvidia/NVIDIA-Nemotron-3.5-Lightning-30B-A3B-NVFP4/resolve/main/added_tokens.json "HTTP/1.1 404 Not Found"
2026-08-16 10:34:19.851 - httpx - INFO - HTTP Request: HEAD https://huggingface.co/nvidia/NVIDIA-Nemotron-3.5-Lightning-30B-A3B-NVFP4/resolve/main/special_tokens_map.json "HTTP/1.1 307 Temporary Redirect"
2026-08-16 10:34:19.861 - httpx - INFO - HTTP Request: HEAD https://huggingface.co/api/resolve-cache/models/nvidia/NVIDIA-Nemotron-3.5-Lightning-30B-A3B-NVFP4/6dbbd757ea75a8ece6e0702872e3ae53f9987728/special_tokens_map.json "HTTP/1.1 200 OK"
2026-08-16 10:34:19.873 - httpx - INFO - HTTP Request: GET https://huggingface.co/api/resolve-cache/models/nvidia/NVIDIA-Nemotron-3.5-Lightning-30B-A3B-NVFP4/6dbbd757ea75a8ece6e0702872e3ae53f9987728/special_tokens_map.json "HTTP/1.1 200 OK"
2026-08-16 10:34:19.958 - httpx - INFO - HTTP Request: HEAD https://huggingface.co/nvidia/NVIDIA-Nemotron-3.5-Lightning-30B-A3B-NVFP4/resolve/main/chat_template.jinja "HTTP/1.1 307 Temporary Redirect"
2026-08-16 10:34:19.969 - httpx - INFO - HTTP Request: HEAD https://huggingface.co/api/resolve-cache/models/nvidia/NVIDIA-Nemotron-3.5-Lightning-30B-A3B-NVFP4/6dbbd757ea75a8ece6e0702872e3ae53f9987728/chat_template.jinja "HTTP/1.1 200 OK"
2026-08-16 10:34:19.981 - httpx - INFO - HTTP Request: GET https://huggingface.co/api/resolve-cache/models/nvidia/NVIDIA-Nemotron-3.5-Lightning-30B-A3B-NVFP4/6dbbd757ea75a8ece6e0702872e3ae53f9987728/chat_template.jinja "HTTP/1.1 200 OK"
2026-08-16 10:34:20.816 - httpx - INFO - HTTP Request: GET https://huggingface.co/api/models/nvidia/NVIDIA-Nemotron-3.5-Lightning-30B-A3B-NVFP4 "HTTP/1.1 200 OK"
2026-08-16 10:34:20.856 - aiperf.config.resolution.resolvers - INFO -   Cached nvidia/NVIDIA-Nemotron-3.5-Lightning-30B-A3B-NVFP4 (3.64s)
2026-08-16 10:34:20.914 - aiperf.config.resolution.resolvers - INFO - 1 tokenizer cached • 3.7s
2026-08-16 10:34:21.315 - system_controller - INFO - Registered Gpu Telemetry Manager (id: 'gpu_telemetry_manager')
2026-08-16 10:34:21.326 - system_controller - INFO - Registered Dataset Manager (id: 'dataset_manager')
2026-08-16 10:34:21.376 - server_metrics_manager - INFO - Server Metrics: Discovered 1 endpoints: ['http://localhost:8000/metrics']
2026-08-16 10:34:21.396 - GPUTelemetryJSONLWriter_d9d45288 - INFO - GPU telemetry export enabled: /output/gpu_telemetry_export.jsonl
2026-08-16 10:34:21.406 - OTelMetricsResultsProcessor_98c5cac1 - INFO - Telemetry streaming is disabled (set --otel-url and/or --mlflow-tracking-uri to enable)
2026-08-16 10:34:21.410 - RecordExportJSONLWriter_89eeb7cc - INFO - Record metrics export enabled: /output/profile_export.jsonl
2026-08-16 10:34:21.416 - system_controller - INFO - Registered Worker Manager (id: 'worker_manager')
2026-08-16 10:34:21.558 - system_controller - INFO - Registered Server Metrics Manager (id: 'server_metrics_manager')
2026-08-16 10:34:21.560 - system_controller - INFO - Registered Records Manager (id: 'records_manager')
2026-08-16 10:34:21.612 - system_controller - INFO - Registered Timing Manager (id: 'timing_manager')
2026-08-16 10:34:21.638 - system_controller - INFO - Registered Record Processor (id: 'record_processor_8b550049')
2026-08-16 10:34:21.736 - system_controller - INFO - Registered Record Processor (id: 'record_processor_eca24f22')
2026-08-16 10:34:21.738 - system_controller - INFO - Registered Record Processor (id: 'record_processor_4bdaf2e5')
2026-08-16 10:34:21.775 - system_controller - INFO - Registered Worker (id: 'worker_b23e83ff')
2026-08-16 10:34:21.800 - system_controller - INFO - AIPerf System is CONFIGURING
2026-08-16 10:34:21.800 - system_controller - INFO - Configuring all services to start profiling
2026-08-16 10:34:21.801 - timing_manager - INFO - Waiting for dataset to be configured before configuring timing
2026-08-16 10:34:21.801 - InferenceResultParser_16eb044d - INFO - Configuring tokenizers for inference result parser (resolve_alias: True)
2026-08-16 10:34:21.802 - InferenceResultParser_5270fb67 - INFO - Configuring tokenizers for inference result parser (resolve_alias: True)
2026-08-16 10:34:21.801 - InferenceResultParser_1ae317a7 - INFO - Configuring tokenizers for inference result parser (resolve_alias: True)
2026-08-16 10:34:21.805 - dataset_manager - INFO - Configuring tokenizer(s) for dataset manager
2026-08-16 10:34:21.812 - server_metrics_manager - INFO - Server Metrics: Capturing baseline metrics...
2026-08-16 10:34:21.832 - system_controller - INFO - Registered Worker (id: 'worker_0c5daf82')
2026-08-16 10:34:21.832 - http://localhost:8000/metrics - INFO - Skipping unsupported summary metric: http_request_size_bytes
2026-08-16 10:34:21.832 - http://localhost:8000/metrics - INFO - Skipping unsupported summary metric: http_response_size_bytes
2026-08-16 10:34:21.834 - system_controller - INFO - Server metrics enabled - 1/1 endpoint(s) reachable.
2026-08-16 10:34:21.834 - system_controller - INFO - Waiting for result domains: profile, server_metrics, telemetry
2026-08-16 10:34:21.835 - gpu_telemetry_manager - INFO - GPU Telemetry: Capturing baseline metrics from pynvml://localhost
2026-08-16 10:34:21.842 - system_controller - INFO - Registered Worker (id: 'worker_ffb6f3bc')
2026-08-16 10:34:21.846 - pynvml_collector - INFO - PyNVML initialized with 1 GPU(s) (0 with GPM support)
2026-08-16 10:34:21.859 - system_controller - INFO - Registered Worker (id: 'worker_2f547ab1')
2026-08-16 10:34:21.864 - system_controller - INFO - DCGM telemetry enabled - 1/1 endpoint(s) reachable
2026-08-16 10:34:21.870 - system_controller - INFO - Registered Worker (id: 'worker_3afc00ca')
2026-08-16 10:34:21.875 - system_controller - INFO - Registered Worker (id: 'worker_c1bc2dc0')
2026-08-16 10:34:21.887 - system_controller - INFO - Registered Worker (id: 'worker_bf4fc0bb')
2026-08-16 10:34:21.910 - system_controller - INFO - Registered Worker (id: 'worker_54f4fc0f')
2026-08-16 10:34:21.914 - system_controller - INFO - Registered Worker (id: 'worker_44e45e7d')
2026-08-16 10:34:21.921 - system_controller - INFO - Registered Worker (id: 'worker_e3f27465')
2026-08-16 10:34:21.927 - system_controller - INFO - Registered Worker (id: 'worker_bc3ea517')
2026-08-16 10:34:21.956 - system_controller - INFO - Registered Worker (id: 'worker_c1417961')
2026-08-16 10:34:21.967 - system_controller - INFO - Registered Worker (id: 'worker_c104c82f')
2026-08-16 10:34:21.969 - system_controller - INFO - Registered Worker (id: 'worker_3a31df8b')
2026-08-16 10:34:22.336 - httpx - INFO - HTTP Request: HEAD https://huggingface.co/nvidia/NVIDIA-Nemotron-3.5-Lightning-30B-A3B-NVFP4/resolve/main/config.json "HTTP/1.1 307 Temporary Redirect"
2026-08-16 10:34:22.337 - huggingface_hub.utils._http - WARNING - Warning: You are sending unauthenticated requests to the HF Hub. Please set a HF_TOKEN to enable higher rate limits and faster downloads.
2026-08-16 10:34:22.345 - httpx - INFO - HTTP Request: HEAD https://huggingface.co/nvidia/NVIDIA-Nemotron-3.5-Lightning-30B-A3B-NVFP4/resolve/main/config.json "HTTP/1.1 307 Temporary Redirect"
2026-08-16 10:34:22.346 - httpx - INFO - HTTP Request: HEAD https://huggingface.co/api/resolve-cache/models/nvidia/NVIDIA-Nemotron-3.5-Lightning-30B-A3B-NVFP4/6dbbd757ea75a8ece6e0702872e3ae53f9987728/config.json "HTTP/1.1 200 OK"
2026-08-16 10:34:22.354 - httpx - INFO - HTTP Request: HEAD https://huggingface.co/api/resolve-cache/models/nvidia/NVIDIA-Nemotron-3.5-Lightning-30B-A3B-NVFP4/6dbbd757ea75a8ece6e0702872e3ae53f9987728/config.json "HTTP/1.1 200 OK"
2026-08-16 10:34:22.355 - httpx - INFO - HTTP Request: HEAD https://huggingface.co/nvidia/NVIDIA-Nemotron-3.5-Lightning-30B-A3B-NVFP4/resolve/main/config.json "HTTP/1.1 307 Temporary Redirect"
2026-08-16 10:34:22.355 - huggingface_hub.utils._http - WARNING - Warning: You are sending unauthenticated requests to the HF Hub. Please set a HF_TOKEN to enable higher rate limits and faster downloads.
2026-08-16 10:34:22.362 - httpx - INFO - HTTP Request: HEAD https://huggingface.co/nvidia/NVIDIA-Nemotron-3.5-Lightning-30B-A3B-NVFP4/resolve/main/config.json "HTTP/1.1 307 Temporary Redirect"
2026-08-16 10:34:22.362 - huggingface_hub.utils._http - WARNING - Warning: You are sending unauthenticated requests to the HF Hub. Please set a HF_TOKEN to enable higher rate limits and faster downloads.
2026-08-16 10:34:22.366 - httpx - INFO - HTTP Request: HEAD https://huggingface.co/api/resolve-cache/models/nvidia/NVIDIA-Nemotron-3.5-Lightning-30B-A3B-NVFP4/6dbbd757ea75a8ece6e0702872e3ae53f9987728/config.json "HTTP/1.1 200 OK"
2026-08-16 10:34:22.372 - httpx - INFO - HTTP Request: HEAD https://huggingface.co/api/resolve-cache/models/nvidia/NVIDIA-Nemotron-3.5-Lightning-30B-A3B-NVFP4/6dbbd757ea75a8ece6e0702872e3ae53f9987728/config.json "HTTP/1.1 200 OK"
2026-08-16 10:34:22.476 - httpx - INFO - HTTP Request: HEAD https://huggingface.co/nvidia/NVIDIA-Nemotron-3.5-Lightning-30B-A3B-NVFP4/resolve/main/tokenizer_config.json "HTTP/1.1 307 Temporary Redirect"
2026-08-16 10:34:22.485 - httpx - INFO - HTTP Request: HEAD https://huggingface.co/nvidia/NVIDIA-Nemotron-3.5-Lightning-30B-A3B-NVFP4/resolve/main/tokenizer_config.json "HTTP/1.1 307 Temporary Redirect"
2026-08-16 10:34:22.486 - httpx - INFO - HTTP Request: HEAD https://huggingface.co/api/resolve-cache/models/nvidia/NVIDIA-Nemotron-3.5-Lightning-30B-A3B-NVFP4/6dbbd757ea75a8ece6e0702872e3ae53f9987728/tokenizer_config.json "HTTP/1.1 200 OK"
2026-08-16 10:34:22.495 - httpx - INFO - HTTP Request: HEAD https://huggingface.co/api/resolve-cache/models/nvidia/NVIDIA-Nemotron-3.5-Lightning-30B-A3B-NVFP4/6dbbd757ea75a8ece6e0702872e3ae53f9987728/tokenizer_config.json "HTTP/1.1 200 OK"
2026-08-16 10:34:22.495 - httpx - INFO - HTTP Request: HEAD https://huggingface.co/nvidia/NVIDIA-Nemotron-3.5-Lightning-30B-A3B-NVFP4/resolve/main/tokenizer_config.json "HTTP/1.1 307 Temporary Redirect"
2026-08-16 10:34:22.498 - httpx - INFO - HTTP Request: HEAD https://huggingface.co/nvidia/NVIDIA-Nemotron-3.5-Lightning-30B-A3B-NVFP4/resolve/main/tokenizer_config.json "HTTP/1.1 307 Temporary Redirect"
2026-08-16 10:34:22.503 - httpx - INFO - HTTP Request: HEAD https://huggingface.co/api/resolve-cache/models/nvidia/NVIDIA-Nemotron-3.5-Lightning-30B-A3B-NVFP4/6dbbd757ea75a8ece6e0702872e3ae53f9987728/tokenizer_config.json "HTTP/1.1 200 OK"
2026-08-16 10:34:22.509 - httpx - INFO - HTTP Request: HEAD https://huggingface.co/api/resolve-cache/models/nvidia/NVIDIA-Nemotron-3.5-Lightning-30B-A3B-NVFP4/6dbbd757ea75a8ece6e0702872e3ae53f9987728/tokenizer_config.json "HTTP/1.1 200 OK"
2026-08-16 10:34:22.570 - httpx - INFO - HTTP Request: GET https://huggingface.co/api/models/nvidia/NVIDIA-Nemotron-3.5-Lightning-30B-A3B-NVFP4/tree/main/additional_chat_templates?recursive=false&expand=false "HTTP/1.1 404 Not Found"
2026-08-16 10:34:22.582 - httpx - INFO - HTTP Request: GET https://huggingface.co/api/models/nvidia/NVIDIA-Nemotron-3.5-Lightning-30B-A3B-NVFP4/tree/main/additional_chat_templates?recursive=false&expand=false "HTTP/1.1 404 Not Found"
2026-08-16 10:34:22.585 - httpx - INFO - HTTP Request: GET https://huggingface.co/api/models/nvidia/NVIDIA-Nemotron-3.5-Lightning-30B-A3B-NVFP4/tree/main/additional_chat_templates?recursive=false&expand=false "HTTP/1.1 404 Not Found"
2026-08-16 10:34:22.594 - httpx - INFO - HTTP Request: GET https://huggingface.co/api/models/nvidia/NVIDIA-Nemotron-3.5-Lightning-30B-A3B-NVFP4/tree/main/additional_chat_templates?recursive=false&expand=false "HTTP/1.1 404 Not Found"
2026-08-16 10:34:22.652 - httpx - INFO - HTTP Request: GET https://huggingface.co/api/models/nvidia/NVIDIA-Nemotron-3.5-Lightning-30B-A3B-NVFP4/tree/main?recursive=true&expand=false "HTTP/1.1 200 OK"
2026-08-16 10:34:22.667 - httpx - INFO - HTTP Request: GET https://huggingface.co/api/models/nvidia/NVIDIA-Nemotron-3.5-Lightning-30B-A3B-NVFP4/tree/main?recursive=true&expand=false "HTTP/1.1 200 OK"
2026-08-16 10:34:22.671 - httpx - INFO - HTTP Request: GET https://huggingface.co/api/models/nvidia/NVIDIA-Nemotron-3.5-Lightning-30B-A3B-NVFP4/tree/main?recursive=true&expand=false "HTTP/1.1 200 OK"
2026-08-16 10:34:22.678 - httpx - INFO - HTTP Request: GET https://huggingface.co/api/models/nvidia/NVIDIA-Nemotron-3.5-Lightning-30B-A3B-NVFP4/tree/main?recursive=true&expand=false "HTTP/1.1 200 OK"
2026-08-16 10:34:23.655 - httpx - INFO - HTTP Request: GET https://huggingface.co/api/models/nvidia/NVIDIA-Nemotron-3.5-Lightning-30B-A3B-NVFP4 "HTTP/1.1 200 OK"
2026-08-16 10:34:23.666 - httpx - INFO - HTTP Request: GET https://huggingface.co/api/models/nvidia/NVIDIA-Nemotron-3.5-Lightning-30B-A3B-NVFP4 "HTTP/1.1 200 OK"
2026-08-16 10:34:23.678 - httpx - INFO - HTTP Request: GET https://huggingface.co/api/models/nvidia/NVIDIA-Nemotron-3.5-Lightning-30B-A3B-NVFP4 "HTTP/1.1 200 OK"
2026-08-16 10:34:23.680 - InferenceResultParser_1ae317a7 - INFO - Initialized tokenizers: {'nvidia/NVIDIA-Nemotron-3.5-Lightning-30B-A3B-NVFP4': {'class': 'TokenizersBackend', 'name_or_path': 'nvidia/NVIDIA-Nemotron-3.5-Lightning-30B-A3B-NVFP4'}} in 1.88 seconds
2026-08-16 10:34:23.684 - httpx - INFO - HTTP Request: GET https://huggingface.co/api/models/nvidia/NVIDIA-Nemotron-3.5-Lightning-30B-A3B-NVFP4 "HTTP/1.1 200 OK"
2026-08-16 10:34:23.694 - InferenceResultParser_16eb044d - INFO - Initialized tokenizers: {'nvidia/NVIDIA-Nemotron-3.5-Lightning-30B-A3B-NVFP4': {'class': 'TokenizersBackend', 'name_or_path': 'nvidia/NVIDIA-Nemotron-3.5-Lightning-30B-A3B-NVFP4'}} in 1.89 seconds
2026-08-16 10:34:23.702 - InferenceResultParser_5270fb67 - INFO - Initialized tokenizers: {'nvidia/NVIDIA-Nemotron-3.5-Lightning-30B-A3B-NVFP4': {'class': 'TokenizersBackend', 'name_or_path': 'nvidia/NVIDIA-Nemotron-3.5-Lightning-30B-A3B-NVFP4'}} in 1.90 seconds
2026-08-16 10:34:23.708 - dataset_manager - INFO - Tokenizer(s) configured in 1.90 seconds
2026-08-16 10:34:23.708 - dataset_manager - INFO - Configuring dataset for dataset_manager
2026-08-16 10:34:23.976 - CustomDatasetComposer - INFO - Using explicit dataset format: multi_turn
2026-08-16 10:34:24.025 - MemoryMapDatasetBackingStore_d578ead7 - INFO - Memory-mapped backing store initialized (streaming to /tmp/aiperf_mmap_0f102e8043bd/dataset.dat)
2026-08-16 10:34:24.040 - MemoryMapDatasetBackingStore_d578ead7 - INFO - Data file finalized: 500 conversations, 1.29 MB
2026-08-16 10:34:24.040 - MemoryMapDatasetBackingStore_d578ead7 - INFO - Index file created: /tmp/aiperf_mmap_0f102e8043bd/index.dat
2026-08-16 10:34:24.041 - dataset_manager - INFO - Backing store finalized: client_type=DatasetClientStoreType.MEMORY_MAP format=MemoryMapFormat.CONVERSATION data_file_path=PosixPath('/tmp/aiperf_mmap_0f102e8043bd/dataset.dat') index_file_path=PosixPath('/tmp/aiperf_mmap_0f102e8043bd/index.dat') conversation_count=500 total_size_bytes=1353406 compressed=False compressed_data_file_path=None compressed_index_file_path=None compressed_size_bytes=0
2026-08-16 10:34:24.049 - dataset_manager - INFO - sampling strategy: sequential, unique conversations: 500, unique turn count: 1783
2026-08-16 10:34:24.054 - dataset_manager - INFO - Generating inputs.json file at /output/inputs.json
2026-08-16 10:34:24.062 - system_controller - WARNING - Received command response for service we were not expecting: worker_3afc00ca. Ignoring.
2026-08-16 10:34:24.063 - system_controller - WARNING - Received command response for service we were not expecting: worker_0c5daf82. Ignoring.
2026-08-16 10:34:24.066 - system_controller - WARNING - Received command response for service we were not expecting: worker_ffb6f3bc. Ignoring.
2026-08-16 10:34:24.066 - system_controller - WARNING - Received command response for service we were not expecting: worker_2f547ab1. Ignoring.
2026-08-16 10:34:24.067 - PhaseOrchestrator_d7215e45 - INFO - Initialized 2 phase(s): ['Warmup', 'Profiling']
2026-08-16 10:34:24.071 - dataset_manager - INFO - inputs.json file generated in 0.02 seconds
2026-08-16 10:34:24.194 - dataset_manager - INFO - Dataset client initialized and freed 500 conversations from memory
2026-08-16 10:34:24.194 - dataset_manager - INFO - Dataset configured in 0.49 seconds
2026-08-16 10:34:24.196 - system_controller - INFO - All services configured in 2.40 seconds
2026-08-16 10:34:24.196 - system_controller - INFO - AIPerf System is CONFIGURED
2026-08-16 10:34:24.200 - server_metrics_manager - INFO - Server Metrics: Started 1 collector(s) successfully
2026-08-16 10:34:24.201 - system_controller - INFO - All services started profiling successfully
2026-08-16 10:34:24.201 - system_controller - INFO - AIPerf System is PROFILING
2026-08-16 10:34:24.204 - RateTiming - INFO - Creating interval generator: pattern=concurrency_burst, rate=None, smoothness=None
2026-08-16 10:34:24.205 - PhaseRunner - NOTICE - Phase warmup (warmup) started | phase_index=0 | target: 3 requests
2026-08-16 10:34:24.205 - PhaseRunner - NOTICE - Phase warmup (warmup) sending complete | sent=3, completed=0, in_flight=3 | sessions: sent=3, completed=0
2026-08-16 10:34:24.207 - records_manager - INFO - Credit phase start: warmup
2026-08-16 10:34:29.187 - PhaseRunner - NOTICE - Phase warmup (warmup) complete | completed=3, cancelled=0, errors=0 | sessions: completed=1, cancelled=0 | elapsed=4.98s
2026-08-16 10:34:29.188 - RateTiming - INFO - Creating interval generator: pattern=concurrency_burst, rate=None, smoothness=None
2026-08-16 10:34:29.189 - PhaseRunner - NOTICE - Phase profiling (profiling) started | phase_index=1 | profiling_index=0 | target: 50 requests, 50 sessions
2026-08-16 10:34:29.189 - server_metrics_manager - INFO - Server Metrics: Warmup complete, capturing final warmup metrics...
2026-08-16 10:34:29.190 - records_manager - INFO - Credit phase start: profiling
2026-08-16 10:34:29.192 - PhaseRunner - NOTICE - Phase profiling (profiling) sending complete | sent=50, completed=0, in_flight=50 | sessions: sent=50, completed=0
2026-08-16 10:34:29.193 - records_manager - INFO - Sent 50 requests. Waiting for all to complete...
2026-08-16 10:34:43.763 - PhaseRunner - NOTICE - Phase profiling (profiling) complete | completed=50, cancelled=0, errors=0 | sessions: completed=10, cancelled=0 | elapsed=14.57s
2026-08-16 10:34:43.763 - PhaseOrchestrator_d7215e45 - NOTICE - All credits completed
2026-08-16 10:34:43.765 - records_manager - INFO - Received CREDIT_PHASE_COMPLETE message, Phase complete: PhaseRecordsStats(phase=CreditPhase.PROFILING, phase_index=1, profiling_index=0, phase_name='profiling', phase_kind='profiling', start_ns=1786876469189002859, sent_end_ns=1786876469192281284, requests_end_ns=1786876483763181119, baseline_start_ns=1786876469188987258, baseline_end_ns=1786876483763187983, total_expected_requests=50, expected_duration_sec=None, expected_num_sessions=None, expected_grace_period_sec=None, final_requests_sent=None, final_requests_completed=50, final_requests_cancelled=0, final_request_errors=0, final_sent_sessions=None, final_completed_sessions=None, final_cancelled_sessions=None, timeout_triggered=False, grace_period_timeout_triggered=False, was_cancelled=False, records_end_ns=None, success_records=49, error_records=0)
2026-08-16 10:34:43.765 - records_manager - NOTICE - All requests have completed, please wait for the results to be processed (currently 49 of 50 records processed)...
2026-08-16 10:34:43.765 - system_controller - INFO - Received credits complete from 'timing_manager'
2026-08-16 10:34:43.766 - records_manager - INFO - All credits complete, please wait for the results to be processed...
2026-08-16 10:34:43.768 - records_manager - INFO - Processed 50 valid requests and 0 errors (50 total).
2026-08-16 10:34:43.768 - records_manager - INFO - Received all records, processing now...
2026-08-16 10:34:43.771 - records_manager - INFO - Waiting 2.0s for server metrics flush period...
2026-08-16 10:34:43.772 - gpu_telemetry_manager - INFO - GPU Telemetry: Profiling complete, capturing final metrics...
2026-08-16 10:34:43.782 - server_metrics_manager - INFO - Server Metrics: Profiling complete, capturing final metrics...
2026-08-16 10:34:45.764 - records_manager - INFO - Processing records results...
2026-08-16 10:34:45.933 - system_controller - INFO - Waiting for result domains: server_metrics, telemetry
2026-08-16 10:34:45.933 - system_controller - INFO - Waiting for result domains: server_metrics
2026-08-16 10:34:45.945 - records_manager - INFO - _finalize_and_process_results completed
2026-08-16 10:34:45.950 - system_controller - INFO - All results received, initiating shutdown
2026-08-16 10:34:46.567 - ExporterManager - INFO - Exporting all records
2026-08-16 10:34:46.753 - ExporterManager - INFO - Exporting console data
