2026-08-11 04:44:38.931 - aiperf.cli_runner._single_run - INFO - Starting AIPerf System
2026-08-11 04:44:39.413 - httpx - INFO - HTTP Request: GET https://huggingface.co/api/models/meta-models/Muse-Glimmer-30B "HTTP/1.1 200 OK"
2026-08-11 04:44:39.420 - aiperf.config.resolution.resolvers - INFO - [OK] Tokenizer meta-models/Muse-Glimmer-30B detected
2026-08-11 04:44:39.420 - aiperf.config.resolution.resolvers - INFO - 1 tokenizer validated | 0.5s
2026-08-11 04:44:39.420 - aiperf.config.resolution.resolvers - INFO - Prefetching 1 tokenizer into HF cache...
2026-08-11 04:44:40.305 - httpx - INFO - HTTP Request: HEAD https://huggingface.co/meta-models/Muse-Glimmer-30B/resolve/main/config.json "HTTP/1.1 307 Temporary Redirect"
2026-08-11 04:44:40.305 - huggingface_hub.utils._http - WARNING - Warning: You are sending unauthenticated requests to the HF Hub. Please set a HF_TOKEN to enable higher rate limits and faster downloads.
2026-08-11 04:44:40.322 - httpx - INFO - HTTP Request: HEAD https://huggingface.co/api/resolve-cache/models/meta-models/Muse-Glimmer-30B/97c77dff50b2797bcc558fa2d909761dbc575c59/config.json "HTTP/1.1 200 OK"
2026-08-11 04:44:40.340 - httpx - INFO - HTTP Request: GET https://huggingface.co/api/resolve-cache/models/meta-models/Muse-Glimmer-30B/97c77dff50b2797bcc558fa2d909761dbc575c59/config.json "HTTP/1.1 200 OK"
2026-08-11 04:44:40.425 - httpx - INFO - HTTP Request: HEAD https://huggingface.co/meta-models/Muse-Glimmer-30B/resolve/main/config.json "HTTP/1.1 307 Temporary Redirect"
2026-08-11 04:44:40.443 - httpx - INFO - HTTP Request: HEAD https://huggingface.co/api/resolve-cache/models/meta-models/Muse-Glimmer-30B/97c77dff50b2797bcc558fa2d909761dbc575c59/config.json "HTTP/1.1 200 OK"
2026-08-11 04:44:40.526 - httpx - INFO - HTTP Request: HEAD https://huggingface.co/meta-models/Muse-Glimmer-30B/resolve/main/tokenizer_config.json "HTTP/1.1 307 Temporary Redirect"
2026-08-11 04:44:40.539 - httpx - INFO - HTTP Request: HEAD https://huggingface.co/api/resolve-cache/models/meta-models/Muse-Glimmer-30B/97c77dff50b2797bcc558fa2d909761dbc575c59/tokenizer_config.json "HTTP/1.1 200 OK"
2026-08-11 04:44:40.559 - httpx - INFO - HTTP Request: GET https://huggingface.co/api/resolve-cache/models/meta-models/Muse-Glimmer-30B/97c77dff50b2797bcc558fa2d909761dbc575c59/tokenizer_config.json "HTTP/1.1 200 OK"
2026-08-11 04:44:40.645 - httpx - INFO - HTTP Request: GET https://huggingface.co/api/models/meta-models/Muse-Glimmer-30B/tree/main/additional_chat_templates?recursive=false&expand=false "HTTP/1.1 404 Not Found"
2026-08-11 04:44:40.730 - httpx - INFO - HTTP Request: GET https://huggingface.co/api/models/meta-models/Muse-Glimmer-30B/tree/main?recursive=true&expand=false "HTTP/1.1 200 OK"
2026-08-11 04:44:40.828 - httpx - INFO - HTTP Request: HEAD https://huggingface.co/meta-models/Muse-Glimmer-30B/resolve/main/tokenizer.json "HTTP/1.1 302 Found"
2026-08-11 04:44:40.923 - httpx - INFO - HTTP Request: GET https://huggingface.co/api/models/meta-models/Muse-Glimmer-30B/xet-read-token/97c77dff50b2797bcc558fa2d909761dbc575c59 "HTTP/1.1 200 OK"
2026-08-11 04:44:41.958 - httpx - INFO - HTTP Request: HEAD https://huggingface.co/meta-models/Muse-Glimmer-30B/resolve/main/tokenizer.model "HTTP/1.1 404 Not Found"
2026-08-11 04:44:42.040 - httpx - INFO - HTTP Request: HEAD https://huggingface.co/meta-models/Muse-Glimmer-30B/resolve/main/added_tokens.json "HTTP/1.1 404 Not Found"
2026-08-11 04:44:42.121 - httpx - INFO - HTTP Request: HEAD https://huggingface.co/meta-models/Muse-Glimmer-30B/resolve/main/special_tokens_map.json "HTTP/1.1 404 Not Found"
2026-08-11 04:44:42.207 - httpx - INFO - HTTP Request: HEAD https://huggingface.co/meta-models/Muse-Glimmer-30B/resolve/main/chat_template.jinja "HTTP/1.1 307 Temporary Redirect"
2026-08-11 04:44:42.222 - httpx - INFO - HTTP Request: HEAD https://huggingface.co/api/resolve-cache/models/meta-models/Muse-Glimmer-30B/97c77dff50b2797bcc558fa2d909761dbc575c59/chat_template.jinja "HTTP/1.1 200 OK"
2026-08-11 04:44:42.241 - httpx - INFO - HTTP Request: GET https://huggingface.co/api/resolve-cache/models/meta-models/Muse-Glimmer-30B/97c77dff50b2797bcc558fa2d909761dbc575c59/chat_template.jinja "HTTP/1.1 200 OK"
2026-08-11 04:44:44.028 - httpx - INFO - HTTP Request: GET https://huggingface.co/api/models/meta-models/Muse-Glimmer-30B "HTTP/1.1 200 OK"
2026-08-11 04:44:44.131 - aiperf.config.resolution.resolvers - INFO -   Cached meta-models/Muse-Glimmer-30B (4.70s)
2026-08-11 04:44:44.196 - aiperf.config.resolution.resolvers - INFO - 1 tokenizer cached • 4.8s
2026-08-11 04:44:44.658 - server_metrics_manager - INFO - Server Metrics: Discovered 1 endpoints: ['http://localhost:80/metrics']
2026-08-11 04:44:44.721 - system_controller - INFO - Registered Gpu Telemetry Manager (id: 'gpu_telemetry_manager')
2026-08-11 04:44:44.725 - system_controller - INFO - Registered Worker Manager (id: 'worker_manager')
2026-08-11 04:44:44.729 - GPUTelemetryJSONLWriter_10320e2c - INFO - GPU telemetry export enabled: /output/gpu_telemetry_export.jsonl
2026-08-11 04:44:44.740 - OTelMetricsResultsProcessor_bbf65cfc - INFO - Telemetry streaming is disabled (set --otel-url and/or --mlflow-tracking-uri to enable)
2026-08-11 04:44:44.742 - system_controller - INFO - Registered Dataset Manager (id: 'dataset_manager')
2026-08-11 04:44:44.743 - RecordExportJSONLWriter_6e701e5c - INFO - Record metrics export enabled: /output/profile_export.jsonl
2026-08-11 04:44:44.763 - system_controller - INFO - Registered Server Metrics Manager (id: 'server_metrics_manager')
2026-08-11 04:44:44.849 - system_controller - INFO - Registered Records Manager (id: 'records_manager')
2026-08-11 04:44:44.879 - system_controller - INFO - Registered Record Processor (id: 'record_processor_92f86c04')
2026-08-11 04:44:44.927 - system_controller - INFO - Registered Timing Manager (id: 'timing_manager')
2026-08-11 04:44:44.985 - system_controller - INFO - Registered Worker (id: 'worker_5591f5b5')
2026-08-11 04:44:45.105 - system_controller - INFO - AIPerf System is CONFIGURING
2026-08-11 04:44:45.106 - system_controller - INFO - Configuring all services to start profiling
2026-08-11 04:44:45.107 - timing_manager - INFO - Waiting for dataset to be configured before configuring timing
2026-08-11 04:44:45.107 - InferenceResultParser_12e372d8 - INFO - Configuring tokenizers for inference result parser (resolve_alias: True)
2026-08-11 04:44:45.108 - dataset_manager - INFO - Configuring tokenizer(s) for dataset manager
2026-08-11 04:44:45.114 - system_controller - INFO - Server metrics disabled - no Prometheus endpoints reachable
2026-08-11 04:44:45.114 - system_controller - INFO - Waiting for result domains: profile, telemetry
2026-08-11 04:44:45.140 - gpu_telemetry_manager - INFO - GPU Telemetry: Capturing baseline metrics from pynvml://localhost
2026-08-11 04:44:45.150 - pynvml_collector - INFO - PyNVML initialized with 1 GPU(s) (0 with GPM support)
2026-08-11 04:44:45.166 - system_controller - INFO - DCGM telemetry enabled - 1/1 endpoint(s) reachable
2026-08-11 04:44:45.666 - httpx - INFO - HTTP Request: HEAD https://huggingface.co/meta-models/Muse-Glimmer-30B/resolve/main/config.json "HTTP/1.1 307 Temporary Redirect"
2026-08-11 04:44:45.666 - httpx - INFO - HTTP Request: HEAD https://huggingface.co/meta-models/Muse-Glimmer-30B/resolve/main/config.json "HTTP/1.1 307 Temporary Redirect"
2026-08-11 04:44:45.667 - huggingface_hub.utils._http - WARNING - Warning: You are sending unauthenticated requests to the HF Hub. Please set a HF_TOKEN to enable higher rate limits and faster downloads.
2026-08-11 04:44:45.681 - httpx - INFO - HTTP Request: HEAD https://huggingface.co/api/resolve-cache/models/meta-models/Muse-Glimmer-30B/97c77dff50b2797bcc558fa2d909761dbc575c59/config.json "HTTP/1.1 200 OK"
2026-08-11 04:44:45.681 - httpx - INFO - HTTP Request: HEAD https://huggingface.co/api/resolve-cache/models/meta-models/Muse-Glimmer-30B/97c77dff50b2797bcc558fa2d909761dbc575c59/config.json "HTTP/1.1 200 OK"
2026-08-11 04:44:45.764 - httpx - INFO - HTTP Request: HEAD https://huggingface.co/meta-models/Muse-Glimmer-30B/resolve/main/config.json "HTTP/1.1 307 Temporary Redirect"
2026-08-11 04:44:45.766 - httpx - INFO - HTTP Request: HEAD https://huggingface.co/meta-models/Muse-Glimmer-30B/resolve/main/config.json "HTTP/1.1 307 Temporary Redirect"
2026-08-11 04:44:45.784 - httpx - INFO - HTTP Request: HEAD https://huggingface.co/api/resolve-cache/models/meta-models/Muse-Glimmer-30B/97c77dff50b2797bcc558fa2d909761dbc575c59/config.json "HTTP/1.1 200 OK"
2026-08-11 04:44:45.784 - httpx - INFO - HTTP Request: HEAD https://huggingface.co/api/resolve-cache/models/meta-models/Muse-Glimmer-30B/97c77dff50b2797bcc558fa2d909761dbc575c59/config.json "HTTP/1.1 200 OK"
2026-08-11 04:44:45.870 - httpx - INFO - HTTP Request: HEAD https://huggingface.co/meta-models/Muse-Glimmer-30B/resolve/main/tokenizer_config.json "HTTP/1.1 307 Temporary Redirect"
2026-08-11 04:44:45.871 - httpx - INFO - HTTP Request: HEAD https://huggingface.co/meta-models/Muse-Glimmer-30B/resolve/main/tokenizer_config.json "HTTP/1.1 307 Temporary Redirect"
2026-08-11 04:44:45.886 - httpx - INFO - HTTP Request: HEAD https://huggingface.co/api/resolve-cache/models/meta-models/Muse-Glimmer-30B/97c77dff50b2797bcc558fa2d909761dbc575c59/tokenizer_config.json "HTTP/1.1 200 OK"
2026-08-11 04:44:45.887 - httpx - INFO - HTTP Request: HEAD https://huggingface.co/api/resolve-cache/models/meta-models/Muse-Glimmer-30B/97c77dff50b2797bcc558fa2d909761dbc575c59/tokenizer_config.json "HTTP/1.1 200 OK"
2026-08-11 04:44:45.970 - httpx - INFO - HTTP Request: GET https://huggingface.co/api/models/meta-models/Muse-Glimmer-30B/tree/main/additional_chat_templates?recursive=false&expand=false "HTTP/1.1 404 Not Found"
2026-08-11 04:44:45.973 - httpx - INFO - HTTP Request: GET https://huggingface.co/api/models/meta-models/Muse-Glimmer-30B/tree/main/additional_chat_templates?recursive=false&expand=false "HTTP/1.1 404 Not Found"
2026-08-11 04:44:46.059 - httpx - INFO - HTTP Request: GET https://huggingface.co/api/models/meta-models/Muse-Glimmer-30B/tree/main?recursive=true&expand=false "HTTP/1.1 200 OK"
2026-08-11 04:44:46.060 - httpx - INFO - HTTP Request: GET https://huggingface.co/api/models/meta-models/Muse-Glimmer-30B/tree/main?recursive=true&expand=false "HTTP/1.1 200 OK"
2026-08-11 04:44:47.976 - httpx - INFO - HTTP Request: GET https://huggingface.co/api/models/meta-models/Muse-Glimmer-30B "HTTP/1.1 200 OK"
2026-08-11 04:44:47.978 - httpx - INFO - HTTP Request: GET https://huggingface.co/api/models/meta-models/Muse-Glimmer-30B "HTTP/1.1 200 OK"
2026-08-11 04:44:48.045 - InferenceResultParser_12e372d8 - INFO - Initialized tokenizers: {'meta-models/Muse-Glimmer-30B': {'class': 'TokenizersBackend', 'name_or_path': 'meta-models/Muse-Glimmer-30B'}} in 2.94 seconds
2026-08-11 04:44:48.049 - dataset_manager - INFO - Tokenizer(s) configured in 2.94 seconds
2026-08-11 04:44:48.049 - dataset_manager - INFO - Configuring dataset for dataset_manager
2026-08-11 04:44:48.371 - CustomDatasetComposer - INFO - Using explicit dataset format: multi_turn
2026-08-11 04:44:48.436 - MemoryMapDatasetBackingStore_2b7a25b0 - INFO - Memory-mapped backing store initialized (streaming to /tmp/aiperf_mmap_724dc4749666/dataset.dat)
2026-08-11 04:44:48.458 - MemoryMapDatasetBackingStore_2b7a25b0 - INFO - Data file finalized: 500 conversations, 1.23 MB
2026-08-11 04:44:48.459 - MemoryMapDatasetBackingStore_2b7a25b0 - INFO - Index file created: /tmp/aiperf_mmap_724dc4749666/index.dat
2026-08-11 04:44:48.459 - dataset_manager - INFO - Backing store finalized: client_type=DatasetClientStoreType.MEMORY_MAP format=MemoryMapFormat.CONVERSATION data_file_path=PosixPath('/tmp/aiperf_mmap_724dc4749666/dataset.dat') index_file_path=PosixPath('/tmp/aiperf_mmap_724dc4749666/index.dat') conversation_count=500 total_size_bytes=1292467 compressed=False compressed_data_file_path=None compressed_index_file_path=None compressed_size_bytes=0
2026-08-11 04:44:48.469 - dataset_manager - INFO - sampling strategy: sequential, unique conversations: 500, unique turn count: 1783
2026-08-11 04:44:48.473 - dataset_manager - INFO - Generating inputs.json file at /output/inputs.json
2026-08-11 04:44:48.483 - PhaseOrchestrator_e0b65b5e - INFO - Initialized 2 phase(s): ['Warmup', 'Profiling']
2026-08-11 04:44:48.487 - dataset_manager - INFO - inputs.json file generated in 0.01 seconds
2026-08-11 04:44:48.619 - dataset_manager - INFO - Dataset client initialized and freed 500 conversations from memory
2026-08-11 04:44:48.619 - dataset_manager - INFO - Dataset configured in 0.57 seconds
2026-08-11 04:44:48.620 - system_controller - INFO - All services configured in 3.51 seconds
2026-08-11 04:44:48.620 - system_controller - INFO - AIPerf System is CONFIGURED
2026-08-11 04:44:48.622 - system_controller - INFO - All services started profiling successfully
2026-08-11 04:44:48.622 - system_controller - INFO - AIPerf System is PROFILING
2026-08-11 04:44:48.626 - RateTiming - INFO - Creating interval generator: pattern=concurrency_burst, rate=None, smoothness=None
2026-08-11 04:44:48.627 - PhaseRunner - NOTICE - Phase warmup (warmup) started | phase_index=0 | target: 3 requests
2026-08-11 04:44:48.628 - records_manager - INFO - Credit phase start: warmup
2026-08-11 04:45:14.471 - PhaseRunner - NOTICE - Phase warmup (warmup) sending complete | sent=3, completed=2, in_flight=1 | sessions: sent=1, completed=0
2026-08-11 04:45:18.630 - PhaseRunner - INFO - Phase warmup progress | returned=2/3 | sent=3 | in_flight=1 | errors=0 | elapsed=30.0s
2026-08-11 04:45:27.934 - PhaseRunner - NOTICE - Phase warmup (warmup) complete | completed=3, cancelled=0, errors=0 | sessions: completed=0, cancelled=0 | elapsed=39.31s
2026-08-11 04:45:27.936 - RateTiming - INFO - Creating interval generator: pattern=concurrency_burst, rate=None, smoothness=None
2026-08-11 04:45:27.936 - PhaseRunner - NOTICE - Phase profiling (profiling) started | phase_index=1 | profiling_index=0 | target: 50 requests, 50 sessions
2026-08-11 04:45:27.936 - records_manager - INFO - Credit phase start: profiling
2026-08-11 04:45:32.792 - aiperf.metrics.types.osl_mismatch_metrics - WARNING - OSL mismatch: got 46 tokens (requested 49, diff -6.1%)
2026-08-11 04:46:17.618 - aiperf.metrics.types.osl_mismatch_metrics - WARNING - OSL mismatch: got 26 tokens (requested 29, diff -10.3%)
2026-08-11 04:55:53.524 - aiperf.metrics.types.osl_mismatch_metrics - WARNING - OSL mismatch: got 12 tokens (requested 114, diff -89.5%)
2026-08-11 04:56:56.296 - PhaseRunner - NOTICE - Phase profiling (profiling) sending complete | sent=50, completed=49, in_flight=1 | sessions: sent=13, completed=12
2026-08-11 04:56:56.298 - records_manager - INFO - Sent 50 requests. Waiting for all to complete...
2026-08-11 04:57:12.760 - PhaseRunner - NOTICE - Phase profiling (profiling) complete | completed=50, cancelled=0, errors=0 | sessions: completed=12, cancelled=0 | elapsed=704.82s
2026-08-11 04:57:12.760 - PhaseOrchestrator_e0b65b5e - NOTICE - All credits completed
2026-08-11 04:57:12.761 - system_controller - INFO - Received credits complete from 'timing_manager'
2026-08-11 04:57:12.762 - records_manager - INFO - Received CREDIT_PHASE_COMPLETE message, Phase complete: PhaseRecordsStats(phase=CreditPhase.PROFILING, phase_index=1, profiling_index=0, phase_name='profiling', phase_kind='profiling', start_ns=1786423527936344086, sent_end_ns=1786424216296498724, requests_end_ns=1786424232759887522, baseline_start_ns=1786423527936336118, baseline_end_ns=1786424232759907170, total_expected_requests=50, expected_duration_sec=None, expected_num_sessions=None, expected_grace_period_sec=None, final_requests_sent=None, final_requests_completed=50, final_requests_cancelled=0, final_request_errors=0, final_sent_sessions=None, final_completed_sessions=None, final_cancelled_sessions=None, timeout_triggered=False, grace_period_timeout_triggered=False, was_cancelled=False, records_end_ns=None, success_records=49, error_records=0)
2026-08-11 04:57:12.762 - records_manager - NOTICE - All requests have completed, please wait for the results to be processed (currently 49 of 50 records processed)...
2026-08-11 04:57:12.762 - records_manager - INFO - All credits complete, please wait for the results to be processed...
2026-08-11 04:57:12.766 - records_manager - INFO - Processed 50 valid requests and 0 errors (50 total).
2026-08-11 04:57:12.766 - records_manager - INFO - Received all records, processing now...
2026-08-11 04:57:12.767 - gpu_telemetry_manager - INFO - GPU Telemetry: Profiling complete, capturing final metrics...
2026-08-11 04:57:12.769 - records_manager - INFO - Waiting 2.0s for server metrics flush period...
2026-08-11 04:57:14.761 - records_manager - INFO - Processing records results...
2026-08-11 04:57:14.871 - records_manager - INFO - _finalize_and_process_results completed
2026-08-11 04:57:14.873 - system_controller - INFO - Waiting for result domains: telemetry
2026-08-11 04:57:14.874 - system_controller - INFO - All results received, initiating shutdown
2026-08-11 04:57:15.481 - ExporterManager - INFO - Exporting all records
2026-08-11 04:57:15.566 - ExporterManager - INFO - Exporting console data
