2026-08-11 04:05:26.445 - aiperf.cli_runner._single_run - INFO - Starting AIPerf System
2026-08-11 04:05:26.945 - httpx - INFO - HTTP Request: GET https://huggingface.co/api/models/meta-models/Muse-Glimmer-30B "HTTP/1.1 200 OK"
2026-08-11 04:05:26.952 - aiperf.config.resolution.resolvers - INFO - [OK] Tokenizer meta-models/Muse-Glimmer-30B detected
2026-08-11 04:05:26.952 - aiperf.config.resolution.resolvers - INFO - 1 tokenizer validated | 0.5s
2026-08-11 04:05:26.953 - aiperf.config.resolution.resolvers - INFO - Prefetching 1 tokenizer into HF cache...
2026-08-11 04:05:27.777 - httpx - INFO - HTTP Request: HEAD https://huggingface.co/meta-models/Muse-Glimmer-30B/resolve/main/config.json "HTTP/1.1 307 Temporary Redirect"
2026-08-11 04:05:27.777 - huggingface_hub.utils._http - WARNING - Warning: You are sending unauthenticated requests to the HF Hub. Please set a HF_TOKEN to enable higher rate limits and faster downloads.
2026-08-11 04:05:27.793 - httpx - INFO - HTTP Request: HEAD https://huggingface.co/api/resolve-cache/models/meta-models/Muse-Glimmer-30B/97c77dff50b2797bcc558fa2d909761dbc575c59/config.json "HTTP/1.1 200 OK"
2026-08-11 04:05:27.808 - httpx - INFO - HTTP Request: GET https://huggingface.co/api/resolve-cache/models/meta-models/Muse-Glimmer-30B/97c77dff50b2797bcc558fa2d909761dbc575c59/config.json "HTTP/1.1 200 OK"
2026-08-11 04:05:27.892 - httpx - INFO - HTTP Request: HEAD https://huggingface.co/meta-models/Muse-Glimmer-30B/resolve/main/config.json "HTTP/1.1 307 Temporary Redirect"
2026-08-11 04:05:27.911 - httpx - INFO - HTTP Request: HEAD https://huggingface.co/api/resolve-cache/models/meta-models/Muse-Glimmer-30B/97c77dff50b2797bcc558fa2d909761dbc575c59/config.json "HTTP/1.1 200 OK"
2026-08-11 04:05:27.994 - httpx - INFO - HTTP Request: HEAD https://huggingface.co/meta-models/Muse-Glimmer-30B/resolve/main/tokenizer_config.json "HTTP/1.1 307 Temporary Redirect"
2026-08-11 04:05:28.009 - httpx - INFO - HTTP Request: HEAD https://huggingface.co/api/resolve-cache/models/meta-models/Muse-Glimmer-30B/97c77dff50b2797bcc558fa2d909761dbc575c59/tokenizer_config.json "HTTP/1.1 200 OK"
2026-08-11 04:05:28.021 - httpx - INFO - HTTP Request: GET https://huggingface.co/api/resolve-cache/models/meta-models/Muse-Glimmer-30B/97c77dff50b2797bcc558fa2d909761dbc575c59/tokenizer_config.json "HTTP/1.1 200 OK"
2026-08-11 04:05:28.112 - httpx - INFO - HTTP Request: GET https://huggingface.co/api/models/meta-models/Muse-Glimmer-30B/tree/main/additional_chat_templates?recursive=false&expand=false "HTTP/1.1 404 Not Found"
2026-08-11 04:05:28.201 - httpx - INFO - HTTP Request: GET https://huggingface.co/api/models/meta-models/Muse-Glimmer-30B/tree/main?recursive=true&expand=false "HTTP/1.1 200 OK"
2026-08-11 04:05:28.285 - httpx - INFO - HTTP Request: HEAD https://huggingface.co/meta-models/Muse-Glimmer-30B/resolve/main/tokenizer.json "HTTP/1.1 302 Found"
2026-08-11 04:05:28.383 - httpx - INFO - HTTP Request: GET https://huggingface.co/api/models/meta-models/Muse-Glimmer-30B/xet-read-token/97c77dff50b2797bcc558fa2d909761dbc575c59 "HTTP/1.1 200 OK"
2026-08-11 04:05:29.441 - httpx - INFO - HTTP Request: HEAD https://huggingface.co/meta-models/Muse-Glimmer-30B/resolve/main/tokenizer.model "HTTP/1.1 404 Not Found"
2026-08-11 04:05:29.526 - httpx - INFO - HTTP Request: HEAD https://huggingface.co/meta-models/Muse-Glimmer-30B/resolve/main/added_tokens.json "HTTP/1.1 404 Not Found"
2026-08-11 04:05:29.613 - httpx - INFO - HTTP Request: HEAD https://huggingface.co/meta-models/Muse-Glimmer-30B/resolve/main/special_tokens_map.json "HTTP/1.1 404 Not Found"
2026-08-11 04:05:29.703 - httpx - INFO - HTTP Request: HEAD https://huggingface.co/meta-models/Muse-Glimmer-30B/resolve/main/chat_template.jinja "HTTP/1.1 307 Temporary Redirect"
2026-08-11 04:05:29.718 - httpx - INFO - HTTP Request: HEAD https://huggingface.co/api/resolve-cache/models/meta-models/Muse-Glimmer-30B/97c77dff50b2797bcc558fa2d909761dbc575c59/chat_template.jinja "HTTP/1.1 200 OK"
2026-08-11 04:05:29.731 - httpx - INFO - HTTP Request: GET https://huggingface.co/api/resolve-cache/models/meta-models/Muse-Glimmer-30B/97c77dff50b2797bcc558fa2d909761dbc575c59/chat_template.jinja "HTTP/1.1 200 OK"
2026-08-11 04:05:31.421 - httpx - INFO - HTTP Request: GET https://huggingface.co/api/models/meta-models/Muse-Glimmer-30B "HTTP/1.1 200 OK"
2026-08-11 04:05:31.527 - aiperf.config.resolution.resolvers - INFO -   Cached meta-models/Muse-Glimmer-30B (4.56s)
2026-08-11 04:05:31.584 - aiperf.config.resolution.resolvers - INFO - 1 tokenizer cached • 4.6s
2026-08-11 04:05:31.961 - system_controller - INFO - Registered Gpu Telemetry Manager (id: 'gpu_telemetry_manager')
2026-08-11 04:05:31.995 - server_metrics_manager - INFO - Server Metrics: Discovered 1 endpoints: ['http://localhost:80/metrics']
2026-08-11 04:05:32.048 - system_controller - INFO - Registered Worker Manager (id: 'worker_manager')
2026-08-11 04:05:32.080 - system_controller - INFO - Registered Dataset Manager (id: 'dataset_manager')
2026-08-11 04:05:32.087 - GPUTelemetryJSONLWriter_328c9ac1 - INFO - GPU telemetry export enabled: /output/gpu_telemetry_export.jsonl
2026-08-11 04:05:32.098 - OTelMetricsResultsProcessor_a7356a58 - INFO - Telemetry streaming is disabled (set --otel-url and/or --mlflow-tracking-uri to enable)
2026-08-11 04:05:32.099 - system_controller - INFO - Registered Server Metrics Manager (id: 'server_metrics_manager')
2026-08-11 04:05:32.100 - RecordExportJSONLWriter_dcae8cf3 - INFO - Record metrics export enabled: /output/profile_export.jsonl
2026-08-11 04:05:32.209 - system_controller - INFO - Registered Records Manager (id: 'records_manager')
2026-08-11 04:05:32.211 - system_controller - INFO - Registered Record Processor (id: 'record_processor_abab859f')
2026-08-11 04:05:32.261 - system_controller - INFO - Registered Timing Manager (id: 'timing_manager')
2026-08-11 04:05:32.354 - system_controller - INFO - Registered Worker (id: 'worker_fd4d4f09')
2026-08-11 04:05:32.369 - system_controller - INFO - Registered Worker (id: 'worker_7b52bc31')
2026-08-11 04:05:32.438 - system_controller - INFO - AIPerf System is CONFIGURING
2026-08-11 04:05:32.438 - system_controller - INFO - Configuring all services to start profiling
2026-08-11 04:05:32.439 - InferenceResultParser_f6c8abef - INFO - Configuring tokenizers for inference result parser (resolve_alias: True)
2026-08-11 04:05:32.440 - timing_manager - INFO - Waiting for dataset to be configured before configuring timing
2026-08-11 04:05:32.441 - dataset_manager - INFO - Configuring tokenizer(s) for dataset manager
2026-08-11 04:05:32.446 - system_controller - INFO - Server metrics disabled - no Prometheus endpoints reachable
2026-08-11 04:05:32.446 - system_controller - INFO - Waiting for result domains: profile, telemetry
2026-08-11 04:05:32.472 - gpu_telemetry_manager - INFO - GPU Telemetry: Capturing baseline metrics from pynvml://localhost
2026-08-11 04:05:32.482 - pynvml_collector - INFO - PyNVML initialized with 1 GPU(s) (0 with GPM support)
2026-08-11 04:05:32.499 - system_controller - INFO - DCGM telemetry enabled - 1/1 endpoint(s) reachable
2026-08-11 04:05:33.207 - httpx - INFO - HTTP Request: HEAD https://huggingface.co/meta-models/Muse-Glimmer-30B/resolve/main/config.json "HTTP/1.1 307 Temporary Redirect"
2026-08-11 04:05:33.208 - huggingface_hub.utils._http - WARNING - Warning: You are sending unauthenticated requests to the HF Hub. Please set a HF_TOKEN to enable higher rate limits and faster downloads.
2026-08-11 04:05:33.209 - httpx - INFO - HTTP Request: HEAD https://huggingface.co/meta-models/Muse-Glimmer-30B/resolve/main/config.json "HTTP/1.1 307 Temporary Redirect"
2026-08-11 04:05:33.210 - huggingface_hub.utils._http - WARNING - Warning: You are sending unauthenticated requests to the HF Hub. Please set a HF_TOKEN to enable higher rate limits and faster downloads.
2026-08-11 04:05:33.222 - httpx - INFO - HTTP Request: HEAD https://huggingface.co/api/resolve-cache/models/meta-models/Muse-Glimmer-30B/97c77dff50b2797bcc558fa2d909761dbc575c59/config.json "HTTP/1.1 200 OK"
2026-08-11 04:05:33.222 - httpx - INFO - HTTP Request: HEAD https://huggingface.co/api/resolve-cache/models/meta-models/Muse-Glimmer-30B/97c77dff50b2797bcc558fa2d909761dbc575c59/config.json "HTTP/1.1 200 OK"
2026-08-11 04:05:33.300 - httpx - INFO - HTTP Request: HEAD https://huggingface.co/meta-models/Muse-Glimmer-30B/resolve/main/config.json "HTTP/1.1 307 Temporary Redirect"
2026-08-11 04:05:33.309 - httpx - INFO - HTTP Request: HEAD https://huggingface.co/meta-models/Muse-Glimmer-30B/resolve/main/config.json "HTTP/1.1 307 Temporary Redirect"
2026-08-11 04:05:33.313 - httpx - INFO - HTTP Request: HEAD https://huggingface.co/api/resolve-cache/models/meta-models/Muse-Glimmer-30B/97c77dff50b2797bcc558fa2d909761dbc575c59/config.json "HTTP/1.1 200 OK"
2026-08-11 04:05:33.323 - httpx - INFO - HTTP Request: HEAD https://huggingface.co/api/resolve-cache/models/meta-models/Muse-Glimmer-30B/97c77dff50b2797bcc558fa2d909761dbc575c59/config.json "HTTP/1.1 200 OK"
2026-08-11 04:05:33.401 - httpx - INFO - HTTP Request: HEAD https://huggingface.co/meta-models/Muse-Glimmer-30B/resolve/main/tokenizer_config.json "HTTP/1.1 307 Temporary Redirect"
2026-08-11 04:05:33.406 - httpx - INFO - HTTP Request: HEAD https://huggingface.co/meta-models/Muse-Glimmer-30B/resolve/main/tokenizer_config.json "HTTP/1.1 307 Temporary Redirect"
2026-08-11 04:05:33.415 - httpx - INFO - HTTP Request: HEAD https://huggingface.co/api/resolve-cache/models/meta-models/Muse-Glimmer-30B/97c77dff50b2797bcc558fa2d909761dbc575c59/tokenizer_config.json "HTTP/1.1 200 OK"
2026-08-11 04:05:33.423 - httpx - INFO - HTTP Request: HEAD https://huggingface.co/api/resolve-cache/models/meta-models/Muse-Glimmer-30B/97c77dff50b2797bcc558fa2d909761dbc575c59/tokenizer_config.json "HTTP/1.1 200 OK"
2026-08-11 04:05:33.504 - httpx - INFO - HTTP Request: GET https://huggingface.co/api/models/meta-models/Muse-Glimmer-30B/tree/main/additional_chat_templates?recursive=false&expand=false "HTTP/1.1 404 Not Found"
2026-08-11 04:05:33.507 - httpx - INFO - HTTP Request: GET https://huggingface.co/api/models/meta-models/Muse-Glimmer-30B/tree/main/additional_chat_templates?recursive=false&expand=false "HTTP/1.1 404 Not Found"
2026-08-11 04:05:33.596 - httpx - INFO - HTTP Request: GET https://huggingface.co/api/models/meta-models/Muse-Glimmer-30B/tree/main?recursive=true&expand=false "HTTP/1.1 200 OK"
2026-08-11 04:05:33.598 - httpx - INFO - HTTP Request: GET https://huggingface.co/api/models/meta-models/Muse-Glimmer-30B/tree/main?recursive=true&expand=false "HTTP/1.1 200 OK"
2026-08-11 04:05:35.417 - httpx - INFO - HTTP Request: GET https://huggingface.co/api/models/meta-models/Muse-Glimmer-30B "HTTP/1.1 200 OK"
2026-08-11 04:05:35.428 - httpx - INFO - HTTP Request: GET https://huggingface.co/api/models/meta-models/Muse-Glimmer-30B "HTTP/1.1 200 OK"
2026-08-11 04:05:35.482 - dataset_manager - INFO - Tokenizer(s) configured in 3.04 seconds
2026-08-11 04:05:35.482 - dataset_manager - INFO - Configuring dataset for dataset_manager
2026-08-11 04:05:35.499 - InferenceResultParser_f6c8abef - INFO - Initialized tokenizers: {'meta-models/Muse-Glimmer-30B': {'class': 'TokenizersBackend', 'name_or_path': 'meta-models/Muse-Glimmer-30B'}} in 3.06 seconds
2026-08-11 04:05:35.733 - CustomDatasetComposer - INFO - Using explicit dataset format: multi_turn
2026-08-11 04:05:35.799 - MemoryMapDatasetBackingStore_ba4ee318 - INFO - Memory-mapped backing store initialized (streaming to /tmp/aiperf_mmap_d1ada8724a80/dataset.dat)
2026-08-11 04:05:35.821 - MemoryMapDatasetBackingStore_ba4ee318 - INFO - Data file finalized: 500 conversations, 1.23 MB
2026-08-11 04:05:35.821 - MemoryMapDatasetBackingStore_ba4ee318 - INFO - Index file created: /tmp/aiperf_mmap_d1ada8724a80/index.dat
2026-08-11 04:05:35.821 - dataset_manager - INFO - Backing store finalized: client_type=DatasetClientStoreType.MEMORY_MAP format=MemoryMapFormat.CONVERSATION data_file_path=PosixPath('/tmp/aiperf_mmap_d1ada8724a80/dataset.dat') index_file_path=PosixPath('/tmp/aiperf_mmap_d1ada8724a80/index.dat') conversation_count=500 total_size_bytes=1284882 compressed=False compressed_data_file_path=None compressed_index_file_path=None compressed_size_bytes=0
2026-08-11 04:05:35.829 - dataset_manager - INFO - sampling strategy: sequential, unique conversations: 500, unique turn count: 1783
2026-08-11 04:05:35.836 - dataset_manager - INFO - Generating inputs.json file at /output/inputs.json
2026-08-11 04:05:35.842 - PhaseOrchestrator_3c08526e - INFO - Initialized 2 phase(s): ['Warmup', 'Profiling']
2026-08-11 04:05:35.848 - dataset_manager - INFO - inputs.json file generated in 0.01 seconds
2026-08-11 04:05:35.976 - dataset_manager - INFO - Dataset client initialized and freed 500 conversations from memory
2026-08-11 04:05:35.976 - dataset_manager - INFO - Dataset configured in 0.49 seconds
2026-08-11 04:05:35.977 - system_controller - INFO - All services configured in 3.54 seconds
2026-08-11 04:05:35.977 - system_controller - INFO - AIPerf System is CONFIGURED
2026-08-11 04:05:35.979 - system_controller - INFO - All services started profiling successfully
2026-08-11 04:05:35.979 - system_controller - INFO - AIPerf System is PROFILING
2026-08-11 04:05:35.984 - RateTiming - INFO - Creating interval generator: pattern=concurrency_burst, rate=None, smoothness=None
2026-08-11 04:05:35.984 - PhaseRunner - NOTICE - Phase warmup (warmup) started | phase_index=0 | target: 3 requests
2026-08-11 04:05:35.985 - records_manager - INFO - Credit phase start: warmup
2026-08-11 04:05:51.538 - PhaseRunner - NOTICE - Phase warmup (warmup) sending complete | sent=3, completed=1, in_flight=2 | sessions: sent=2, completed=0
2026-08-11 04:06:05.991 - PhaseRunner - INFO - Phase warmup progress | returned=2/3 | sent=3 | in_flight=1 | errors=0 | elapsed=30.0s
2026-08-11 04:06:12.684 - PhaseRunner - NOTICE - Phase warmup (warmup) complete | completed=3, cancelled=0, errors=0 | sessions: completed=1, cancelled=0 | elapsed=36.70s
2026-08-11 04:06:12.686 - RateTiming - INFO - Creating interval generator: pattern=concurrency_burst, rate=None, smoothness=None
2026-08-11 04:06:12.687 - PhaseRunner - NOTICE - Phase profiling (profiling) started | phase_index=1 | profiling_index=0 | target: 50 requests, 50 sessions
2026-08-11 04:06:12.688 - records_manager - INFO - Credit phase start: profiling
2026-08-11 04:06:54.306 - aiperf.metrics.types.osl_mismatch_metrics - WARNING - OSL mismatch: got 46 tokens (requested 49, diff -6.1%)
2026-08-11 04:07:51.525 - aiperf.metrics.types.osl_mismatch_metrics - WARNING - OSL mismatch: got 26 tokens (requested 29, diff -10.3%)
2026-08-11 04:13:05.359 - PhaseRunner - NOTICE - Phase profiling (profiling) sending complete | sent=50, completed=48, in_flight=2 | sessions: sent=16, completed=14
2026-08-11 04:13:05.360 - records_manager - INFO - Sent 50 requests. Waiting for all to complete...
2026-08-11 04:13:20.261 - PhaseRunner - NOTICE - Phase profiling (profiling) complete | completed=50, cancelled=0, errors=0 | sessions: completed=15, cancelled=0 | elapsed=427.57s
2026-08-11 04:13:20.262 - PhaseOrchestrator_3c08526e - NOTICE - All credits completed
2026-08-11 04:13:20.263 - system_controller - INFO - Received credits complete from 'timing_manager'
2026-08-11 04:13:20.263 - records_manager - INFO - Received CREDIT_PHASE_COMPLETE message, Phase complete: PhaseRecordsStats(phase=CreditPhase.PROFILING, phase_index=1, profiling_index=0, phase_name='profiling', phase_kind='profiling', start_ns=1786421172687020145, sent_end_ns=1786421585359187889, requests_end_ns=1786421600261437934, baseline_start_ns=1786421172686989105, baseline_end_ns=1786421600261452350, total_expected_requests=50, expected_duration_sec=None, expected_num_sessions=None, expected_grace_period_sec=None, final_requests_sent=None, final_requests_completed=50, final_requests_cancelled=0, final_request_errors=0, final_sent_sessions=None, final_completed_sessions=None, final_cancelled_sessions=None, timeout_triggered=False, grace_period_timeout_triggered=False, was_cancelled=False, records_end_ns=None, success_records=49, error_records=0)
2026-08-11 04:13:20.263 - records_manager - NOTICE - All requests have completed, please wait for the results to be processed (currently 49 of 50 records processed)...
2026-08-11 04:13:20.264 - records_manager - INFO - All credits complete, please wait for the results to be processed...
2026-08-11 04:13:20.269 - records_manager - INFO - Processed 50 valid requests and 0 errors (50 total).
2026-08-11 04:13:20.269 - records_manager - INFO - Received all records, processing now...
2026-08-11 04:13:20.270 - gpu_telemetry_manager - INFO - GPU Telemetry: Profiling complete, capturing final metrics...
2026-08-11 04:13:20.271 - records_manager - INFO - Waiting 2.0s for server metrics flush period...
2026-08-11 04:13:22.262 - records_manager - INFO - Processing records results...
2026-08-11 04:13:22.349 - records_manager - INFO - _finalize_and_process_results completed
2026-08-11 04:13:22.350 - system_controller - INFO - Waiting for result domains: telemetry
2026-08-11 04:13:22.351 - system_controller - INFO - All results received, initiating shutdown
2026-08-11 04:13:22.954 - ExporterManager - INFO - Exporting all records
2026-08-11 04:13:22.994 - ExporterManager - INFO - Exporting console data
