2026-08-13 06:46:05.201 - aiperf.cli_runner._single_run - INFO - Starting AIPerf System
2026-08-13 06:46:05.659 - httpx - INFO - HTTP Request: GET https://huggingface.co/api/models/meta-models/Muse-Glimmer-30B "HTTP/1.1 200 OK"
2026-08-13 06:46:05.662 - aiperf.config.resolution.resolvers - INFO - [OK] Tokenizer meta-models/Muse-Glimmer-30B detected
2026-08-13 06:46:05.663 - aiperf.config.resolution.resolvers - INFO - 1 tokenizer validated | 0.4s
2026-08-13 06:46:05.663 - aiperf.config.resolution.resolvers - INFO - Prefetching 1 tokenizer into HF cache...
2026-08-13 06:46:06.498 - httpx - INFO - HTTP Request: HEAD https://huggingface.co/meta-models/Muse-Glimmer-30B/resolve/main/config.json "HTTP/1.1 307 Temporary Redirect"
2026-08-13 06:46:06.511 - httpx - INFO - HTTP Request: HEAD https://huggingface.co/api/resolve-cache/models/meta-models/Muse-Glimmer-30B/a4e59da52a7bc87ae7251dd5545c0dd437c44b68/config.json "HTTP/1.1 200 OK"
2026-08-13 06:46:06.530 - httpx - INFO - HTTP Request: GET https://huggingface.co/api/resolve-cache/models/meta-models/Muse-Glimmer-30B/a4e59da52a7bc87ae7251dd5545c0dd437c44b68/config.json "HTTP/1.1 200 OK"
2026-08-13 06:46:06.676 - httpx - INFO - HTTP Request: HEAD https://huggingface.co/meta-models/Muse-Glimmer-30B/resolve/main/config.json "HTTP/1.1 307 Temporary Redirect"
2026-08-13 06:46:06.686 - httpx - INFO - HTTP Request: HEAD https://huggingface.co/api/resolve-cache/models/meta-models/Muse-Glimmer-30B/a4e59da52a7bc87ae7251dd5545c0dd437c44b68/config.json "HTTP/1.1 200 OK"
2026-08-13 06:46:06.765 - httpx - INFO - HTTP Request: HEAD https://huggingface.co/meta-models/Muse-Glimmer-30B/resolve/main/tokenizer_config.json "HTTP/1.1 307 Temporary Redirect"
2026-08-13 06:46:06.766 - huggingface_hub.utils._http - WARNING - Warning: You are sending unauthenticated requests to the HF Hub. Please set a HF_TOKEN to enable higher rate limits and faster downloads.
2026-08-13 06:46:06.774 - httpx - INFO - HTTP Request: HEAD https://huggingface.co/api/resolve-cache/models/meta-models/Muse-Glimmer-30B/a4e59da52a7bc87ae7251dd5545c0dd437c44b68/tokenizer_config.json "HTTP/1.1 200 OK"
2026-08-13 06:46:06.785 - httpx - INFO - HTTP Request: GET https://huggingface.co/api/resolve-cache/models/meta-models/Muse-Glimmer-30B/a4e59da52a7bc87ae7251dd5545c0dd437c44b68/tokenizer_config.json "HTTP/1.1 200 OK"
2026-08-13 06:46:06.873 - httpx - INFO - HTTP Request: GET https://huggingface.co/api/models/meta-models/Muse-Glimmer-30B/tree/main/additional_chat_templates?recursive=false&expand=false "HTTP/1.1 404 Not Found"
2026-08-13 06:46:06.958 - httpx - INFO - HTTP Request: GET https://huggingface.co/api/models/meta-models/Muse-Glimmer-30B/tree/main?recursive=true&expand=false "HTTP/1.1 200 OK"
2026-08-13 06:46:07.041 - httpx - INFO - HTTP Request: HEAD https://huggingface.co/meta-models/Muse-Glimmer-30B/resolve/main/tokenizer.json "HTTP/1.1 302 Found"
2026-08-13 06:46:07.134 - httpx - INFO - HTTP Request: GET https://huggingface.co/api/models/meta-models/Muse-Glimmer-30B/xet-read-token/a4e59da52a7bc87ae7251dd5545c0dd437c44b68 "HTTP/1.1 200 OK"
2026-08-13 06:46:08.309 - httpx - INFO - HTTP Request: HEAD https://huggingface.co/meta-models/Muse-Glimmer-30B/resolve/main/tokenizer.model "HTTP/1.1 404 Not Found"
2026-08-13 06:46:08.388 - httpx - INFO - HTTP Request: HEAD https://huggingface.co/meta-models/Muse-Glimmer-30B/resolve/main/added_tokens.json "HTTP/1.1 404 Not Found"
2026-08-13 06:46:08.474 - httpx - INFO - HTTP Request: HEAD https://huggingface.co/meta-models/Muse-Glimmer-30B/resolve/main/special_tokens_map.json "HTTP/1.1 404 Not Found"
2026-08-13 06:46:08.552 - httpx - INFO - HTTP Request: HEAD https://huggingface.co/meta-models/Muse-Glimmer-30B/resolve/main/chat_template.jinja "HTTP/1.1 307 Temporary Redirect"
2026-08-13 06:46:08.562 - httpx - INFO - HTTP Request: HEAD https://huggingface.co/api/resolve-cache/models/meta-models/Muse-Glimmer-30B/a4e59da52a7bc87ae7251dd5545c0dd437c44b68/chat_template.jinja "HTTP/1.1 200 OK"
2026-08-13 06:46:08.573 - httpx - INFO - HTTP Request: GET https://huggingface.co/api/resolve-cache/models/meta-models/Muse-Glimmer-30B/a4e59da52a7bc87ae7251dd5545c0dd437c44b68/chat_template.jinja "HTTP/1.1 200 OK"
2026-08-13 06:46:10.308 - httpx - INFO - HTTP Request: GET https://huggingface.co/api/models/meta-models/Muse-Glimmer-30B "HTTP/1.1 200 OK"
2026-08-13 06:46:10.403 - aiperf.config.resolution.resolvers - INFO -   Cached meta-models/Muse-Glimmer-30B (4.73s)
2026-08-13 06:46:10.463 - aiperf.config.resolution.resolvers - INFO - 1 tokenizer cached • 4.8s
2026-08-13 06:46:10.897 - server_metrics_manager - INFO - Server Metrics: Discovered 1 endpoints: ['http://localhost:30000/metrics']
2026-08-13 06:46:10.942 - GPUTelemetryJSONLWriter_538d2f43 - INFO - GPU telemetry export enabled: /output/gpu_telemetry_export.jsonl
2026-08-13 06:46:10.952 - OTelMetricsResultsProcessor_f271bd37 - INFO - Telemetry streaming is disabled (set --otel-url and/or --mlflow-tracking-uri to enable)
2026-08-13 06:46:10.955 - RecordExportJSONLWriter_f849c140 - INFO - Record metrics export enabled: /output/profile_export.jsonl
2026-08-13 06:46:10.963 - system_controller - INFO - Registered Gpu Telemetry Manager (id: 'gpu_telemetry_manager')
2026-08-13 06:46:10.968 - system_controller - INFO - Registered Worker Manager (id: 'worker_manager')
2026-08-13 06:46:11.063 - system_controller - INFO - Registered Dataset Manager (id: 'dataset_manager')
2026-08-13 06:46:11.065 - system_controller - INFO - Registered Server Metrics Manager (id: 'server_metrics_manager')
2026-08-13 06:46:11.066 - system_controller - INFO - Registered Records Manager (id: 'records_manager')
2026-08-13 06:46:11.180 - system_controller - INFO - Registered Timing Manager (id: 'timing_manager')
2026-08-13 06:46:11.237 - system_controller - INFO - Registered Record Processor (id: 'record_processor_1ad828df')
2026-08-13 06:46:11.238 - system_controller - INFO - Registered Record Processor (id: 'record_processor_ec29b8f7')
2026-08-13 06:46:11.238 - system_controller - INFO - Registered Record Processor (id: 'record_processor_eec970c6')
2026-08-13 06:46:11.346 - system_controller - INFO - AIPerf System is CONFIGURING
2026-08-13 06:46:11.346 - system_controller - INFO - Configuring all services to start profiling
2026-08-13 06:46:11.348 - timing_manager - INFO - Waiting for dataset to be configured before configuring timing
2026-08-13 06:46:11.348 - InferenceResultParser_dcc2a4e8 - INFO - Configuring tokenizers for inference result parser (resolve_alias: True)
2026-08-13 06:46:11.348 - InferenceResultParser_da688260 - INFO - Configuring tokenizers for inference result parser (resolve_alias: True)
2026-08-13 06:46:11.349 - InferenceResultParser_f9cf3a51 - INFO - Configuring tokenizers for inference result parser (resolve_alias: True)
2026-08-13 06:46:11.350 - dataset_manager - INFO - Configuring tokenizer(s) for dataset manager
2026-08-13 06:46:11.355 - system_controller - INFO - Server metrics disabled - no Prometheus endpoints reachable
2026-08-13 06:46:11.355 - system_controller - INFO - Waiting for result domains: profile, telemetry
2026-08-13 06:46:11.386 - gpu_telemetry_manager - INFO - GPU Telemetry: Capturing baseline metrics from pynvml://localhost
2026-08-13 06:46:11.396 - pynvml_collector - INFO - PyNVML initialized with 1 GPU(s) (0 with GPM support)
2026-08-13 06:46:11.411 - system_controller - INFO - DCGM telemetry enabled - 1/1 endpoint(s) reachable
2026-08-13 06:46:11.419 - system_controller - INFO - Registered Worker (id: 'worker_3db74028')
2026-08-13 06:46:11.419 - system_controller - INFO - Registered Worker (id: 'worker_7337bbd8')
2026-08-13 06:46:11.430 - system_controller - INFO - Registered Worker (id: 'worker_2bae50f7')
2026-08-13 06:46:11.453 - system_controller - INFO - Registered Worker (id: 'worker_74a00d08')
2026-08-13 06:46:11.453 - system_controller - INFO - Registered Worker (id: 'worker_46e88b6b')
2026-08-13 06:46:11.453 - system_controller - INFO - Registered Worker (id: 'worker_485a2d79')
2026-08-13 06:46:11.462 - system_controller - INFO - Registered Worker (id: 'worker_0893f016')
2026-08-13 06:46:11.469 - system_controller - INFO - Registered Worker (id: 'worker_ccd396f9')
2026-08-13 06:46:11.484 - system_controller - INFO - Registered Worker (id: 'worker_bcb2db8c')
2026-08-13 06:46:11.492 - system_controller - INFO - Registered Worker (id: 'worker_fda83500')
2026-08-13 06:46:11.497 - system_controller - INFO - Registered Worker (id: 'worker_349f49ed')
2026-08-13 06:46:11.513 - system_controller - INFO - Registered Worker (id: 'worker_df1983d3')
2026-08-13 06:46:11.534 - system_controller - INFO - Registered Worker (id: 'worker_5b6adcfd')
2026-08-13 06:46:11.534 - system_controller - INFO - Registered Worker (id: 'worker_6fcb9208')
2026-08-13 06:46:11.899 - httpx - INFO - HTTP Request: HEAD https://huggingface.co/meta-models/Muse-Glimmer-30B/resolve/main/config.json "HTTP/1.1 307 Temporary Redirect"
2026-08-13 06:46:11.900 - huggingface_hub.utils._http - WARNING - Warning: You are sending unauthenticated requests to the HF Hub. Please set a HF_TOKEN to enable higher rate limits and faster downloads.
2026-08-13 06:46:11.907 - httpx - INFO - HTTP Request: HEAD https://huggingface.co/meta-models/Muse-Glimmer-30B/resolve/main/config.json "HTTP/1.1 307 Temporary Redirect"
2026-08-13 06:46:11.907 - httpx - INFO - HTTP Request: HEAD https://huggingface.co/meta-models/Muse-Glimmer-30B/resolve/main/config.json "HTTP/1.1 307 Temporary Redirect"
2026-08-13 06:46:11.907 - huggingface_hub.utils._http - WARNING - Warning: You are sending unauthenticated requests to the HF Hub. Please set a HF_TOKEN to enable higher rate limits and faster downloads.
2026-08-13 06:46:11.907 - huggingface_hub.utils._http - WARNING - Warning: You are sending unauthenticated requests to the HF Hub. Please set a HF_TOKEN to enable higher rate limits and faster downloads.
2026-08-13 06:46:11.913 - httpx - INFO - HTTP Request: HEAD https://huggingface.co/api/resolve-cache/models/meta-models/Muse-Glimmer-30B/a4e59da52a7bc87ae7251dd5545c0dd437c44b68/config.json "HTTP/1.1 200 OK"
2026-08-13 06:46:11.915 - httpx - INFO - HTTP Request: HEAD https://huggingface.co/api/resolve-cache/models/meta-models/Muse-Glimmer-30B/a4e59da52a7bc87ae7251dd5545c0dd437c44b68/config.json "HTTP/1.1 200 OK"
2026-08-13 06:46:11.916 - httpx - INFO - HTTP Request: HEAD https://huggingface.co/api/resolve-cache/models/meta-models/Muse-Glimmer-30B/a4e59da52a7bc87ae7251dd5545c0dd437c44b68/config.json "HTTP/1.1 200 OK"
2026-08-13 06:46:11.946 - httpx - INFO - HTTP Request: HEAD https://huggingface.co/meta-models/Muse-Glimmer-30B/resolve/main/config.json "HTTP/1.1 307 Temporary Redirect"
2026-08-13 06:46:11.946 - huggingface_hub.utils._http - WARNING - Warning: You are sending unauthenticated requests to the HF Hub. Please set a HF_TOKEN to enable higher rate limits and faster downloads.
2026-08-13 06:46:11.958 - httpx - INFO - HTTP Request: HEAD https://huggingface.co/api/resolve-cache/models/meta-models/Muse-Glimmer-30B/a4e59da52a7bc87ae7251dd5545c0dd437c44b68/config.json "HTTP/1.1 200 OK"
2026-08-13 06:46:11.997 - httpx - INFO - HTTP Request: HEAD https://huggingface.co/meta-models/Muse-Glimmer-30B/resolve/main/config.json "HTTP/1.1 307 Temporary Redirect"
2026-08-13 06:46:11.997 - httpx - INFO - HTTP Request: HEAD https://huggingface.co/meta-models/Muse-Glimmer-30B/resolve/main/config.json "HTTP/1.1 307 Temporary Redirect"
2026-08-13 06:46:11.997 - httpx - INFO - HTTP Request: HEAD https://huggingface.co/meta-models/Muse-Glimmer-30B/resolve/main/config.json "HTTP/1.1 307 Temporary Redirect"
2026-08-13 06:46:12.008 - httpx - INFO - HTTP Request: HEAD https://huggingface.co/api/resolve-cache/models/meta-models/Muse-Glimmer-30B/a4e59da52a7bc87ae7251dd5545c0dd437c44b68/config.json "HTTP/1.1 200 OK"
2026-08-13 06:46:12.008 - httpx - INFO - HTTP Request: HEAD https://huggingface.co/api/resolve-cache/models/meta-models/Muse-Glimmer-30B/a4e59da52a7bc87ae7251dd5545c0dd437c44b68/config.json "HTTP/1.1 200 OK"
2026-08-13 06:46:12.008 - httpx - INFO - HTTP Request: HEAD https://huggingface.co/api/resolve-cache/models/meta-models/Muse-Glimmer-30B/a4e59da52a7bc87ae7251dd5545c0dd437c44b68/config.json "HTTP/1.1 200 OK"
2026-08-13 06:46:12.038 - httpx - INFO - HTTP Request: HEAD https://huggingface.co/meta-models/Muse-Glimmer-30B/resolve/main/config.json "HTTP/1.1 307 Temporary Redirect"
2026-08-13 06:46:12.054 - httpx - INFO - HTTP Request: HEAD https://huggingface.co/api/resolve-cache/models/meta-models/Muse-Glimmer-30B/a4e59da52a7bc87ae7251dd5545c0dd437c44b68/config.json "HTTP/1.1 200 OK"
2026-08-13 06:46:12.091 - httpx - INFO - HTTP Request: HEAD https://huggingface.co/meta-models/Muse-Glimmer-30B/resolve/main/tokenizer_config.json "HTTP/1.1 307 Temporary Redirect"
2026-08-13 06:46:12.092 - httpx - INFO - HTTP Request: HEAD https://huggingface.co/meta-models/Muse-Glimmer-30B/resolve/main/tokenizer_config.json "HTTP/1.1 307 Temporary Redirect"
2026-08-13 06:46:12.095 - httpx - INFO - HTTP Request: HEAD https://huggingface.co/meta-models/Muse-Glimmer-30B/resolve/main/tokenizer_config.json "HTTP/1.1 307 Temporary Redirect"
2026-08-13 06:46:12.105 - httpx - INFO - HTTP Request: HEAD https://huggingface.co/api/resolve-cache/models/meta-models/Muse-Glimmer-30B/a4e59da52a7bc87ae7251dd5545c0dd437c44b68/tokenizer_config.json "HTTP/1.1 200 OK"
2026-08-13 06:46:12.105 - httpx - INFO - HTTP Request: HEAD https://huggingface.co/api/resolve-cache/models/meta-models/Muse-Glimmer-30B/a4e59da52a7bc87ae7251dd5545c0dd437c44b68/tokenizer_config.json "HTTP/1.1 200 OK"
2026-08-13 06:46:12.105 - httpx - INFO - HTTP Request: HEAD https://huggingface.co/api/resolve-cache/models/meta-models/Muse-Glimmer-30B/a4e59da52a7bc87ae7251dd5545c0dd437c44b68/tokenizer_config.json "HTTP/1.1 200 OK"
2026-08-13 06:46:12.143 - httpx - INFO - HTTP Request: HEAD https://huggingface.co/meta-models/Muse-Glimmer-30B/resolve/main/tokenizer_config.json "HTTP/1.1 307 Temporary Redirect"
2026-08-13 06:46:12.157 - httpx - INFO - HTTP Request: HEAD https://huggingface.co/api/resolve-cache/models/meta-models/Muse-Glimmer-30B/a4e59da52a7bc87ae7251dd5545c0dd437c44b68/tokenizer_config.json "HTTP/1.1 200 OK"
2026-08-13 06:46:12.185 - httpx - INFO - HTTP Request: GET https://huggingface.co/api/models/meta-models/Muse-Glimmer-30B/tree/main/additional_chat_templates?recursive=false&expand=false "HTTP/1.1 404 Not Found"
2026-08-13 06:46:12.185 - httpx - INFO - HTTP Request: GET https://huggingface.co/api/models/meta-models/Muse-Glimmer-30B/tree/main/additional_chat_templates?recursive=false&expand=false "HTTP/1.1 404 Not Found"
2026-08-13 06:46:12.199 - httpx - INFO - HTTP Request: GET https://huggingface.co/api/models/meta-models/Muse-Glimmer-30B/tree/main/additional_chat_templates?recursive=false&expand=false "HTTP/1.1 404 Not Found"
2026-08-13 06:46:12.269 - httpx - INFO - HTTP Request: GET https://huggingface.co/api/models/meta-models/Muse-Glimmer-30B/tree/main/additional_chat_templates?recursive=false&expand=false "HTTP/1.1 404 Not Found"
2026-08-13 06:46:12.270 - httpx - INFO - HTTP Request: GET https://huggingface.co/api/models/meta-models/Muse-Glimmer-30B/tree/main?recursive=true&expand=false "HTTP/1.1 200 OK"
2026-08-13 06:46:12.270 - httpx - INFO - HTTP Request: GET https://huggingface.co/api/models/meta-models/Muse-Glimmer-30B/tree/main?recursive=true&expand=false "HTTP/1.1 200 OK"
2026-08-13 06:46:12.284 - httpx - INFO - HTTP Request: GET https://huggingface.co/api/models/meta-models/Muse-Glimmer-30B/tree/main?recursive=true&expand=false "HTTP/1.1 200 OK"
2026-08-13 06:46:12.358 - httpx - INFO - HTTP Request: GET https://huggingface.co/api/models/meta-models/Muse-Glimmer-30B/tree/main?recursive=true&expand=false "HTTP/1.1 200 OK"
2026-08-13 06:46:14.158 - httpx - INFO - HTTP Request: GET https://huggingface.co/api/models/meta-models/Muse-Glimmer-30B "HTTP/1.1 200 OK"
2026-08-13 06:46:14.164 - httpx - INFO - HTTP Request: GET https://huggingface.co/api/models/meta-models/Muse-Glimmer-30B "HTTP/1.1 200 OK"
2026-08-13 06:46:14.175 - httpx - INFO - HTTP Request: GET https://huggingface.co/api/models/meta-models/Muse-Glimmer-30B "HTTP/1.1 200 OK"
2026-08-13 06:46:14.216 - dataset_manager - INFO - Tokenizer(s) configured in 2.87 seconds
2026-08-13 06:46:14.217 - dataset_manager - INFO - Configuring dataset for dataset_manager
2026-08-13 06:46:14.219 - httpx - INFO - HTTP Request: GET https://huggingface.co/api/models/meta-models/Muse-Glimmer-30B "HTTP/1.1 200 OK"
2026-08-13 06:46:14.227 - InferenceResultParser_da688260 - INFO - Initialized tokenizers: {'meta-models/Muse-Glimmer-30B': {'class': 'TokenizersBackend', 'name_or_path': 'meta-models/Muse-Glimmer-30B'}} in 2.88 seconds
2026-08-13 06:46:14.240 - InferenceResultParser_dcc2a4e8 - INFO - Initialized tokenizers: {'meta-models/Muse-Glimmer-30B': {'class': 'TokenizersBackend', 'name_or_path': 'meta-models/Muse-Glimmer-30B'}} in 2.89 seconds
2026-08-13 06:46:14.278 - InferenceResultParser_f9cf3a51 - INFO - Initialized tokenizers: {'meta-models/Muse-Glimmer-30B': {'class': 'TokenizersBackend', 'name_or_path': 'meta-models/Muse-Glimmer-30B'}} in 2.93 seconds
2026-08-13 06:46:14.495 - CustomDatasetComposer - INFO - Using explicit dataset format: multi_turn
2026-08-13 06:46:14.559 - MemoryMapDatasetBackingStore_5597d897 - INFO - Memory-mapped backing store initialized (streaming to /tmp/aiperf_mmap_220f97d6652a/dataset.dat)
2026-08-13 06:46:14.575 - MemoryMapDatasetBackingStore_5597d897 - INFO - Data file finalized: 500 conversations, 1.25 MB
2026-08-13 06:46:14.576 - MemoryMapDatasetBackingStore_5597d897 - INFO - Index file created: /tmp/aiperf_mmap_220f97d6652a/index.dat
2026-08-13 06:46:14.576 - dataset_manager - INFO - Backing store finalized: client_type=DatasetClientStoreType.MEMORY_MAP format=MemoryMapFormat.CONVERSATION data_file_path=PosixPath('/tmp/aiperf_mmap_220f97d6652a/dataset.dat') index_file_path=PosixPath('/tmp/aiperf_mmap_220f97d6652a/index.dat') conversation_count=500 total_size_bytes=1314737 compressed=False compressed_data_file_path=None compressed_index_file_path=None compressed_size_bytes=0
2026-08-13 06:46:14.584 - dataset_manager - INFO - sampling strategy: sequential, unique conversations: 500, unique turn count: 1783
2026-08-13 06:46:14.589 - dataset_manager - INFO - Generating inputs.json file at /output/inputs.json
2026-08-13 06:46:14.597 - system_controller - WARNING - Received command response for service we were not expecting: worker_7337bbd8. Ignoring.
2026-08-13 06:46:14.599 - system_controller - WARNING - Received command response for service we were not expecting: worker_2bae50f7. Ignoring.
2026-08-13 06:46:14.601 - PhaseOrchestrator_2de45cc4 - INFO - Initialized 2 phase(s): ['Warmup', 'Profiling']
2026-08-13 06:46:14.601 - dataset_manager - INFO - inputs.json file generated in 0.01 seconds
2026-08-13 06:46:14.602 - system_controller - WARNING - Received command response for service we were not expecting: worker_3db74028. Ignoring.
2026-08-13 06:46:14.723 - dataset_manager - INFO - Dataset client initialized and freed 500 conversations from memory
2026-08-13 06:46:14.723 - dataset_manager - INFO - Dataset configured in 0.51 seconds
2026-08-13 06:46:14.724 - system_controller - INFO - All services configured in 3.38 seconds
2026-08-13 06:46:14.724 - system_controller - INFO - AIPerf System is CONFIGURED
2026-08-13 06:46:14.726 - system_controller - INFO - All services started profiling successfully
2026-08-13 06:46:14.726 - system_controller - INFO - AIPerf System is PROFILING
2026-08-13 06:46:14.731 - RateTiming - INFO - Creating interval generator: pattern=concurrency_burst, rate=None, smoothness=None
2026-08-13 06:46:14.731 - PhaseRunner - NOTICE - Phase warmup (warmup) started | phase_index=0 | target: 3 requests
2026-08-13 06:46:14.732 - PhaseRunner - NOTICE - Phase warmup (warmup) sending complete | sent=3, completed=0, in_flight=3 | sessions: sent=3, completed=0
2026-08-13 06:46:14.732 - records_manager - INFO - Credit phase start: warmup
2026-08-13 06:46:44.745 - PhaseRunner - INFO - Phase warmup progress | returned=0/3 | sent=3 | in_flight=3 | errors=0 | elapsed=30.0s
2026-08-13 06:47:14.756 - PhaseRunner - INFO - Phase warmup progress | returned=1/3 | sent=3 | in_flight=2 | errors=0 | elapsed=60.0s
2026-08-13 06:47:43.296 - PhaseRunner - NOTICE - Phase warmup (warmup) complete | completed=3, cancelled=0, errors=0 | sessions: completed=1, cancelled=0 | elapsed=88.56s
2026-08-13 06:47:43.297 - RateTiming - INFO - Creating interval generator: pattern=concurrency_burst, rate=None, smoothness=None
2026-08-13 06:47:43.297 - PhaseRunner - NOTICE - Phase profiling (profiling) started | phase_index=1 | profiling_index=0 | target: 50 requests, 50 sessions
2026-08-13 06:47:43.299 - records_manager - INFO - Credit phase start: profiling
2026-08-13 06:48:35.767 - aiperf.metrics.types.osl_mismatch_metrics - WARNING - OSL mismatch: got 112 tokens (requested 775, diff -85.5%)
2026-08-13 06:48:51.611 - aiperf.metrics.types.osl_mismatch_metrics - WARNING - OSL mismatch: got 106 tokens (requested 782, diff -86.4%)
2026-08-13 06:48:57.367 - aiperf.metrics.types.osl_mismatch_metrics - WARNING - OSL mismatch: got 26 tokens (requested 583, diff -95.5%)
2026-08-13 06:49:02.388 - PhaseRunner - NOTICE - Phase profiling (profiling) sending complete | sent=50, completed=18, in_flight=32 | sessions: sent=34, completed=2
2026-08-13 06:49:02.389 - records_manager - INFO - Sent 50 requests. Waiting for all to complete...
2026-08-13 06:49:13.674 - aiperf.metrics.types.osl_mismatch_metrics - WARNING - OSL mismatch: got 119 tokens (requested 493, diff -75.9%)
2026-08-13 06:50:19.856 - PhaseRunner - NOTICE - Phase profiling (profiling) complete | completed=50, cancelled=0, errors=0 | sessions: completed=8, cancelled=0 | elapsed=156.56s
2026-08-13 06:50:19.857 - PhaseOrchestrator_2de45cc4 - NOTICE - All credits completed
2026-08-13 06:50:19.858 - system_controller - INFO - Received credits complete from 'timing_manager'
2026-08-13 06:50:19.858 - records_manager - INFO - Received CREDIT_PHASE_COMPLETE message, Phase complete: PhaseRecordsStats(phase=CreditPhase.PROFILING, phase_index=1, profiling_index=0, phase_name='profiling', phase_kind='profiling', start_ns=1786603663297893797, sent_end_ns=1786603742388102944, requests_end_ns=1786603819856453098, baseline_start_ns=1786603663297888389, baseline_end_ns=1786603819856466474, total_expected_requests=50, expected_duration_sec=None, expected_num_sessions=None, expected_grace_period_sec=None, final_requests_sent=None, final_requests_completed=50, final_requests_cancelled=0, final_request_errors=0, final_sent_sessions=None, final_completed_sessions=None, final_cancelled_sessions=None, timeout_triggered=False, grace_period_timeout_triggered=False, was_cancelled=False, records_end_ns=None, success_records=49, error_records=0)
2026-08-13 06:50:19.858 - records_manager - NOTICE - All requests have completed, please wait for the results to be processed (currently 49 of 50 records processed)...
2026-08-13 06:50:19.858 - records_manager - INFO - All credits complete, please wait for the results to be processed...
2026-08-13 06:50:19.867 - records_manager - INFO - Processed 50 valid requests and 0 errors (50 total).
2026-08-13 06:50:19.867 - records_manager - INFO - Received all records, processing now...
2026-08-13 06:50:19.869 - gpu_telemetry_manager - INFO - GPU Telemetry: Profiling complete, capturing final metrics...
2026-08-13 06:50:19.870 - records_manager - INFO - Waiting 2.0s for server metrics flush period...
2026-08-13 06:50:21.857 - records_manager - INFO - Processing records results...
2026-08-13 06:50:21.940 - records_manager - INFO - _finalize_and_process_results completed
2026-08-13 06:50:21.941 - system_controller - INFO - Waiting for result domains: telemetry
2026-08-13 06:50:21.941 - system_controller - INFO - All results received, initiating shutdown
2026-08-13 06:50:22.545 - ExporterManager - INFO - Exporting all records
2026-08-13 06:50:22.583 - ExporterManager - INFO - Exporting console data
