2026-08-13 07:55:41.769 - aiperf.cli_runner._single_run - INFO - Starting AIPerf System
2026-08-13 07:55:42.211 - httpx - INFO - HTTP Request: GET https://huggingface.co/api/models/meta-models/Muse-Glimmer-30B "HTTP/1.1 200 OK"
2026-08-13 07:55:42.217 - aiperf.config.resolution.resolvers - INFO - [OK] Tokenizer meta-models/Muse-Glimmer-30B detected
2026-08-13 07:55:42.217 - aiperf.config.resolution.resolvers - INFO - 1 tokenizer validated | 0.4s
2026-08-13 07:55:42.217 - aiperf.config.resolution.resolvers - INFO - Prefetching 1 tokenizer into HF cache...
2026-08-13 07:55:43.000 - httpx - INFO - HTTP Request: HEAD https://huggingface.co/meta-models/Muse-Glimmer-30B/resolve/main/config.json "HTTP/1.1 307 Temporary Redirect"
2026-08-13 07:55:43.000 - huggingface_hub.utils._http - WARNING - Warning: You are sending unauthenticated requests to the HF Hub. Please set a HF_TOKEN to enable higher rate limits and faster downloads.
2026-08-13 07:55:43.017 - httpx - INFO - HTTP Request: HEAD https://huggingface.co/api/resolve-cache/models/meta-models/Muse-Glimmer-30B/a4e59da52a7bc87ae7251dd5545c0dd437c44b68/config.json "HTTP/1.1 200 OK"
2026-08-13 07:55:43.037 - httpx - INFO - HTTP Request: GET https://huggingface.co/api/resolve-cache/models/meta-models/Muse-Glimmer-30B/a4e59da52a7bc87ae7251dd5545c0dd437c44b68/config.json "HTTP/1.1 200 OK"
2026-08-13 07:55:43.115 - httpx - INFO - HTTP Request: HEAD https://huggingface.co/meta-models/Muse-Glimmer-30B/resolve/main/config.json "HTTP/1.1 307 Temporary Redirect"
2026-08-13 07:55:43.127 - httpx - INFO - HTTP Request: HEAD https://huggingface.co/api/resolve-cache/models/meta-models/Muse-Glimmer-30B/a4e59da52a7bc87ae7251dd5545c0dd437c44b68/config.json "HTTP/1.1 200 OK"
2026-08-13 07:55:43.210 - httpx - INFO - HTTP Request: HEAD https://huggingface.co/meta-models/Muse-Glimmer-30B/resolve/main/tokenizer_config.json "HTTP/1.1 307 Temporary Redirect"
2026-08-13 07:55:43.222 - httpx - INFO - HTTP Request: HEAD https://huggingface.co/api/resolve-cache/models/meta-models/Muse-Glimmer-30B/a4e59da52a7bc87ae7251dd5545c0dd437c44b68/tokenizer_config.json "HTTP/1.1 200 OK"
2026-08-13 07:55:43.231 - httpx - INFO - HTTP Request: GET https://huggingface.co/api/resolve-cache/models/meta-models/Muse-Glimmer-30B/a4e59da52a7bc87ae7251dd5545c0dd437c44b68/tokenizer_config.json "HTTP/1.1 200 OK"
2026-08-13 07:55:43.326 - httpx - INFO - HTTP Request: GET https://huggingface.co/api/models/meta-models/Muse-Glimmer-30B/tree/main/additional_chat_templates?recursive=false&expand=false "HTTP/1.1 404 Not Found"
2026-08-13 07:55:43.417 - httpx - INFO - HTTP Request: GET https://huggingface.co/api/models/meta-models/Muse-Glimmer-30B/tree/main?recursive=true&expand=false "HTTP/1.1 200 OK"
2026-08-13 07:55:43.500 - httpx - INFO - HTTP Request: HEAD https://huggingface.co/meta-models/Muse-Glimmer-30B/resolve/main/tokenizer.json "HTTP/1.1 302 Found"
2026-08-13 07:55:43.586 - httpx - INFO - HTTP Request: GET https://huggingface.co/api/models/meta-models/Muse-Glimmer-30B/xet-read-token/a4e59da52a7bc87ae7251dd5545c0dd437c44b68 "HTTP/1.1 200 OK"
2026-08-13 07:55:44.691 - httpx - INFO - HTTP Request: HEAD https://huggingface.co/meta-models/Muse-Glimmer-30B/resolve/main/tokenizer.model "HTTP/1.1 404 Not Found"
2026-08-13 07:55:44.773 - httpx - INFO - HTTP Request: HEAD https://huggingface.co/meta-models/Muse-Glimmer-30B/resolve/main/added_tokens.json "HTTP/1.1 404 Not Found"
2026-08-13 07:55:44.854 - httpx - INFO - HTTP Request: HEAD https://huggingface.co/meta-models/Muse-Glimmer-30B/resolve/main/special_tokens_map.json "HTTP/1.1 404 Not Found"
2026-08-13 07:55:44.937 - httpx - INFO - HTTP Request: HEAD https://huggingface.co/meta-models/Muse-Glimmer-30B/resolve/main/chat_template.jinja "HTTP/1.1 307 Temporary Redirect"
2026-08-13 07:55:44.950 - httpx - INFO - HTTP Request: HEAD https://huggingface.co/api/resolve-cache/models/meta-models/Muse-Glimmer-30B/a4e59da52a7bc87ae7251dd5545c0dd437c44b68/chat_template.jinja "HTTP/1.1 200 OK"
2026-08-13 07:55:44.960 - httpx - INFO - HTTP Request: GET https://huggingface.co/api/resolve-cache/models/meta-models/Muse-Glimmer-30B/a4e59da52a7bc87ae7251dd5545c0dd437c44b68/chat_template.jinja "HTTP/1.1 200 OK"
2026-08-13 07:55:46.554 - httpx - INFO - HTTP Request: GET https://huggingface.co/api/models/meta-models/Muse-Glimmer-30B "HTTP/1.1 200 OK"
2026-08-13 07:55:46.634 - aiperf.config.resolution.resolvers - INFO -   Cached meta-models/Muse-Glimmer-30B (4.40s)
2026-08-13 07:55:46.709 - aiperf.config.resolution.resolvers - INFO - 1 tokenizer cached • 4.5s
2026-08-13 07:55:47.129 - server_metrics_manager - INFO - Server Metrics: Discovered 1 endpoints: ['http://localhost:30000/metrics']
2026-08-13 07:55:47.160 - GPUTelemetryJSONLWriter_6595c76e - INFO - GPU telemetry export enabled: /output/gpu_telemetry_export.jsonl
2026-08-13 07:55:47.169 - OTelMetricsResultsProcessor_805a2dd7 - INFO - Telemetry streaming is disabled (set --otel-url and/or --mlflow-tracking-uri to enable)
2026-08-13 07:55:47.172 - RecordExportJSONLWriter_f7a5a576 - INFO - Record metrics export enabled: /output/profile_export.jsonl
2026-08-13 07:55:47.199 - system_controller - INFO - Registered Worker Manager (id: 'worker_manager')
2026-08-13 07:55:47.200 - system_controller - INFO - Registered Gpu Telemetry Manager (id: 'gpu_telemetry_manager')
2026-08-13 07:55:47.273 - system_controller - INFO - Registered Dataset Manager (id: 'dataset_manager')
2026-08-13 07:55:47.274 - system_controller - INFO - Registered Server Metrics Manager (id: 'server_metrics_manager')
2026-08-13 07:55:47.280 - system_controller - INFO - Registered Records Manager (id: 'records_manager')
2026-08-13 07:55:47.335 - system_controller - INFO - Registered Record Processor (id: 'record_processor_0fcba9b1')
2026-08-13 07:55:47.437 - system_controller - INFO - Registered Record Processor (id: 'record_processor_0d63d4f6')
2026-08-13 07:55:47.438 - system_controller - INFO - Registered Record Processor (id: 'record_processor_ccd55d0e')
2026-08-13 07:55:47.453 - system_controller - INFO - Registered Timing Manager (id: 'timing_manager')
2026-08-13 07:55:47.575 - system_controller - INFO - AIPerf System is CONFIGURING
2026-08-13 07:55:47.575 - system_controller - INFO - Configuring all services to start profiling
2026-08-13 07:55:47.577 - InferenceResultParser_1d0788a1 - INFO - Configuring tokenizers for inference result parser (resolve_alias: True)
2026-08-13 07:55:47.577 - InferenceResultParser_90f0e8d0 - INFO - Configuring tokenizers for inference result parser (resolve_alias: True)
2026-08-13 07:55:47.577 - timing_manager - INFO - Waiting for dataset to be configured before configuring timing
2026-08-13 07:55:47.578 - dataset_manager - INFO - Configuring tokenizer(s) for dataset manager
2026-08-13 07:55:47.579 - InferenceResultParser_1a816acd - INFO - Configuring tokenizers for inference result parser (resolve_alias: True)
2026-08-13 07:55:47.584 - system_controller - INFO - Server metrics disabled - no Prometheus endpoints reachable
2026-08-13 07:55:47.584 - system_controller - INFO - Waiting for result domains: profile, telemetry
2026-08-13 07:55:47.605 - gpu_telemetry_manager - INFO - GPU Telemetry: Capturing baseline metrics from pynvml://localhost
2026-08-13 07:55:47.611 - system_controller - INFO - Registered Worker (id: 'worker_ecc9bb59')
2026-08-13 07:55:47.615 - pynvml_collector - INFO - PyNVML initialized with 1 GPU(s) (0 with GPM support)
2026-08-13 07:55:47.630 - system_controller - INFO - Registered Worker (id: 'worker_56af1854')
2026-08-13 07:55:47.633 - system_controller - INFO - DCGM telemetry enabled - 1/1 endpoint(s) reachable
2026-08-13 07:55:47.655 - system_controller - INFO - Registered Worker (id: 'worker_6194cf63')
2026-08-13 07:55:47.666 - system_controller - INFO - Registered Worker (id: 'worker_e4feca34')
2026-08-13 07:55:47.680 - system_controller - INFO - Registered Worker (id: 'worker_0fc82e97')
2026-08-13 07:55:47.685 - system_controller - INFO - Registered Worker (id: 'worker_7708ea0d')
2026-08-13 07:55:47.699 - system_controller - INFO - Registered Worker (id: 'worker_ff9b270b')
2026-08-13 07:55:47.703 - system_controller - INFO - Registered Worker (id: 'worker_c4091ef3')
2026-08-13 07:55:47.716 - system_controller - INFO - Registered Worker (id: 'worker_5606abf6')
2026-08-13 07:55:47.716 - system_controller - INFO - Registered Worker (id: 'worker_aa98a66d')
2026-08-13 07:55:47.718 - system_controller - INFO - Registered Worker (id: 'worker_0040a3b1')
2026-08-13 07:55:47.751 - system_controller - INFO - Registered Worker (id: 'worker_fc8cf01c')
2026-08-13 07:55:47.751 - system_controller - INFO - Registered Worker (id: 'worker_cd632966')
2026-08-13 07:55:47.752 - system_controller - INFO - Registered Worker (id: 'worker_8f6b3ad3')
2026-08-13 07:55:48.126 - httpx - INFO - HTTP Request: HEAD https://huggingface.co/meta-models/Muse-Glimmer-30B/resolve/main/config.json "HTTP/1.1 307 Temporary Redirect"
2026-08-13 07:55:48.126 - httpx - INFO - HTTP Request: HEAD https://huggingface.co/meta-models/Muse-Glimmer-30B/resolve/main/config.json "HTTP/1.1 307 Temporary Redirect"
2026-08-13 07:55:48.127 - huggingface_hub.utils._http - WARNING - Warning: You are sending unauthenticated requests to the HF Hub. Please set a HF_TOKEN to enable higher rate limits and faster downloads.
2026-08-13 07:55:48.135 - httpx - INFO - HTTP Request: HEAD https://huggingface.co/api/resolve-cache/models/meta-models/Muse-Glimmer-30B/a4e59da52a7bc87ae7251dd5545c0dd437c44b68/config.json "HTTP/1.1 200 OK"
2026-08-13 07:55:48.140 - httpx - INFO - HTTP Request: HEAD https://huggingface.co/api/resolve-cache/models/meta-models/Muse-Glimmer-30B/a4e59da52a7bc87ae7251dd5545c0dd437c44b68/config.json "HTTP/1.1 200 OK"
2026-08-13 07:55:48.142 - httpx - INFO - HTTP Request: HEAD https://huggingface.co/meta-models/Muse-Glimmer-30B/resolve/main/config.json "HTTP/1.1 307 Temporary Redirect"
2026-08-13 07:55:48.143 - huggingface_hub.utils._http - WARNING - Warning: You are sending unauthenticated requests to the HF Hub. Please set a HF_TOKEN to enable higher rate limits and faster downloads.
2026-08-13 07:55:48.147 - httpx - INFO - HTTP Request: HEAD https://huggingface.co/meta-models/Muse-Glimmer-30B/resolve/main/config.json "HTTP/1.1 307 Temporary Redirect"
2026-08-13 07:55:48.147 - huggingface_hub.utils._http - WARNING - Warning: You are sending unauthenticated requests to the HF Hub. Please set a HF_TOKEN to enable higher rate limits and faster downloads.
2026-08-13 07:55:48.152 - httpx - INFO - HTTP Request: HEAD https://huggingface.co/api/resolve-cache/models/meta-models/Muse-Glimmer-30B/a4e59da52a7bc87ae7251dd5545c0dd437c44b68/config.json "HTTP/1.1 200 OK"
2026-08-13 07:55:48.160 - httpx - INFO - HTTP Request: HEAD https://huggingface.co/api/resolve-cache/models/meta-models/Muse-Glimmer-30B/a4e59da52a7bc87ae7251dd5545c0dd437c44b68/config.json "HTTP/1.1 200 OK"
2026-08-13 07:55:48.218 - httpx - INFO - HTTP Request: HEAD https://huggingface.co/meta-models/Muse-Glimmer-30B/resolve/main/config.json "HTTP/1.1 307 Temporary Redirect"
2026-08-13 07:55:48.218 - huggingface_hub.utils._http - WARNING - Warning: You are sending unauthenticated requests to the HF Hub. Please set a HF_TOKEN to enable higher rate limits and faster downloads.
2026-08-13 07:55:48.231 - httpx - INFO - HTTP Request: HEAD https://huggingface.co/api/resolve-cache/models/meta-models/Muse-Glimmer-30B/a4e59da52a7bc87ae7251dd5545c0dd437c44b68/config.json "HTTP/1.1 200 OK"
2026-08-13 07:55:48.232 - httpx - INFO - HTTP Request: HEAD https://huggingface.co/meta-models/Muse-Glimmer-30B/resolve/main/config.json "HTTP/1.1 307 Temporary Redirect"
2026-08-13 07:55:48.232 - httpx - INFO - HTTP Request: HEAD https://huggingface.co/meta-models/Muse-Glimmer-30B/resolve/main/config.json "HTTP/1.1 307 Temporary Redirect"
2026-08-13 07:55:48.244 - httpx - INFO - HTTP Request: HEAD https://huggingface.co/api/resolve-cache/models/meta-models/Muse-Glimmer-30B/a4e59da52a7bc87ae7251dd5545c0dd437c44b68/config.json "HTTP/1.1 200 OK"
2026-08-13 07:55:48.244 - httpx - INFO - HTTP Request: HEAD https://huggingface.co/api/resolve-cache/models/meta-models/Muse-Glimmer-30B/a4e59da52a7bc87ae7251dd5545c0dd437c44b68/config.json "HTTP/1.1 200 OK"
2026-08-13 07:55:48.251 - httpx - INFO - HTTP Request: HEAD https://huggingface.co/meta-models/Muse-Glimmer-30B/resolve/main/config.json "HTTP/1.1 307 Temporary Redirect"
2026-08-13 07:55:48.259 - httpx - INFO - HTTP Request: HEAD https://huggingface.co/api/resolve-cache/models/meta-models/Muse-Glimmer-30B/a4e59da52a7bc87ae7251dd5545c0dd437c44b68/config.json "HTTP/1.1 200 OK"
2026-08-13 07:55:48.315 - httpx - INFO - HTTP Request: HEAD https://huggingface.co/meta-models/Muse-Glimmer-30B/resolve/main/tokenizer_config.json "HTTP/1.1 307 Temporary Redirect"
2026-08-13 07:55:48.325 - httpx - INFO - HTTP Request: HEAD https://huggingface.co/meta-models/Muse-Glimmer-30B/resolve/main/tokenizer_config.json "HTTP/1.1 307 Temporary Redirect"
2026-08-13 07:55:48.326 - httpx - INFO - HTTP Request: HEAD https://huggingface.co/api/resolve-cache/models/meta-models/Muse-Glimmer-30B/a4e59da52a7bc87ae7251dd5545c0dd437c44b68/tokenizer_config.json "HTTP/1.1 200 OK"
2026-08-13 07:55:48.327 - httpx - INFO - HTTP Request: HEAD https://huggingface.co/meta-models/Muse-Glimmer-30B/resolve/main/tokenizer_config.json "HTTP/1.1 307 Temporary Redirect"
2026-08-13 07:55:48.341 - httpx - INFO - HTTP Request: HEAD https://huggingface.co/api/resolve-cache/models/meta-models/Muse-Glimmer-30B/a4e59da52a7bc87ae7251dd5545c0dd437c44b68/tokenizer_config.json "HTTP/1.1 200 OK"
2026-08-13 07:55:48.341 - httpx - INFO - HTTP Request: HEAD https://huggingface.co/api/resolve-cache/models/meta-models/Muse-Glimmer-30B/a4e59da52a7bc87ae7251dd5545c0dd437c44b68/tokenizer_config.json "HTTP/1.1 200 OK"
2026-08-13 07:55:48.354 - httpx - INFO - HTTP Request: HEAD https://huggingface.co/meta-models/Muse-Glimmer-30B/resolve/main/tokenizer_config.json "HTTP/1.1 307 Temporary Redirect"
2026-08-13 07:55:48.365 - httpx - INFO - HTTP Request: HEAD https://huggingface.co/api/resolve-cache/models/meta-models/Muse-Glimmer-30B/a4e59da52a7bc87ae7251dd5545c0dd437c44b68/tokenizer_config.json "HTTP/1.1 200 OK"
2026-08-13 07:55:48.416 - httpx - INFO - HTTP Request: GET https://huggingface.co/api/models/meta-models/Muse-Glimmer-30B/tree/main/additional_chat_templates?recursive=false&expand=false "HTTP/1.1 404 Not Found"
2026-08-13 07:55:48.424 - httpx - INFO - HTTP Request: GET https://huggingface.co/api/models/meta-models/Muse-Glimmer-30B/tree/main/additional_chat_templates?recursive=false&expand=false "HTTP/1.1 404 Not Found"
2026-08-13 07:55:48.426 - httpx - INFO - HTTP Request: GET https://huggingface.co/api/models/meta-models/Muse-Glimmer-30B/tree/main/additional_chat_templates?recursive=false&expand=false "HTTP/1.1 404 Not Found"
2026-08-13 07:55:48.450 - httpx - INFO - HTTP Request: GET https://huggingface.co/api/models/meta-models/Muse-Glimmer-30B/tree/main/additional_chat_templates?recursive=false&expand=false "HTTP/1.1 404 Not Found"
2026-08-13 07:55:48.510 - httpx - INFO - HTTP Request: GET https://huggingface.co/api/models/meta-models/Muse-Glimmer-30B/tree/main?recursive=true&expand=false "HTTP/1.1 200 OK"
2026-08-13 07:55:48.510 - httpx - INFO - HTTP Request: GET https://huggingface.co/api/models/meta-models/Muse-Glimmer-30B/tree/main?recursive=true&expand=false "HTTP/1.1 200 OK"
2026-08-13 07:55:48.510 - httpx - INFO - HTTP Request: GET https://huggingface.co/api/models/meta-models/Muse-Glimmer-30B/tree/main?recursive=true&expand=false "HTTP/1.1 200 OK"
2026-08-13 07:55:48.534 - httpx - INFO - HTTP Request: GET https://huggingface.co/api/models/meta-models/Muse-Glimmer-30B/tree/main?recursive=true&expand=false "HTTP/1.1 200 OK"
2026-08-13 07:55:50.393 - httpx - INFO - HTTP Request: GET https://huggingface.co/api/models/meta-models/Muse-Glimmer-30B "HTTP/1.1 200 OK"
2026-08-13 07:55:50.393 - httpx - INFO - HTTP Request: GET https://huggingface.co/api/models/meta-models/Muse-Glimmer-30B "HTTP/1.1 200 OK"
2026-08-13 07:55:50.393 - httpx - INFO - HTTP Request: GET https://huggingface.co/api/models/meta-models/Muse-Glimmer-30B "HTTP/1.1 200 OK"
2026-08-13 07:55:50.404 - httpx - INFO - HTTP Request: GET https://huggingface.co/api/models/meta-models/Muse-Glimmer-30B "HTTP/1.1 200 OK"
2026-08-13 07:55:50.457 - InferenceResultParser_1a816acd - INFO - Initialized tokenizers: {'meta-models/Muse-Glimmer-30B': {'class': 'TokenizersBackend', 'name_or_path': 'meta-models/Muse-Glimmer-30B'}} in 2.88 seconds
2026-08-13 07:55:50.460 - dataset_manager - INFO - Tokenizer(s) configured in 2.88 seconds
2026-08-13 07:55:50.460 - dataset_manager - INFO - Configuring dataset for dataset_manager
2026-08-13 07:55:50.462 - InferenceResultParser_1d0788a1 - INFO - Initialized tokenizers: {'meta-models/Muse-Glimmer-30B': {'class': 'TokenizersBackend', 'name_or_path': 'meta-models/Muse-Glimmer-30B'}} in 2.88 seconds
2026-08-13 07:55:50.474 - InferenceResultParser_90f0e8d0 - INFO - Initialized tokenizers: {'meta-models/Muse-Glimmer-30B': {'class': 'TokenizersBackend', 'name_or_path': 'meta-models/Muse-Glimmer-30B'}} in 2.90 seconds
2026-08-13 07:55:50.770 - CustomDatasetComposer - INFO - Using explicit dataset format: multi_turn
2026-08-13 07:55:50.835 - MemoryMapDatasetBackingStore_3dbd1325 - INFO - Memory-mapped backing store initialized (streaming to /tmp/aiperf_mmap_5bbcdb31b312/dataset.dat)
2026-08-13 07:55:50.854 - MemoryMapDatasetBackingStore_3dbd1325 - INFO - Data file finalized: 500 conversations, 1.23 MB
2026-08-13 07:55:50.855 - MemoryMapDatasetBackingStore_3dbd1325 - INFO - Index file created: /tmp/aiperf_mmap_5bbcdb31b312/index.dat
2026-08-13 07:55:50.855 - dataset_manager - INFO - Backing store finalized: client_type=DatasetClientStoreType.MEMORY_MAP format=MemoryMapFormat.CONVERSATION data_file_path=PosixPath('/tmp/aiperf_mmap_5bbcdb31b312/dataset.dat') index_file_path=PosixPath('/tmp/aiperf_mmap_5bbcdb31b312/index.dat') conversation_count=500 total_size_bytes=1292786 compressed=False compressed_data_file_path=None compressed_index_file_path=None compressed_size_bytes=0
2026-08-13 07:55:50.864 - dataset_manager - INFO - sampling strategy: sequential, unique conversations: 500, unique turn count: 1783
2026-08-13 07:55:50.869 - dataset_manager - INFO - Generating inputs.json file at /output/inputs.json
2026-08-13 07:55:50.878 - PhaseOrchestrator_e0c240c0 - INFO - Initialized 2 phase(s): ['Warmup', 'Profiling']
2026-08-13 07:55:50.878 - system_controller - WARNING - Received command response for service we were not expecting: worker_56af1854. Ignoring.
2026-08-13 07:55:50.878 - system_controller - WARNING - Received command response for service we were not expecting: worker_6194cf63. Ignoring.
2026-08-13 07:55:50.880 - system_controller - WARNING - Received command response for service we were not expecting: worker_e4feca34. Ignoring.
2026-08-13 07:55:50.881 - system_controller - WARNING - Received command response for service we were not expecting: worker_ecc9bb59. Ignoring.
2026-08-13 07:55:50.882 - dataset_manager - INFO - inputs.json file generated in 0.01 seconds
2026-08-13 07:55:51.019 - dataset_manager - INFO - Dataset client initialized and freed 500 conversations from memory
2026-08-13 07:55:51.020 - dataset_manager - INFO - Dataset configured in 0.56 seconds
2026-08-13 07:55:51.021 - system_controller - INFO - All services configured in 3.45 seconds
2026-08-13 07:55:51.021 - system_controller - INFO - AIPerf System is CONFIGURED
2026-08-13 07:55:51.023 - system_controller - INFO - All services started profiling successfully
2026-08-13 07:55:51.023 - system_controller - INFO - AIPerf System is PROFILING
2026-08-13 07:55:51.025 - RateTiming - INFO - Creating interval generator: pattern=concurrency_burst, rate=None, smoothness=None
2026-08-13 07:55:51.025 - PhaseRunner - NOTICE - Phase warmup (warmup) started | phase_index=0 | target: 3 requests
2026-08-13 07:55:51.026 - PhaseRunner - NOTICE - Phase warmup (warmup) sending complete | sent=3, completed=0, in_flight=3 | sessions: sent=3, completed=0
2026-08-13 07:55:51.026 - records_manager - INFO - Credit phase start: warmup
2026-08-13 07:56:21.041 - PhaseRunner - INFO - Phase warmup progress | returned=2/3 | sent=3 | in_flight=1 | errors=0 | elapsed=30.0s
2026-08-13 07:56:51.051 - PhaseRunner - INFO - Phase warmup progress | returned=2/3 | sent=3 | in_flight=1 | errors=0 | elapsed=60.0s
2026-08-13 07:57:21.062 - PhaseRunner - INFO - Phase warmup progress | returned=2/3 | sent=3 | in_flight=1 | errors=0 | elapsed=90.0s
2026-08-13 07:57:21.901 - PhaseRunner - NOTICE - Phase warmup (warmup) complete | completed=3, cancelled=0, errors=0 | sessions: completed=0, cancelled=0 | elapsed=90.88s
2026-08-13 07:57:21.903 - RateTiming - INFO - Creating interval generator: pattern=concurrency_burst, rate=None, smoothness=None
2026-08-13 07:57:21.903 - PhaseRunner - NOTICE - Phase profiling (profiling) started | phase_index=1 | profiling_index=0 | target: 50 requests, 50 sessions
2026-08-13 07:57:21.904 - records_manager - INFO - Credit phase start: profiling
2026-08-13 07:57:21.906 - PhaseRunner - NOTICE - Phase profiling (profiling) sending complete | sent=50, completed=0, in_flight=50 | sessions: sent=50, completed=0
2026-08-13 07:57:21.908 - records_manager - INFO - Sent 50 requests. Waiting for all to complete...
2026-08-13 07:59:26.596 - PhaseRunner - NOTICE - Phase profiling (profiling) complete | completed=50, cancelled=0, errors=0 | sessions: completed=6, cancelled=0 | elapsed=124.69s
2026-08-13 07:59:26.597 - PhaseOrchestrator_e0c240c0 - NOTICE - All credits completed
2026-08-13 07:59:26.597 - system_controller - INFO - Received credits complete from 'timing_manager'
2026-08-13 07:59:26.598 - records_manager - INFO - Received CREDIT_PHASE_COMPLETE message, Phase complete: PhaseRecordsStats(phase=CreditPhase.PROFILING, phase_index=1, profiling_index=0, phase_name='profiling', phase_kind='profiling', start_ns=1786607841903412579, sent_end_ns=1786607841906602793, requests_end_ns=1786607966596194606, baseline_start_ns=1786607841903396595, baseline_end_ns=1786607966596209726, total_expected_requests=50, expected_duration_sec=None, expected_num_sessions=None, expected_grace_period_sec=None, final_requests_sent=None, final_requests_completed=50, final_requests_cancelled=0, final_request_errors=0, final_sent_sessions=None, final_completed_sessions=None, final_cancelled_sessions=None, timeout_triggered=False, grace_period_timeout_triggered=False, was_cancelled=False, records_end_ns=None, success_records=49, error_records=0)
2026-08-13 07:59:26.598 - records_manager - NOTICE - All requests have completed, please wait for the results to be processed (currently 49 of 50 records processed)...
2026-08-13 07:59:26.598 - records_manager - INFO - All credits complete, please wait for the results to be processed...
2026-08-13 07:59:26.606 - records_manager - INFO - Processed 50 valid requests and 0 errors (50 total).
2026-08-13 07:59:26.607 - records_manager - INFO - Received all records, processing now...
2026-08-13 07:59:26.608 - gpu_telemetry_manager - INFO - GPU Telemetry: Profiling complete, capturing final metrics...
2026-08-13 07:59:26.609 - records_manager - INFO - Waiting 2.0s for server metrics flush period...
2026-08-13 07:59:28.596 - records_manager - INFO - Processing records results...
2026-08-13 07:59:28.681 - records_manager - INFO - _finalize_and_process_results completed
2026-08-13 07:59:28.681 - system_controller - INFO - Waiting for result domains: telemetry
2026-08-13 07:59:28.681 - system_controller - INFO - All results received, initiating shutdown
2026-08-13 07:59:29.284 - ExporterManager - INFO - Exporting all records
2026-08-13 07:59:29.345 - ExporterManager - INFO - Exporting console data
