2026-08-13 02:47:14.629 - aiperf.cli_runner._single_run - INFO - Starting AIPerf System
2026-08-13 02:47:15.086 - httpx - INFO - HTTP Request: GET https://huggingface.co/api/models/meta-models/Muse-Glimmer-30B "HTTP/1.1 200 OK"
2026-08-13 02:47:15.093 - aiperf.config.resolution.resolvers - INFO - [OK] Tokenizer meta-models/Muse-Glimmer-30B detected
2026-08-13 02:47:15.093 - aiperf.config.resolution.resolvers - INFO - 1 tokenizer validated | 0.4s
2026-08-13 02:47:15.093 - aiperf.config.resolution.resolvers - INFO - Prefetching 1 tokenizer into HF cache...
2026-08-13 02:47:15.864 - httpx - INFO - HTTP Request: HEAD https://huggingface.co/meta-models/Muse-Glimmer-30B/resolve/main/config.json "HTTP/1.1 307 Temporary Redirect"
2026-08-13 02:47:15.864 - huggingface_hub.utils._http - WARNING - Warning: You are sending unauthenticated requests to the HF Hub. Please set a HF_TOKEN to enable higher rate limits and faster downloads.
2026-08-13 02:47:15.884 - httpx - INFO - HTTP Request: HEAD https://huggingface.co/api/resolve-cache/models/meta-models/Muse-Glimmer-30B/a4e59da52a7bc87ae7251dd5545c0dd437c44b68/config.json "HTTP/1.1 200 OK"
2026-08-13 02:47:15.902 - httpx - INFO - HTTP Request: GET https://huggingface.co/api/resolve-cache/models/meta-models/Muse-Glimmer-30B/a4e59da52a7bc87ae7251dd5545c0dd437c44b68/config.json "HTTP/1.1 200 OK"
2026-08-13 02:47:15.987 - httpx - INFO - HTTP Request: HEAD https://huggingface.co/meta-models/Muse-Glimmer-30B/resolve/main/config.json "HTTP/1.1 307 Temporary Redirect"
2026-08-13 02:47:15.998 - httpx - INFO - HTTP Request: HEAD https://huggingface.co/api/resolve-cache/models/meta-models/Muse-Glimmer-30B/a4e59da52a7bc87ae7251dd5545c0dd437c44b68/config.json "HTTP/1.1 200 OK"
2026-08-13 02:47:16.087 - httpx - INFO - HTTP Request: HEAD https://huggingface.co/meta-models/Muse-Glimmer-30B/resolve/main/tokenizer_config.json "HTTP/1.1 307 Temporary Redirect"
2026-08-13 02:47:16.099 - httpx - INFO - HTTP Request: HEAD https://huggingface.co/api/resolve-cache/models/meta-models/Muse-Glimmer-30B/a4e59da52a7bc87ae7251dd5545c0dd437c44b68/tokenizer_config.json "HTTP/1.1 200 OK"
2026-08-13 02:47:16.113 - httpx - INFO - HTTP Request: GET https://huggingface.co/api/resolve-cache/models/meta-models/Muse-Glimmer-30B/a4e59da52a7bc87ae7251dd5545c0dd437c44b68/tokenizer_config.json "HTTP/1.1 200 OK"
2026-08-13 02:47:16.201 - httpx - INFO - HTTP Request: GET https://huggingface.co/api/models/meta-models/Muse-Glimmer-30B/tree/main/additional_chat_templates?recursive=false&expand=false "HTTP/1.1 404 Not Found"
2026-08-13 02:47:16.285 - httpx - INFO - HTTP Request: GET https://huggingface.co/api/models/meta-models/Muse-Glimmer-30B/tree/main?recursive=true&expand=false "HTTP/1.1 200 OK"
2026-08-13 02:47:16.374 - httpx - INFO - HTTP Request: HEAD https://huggingface.co/meta-models/Muse-Glimmer-30B/resolve/main/tokenizer.json "HTTP/1.1 302 Found"
2026-08-13 02:47:16.467 - httpx - INFO - HTTP Request: GET https://huggingface.co/api/models/meta-models/Muse-Glimmer-30B/xet-read-token/a4e59da52a7bc87ae7251dd5545c0dd437c44b68 "HTTP/1.1 200 OK"
2026-08-13 02:47:17.477 - httpx - INFO - HTTP Request: HEAD https://huggingface.co/meta-models/Muse-Glimmer-30B/resolve/main/tokenizer.model "HTTP/1.1 404 Not Found"
2026-08-13 02:47:17.572 - httpx - INFO - HTTP Request: HEAD https://huggingface.co/meta-models/Muse-Glimmer-30B/resolve/main/added_tokens.json "HTTP/1.1 404 Not Found"
2026-08-13 02:47:17.686 - httpx - INFO - HTTP Request: HEAD https://huggingface.co/meta-models/Muse-Glimmer-30B/resolve/main/special_tokens_map.json "HTTP/1.1 404 Not Found"
2026-08-13 02:47:17.854 - httpx - INFO - HTTP Request: HEAD https://huggingface.co/meta-models/Muse-Glimmer-30B/resolve/main/chat_template.jinja "HTTP/1.1 307 Temporary Redirect"
2026-08-13 02:47:17.867 - httpx - INFO - HTTP Request: HEAD https://huggingface.co/api/resolve-cache/models/meta-models/Muse-Glimmer-30B/a4e59da52a7bc87ae7251dd5545c0dd437c44b68/chat_template.jinja "HTTP/1.1 200 OK"
2026-08-13 02:47:17.884 - httpx - INFO - HTTP Request: GET https://huggingface.co/api/resolve-cache/models/meta-models/Muse-Glimmer-30B/a4e59da52a7bc87ae7251dd5545c0dd437c44b68/chat_template.jinja "HTTP/1.1 200 OK"
2026-08-13 02:47:19.432 - httpx - INFO - HTTP Request: GET https://huggingface.co/api/models/meta-models/Muse-Glimmer-30B "HTTP/1.1 200 OK"
2026-08-13 02:47:19.520 - aiperf.config.resolution.resolvers - INFO -   Cached meta-models/Muse-Glimmer-30B (4.42s)
2026-08-13 02:47:19.564 - aiperf.config.resolution.resolvers - INFO - 1 tokenizer cached • 4.5s
2026-08-13 02:47:20.032 - server_metrics_manager - INFO - Server Metrics: Discovered 1 endpoints: ['http://localhost:30000/metrics']
2026-08-13 02:47:20.071 - GPUTelemetryJSONLWriter_5f3c9a64 - INFO - GPU telemetry export enabled: /output/gpu_telemetry_export.jsonl
2026-08-13 02:47:20.081 - OTelMetricsResultsProcessor_3f009a86 - INFO - Telemetry streaming is disabled (set --otel-url and/or --mlflow-tracking-uri to enable)
2026-08-13 02:47:20.084 - system_controller - INFO - Registered Gpu Telemetry Manager (id: 'gpu_telemetry_manager')
2026-08-13 02:47:20.085 - RecordExportJSONLWriter_a49494e2 - INFO - Record metrics export enabled: /output/profile_export.jsonl
2026-08-13 02:47:20.085 - system_controller - INFO - Registered Dataset Manager (id: 'dataset_manager')
2026-08-13 02:47:20.085 - system_controller - INFO - Registered Worker Manager (id: 'worker_manager')
2026-08-13 02:47:20.190 - system_controller - INFO - Registered Server Metrics Manager (id: 'server_metrics_manager')
2026-08-13 02:47:20.212 - system_controller - INFO - Registered Records Manager (id: 'records_manager')
2026-08-13 02:47:20.247 - system_controller - INFO - Registered Record Processor (id: 'record_processor_67a9a940')
2026-08-13 02:47:20.272 - system_controller - INFO - Registered Timing Manager (id: 'timing_manager')
2026-08-13 02:47:20.346 - system_controller - INFO - Registered Record Processor (id: 'record_processor_5019592f')
2026-08-13 02:47:20.350 - system_controller - INFO - Registered Record Processor (id: 'record_processor_95174db3')
2026-08-13 02:47:20.460 - system_controller - INFO - Registered Worker (id: 'worker_5352eb9c')
2026-08-13 02:47:20.461 - system_controller - INFO - AIPerf System is CONFIGURING
2026-08-13 02:47:20.461 - system_controller - INFO - Configuring all services to start profiling
2026-08-13 02:47:20.462 - system_controller - INFO - Registered Worker (id: 'worker_d7abe329')
2026-08-13 02:47:20.462 - InferenceResultParser_d6a98a4a - INFO - Configuring tokenizers for inference result parser (resolve_alias: True)
2026-08-13 02:47:20.462 - system_controller - INFO - Registered Worker (id: 'worker_407a27f1')
2026-08-13 02:47:20.463 - InferenceResultParser_808d467a - INFO - Configuring tokenizers for inference result parser (resolve_alias: True)
2026-08-13 02:47:20.463 - dataset_manager - INFO - Configuring tokenizer(s) for dataset manager
2026-08-13 02:47:20.464 - InferenceResultParser_9ffcad8e - INFO - Configuring tokenizers for inference result parser (resolve_alias: True)
2026-08-13 02:47:20.466 - timing_manager - INFO - Waiting for dataset to be configured before configuring timing
2026-08-13 02:47:20.471 - system_controller - INFO - Server metrics disabled - no Prometheus endpoints reachable
2026-08-13 02:47:20.472 - system_controller - INFO - Waiting for result domains: profile, telemetry
2026-08-13 02:47:20.485 - gpu_telemetry_manager - INFO - GPU Telemetry: Capturing baseline metrics from pynvml://localhost
2026-08-13 02:47:20.495 - pynvml_collector - INFO - PyNVML initialized with 1 GPU(s) (0 with GPM support)
2026-08-13 02:47:20.510 - system_controller - INFO - DCGM telemetry enabled - 1/1 endpoint(s) reachable
2026-08-13 02:47:20.538 - system_controller - INFO - Registered Worker (id: 'worker_89ca92ac')
2026-08-13 02:47:20.572 - system_controller - INFO - Registered Worker (id: 'worker_e380b565')
2026-08-13 02:47:20.572 - system_controller - INFO - Registered Worker (id: 'worker_96b2f63a')
2026-08-13 02:47:20.585 - system_controller - INFO - Registered Worker (id: 'worker_40d70fe4')
2026-08-13 02:47:20.585 - system_controller - INFO - Registered Worker (id: 'worker_659b283c')
2026-08-13 02:47:20.585 - system_controller - INFO - Registered Worker (id: 'worker_f637ccb9')
2026-08-13 02:47:20.589 - system_controller - INFO - Registered Worker (id: 'worker_630d6f96')
2026-08-13 02:47:20.611 - system_controller - INFO - Registered Worker (id: 'worker_754f785f')
2026-08-13 02:47:20.633 - system_controller - INFO - Registered Worker (id: 'worker_dfa6b983')
2026-08-13 02:47:20.649 - system_controller - INFO - Registered Worker (id: 'worker_309c6d28')
2026-08-13 02:47:20.650 - system_controller - INFO - Registered Worker (id: 'worker_c4f5b95a')
2026-08-13 02:47:21.031 - httpx - INFO - HTTP Request: HEAD https://huggingface.co/meta-models/Muse-Glimmer-30B/resolve/main/config.json "HTTP/1.1 307 Temporary Redirect"
2026-08-13 02:47:21.031 - httpx - INFO - HTTP Request: HEAD https://huggingface.co/meta-models/Muse-Glimmer-30B/resolve/main/config.json "HTTP/1.1 307 Temporary Redirect"
2026-08-13 02:47:21.032 - httpx - INFO - HTTP Request: HEAD https://huggingface.co/meta-models/Muse-Glimmer-30B/resolve/main/config.json "HTTP/1.1 307 Temporary Redirect"
2026-08-13 02:47:21.032 - huggingface_hub.utils._http - WARNING - Warning: You are sending unauthenticated requests to the HF Hub. Please set a HF_TOKEN to enable higher rate limits and faster downloads.
2026-08-13 02:47:21.032 - huggingface_hub.utils._http - WARNING - Warning: You are sending unauthenticated requests to the HF Hub. Please set a HF_TOKEN to enable higher rate limits and faster downloads.
2026-08-13 02:47:21.033 - httpx - INFO - HTTP Request: HEAD https://huggingface.co/meta-models/Muse-Glimmer-30B/resolve/main/config.json "HTTP/1.1 307 Temporary Redirect"
2026-08-13 02:47:21.033 - huggingface_hub.utils._http - WARNING - Warning: You are sending unauthenticated requests to the HF Hub. Please set a HF_TOKEN to enable higher rate limits and faster downloads.
2026-08-13 02:47:21.045 - httpx - INFO - HTTP Request: HEAD https://huggingface.co/api/resolve-cache/models/meta-models/Muse-Glimmer-30B/a4e59da52a7bc87ae7251dd5545c0dd437c44b68/config.json "HTTP/1.1 200 OK"
2026-08-13 02:47:21.045 - httpx - INFO - HTTP Request: HEAD https://huggingface.co/api/resolve-cache/models/meta-models/Muse-Glimmer-30B/a4e59da52a7bc87ae7251dd5545c0dd437c44b68/config.json "HTTP/1.1 200 OK"
2026-08-13 02:47:21.045 - httpx - INFO - HTTP Request: HEAD https://huggingface.co/api/resolve-cache/models/meta-models/Muse-Glimmer-30B/a4e59da52a7bc87ae7251dd5545c0dd437c44b68/config.json "HTTP/1.1 200 OK"
2026-08-13 02:47:21.045 - httpx - INFO - HTTP Request: HEAD https://huggingface.co/api/resolve-cache/models/meta-models/Muse-Glimmer-30B/a4e59da52a7bc87ae7251dd5545c0dd437c44b68/config.json "HTTP/1.1 200 OK"
2026-08-13 02:47:21.124 - httpx - INFO - HTTP Request: HEAD https://huggingface.co/meta-models/Muse-Glimmer-30B/resolve/main/config.json "HTTP/1.1 307 Temporary Redirect"
2026-08-13 02:47:21.129 - httpx - INFO - HTTP Request: HEAD https://huggingface.co/meta-models/Muse-Glimmer-30B/resolve/main/config.json "HTTP/1.1 307 Temporary Redirect"
2026-08-13 02:47:21.129 - httpx - INFO - HTTP Request: HEAD https://huggingface.co/meta-models/Muse-Glimmer-30B/resolve/main/config.json "HTTP/1.1 307 Temporary Redirect"
2026-08-13 02:47:21.129 - httpx - INFO - HTTP Request: HEAD https://huggingface.co/meta-models/Muse-Glimmer-30B/resolve/main/config.json "HTTP/1.1 307 Temporary Redirect"
2026-08-13 02:47:21.140 - httpx - INFO - HTTP Request: HEAD https://huggingface.co/api/resolve-cache/models/meta-models/Muse-Glimmer-30B/a4e59da52a7bc87ae7251dd5545c0dd437c44b68/config.json "HTTP/1.1 200 OK"
2026-08-13 02:47:21.141 - httpx - INFO - HTTP Request: HEAD https://huggingface.co/api/resolve-cache/models/meta-models/Muse-Glimmer-30B/a4e59da52a7bc87ae7251dd5545c0dd437c44b68/config.json "HTTP/1.1 200 OK"
2026-08-13 02:47:21.141 - httpx - INFO - HTTP Request: HEAD https://huggingface.co/api/resolve-cache/models/meta-models/Muse-Glimmer-30B/a4e59da52a7bc87ae7251dd5545c0dd437c44b68/config.json "HTTP/1.1 200 OK"
2026-08-13 02:47:21.141 - httpx - INFO - HTTP Request: HEAD https://huggingface.co/api/resolve-cache/models/meta-models/Muse-Glimmer-30B/a4e59da52a7bc87ae7251dd5545c0dd437c44b68/config.json "HTTP/1.1 200 OK"
2026-08-13 02:47:21.219 - httpx - INFO - HTTP Request: HEAD https://huggingface.co/meta-models/Muse-Glimmer-30B/resolve/main/tokenizer_config.json "HTTP/1.1 307 Temporary Redirect"
2026-08-13 02:47:21.219 - httpx - INFO - HTTP Request: HEAD https://huggingface.co/meta-models/Muse-Glimmer-30B/resolve/main/tokenizer_config.json "HTTP/1.1 307 Temporary Redirect"
2026-08-13 02:47:21.222 - httpx - INFO - HTTP Request: HEAD https://huggingface.co/meta-models/Muse-Glimmer-30B/resolve/main/tokenizer_config.json "HTTP/1.1 307 Temporary Redirect"
2026-08-13 02:47:21.222 - httpx - INFO - HTTP Request: HEAD https://huggingface.co/meta-models/Muse-Glimmer-30B/resolve/main/tokenizer_config.json "HTTP/1.1 307 Temporary Redirect"
2026-08-13 02:47:21.223 - huggingface_hub.utils._http - WARNING - Warning: You are sending unauthenticated requests to the HF Hub. Please set a HF_TOKEN to enable higher rate limits and faster downloads.
2026-08-13 02:47:21.234 - httpx - INFO - HTTP Request: HEAD https://huggingface.co/api/resolve-cache/models/meta-models/Muse-Glimmer-30B/a4e59da52a7bc87ae7251dd5545c0dd437c44b68/tokenizer_config.json "HTTP/1.1 200 OK"
2026-08-13 02:47:21.234 - httpx - INFO - HTTP Request: HEAD https://huggingface.co/api/resolve-cache/models/meta-models/Muse-Glimmer-30B/a4e59da52a7bc87ae7251dd5545c0dd437c44b68/tokenizer_config.json "HTTP/1.1 200 OK"
2026-08-13 02:47:21.234 - httpx - INFO - HTTP Request: HEAD https://huggingface.co/api/resolve-cache/models/meta-models/Muse-Glimmer-30B/a4e59da52a7bc87ae7251dd5545c0dd437c44b68/tokenizer_config.json "HTTP/1.1 200 OK"
2026-08-13 02:47:21.239 - httpx - INFO - HTTP Request: HEAD https://huggingface.co/api/resolve-cache/models/meta-models/Muse-Glimmer-30B/a4e59da52a7bc87ae7251dd5545c0dd437c44b68/tokenizer_config.json "HTTP/1.1 200 OK"
2026-08-13 02:47:21.315 - httpx - INFO - HTTP Request: GET https://huggingface.co/api/models/meta-models/Muse-Glimmer-30B/tree/main/additional_chat_templates?recursive=false&expand=false "HTTP/1.1 404 Not Found"
2026-08-13 02:47:21.315 - httpx - INFO - HTTP Request: GET https://huggingface.co/api/models/meta-models/Muse-Glimmer-30B/tree/main/additional_chat_templates?recursive=false&expand=false "HTTP/1.1 404 Not Found"
2026-08-13 02:47:21.356 - httpx - INFO - HTTP Request: GET https://huggingface.co/api/models/meta-models/Muse-Glimmer-30B/tree/main/additional_chat_templates?recursive=false&expand=false "HTTP/1.1 404 Not Found"
2026-08-13 02:47:21.361 - httpx - INFO - HTTP Request: GET https://huggingface.co/api/models/meta-models/Muse-Glimmer-30B/tree/main/additional_chat_templates?recursive=false&expand=false "HTTP/1.1 404 Not Found"
2026-08-13 02:47:21.397 - httpx - INFO - HTTP Request: GET https://huggingface.co/api/models/meta-models/Muse-Glimmer-30B/tree/main?recursive=true&expand=false "HTTP/1.1 200 OK"
2026-08-13 02:47:21.405 - httpx - INFO - HTTP Request: GET https://huggingface.co/api/models/meta-models/Muse-Glimmer-30B/tree/main?recursive=true&expand=false "HTTP/1.1 200 OK"
2026-08-13 02:47:21.444 - httpx - INFO - HTTP Request: GET https://huggingface.co/api/models/meta-models/Muse-Glimmer-30B/tree/main?recursive=true&expand=false "HTTP/1.1 200 OK"
2026-08-13 02:47:21.446 - httpx - INFO - HTTP Request: GET https://huggingface.co/api/models/meta-models/Muse-Glimmer-30B/tree/main?recursive=true&expand=false "HTTP/1.1 200 OK"
2026-08-13 02:47:23.220 - httpx - INFO - HTTP Request: GET https://huggingface.co/api/models/meta-models/Muse-Glimmer-30B "HTTP/1.1 200 OK"
2026-08-13 02:47:23.245 - httpx - INFO - HTTP Request: GET https://huggingface.co/api/models/meta-models/Muse-Glimmer-30B "HTTP/1.1 200 OK"
2026-08-13 02:47:23.269 - InferenceResultParser_d6a98a4a - INFO - Initialized tokenizers: {'meta-models/Muse-Glimmer-30B': {'class': 'TokenizersBackend', 'name_or_path': 'meta-models/Muse-Glimmer-30B'}} in 2.81 seconds
2026-08-13 02:47:23.282 - httpx - INFO - HTTP Request: GET https://huggingface.co/api/models/meta-models/Muse-Glimmer-30B "HTTP/1.1 200 OK"
2026-08-13 02:47:23.287 - httpx - INFO - HTTP Request: GET https://huggingface.co/api/models/meta-models/Muse-Glimmer-30B "HTTP/1.1 200 OK"
2026-08-13 02:47:23.300 - dataset_manager - INFO - Tokenizer(s) configured in 2.84 seconds
2026-08-13 02:47:23.300 - dataset_manager - INFO - Configuring dataset for dataset_manager
2026-08-13 02:47:23.339 - InferenceResultParser_9ffcad8e - INFO - Initialized tokenizers: {'meta-models/Muse-Glimmer-30B': {'class': 'TokenizersBackend', 'name_or_path': 'meta-models/Muse-Glimmer-30B'}} in 2.87 seconds
2026-08-13 02:47:23.345 - InferenceResultParser_808d467a - INFO - Initialized tokenizers: {'meta-models/Muse-Glimmer-30B': {'class': 'TokenizersBackend', 'name_or_path': 'meta-models/Muse-Glimmer-30B'}} in 2.88 seconds
2026-08-13 02:47:23.623 - CustomDatasetComposer - INFO - Using explicit dataset format: multi_turn
2026-08-13 02:47:23.685 - MemoryMapDatasetBackingStore_b98a57c9 - INFO - Memory-mapped backing store initialized (streaming to /tmp/aiperf_mmap_f56d6f5a5fa8/dataset.dat)
2026-08-13 02:47:23.700 - MemoryMapDatasetBackingStore_b98a57c9 - INFO - Data file finalized: 500 conversations, 1.23 MB
2026-08-13 02:47:23.700 - MemoryMapDatasetBackingStore_b98a57c9 - INFO - Index file created: /tmp/aiperf_mmap_f56d6f5a5fa8/index.dat
2026-08-13 02:47:23.700 - dataset_manager - INFO - Backing store finalized: client_type=DatasetClientStoreType.MEMORY_MAP format=MemoryMapFormat.CONVERSATION data_file_path=PosixPath('/tmp/aiperf_mmap_f56d6f5a5fa8/dataset.dat') index_file_path=PosixPath('/tmp/aiperf_mmap_f56d6f5a5fa8/index.dat') conversation_count=500 total_size_bytes=1284882 compressed=False compressed_data_file_path=None compressed_index_file_path=None compressed_size_bytes=0
2026-08-13 02:47:23.709 - dataset_manager - INFO - sampling strategy: sequential, unique conversations: 500, unique turn count: 1783
2026-08-13 02:47:23.713 - dataset_manager - INFO - Generating inputs.json file at /output/inputs.json
2026-08-13 02:47:23.720 - PhaseOrchestrator_00c95ab4 - INFO - Initialized 2 phase(s): ['Warmup', 'Profiling']
2026-08-13 02:47:23.721 - system_controller - WARNING - Received command response for service we were not expecting: worker_d7abe329. Ignoring.
2026-08-13 02:47:23.725 - dataset_manager - INFO - inputs.json file generated in 0.01 seconds
2026-08-13 02:47:23.725 - system_controller - WARNING - Received command response for service we were not expecting: worker_89ca92ac. Ignoring.
2026-08-13 02:47:23.725 - system_controller - WARNING - Received command response for service we were not expecting: worker_407a27f1. Ignoring.
2026-08-13 02:47:23.839 - dataset_manager - INFO - Dataset client initialized and freed 500 conversations from memory
2026-08-13 02:47:23.839 - dataset_manager - INFO - Dataset configured in 0.54 seconds
2026-08-13 02:47:23.840 - system_controller - INFO - All services configured in 3.38 seconds
2026-08-13 02:47:23.840 - system_controller - INFO - AIPerf System is CONFIGURED
2026-08-13 02:47:23.842 - system_controller - INFO - All services started profiling successfully
2026-08-13 02:47:23.842 - system_controller - INFO - AIPerf System is PROFILING
2026-08-13 02:47:23.846 - RateTiming - INFO - Creating interval generator: pattern=concurrency_burst, rate=None, smoothness=None
2026-08-13 02:47:23.847 - PhaseRunner - NOTICE - Phase warmup (warmup) started | phase_index=0 | target: 3 requests
2026-08-13 02:47:23.848 - PhaseRunner - NOTICE - Phase warmup (warmup) sending complete | sent=3, completed=0, in_flight=3 | sessions: sent=3, completed=0
2026-08-13 02:47:23.848 - records_manager - INFO - Credit phase start: warmup
2026-08-13 02:47:45.577 - PhaseRunner - NOTICE - Phase warmup (warmup) complete | completed=3, cancelled=0, errors=0 | sessions: completed=0, cancelled=0 | elapsed=21.73s
2026-08-13 02:47:45.579 - RateTiming - INFO - Creating interval generator: pattern=concurrency_burst, rate=None, smoothness=None
2026-08-13 02:47:45.579 - PhaseRunner - NOTICE - Phase profiling (profiling) started | phase_index=1 | profiling_index=0 | target: 50 requests, 50 sessions
2026-08-13 02:47:45.580 - records_manager - INFO - Credit phase start: profiling
2026-08-13 02:47:45.580 - PhaseRunner - NOTICE - Phase profiling (profiling) sending complete | sent=50, completed=0, in_flight=50 | sessions: sent=50, completed=0
2026-08-13 02:47:45.581 - records_manager - INFO - Sent 50 requests. Waiting for all to complete...
2026-08-13 02:48:24.904 - PhaseRunner - NOTICE - Phase profiling (profiling) complete | completed=50, cancelled=0, errors=0 | sessions: completed=11, cancelled=0 | elapsed=39.33s
2026-08-13 02:48:24.905 - PhaseOrchestrator_00c95ab4 - NOTICE - All credits completed
2026-08-13 02:48:24.906 - system_controller - INFO - Received credits complete from 'timing_manager'
2026-08-13 02:48:24.906 - records_manager - INFO - Received CREDIT_PHASE_COMPLETE message, Phase complete: PhaseRecordsStats(phase=CreditPhase.PROFILING, phase_index=1, profiling_index=0, phase_name='profiling', phase_kind='profiling', start_ns=1786589265579407549, sent_end_ns=1786589265580854499, requests_end_ns=1786589304904488825, baseline_start_ns=1786589265579397069, baseline_end_ns=1786589304904501561, total_expected_requests=50, expected_duration_sec=None, expected_num_sessions=None, expected_grace_period_sec=None, final_requests_sent=None, final_requests_completed=50, final_requests_cancelled=0, final_request_errors=0, final_sent_sessions=None, final_completed_sessions=None, final_cancelled_sessions=None, timeout_triggered=False, grace_period_timeout_triggered=False, was_cancelled=False, records_end_ns=None, success_records=49, error_records=0)
2026-08-13 02:48:24.907 - records_manager - NOTICE - All requests have completed, please wait for the results to be processed (currently 49 of 50 records processed)...
2026-08-13 02:48:24.907 - records_manager - INFO - All credits complete, please wait for the results to be processed...
2026-08-13 02:48:24.910 - records_manager - INFO - Processed 50 valid requests and 0 errors (50 total).
2026-08-13 02:48:24.910 - records_manager - INFO - Received all records, processing now...
2026-08-13 02:48:24.912 - gpu_telemetry_manager - INFO - GPU Telemetry: Profiling complete, capturing final metrics...
2026-08-13 02:48:24.913 - records_manager - INFO - Waiting 2.0s for server metrics flush period...
2026-08-13 02:48:26.905 - records_manager - INFO - Processing records results...
2026-08-13 02:48:26.990 - system_controller - INFO - Waiting for result domains: telemetry
2026-08-13 02:48:26.990 - system_controller - INFO - All results received, initiating shutdown
2026-08-13 02:48:26.991 - records_manager - INFO - _finalize_and_process_results completed
2026-08-13 02:48:27.595 - ExporterManager - INFO - Exporting all records
2026-08-13 02:48:27.634 - ExporterManager - INFO - Exporting console data
