2026-08-13 02:52:08.960 - aiperf.cli_runner._single_run - INFO - Starting AIPerf System
2026-08-13 02:52:09.402 - httpx - INFO - HTTP Request: GET https://huggingface.co/api/models/meta-models/Muse-Glimmer-30B "HTTP/1.1 200 OK"
2026-08-13 02:52:09.406 - aiperf.config.resolution.resolvers - INFO - [OK] Tokenizer meta-models/Muse-Glimmer-30B detected
2026-08-13 02:52:09.406 - aiperf.config.resolution.resolvers - INFO - 1 tokenizer validated | 0.4s
2026-08-13 02:52:09.406 - aiperf.config.resolution.resolvers - INFO - Prefetching 1 tokenizer into HF cache...
2026-08-13 02:52:10.179 - httpx - INFO - HTTP Request: HEAD https://huggingface.co/meta-models/Muse-Glimmer-30B/resolve/main/config.json "HTTP/1.1 307 Temporary Redirect"
2026-08-13 02:52:10.192 - httpx - INFO - HTTP Request: HEAD https://huggingface.co/api/resolve-cache/models/meta-models/Muse-Glimmer-30B/a4e59da52a7bc87ae7251dd5545c0dd437c44b68/config.json "HTTP/1.1 200 OK"
2026-08-13 02:52:10.209 - httpx - INFO - HTTP Request: GET https://huggingface.co/api/resolve-cache/models/meta-models/Muse-Glimmer-30B/a4e59da52a7bc87ae7251dd5545c0dd437c44b68/config.json "HTTP/1.1 200 OK"
2026-08-13 02:52:10.293 - httpx - INFO - HTTP Request: HEAD https://huggingface.co/meta-models/Muse-Glimmer-30B/resolve/main/config.json "HTTP/1.1 307 Temporary Redirect"
2026-08-13 02:52:10.309 - httpx - INFO - HTTP Request: HEAD https://huggingface.co/api/resolve-cache/models/meta-models/Muse-Glimmer-30B/a4e59da52a7bc87ae7251dd5545c0dd437c44b68/config.json "HTTP/1.1 200 OK"
2026-08-13 02:52:10.425 - httpx - INFO - HTTP Request: HEAD https://huggingface.co/meta-models/Muse-Glimmer-30B/resolve/main/tokenizer_config.json "HTTP/1.1 307 Temporary Redirect"
2026-08-13 02:52:10.439 - httpx - INFO - HTTP Request: HEAD https://huggingface.co/api/resolve-cache/models/meta-models/Muse-Glimmer-30B/a4e59da52a7bc87ae7251dd5545c0dd437c44b68/tokenizer_config.json "HTTP/1.1 200 OK"
2026-08-13 02:52:10.451 - httpx - INFO - HTTP Request: GET https://huggingface.co/api/resolve-cache/models/meta-models/Muse-Glimmer-30B/a4e59da52a7bc87ae7251dd5545c0dd437c44b68/tokenizer_config.json "HTTP/1.1 200 OK"
2026-08-13 02:52:10.536 - httpx - INFO - HTTP Request: GET https://huggingface.co/api/models/meta-models/Muse-Glimmer-30B/tree/main/additional_chat_templates?recursive=false&expand=false "HTTP/1.1 404 Not Found"
2026-08-13 02:52:10.620 - httpx - INFO - HTTP Request: GET https://huggingface.co/api/models/meta-models/Muse-Glimmer-30B/tree/main?recursive=true&expand=false "HTTP/1.1 200 OK"
2026-08-13 02:52:10.709 - httpx - INFO - HTTP Request: HEAD https://huggingface.co/meta-models/Muse-Glimmer-30B/resolve/main/tokenizer.json "HTTP/1.1 302 Found"
2026-08-13 02:52:10.709 - huggingface_hub.utils._http - WARNING - Warning: You are sending unauthenticated requests to the HF Hub. Please set a HF_TOKEN to enable higher rate limits and faster downloads.
2026-08-13 02:52:10.799 - httpx - INFO - HTTP Request: GET https://huggingface.co/api/models/meta-models/Muse-Glimmer-30B/xet-read-token/a4e59da52a7bc87ae7251dd5545c0dd437c44b68 "HTTP/1.1 200 OK"
2026-08-13 02:52:11.727 - httpx - INFO - HTTP Request: HEAD https://huggingface.co/meta-models/Muse-Glimmer-30B/resolve/main/tokenizer.model "HTTP/1.1 404 Not Found"
2026-08-13 02:52:11.811 - httpx - INFO - HTTP Request: HEAD https://huggingface.co/meta-models/Muse-Glimmer-30B/resolve/main/added_tokens.json "HTTP/1.1 404 Not Found"
2026-08-13 02:52:11.898 - httpx - INFO - HTTP Request: HEAD https://huggingface.co/meta-models/Muse-Glimmer-30B/resolve/main/special_tokens_map.json "HTTP/1.1 404 Not Found"
2026-08-13 02:52:11.984 - httpx - INFO - HTTP Request: HEAD https://huggingface.co/meta-models/Muse-Glimmer-30B/resolve/main/chat_template.jinja "HTTP/1.1 307 Temporary Redirect"
2026-08-13 02:52:11.996 - httpx - INFO - HTTP Request: HEAD https://huggingface.co/api/resolve-cache/models/meta-models/Muse-Glimmer-30B/a4e59da52a7bc87ae7251dd5545c0dd437c44b68/chat_template.jinja "HTTP/1.1 200 OK"
2026-08-13 02:52:12.013 - httpx - INFO - HTTP Request: GET https://huggingface.co/api/resolve-cache/models/meta-models/Muse-Glimmer-30B/a4e59da52a7bc87ae7251dd5545c0dd437c44b68/chat_template.jinja "HTTP/1.1 200 OK"
2026-08-13 02:52:13.634 - httpx - INFO - HTTP Request: GET https://huggingface.co/api/models/meta-models/Muse-Glimmer-30B "HTTP/1.1 200 OK"
2026-08-13 02:52:13.732 - aiperf.config.resolution.resolvers - INFO -   Cached meta-models/Muse-Glimmer-30B (4.31s)
2026-08-13 02:52:13.790 - aiperf.config.resolution.resolvers - INFO - 1 tokenizer cached • 4.4s
2026-08-13 02:52:14.176 - system_controller - INFO - Registered Gpu Telemetry Manager (id: 'gpu_telemetry_manager')
2026-08-13 02:52:14.223 - server_metrics_manager - INFO - Server Metrics: Discovered 1 endpoints: ['http://localhost:30000/metrics']
2026-08-13 02:52:14.242 - GPUTelemetryJSONLWriter_33a82473 - INFO - GPU telemetry export enabled: /output/gpu_telemetry_export.jsonl
2026-08-13 02:52:14.252 - OTelMetricsResultsProcessor_68053587 - INFO - Telemetry streaming is disabled (set --otel-url and/or --mlflow-tracking-uri to enable)
2026-08-13 02:52:14.256 - RecordExportJSONLWriter_281813bd - INFO - Record metrics export enabled: /output/profile_export.jsonl
2026-08-13 02:52:14.268 - system_controller - INFO - Registered Worker Manager (id: 'worker_manager')
2026-08-13 02:52:14.371 - system_controller - INFO - Registered Dataset Manager (id: 'dataset_manager')
2026-08-13 02:52:14.372 - system_controller - INFO - Registered Server Metrics Manager (id: 'server_metrics_manager')
2026-08-13 02:52:14.395 - system_controller - INFO - Registered Records Manager (id: 'records_manager')
2026-08-13 02:52:14.418 - system_controller - INFO - Registered Record Processor (id: 'record_processor_4b238399')
2026-08-13 02:52:14.511 - system_controller - INFO - Registered Timing Manager (id: 'timing_manager')
2026-08-13 02:52:14.523 - system_controller - INFO - Registered Record Processor (id: 'record_processor_7caddac5')
2026-08-13 02:52:14.535 - system_controller - INFO - Registered Record Processor (id: 'record_processor_de4b2803')
2026-08-13 02:52:14.630 - system_controller - INFO - Registered Worker (id: 'worker_67815a58')
2026-08-13 02:52:14.652 - system_controller - INFO - AIPerf System is CONFIGURING
2026-08-13 02:52:14.652 - system_controller - INFO - Configuring all services to start profiling
2026-08-13 02:52:14.655 - timing_manager - INFO - Waiting for dataset to be configured before configuring timing
2026-08-13 02:52:14.655 - InferenceResultParser_65fa1a85 - INFO - Configuring tokenizers for inference result parser (resolve_alias: True)
2026-08-13 02:52:14.655 - InferenceResultParser_b69d7562 - INFO - Configuring tokenizers for inference result parser (resolve_alias: True)
2026-08-13 02:52:14.655 - InferenceResultParser_1e7c792b - INFO - Configuring tokenizers for inference result parser (resolve_alias: True)
2026-08-13 02:52:14.656 - dataset_manager - INFO - Configuring tokenizer(s) for dataset manager
2026-08-13 02:52:14.662 - system_controller - INFO - Server metrics disabled - no Prometheus endpoints reachable
2026-08-13 02:52:14.662 - system_controller - INFO - Waiting for result domains: profile, telemetry
2026-08-13 02:52:14.683 - gpu_telemetry_manager - INFO - GPU Telemetry: Capturing baseline metrics from pynvml://localhost
2026-08-13 02:52:14.692 - pynvml_collector - INFO - PyNVML initialized with 1 GPU(s) (0 with GPM support)
2026-08-13 02:52:14.716 - system_controller - INFO - Registered Worker (id: 'worker_7c84e2ac')
2026-08-13 02:52:14.716 - system_controller - INFO - Registered Worker (id: 'worker_a709909a')
2026-08-13 02:52:14.716 - system_controller - INFO - Registered Worker (id: 'worker_a018d828')
2026-08-13 02:52:14.718 - system_controller - INFO - DCGM telemetry enabled - 1/1 endpoint(s) reachable
2026-08-13 02:52:14.745 - system_controller - INFO - Registered Worker (id: 'worker_03e36576')
2026-08-13 02:52:14.747 - system_controller - INFO - Registered Worker (id: 'worker_0d391f4e')
2026-08-13 02:52:14.747 - system_controller - INFO - Registered Worker (id: 'worker_5bfc4b4c')
2026-08-13 02:52:14.748 - system_controller - INFO - Registered Worker (id: 'worker_a4af3958')
2026-08-13 02:52:14.772 - system_controller - INFO - Registered Worker (id: 'worker_1c0d59fe')
2026-08-13 02:52:14.775 - system_controller - INFO - Registered Worker (id: 'worker_f4b31f06')
2026-08-13 02:52:14.790 - system_controller - INFO - Registered Worker (id: 'worker_31696b6b')
2026-08-13 02:52:14.790 - system_controller - INFO - Registered Worker (id: 'worker_52569f53')
2026-08-13 02:52:14.804 - system_controller - INFO - Registered Worker (id: 'worker_4fa7dfbd')
2026-08-13 02:52:14.814 - system_controller - INFO - Registered Worker (id: 'worker_dad216a9')
2026-08-13 02:52:15.193 - httpx - INFO - HTTP Request: HEAD https://huggingface.co/meta-models/Muse-Glimmer-30B/resolve/main/config.json "HTTP/1.1 307 Temporary Redirect"
2026-08-13 02:52:15.196 - httpx - INFO - HTTP Request: HEAD https://huggingface.co/meta-models/Muse-Glimmer-30B/resolve/main/config.json "HTTP/1.1 307 Temporary Redirect"
2026-08-13 02:52:15.196 - httpx - INFO - HTTP Request: HEAD https://huggingface.co/meta-models/Muse-Glimmer-30B/resolve/main/config.json "HTTP/1.1 307 Temporary Redirect"
2026-08-13 02:52:15.197 - huggingface_hub.utils._http - WARNING - Warning: You are sending unauthenticated requests to the HF Hub. Please set a HF_TOKEN to enable higher rate limits and faster downloads.
2026-08-13 02:52:15.197 - huggingface_hub.utils._http - WARNING - Warning: You are sending unauthenticated requests to the HF Hub. Please set a HF_TOKEN to enable higher rate limits and faster downloads.
2026-08-13 02:52:15.208 - httpx - INFO - HTTP Request: HEAD https://huggingface.co/api/resolve-cache/models/meta-models/Muse-Glimmer-30B/a4e59da52a7bc87ae7251dd5545c0dd437c44b68/config.json "HTTP/1.1 200 OK"
2026-08-13 02:52:15.208 - httpx - INFO - HTTP Request: HEAD https://huggingface.co/meta-models/Muse-Glimmer-30B/resolve/main/config.json "HTTP/1.1 307 Temporary Redirect"
2026-08-13 02:52:15.209 - httpx - INFO - HTTP Request: HEAD https://huggingface.co/api/resolve-cache/models/meta-models/Muse-Glimmer-30B/a4e59da52a7bc87ae7251dd5545c0dd437c44b68/config.json "HTTP/1.1 200 OK"
2026-08-13 02:52:15.209 - huggingface_hub.utils._http - WARNING - Warning: You are sending unauthenticated requests to the HF Hub. Please set a HF_TOKEN to enable higher rate limits and faster downloads.
2026-08-13 02:52:15.212 - httpx - INFO - HTTP Request: HEAD https://huggingface.co/api/resolve-cache/models/meta-models/Muse-Glimmer-30B/a4e59da52a7bc87ae7251dd5545c0dd437c44b68/config.json "HTTP/1.1 200 OK"
2026-08-13 02:52:15.225 - httpx - INFO - HTTP Request: HEAD https://huggingface.co/api/resolve-cache/models/meta-models/Muse-Glimmer-30B/a4e59da52a7bc87ae7251dd5545c0dd437c44b68/config.json "HTTP/1.1 200 OK"
2026-08-13 02:52:15.288 - httpx - INFO - HTTP Request: HEAD https://huggingface.co/meta-models/Muse-Glimmer-30B/resolve/main/config.json "HTTP/1.1 307 Temporary Redirect"
2026-08-13 02:52:15.294 - httpx - INFO - HTTP Request: HEAD https://huggingface.co/meta-models/Muse-Glimmer-30B/resolve/main/config.json "HTTP/1.1 307 Temporary Redirect"
2026-08-13 02:52:15.294 - httpx - INFO - HTTP Request: HEAD https://huggingface.co/meta-models/Muse-Glimmer-30B/resolve/main/config.json "HTTP/1.1 307 Temporary Redirect"
2026-08-13 02:52:15.307 - httpx - INFO - HTTP Request: HEAD https://huggingface.co/api/resolve-cache/models/meta-models/Muse-Glimmer-30B/a4e59da52a7bc87ae7251dd5545c0dd437c44b68/config.json "HTTP/1.1 200 OK"
2026-08-13 02:52:15.307 - httpx - INFO - HTTP Request: HEAD https://huggingface.co/meta-models/Muse-Glimmer-30B/resolve/main/config.json "HTTP/1.1 307 Temporary Redirect"
2026-08-13 02:52:15.312 - httpx - INFO - HTTP Request: HEAD https://huggingface.co/api/resolve-cache/models/meta-models/Muse-Glimmer-30B/a4e59da52a7bc87ae7251dd5545c0dd437c44b68/config.json "HTTP/1.1 200 OK"
2026-08-13 02:52:15.312 - httpx - INFO - HTTP Request: HEAD https://huggingface.co/api/resolve-cache/models/meta-models/Muse-Glimmer-30B/a4e59da52a7bc87ae7251dd5545c0dd437c44b68/config.json "HTTP/1.1 200 OK"
2026-08-13 02:52:15.320 - httpx - INFO - HTTP Request: HEAD https://huggingface.co/api/resolve-cache/models/meta-models/Muse-Glimmer-30B/a4e59da52a7bc87ae7251dd5545c0dd437c44b68/config.json "HTTP/1.1 200 OK"
2026-08-13 02:52:15.397 - httpx - INFO - HTTP Request: HEAD https://huggingface.co/meta-models/Muse-Glimmer-30B/resolve/main/tokenizer_config.json "HTTP/1.1 307 Temporary Redirect"
2026-08-13 02:52:15.401 - httpx - INFO - HTTP Request: HEAD https://huggingface.co/meta-models/Muse-Glimmer-30B/resolve/main/tokenizer_config.json "HTTP/1.1 307 Temporary Redirect"
2026-08-13 02:52:15.403 - httpx - INFO - HTTP Request: HEAD https://huggingface.co/meta-models/Muse-Glimmer-30B/resolve/main/tokenizer_config.json "HTTP/1.1 307 Temporary Redirect"
2026-08-13 02:52:15.412 - httpx - INFO - HTTP Request: HEAD https://huggingface.co/api/resolve-cache/models/meta-models/Muse-Glimmer-30B/a4e59da52a7bc87ae7251dd5545c0dd437c44b68/tokenizer_config.json "HTTP/1.1 200 OK"
2026-08-13 02:52:15.412 - httpx - INFO - HTTP Request: HEAD https://huggingface.co/api/resolve-cache/models/meta-models/Muse-Glimmer-30B/a4e59da52a7bc87ae7251dd5545c0dd437c44b68/tokenizer_config.json "HTTP/1.1 200 OK"
2026-08-13 02:52:15.417 - httpx - INFO - HTTP Request: HEAD https://huggingface.co/api/resolve-cache/models/meta-models/Muse-Glimmer-30B/a4e59da52a7bc87ae7251dd5545c0dd437c44b68/tokenizer_config.json "HTTP/1.1 200 OK"
2026-08-13 02:52:15.417 - httpx - INFO - HTTP Request: HEAD https://huggingface.co/meta-models/Muse-Glimmer-30B/resolve/main/tokenizer_config.json "HTTP/1.1 307 Temporary Redirect"
2026-08-13 02:52:15.433 - httpx - INFO - HTTP Request: HEAD https://huggingface.co/api/resolve-cache/models/meta-models/Muse-Glimmer-30B/a4e59da52a7bc87ae7251dd5545c0dd437c44b68/tokenizer_config.json "HTTP/1.1 200 OK"
2026-08-13 02:52:15.501 - httpx - INFO - HTTP Request: GET https://huggingface.co/api/models/meta-models/Muse-Glimmer-30B/tree/main/additional_chat_templates?recursive=false&expand=false "HTTP/1.1 404 Not Found"
2026-08-13 02:52:15.501 - httpx - INFO - HTTP Request: GET https://huggingface.co/api/models/meta-models/Muse-Glimmer-30B/tree/main/additional_chat_templates?recursive=false&expand=false "HTTP/1.1 404 Not Found"
2026-08-13 02:52:15.502 - httpx - INFO - HTTP Request: GET https://huggingface.co/api/models/meta-models/Muse-Glimmer-30B/tree/main/additional_chat_templates?recursive=false&expand=false "HTTP/1.1 404 Not Found"
2026-08-13 02:52:15.515 - httpx - INFO - HTTP Request: GET https://huggingface.co/api/models/meta-models/Muse-Glimmer-30B/tree/main/additional_chat_templates?recursive=false&expand=false "HTTP/1.1 404 Not Found"
2026-08-13 02:52:15.584 - httpx - INFO - HTTP Request: GET https://huggingface.co/api/models/meta-models/Muse-Glimmer-30B/tree/main?recursive=true&expand=false "HTTP/1.1 200 OK"
2026-08-13 02:52:15.584 - httpx - INFO - HTTP Request: GET https://huggingface.co/api/models/meta-models/Muse-Glimmer-30B/tree/main?recursive=true&expand=false "HTTP/1.1 200 OK"
2026-08-13 02:52:15.586 - httpx - INFO - HTTP Request: GET https://huggingface.co/api/models/meta-models/Muse-Glimmer-30B/tree/main?recursive=true&expand=false "HTTP/1.1 200 OK"
2026-08-13 02:52:15.600 - httpx - INFO - HTTP Request: GET https://huggingface.co/api/models/meta-models/Muse-Glimmer-30B/tree/main?recursive=true&expand=false "HTTP/1.1 200 OK"
2026-08-13 02:52:17.391 - httpx - INFO - HTTP Request: GET https://huggingface.co/api/models/meta-models/Muse-Glimmer-30B "HTTP/1.1 200 OK"
2026-08-13 02:52:17.394 - httpx - INFO - HTTP Request: GET https://huggingface.co/api/models/meta-models/Muse-Glimmer-30B "HTTP/1.1 200 OK"
2026-08-13 02:52:17.448 - InferenceResultParser_1e7c792b - INFO - Initialized tokenizers: {'meta-models/Muse-Glimmer-30B': {'class': 'TokenizersBackend', 'name_or_path': 'meta-models/Muse-Glimmer-30B'}} in 2.79 seconds
2026-08-13 02:52:17.452 - dataset_manager - INFO - Tokenizer(s) configured in 2.80 seconds
2026-08-13 02:52:17.452 - dataset_manager - INFO - Configuring dataset for dataset_manager
2026-08-13 02:52:17.537 - httpx - INFO - HTTP Request: GET https://huggingface.co/api/models/meta-models/Muse-Glimmer-30B "HTTP/1.1 200 OK"
2026-08-13 02:52:17.545 - httpx - INFO - HTTP Request: GET https://huggingface.co/api/models/meta-models/Muse-Glimmer-30B "HTTP/1.1 200 OK"
2026-08-13 02:52:17.598 - InferenceResultParser_65fa1a85 - INFO - Initialized tokenizers: {'meta-models/Muse-Glimmer-30B': {'class': 'TokenizersBackend', 'name_or_path': 'meta-models/Muse-Glimmer-30B'}} in 2.94 seconds
2026-08-13 02:52:17.610 - InferenceResultParser_b69d7562 - INFO - Initialized tokenizers: {'meta-models/Muse-Glimmer-30B': {'class': 'TokenizersBackend', 'name_or_path': 'meta-models/Muse-Glimmer-30B'}} in 2.96 seconds
2026-08-13 02:52:17.687 - CustomDatasetComposer - INFO - Using explicit dataset format: multi_turn
2026-08-13 02:52:17.754 - MemoryMapDatasetBackingStore_c65c1bfe - INFO - Memory-mapped backing store initialized (streaming to /tmp/aiperf_mmap_df0d4b8c8aea/dataset.dat)
2026-08-13 02:52:17.774 - MemoryMapDatasetBackingStore_c65c1bfe - INFO - Data file finalized: 500 conversations, 1.25 MB
2026-08-13 02:52:17.774 - MemoryMapDatasetBackingStore_c65c1bfe - INFO - Index file created: /tmp/aiperf_mmap_df0d4b8c8aea/index.dat
2026-08-13 02:52:17.774 - dataset_manager - INFO - Backing store finalized: client_type=DatasetClientStoreType.MEMORY_MAP format=MemoryMapFormat.CONVERSATION data_file_path=PosixPath('/tmp/aiperf_mmap_df0d4b8c8aea/dataset.dat') index_file_path=PosixPath('/tmp/aiperf_mmap_df0d4b8c8aea/index.dat') conversation_count=500 total_size_bytes=1314418 compressed=False compressed_data_file_path=None compressed_index_file_path=None compressed_size_bytes=0
2026-08-13 02:52:17.784 - dataset_manager - INFO - sampling strategy: sequential, unique conversations: 500, unique turn count: 1783
2026-08-13 02:52:17.788 - dataset_manager - INFO - Generating inputs.json file at /output/inputs.json
2026-08-13 02:52:17.796 - PhaseOrchestrator_d0ffd651 - INFO - Initialized 2 phase(s): ['Warmup', 'Profiling']
2026-08-13 02:52:17.796 - system_controller - WARNING - Received command response for service we were not expecting: worker_a018d828. Ignoring.
2026-08-13 02:52:17.799 - system_controller - WARNING - Received command response for service we were not expecting: worker_7c84e2ac. Ignoring.
2026-08-13 02:52:17.799 - system_controller - WARNING - Received command response for service we were not expecting: worker_a709909a. Ignoring.
2026-08-13 02:52:17.799 - system_controller - WARNING - Received command response for service we were not expecting: worker_03e36576. Ignoring.
2026-08-13 02:52:17.800 - system_controller - WARNING - Received command response for service we were not expecting: worker_5bfc4b4c. Ignoring.
2026-08-13 02:52:17.800 - dataset_manager - INFO - inputs.json file generated in 0.01 seconds
2026-08-13 02:52:17.913 - dataset_manager - INFO - Dataset client initialized and freed 500 conversations from memory
2026-08-13 02:52:17.913 - dataset_manager - INFO - Dataset configured in 0.46 seconds
2026-08-13 02:52:17.914 - system_controller - INFO - All services configured in 3.26 seconds
2026-08-13 02:52:17.914 - system_controller - INFO - AIPerf System is CONFIGURED
2026-08-13 02:52:17.919 - RateTiming - INFO - Creating interval generator: pattern=concurrency_burst, rate=None, smoothness=None
2026-08-13 02:52:17.919 - PhaseRunner - NOTICE - Phase warmup (warmup) started | phase_index=0 | target: 3 requests
2026-08-13 02:52:17.919 - PhaseRunner - NOTICE - Phase warmup (warmup) sending complete | sent=3, completed=0, in_flight=3 | sessions: sent=3, completed=0
2026-08-13 02:52:17.919 - system_controller - INFO - All services started profiling successfully
2026-08-13 02:52:17.920 - system_controller - INFO - AIPerf System is PROFILING
2026-08-13 02:52:17.920 - records_manager - INFO - Credit phase start: warmup
2026-08-13 02:52:37.214 - PhaseRunner - NOTICE - Phase warmup (warmup) complete | completed=3, cancelled=0, errors=0 | sessions: completed=1, cancelled=0 | elapsed=19.29s
2026-08-13 02:52:37.216 - RateTiming - INFO - Creating interval generator: pattern=concurrency_burst, rate=None, smoothness=None
2026-08-13 02:52:37.216 - PhaseRunner - NOTICE - Phase profiling (profiling) started | phase_index=1 | profiling_index=0 | target: 50 requests, 50 sessions
2026-08-13 02:52:37.217 - records_manager - INFO - Credit phase start: profiling
2026-08-13 02:52:37.218 - PhaseRunner - NOTICE - Phase profiling (profiling) sending complete | sent=50, completed=0, in_flight=50 | sessions: sent=50, completed=0
2026-08-13 02:52:37.219 - records_manager - INFO - Sent 50 requests. Waiting for all to complete...
2026-08-13 02:52:40.849 - aiperf.metrics.types.osl_mismatch_metrics - WARNING - OSL mismatch: got 26 tokens (requested 29, diff -10.3%)
2026-08-13 02:52:43.495 - aiperf.metrics.types.osl_mismatch_metrics - WARNING - OSL mismatch: got 47 tokens (requested 50, diff -6.0%)
2026-08-13 02:52:44.637 - aiperf.metrics.types.osl_mismatch_metrics - WARNING - OSL mismatch: got 46 tokens (requested 49, diff -6.1%)
2026-08-13 02:53:07.880 - PhaseRunner - NOTICE - Phase profiling (profiling) complete | completed=50, cancelled=0, errors=0 | sessions: completed=10, cancelled=0 | elapsed=30.66s
2026-08-13 02:53:07.880 - PhaseOrchestrator_d0ffd651 - NOTICE - All credits completed
2026-08-13 02:53:07.881 - system_controller - INFO - Received credits complete from 'timing_manager'
2026-08-13 02:53:07.881 - records_manager - INFO - Received CREDIT_PHASE_COMPLETE message, Phase complete: PhaseRecordsStats(phase=CreditPhase.PROFILING, phase_index=1, profiling_index=0, phase_name='profiling', phase_kind='profiling', start_ns=1786589557216605945, sent_end_ns=1786589557217994349, requests_end_ns=1786589587879764147, baseline_start_ns=1786589557216595737, baseline_end_ns=1786589587879778195, total_expected_requests=50, expected_duration_sec=None, expected_num_sessions=None, expected_grace_period_sec=None, final_requests_sent=None, final_requests_completed=50, final_requests_cancelled=0, final_request_errors=0, final_sent_sessions=None, final_completed_sessions=None, final_cancelled_sessions=None, timeout_triggered=False, grace_period_timeout_triggered=False, was_cancelled=False, records_end_ns=None, success_records=49, error_records=0)
2026-08-13 02:53:07.881 - records_manager - NOTICE - All requests have completed, please wait for the results to be processed (currently 49 of 50 records processed)...
2026-08-13 02:53:07.882 - records_manager - INFO - All credits complete, please wait for the results to be processed...
2026-08-13 02:53:07.886 - records_manager - INFO - Processed 50 valid requests and 0 errors (50 total).
2026-08-13 02:53:07.886 - records_manager - INFO - Received all records, processing now...
2026-08-13 02:53:07.887 - gpu_telemetry_manager - INFO - GPU Telemetry: Profiling complete, capturing final metrics...
2026-08-13 02:53:07.888 - records_manager - INFO - Waiting 2.0s for server metrics flush period...
2026-08-13 02:53:09.879 - records_manager - INFO - Processing records results...
2026-08-13 02:53:09.954 - records_manager - INFO - _finalize_and_process_results completed
2026-08-13 02:53:09.955 - system_controller - INFO - Waiting for result domains: telemetry
2026-08-13 02:53:09.956 - system_controller - INFO - All results received, initiating shutdown
2026-08-13 02:53:10.562 - ExporterManager - INFO - Exporting all records
2026-08-13 02:53:10.621 - ExporterManager - INFO - Exporting console data
