2026-08-13 02:40:59.947 - aiperf.cli_runner._single_run - INFO - Starting AIPerf System
2026-08-13 02:41:00.430 - httpx - INFO - HTTP Request: GET https://huggingface.co/api/models/meta-models/Muse-Glimmer-30B "HTTP/1.1 200 OK"
2026-08-13 02:41:00.435 - aiperf.config.resolution.resolvers - INFO - [OK] Tokenizer meta-models/Muse-Glimmer-30B detected
2026-08-13 02:41:00.436 - aiperf.config.resolution.resolvers - INFO - 1 tokenizer validated | 0.5s
2026-08-13 02:41:00.436 - aiperf.config.resolution.resolvers - INFO - Prefetching 1 tokenizer into HF cache...
2026-08-13 02:41:01.475 - httpx - INFO - HTTP Request: HEAD https://huggingface.co/meta-models/Muse-Glimmer-30B/resolve/main/config.json "HTTP/1.1 307 Temporary Redirect"
2026-08-13 02:41:01.475 - huggingface_hub.utils._http - WARNING - Warning: You are sending unauthenticated requests to the HF Hub. Please set a HF_TOKEN to enable higher rate limits and faster downloads.
2026-08-13 02:41:01.491 - httpx - INFO - HTTP Request: HEAD https://huggingface.co/api/resolve-cache/models/meta-models/Muse-Glimmer-30B/a4e59da52a7bc87ae7251dd5545c0dd437c44b68/config.json "HTTP/1.1 200 OK"
2026-08-13 02:41:01.512 - httpx - INFO - HTTP Request: GET https://huggingface.co/api/resolve-cache/models/meta-models/Muse-Glimmer-30B/a4e59da52a7bc87ae7251dd5545c0dd437c44b68/config.json "HTTP/1.1 200 OK"
2026-08-13 02:41:01.591 - httpx - INFO - HTTP Request: HEAD https://huggingface.co/meta-models/Muse-Glimmer-30B/resolve/main/config.json "HTTP/1.1 307 Temporary Redirect"
2026-08-13 02:41:01.608 - httpx - INFO - HTTP Request: HEAD https://huggingface.co/api/resolve-cache/models/meta-models/Muse-Glimmer-30B/a4e59da52a7bc87ae7251dd5545c0dd437c44b68/config.json "HTTP/1.1 200 OK"
2026-08-13 02:41:01.694 - httpx - INFO - HTTP Request: HEAD https://huggingface.co/meta-models/Muse-Glimmer-30B/resolve/main/tokenizer_config.json "HTTP/1.1 307 Temporary Redirect"
2026-08-13 02:41:01.707 - httpx - INFO - HTTP Request: HEAD https://huggingface.co/api/resolve-cache/models/meta-models/Muse-Glimmer-30B/a4e59da52a7bc87ae7251dd5545c0dd437c44b68/tokenizer_config.json "HTTP/1.1 200 OK"
2026-08-13 02:41:01.720 - httpx - INFO - HTTP Request: GET https://huggingface.co/api/resolve-cache/models/meta-models/Muse-Glimmer-30B/a4e59da52a7bc87ae7251dd5545c0dd437c44b68/tokenizer_config.json "HTTP/1.1 200 OK"
2026-08-13 02:41:01.803 - httpx - INFO - HTTP Request: GET https://huggingface.co/api/models/meta-models/Muse-Glimmer-30B/tree/main/additional_chat_templates?recursive=false&expand=false "HTTP/1.1 404 Not Found"
2026-08-13 02:41:01.886 - httpx - INFO - HTTP Request: GET https://huggingface.co/api/models/meta-models/Muse-Glimmer-30B/tree/main?recursive=true&expand=false "HTTP/1.1 200 OK"
2026-08-13 02:41:01.972 - httpx - INFO - HTTP Request: HEAD https://huggingface.co/meta-models/Muse-Glimmer-30B/resolve/main/tokenizer.json "HTTP/1.1 302 Found"
2026-08-13 02:41:02.064 - httpx - INFO - HTTP Request: GET https://huggingface.co/api/models/meta-models/Muse-Glimmer-30B/xet-read-token/a4e59da52a7bc87ae7251dd5545c0dd437c44b68 "HTTP/1.1 200 OK"
2026-08-13 02:41:03.036 - httpx - INFO - HTTP Request: HEAD https://huggingface.co/meta-models/Muse-Glimmer-30B/resolve/main/tokenizer.model "HTTP/1.1 404 Not Found"
2026-08-13 02:41:03.129 - httpx - INFO - HTTP Request: HEAD https://huggingface.co/meta-models/Muse-Glimmer-30B/resolve/main/added_tokens.json "HTTP/1.1 404 Not Found"
2026-08-13 02:41:03.213 - httpx - INFO - HTTP Request: HEAD https://huggingface.co/meta-models/Muse-Glimmer-30B/resolve/main/special_tokens_map.json "HTTP/1.1 404 Not Found"
2026-08-13 02:41:03.294 - httpx - INFO - HTTP Request: HEAD https://huggingface.co/meta-models/Muse-Glimmer-30B/resolve/main/chat_template.jinja "HTTP/1.1 307 Temporary Redirect"
2026-08-13 02:41:03.314 - httpx - INFO - HTTP Request: HEAD https://huggingface.co/api/resolve-cache/models/meta-models/Muse-Glimmer-30B/a4e59da52a7bc87ae7251dd5545c0dd437c44b68/chat_template.jinja "HTTP/1.1 200 OK"
2026-08-13 02:41:03.327 - httpx - INFO - HTTP Request: GET https://huggingface.co/api/resolve-cache/models/meta-models/Muse-Glimmer-30B/a4e59da52a7bc87ae7251dd5545c0dd437c44b68/chat_template.jinja "HTTP/1.1 200 OK"
2026-08-13 02:41:04.923 - httpx - INFO - HTTP Request: GET https://huggingface.co/api/models/meta-models/Muse-Glimmer-30B "HTTP/1.1 200 OK"
2026-08-13 02:41:05.021 - aiperf.config.resolution.resolvers - INFO -   Cached meta-models/Muse-Glimmer-30B (4.57s)
2026-08-13 02:41:05.058 - aiperf.config.resolution.resolvers - INFO - 1 tokenizer cached • 4.6s
2026-08-13 02:41:05.425 - system_controller - INFO - Registered Dataset Manager (id: 'dataset_manager')
2026-08-13 02:41:05.481 - server_metrics_manager - INFO - Server Metrics: Discovered 1 endpoints: ['http://localhost:30000/metrics']
2026-08-13 02:41:05.515 - system_controller - INFO - Registered Worker Manager (id: 'worker_manager')
2026-08-13 02:41:05.520 - GPUTelemetryJSONLWriter_10d826d3 - INFO - GPU telemetry export enabled: /output/gpu_telemetry_export.jsonl
2026-08-13 02:41:05.531 - OTelMetricsResultsProcessor_6164240c - INFO - Telemetry streaming is disabled (set --otel-url and/or --mlflow-tracking-uri to enable)
2026-08-13 02:41:05.535 - RecordExportJSONLWriter_bdeb0c22 - INFO - Record metrics export enabled: /output/profile_export.jsonl
2026-08-13 02:41:05.574 - system_controller - INFO - Registered Gpu Telemetry Manager (id: 'gpu_telemetry_manager')
2026-08-13 02:41:05.585 - system_controller - INFO - Registered Server Metrics Manager (id: 'server_metrics_manager')
2026-08-13 02:41:05.631 - system_controller - INFO - Registered Record Processor (id: 'record_processor_c7f9cf8b')
2026-08-13 02:41:05.644 - system_controller - INFO - Registered Records Manager (id: 'records_manager')
2026-08-13 02:41:05.729 - system_controller - INFO - Registered Record Processor (id: 'record_processor_84f8b18b')
2026-08-13 02:41:05.761 - system_controller - INFO - Registered Timing Manager (id: 'timing_manager')
2026-08-13 02:41:05.830 - system_controller - INFO - Registered Worker (id: 'worker_2b2b0344')
2026-08-13 02:41:05.882 - system_controller - INFO - Registered Worker (id: 'worker_d4bdca07')
2026-08-13 02:41:05.895 - system_controller - INFO - Registered Worker (id: 'worker_31246bc3')
2026-08-13 02:41:05.903 - system_controller - INFO - AIPerf System is CONFIGURING
2026-08-13 02:41:05.903 - system_controller - INFO - Configuring all services to start profiling
2026-08-13 02:41:05.904 - InferenceResultParser_0de8a0bb - INFO - Configuring tokenizers for inference result parser (resolve_alias: True)
2026-08-13 02:41:05.904 - timing_manager - INFO - Waiting for dataset to be configured before configuring timing
2026-08-13 02:41:05.904 - InferenceResultParser_2caaa244 - INFO - Configuring tokenizers for inference result parser (resolve_alias: True)
2026-08-13 02:41:05.905 - dataset_manager - INFO - Configuring tokenizer(s) for dataset manager
2026-08-13 02:41:05.910 - system_controller - INFO - Server metrics disabled - no Prometheus endpoints reachable
2026-08-13 02:41:05.910 - system_controller - INFO - Waiting for result domains: profile, telemetry
2026-08-13 02:41:05.910 - system_controller - INFO - Registered Worker (id: 'worker_082fa4b9')
2026-08-13 02:41:05.912 - system_controller - INFO - Registered Worker (id: 'worker_9f4baccb')
2026-08-13 02:41:05.924 - system_controller - INFO - Registered Worker (id: 'worker_4b3b7baa')
2026-08-13 02:41:05.933 - system_controller - INFO - Registered Worker (id: 'worker_3eb5b48e')
2026-08-13 02:41:05.934 - system_controller - INFO - Registered Worker (id: 'worker_3756e0c7')
2026-08-13 02:41:05.943 - gpu_telemetry_manager - INFO - GPU Telemetry: Capturing baseline metrics from pynvml://localhost
2026-08-13 02:41:05.953 - pynvml_collector - INFO - PyNVML initialized with 1 GPU(s) (0 with GPM support)
2026-08-13 02:41:05.969 - system_controller - INFO - DCGM telemetry enabled - 1/1 endpoint(s) reachable
2026-08-13 02:41:06.446 - httpx - INFO - HTTP Request: HEAD https://huggingface.co/meta-models/Muse-Glimmer-30B/resolve/main/config.json "HTTP/1.1 307 Temporary Redirect"
2026-08-13 02:41:06.446 - httpx - INFO - HTTP Request: HEAD https://huggingface.co/meta-models/Muse-Glimmer-30B/resolve/main/config.json "HTTP/1.1 307 Temporary Redirect"
2026-08-13 02:41:06.447 - huggingface_hub.utils._http - WARNING - Warning: You are sending unauthenticated requests to the HF Hub. Please set a HF_TOKEN to enable higher rate limits and faster downloads.
2026-08-13 02:41:06.447 - huggingface_hub.utils._http - WARNING - Warning: You are sending unauthenticated requests to the HF Hub. Please set a HF_TOKEN to enable higher rate limits and faster downloads.
2026-08-13 02:41:06.449 - httpx - INFO - HTTP Request: HEAD https://huggingface.co/meta-models/Muse-Glimmer-30B/resolve/main/config.json "HTTP/1.1 307 Temporary Redirect"
2026-08-13 02:41:06.450 - huggingface_hub.utils._http - WARNING - Warning: You are sending unauthenticated requests to the HF Hub. Please set a HF_TOKEN to enable higher rate limits and faster downloads.
2026-08-13 02:41:06.459 - httpx - INFO - HTTP Request: HEAD https://huggingface.co/api/resolve-cache/models/meta-models/Muse-Glimmer-30B/a4e59da52a7bc87ae7251dd5545c0dd437c44b68/config.json "HTTP/1.1 200 OK"
2026-08-13 02:41:06.459 - httpx - INFO - HTTP Request: HEAD https://huggingface.co/api/resolve-cache/models/meta-models/Muse-Glimmer-30B/a4e59da52a7bc87ae7251dd5545c0dd437c44b68/config.json "HTTP/1.1 200 OK"
2026-08-13 02:41:06.460 - httpx - INFO - HTTP Request: HEAD https://huggingface.co/api/resolve-cache/models/meta-models/Muse-Glimmer-30B/a4e59da52a7bc87ae7251dd5545c0dd437c44b68/config.json "HTTP/1.1 200 OK"
2026-08-13 02:41:06.540 - httpx - INFO - HTTP Request: HEAD https://huggingface.co/meta-models/Muse-Glimmer-30B/resolve/main/config.json "HTTP/1.1 307 Temporary Redirect"
2026-08-13 02:41:06.540 - httpx - INFO - HTTP Request: HEAD https://huggingface.co/meta-models/Muse-Glimmer-30B/resolve/main/config.json "HTTP/1.1 307 Temporary Redirect"
2026-08-13 02:41:06.542 - httpx - INFO - HTTP Request: HEAD https://huggingface.co/meta-models/Muse-Glimmer-30B/resolve/main/config.json "HTTP/1.1 307 Temporary Redirect"
2026-08-13 02:41:06.552 - httpx - INFO - HTTP Request: HEAD https://huggingface.co/api/resolve-cache/models/meta-models/Muse-Glimmer-30B/a4e59da52a7bc87ae7251dd5545c0dd437c44b68/config.json "HTTP/1.1 200 OK"
2026-08-13 02:41:06.553 - httpx - INFO - HTTP Request: HEAD https://huggingface.co/api/resolve-cache/models/meta-models/Muse-Glimmer-30B/a4e59da52a7bc87ae7251dd5545c0dd437c44b68/config.json "HTTP/1.1 200 OK"
2026-08-13 02:41:06.556 - httpx - INFO - HTTP Request: HEAD https://huggingface.co/api/resolve-cache/models/meta-models/Muse-Glimmer-30B/a4e59da52a7bc87ae7251dd5545c0dd437c44b68/config.json "HTTP/1.1 200 OK"
2026-08-13 02:41:06.634 - httpx - INFO - HTTP Request: HEAD https://huggingface.co/meta-models/Muse-Glimmer-30B/resolve/main/tokenizer_config.json "HTTP/1.1 307 Temporary Redirect"
2026-08-13 02:41:06.639 - httpx - INFO - HTTP Request: HEAD https://huggingface.co/meta-models/Muse-Glimmer-30B/resolve/main/tokenizer_config.json "HTTP/1.1 307 Temporary Redirect"
2026-08-13 02:41:06.650 - httpx - INFO - HTTP Request: HEAD https://huggingface.co/meta-models/Muse-Glimmer-30B/resolve/main/tokenizer_config.json "HTTP/1.1 307 Temporary Redirect"
2026-08-13 02:41:06.650 - httpx - INFO - HTTP Request: HEAD https://huggingface.co/api/resolve-cache/models/meta-models/Muse-Glimmer-30B/a4e59da52a7bc87ae7251dd5545c0dd437c44b68/tokenizer_config.json "HTTP/1.1 200 OK"
2026-08-13 02:41:06.651 - httpx - INFO - HTTP Request: HEAD https://huggingface.co/api/resolve-cache/models/meta-models/Muse-Glimmer-30B/a4e59da52a7bc87ae7251dd5545c0dd437c44b68/tokenizer_config.json "HTTP/1.1 200 OK"
2026-08-13 02:41:06.661 - httpx - INFO - HTTP Request: HEAD https://huggingface.co/api/resolve-cache/models/meta-models/Muse-Glimmer-30B/a4e59da52a7bc87ae7251dd5545c0dd437c44b68/tokenizer_config.json "HTTP/1.1 200 OK"
2026-08-13 02:41:06.733 - httpx - INFO - HTTP Request: GET https://huggingface.co/api/models/meta-models/Muse-Glimmer-30B/tree/main/additional_chat_templates?recursive=false&expand=false "HTTP/1.1 404 Not Found"
2026-08-13 02:41:06.735 - httpx - INFO - HTTP Request: GET https://huggingface.co/api/models/meta-models/Muse-Glimmer-30B/tree/main/additional_chat_templates?recursive=false&expand=false "HTTP/1.1 404 Not Found"
2026-08-13 02:41:06.743 - httpx - INFO - HTTP Request: GET https://huggingface.co/api/models/meta-models/Muse-Glimmer-30B/tree/main/additional_chat_templates?recursive=false&expand=false "HTTP/1.1 404 Not Found"
2026-08-13 02:41:06.820 - httpx - INFO - HTTP Request: GET https://huggingface.co/api/models/meta-models/Muse-Glimmer-30B/tree/main?recursive=true&expand=false "HTTP/1.1 200 OK"
2026-08-13 02:41:06.821 - httpx - INFO - HTTP Request: GET https://huggingface.co/api/models/meta-models/Muse-Glimmer-30B/tree/main?recursive=true&expand=false "HTTP/1.1 200 OK"
2026-08-13 02:41:06.825 - httpx - INFO - HTTP Request: GET https://huggingface.co/api/models/meta-models/Muse-Glimmer-30B/tree/main?recursive=true&expand=false "HTTP/1.1 200 OK"
2026-08-13 02:41:08.640 - httpx - INFO - HTTP Request: GET https://huggingface.co/api/models/meta-models/Muse-Glimmer-30B "HTTP/1.1 200 OK"
2026-08-13 02:41:08.656 - httpx - INFO - HTTP Request: GET https://huggingface.co/api/models/meta-models/Muse-Glimmer-30B "HTTP/1.1 200 OK"
2026-08-13 02:41:08.684 - httpx - INFO - HTTP Request: GET https://huggingface.co/api/models/meta-models/Muse-Glimmer-30B "HTTP/1.1 200 OK"
2026-08-13 02:41:08.706 - InferenceResultParser_0de8a0bb - INFO - Initialized tokenizers: {'meta-models/Muse-Glimmer-30B': {'class': 'TokenizersBackend', 'name_or_path': 'meta-models/Muse-Glimmer-30B'}} in 2.80 seconds
2026-08-13 02:41:08.727 - InferenceResultParser_2caaa244 - INFO - Initialized tokenizers: {'meta-models/Muse-Glimmer-30B': {'class': 'TokenizersBackend', 'name_or_path': 'meta-models/Muse-Glimmer-30B'}} in 2.82 seconds
2026-08-13 02:41:08.759 - dataset_manager - INFO - Tokenizer(s) configured in 2.85 seconds
2026-08-13 02:41:08.759 - dataset_manager - INFO - Configuring dataset for dataset_manager
2026-08-13 02:41:09.047 - CustomDatasetComposer - INFO - Using explicit dataset format: multi_turn
2026-08-13 02:41:09.113 - MemoryMapDatasetBackingStore_1eb28bf9 - INFO - Memory-mapped backing store initialized (streaming to /tmp/aiperf_mmap_a2434b6cb68e/dataset.dat)
2026-08-13 02:41:09.133 - MemoryMapDatasetBackingStore_1eb28bf9 - INFO - Data file finalized: 500 conversations, 1.25 MB
2026-08-13 02:41:09.133 - MemoryMapDatasetBackingStore_1eb28bf9 - INFO - Index file created: /tmp/aiperf_mmap_a2434b6cb68e/index.dat
2026-08-13 02:41:09.134 - dataset_manager - INFO - Backing store finalized: client_type=DatasetClientStoreType.MEMORY_MAP format=MemoryMapFormat.CONVERSATION data_file_path=PosixPath('/tmp/aiperf_mmap_a2434b6cb68e/dataset.dat') index_file_path=PosixPath('/tmp/aiperf_mmap_a2434b6cb68e/index.dat') conversation_count=500 total_size_bytes=1314418 compressed=False compressed_data_file_path=None compressed_index_file_path=None compressed_size_bytes=0
2026-08-13 02:41:09.142 - dataset_manager - INFO - sampling strategy: sequential, unique conversations: 500, unique turn count: 1783
2026-08-13 02:41:09.147 - dataset_manager - INFO - Generating inputs.json file at /output/inputs.json
2026-08-13 02:41:09.154 - system_controller - WARNING - Received command response for service we were not expecting: worker_9f4baccb. Ignoring.
2026-08-13 02:41:09.154 - PhaseOrchestrator_8e73ebe3 - INFO - Initialized 2 phase(s): ['Warmup', 'Profiling']
2026-08-13 02:41:09.154 - system_controller - WARNING - Received command response for service we were not expecting: worker_082fa4b9. Ignoring.
2026-08-13 02:41:09.154 - system_controller - WARNING - Received command response for service we were not expecting: worker_4b3b7baa. Ignoring.
2026-08-13 02:41:09.157 - system_controller - WARNING - Received command response for service we were not expecting: worker_3eb5b48e. Ignoring.
2026-08-13 02:41:09.158 - system_controller - WARNING - Received command response for service we were not expecting: worker_3756e0c7. Ignoring.
2026-08-13 02:41:09.159 - dataset_manager - INFO - inputs.json file generated in 0.01 seconds
2026-08-13 02:41:09.296 - dataset_manager - INFO - Dataset client initialized and freed 500 conversations from memory
2026-08-13 02:41:09.296 - dataset_manager - INFO - Dataset configured in 0.54 seconds
2026-08-13 02:41:09.297 - system_controller - INFO - All services configured in 3.39 seconds
2026-08-13 02:41:09.297 - system_controller - INFO - AIPerf System is CONFIGURED
2026-08-13 02:41:09.299 - system_controller - INFO - All services started profiling successfully
2026-08-13 02:41:09.299 - system_controller - INFO - AIPerf System is PROFILING
2026-08-13 02:41:09.303 - RateTiming - INFO - Creating interval generator: pattern=concurrency_burst, rate=None, smoothness=None
2026-08-13 02:41:09.303 - PhaseRunner - NOTICE - Phase warmup (warmup) started | phase_index=0 | target: 3 requests
2026-08-13 02:41:09.304 - PhaseRunner - NOTICE - Phase warmup (warmup) sending complete | sent=3, completed=0, in_flight=3 | sessions: sent=3, completed=0
2026-08-13 02:41:09.304 - records_manager - INFO - Credit phase start: warmup
2026-08-13 02:41:29.409 - PhaseRunner - NOTICE - Phase warmup (warmup) complete | completed=3, cancelled=0, errors=0 | sessions: completed=1, cancelled=0 | elapsed=20.11s
2026-08-13 02:41:29.411 - RateTiming - INFO - Creating interval generator: pattern=concurrency_burst, rate=None, smoothness=None
2026-08-13 02:41:29.411 - PhaseRunner - NOTICE - Phase profiling (profiling) started | phase_index=1 | profiling_index=0 | target: 50 requests, 50 sessions
2026-08-13 02:41:29.412 - records_manager - INFO - Credit phase start: profiling
2026-08-13 02:41:32.418 - aiperf.metrics.types.osl_mismatch_metrics - WARNING - OSL mismatch: got 26 tokens (requested 29, diff -10.3%)
2026-08-13 02:41:36.047 - aiperf.metrics.types.osl_mismatch_metrics - WARNING - OSL mismatch: got 46 tokens (requested 49, diff -6.1%)
2026-08-13 02:41:39.357 - aiperf.metrics.types.osl_mismatch_metrics - WARNING - OSL mismatch: got 17 tokens (requested 194, diff -91.2%)
2026-08-13 02:41:43.016 - aiperf.metrics.types.osl_mismatch_metrics - WARNING - OSL mismatch: got 17 tokens (requested 196, diff -91.3%)
2026-08-13 02:43:02.095 - PhaseRunner - NOTICE - Phase profiling (profiling) sending complete | sent=50, completed=42, in_flight=8 | sessions: sent=20, completed=12
2026-08-13 02:43:02.097 - records_manager - INFO - Sent 50 requests. Waiting for all to complete...
2026-08-13 02:43:15.201 - PhaseRunner - NOTICE - Phase profiling (profiling) complete | completed=50, cancelled=0, errors=0 | sessions: completed=12, cancelled=0 | elapsed=105.79s
2026-08-13 02:43:15.202 - PhaseOrchestrator_8e73ebe3 - NOTICE - All credits completed
2026-08-13 02:43:15.202 - system_controller - INFO - Received credits complete from 'timing_manager'
2026-08-13 02:43:15.203 - records_manager - INFO - Received CREDIT_PHASE_COMPLETE message, Phase complete: PhaseRecordsStats(phase=CreditPhase.PROFILING, phase_index=1, profiling_index=0, phase_name='profiling', phase_kind='profiling', start_ns=1786588889411752483, sent_end_ns=1786588982095600027, requests_end_ns=1786588995201194239, baseline_start_ns=1786588889411741331, baseline_end_ns=1786588995201218287, total_expected_requests=50, expected_duration_sec=None, expected_num_sessions=None, expected_grace_period_sec=None, final_requests_sent=None, final_requests_completed=50, final_requests_cancelled=0, final_request_errors=0, final_sent_sessions=None, final_completed_sessions=None, final_cancelled_sessions=None, timeout_triggered=False, grace_period_timeout_triggered=False, was_cancelled=False, records_end_ns=None, success_records=48, error_records=0)
2026-08-13 02:43:15.203 - records_manager - NOTICE - All requests have completed, please wait for the results to be processed (currently 48 of 50 records processed)...
2026-08-13 02:43:15.203 - records_manager - INFO - All credits complete, please wait for the results to be processed...
2026-08-13 02:43:15.205 - aiperf.metrics.types.osl_mismatch_metrics - WARNING - OSL mismatch: got 79 tokens (requested 125, diff -36.8%)
2026-08-13 02:43:15.208 - records_manager - INFO - Processed 50 valid requests and 0 errors (50 total).
2026-08-13 02:43:15.208 - records_manager - INFO - Received all records, processing now...
2026-08-13 02:43:15.209 - gpu_telemetry_manager - INFO - GPU Telemetry: Profiling complete, capturing final metrics...
2026-08-13 02:43:15.210 - records_manager - INFO - Waiting 2.0s for server metrics flush period...
2026-08-13 02:43:17.202 - records_manager - INFO - Processing records results...
2026-08-13 02:43:17.275 - system_controller - INFO - Waiting for result domains: telemetry
2026-08-13 02:43:17.275 - records_manager - INFO - _finalize_and_process_results completed
2026-08-13 02:43:17.276 - system_controller - INFO - All results received, initiating shutdown
2026-08-13 02:43:17.879 - ExporterManager - INFO - Exporting all records
2026-08-13 02:43:17.917 - ExporterManager - INFO - Exporting console data
