2026-08-12 00:42:50.847 - aiperf.cli_runner._single_run - INFO - Starting AIPerf System
2026-08-12 00:42:51.347 - httpx - INFO - HTTP Request: GET https://huggingface.co/api/models/nvidia/NVIDIA-Nemotron-3.5-Lightning-30B-A3B-NVFP4 "HTTP/1.1 200 OK"
2026-08-12 00:42:51.367 - aiperf.config.resolution.resolvers - INFO - [OK] Tokenizer nvidia/NVIDIA-Nemotron-3.5-Lightning-30B-A3B-NVFP4 detected
2026-08-12 00:42:51.367 - aiperf.config.resolution.resolvers - INFO - 1 tokenizer validated | 0.5s
2026-08-12 00:42:51.367 - aiperf.config.resolution.resolvers - INFO - Prefetching 1 tokenizer into HF cache...
2026-08-12 00:42:52.466 - httpx - INFO - HTTP Request: HEAD https://huggingface.co/nvidia/NVIDIA-Nemotron-3.5-Lightning-30B-A3B-NVFP4/resolve/main/config.json "HTTP/1.1 307 Temporary Redirect"
2026-08-12 00:42:52.479 - httpx - INFO - HTTP Request: HEAD https://huggingface.co/api/resolve-cache/models/nvidia/NVIDIA-Nemotron-3.5-Lightning-30B-A3B-NVFP4/b14872a58afd94e2fbbc1e5a1fe4ebb7dfdc5fdd/config.json "HTTP/1.1 200 OK"
2026-08-12 00:42:52.498 - httpx - INFO - HTTP Request: GET https://huggingface.co/api/resolve-cache/models/nvidia/NVIDIA-Nemotron-3.5-Lightning-30B-A3B-NVFP4/b14872a58afd94e2fbbc1e5a1fe4ebb7dfdc5fdd/config.json "HTTP/1.1 200 OK"
2026-08-12 00:42:52.643 - httpx - INFO - HTTP Request: HEAD https://huggingface.co/nvidia/NVIDIA-Nemotron-3.5-Lightning-30B-A3B-NVFP4/resolve/main/tokenizer_config.json "HTTP/1.1 307 Temporary Redirect"
2026-08-12 00:42:52.657 - httpx - INFO - HTTP Request: HEAD https://huggingface.co/api/resolve-cache/models/nvidia/NVIDIA-Nemotron-3.5-Lightning-30B-A3B-NVFP4/b14872a58afd94e2fbbc1e5a1fe4ebb7dfdc5fdd/tokenizer_config.json "HTTP/1.1 200 OK"
2026-08-12 00:42:52.670 - httpx - INFO - HTTP Request: GET https://huggingface.co/api/resolve-cache/models/nvidia/NVIDIA-Nemotron-3.5-Lightning-30B-A3B-NVFP4/b14872a58afd94e2fbbc1e5a1fe4ebb7dfdc5fdd/tokenizer_config.json "HTTP/1.1 200 OK"
2026-08-12 00:42:52.756 - httpx - INFO - HTTP Request: GET https://huggingface.co/api/models/nvidia/NVIDIA-Nemotron-3.5-Lightning-30B-A3B-NVFP4/tree/main/additional_chat_templates?recursive=false&expand=false "HTTP/1.1 404 Not Found"
2026-08-12 00:42:52.855 - httpx - INFO - HTTP Request: GET https://huggingface.co/api/models/nvidia/NVIDIA-Nemotron-3.5-Lightning-30B-A3B-NVFP4/tree/main?recursive=true&expand=false "HTTP/1.1 200 OK"
2026-08-12 00:42:52.949 - httpx - INFO - HTTP Request: HEAD https://huggingface.co/nvidia/NVIDIA-Nemotron-3.5-Lightning-30B-A3B-NVFP4/resolve/main/tokenizer.json "HTTP/1.1 302 Found"
2026-08-12 00:42:52.950 - huggingface_hub.utils._http - WARNING - Warning: You are sending unauthenticated requests to the HF Hub. Please set a HF_TOKEN to enable higher rate limits and faster downloads.
2026-08-12 00:42:53.049 - httpx - INFO - HTTP Request: GET https://huggingface.co/api/models/nvidia/NVIDIA-Nemotron-3.5-Lightning-30B-A3B-NVFP4/xet-read-token/b14872a58afd94e2fbbc1e5a1fe4ebb7dfdc5fdd "HTTP/1.1 200 OK"
2026-08-12 00:42:53.892 - httpx - INFO - HTTP Request: HEAD https://huggingface.co/nvidia/NVIDIA-Nemotron-3.5-Lightning-30B-A3B-NVFP4/resolve/main/tokenizer.model "HTTP/1.1 404 Not Found"
2026-08-12 00:42:53.979 - httpx - INFO - HTTP Request: HEAD https://huggingface.co/nvidia/NVIDIA-Nemotron-3.5-Lightning-30B-A3B-NVFP4/resolve/main/added_tokens.json "HTTP/1.1 404 Not Found"
2026-08-12 00:42:54.066 - httpx - INFO - HTTP Request: HEAD https://huggingface.co/nvidia/NVIDIA-Nemotron-3.5-Lightning-30B-A3B-NVFP4/resolve/main/special_tokens_map.json "HTTP/1.1 307 Temporary Redirect"
2026-08-12 00:42:54.099 - httpx - INFO - HTTP Request: HEAD https://huggingface.co/api/resolve-cache/models/nvidia/NVIDIA-Nemotron-3.5-Lightning-30B-A3B-NVFP4/b14872a58afd94e2fbbc1e5a1fe4ebb7dfdc5fdd/special_tokens_map.json "HTTP/1.1 200 OK"
2026-08-12 00:42:54.111 - httpx - INFO - HTTP Request: GET https://huggingface.co/api/resolve-cache/models/nvidia/NVIDIA-Nemotron-3.5-Lightning-30B-A3B-NVFP4/b14872a58afd94e2fbbc1e5a1fe4ebb7dfdc5fdd/special_tokens_map.json "HTTP/1.1 200 OK"
2026-08-12 00:42:54.205 - httpx - INFO - HTTP Request: HEAD https://huggingface.co/nvidia/NVIDIA-Nemotron-3.5-Lightning-30B-A3B-NVFP4/resolve/main/chat_template.jinja "HTTP/1.1 307 Temporary Redirect"
2026-08-12 00:42:54.221 - httpx - INFO - HTTP Request: HEAD https://huggingface.co/api/resolve-cache/models/nvidia/NVIDIA-Nemotron-3.5-Lightning-30B-A3B-NVFP4/b14872a58afd94e2fbbc1e5a1fe4ebb7dfdc5fdd/chat_template.jinja "HTTP/1.1 200 OK"
2026-08-12 00:42:54.233 - httpx - INFO - HTTP Request: GET https://huggingface.co/api/resolve-cache/models/nvidia/NVIDIA-Nemotron-3.5-Lightning-30B-A3B-NVFP4/b14872a58afd94e2fbbc1e5a1fe4ebb7dfdc5fdd/chat_template.jinja "HTTP/1.1 200 OK"
2026-08-12 00:42:55.141 - httpx - INFO - HTTP Request: GET https://huggingface.co/api/models/nvidia/NVIDIA-Nemotron-3.5-Lightning-30B-A3B-NVFP4 "HTTP/1.1 200 OK"
2026-08-12 00:42:55.190 - aiperf.config.resolution.resolvers - INFO -   Cached nvidia/NVIDIA-Nemotron-3.5-Lightning-30B-A3B-NVFP4 (3.81s)
2026-08-12 00:42:55.221 - aiperf.config.resolution.resolvers - INFO - 1 tokenizer cached • 3.9s
2026-08-12 00:42:55.660 - server_metrics_manager - INFO - Server Metrics: Discovered 1 endpoints: ['http://localhost:8000/metrics']
2026-08-12 00:42:55.712 - GPUTelemetryJSONLWriter_5162f5a2 - INFO - GPU telemetry export enabled: /output/gpu_telemetry_export.jsonl
2026-08-12 00:42:55.723 - OTelMetricsResultsProcessor_db9f96b6 - INFO - Telemetry streaming is disabled (set --otel-url and/or --mlflow-tracking-uri to enable)
2026-08-12 00:42:55.726 - system_controller - INFO - Registered Gpu Telemetry Manager (id: 'gpu_telemetry_manager')
2026-08-12 00:42:55.728 - RecordExportJSONLWriter_164cfaa3 - INFO - Record metrics export enabled: /output/profile_export.jsonl
2026-08-12 00:42:55.729 - system_controller - INFO - Registered Worker Manager (id: 'worker_manager')
2026-08-12 00:42:55.765 - system_controller - INFO - Registered Dataset Manager (id: 'dataset_manager')
2026-08-12 00:42:55.766 - system_controller - INFO - Registered Server Metrics Manager (id: 'server_metrics_manager')
2026-08-12 00:42:55.835 - system_controller - INFO - Registered Records Manager (id: 'records_manager')
2026-08-12 00:42:55.889 - system_controller - INFO - Registered Timing Manager (id: 'timing_manager')
2026-08-12 00:42:55.926 - system_controller - INFO - Registered Record Processor (id: 'record_processor_8ed6c5d5')
2026-08-12 00:42:56.090 - system_controller - INFO - Registered Worker (id: 'worker_b48642df')
2026-08-12 00:42:56.090 - system_controller - INFO - Registered Worker (id: 'worker_355ed9f4')
2026-08-12 00:42:56.091 - system_controller - INFO - Registered Worker (id: 'worker_d8cb1148')
2026-08-12 00:42:56.099 - system_controller - INFO - Registered Worker (id: 'worker_d0d1be92')
2026-08-12 00:42:56.108 - system_controller - INFO - AIPerf System is CONFIGURING
2026-08-12 00:42:56.108 - system_controller - INFO - Configuring all services to start profiling
2026-08-12 00:42:56.110 - timing_manager - INFO - Waiting for dataset to be configured before configuring timing
2026-08-12 00:42:56.109 - InferenceResultParser_e1fba36f - INFO - Configuring tokenizers for inference result parser (resolve_alias: True)
2026-08-12 00:42:56.111 - dataset_manager - INFO - Configuring tokenizer(s) for dataset manager
2026-08-12 00:42:56.116 - server_metrics_manager - INFO - Server Metrics: Capturing baseline metrics...
2026-08-12 00:42:56.126 - http://localhost:8000/metrics - INFO - Skipping unsupported summary metric: http_request_size_bytes
2026-08-12 00:42:56.127 - http://localhost:8000/metrics - INFO - Skipping unsupported summary metric: http_response_size_bytes
2026-08-12 00:42:56.128 - system_controller - INFO - Server metrics enabled - 1/1 endpoint(s) reachable.
2026-08-12 00:42:56.128 - system_controller - INFO - Waiting for result domains: profile, server_metrics, telemetry
2026-08-12 00:42:56.141 - gpu_telemetry_manager - INFO - GPU Telemetry: Capturing baseline metrics from pynvml://localhost
2026-08-12 00:42:56.152 - pynvml_collector - INFO - PyNVML initialized with 1 GPU(s) (0 with GPM support)
2026-08-12 00:42:56.168 - system_controller - INFO - DCGM telemetry enabled - 1/1 endpoint(s) reachable
2026-08-12 00:42:56.662 - httpx - INFO - HTTP Request: HEAD https://huggingface.co/nvidia/NVIDIA-Nemotron-3.5-Lightning-30B-A3B-NVFP4/resolve/main/config.json "HTTP/1.1 307 Temporary Redirect"
2026-08-12 00:42:56.667 - httpx - INFO - HTTP Request: HEAD https://huggingface.co/nvidia/NVIDIA-Nemotron-3.5-Lightning-30B-A3B-NVFP4/resolve/main/config.json "HTTP/1.1 307 Temporary Redirect"
2026-08-12 00:42:56.667 - huggingface_hub.utils._http - WARNING - Warning: You are sending unauthenticated requests to the HF Hub. Please set a HF_TOKEN to enable higher rate limits and faster downloads.
2026-08-12 00:42:56.674 - httpx - INFO - HTTP Request: HEAD https://huggingface.co/api/resolve-cache/models/nvidia/NVIDIA-Nemotron-3.5-Lightning-30B-A3B-NVFP4/b14872a58afd94e2fbbc1e5a1fe4ebb7dfdc5fdd/config.json "HTTP/1.1 200 OK"
2026-08-12 00:42:56.679 - httpx - INFO - HTTP Request: HEAD https://huggingface.co/api/resolve-cache/models/nvidia/NVIDIA-Nemotron-3.5-Lightning-30B-A3B-NVFP4/b14872a58afd94e2fbbc1e5a1fe4ebb7dfdc5fdd/config.json "HTTP/1.1 200 OK"
2026-08-12 00:42:56.808 - httpx - INFO - HTTP Request: HEAD https://huggingface.co/nvidia/NVIDIA-Nemotron-3.5-Lightning-30B-A3B-NVFP4/resolve/main/tokenizer_config.json "HTTP/1.1 307 Temporary Redirect"
2026-08-12 00:42:56.808 - huggingface_hub.utils._http - WARNING - Warning: You are sending unauthenticated requests to the HF Hub. Please set a HF_TOKEN to enable higher rate limits and faster downloads.
2026-08-12 00:42:56.814 - httpx - INFO - HTTP Request: HEAD https://huggingface.co/nvidia/NVIDIA-Nemotron-3.5-Lightning-30B-A3B-NVFP4/resolve/main/tokenizer_config.json "HTTP/1.1 307 Temporary Redirect"
2026-08-12 00:42:56.819 - httpx - INFO - HTTP Request: HEAD https://huggingface.co/api/resolve-cache/models/nvidia/NVIDIA-Nemotron-3.5-Lightning-30B-A3B-NVFP4/b14872a58afd94e2fbbc1e5a1fe4ebb7dfdc5fdd/tokenizer_config.json "HTTP/1.1 200 OK"
2026-08-12 00:42:56.826 - httpx - INFO - HTTP Request: HEAD https://huggingface.co/api/resolve-cache/models/nvidia/NVIDIA-Nemotron-3.5-Lightning-30B-A3B-NVFP4/b14872a58afd94e2fbbc1e5a1fe4ebb7dfdc5fdd/tokenizer_config.json "HTTP/1.1 200 OK"
2026-08-12 00:42:56.908 - httpx - INFO - HTTP Request: GET https://huggingface.co/api/models/nvidia/NVIDIA-Nemotron-3.5-Lightning-30B-A3B-NVFP4/tree/main/additional_chat_templates?recursive=false&expand=false "HTTP/1.1 404 Not Found"
2026-08-12 00:42:56.917 - httpx - INFO - HTTP Request: GET https://huggingface.co/api/models/nvidia/NVIDIA-Nemotron-3.5-Lightning-30B-A3B-NVFP4/tree/main/additional_chat_templates?recursive=false&expand=false "HTTP/1.1 404 Not Found"
2026-08-12 00:42:57.002 - httpx - INFO - HTTP Request: GET https://huggingface.co/api/models/nvidia/NVIDIA-Nemotron-3.5-Lightning-30B-A3B-NVFP4/tree/main?recursive=true&expand=false "HTTP/1.1 200 OK"
2026-08-12 00:42:57.004 - httpx - INFO - HTTP Request: GET https://huggingface.co/api/models/nvidia/NVIDIA-Nemotron-3.5-Lightning-30B-A3B-NVFP4/tree/main?recursive=true&expand=false "HTTP/1.1 200 OK"
2026-08-12 00:42:57.961 - httpx - INFO - HTTP Request: GET https://huggingface.co/api/models/nvidia/NVIDIA-Nemotron-3.5-Lightning-30B-A3B-NVFP4 "HTTP/1.1 200 OK"
2026-08-12 00:42:57.987 - InferenceResultParser_e1fba36f - INFO - Initialized tokenizers: {'nvidia/NVIDIA-Nemotron-3.5-Lightning-30B-A3B-NVFP4': {'class': 'TokenizersBackend', 'name_or_path': 'nvidia/NVIDIA-Nemotron-3.5-Lightning-30B-A3B-NVFP4'}} in 1.88 seconds
2026-08-12 00:42:58.146 - httpx - INFO - HTTP Request: GET https://huggingface.co/api/models/nvidia/NVIDIA-Nemotron-3.5-Lightning-30B-A3B-NVFP4 "HTTP/1.1 200 OK"
2026-08-12 00:42:58.173 - dataset_manager - INFO - Tokenizer(s) configured in 2.06 seconds
2026-08-12 00:42:58.173 - dataset_manager - INFO - Configuring dataset for dataset_manager
2026-08-12 00:42:58.499 - CustomDatasetComposer - INFO - Using explicit dataset format: multi_turn
2026-08-12 00:42:58.581 - MemoryMapDatasetBackingStore_150323df - INFO - Memory-mapped backing store initialized (streaming to /tmp/aiperf_mmap_5932bcdfcda5/dataset.dat)
2026-08-12 00:42:58.598 - MemoryMapDatasetBackingStore_150323df - INFO - Data file finalized: 500 conversations, 1.29 MB
2026-08-12 00:42:58.599 - MemoryMapDatasetBackingStore_150323df - INFO - Index file created: /tmp/aiperf_mmap_5932bcdfcda5/index.dat
2026-08-12 00:42:58.601 - dataset_manager - INFO - Backing store finalized: client_type=DatasetClientStoreType.MEMORY_MAP format=MemoryMapFormat.CONVERSATION data_file_path=PosixPath('/tmp/aiperf_mmap_5932bcdfcda5/dataset.dat') index_file_path=PosixPath('/tmp/aiperf_mmap_5932bcdfcda5/index.dat') conversation_count=500 total_size_bytes=1353963 compressed=False compressed_data_file_path=None compressed_index_file_path=None compressed_size_bytes=0
2026-08-12 00:42:58.612 - dataset_manager - INFO - sampling strategy: sequential, unique conversations: 500, unique turn count: 1783
2026-08-12 00:42:58.650 - dataset_manager - INFO - Generating inputs.json file at /output/inputs.json
2026-08-12 00:42:58.668 - dataset_manager - INFO - inputs.json file generated in 0.02 seconds
2026-08-12 00:42:58.773 - PhaseOrchestrator_8fb1937c - INFO - Initialized 2 phase(s): ['Warmup', 'Profiling']
2026-08-12 00:42:59.118 - dataset_manager - INFO - Dataset client initialized and freed 500 conversations from memory
2026-08-12 00:42:59.118 - dataset_manager - INFO - Dataset configured in 0.95 seconds
2026-08-12 00:42:59.125 - system_controller - INFO - All services configured in 3.01 seconds
2026-08-12 00:42:59.132 - system_controller - INFO - AIPerf System is CONFIGURED
2026-08-12 00:42:59.170 - server_metrics_manager - INFO - Server Metrics: Started 1 collector(s) successfully
2026-08-12 00:42:59.183 - system_controller - INFO - All services started profiling successfully
2026-08-12 00:42:59.183 - system_controller - INFO - AIPerf System is PROFILING
2026-08-12 00:42:59.212 - RateTiming - INFO - Creating interval generator: pattern=concurrency_burst, rate=None, smoothness=None
2026-08-12 00:42:59.216 - PhaseRunner - NOTICE - Phase warmup (warmup) started | phase_index=0 | target: 3 requests
2026-08-12 00:42:59.226 - PhaseRunner - NOTICE - Phase warmup (warmup) sending complete | sent=3, completed=0, in_flight=3 | sessions: sent=3, completed=0
2026-08-12 00:42:59.225 - records_manager - INFO - Credit phase start: warmup
2026-08-12 00:42:59.276 - EventLoopMonitor - WARNING - Event loop for worker_b48642df is taking too long to run. Overhead: 41.53ms
2026-08-12 00:42:59.279 - EventLoopMonitor - WARNING - Event loop for worker_355ed9f4 is taking too long to run. Overhead: 42.23ms
2026-08-12 00:43:11.509 - PhaseRunner - NOTICE - Phase warmup (warmup) complete | completed=3, cancelled=0, errors=0 | sessions: completed=1, cancelled=0 | elapsed=12.29s
2026-08-12 00:43:11.511 - RateTiming - INFO - Creating interval generator: pattern=concurrency_burst, rate=None, smoothness=None
2026-08-12 00:43:11.511 - PhaseRunner - NOTICE - Phase profiling (profiling) started | phase_index=1 | profiling_index=0 | target: 50 requests, 50 sessions
2026-08-12 00:43:11.512 - server_metrics_manager - INFO - Server Metrics: Warmup complete, capturing final warmup metrics...
2026-08-12 00:43:11.512 - records_manager - INFO - Credit phase start: profiling
2026-08-12 00:43:11.539 - EventLoopMonitor - WARNING - Event loop for worker_d8cb1148 is taking too long to run. Overhead: 37.34ms
2026-08-12 00:43:31.418 - aiperf.metrics.types.osl_mismatch_metrics - WARNING - OSL mismatch: got 562 tokens (requested 594, diff -5.4%)
2026-08-12 00:43:42.073 - aiperf.metrics.types.osl_mismatch_metrics - WARNING - OSL mismatch: got 492 tokens (requested 712, diff -30.9%)
2026-08-12 00:44:30.658 - aiperf.metrics.types.osl_mismatch_metrics - WARNING - OSL mismatch: got 521 tokens (requested 619, diff -15.8%)
2026-08-12 00:44:35.382 - aiperf.metrics.types.osl_mismatch_metrics - WARNING - OSL mismatch: got 613 tokens (requested 671, diff -8.6%)
2026-08-12 00:45:28.187 - PhaseRunner - NOTICE - Phase profiling (profiling) sending complete | sent=50, completed=46, in_flight=4 | sessions: sent=17, completed=13
2026-08-12 00:45:28.189 - records_manager - INFO - Sent 50 requests. Waiting for all to complete...
2026-08-12 00:45:36.345 - PhaseRunner - NOTICE - Phase profiling (profiling) complete | completed=50, cancelled=0, errors=0 | sessions: completed=13, cancelled=0 | elapsed=144.83s
2026-08-12 00:45:36.346 - PhaseOrchestrator_8fb1937c - NOTICE - All credits completed
2026-08-12 00:45:36.348 - records_manager - INFO - Received CREDIT_PHASE_COMPLETE message, Phase complete: PhaseRecordsStats(phase=CreditPhase.PROFILING, phase_index=1, profiling_index=0, phase_name='profiling', phase_kind='profiling', start_ns=1786495391511667509, sent_end_ns=1786495528187380218, requests_end_ns=1786495536345281978, baseline_start_ns=1786495391511652757, baseline_end_ns=1786495536345288458, total_expected_requests=50, expected_duration_sec=None, expected_num_sessions=None, expected_grace_period_sec=None, final_requests_sent=None, final_requests_completed=50, final_requests_cancelled=0, final_request_errors=0, final_sent_sessions=None, final_completed_sessions=None, final_cancelled_sessions=None, timeout_triggered=False, grace_period_timeout_triggered=False, was_cancelled=False, records_end_ns=None, success_records=49, error_records=0)
2026-08-12 00:45:36.348 - records_manager - NOTICE - All requests have completed, please wait for the results to be processed (currently 49 of 50 records processed)...
2026-08-12 00:45:36.348 - system_controller - INFO - Received credits complete from 'timing_manager'
2026-08-12 00:45:36.348 - records_manager - INFO - All credits complete, please wait for the results to be processed...
2026-08-12 00:45:36.353 - records_manager - INFO - Processed 50 valid requests and 0 errors (50 total).
2026-08-12 00:45:36.353 - records_manager - INFO - Received all records, processing now...
2026-08-12 00:45:36.358 - records_manager - INFO - Waiting 2.0s for server metrics flush period...
2026-08-12 00:45:36.358 - gpu_telemetry_manager - INFO - GPU Telemetry: Profiling complete, capturing final metrics...
2026-08-12 00:45:36.364 - server_metrics_manager - INFO - Server Metrics: Profiling complete, capturing final metrics...
2026-08-12 00:45:38.346 - records_manager - INFO - Processing records results...
2026-08-12 00:45:38.741 - system_controller - INFO - Waiting for result domains: server_metrics, telemetry
2026-08-12 00:45:38.742 - system_controller - INFO - Waiting for result domains: server_metrics
2026-08-12 00:45:38.862 - records_manager - INFO - _finalize_and_process_results completed
2026-08-12 00:45:38.866 - system_controller - INFO - All results received, initiating shutdown
2026-08-12 00:45:39.481 - ExporterManager - INFO - Exporting all records
2026-08-12 00:45:39.655 - ExporterManager - INFO - Exporting console data
