2026-08-16 10:07:35.954 - aiperf.cli_runner._single_run - INFO - Starting AIPerf System
2026-08-16 10:07:36.397 - httpx - INFO - HTTP Request: GET https://huggingface.co/api/models/nvidia/NVIDIA-Nemotron-3.5-Lightning-30B-A3B-NVFP4 "HTTP/1.1 200 OK"
2026-08-16 10:07:36.406 - aiperf.config.resolution.resolvers - INFO - [OK] Tokenizer nvidia/NVIDIA-Nemotron-3.5-Lightning-30B-A3B-NVFP4 detected
2026-08-16 10:07:36.406 - aiperf.config.resolution.resolvers - INFO - 1 tokenizer validated | 0.4s
2026-08-16 10:07:36.406 - aiperf.config.resolution.resolvers - INFO - Prefetching 1 tokenizer into HF cache...
2026-08-16 10:07:37.218 - httpx - INFO - HTTP Request: HEAD https://huggingface.co/nvidia/NVIDIA-Nemotron-3.5-Lightning-30B-A3B-NVFP4/resolve/main/config.json "HTTP/1.1 307 Temporary Redirect"
2026-08-16 10:07:37.218 - huggingface_hub.utils._http - WARNING - Warning: You are sending unauthenticated requests to the HF Hub. Please set a HF_TOKEN to enable higher rate limits and faster downloads.
2026-08-16 10:07:37.230 - httpx - INFO - HTTP Request: HEAD https://huggingface.co/api/resolve-cache/models/nvidia/NVIDIA-Nemotron-3.5-Lightning-30B-A3B-NVFP4/6dbbd757ea75a8ece6e0702872e3ae53f9987728/config.json "HTTP/1.1 200 OK"
2026-08-16 10:07:37.243 - httpx - INFO - HTTP Request: GET https://huggingface.co/api/resolve-cache/models/nvidia/NVIDIA-Nemotron-3.5-Lightning-30B-A3B-NVFP4/6dbbd757ea75a8ece6e0702872e3ae53f9987728/config.json "HTTP/1.1 200 OK"
2026-08-16 10:07:37.408 - httpx - INFO - HTTP Request: HEAD https://huggingface.co/nvidia/NVIDIA-Nemotron-3.5-Lightning-30B-A3B-NVFP4/resolve/main/tokenizer_config.json "HTTP/1.1 307 Temporary Redirect"
2026-08-16 10:07:37.418 - httpx - INFO - HTTP Request: HEAD https://huggingface.co/api/resolve-cache/models/nvidia/NVIDIA-Nemotron-3.5-Lightning-30B-A3B-NVFP4/6dbbd757ea75a8ece6e0702872e3ae53f9987728/tokenizer_config.json "HTTP/1.1 200 OK"
2026-08-16 10:07:37.427 - httpx - INFO - HTTP Request: GET https://huggingface.co/api/resolve-cache/models/nvidia/NVIDIA-Nemotron-3.5-Lightning-30B-A3B-NVFP4/6dbbd757ea75a8ece6e0702872e3ae53f9987728/tokenizer_config.json "HTTP/1.1 200 OK"
2026-08-16 10:07:37.515 - httpx - INFO - HTTP Request: GET https://huggingface.co/api/models/nvidia/NVIDIA-Nemotron-3.5-Lightning-30B-A3B-NVFP4/tree/main/additional_chat_templates?recursive=false&expand=false "HTTP/1.1 404 Not Found"
2026-08-16 10:07:37.604 - httpx - INFO - HTTP Request: GET https://huggingface.co/api/models/nvidia/NVIDIA-Nemotron-3.5-Lightning-30B-A3B-NVFP4/tree/main?recursive=true&expand=false "HTTP/1.1 200 OK"
2026-08-16 10:07:37.694 - httpx - INFO - HTTP Request: HEAD https://huggingface.co/nvidia/NVIDIA-Nemotron-3.5-Lightning-30B-A3B-NVFP4/resolve/main/tokenizer.json "HTTP/1.1 302 Found"
2026-08-16 10:07:37.785 - httpx - INFO - HTTP Request: GET https://huggingface.co/api/models/nvidia/NVIDIA-Nemotron-3.5-Lightning-30B-A3B-NVFP4/xet-read-token/6dbbd757ea75a8ece6e0702872e3ae53f9987728 "HTTP/1.1 200 OK"
2026-08-16 10:07:38.628 - httpx - INFO - HTTP Request: HEAD https://huggingface.co/nvidia/NVIDIA-Nemotron-3.5-Lightning-30B-A3B-NVFP4/resolve/main/tokenizer.model "HTTP/1.1 404 Not Found"
2026-08-16 10:07:38.717 - httpx - INFO - HTTP Request: HEAD https://huggingface.co/nvidia/NVIDIA-Nemotron-3.5-Lightning-30B-A3B-NVFP4/resolve/main/added_tokens.json "HTTP/1.1 404 Not Found"
2026-08-16 10:07:38.799 - httpx - INFO - HTTP Request: HEAD https://huggingface.co/nvidia/NVIDIA-Nemotron-3.5-Lightning-30B-A3B-NVFP4/resolve/main/special_tokens_map.json "HTTP/1.1 307 Temporary Redirect"
2026-08-16 10:07:38.811 - httpx - INFO - HTTP Request: HEAD https://huggingface.co/api/resolve-cache/models/nvidia/NVIDIA-Nemotron-3.5-Lightning-30B-A3B-NVFP4/6dbbd757ea75a8ece6e0702872e3ae53f9987728/special_tokens_map.json "HTTP/1.1 200 OK"
2026-08-16 10:07:38.820 - httpx - INFO - HTTP Request: GET https://huggingface.co/api/resolve-cache/models/nvidia/NVIDIA-Nemotron-3.5-Lightning-30B-A3B-NVFP4/6dbbd757ea75a8ece6e0702872e3ae53f9987728/special_tokens_map.json "HTTP/1.1 200 OK"
2026-08-16 10:07:38.905 - httpx - INFO - HTTP Request: HEAD https://huggingface.co/nvidia/NVIDIA-Nemotron-3.5-Lightning-30B-A3B-NVFP4/resolve/main/chat_template.jinja "HTTP/1.1 307 Temporary Redirect"
2026-08-16 10:07:38.916 - httpx - INFO - HTTP Request: HEAD https://huggingface.co/api/resolve-cache/models/nvidia/NVIDIA-Nemotron-3.5-Lightning-30B-A3B-NVFP4/6dbbd757ea75a8ece6e0702872e3ae53f9987728/chat_template.jinja "HTTP/1.1 200 OK"
2026-08-16 10:07:38.927 - httpx - INFO - HTTP Request: GET https://huggingface.co/api/resolve-cache/models/nvidia/NVIDIA-Nemotron-3.5-Lightning-30B-A3B-NVFP4/6dbbd757ea75a8ece6e0702872e3ae53f9987728/chat_template.jinja "HTTP/1.1 200 OK"
2026-08-16 10:07:39.783 - httpx - INFO - HTTP Request: GET https://huggingface.co/api/models/nvidia/NVIDIA-Nemotron-3.5-Lightning-30B-A3B-NVFP4 "HTTP/1.1 200 OK"
2026-08-16 10:07:39.824 - aiperf.config.resolution.resolvers - INFO -   Cached nvidia/NVIDIA-Nemotron-3.5-Lightning-30B-A3B-NVFP4 (3.40s)
2026-08-16 10:07:39.876 - aiperf.config.resolution.resolvers - INFO - 1 tokenizer cached • 3.5s
2026-08-16 10:07:40.274 - system_controller - INFO - Registered Gpu Telemetry Manager (id: 'gpu_telemetry_manager')
2026-08-16 10:07:40.307 - server_metrics_manager - INFO - Server Metrics: Discovered 1 endpoints: ['http://localhost:8000/metrics']
2026-08-16 10:07:40.350 - GPUTelemetryJSONLWriter_617acb58 - INFO - GPU telemetry export enabled: /output/gpu_telemetry_export.jsonl
2026-08-16 10:07:40.360 - OTelMetricsResultsProcessor_de7c3768 - INFO - Telemetry streaming is disabled (set --otel-url and/or --mlflow-tracking-uri to enable)
2026-08-16 10:07:40.361 - RecordExportJSONLWriter_994c2bad - INFO - Record metrics export enabled: /output/profile_export.jsonl
2026-08-16 10:07:40.367 - system_controller - INFO - Registered Worker Manager (id: 'worker_manager')
2026-08-16 10:07:40.425 - system_controller - INFO - Registered Dataset Manager (id: 'dataset_manager')
2026-08-16 10:07:40.426 - system_controller - INFO - Registered Server Metrics Manager (id: 'server_metrics_manager')
2026-08-16 10:07:40.469 - system_controller - INFO - Registered Records Manager (id: 'records_manager')
2026-08-16 10:07:40.482 - system_controller - INFO - Registered Record Processor (id: 'record_processor_0b6a9c9c')
2026-08-16 10:07:40.489 - system_controller - INFO - Registered Record Processor (id: 'record_processor_59ede404')
2026-08-16 10:07:40.603 - system_controller - INFO - Registered Timing Manager (id: 'timing_manager')
2026-08-16 10:07:40.683 - system_controller - INFO - Registered Worker (id: 'worker_add29c21')
2026-08-16 10:07:40.748 - system_controller - INFO - Registered Worker (id: 'worker_41a8da6d')
2026-08-16 10:07:40.751 - system_controller - INFO - AIPerf System is CONFIGURING
2026-08-16 10:07:40.751 - system_controller - INFO - Configuring all services to start profiling
2026-08-16 10:07:40.752 - timing_manager - INFO - Waiting for dataset to be configured before configuring timing
2026-08-16 10:07:40.753 - InferenceResultParser_a77b5332 - INFO - Configuring tokenizers for inference result parser (resolve_alias: True)
2026-08-16 10:07:40.753 - InferenceResultParser_6db27a8c - INFO - Configuring tokenizers for inference result parser (resolve_alias: True)
2026-08-16 10:07:40.753 - dataset_manager - INFO - Configuring tokenizer(s) for dataset manager
2026-08-16 10:07:40.765 - server_metrics_manager - INFO - Server Metrics: Capturing baseline metrics...
2026-08-16 10:07:40.767 - system_controller - INFO - Registered Worker (id: 'worker_9a6a6ace')
2026-08-16 10:07:40.772 - system_controller - INFO - Registered Worker (id: 'worker_07e0a988')
2026-08-16 10:07:40.773 - system_controller - INFO - Registered Worker (id: 'worker_4a27c0f1')
2026-08-16 10:07:40.778 - system_controller - INFO - Registered Worker (id: 'worker_e707e09d')
2026-08-16 10:07:40.783 - http://localhost:8000/metrics - INFO - Skipping unsupported summary metric: http_request_size_bytes
2026-08-16 10:07:40.784 - http://localhost:8000/metrics - INFO - Skipping unsupported summary metric: http_response_size_bytes
2026-08-16 10:07:40.784 - gpu_telemetry_manager - INFO - GPU Telemetry: Capturing baseline metrics from pynvml://localhost
2026-08-16 10:07:40.785 - system_controller - INFO - Server metrics enabled - 1/1 endpoint(s) reachable.
2026-08-16 10:07:40.785 - system_controller - INFO - Waiting for result domains: profile, server_metrics, telemetry
2026-08-16 10:07:40.786 - system_controller - INFO - Registered Worker (id: 'worker_a763e5bf')
2026-08-16 10:07:40.786 - system_controller - INFO - Registered Worker (id: 'worker_ad413840')
2026-08-16 10:07:40.794 - pynvml_collector - INFO - PyNVML initialized with 1 GPU(s) (0 with GPM support)
2026-08-16 10:07:40.809 - system_controller - INFO - DCGM telemetry enabled - 1/1 endpoint(s) reachable
2026-08-16 10:07:41.298 - httpx - INFO - HTTP Request: HEAD https://huggingface.co/nvidia/NVIDIA-Nemotron-3.5-Lightning-30B-A3B-NVFP4/resolve/main/config.json "HTTP/1.1 307 Temporary Redirect"
2026-08-16 10:07:41.298 - huggingface_hub.utils._http - WARNING - Warning: You are sending unauthenticated requests to the HF Hub. Please set a HF_TOKEN to enable higher rate limits and faster downloads.
2026-08-16 10:07:41.300 - httpx - INFO - HTTP Request: HEAD https://huggingface.co/nvidia/NVIDIA-Nemotron-3.5-Lightning-30B-A3B-NVFP4/resolve/main/config.json "HTTP/1.1 307 Temporary Redirect"
2026-08-16 10:07:41.301 - huggingface_hub.utils._http - WARNING - Warning: You are sending unauthenticated requests to the HF Hub. Please set a HF_TOKEN to enable higher rate limits and faster downloads.
2026-08-16 10:07:41.301 - httpx - INFO - HTTP Request: HEAD https://huggingface.co/nvidia/NVIDIA-Nemotron-3.5-Lightning-30B-A3B-NVFP4/resolve/main/config.json "HTTP/1.1 307 Temporary Redirect"
2026-08-16 10:07:41.302 - huggingface_hub.utils._http - WARNING - Warning: You are sending unauthenticated requests to the HF Hub. Please set a HF_TOKEN to enable higher rate limits and faster downloads.
2026-08-16 10:07:41.310 - httpx - INFO - HTTP Request: HEAD https://huggingface.co/api/resolve-cache/models/nvidia/NVIDIA-Nemotron-3.5-Lightning-30B-A3B-NVFP4/6dbbd757ea75a8ece6e0702872e3ae53f9987728/config.json "HTTP/1.1 200 OK"
2026-08-16 10:07:41.313 - httpx - INFO - HTTP Request: HEAD https://huggingface.co/api/resolve-cache/models/nvidia/NVIDIA-Nemotron-3.5-Lightning-30B-A3B-NVFP4/6dbbd757ea75a8ece6e0702872e3ae53f9987728/config.json "HTTP/1.1 200 OK"
2026-08-16 10:07:41.313 - httpx - INFO - HTTP Request: HEAD https://huggingface.co/api/resolve-cache/models/nvidia/NVIDIA-Nemotron-3.5-Lightning-30B-A3B-NVFP4/6dbbd757ea75a8ece6e0702872e3ae53f9987728/config.json "HTTP/1.1 200 OK"
2026-08-16 10:07:41.441 - httpx - INFO - HTTP Request: HEAD https://huggingface.co/nvidia/NVIDIA-Nemotron-3.5-Lightning-30B-A3B-NVFP4/resolve/main/tokenizer_config.json "HTTP/1.1 307 Temporary Redirect"
2026-08-16 10:07:41.443 - httpx - INFO - HTTP Request: HEAD https://huggingface.co/nvidia/NVIDIA-Nemotron-3.5-Lightning-30B-A3B-NVFP4/resolve/main/tokenizer_config.json "HTTP/1.1 307 Temporary Redirect"
2026-08-16 10:07:41.446 - httpx - INFO - HTTP Request: HEAD https://huggingface.co/nvidia/NVIDIA-Nemotron-3.5-Lightning-30B-A3B-NVFP4/resolve/main/tokenizer_config.json "HTTP/1.1 307 Temporary Redirect"
2026-08-16 10:07:41.452 - httpx - INFO - HTTP Request: HEAD https://huggingface.co/api/resolve-cache/models/nvidia/NVIDIA-Nemotron-3.5-Lightning-30B-A3B-NVFP4/6dbbd757ea75a8ece6e0702872e3ae53f9987728/tokenizer_config.json "HTTP/1.1 200 OK"
2026-08-16 10:07:41.452 - httpx - INFO - HTTP Request: HEAD https://huggingface.co/api/resolve-cache/models/nvidia/NVIDIA-Nemotron-3.5-Lightning-30B-A3B-NVFP4/6dbbd757ea75a8ece6e0702872e3ae53f9987728/tokenizer_config.json "HTTP/1.1 200 OK"
2026-08-16 10:07:41.455 - httpx - INFO - HTTP Request: HEAD https://huggingface.co/api/resolve-cache/models/nvidia/NVIDIA-Nemotron-3.5-Lightning-30B-A3B-NVFP4/6dbbd757ea75a8ece6e0702872e3ae53f9987728/tokenizer_config.json "HTTP/1.1 200 OK"
2026-08-16 10:07:41.534 - httpx - INFO - HTTP Request: GET https://huggingface.co/api/models/nvidia/NVIDIA-Nemotron-3.5-Lightning-30B-A3B-NVFP4/tree/main/additional_chat_templates?recursive=false&expand=false "HTTP/1.1 404 Not Found"
2026-08-16 10:07:41.536 - httpx - INFO - HTTP Request: GET https://huggingface.co/api/models/nvidia/NVIDIA-Nemotron-3.5-Lightning-30B-A3B-NVFP4/tree/main/additional_chat_templates?recursive=false&expand=false "HTTP/1.1 404 Not Found"
2026-08-16 10:07:41.539 - httpx - INFO - HTTP Request: GET https://huggingface.co/api/models/nvidia/NVIDIA-Nemotron-3.5-Lightning-30B-A3B-NVFP4/tree/main/additional_chat_templates?recursive=false&expand=false "HTTP/1.1 404 Not Found"
2026-08-16 10:07:41.624 - httpx - INFO - HTTP Request: GET https://huggingface.co/api/models/nvidia/NVIDIA-Nemotron-3.5-Lightning-30B-A3B-NVFP4/tree/main?recursive=true&expand=false "HTTP/1.1 200 OK"
2026-08-16 10:07:41.630 - httpx - INFO - HTTP Request: GET https://huggingface.co/api/models/nvidia/NVIDIA-Nemotron-3.5-Lightning-30B-A3B-NVFP4/tree/main?recursive=true&expand=false "HTTP/1.1 200 OK"
2026-08-16 10:07:41.631 - httpx - INFO - HTTP Request: GET https://huggingface.co/api/models/nvidia/NVIDIA-Nemotron-3.5-Lightning-30B-A3B-NVFP4/tree/main?recursive=true&expand=false "HTTP/1.1 200 OK"
2026-08-16 10:07:42.591 - httpx - INFO - HTTP Request: GET https://huggingface.co/api/models/nvidia/NVIDIA-Nemotron-3.5-Lightning-30B-A3B-NVFP4 "HTTP/1.1 200 OK"
2026-08-16 10:07:42.596 - httpx - INFO - HTTP Request: GET https://huggingface.co/api/models/nvidia/NVIDIA-Nemotron-3.5-Lightning-30B-A3B-NVFP4 "HTTP/1.1 200 OK"
2026-08-16 10:07:42.600 - httpx - INFO - HTTP Request: GET https://huggingface.co/api/models/nvidia/NVIDIA-Nemotron-3.5-Lightning-30B-A3B-NVFP4 "HTTP/1.1 200 OK"
2026-08-16 10:07:42.621 - dataset_manager - INFO - Tokenizer(s) configured in 1.87 seconds
2026-08-16 10:07:42.622 - dataset_manager - INFO - Configuring dataset for dataset_manager
2026-08-16 10:07:42.627 - InferenceResultParser_6db27a8c - INFO - Initialized tokenizers: {'nvidia/NVIDIA-Nemotron-3.5-Lightning-30B-A3B-NVFP4': {'class': 'TokenizersBackend', 'name_or_path': 'nvidia/NVIDIA-Nemotron-3.5-Lightning-30B-A3B-NVFP4'}} in 1.87 seconds
2026-08-16 10:07:42.633 - InferenceResultParser_a77b5332 - INFO - Initialized tokenizers: {'nvidia/NVIDIA-Nemotron-3.5-Lightning-30B-A3B-NVFP4': {'class': 'TokenizersBackend', 'name_or_path': 'nvidia/NVIDIA-Nemotron-3.5-Lightning-30B-A3B-NVFP4'}} in 1.88 seconds
2026-08-16 10:07:42.871 - CustomDatasetComposer - INFO - Using explicit dataset format: multi_turn
2026-08-16 10:07:42.937 - MemoryMapDatasetBackingStore_9db7bdcd - INFO - Memory-mapped backing store initialized (streaming to /tmp/aiperf_mmap_93c0c67e0b31/dataset.dat)
2026-08-16 10:07:42.957 - MemoryMapDatasetBackingStore_9db7bdcd - INFO - Data file finalized: 500 conversations, 1.29 MB
2026-08-16 10:07:42.958 - MemoryMapDatasetBackingStore_9db7bdcd - INFO - Index file created: /tmp/aiperf_mmap_93c0c67e0b31/index.dat
2026-08-16 10:07:42.958 - dataset_manager - INFO - Backing store finalized: client_type=DatasetClientStoreType.MEMORY_MAP format=MemoryMapFormat.CONVERSATION data_file_path=PosixPath('/tmp/aiperf_mmap_93c0c67e0b31/dataset.dat') index_file_path=PosixPath('/tmp/aiperf_mmap_93c0c67e0b31/index.dat') conversation_count=500 total_size_bytes=1353406 compressed=False compressed_data_file_path=None compressed_index_file_path=None compressed_size_bytes=0
2026-08-16 10:07:42.968 - dataset_manager - INFO - sampling strategy: sequential, unique conversations: 500, unique turn count: 1783
2026-08-16 10:07:42.974 - dataset_manager - INFO - Generating inputs.json file at /output/inputs.json
2026-08-16 10:07:42.982 - system_controller - WARNING - Received command response for service we were not expecting: worker_e707e09d. Ignoring.
2026-08-16 10:07:42.982 - system_controller - WARNING - Received command response for service we were not expecting: worker_a763e5bf. Ignoring.
2026-08-16 10:07:42.982 - system_controller - WARNING - Received command response for service we were not expecting: worker_ad413840. Ignoring.
2026-08-16 10:07:42.985 - system_controller - WARNING - Received command response for service we were not expecting: worker_9a6a6ace. Ignoring.
2026-08-16 10:07:42.985 - system_controller - WARNING - Received command response for service we were not expecting: worker_4a27c0f1. Ignoring.
2026-08-16 10:07:42.985 - system_controller - WARNING - Received command response for service we were not expecting: worker_07e0a988. Ignoring.
2026-08-16 10:07:42.985 - PhaseOrchestrator_5a2f3c8d - INFO - Initialized 2 phase(s): ['Warmup', 'Profiling']
2026-08-16 10:07:42.989 - dataset_manager - INFO - inputs.json file generated in 0.02 seconds
2026-08-16 10:07:43.125 - dataset_manager - INFO - Dataset client initialized and freed 500 conversations from memory
2026-08-16 10:07:43.125 - dataset_manager - INFO - Dataset configured in 0.50 seconds
2026-08-16 10:07:43.126 - system_controller - INFO - All services configured in 2.37 seconds
2026-08-16 10:07:43.126 - system_controller - INFO - AIPerf System is CONFIGURED
2026-08-16 10:07:43.127 - server_metrics_manager - INFO - Server Metrics: Started 1 collector(s) successfully
2026-08-16 10:07:43.127 - system_controller - INFO - All services started profiling successfully
2026-08-16 10:07:43.127 - system_controller - INFO - AIPerf System is PROFILING
2026-08-16 10:07:43.134 - RateTiming - INFO - Creating interval generator: pattern=concurrency_burst, rate=None, smoothness=None
2026-08-16 10:07:43.134 - PhaseRunner - NOTICE - Phase warmup (warmup) started | phase_index=0 | target: 3 requests
2026-08-16 10:07:43.135 - PhaseRunner - NOTICE - Phase warmup (warmup) sending complete | sent=3, completed=0, in_flight=3 | sessions: sent=3, completed=0
2026-08-16 10:07:43.135 - records_manager - INFO - Credit phase start: warmup
2026-08-16 10:07:47.994 - PhaseRunner - NOTICE - Phase warmup (warmup) complete | completed=3, cancelled=0, errors=0 | sessions: completed=1, cancelled=0 | elapsed=4.86s
2026-08-16 10:07:47.995 - RateTiming - INFO - Creating interval generator: pattern=concurrency_burst, rate=None, smoothness=None
2026-08-16 10:07:47.995 - PhaseRunner - NOTICE - Phase profiling (profiling) started | phase_index=1 | profiling_index=0 | target: 50 requests, 50 sessions
2026-08-16 10:07:47.995 - server_metrics_manager - INFO - Server Metrics: Warmup complete, capturing final warmup metrics...
2026-08-16 10:07:47.996 - records_manager - INFO - Credit phase start: profiling
2026-08-16 10:08:13.241 - PhaseRunner - NOTICE - Phase profiling (profiling) sending complete | sent=50, completed=42, in_flight=8 | sessions: sent=20, completed=12
2026-08-16 10:08:13.243 - records_manager - INFO - Sent 50 requests. Waiting for all to complete...
2026-08-16 10:08:19.932 - PhaseRunner - NOTICE - Phase profiling (profiling) complete | completed=50, cancelled=0, errors=0 | sessions: completed=13, cancelled=0 | elapsed=31.94s
2026-08-16 10:08:19.932 - PhaseOrchestrator_5a2f3c8d - NOTICE - All credits completed
2026-08-16 10:08:19.933 - system_controller - INFO - Received credits complete from 'timing_manager'
2026-08-16 10:08:19.934 - records_manager - INFO - Received CREDIT_PHASE_COMPLETE message, Phase complete: PhaseRecordsStats(phase=CreditPhase.PROFILING, phase_index=1, profiling_index=0, phase_name='profiling', phase_kind='profiling', start_ns=1786874867995636616, sent_end_ns=1786874893241514473, requests_end_ns=1786874899931906185, baseline_start_ns=1786874867995626456, baseline_end_ns=1786874899931912873, total_expected_requests=50, expected_duration_sec=None, expected_num_sessions=None, expected_grace_period_sec=None, final_requests_sent=None, final_requests_completed=50, final_requests_cancelled=0, final_request_errors=0, final_sent_sessions=None, final_completed_sessions=None, final_cancelled_sessions=None, timeout_triggered=False, grace_period_timeout_triggered=False, was_cancelled=False, records_end_ns=None, success_records=49, error_records=0)
2026-08-16 10:08:19.934 - records_manager - NOTICE - All requests have completed, please wait for the results to be processed (currently 49 of 50 records processed)...
2026-08-16 10:08:19.934 - records_manager - INFO - All credits complete, please wait for the results to be processed...
2026-08-16 10:08:19.943 - aiperf.metrics.types.osl_mismatch_metrics - WARNING - OSL mismatch: got 538 tokens (requested 577, diff -6.8%)
2026-08-16 10:08:19.946 - records_manager - INFO - Processed 50 valid requests and 0 errors (50 total).
2026-08-16 10:08:19.946 - records_manager - INFO - Received all records, processing now...
2026-08-16 10:08:19.947 - gpu_telemetry_manager - INFO - GPU Telemetry: Profiling complete, capturing final metrics...
2026-08-16 10:08:19.947 - records_manager - INFO - Waiting 2.0s for server metrics flush period...
2026-08-16 10:08:19.952 - server_metrics_manager - INFO - Server Metrics: Profiling complete, capturing final metrics...
2026-08-16 10:08:21.932 - records_manager - INFO - Processing records results...
2026-08-16 10:08:22.085 - system_controller - INFO - Waiting for result domains: server_metrics, telemetry
2026-08-16 10:08:22.085 - system_controller - INFO - Waiting for result domains: server_metrics
2026-08-16 10:08:22.120 - records_manager - INFO - _finalize_and_process_results completed
2026-08-16 10:08:22.122 - system_controller - INFO - All results received, initiating shutdown
2026-08-16 10:08:22.724 - ExporterManager - INFO - Exporting all records
2026-08-16 10:08:22.790 - ExporterManager - INFO - Exporting console data
