2026-08-16 10:39:17.823 - aiperf.cli_runner._single_run - INFO - Starting AIPerf System
2026-08-16 10:39:18.296 - httpx - INFO - HTTP Request: GET https://huggingface.co/api/models/nvidia/NVIDIA-Nemotron-3.5-Lightning-30B-A3B-NVFP4 "HTTP/1.1 200 OK"
2026-08-16 10:39:18.312 - aiperf.config.resolution.resolvers - INFO - [OK] Tokenizer nvidia/NVIDIA-Nemotron-3.5-Lightning-30B-A3B-NVFP4 detected
2026-08-16 10:39:18.312 - aiperf.config.resolution.resolvers - INFO - 1 tokenizer validated | 0.5s
2026-08-16 10:39:18.312 - aiperf.config.resolution.resolvers - INFO - Prefetching 1 tokenizer into HF cache...
2026-08-16 10:39:19.200 - httpx - INFO - HTTP Request: HEAD https://huggingface.co/nvidia/NVIDIA-Nemotron-3.5-Lightning-30B-A3B-NVFP4/resolve/main/config.json "HTTP/1.1 307 Temporary Redirect"
2026-08-16 10:39:19.210 - httpx - INFO - HTTP Request: HEAD https://huggingface.co/api/resolve-cache/models/nvidia/NVIDIA-Nemotron-3.5-Lightning-30B-A3B-NVFP4/6dbbd757ea75a8ece6e0702872e3ae53f9987728/config.json "HTTP/1.1 200 OK"
2026-08-16 10:39:19.222 - httpx - INFO - HTTP Request: GET https://huggingface.co/api/resolve-cache/models/nvidia/NVIDIA-Nemotron-3.5-Lightning-30B-A3B-NVFP4/6dbbd757ea75a8ece6e0702872e3ae53f9987728/config.json "HTTP/1.1 200 OK"
2026-08-16 10:39:19.362 - httpx - INFO - HTTP Request: HEAD https://huggingface.co/nvidia/NVIDIA-Nemotron-3.5-Lightning-30B-A3B-NVFP4/resolve/main/tokenizer_config.json "HTTP/1.1 307 Temporary Redirect"
2026-08-16 10:39:19.371 - httpx - INFO - HTTP Request: HEAD https://huggingface.co/api/resolve-cache/models/nvidia/NVIDIA-Nemotron-3.5-Lightning-30B-A3B-NVFP4/6dbbd757ea75a8ece6e0702872e3ae53f9987728/tokenizer_config.json "HTTP/1.1 200 OK"
2026-08-16 10:39:19.381 - httpx - INFO - HTTP Request: GET https://huggingface.co/api/resolve-cache/models/nvidia/NVIDIA-Nemotron-3.5-Lightning-30B-A3B-NVFP4/6dbbd757ea75a8ece6e0702872e3ae53f9987728/tokenizer_config.json "HTTP/1.1 200 OK"
2026-08-16 10:39:19.467 - httpx - INFO - HTTP Request: GET https://huggingface.co/api/models/nvidia/NVIDIA-Nemotron-3.5-Lightning-30B-A3B-NVFP4/tree/main/additional_chat_templates?recursive=false&expand=false "HTTP/1.1 404 Not Found"
2026-08-16 10:39:19.551 - httpx - INFO - HTTP Request: GET https://huggingface.co/api/models/nvidia/NVIDIA-Nemotron-3.5-Lightning-30B-A3B-NVFP4/tree/main?recursive=true&expand=false "HTTP/1.1 200 OK"
2026-08-16 10:39:19.632 - httpx - INFO - HTTP Request: HEAD https://huggingface.co/nvidia/NVIDIA-Nemotron-3.5-Lightning-30B-A3B-NVFP4/resolve/main/tokenizer.json "HTTP/1.1 302 Found"
2026-08-16 10:39:19.633 - huggingface_hub.utils._http - WARNING - Warning: You are sending unauthenticated requests to the HF Hub. Please set a HF_TOKEN to enable higher rate limits and faster downloads.
2026-08-16 10:39:19.716 - httpx - INFO - HTTP Request: GET https://huggingface.co/api/models/nvidia/NVIDIA-Nemotron-3.5-Lightning-30B-A3B-NVFP4/xet-read-token/6dbbd757ea75a8ece6e0702872e3ae53f9987728 "HTTP/1.1 200 OK"
2026-08-16 10:39:20.593 - httpx - INFO - HTTP Request: HEAD https://huggingface.co/nvidia/NVIDIA-Nemotron-3.5-Lightning-30B-A3B-NVFP4/resolve/main/tokenizer.model "HTTP/1.1 404 Not Found"
2026-08-16 10:39:20.672 - httpx - INFO - HTTP Request: HEAD https://huggingface.co/nvidia/NVIDIA-Nemotron-3.5-Lightning-30B-A3B-NVFP4/resolve/main/added_tokens.json "HTTP/1.1 404 Not Found"
2026-08-16 10:39:20.753 - httpx - INFO - HTTP Request: HEAD https://huggingface.co/nvidia/NVIDIA-Nemotron-3.5-Lightning-30B-A3B-NVFP4/resolve/main/special_tokens_map.json "HTTP/1.1 307 Temporary Redirect"
2026-08-16 10:39:20.767 - httpx - INFO - HTTP Request: HEAD https://huggingface.co/api/resolve-cache/models/nvidia/NVIDIA-Nemotron-3.5-Lightning-30B-A3B-NVFP4/6dbbd757ea75a8ece6e0702872e3ae53f9987728/special_tokens_map.json "HTTP/1.1 200 OK"
2026-08-16 10:39:20.777 - httpx - INFO - HTTP Request: GET https://huggingface.co/api/resolve-cache/models/nvidia/NVIDIA-Nemotron-3.5-Lightning-30B-A3B-NVFP4/6dbbd757ea75a8ece6e0702872e3ae53f9987728/special_tokens_map.json "HTTP/1.1 200 OK"
2026-08-16 10:39:20.855 - httpx - INFO - HTTP Request: HEAD https://huggingface.co/nvidia/NVIDIA-Nemotron-3.5-Lightning-30B-A3B-NVFP4/resolve/main/chat_template.jinja "HTTP/1.1 307 Temporary Redirect"
2026-08-16 10:39:20.867 - httpx - INFO - HTTP Request: HEAD https://huggingface.co/api/resolve-cache/models/nvidia/NVIDIA-Nemotron-3.5-Lightning-30B-A3B-NVFP4/6dbbd757ea75a8ece6e0702872e3ae53f9987728/chat_template.jinja "HTTP/1.1 200 OK"
2026-08-16 10:39:20.874 - httpx - INFO - HTTP Request: GET https://huggingface.co/api/resolve-cache/models/nvidia/NVIDIA-Nemotron-3.5-Lightning-30B-A3B-NVFP4/6dbbd757ea75a8ece6e0702872e3ae53f9987728/chat_template.jinja "HTTP/1.1 200 OK"
2026-08-16 10:39:21.744 - httpx - INFO - HTTP Request: GET https://huggingface.co/api/models/nvidia/NVIDIA-Nemotron-3.5-Lightning-30B-A3B-NVFP4 "HTTP/1.1 200 OK"
2026-08-16 10:39:21.793 - aiperf.config.resolution.resolvers - INFO -   Cached nvidia/NVIDIA-Nemotron-3.5-Lightning-30B-A3B-NVFP4 (3.46s)
2026-08-16 10:39:21.822 - aiperf.config.resolution.resolvers - INFO - 1 tokenizer cached • 3.5s
2026-08-16 10:39:22.253 - system_controller - INFO - Registered Gpu Telemetry Manager (id: 'gpu_telemetry_manager')
2026-08-16 10:39:22.255 - system_controller - INFO - Registered Dataset Manager (id: 'dataset_manager')
2026-08-16 10:39:22.286 - server_metrics_manager - INFO - Server Metrics: Discovered 1 endpoints: ['http://localhost:8000/metrics']
2026-08-16 10:39:22.343 - system_controller - INFO - Registered Worker Manager (id: 'worker_manager')
2026-08-16 10:39:22.382 - GPUTelemetryJSONLWriter_a502b919 - INFO - GPU telemetry export enabled: /output/gpu_telemetry_export.jsonl
2026-08-16 10:39:22.392 - OTelMetricsResultsProcessor_805d8a22 - INFO - Telemetry streaming is disabled (set --otel-url and/or --mlflow-tracking-uri to enable)
2026-08-16 10:39:22.396 - RecordExportJSONLWriter_3ad5da05 - INFO - Record metrics export enabled: /output/profile_export.jsonl
2026-08-16 10:39:22.427 - system_controller - INFO - Registered Server Metrics Manager (id: 'server_metrics_manager')
2026-08-16 10:39:22.504 - system_controller - INFO - Registered Records Manager (id: 'records_manager')
2026-08-16 10:39:22.576 - system_controller - INFO - Registered Record Processor (id: 'record_processor_624bb920')
2026-08-16 10:39:22.579 - system_controller - INFO - Registered Record Processor (id: 'record_processor_c788db7e')
2026-08-16 10:39:22.603 - system_controller - INFO - Registered Timing Manager (id: 'timing_manager')
2026-08-16 10:39:22.634 - system_controller - INFO - Registered Worker (id: 'worker_c9992060')
2026-08-16 10:39:22.653 - system_controller - INFO - Registered Worker (id: 'worker_01fa227a')
2026-08-16 10:39:22.655 - system_controller - INFO - Registered Worker (id: 'worker_7d87cb96')
2026-08-16 10:39:22.732 - system_controller - INFO - AIPerf System is CONFIGURING
2026-08-16 10:39:22.732 - system_controller - INFO - Configuring all services to start profiling
2026-08-16 10:39:22.733 - timing_manager - INFO - Waiting for dataset to be configured before configuring timing
2026-08-16 10:39:22.734 - InferenceResultParser_f9373869 - INFO - Configuring tokenizers for inference result parser (resolve_alias: True)
2026-08-16 10:39:22.734 - InferenceResultParser_1368e32e - INFO - Configuring tokenizers for inference result parser (resolve_alias: True)
2026-08-16 10:39:22.734 - dataset_manager - INFO - Configuring tokenizer(s) for dataset manager
2026-08-16 10:39:22.735 - system_controller - INFO - Registered Worker (id: 'worker_19f69b68')
2026-08-16 10:39:22.746 - server_metrics_manager - INFO - Server Metrics: Capturing baseline metrics...
2026-08-16 10:39:22.757 - system_controller - INFO - Registered Worker (id: 'worker_429ae3a2')
2026-08-16 10:39:22.762 - http://localhost:8000/metrics - INFO - Skipping unsupported summary metric: http_request_size_bytes
2026-08-16 10:39:22.763 - http://localhost:8000/metrics - INFO - Skipping unsupported summary metric: http_response_size_bytes
2026-08-16 10:39:22.764 - gpu_telemetry_manager - INFO - GPU Telemetry: Capturing baseline metrics from pynvml://localhost
2026-08-16 10:39:22.764 - system_controller - INFO - Server metrics enabled - 1/1 endpoint(s) reachable.
2026-08-16 10:39:22.765 - system_controller - INFO - Waiting for result domains: profile, server_metrics, telemetry
2026-08-16 10:39:22.766 - system_controller - INFO - Registered Worker (id: 'worker_54f72931')
2026-08-16 10:39:22.774 - system_controller - INFO - Registered Worker (id: 'worker_0c5c51d3')
2026-08-16 10:39:22.775 - pynvml_collector - INFO - PyNVML initialized with 1 GPU(s) (0 with GPM support)
2026-08-16 10:39:22.783 - system_controller - INFO - Registered Worker (id: 'worker_ca9316e1')
2026-08-16 10:39:22.790 - system_controller - INFO - DCGM telemetry enabled - 1/1 endpoint(s) reachable
2026-08-16 10:39:23.549 - httpx - INFO - HTTP Request: HEAD https://huggingface.co/nvidia/NVIDIA-Nemotron-3.5-Lightning-30B-A3B-NVFP4/resolve/main/config.json "HTTP/1.1 307 Temporary Redirect"
2026-08-16 10:39:23.550 - httpx - INFO - HTTP Request: HEAD https://huggingface.co/nvidia/NVIDIA-Nemotron-3.5-Lightning-30B-A3B-NVFP4/resolve/main/config.json "HTTP/1.1 307 Temporary Redirect"
2026-08-16 10:39:23.551 - huggingface_hub.utils._http - WARNING - Warning: You are sending unauthenticated requests to the HF Hub. Please set a HF_TOKEN to enable higher rate limits and faster downloads.
2026-08-16 10:39:23.554 - httpx - INFO - HTTP Request: HEAD https://huggingface.co/nvidia/NVIDIA-Nemotron-3.5-Lightning-30B-A3B-NVFP4/resolve/main/config.json "HTTP/1.1 307 Temporary Redirect"
2026-08-16 10:39:23.554 - huggingface_hub.utils._http - WARNING - Warning: You are sending unauthenticated requests to the HF Hub. Please set a HF_TOKEN to enable higher rate limits and faster downloads.
2026-08-16 10:39:23.559 - httpx - INFO - HTTP Request: HEAD https://huggingface.co/api/resolve-cache/models/nvidia/NVIDIA-Nemotron-3.5-Lightning-30B-A3B-NVFP4/6dbbd757ea75a8ece6e0702872e3ae53f9987728/config.json "HTTP/1.1 200 OK"
2026-08-16 10:39:23.561 - httpx - INFO - HTTP Request: HEAD https://huggingface.co/api/resolve-cache/models/nvidia/NVIDIA-Nemotron-3.5-Lightning-30B-A3B-NVFP4/6dbbd757ea75a8ece6e0702872e3ae53f9987728/config.json "HTTP/1.1 200 OK"
2026-08-16 10:39:23.563 - httpx - INFO - HTTP Request: HEAD https://huggingface.co/api/resolve-cache/models/nvidia/NVIDIA-Nemotron-3.5-Lightning-30B-A3B-NVFP4/6dbbd757ea75a8ece6e0702872e3ae53f9987728/config.json "HTTP/1.1 200 OK"
2026-08-16 10:39:23.686 - httpx - INFO - HTTP Request: HEAD https://huggingface.co/nvidia/NVIDIA-Nemotron-3.5-Lightning-30B-A3B-NVFP4/resolve/main/tokenizer_config.json "HTTP/1.1 307 Temporary Redirect"
2026-08-16 10:39:23.699 - httpx - INFO - HTTP Request: HEAD https://huggingface.co/api/resolve-cache/models/nvidia/NVIDIA-Nemotron-3.5-Lightning-30B-A3B-NVFP4/6dbbd757ea75a8ece6e0702872e3ae53f9987728/tokenizer_config.json "HTTP/1.1 200 OK"
2026-08-16 10:39:23.699 - httpx - INFO - HTTP Request: HEAD https://huggingface.co/nvidia/NVIDIA-Nemotron-3.5-Lightning-30B-A3B-NVFP4/resolve/main/tokenizer_config.json "HTTP/1.1 307 Temporary Redirect"
2026-08-16 10:39:23.710 - httpx - INFO - HTTP Request: HEAD https://huggingface.co/api/resolve-cache/models/nvidia/NVIDIA-Nemotron-3.5-Lightning-30B-A3B-NVFP4/6dbbd757ea75a8ece6e0702872e3ae53f9987728/tokenizer_config.json "HTTP/1.1 200 OK"
2026-08-16 10:39:23.749 - httpx - INFO - HTTP Request: HEAD https://huggingface.co/nvidia/NVIDIA-Nemotron-3.5-Lightning-30B-A3B-NVFP4/resolve/main/tokenizer_config.json "HTTP/1.1 307 Temporary Redirect"
2026-08-16 10:39:23.750 - huggingface_hub.utils._http - WARNING - Warning: You are sending unauthenticated requests to the HF Hub. Please set a HF_TOKEN to enable higher rate limits and faster downloads.
2026-08-16 10:39:23.760 - httpx - INFO - HTTP Request: HEAD https://huggingface.co/api/resolve-cache/models/nvidia/NVIDIA-Nemotron-3.5-Lightning-30B-A3B-NVFP4/6dbbd757ea75a8ece6e0702872e3ae53f9987728/tokenizer_config.json "HTTP/1.1 200 OK"
2026-08-16 10:39:23.779 - httpx - INFO - HTTP Request: GET https://huggingface.co/api/models/nvidia/NVIDIA-Nemotron-3.5-Lightning-30B-A3B-NVFP4/tree/main/additional_chat_templates?recursive=false&expand=false "HTTP/1.1 404 Not Found"
2026-08-16 10:39:23.801 - httpx - INFO - HTTP Request: GET https://huggingface.co/api/models/nvidia/NVIDIA-Nemotron-3.5-Lightning-30B-A3B-NVFP4/tree/main/additional_chat_templates?recursive=false&expand=false "HTTP/1.1 404 Not Found"
2026-08-16 10:39:23.840 - httpx - INFO - HTTP Request: GET https://huggingface.co/api/models/nvidia/NVIDIA-Nemotron-3.5-Lightning-30B-A3B-NVFP4/tree/main/additional_chat_templates?recursive=false&expand=false "HTTP/1.1 404 Not Found"
2026-08-16 10:39:23.863 - httpx - INFO - HTTP Request: GET https://huggingface.co/api/models/nvidia/NVIDIA-Nemotron-3.5-Lightning-30B-A3B-NVFP4/tree/main?recursive=true&expand=false "HTTP/1.1 200 OK"
2026-08-16 10:39:23.884 - httpx - INFO - HTTP Request: GET https://huggingface.co/api/models/nvidia/NVIDIA-Nemotron-3.5-Lightning-30B-A3B-NVFP4/tree/main?recursive=true&expand=false "HTTP/1.1 200 OK"
2026-08-16 10:39:23.928 - httpx - INFO - HTTP Request: GET https://huggingface.co/api/models/nvidia/NVIDIA-Nemotron-3.5-Lightning-30B-A3B-NVFP4/tree/main?recursive=true&expand=false "HTTP/1.1 200 OK"
2026-08-16 10:39:24.805 - httpx - INFO - HTTP Request: GET https://huggingface.co/api/models/nvidia/NVIDIA-Nemotron-3.5-Lightning-30B-A3B-NVFP4 "HTTP/1.1 200 OK"
2026-08-16 10:39:24.814 - httpx - INFO - HTTP Request: GET https://huggingface.co/api/models/nvidia/NVIDIA-Nemotron-3.5-Lightning-30B-A3B-NVFP4 "HTTP/1.1 200 OK"
2026-08-16 10:39:24.832 - InferenceResultParser_f9373869 - INFO - Initialized tokenizers: {'nvidia/NVIDIA-Nemotron-3.5-Lightning-30B-A3B-NVFP4': {'class': 'TokenizersBackend', 'name_or_path': 'nvidia/NVIDIA-Nemotron-3.5-Lightning-30B-A3B-NVFP4'}} in 2.10 seconds
2026-08-16 10:39:24.849 - InferenceResultParser_1368e32e - INFO - Initialized tokenizers: {'nvidia/NVIDIA-Nemotron-3.5-Lightning-30B-A3B-NVFP4': {'class': 'TokenizersBackend', 'name_or_path': 'nvidia/NVIDIA-Nemotron-3.5-Lightning-30B-A3B-NVFP4'}} in 2.12 seconds
2026-08-16 10:39:24.920 - httpx - INFO - HTTP Request: GET https://huggingface.co/api/models/nvidia/NVIDIA-Nemotron-3.5-Lightning-30B-A3B-NVFP4 "HTTP/1.1 200 OK"
2026-08-16 10:39:24.947 - dataset_manager - INFO - Tokenizer(s) configured in 2.21 seconds
2026-08-16 10:39:24.947 - dataset_manager - INFO - Configuring dataset for dataset_manager
2026-08-16 10:39:25.220 - CustomDatasetComposer - INFO - Using explicit dataset format: multi_turn
2026-08-16 10:39:25.287 - MemoryMapDatasetBackingStore_8c3a8d66 - INFO - Memory-mapped backing store initialized (streaming to /tmp/aiperf_mmap_7216f481b5d9/dataset.dat)
2026-08-16 10:39:25.302 - MemoryMapDatasetBackingStore_8c3a8d66 - INFO - Data file finalized: 500 conversations, 1.27 MB
2026-08-16 10:39:25.302 - MemoryMapDatasetBackingStore_8c3a8d66 - INFO - Index file created: /tmp/aiperf_mmap_7216f481b5d9/index.dat
2026-08-16 10:39:25.302 - dataset_manager - INFO - Backing store finalized: client_type=DatasetClientStoreType.MEMORY_MAP format=MemoryMapFormat.CONVERSATION data_file_path=PosixPath('/tmp/aiperf_mmap_7216f481b5d9/dataset.dat') index_file_path=PosixPath('/tmp/aiperf_mmap_7216f481b5d9/index.dat') conversation_count=500 total_size_bytes=1331455 compressed=False compressed_data_file_path=None compressed_index_file_path=None compressed_size_bytes=0
2026-08-16 10:39:25.311 - dataset_manager - INFO - sampling strategy: sequential, unique conversations: 500, unique turn count: 1783
2026-08-16 10:39:25.316 - dataset_manager - INFO - Generating inputs.json file at /output/inputs.json
2026-08-16 10:39:25.324 - system_controller - WARNING - Received command response for service we were not expecting: worker_19f69b68. Ignoring.
2026-08-16 10:39:25.326 - system_controller - WARNING - Received command response for service we were not expecting: worker_54f72931. Ignoring.
2026-08-16 10:39:25.327 - system_controller - WARNING - Received command response for service we were not expecting: worker_0c5c51d3. Ignoring.
2026-08-16 10:39:25.327 - PhaseOrchestrator_ef5fba37 - INFO - Initialized 2 phase(s): ['Warmup', 'Profiling']
2026-08-16 10:39:25.327 - system_controller - WARNING - Received command response for service we were not expecting: worker_429ae3a2. Ignoring.
2026-08-16 10:39:25.328 - system_controller - WARNING - Received command response for service we were not expecting: worker_ca9316e1. Ignoring.
2026-08-16 10:39:25.331 - dataset_manager - INFO - inputs.json file generated in 0.01 seconds
2026-08-16 10:39:25.452 - dataset_manager - INFO - Dataset client initialized and freed 500 conversations from memory
2026-08-16 10:39:25.452 - dataset_manager - INFO - Dataset configured in 0.51 seconds
2026-08-16 10:39:25.453 - system_controller - INFO - All services configured in 2.72 seconds
2026-08-16 10:39:25.453 - system_controller - INFO - AIPerf System is CONFIGURED
2026-08-16 10:39:25.454 - server_metrics_manager - INFO - Server Metrics: Started 1 collector(s) successfully
2026-08-16 10:39:25.454 - system_controller - INFO - All services started profiling successfully
2026-08-16 10:39:25.454 - system_controller - INFO - AIPerf System is PROFILING
2026-08-16 10:39:25.459 - RateTiming - INFO - Creating interval generator: pattern=concurrency_burst, rate=None, smoothness=None
2026-08-16 10:39:25.459 - PhaseRunner - NOTICE - Phase warmup (warmup) started | phase_index=0 | target: 3 requests
2026-08-16 10:39:25.460 - records_manager - INFO - Credit phase start: warmup
2026-08-16 10:39:25.460 - PhaseRunner - NOTICE - Phase warmup (warmup) sending complete | sent=3, completed=0, in_flight=3 | sessions: sent=3, completed=0
2026-08-16 10:39:30.344 - PhaseRunner - NOTICE - Phase warmup (warmup) complete | completed=3, cancelled=0, errors=0 | sessions: completed=0, cancelled=0 | elapsed=4.88s
2026-08-16 10:39:30.345 - RateTiming - INFO - Creating interval generator: pattern=concurrency_burst, rate=None, smoothness=None
2026-08-16 10:39:30.345 - server_metrics_manager - INFO - Server Metrics: Warmup complete, capturing final warmup metrics...
2026-08-16 10:39:30.345 - PhaseRunner - NOTICE - Phase profiling (profiling) started | phase_index=1 | profiling_index=0 | target: 50 requests, 50 sessions
2026-08-16 10:39:30.346 - records_manager - INFO - Credit phase start: profiling
2026-08-16 10:39:55.983 - PhaseRunner - NOTICE - Phase profiling (profiling) sending complete | sent=50, completed=42, in_flight=8 | sessions: sent=18, completed=10
2026-08-16 10:39:55.985 - records_manager - INFO - Sent 50 requests. Waiting for all to complete...
2026-08-16 10:39:59.736 - PhaseRunner - NOTICE - Phase profiling (profiling) complete | completed=50, cancelled=0, errors=0 | sessions: completed=12, cancelled=0 | elapsed=29.39s
2026-08-16 10:39:59.737 - PhaseOrchestrator_ef5fba37 - NOTICE - All credits completed
2026-08-16 10:39:59.738 - system_controller - INFO - Received credits complete from 'timing_manager'
2026-08-16 10:39:59.738 - records_manager - INFO - Received CREDIT_PHASE_COMPLETE message, Phase complete: PhaseRecordsStats(phase=CreditPhase.PROFILING, phase_index=1, profiling_index=0, phase_name='profiling', phase_kind='profiling', start_ns=1786876770345531848, sent_end_ns=1786876795983000285, requests_end_ns=1786876799736200090, baseline_start_ns=1786876770345521080, baseline_end_ns=1786876799736211019, total_expected_requests=50, expected_duration_sec=None, expected_num_sessions=None, expected_grace_period_sec=None, final_requests_sent=None, final_requests_completed=50, final_requests_cancelled=0, final_request_errors=0, final_sent_sessions=None, final_completed_sessions=None, final_cancelled_sessions=None, timeout_triggered=False, grace_period_timeout_triggered=False, was_cancelled=False, records_end_ns=None, success_records=49, error_records=0)
2026-08-16 10:39:59.739 - records_manager - NOTICE - All requests have completed, please wait for the results to be processed (currently 49 of 50 records processed)...
2026-08-16 10:39:59.739 - records_manager - INFO - All credits complete, please wait for the results to be processed...
2026-08-16 10:39:59.743 - records_manager - INFO - Processed 50 valid requests and 0 errors (50 total).
2026-08-16 10:39:59.743 - records_manager - INFO - Received all records, processing now...
2026-08-16 10:39:59.744 - gpu_telemetry_manager - INFO - GPU Telemetry: Profiling complete, capturing final metrics...
2026-08-16 10:39:59.744 - server_metrics_manager - INFO - Server Metrics: Profiling complete, capturing final metrics...
2026-08-16 10:39:59.745 - records_manager - INFO - Waiting 2.0s for server metrics flush period...
2026-08-16 10:40:01.737 - records_manager - INFO - Processing records results...
2026-08-16 10:40:01.890 - system_controller - INFO - Waiting for result domains: server_metrics, telemetry
2026-08-16 10:40:01.891 - system_controller - INFO - Waiting for result domains: server_metrics
2026-08-16 10:40:01.923 - records_manager - INFO - _finalize_and_process_results completed
2026-08-16 10:40:01.925 - system_controller - INFO - All results received, initiating shutdown
2026-08-16 10:40:02.528 - ExporterManager - INFO - Exporting all records
2026-08-16 10:40:02.581 - ExporterManager - INFO - Exporting console data
