2026-08-11 19:09:13.133 - aiperf.cli_runner._single_run - INFO - Starting AIPerf System
2026-08-11 19:09:13.562 - httpx - INFO - HTTP Request: GET https://huggingface.co/api/models/nvidia/NVIDIA-Nemotron-3.5-Lightning-30B-A3B-NVFP4 "HTTP/1.1 200 OK"
2026-08-11 19:09:13.569 - aiperf.config.resolution.resolvers - INFO - [OK] Tokenizer nvidia/NVIDIA-Nemotron-3.5-Lightning-30B-A3B-NVFP4 detected
2026-08-11 19:09:13.569 - aiperf.config.resolution.resolvers - INFO - 1 tokenizer validated | 0.4s
2026-08-11 19:09:13.569 - aiperf.config.resolution.resolvers - INFO - Prefetching 1 tokenizer into HF cache...
2026-08-11 19:09:14.394 - httpx - INFO - HTTP Request: HEAD https://huggingface.co/nvidia/NVIDIA-Nemotron-3.5-Lightning-30B-A3B-NVFP4/resolve/main/config.json "HTTP/1.1 307 Temporary Redirect"
2026-08-11 19:09:14.394 - huggingface_hub.utils._http - WARNING - Warning: You are sending unauthenticated requests to the HF Hub. Please set a HF_TOKEN to enable higher rate limits and faster downloads.
2026-08-11 19:09:14.410 - httpx - INFO - HTTP Request: HEAD https://huggingface.co/api/resolve-cache/models/nvidia/NVIDIA-Nemotron-3.5-Lightning-30B-A3B-NVFP4/c54e25e3fd0916b761eaa3ec4ecee2837e481a21/config.json "HTTP/1.1 200 OK"
2026-08-11 19:09:14.423 - httpx - INFO - HTTP Request: GET https://huggingface.co/api/resolve-cache/models/nvidia/NVIDIA-Nemotron-3.5-Lightning-30B-A3B-NVFP4/c54e25e3fd0916b761eaa3ec4ecee2837e481a21/config.json "HTTP/1.1 200 OK"
2026-08-11 19:09:14.583 - httpx - INFO - HTTP Request: HEAD https://huggingface.co/nvidia/NVIDIA-Nemotron-3.5-Lightning-30B-A3B-NVFP4/resolve/main/tokenizer_config.json "HTTP/1.1 307 Temporary Redirect"
2026-08-11 19:09:14.595 - httpx - INFO - HTTP Request: HEAD https://huggingface.co/api/resolve-cache/models/nvidia/NVIDIA-Nemotron-3.5-Lightning-30B-A3B-NVFP4/c54e25e3fd0916b761eaa3ec4ecee2837e481a21/tokenizer_config.json "HTTP/1.1 200 OK"
2026-08-11 19:09:14.607 - httpx - INFO - HTTP Request: GET https://huggingface.co/api/resolve-cache/models/nvidia/NVIDIA-Nemotron-3.5-Lightning-30B-A3B-NVFP4/c54e25e3fd0916b761eaa3ec4ecee2837e481a21/tokenizer_config.json "HTTP/1.1 200 OK"
2026-08-11 19:09:14.693 - httpx - INFO - HTTP Request: GET https://huggingface.co/api/models/nvidia/NVIDIA-Nemotron-3.5-Lightning-30B-A3B-NVFP4/tree/main/additional_chat_templates?recursive=false&expand=false "HTTP/1.1 404 Not Found"
2026-08-11 19:09:14.778 - httpx - INFO - HTTP Request: GET https://huggingface.co/api/models/nvidia/NVIDIA-Nemotron-3.5-Lightning-30B-A3B-NVFP4/tree/main?recursive=true&expand=false "HTTP/1.1 200 OK"
2026-08-11 19:09:14.865 - httpx - INFO - HTTP Request: HEAD https://huggingface.co/nvidia/NVIDIA-Nemotron-3.5-Lightning-30B-A3B-NVFP4/resolve/main/tokenizer.json "HTTP/1.1 302 Found"
2026-08-11 19:09:14.955 - httpx - INFO - HTTP Request: GET https://huggingface.co/api/models/nvidia/NVIDIA-Nemotron-3.5-Lightning-30B-A3B-NVFP4/xet-read-token/c54e25e3fd0916b761eaa3ec4ecee2837e481a21 "HTTP/1.1 200 OK"
2026-08-11 19:09:15.799 - httpx - INFO - HTTP Request: HEAD https://huggingface.co/nvidia/NVIDIA-Nemotron-3.5-Lightning-30B-A3B-NVFP4/resolve/main/tokenizer.model "HTTP/1.1 404 Not Found"
2026-08-11 19:09:15.890 - httpx - INFO - HTTP Request: HEAD https://huggingface.co/nvidia/NVIDIA-Nemotron-3.5-Lightning-30B-A3B-NVFP4/resolve/main/added_tokens.json "HTTP/1.1 404 Not Found"
2026-08-11 19:09:15.977 - httpx - INFO - HTTP Request: HEAD https://huggingface.co/nvidia/NVIDIA-Nemotron-3.5-Lightning-30B-A3B-NVFP4/resolve/main/special_tokens_map.json "HTTP/1.1 307 Temporary Redirect"
2026-08-11 19:09:15.989 - httpx - INFO - HTTP Request: HEAD https://huggingface.co/api/resolve-cache/models/nvidia/NVIDIA-Nemotron-3.5-Lightning-30B-A3B-NVFP4/c54e25e3fd0916b761eaa3ec4ecee2837e481a21/special_tokens_map.json "HTTP/1.1 200 OK"
2026-08-11 19:09:16.001 - httpx - INFO - HTTP Request: GET https://huggingface.co/api/resolve-cache/models/nvidia/NVIDIA-Nemotron-3.5-Lightning-30B-A3B-NVFP4/c54e25e3fd0916b761eaa3ec4ecee2837e481a21/special_tokens_map.json "HTTP/1.1 200 OK"
2026-08-11 19:09:16.087 - httpx - INFO - HTTP Request: HEAD https://huggingface.co/nvidia/NVIDIA-Nemotron-3.5-Lightning-30B-A3B-NVFP4/resolve/main/chat_template.jinja "HTTP/1.1 307 Temporary Redirect"
2026-08-11 19:09:16.103 - httpx - INFO - HTTP Request: HEAD https://huggingface.co/api/resolve-cache/models/nvidia/NVIDIA-Nemotron-3.5-Lightning-30B-A3B-NVFP4/c54e25e3fd0916b761eaa3ec4ecee2837e481a21/chat_template.jinja "HTTP/1.1 200 OK"
2026-08-11 19:09:16.116 - httpx - INFO - HTTP Request: GET https://huggingface.co/api/resolve-cache/models/nvidia/NVIDIA-Nemotron-3.5-Lightning-30B-A3B-NVFP4/c54e25e3fd0916b761eaa3ec4ecee2837e481a21/chat_template.jinja "HTTP/1.1 200 OK"
2026-08-11 19:09:16.978 - httpx - INFO - HTTP Request: GET https://huggingface.co/api/models/nvidia/NVIDIA-Nemotron-3.5-Lightning-30B-A3B-NVFP4 "HTTP/1.1 200 OK"
2026-08-11 19:09:17.044 - aiperf.config.resolution.resolvers - INFO -   Cached nvidia/NVIDIA-Nemotron-3.5-Lightning-30B-A3B-NVFP4 (3.46s)
2026-08-11 19:09:17.096 - aiperf.config.resolution.resolvers - INFO - 1 tokenizer cached • 3.5s
2026-08-11 19:09:17.480 - server_metrics_manager - INFO - Server Metrics: Discovered 1 endpoints: ['http://localhost:80/metrics']
2026-08-11 19:09:17.514 - GPUTelemetryJSONLWriter_c3329a5d - INFO - GPU telemetry export enabled: /output/gpu_telemetry_export.jsonl
2026-08-11 19:09:17.525 - OTelMetricsResultsProcessor_2bcbca09 - INFO - Telemetry streaming is disabled (set --otel-url and/or --mlflow-tracking-uri to enable)
2026-08-11 19:09:17.527 - RecordExportJSONLWriter_7782dd1d - INFO - Record metrics export enabled: /output/profile_export.jsonl
2026-08-11 19:09:17.533 - system_controller - INFO - Registered Gpu Telemetry Manager (id: 'gpu_telemetry_manager')
2026-08-11 19:09:17.539 - system_controller - INFO - Registered Worker Manager (id: 'worker_manager')
2026-08-11 19:09:17.579 - system_controller - INFO - Registered Dataset Manager (id: 'dataset_manager')
2026-08-11 19:09:17.583 - system_controller - INFO - Registered Server Metrics Manager (id: 'server_metrics_manager')
2026-08-11 19:09:17.638 - system_controller - INFO - Registered Record Processor (id: 'record_processor_774c1762')
2026-08-11 19:09:17.659 - system_controller - INFO - Registered Records Manager (id: 'records_manager')
2026-08-11 19:09:17.735 - system_controller - INFO - Registered Record Processor (id: 'record_processor_73761e7c')
2026-08-11 19:09:17.781 - system_controller - INFO - Registered Timing Manager (id: 'timing_manager')
2026-08-11 19:09:17.839 - system_controller - INFO - Registered Worker (id: 'worker_bbd2b609')
2026-08-11 19:09:17.918 - system_controller - INFO - AIPerf System is CONFIGURING
2026-08-11 19:09:17.918 - system_controller - INFO - Configuring all services to start profiling
2026-08-11 19:09:17.919 - InferenceResultParser_e46ee2c7 - INFO - Configuring tokenizers for inference result parser (resolve_alias: True)
2026-08-11 19:09:17.919 - InferenceResultParser_0512f4d7 - INFO - Configuring tokenizers for inference result parser (resolve_alias: True)
2026-08-11 19:09:17.919 - timing_manager - INFO - Waiting for dataset to be configured before configuring timing
2026-08-11 19:09:17.920 - dataset_manager - INFO - Configuring tokenizer(s) for dataset manager
2026-08-11 19:09:17.925 - system_controller - INFO - Registered Worker (id: 'worker_245c039c')
2026-08-11 19:09:17.929 - system_controller - INFO - Registered Worker (id: 'worker_84e45cc9')
2026-08-11 19:09:17.930 - server_metrics_manager - INFO - Server Metrics: Capturing baseline metrics...
2026-08-11 19:09:17.930 - system_controller - INFO - Registered Worker (id: 'worker_00bc2683')
2026-08-11 19:09:17.931 - system_controller - INFO - Registered Worker (id: 'worker_3861df9c')
2026-08-11 19:09:17.932 - system_controller - INFO - Registered Worker (id: 'worker_316d54d9')
2026-08-11 19:09:17.936 - system_controller - INFO - Registered Worker (id: 'worker_b2ba552d')
2026-08-11 19:09:17.938 - system_controller - INFO - Registered Worker (id: 'worker_5c11a0c6')
2026-08-11 19:09:17.943 - http://localhost:80/metrics - INFO - Skipping unsupported summary metric: http_request_size_bytes
2026-08-11 19:09:17.943 - http://localhost:80/metrics - INFO - Skipping unsupported summary metric: http_response_size_bytes
2026-08-11 19:09:17.944 - system_controller - INFO - Server metrics enabled - 1/1 endpoint(s) reachable.
2026-08-11 19:09:17.945 - system_controller - INFO - Waiting for result domains: profile, server_metrics, telemetry
2026-08-11 19:09:17.952 - gpu_telemetry_manager - INFO - GPU Telemetry: Capturing baseline metrics from pynvml://localhost
2026-08-11 19:09:17.960 - pynvml_collector - INFO - PyNVML initialized with 1 GPU(s) (0 with GPM support)
2026-08-11 19:09:17.975 - system_controller - INFO - DCGM telemetry enabled - 1/1 endpoint(s) reachable
2026-08-11 19:09:18.472 - httpx - INFO - HTTP Request: HEAD https://huggingface.co/nvidia/NVIDIA-Nemotron-3.5-Lightning-30B-A3B-NVFP4/resolve/main/config.json "HTTP/1.1 307 Temporary Redirect"
2026-08-11 19:09:18.472 - httpx - INFO - HTTP Request: HEAD https://huggingface.co/nvidia/NVIDIA-Nemotron-3.5-Lightning-30B-A3B-NVFP4/resolve/main/config.json "HTTP/1.1 307 Temporary Redirect"
2026-08-11 19:09:18.473 - huggingface_hub.utils._http - WARNING - Warning: You are sending unauthenticated requests to the HF Hub. Please set a HF_TOKEN to enable higher rate limits and faster downloads.
2026-08-11 19:09:18.484 - httpx - INFO - HTTP Request: HEAD https://huggingface.co/api/resolve-cache/models/nvidia/NVIDIA-Nemotron-3.5-Lightning-30B-A3B-NVFP4/c54e25e3fd0916b761eaa3ec4ecee2837e481a21/config.json "HTTP/1.1 200 OK"
2026-08-11 19:09:18.485 - httpx - INFO - HTTP Request: HEAD https://huggingface.co/api/resolve-cache/models/nvidia/NVIDIA-Nemotron-3.5-Lightning-30B-A3B-NVFP4/c54e25e3fd0916b761eaa3ec4ecee2837e481a21/config.json "HTTP/1.1 200 OK"
2026-08-11 19:09:18.579 - httpx - INFO - HTTP Request: HEAD https://huggingface.co/nvidia/NVIDIA-Nemotron-3.5-Lightning-30B-A3B-NVFP4/resolve/main/config.json "HTTP/1.1 307 Temporary Redirect"
2026-08-11 19:09:18.580 - huggingface_hub.utils._http - WARNING - Warning: You are sending unauthenticated requests to the HF Hub. Please set a HF_TOKEN to enable higher rate limits and faster downloads.
2026-08-11 19:09:18.594 - httpx - INFO - HTTP Request: HEAD https://huggingface.co/api/resolve-cache/models/nvidia/NVIDIA-Nemotron-3.5-Lightning-30B-A3B-NVFP4/c54e25e3fd0916b761eaa3ec4ecee2837e481a21/config.json "HTTP/1.1 200 OK"
2026-08-11 19:09:18.619 - httpx - INFO - HTTP Request: HEAD https://huggingface.co/nvidia/NVIDIA-Nemotron-3.5-Lightning-30B-A3B-NVFP4/resolve/main/tokenizer_config.json "HTTP/1.1 307 Temporary Redirect"
2026-08-11 19:09:18.622 - httpx - INFO - HTTP Request: HEAD https://huggingface.co/nvidia/NVIDIA-Nemotron-3.5-Lightning-30B-A3B-NVFP4/resolve/main/tokenizer_config.json "HTTP/1.1 307 Temporary Redirect"
2026-08-11 19:09:18.622 - huggingface_hub.utils._http - WARNING - Warning: You are sending unauthenticated requests to the HF Hub. Please set a HF_TOKEN to enable higher rate limits and faster downloads.
2026-08-11 19:09:18.634 - httpx - INFO - HTTP Request: HEAD https://huggingface.co/api/resolve-cache/models/nvidia/NVIDIA-Nemotron-3.5-Lightning-30B-A3B-NVFP4/c54e25e3fd0916b761eaa3ec4ecee2837e481a21/tokenizer_config.json "HTTP/1.1 200 OK"
2026-08-11 19:09:18.634 - httpx - INFO - HTTP Request: HEAD https://huggingface.co/api/resolve-cache/models/nvidia/NVIDIA-Nemotron-3.5-Lightning-30B-A3B-NVFP4/c54e25e3fd0916b761eaa3ec4ecee2837e481a21/tokenizer_config.json "HTTP/1.1 200 OK"
2026-08-11 19:09:18.722 - httpx - INFO - HTTP Request: GET https://huggingface.co/api/models/nvidia/NVIDIA-Nemotron-3.5-Lightning-30B-A3B-NVFP4/tree/main/additional_chat_templates?recursive=false&expand=false "HTTP/1.1 404 Not Found"
2026-08-11 19:09:18.722 - httpx - INFO - HTTP Request: GET https://huggingface.co/api/models/nvidia/NVIDIA-Nemotron-3.5-Lightning-30B-A3B-NVFP4/tree/main/additional_chat_templates?recursive=false&expand=false "HTTP/1.1 404 Not Found"
2026-08-11 19:09:18.749 - httpx - INFO - HTTP Request: HEAD https://huggingface.co/nvidia/NVIDIA-Nemotron-3.5-Lightning-30B-A3B-NVFP4/resolve/main/tokenizer_config.json "HTTP/1.1 307 Temporary Redirect"
2026-08-11 19:09:18.761 - httpx - INFO - HTTP Request: HEAD https://huggingface.co/api/resolve-cache/models/nvidia/NVIDIA-Nemotron-3.5-Lightning-30B-A3B-NVFP4/c54e25e3fd0916b761eaa3ec4ecee2837e481a21/tokenizer_config.json "HTTP/1.1 200 OK"
2026-08-11 19:09:18.812 - httpx - INFO - HTTP Request: GET https://huggingface.co/api/models/nvidia/NVIDIA-Nemotron-3.5-Lightning-30B-A3B-NVFP4/tree/main?recursive=true&expand=false "HTTP/1.1 200 OK"
2026-08-11 19:09:18.814 - httpx - INFO - HTTP Request: GET https://huggingface.co/api/models/nvidia/NVIDIA-Nemotron-3.5-Lightning-30B-A3B-NVFP4/tree/main?recursive=true&expand=false "HTTP/1.1 200 OK"
2026-08-11 19:09:18.849 - httpx - INFO - HTTP Request: GET https://huggingface.co/api/models/nvidia/NVIDIA-Nemotron-3.5-Lightning-30B-A3B-NVFP4/tree/main/additional_chat_templates?recursive=false&expand=false "HTTP/1.1 404 Not Found"
2026-08-11 19:09:18.943 - httpx - INFO - HTTP Request: GET https://huggingface.co/api/models/nvidia/NVIDIA-Nemotron-3.5-Lightning-30B-A3B-NVFP4/tree/main?recursive=true&expand=false "HTTP/1.1 200 OK"
2026-08-11 19:09:19.800 - httpx - INFO - HTTP Request: GET https://huggingface.co/api/models/nvidia/NVIDIA-Nemotron-3.5-Lightning-30B-A3B-NVFP4 "HTTP/1.1 200 OK"
2026-08-11 19:09:19.800 - httpx - INFO - HTTP Request: GET https://huggingface.co/api/models/nvidia/NVIDIA-Nemotron-3.5-Lightning-30B-A3B-NVFP4 "HTTP/1.1 200 OK"
2026-08-11 19:09:19.827 - InferenceResultParser_0512f4d7 - INFO - Initialized tokenizers: {'nvidia/NVIDIA-Nemotron-3.5-Lightning-30B-A3B-NVFP4': {'class': 'TokenizersBackend', 'name_or_path': 'nvidia/NVIDIA-Nemotron-3.5-Lightning-30B-A3B-NVFP4'}} in 1.91 seconds
2026-08-11 19:09:19.840 - InferenceResultParser_e46ee2c7 - INFO - Initialized tokenizers: {'nvidia/NVIDIA-Nemotron-3.5-Lightning-30B-A3B-NVFP4': {'class': 'TokenizersBackend', 'name_or_path': 'nvidia/NVIDIA-Nemotron-3.5-Lightning-30B-A3B-NVFP4'}} in 1.92 seconds
2026-08-11 19:09:19.920 - httpx - INFO - HTTP Request: GET https://huggingface.co/api/models/nvidia/NVIDIA-Nemotron-3.5-Lightning-30B-A3B-NVFP4 "HTTP/1.1 200 OK"
2026-08-11 19:09:19.940 - dataset_manager - INFO - Tokenizer(s) configured in 2.02 seconds
2026-08-11 19:09:19.940 - dataset_manager - INFO - Configuring dataset for dataset_manager
2026-08-11 19:09:20.216 - CustomDatasetComposer - INFO - Using explicit dataset format: multi_turn
2026-08-11 19:09:20.285 - MemoryMapDatasetBackingStore_7c5e68aa - INFO - Memory-mapped backing store initialized (streaming to /tmp/aiperf_mmap_d8202319ab69/dataset.dat)
2026-08-11 19:09:20.300 - MemoryMapDatasetBackingStore_7c5e68aa - INFO - Data file finalized: 500 conversations, 1.27 MB
2026-08-11 19:09:20.301 - MemoryMapDatasetBackingStore_7c5e68aa - INFO - Index file created: /tmp/aiperf_mmap_d8202319ab69/index.dat
2026-08-11 19:09:20.301 - dataset_manager - INFO - Backing store finalized: client_type=DatasetClientStoreType.MEMORY_MAP format=MemoryMapFormat.CONVERSATION data_file_path=PosixPath('/tmp/aiperf_mmap_d8202319ab69/dataset.dat') index_file_path=PosixPath('/tmp/aiperf_mmap_d8202319ab69/index.dat') conversation_count=500 total_size_bytes=1331693 compressed=False compressed_data_file_path=None compressed_index_file_path=None compressed_size_bytes=0
2026-08-11 19:09:20.310 - dataset_manager - INFO - sampling strategy: sequential, unique conversations: 500, unique turn count: 1783
2026-08-11 19:09:20.315 - dataset_manager - INFO - Generating inputs.json file at /output/inputs.json
2026-08-11 19:09:20.322 - system_controller - WARNING - Received command response for service we were not expecting: worker_245c039c. Ignoring.
2026-08-11 19:09:20.323 - system_controller - WARNING - Received command response for service we were not expecting: worker_316d54d9. Ignoring.
2026-08-11 19:09:20.323 - system_controller - WARNING - Received command response for service we were not expecting: worker_00bc2683. Ignoring.
2026-08-11 19:09:20.326 - PhaseOrchestrator_f9601149 - INFO - Initialized 2 phase(s): ['Warmup', 'Profiling']
2026-08-11 19:09:20.327 - system_controller - WARNING - Received command response for service we were not expecting: worker_84e45cc9. Ignoring.
2026-08-11 19:09:20.327 - system_controller - WARNING - Received command response for service we were not expecting: worker_3861df9c. Ignoring.
2026-08-11 19:09:20.327 - system_controller - WARNING - Received command response for service we were not expecting: worker_b2ba552d. Ignoring.
2026-08-11 19:09:20.328 - system_controller - WARNING - Received command response for service we were not expecting: worker_5c11a0c6. Ignoring.
2026-08-11 19:09:20.330 - dataset_manager - INFO - inputs.json file generated in 0.01 seconds
2026-08-11 19:09:20.445 - dataset_manager - INFO - Dataset client initialized and freed 500 conversations from memory
2026-08-11 19:09:20.445 - dataset_manager - INFO - Dataset configured in 0.51 seconds
2026-08-11 19:09:20.446 - system_controller - INFO - All services configured in 2.53 seconds
2026-08-11 19:09:20.446 - system_controller - INFO - AIPerf System is CONFIGURED
2026-08-11 19:09:20.447 - server_metrics_manager - INFO - Server Metrics: Started 1 collector(s) successfully
2026-08-11 19:09:20.448 - system_controller - INFO - All services started profiling successfully
2026-08-11 19:09:20.448 - system_controller - INFO - AIPerf System is PROFILING
2026-08-11 19:09:20.454 - RateTiming - INFO - Creating interval generator: pattern=concurrency_burst, rate=None, smoothness=None
2026-08-11 19:09:20.455 - PhaseRunner - NOTICE - Phase warmup (warmup) started | phase_index=0 | target: 3 requests
2026-08-11 19:09:20.456 - PhaseRunner - NOTICE - Phase warmup (warmup) sending complete | sent=3, completed=0, in_flight=3 | sessions: sent=3, completed=0
2026-08-11 19:09:20.459 - records_manager - INFO - Credit phase start: warmup
2026-08-11 19:09:22.870 - PhaseRunner - NOTICE - Phase warmup (warmup) complete | completed=3, cancelled=0, errors=0 | sessions: completed=0, cancelled=0 | elapsed=2.41s
2026-08-11 19:09:22.871 - server_metrics_manager - INFO - Server Metrics: Warmup complete, capturing final warmup metrics...
2026-08-11 19:09:22.871 - RateTiming - INFO - Creating interval generator: pattern=concurrency_burst, rate=None, smoothness=None
2026-08-11 19:09:22.871 - PhaseRunner - NOTICE - Phase profiling (profiling) started | phase_index=1 | profiling_index=0 | target: 50 requests, 50 sessions
2026-08-11 19:09:22.872 - records_manager - INFO - Credit phase start: profiling
2026-08-11 19:09:44.895 - PhaseRunner - NOTICE - Phase profiling (profiling) sending complete | sent=50, completed=42, in_flight=8 | sessions: sent=16, completed=8
2026-08-11 19:09:44.896 - records_manager - INFO - Sent 50 requests. Waiting for all to complete...
2026-08-11 19:09:49.424 - PhaseRunner - NOTICE - Phase profiling (profiling) complete | completed=50, cancelled=0, errors=0 | sessions: completed=13, cancelled=0 | elapsed=26.55s
2026-08-11 19:09:49.425 - PhaseOrchestrator_f9601149 - NOTICE - All credits completed
2026-08-11 19:09:49.426 - system_controller - INFO - Received credits complete from 'timing_manager'
2026-08-11 19:09:49.426 - records_manager - INFO - Received CREDIT_PHASE_COMPLETE message, Phase complete: PhaseRecordsStats(phase=CreditPhase.PROFILING, phase_index=1, profiling_index=0, phase_name='profiling', phase_kind='profiling', start_ns=1786475362871733770, sent_end_ns=1786475384894914951, requests_end_ns=1786475389424477933, baseline_start_ns=1786475362871718890, baseline_end_ns=1786475389424494397, total_expected_requests=50, expected_duration_sec=None, expected_num_sessions=None, expected_grace_period_sec=None, final_requests_sent=None, final_requests_completed=50, final_requests_cancelled=0, final_request_errors=0, final_sent_sessions=None, final_completed_sessions=None, final_cancelled_sessions=None, timeout_triggered=False, grace_period_timeout_triggered=False, was_cancelled=False, records_end_ns=None, success_records=49, error_records=0)
2026-08-11 19:09:49.426 - records_manager - NOTICE - All requests have completed, please wait for the results to be processed (currently 49 of 50 records processed)...
2026-08-11 19:09:49.427 - records_manager - INFO - All credits complete, please wait for the results to be processed...
2026-08-11 19:09:49.434 - records_manager - INFO - Processed 50 valid requests and 0 errors (50 total).
2026-08-11 19:09:49.434 - records_manager - INFO - Received all records, processing now...
2026-08-11 19:09:49.435 - gpu_telemetry_manager - INFO - GPU Telemetry: Profiling complete, capturing final metrics...
2026-08-11 19:09:49.435 - records_manager - INFO - Waiting 2.0s for server metrics flush period...
2026-08-11 19:09:49.444 - server_metrics_manager - INFO - Server Metrics: Profiling complete, capturing final metrics...
2026-08-11 19:09:51.426 - records_manager - INFO - Processing records results...
2026-08-11 19:09:51.571 - system_controller - INFO - Waiting for result domains: server_metrics, telemetry
2026-08-11 19:09:51.572 - system_controller - INFO - Waiting for result domains: server_metrics
2026-08-11 19:09:51.598 - records_manager - INFO - _finalize_and_process_results completed
2026-08-11 19:09:51.602 - system_controller - INFO - All results received, initiating shutdown
2026-08-11 19:09:52.205 - ExporterManager - INFO - Exporting all records
2026-08-11 19:09:52.261 - ExporterManager - INFO - Exporting console data
