2026-08-16 10:13:00.268 - aiperf.cli_runner._single_run - INFO - Starting AIPerf System
2026-08-16 10:13:00.717 - httpx - INFO - HTTP Request: GET https://huggingface.co/api/models/nvidia/NVIDIA-Nemotron-3.5-Lightning-30B-A3B-NVFP4 "HTTP/1.1 200 OK"
2026-08-16 10:13:00.729 - aiperf.config.resolution.resolvers - INFO - [OK] Tokenizer nvidia/NVIDIA-Nemotron-3.5-Lightning-30B-A3B-NVFP4 detected
2026-08-16 10:13:00.729 - aiperf.config.resolution.resolvers - INFO - 1 tokenizer validated | 0.4s
2026-08-16 10:13:00.730 - aiperf.config.resolution.resolvers - INFO - Prefetching 1 tokenizer into HF cache...
2026-08-16 10:13:01.523 - httpx - INFO - HTTP Request: HEAD https://huggingface.co/nvidia/NVIDIA-Nemotron-3.5-Lightning-30B-A3B-NVFP4/resolve/main/config.json "HTTP/1.1 307 Temporary Redirect"
2026-08-16 10:13:01.523 - huggingface_hub.utils._http - WARNING - Warning: You are sending unauthenticated requests to the HF Hub. Please set a HF_TOKEN to enable higher rate limits and faster downloads.
2026-08-16 10:13:01.533 - httpx - INFO - HTTP Request: HEAD https://huggingface.co/api/resolve-cache/models/nvidia/NVIDIA-Nemotron-3.5-Lightning-30B-A3B-NVFP4/6dbbd757ea75a8ece6e0702872e3ae53f9987728/config.json "HTTP/1.1 200 OK"
2026-08-16 10:13:01.550 - httpx - INFO - HTTP Request: GET https://huggingface.co/api/resolve-cache/models/nvidia/NVIDIA-Nemotron-3.5-Lightning-30B-A3B-NVFP4/6dbbd757ea75a8ece6e0702872e3ae53f9987728/config.json "HTTP/1.1 200 OK"
2026-08-16 10:13:01.719 - httpx - INFO - HTTP Request: HEAD https://huggingface.co/nvidia/NVIDIA-Nemotron-3.5-Lightning-30B-A3B-NVFP4/resolve/main/tokenizer_config.json "HTTP/1.1 307 Temporary Redirect"
2026-08-16 10:13:01.729 - httpx - INFO - HTTP Request: HEAD https://huggingface.co/api/resolve-cache/models/nvidia/NVIDIA-Nemotron-3.5-Lightning-30B-A3B-NVFP4/6dbbd757ea75a8ece6e0702872e3ae53f9987728/tokenizer_config.json "HTTP/1.1 200 OK"
2026-08-16 10:13:01.738 - httpx - INFO - HTTP Request: GET https://huggingface.co/api/resolve-cache/models/nvidia/NVIDIA-Nemotron-3.5-Lightning-30B-A3B-NVFP4/6dbbd757ea75a8ece6e0702872e3ae53f9987728/tokenizer_config.json "HTTP/1.1 200 OK"
2026-08-16 10:13:01.830 - httpx - INFO - HTTP Request: GET https://huggingface.co/api/models/nvidia/NVIDIA-Nemotron-3.5-Lightning-30B-A3B-NVFP4/tree/main/additional_chat_templates?recursive=false&expand=false "HTTP/1.1 404 Not Found"
2026-08-16 10:13:01.937 - httpx - INFO - HTTP Request: GET https://huggingface.co/api/models/nvidia/NVIDIA-Nemotron-3.5-Lightning-30B-A3B-NVFP4/tree/main?recursive=true&expand=false "HTTP/1.1 200 OK"
2026-08-16 10:13:02.138 - httpx - INFO - HTTP Request: HEAD https://huggingface.co/nvidia/NVIDIA-Nemotron-3.5-Lightning-30B-A3B-NVFP4/resolve/main/tokenizer.json "HTTP/1.1 302 Found"
2026-08-16 10:13:02.229 - httpx - INFO - HTTP Request: GET https://huggingface.co/api/models/nvidia/NVIDIA-Nemotron-3.5-Lightning-30B-A3B-NVFP4/xet-read-token/6dbbd757ea75a8ece6e0702872e3ae53f9987728 "HTTP/1.1 200 OK"
2026-08-16 10:13:03.111 - httpx - INFO - HTTP Request: HEAD https://huggingface.co/nvidia/NVIDIA-Nemotron-3.5-Lightning-30B-A3B-NVFP4/resolve/main/tokenizer.model "HTTP/1.1 404 Not Found"
2026-08-16 10:13:03.188 - httpx - INFO - HTTP Request: HEAD https://huggingface.co/nvidia/NVIDIA-Nemotron-3.5-Lightning-30B-A3B-NVFP4/resolve/main/added_tokens.json "HTTP/1.1 404 Not Found"
2026-08-16 10:13:03.276 - httpx - INFO - HTTP Request: HEAD https://huggingface.co/nvidia/NVIDIA-Nemotron-3.5-Lightning-30B-A3B-NVFP4/resolve/main/special_tokens_map.json "HTTP/1.1 307 Temporary Redirect"
2026-08-16 10:13:03.296 - httpx - INFO - HTTP Request: HEAD https://huggingface.co/api/resolve-cache/models/nvidia/NVIDIA-Nemotron-3.5-Lightning-30B-A3B-NVFP4/6dbbd757ea75a8ece6e0702872e3ae53f9987728/special_tokens_map.json "HTTP/1.1 200 OK"
2026-08-16 10:13:03.308 - httpx - INFO - HTTP Request: GET https://huggingface.co/api/resolve-cache/models/nvidia/NVIDIA-Nemotron-3.5-Lightning-30B-A3B-NVFP4/6dbbd757ea75a8ece6e0702872e3ae53f9987728/special_tokens_map.json "HTTP/1.1 200 OK"
2026-08-16 10:13:03.388 - httpx - INFO - HTTP Request: HEAD https://huggingface.co/nvidia/NVIDIA-Nemotron-3.5-Lightning-30B-A3B-NVFP4/resolve/main/chat_template.jinja "HTTP/1.1 307 Temporary Redirect"
2026-08-16 10:13:03.399 - httpx - INFO - HTTP Request: HEAD https://huggingface.co/api/resolve-cache/models/nvidia/NVIDIA-Nemotron-3.5-Lightning-30B-A3B-NVFP4/6dbbd757ea75a8ece6e0702872e3ae53f9987728/chat_template.jinja "HTTP/1.1 200 OK"
2026-08-16 10:13:03.408 - httpx - INFO - HTTP Request: GET https://huggingface.co/api/resolve-cache/models/nvidia/NVIDIA-Nemotron-3.5-Lightning-30B-A3B-NVFP4/6dbbd757ea75a8ece6e0702872e3ae53f9987728/chat_template.jinja "HTTP/1.1 200 OK"
2026-08-16 10:13:04.223 - httpx - INFO - HTTP Request: GET https://huggingface.co/api/models/nvidia/NVIDIA-Nemotron-3.5-Lightning-30B-A3B-NVFP4 "HTTP/1.1 200 OK"
2026-08-16 10:13:04.262 - aiperf.config.resolution.resolvers - INFO -   Cached nvidia/NVIDIA-Nemotron-3.5-Lightning-30B-A3B-NVFP4 (3.52s)
2026-08-16 10:13:04.294 - aiperf.config.resolution.resolvers - INFO - 1 tokenizer cached • 3.6s
2026-08-16 10:13:04.654 - system_controller - INFO - Registered Worker Manager (id: 'worker_manager')
2026-08-16 10:13:04.705 - server_metrics_manager - INFO - Server Metrics: Discovered 1 endpoints: ['http://localhost:8000/metrics']
2026-08-16 10:13:04.734 - GPUTelemetryJSONLWriter_f2491e73 - INFO - GPU telemetry export enabled: /output/gpu_telemetry_export.jsonl
2026-08-16 10:13:04.744 - OTelMetricsResultsProcessor_d8ae25a9 - INFO - Telemetry streaming is disabled (set --otel-url and/or --mlflow-tracking-uri to enable)
2026-08-16 10:13:04.745 - RecordExportJSONLWriter_53e3371a - INFO - Record metrics export enabled: /output/profile_export.jsonl
2026-08-16 10:13:04.750 - system_controller - INFO - Registered Gpu Telemetry Manager (id: 'gpu_telemetry_manager')
2026-08-16 10:13:04.751 - system_controller - INFO - Registered Records Manager (id: 'records_manager')
2026-08-16 10:13:04.753 - system_controller - INFO - Registered Dataset Manager (id: 'dataset_manager')
2026-08-16 10:13:04.809 - system_controller - INFO - Registered Server Metrics Manager (id: 'server_metrics_manager')
2026-08-16 10:13:04.819 - system_controller - INFO - Registered Record Processor (id: 'record_processor_dc646b90')
2026-08-16 10:13:04.952 - system_controller - INFO - Registered Worker (id: 'worker_af0a5c37')
2026-08-16 10:13:04.953 - system_controller - INFO - Registered Worker (id: 'worker_659f1d92')
2026-08-16 10:13:04.980 - system_controller - INFO - Registered Timing Manager (id: 'timing_manager')
2026-08-16 10:13:05.134 - system_controller - INFO - AIPerf System is CONFIGURING
2026-08-16 10:13:05.135 - system_controller - INFO - Configuring all services to start profiling
2026-08-16 10:13:05.136 - timing_manager - INFO - Waiting for dataset to be configured before configuring timing
2026-08-16 10:13:05.137 - InferenceResultParser_b8982822 - INFO - Configuring tokenizers for inference result parser (resolve_alias: True)
2026-08-16 10:13:05.137 - dataset_manager - INFO - Configuring tokenizer(s) for dataset manager
2026-08-16 10:13:05.145 - server_metrics_manager - INFO - Server Metrics: Capturing baseline metrics...
2026-08-16 10:13:05.157 - http://localhost:8000/metrics - INFO - Skipping unsupported summary metric: http_request_size_bytes
2026-08-16 10:13:05.157 - http://localhost:8000/metrics - INFO - Skipping unsupported summary metric: http_response_size_bytes
2026-08-16 10:13:05.159 - system_controller - INFO - Server metrics enabled - 1/1 endpoint(s) reachable.
2026-08-16 10:13:05.159 - system_controller - INFO - Waiting for result domains: profile, server_metrics, telemetry
2026-08-16 10:13:05.176 - gpu_telemetry_manager - INFO - GPU Telemetry: Capturing baseline metrics from pynvml://localhost
2026-08-16 10:13:05.184 - pynvml_collector - INFO - PyNVML initialized with 1 GPU(s) (0 with GPM support)
2026-08-16 10:13:05.199 - system_controller - INFO - DCGM telemetry enabled - 1/1 endpoint(s) reachable
2026-08-16 10:13:05.677 - httpx - INFO - HTTP Request: HEAD https://huggingface.co/nvidia/NVIDIA-Nemotron-3.5-Lightning-30B-A3B-NVFP4/resolve/main/config.json "HTTP/1.1 307 Temporary Redirect"
2026-08-16 10:13:05.677 - huggingface_hub.utils._http - WARNING - Warning: You are sending unauthenticated requests to the HF Hub. Please set a HF_TOKEN to enable higher rate limits and faster downloads.
2026-08-16 10:13:05.686 - httpx - INFO - HTTP Request: HEAD https://huggingface.co/api/resolve-cache/models/nvidia/NVIDIA-Nemotron-3.5-Lightning-30B-A3B-NVFP4/6dbbd757ea75a8ece6e0702872e3ae53f9987728/config.json "HTTP/1.1 200 OK"
2026-08-16 10:13:05.686 - httpx - INFO - HTTP Request: HEAD https://huggingface.co/nvidia/NVIDIA-Nemotron-3.5-Lightning-30B-A3B-NVFP4/resolve/main/config.json "HTTP/1.1 307 Temporary Redirect"
2026-08-16 10:13:05.687 - huggingface_hub.utils._http - WARNING - Warning: You are sending unauthenticated requests to the HF Hub. Please set a HF_TOKEN to enable higher rate limits and faster downloads.
2026-08-16 10:13:05.697 - httpx - INFO - HTTP Request: HEAD https://huggingface.co/api/resolve-cache/models/nvidia/NVIDIA-Nemotron-3.5-Lightning-30B-A3B-NVFP4/6dbbd757ea75a8ece6e0702872e3ae53f9987728/config.json "HTTP/1.1 200 OK"
2026-08-16 10:13:05.813 - httpx - INFO - HTTP Request: HEAD https://huggingface.co/nvidia/NVIDIA-Nemotron-3.5-Lightning-30B-A3B-NVFP4/resolve/main/tokenizer_config.json "HTTP/1.1 307 Temporary Redirect"
2026-08-16 10:13:05.823 - httpx - INFO - HTTP Request: HEAD https://huggingface.co/api/resolve-cache/models/nvidia/NVIDIA-Nemotron-3.5-Lightning-30B-A3B-NVFP4/6dbbd757ea75a8ece6e0702872e3ae53f9987728/tokenizer_config.json "HTTP/1.1 200 OK"
2026-08-16 10:13:05.823 - httpx - INFO - HTTP Request: HEAD https://huggingface.co/nvidia/NVIDIA-Nemotron-3.5-Lightning-30B-A3B-NVFP4/resolve/main/tokenizer_config.json "HTTP/1.1 307 Temporary Redirect"
2026-08-16 10:13:05.833 - httpx - INFO - HTTP Request: HEAD https://huggingface.co/api/resolve-cache/models/nvidia/NVIDIA-Nemotron-3.5-Lightning-30B-A3B-NVFP4/6dbbd757ea75a8ece6e0702872e3ae53f9987728/tokenizer_config.json "HTTP/1.1 200 OK"
2026-08-16 10:13:05.906 - httpx - INFO - HTTP Request: GET https://huggingface.co/api/models/nvidia/NVIDIA-Nemotron-3.5-Lightning-30B-A3B-NVFP4/tree/main/additional_chat_templates?recursive=false&expand=false "HTTP/1.1 404 Not Found"
2026-08-16 10:13:05.916 - httpx - INFO - HTTP Request: GET https://huggingface.co/api/models/nvidia/NVIDIA-Nemotron-3.5-Lightning-30B-A3B-NVFP4/tree/main/additional_chat_templates?recursive=false&expand=false "HTTP/1.1 404 Not Found"
2026-08-16 10:13:05.997 - httpx - INFO - HTTP Request: GET https://huggingface.co/api/models/nvidia/NVIDIA-Nemotron-3.5-Lightning-30B-A3B-NVFP4/tree/main?recursive=true&expand=false "HTTP/1.1 200 OK"
2026-08-16 10:13:06.003 - httpx - INFO - HTTP Request: GET https://huggingface.co/api/models/nvidia/NVIDIA-Nemotron-3.5-Lightning-30B-A3B-NVFP4/tree/main?recursive=true&expand=false "HTTP/1.1 200 OK"
2026-08-16 10:13:06.917 - httpx - INFO - HTTP Request: GET https://huggingface.co/api/models/nvidia/NVIDIA-Nemotron-3.5-Lightning-30B-A3B-NVFP4 "HTTP/1.1 200 OK"
2026-08-16 10:13:06.925 - httpx - INFO - HTTP Request: GET https://huggingface.co/api/models/nvidia/NVIDIA-Nemotron-3.5-Lightning-30B-A3B-NVFP4 "HTTP/1.1 200 OK"
2026-08-16 10:13:06.944 - dataset_manager - INFO - Tokenizer(s) configured in 1.81 seconds
2026-08-16 10:13:06.944 - dataset_manager - INFO - Configuring dataset for dataset_manager
2026-08-16 10:13:06.951 - InferenceResultParser_b8982822 - INFO - Initialized tokenizers: {'nvidia/NVIDIA-Nemotron-3.5-Lightning-30B-A3B-NVFP4': {'class': 'TokenizersBackend', 'name_or_path': 'nvidia/NVIDIA-Nemotron-3.5-Lightning-30B-A3B-NVFP4'}} in 1.81 seconds
2026-08-16 10:13:07.183 - CustomDatasetComposer - INFO - Using explicit dataset format: multi_turn
2026-08-16 10:13:07.247 - MemoryMapDatasetBackingStore_711c7fec - INFO - Memory-mapped backing store initialized (streaming to /tmp/aiperf_mmap_969750a08e52/dataset.dat)
2026-08-16 10:13:07.268 - MemoryMapDatasetBackingStore_711c7fec - INFO - Data file finalized: 500 conversations, 1.27 MB
2026-08-16 10:13:07.269 - MemoryMapDatasetBackingStore_711c7fec - INFO - Index file created: /tmp/aiperf_mmap_969750a08e52/index.dat
2026-08-16 10:13:07.269 - dataset_manager - INFO - Backing store finalized: client_type=DatasetClientStoreType.MEMORY_MAP format=MemoryMapFormat.CONVERSATION data_file_path=PosixPath('/tmp/aiperf_mmap_969750a08e52/dataset.dat') index_file_path=PosixPath('/tmp/aiperf_mmap_969750a08e52/index.dat') conversation_count=500 total_size_bytes=1331455 compressed=False compressed_data_file_path=None compressed_index_file_path=None compressed_size_bytes=0
2026-08-16 10:13:07.278 - dataset_manager - INFO - sampling strategy: sequential, unique conversations: 500, unique turn count: 1783
2026-08-16 10:13:07.283 - dataset_manager - INFO - Generating inputs.json file at /output/inputs.json
2026-08-16 10:13:07.290 - PhaseOrchestrator_e0ccdb59 - INFO - Initialized 2 phase(s): ['Warmup', 'Profiling']
2026-08-16 10:13:07.297 - dataset_manager - INFO - inputs.json file generated in 0.01 seconds
2026-08-16 10:13:07.444 - dataset_manager - INFO - Dataset client initialized and freed 500 conversations from memory
2026-08-16 10:13:07.444 - dataset_manager - INFO - Dataset configured in 0.50 seconds
2026-08-16 10:13:07.445 - system_controller - INFO - All services configured in 2.31 seconds
2026-08-16 10:13:07.445 - system_controller - INFO - AIPerf System is CONFIGURED
2026-08-16 10:13:07.446 - server_metrics_manager - INFO - Server Metrics: Started 1 collector(s) successfully
2026-08-16 10:13:07.447 - system_controller - INFO - All services started profiling successfully
2026-08-16 10:13:07.447 - system_controller - INFO - AIPerf System is PROFILING
2026-08-16 10:13:07.449 - RateTiming - INFO - Creating interval generator: pattern=concurrency_burst, rate=None, smoothness=None
2026-08-16 10:13:07.450 - PhaseRunner - NOTICE - Phase warmup (warmup) started | phase_index=0 | target: 3 requests
2026-08-16 10:13:07.451 - records_manager - INFO - Credit phase start: warmup
2026-08-16 10:13:11.565 - PhaseRunner - NOTICE - Phase warmup (warmup) sending complete | sent=3, completed=1, in_flight=2 | sessions: sent=2, completed=0
2026-08-16 10:13:12.851 - PhaseRunner - NOTICE - Phase warmup (warmup) complete | completed=3, cancelled=0, errors=0 | sessions: completed=0, cancelled=0 | elapsed=5.40s
2026-08-16 10:13:12.852 - server_metrics_manager - INFO - Server Metrics: Warmup complete, capturing final warmup metrics...
2026-08-16 10:13:12.852 - RateTiming - INFO - Creating interval generator: pattern=concurrency_burst, rate=None, smoothness=None
2026-08-16 10:13:12.853 - PhaseRunner - NOTICE - Phase profiling (profiling) started | phase_index=1 | profiling_index=0 | target: 50 requests, 50 sessions
2026-08-16 10:13:12.854 - records_manager - INFO - Credit phase start: profiling
2026-08-16 10:14:08.510 - PhaseRunner - NOTICE - Phase profiling (profiling) sending complete | sent=50, completed=48, in_flight=2 | sessions: sent=16, completed=14
2026-08-16 10:14:08.511 - records_manager - INFO - Sent 50 requests. Waiting for all to complete...
2026-08-16 10:14:09.500 - PhaseRunner - NOTICE - Phase profiling (profiling) complete | completed=50, cancelled=0, errors=0 | sessions: completed=14, cancelled=0 | elapsed=56.65s
2026-08-16 10:14:09.500 - PhaseOrchestrator_e0ccdb59 - NOTICE - All credits completed
2026-08-16 10:14:09.501 - system_controller - INFO - Received credits complete from 'timing_manager'
2026-08-16 10:14:09.501 - records_manager - INFO - Received CREDIT_PHASE_COMPLETE message, Phase complete: PhaseRecordsStats(phase=CreditPhase.PROFILING, phase_index=1, profiling_index=0, phase_name='profiling', phase_kind='profiling', start_ns=1786875192853126117, sent_end_ns=1786875248510196660, requests_end_ns=1786875249499688392, baseline_start_ns=1786875192853112917, baseline_end_ns=1786875249499703656, total_expected_requests=50, expected_duration_sec=None, expected_num_sessions=None, expected_grace_period_sec=None, final_requests_sent=None, final_requests_completed=50, final_requests_cancelled=0, final_request_errors=0, final_sent_sessions=None, final_completed_sessions=None, final_cancelled_sessions=None, timeout_triggered=False, grace_period_timeout_triggered=False, was_cancelled=False, records_end_ns=None, success_records=49, error_records=0)
2026-08-16 10:14:09.502 - records_manager - NOTICE - All requests have completed, please wait for the results to be processed (currently 49 of 50 records processed)...
2026-08-16 10:14:09.502 - records_manager - INFO - All credits complete, please wait for the results to be processed...
2026-08-16 10:14:09.505 - records_manager - INFO - Processed 50 valid requests and 0 errors (50 total).
2026-08-16 10:14:09.505 - records_manager - INFO - Received all records, processing now...
2026-08-16 10:14:09.506 - server_metrics_manager - INFO - Server Metrics: Profiling complete, capturing final metrics...
2026-08-16 10:14:09.506 - gpu_telemetry_manager - INFO - GPU Telemetry: Profiling complete, capturing final metrics...
2026-08-16 10:14:09.508 - records_manager - INFO - Waiting 2.0s for server metrics flush period...
2026-08-16 10:14:11.500 - records_manager - INFO - Processing records results...
2026-08-16 10:14:11.685 - system_controller - INFO - Waiting for result domains: server_metrics, telemetry
2026-08-16 10:14:11.686 - system_controller - INFO - Waiting for result domains: server_metrics
2026-08-16 10:14:11.742 - records_manager - INFO - _finalize_and_process_results completed
2026-08-16 10:14:11.744 - system_controller - INFO - All results received, initiating shutdown
2026-08-16 10:14:12.346 - ExporterManager - INFO - Exporting all records
2026-08-16 10:14:12.393 - ExporterManager - INFO - Exporting console data
