2026-08-13 03:58:40.401 - aiperf.cli_runner._single_run - INFO - Starting AIPerf System
2026-08-13 03:58:40.909 - httpx - INFO - HTTP Request: GET https://huggingface.co/api/models/meta-models/Muse-Glimmer-30B "HTTP/1.1 200 OK"
2026-08-13 03:58:40.918 - aiperf.config.resolution.resolvers - INFO - [OK] Tokenizer meta-models/Muse-Glimmer-30B detected
2026-08-13 03:58:40.918 - aiperf.config.resolution.resolvers - INFO - 1 tokenizer validated | 0.5s
2026-08-13 03:58:40.918 - aiperf.config.resolution.resolvers - INFO - Prefetching 1 tokenizer into HF cache...
2026-08-13 03:58:42.393 - httpx - INFO - HTTP Request: HEAD https://huggingface.co/meta-models/Muse-Glimmer-30B/resolve/main/config.json "HTTP/1.1 307 Temporary Redirect"
2026-08-13 03:58:42.406 - httpx - INFO - HTTP Request: HEAD https://huggingface.co/api/resolve-cache/models/meta-models/Muse-Glimmer-30B/a4e59da52a7bc87ae7251dd5545c0dd437c44b68/config.json "HTTP/1.1 200 OK"
2026-08-13 03:58:42.424 - httpx - INFO - HTTP Request: GET https://huggingface.co/api/resolve-cache/models/meta-models/Muse-Glimmer-30B/a4e59da52a7bc87ae7251dd5545c0dd437c44b68/config.json "HTTP/1.1 200 OK"
2026-08-13 03:58:42.505 - httpx - INFO - HTTP Request: HEAD https://huggingface.co/meta-models/Muse-Glimmer-30B/resolve/main/config.json "HTTP/1.1 307 Temporary Redirect"
2026-08-13 03:58:42.505 - huggingface_hub.utils._http - WARNING - Warning: You are sending unauthenticated requests to the HF Hub. Please set a HF_TOKEN to enable higher rate limits and faster downloads.
2026-08-13 03:58:42.518 - httpx - INFO - HTTP Request: HEAD https://huggingface.co/api/resolve-cache/models/meta-models/Muse-Glimmer-30B/a4e59da52a7bc87ae7251dd5545c0dd437c44b68/config.json "HTTP/1.1 200 OK"
2026-08-13 03:58:42.599 - httpx - INFO - HTTP Request: HEAD https://huggingface.co/meta-models/Muse-Glimmer-30B/resolve/main/tokenizer_config.json "HTTP/1.1 307 Temporary Redirect"
2026-08-13 03:58:42.613 - httpx - INFO - HTTP Request: HEAD https://huggingface.co/api/resolve-cache/models/meta-models/Muse-Glimmer-30B/a4e59da52a7bc87ae7251dd5545c0dd437c44b68/tokenizer_config.json "HTTP/1.1 200 OK"
2026-08-13 03:58:42.627 - httpx - INFO - HTTP Request: GET https://huggingface.co/api/resolve-cache/models/meta-models/Muse-Glimmer-30B/a4e59da52a7bc87ae7251dd5545c0dd437c44b68/tokenizer_config.json "HTTP/1.1 200 OK"
2026-08-13 03:58:42.714 - httpx - INFO - HTTP Request: GET https://huggingface.co/api/models/meta-models/Muse-Glimmer-30B/tree/main/additional_chat_templates?recursive=false&expand=false "HTTP/1.1 404 Not Found"
2026-08-13 03:58:42.802 - httpx - INFO - HTTP Request: GET https://huggingface.co/api/models/meta-models/Muse-Glimmer-30B/tree/main?recursive=true&expand=false "HTTP/1.1 200 OK"
2026-08-13 03:58:42.893 - httpx - INFO - HTTP Request: HEAD https://huggingface.co/meta-models/Muse-Glimmer-30B/resolve/main/tokenizer.json "HTTP/1.1 302 Found"
2026-08-13 03:58:43.005 - httpx - INFO - HTTP Request: GET https://huggingface.co/api/models/meta-models/Muse-Glimmer-30B/xet-read-token/a4e59da52a7bc87ae7251dd5545c0dd437c44b68 "HTTP/1.1 200 OK"
2026-08-13 03:58:44.083 - httpx - INFO - HTTP Request: HEAD https://huggingface.co/meta-models/Muse-Glimmer-30B/resolve/main/tokenizer.model "HTTP/1.1 404 Not Found"
2026-08-13 03:58:44.168 - httpx - INFO - HTTP Request: HEAD https://huggingface.co/meta-models/Muse-Glimmer-30B/resolve/main/added_tokens.json "HTTP/1.1 404 Not Found"
2026-08-13 03:58:44.253 - httpx - INFO - HTTP Request: HEAD https://huggingface.co/meta-models/Muse-Glimmer-30B/resolve/main/special_tokens_map.json "HTTP/1.1 404 Not Found"
2026-08-13 03:58:44.336 - httpx - INFO - HTTP Request: HEAD https://huggingface.co/meta-models/Muse-Glimmer-30B/resolve/main/chat_template.jinja "HTTP/1.1 307 Temporary Redirect"
2026-08-13 03:58:44.351 - httpx - INFO - HTTP Request: HEAD https://huggingface.co/api/resolve-cache/models/meta-models/Muse-Glimmer-30B/a4e59da52a7bc87ae7251dd5545c0dd437c44b68/chat_template.jinja "HTTP/1.1 200 OK"
2026-08-13 03:58:44.368 - httpx - INFO - HTTP Request: GET https://huggingface.co/api/resolve-cache/models/meta-models/Muse-Glimmer-30B/a4e59da52a7bc87ae7251dd5545c0dd437c44b68/chat_template.jinja "HTTP/1.1 200 OK"
2026-08-13 03:58:47.650 - httpx - INFO - HTTP Request: GET https://huggingface.co/api/models/meta-models/Muse-Glimmer-30B "HTTP/1.1 200 OK"
2026-08-13 03:58:47.842 - aiperf.config.resolution.resolvers - INFO -   Cached meta-models/Muse-Glimmer-30B (6.90s)
2026-08-13 03:58:48.116 - aiperf.config.resolution.resolvers - INFO - 1 tokenizer cached • 7.2s
2026-08-13 03:58:48.720 - server_metrics_manager - INFO - Server Metrics: Discovered 1 endpoints: ['http://localhost:30000/metrics']
2026-08-13 03:58:48.758 - system_controller - INFO - Registered Worker Manager (id: 'worker_manager')
2026-08-13 03:58:48.783 - GPUTelemetryJSONLWriter_a5a10600 - INFO - GPU telemetry export enabled: /output/gpu_telemetry_export.jsonl
2026-08-13 03:58:48.796 - OTelMetricsResultsProcessor_0f1e6b3c - INFO - Telemetry streaming is disabled (set --otel-url and/or --mlflow-tracking-uri to enable)
2026-08-13 03:58:48.798 - RecordExportJSONLWriter_9be0f62c - INFO - Record metrics export enabled: /output/profile_export.jsonl
2026-08-13 03:58:48.818 - system_controller - INFO - Registered Gpu Telemetry Manager (id: 'gpu_telemetry_manager')
2026-08-13 03:58:48.819 - system_controller - INFO - Registered Dataset Manager (id: 'dataset_manager')
2026-08-13 03:58:48.829 - system_controller - INFO - Registered Server Metrics Manager (id: 'server_metrics_manager')
2026-08-13 03:58:48.887 - system_controller - INFO - Registered Record Processor (id: 'record_processor_a0269fba')
2026-08-13 03:58:48.912 - system_controller - INFO - Registered Records Manager (id: 'records_manager')
2026-08-13 03:58:49.405 - system_controller - INFO - Registered Timing Manager (id: 'timing_manager')
2026-08-13 03:58:49.453 - system_controller - INFO - Registered Worker (id: 'worker_fe7efe47')
2026-08-13 03:58:49.544 - system_controller - INFO - Registered Worker (id: 'worker_7ebc0ec9')
2026-08-13 03:58:49.545 - system_controller - INFO - Registered Worker (id: 'worker_982a6799')
2026-08-13 03:58:49.545 - system_controller - INFO - Registered Worker (id: 'worker_00c58a47')
2026-08-13 03:58:49.628 - system_controller - INFO - AIPerf System is CONFIGURING
2026-08-13 03:58:49.628 - system_controller - INFO - Configuring all services to start profiling
2026-08-13 03:58:49.631 - timing_manager - INFO - Waiting for dataset to be configured before configuring timing
2026-08-13 03:58:49.631 - InferenceResultParser_166a9888 - INFO - Configuring tokenizers for inference result parser (resolve_alias: True)
2026-08-13 03:58:49.633 - dataset_manager - INFO - Configuring tokenizer(s) for dataset manager
2026-08-13 03:58:49.645 - system_controller - INFO - Server metrics disabled - no Prometheus endpoints reachable
2026-08-13 03:58:49.645 - system_controller - INFO - Waiting for result domains: profile, telemetry
2026-08-13 03:58:49.691 - gpu_telemetry_manager - INFO - GPU Telemetry: Capturing baseline metrics from pynvml://localhost
2026-08-13 03:58:49.715 - pynvml_collector - INFO - PyNVML initialized with 1 GPU(s) (0 with GPM support)
2026-08-13 03:58:49.764 - system_controller - INFO - DCGM telemetry enabled - 1/1 endpoint(s) reachable
2026-08-13 03:58:50.314 - httpx - INFO - HTTP Request: HEAD https://huggingface.co/meta-models/Muse-Glimmer-30B/resolve/main/config.json "HTTP/1.1 307 Temporary Redirect"
2026-08-13 03:58:50.314 - httpx - INFO - HTTP Request: HEAD https://huggingface.co/meta-models/Muse-Glimmer-30B/resolve/main/config.json "HTTP/1.1 307 Temporary Redirect"
2026-08-13 03:58:50.314 - huggingface_hub.utils._http - WARNING - Warning: You are sending unauthenticated requests to the HF Hub. Please set a HF_TOKEN to enable higher rate limits and faster downloads.
2026-08-13 03:58:50.314 - huggingface_hub.utils._http - WARNING - Warning: You are sending unauthenticated requests to the HF Hub. Please set a HF_TOKEN to enable higher rate limits and faster downloads.
2026-08-13 03:58:50.326 - httpx - INFO - HTTP Request: HEAD https://huggingface.co/api/resolve-cache/models/meta-models/Muse-Glimmer-30B/a4e59da52a7bc87ae7251dd5545c0dd437c44b68/config.json "HTTP/1.1 200 OK"
2026-08-13 03:58:50.327 - httpx - INFO - HTTP Request: HEAD https://huggingface.co/api/resolve-cache/models/meta-models/Muse-Glimmer-30B/a4e59da52a7bc87ae7251dd5545c0dd437c44b68/config.json "HTTP/1.1 200 OK"
2026-08-13 03:58:50.404 - httpx - INFO - HTTP Request: HEAD https://huggingface.co/meta-models/Muse-Glimmer-30B/resolve/main/config.json "HTTP/1.1 307 Temporary Redirect"
2026-08-13 03:58:50.410 - httpx - INFO - HTTP Request: HEAD https://huggingface.co/meta-models/Muse-Glimmer-30B/resolve/main/config.json "HTTP/1.1 307 Temporary Redirect"
2026-08-13 03:58:50.419 - httpx - INFO - HTTP Request: HEAD https://huggingface.co/api/resolve-cache/models/meta-models/Muse-Glimmer-30B/a4e59da52a7bc87ae7251dd5545c0dd437c44b68/config.json "HTTP/1.1 200 OK"
2026-08-13 03:58:50.421 - httpx - INFO - HTTP Request: HEAD https://huggingface.co/api/resolve-cache/models/meta-models/Muse-Glimmer-30B/a4e59da52a7bc87ae7251dd5545c0dd437c44b68/config.json "HTTP/1.1 200 OK"
2026-08-13 03:58:50.503 - httpx - INFO - HTTP Request: HEAD https://huggingface.co/meta-models/Muse-Glimmer-30B/resolve/main/tokenizer_config.json "HTTP/1.1 307 Temporary Redirect"
2026-08-13 03:58:50.509 - httpx - INFO - HTTP Request: HEAD https://huggingface.co/meta-models/Muse-Glimmer-30B/resolve/main/tokenizer_config.json "HTTP/1.1 307 Temporary Redirect"
2026-08-13 03:58:50.519 - httpx - INFO - HTTP Request: HEAD https://huggingface.co/api/resolve-cache/models/meta-models/Muse-Glimmer-30B/a4e59da52a7bc87ae7251dd5545c0dd437c44b68/tokenizer_config.json "HTTP/1.1 200 OK"
2026-08-13 03:58:50.519 - httpx - INFO - HTTP Request: HEAD https://huggingface.co/api/resolve-cache/models/meta-models/Muse-Glimmer-30B/a4e59da52a7bc87ae7251dd5545c0dd437c44b68/tokenizer_config.json "HTTP/1.1 200 OK"
2026-08-13 03:58:50.603 - httpx - INFO - HTTP Request: GET https://huggingface.co/api/models/meta-models/Muse-Glimmer-30B/tree/main/additional_chat_templates?recursive=false&expand=false "HTTP/1.1 404 Not Found"
2026-08-13 03:58:50.608 - httpx - INFO - HTTP Request: GET https://huggingface.co/api/models/meta-models/Muse-Glimmer-30B/tree/main/additional_chat_templates?recursive=false&expand=false "HTTP/1.1 404 Not Found"
2026-08-13 03:58:50.698 - httpx - INFO - HTTP Request: GET https://huggingface.co/api/models/meta-models/Muse-Glimmer-30B/tree/main?recursive=true&expand=false "HTTP/1.1 200 OK"
2026-08-13 03:58:50.705 - httpx - INFO - HTTP Request: GET https://huggingface.co/api/models/meta-models/Muse-Glimmer-30B/tree/main?recursive=true&expand=false "HTTP/1.1 200 OK"
2026-08-13 03:58:54.474 - httpx - INFO - HTTP Request: GET https://huggingface.co/api/models/meta-models/Muse-Glimmer-30B "HTTP/1.1 200 OK"
2026-08-13 03:58:54.506 - httpx - INFO - HTTP Request: GET https://huggingface.co/api/models/meta-models/Muse-Glimmer-30B "HTTP/1.1 200 OK"
2026-08-13 03:58:54.651 - dataset_manager - INFO - Tokenizer(s) configured in 5.02 seconds
2026-08-13 03:58:54.651 - dataset_manager - INFO - Configuring dataset for dataset_manager
2026-08-13 03:58:54.700 - InferenceResultParser_166a9888 - INFO - Initialized tokenizers: {'meta-models/Muse-Glimmer-30B': {'class': 'TokenizersBackend', 'name_or_path': 'meta-models/Muse-Glimmer-30B'}} in 5.07 seconds
2026-08-13 03:58:54.975 - CustomDatasetComposer - INFO - Using explicit dataset format: multi_turn
2026-08-13 03:58:55.084 - MemoryMapDatasetBackingStore_7ec3e5cd - INFO - Memory-mapped backing store initialized (streaming to /tmp/aiperf_mmap_81409d095fbb/dataset.dat)
2026-08-13 03:58:55.111 - MemoryMapDatasetBackingStore_7ec3e5cd - INFO - Data file finalized: 500 conversations, 1.23 MB
2026-08-13 03:58:55.112 - MemoryMapDatasetBackingStore_7ec3e5cd - INFO - Index file created: /tmp/aiperf_mmap_81409d095fbb/index.dat
2026-08-13 03:58:55.112 - dataset_manager - INFO - Backing store finalized: client_type=DatasetClientStoreType.MEMORY_MAP format=MemoryMapFormat.CONVERSATION data_file_path=PosixPath('/tmp/aiperf_mmap_81409d095fbb/dataset.dat') index_file_path=PosixPath('/tmp/aiperf_mmap_81409d095fbb/index.dat') conversation_count=500 total_size_bytes=1285201 compressed=False compressed_data_file_path=None compressed_index_file_path=None compressed_size_bytes=0
2026-08-13 03:58:55.123 - dataset_manager - INFO - sampling strategy: sequential, unique conversations: 500, unique turn count: 1783
2026-08-13 03:58:55.132 - dataset_manager - INFO - Generating inputs.json file at /output/inputs.json
2026-08-13 03:58:55.147 - PhaseOrchestrator_ea603636 - INFO - Initialized 2 phase(s): ['Warmup', 'Profiling']
2026-08-13 03:58:55.150 - dataset_manager - INFO - inputs.json file generated in 0.02 seconds
2026-08-13 03:58:55.492 - dataset_manager - INFO - Dataset client initialized and freed 500 conversations from memory
2026-08-13 03:58:55.492 - dataset_manager - INFO - Dataset configured in 0.84 seconds
2026-08-13 03:58:55.494 - system_controller - INFO - All services configured in 5.87 seconds
2026-08-13 03:58:55.494 - system_controller - INFO - AIPerf System is CONFIGURED
2026-08-13 03:58:55.496 - system_controller - INFO - All services started profiling successfully
2026-08-13 03:58:55.497 - system_controller - INFO - AIPerf System is PROFILING
2026-08-13 03:58:55.505 - RateTiming - INFO - Creating interval generator: pattern=concurrency_burst, rate=None, smoothness=None
2026-08-13 03:58:55.506 - PhaseRunner - NOTICE - Phase warmup (warmup) started | phase_index=0 | target: 3 requests
2026-08-13 03:58:55.507 - PhaseRunner - NOTICE - Phase warmup (warmup) sending complete | sent=3, completed=0, in_flight=3 | sessions: sent=3, completed=0
2026-08-13 03:58:55.508 - records_manager - INFO - Credit phase start: warmup
2026-08-13 03:59:25.518 - PhaseRunner - INFO - Phase warmup progress | returned=0/3 | sent=3 | in_flight=3 | errors=0 | elapsed=30.0s
2026-08-13 03:59:55.530 - PhaseRunner - INFO - Phase warmup progress | returned=0/3 | sent=3 | in_flight=3 | errors=0 | elapsed=60.0s
2026-08-13 04:00:25.541 - PhaseRunner - INFO - Phase warmup progress | returned=1/3 | sent=3 | in_flight=2 | errors=0 | elapsed=90.0s
2026-08-13 04:00:31.661 - PhaseRunner - NOTICE - Phase warmup (warmup) complete | completed=3, cancelled=0, errors=0 | sessions: completed=0, cancelled=0 | elapsed=96.15s
2026-08-13 04:00:31.663 - RateTiming - INFO - Creating interval generator: pattern=concurrency_burst, rate=None, smoothness=None
2026-08-13 04:00:31.663 - PhaseRunner - NOTICE - Phase profiling (profiling) started | phase_index=1 | profiling_index=0 | target: 50 requests, 50 sessions
2026-08-13 04:00:31.665 - records_manager - INFO - Credit phase start: profiling
2026-08-13 04:04:22.272 - aiperf.metrics.types.osl_mismatch_metrics - WARNING - OSL mismatch: got 726 tokens (requested 807, diff -10.0%)
2026-08-13 04:07:04.817 - aiperf.metrics.types.osl_mismatch_metrics - WARNING - OSL mismatch: got 445 tokens (requested 617, diff -27.9%)
2026-08-13 04:09:42.327 - aiperf.metrics.types.osl_mismatch_metrics - WARNING - OSL mismatch: got 503 tokens (requested 674, diff -25.4%)
2026-08-13 04:12:57.593 - aiperf.metrics.types.osl_mismatch_metrics - WARNING - OSL mismatch: got 834 tokens (requested 995, diff -16.2%)
2026-08-13 04:15:04.313 - PhaseRunner - NOTICE - Phase profiling (profiling) sending complete | sent=50, completed=46, in_flight=4 | sessions: sent=18, completed=14
2026-08-13 04:15:04.315 - records_manager - INFO - Sent 50 requests. Waiting for all to complete...
2026-08-13 04:16:19.166 - PhaseRunner - NOTICE - Phase profiling (profiling) complete | completed=50, cancelled=0, errors=0 | sessions: completed=14, cancelled=0 | elapsed=947.50s
2026-08-13 04:16:19.167 - PhaseOrchestrator_ea603636 - NOTICE - All credits completed
2026-08-13 04:16:19.168 - system_controller - INFO - Received credits complete from 'timing_manager'
2026-08-13 04:16:19.168 - records_manager - INFO - Received CREDIT_PHASE_COMPLETE message, Phase complete: PhaseRecordsStats(phase=CreditPhase.PROFILING, phase_index=1, profiling_index=0, phase_name='profiling', phase_kind='profiling', start_ns=1786593631663765781, sent_end_ns=1786594504313248334, requests_end_ns=1786594579166228206, baseline_start_ns=1786593631663745461, baseline_end_ns=1786594579166242174, total_expected_requests=50, expected_duration_sec=None, expected_num_sessions=None, expected_grace_period_sec=None, final_requests_sent=None, final_requests_completed=50, final_requests_cancelled=0, final_request_errors=0, final_sent_sessions=None, final_completed_sessions=None, final_cancelled_sessions=None, timeout_triggered=False, grace_period_timeout_triggered=False, was_cancelled=False, records_end_ns=None, success_records=49, error_records=0)
2026-08-13 04:16:19.168 - records_manager - NOTICE - All requests have completed, please wait for the results to be processed (currently 49 of 50 records processed)...
2026-08-13 04:16:19.169 - records_manager - INFO - All credits complete, please wait for the results to be processed...
2026-08-13 04:16:19.177 - records_manager - INFO - Processed 50 valid requests and 0 errors (50 total).
2026-08-13 04:16:19.177 - records_manager - INFO - Received all records, processing now...
2026-08-13 04:16:19.179 - gpu_telemetry_manager - INFO - GPU Telemetry: Profiling complete, capturing final metrics...
2026-08-13 04:16:19.180 - records_manager - INFO - Waiting 2.0s for server metrics flush period...
2026-08-13 04:16:21.166 - records_manager - INFO - Processing records results...
2026-08-13 04:16:21.301 - records_manager - INFO - _finalize_and_process_results completed
2026-08-13 04:16:21.303 - system_controller - INFO - Waiting for result domains: telemetry
2026-08-13 04:16:21.303 - system_controller - INFO - All results received, initiating shutdown
2026-08-13 04:16:21.910 - ExporterManager - INFO - Exporting all records
2026-08-13 04:16:21.991 - ExporterManager - INFO - Exporting console data
