2026-08-11 19:00:58.077 - aiperf.cli_runner._single_run - INFO - Starting AIPerf System
2026-08-11 19:00:58.555 - httpx - INFO - HTTP Request: GET https://huggingface.co/api/models/nvidia/NVIDIA-Nemotron-3.5-Lightning-30B-A3B-NVFP4 "HTTP/1.1 200 OK"
2026-08-11 19:00:58.575 - aiperf.config.resolution.resolvers - INFO - [OK] Tokenizer nvidia/NVIDIA-Nemotron-3.5-Lightning-30B-A3B-NVFP4 detected
2026-08-11 19:00:58.575 - aiperf.config.resolution.resolvers - INFO - 1 tokenizer validated | 0.5s
2026-08-11 19:00:58.575 - aiperf.config.resolution.resolvers - INFO - Prefetching 1 tokenizer into HF cache...
2026-08-11 19:00:59.614 - httpx - INFO - HTTP Request: HEAD https://huggingface.co/nvidia/NVIDIA-Nemotron-3.5-Lightning-30B-A3B-NVFP4/resolve/main/config.json "HTTP/1.1 307 Temporary Redirect"
2026-08-11 19:00:59.614 - huggingface_hub.utils._http - WARNING - Warning: You are sending unauthenticated requests to the HF Hub. Please set a HF_TOKEN to enable higher rate limits and faster downloads.
2026-08-11 19:00:59.701 - httpx - INFO - HTTP Request: HEAD https://huggingface.co/api/resolve-cache/models/nvidia/NVIDIA-Nemotron-3.5-Lightning-30B-A3B-NVFP4/c54e25e3fd0916b761eaa3ec4ecee2837e481a21/config.json "HTTP/1.1 200 OK"
2026-08-11 19:00:59.796 - httpx - INFO - HTTP Request: GET https://huggingface.co/api/resolve-cache/models/nvidia/NVIDIA-Nemotron-3.5-Lightning-30B-A3B-NVFP4/c54e25e3fd0916b761eaa3ec4ecee2837e481a21/config.json "HTTP/1.1 200 OK"
2026-08-11 19:00:59.986 - httpx - INFO - HTTP Request: HEAD https://huggingface.co/nvidia/NVIDIA-Nemotron-3.5-Lightning-30B-A3B-NVFP4/resolve/main/tokenizer_config.json "HTTP/1.1 307 Temporary Redirect"
2026-08-11 19:01:00.075 - httpx - INFO - HTTP Request: HEAD https://huggingface.co/api/resolve-cache/models/nvidia/NVIDIA-Nemotron-3.5-Lightning-30B-A3B-NVFP4/c54e25e3fd0916b761eaa3ec4ecee2837e481a21/tokenizer_config.json "HTTP/1.1 200 OK"
2026-08-11 19:01:00.171 - httpx - INFO - HTTP Request: GET https://huggingface.co/api/resolve-cache/models/nvidia/NVIDIA-Nemotron-3.5-Lightning-30B-A3B-NVFP4/c54e25e3fd0916b761eaa3ec4ecee2837e481a21/tokenizer_config.json "HTTP/1.1 200 OK"
2026-08-11 19:01:00.284 - httpx - INFO - HTTP Request: GET https://huggingface.co/api/models/nvidia/NVIDIA-Nemotron-3.5-Lightning-30B-A3B-NVFP4/tree/main/additional_chat_templates?recursive=false&expand=false "HTTP/1.1 404 Not Found"
2026-08-11 19:01:00.383 - httpx - INFO - HTTP Request: GET https://huggingface.co/api/models/nvidia/NVIDIA-Nemotron-3.5-Lightning-30B-A3B-NVFP4/tree/main?recursive=true&expand=false "HTTP/1.1 200 OK"
2026-08-11 19:01:00.483 - httpx - INFO - HTTP Request: HEAD https://huggingface.co/nvidia/NVIDIA-Nemotron-3.5-Lightning-30B-A3B-NVFP4/resolve/main/tokenizer.json "HTTP/1.1 302 Found"
2026-08-11 19:01:00.581 - httpx - INFO - HTTP Request: GET https://huggingface.co/api/models/nvidia/NVIDIA-Nemotron-3.5-Lightning-30B-A3B-NVFP4/xet-read-token/c54e25e3fd0916b761eaa3ec4ecee2837e481a21 "HTTP/1.1 200 OK"
2026-08-11 19:01:01.559 - httpx - INFO - HTTP Request: HEAD https://huggingface.co/nvidia/NVIDIA-Nemotron-3.5-Lightning-30B-A3B-NVFP4/resolve/main/tokenizer.model "HTTP/1.1 404 Not Found"
2026-08-11 19:01:01.682 - httpx - INFO - HTTP Request: HEAD https://huggingface.co/nvidia/NVIDIA-Nemotron-3.5-Lightning-30B-A3B-NVFP4/resolve/main/added_tokens.json "HTTP/1.1 404 Not Found"
2026-08-11 19:01:01.917 - httpx - INFO - HTTP Request: HEAD https://huggingface.co/nvidia/NVIDIA-Nemotron-3.5-Lightning-30B-A3B-NVFP4/resolve/main/special_tokens_map.json "HTTP/1.1 307 Temporary Redirect"
2026-08-11 19:01:02.007 - httpx - INFO - HTTP Request: HEAD https://huggingface.co/api/resolve-cache/models/nvidia/NVIDIA-Nemotron-3.5-Lightning-30B-A3B-NVFP4/c54e25e3fd0916b761eaa3ec4ecee2837e481a21/special_tokens_map.json "HTTP/1.1 200 OK"
2026-08-11 19:01:02.100 - httpx - INFO - HTTP Request: GET https://huggingface.co/api/resolve-cache/models/nvidia/NVIDIA-Nemotron-3.5-Lightning-30B-A3B-NVFP4/c54e25e3fd0916b761eaa3ec4ecee2837e481a21/special_tokens_map.json "HTTP/1.1 200 OK"
2026-08-11 19:01:02.199 - httpx - INFO - HTTP Request: HEAD https://huggingface.co/nvidia/NVIDIA-Nemotron-3.5-Lightning-30B-A3B-NVFP4/resolve/main/chat_template.jinja "HTTP/1.1 307 Temporary Redirect"
2026-08-11 19:01:02.315 - httpx - INFO - HTTP Request: HEAD https://huggingface.co/api/resolve-cache/models/nvidia/NVIDIA-Nemotron-3.5-Lightning-30B-A3B-NVFP4/c54e25e3fd0916b761eaa3ec4ecee2837e481a21/chat_template.jinja "HTTP/1.1 200 OK"
2026-08-11 19:01:02.411 - httpx - INFO - HTTP Request: GET https://huggingface.co/api/resolve-cache/models/nvidia/NVIDIA-Nemotron-3.5-Lightning-30B-A3B-NVFP4/c54e25e3fd0916b761eaa3ec4ecee2837e481a21/chat_template.jinja "HTTP/1.1 200 OK"
2026-08-11 19:01:03.277 - httpx - INFO - HTTP Request: GET https://huggingface.co/api/models/nvidia/NVIDIA-Nemotron-3.5-Lightning-30B-A3B-NVFP4 "HTTP/1.1 200 OK"
2026-08-11 19:01:03.323 - aiperf.config.resolution.resolvers - INFO -   Cached nvidia/NVIDIA-Nemotron-3.5-Lightning-30B-A3B-NVFP4 (4.73s)
2026-08-11 19:01:03.372 - aiperf.config.resolution.resolvers - INFO - 1 tokenizer cached • 4.8s
2026-08-11 19:01:03.735 - system_controller - INFO - Registered Gpu Telemetry Manager (id: 'gpu_telemetry_manager')
2026-08-11 19:01:03.797 - server_metrics_manager - INFO - Server Metrics: Discovered 1 endpoints: ['http://localhost:80/metrics']
2026-08-11 19:01:03.826 - GPUTelemetryJSONLWriter_f62f286d - INFO - GPU telemetry export enabled: /output/gpu_telemetry_export.jsonl
2026-08-11 19:01:03.834 - system_controller - INFO - Registered Worker Manager (id: 'worker_manager')
2026-08-11 19:01:03.837 - OTelMetricsResultsProcessor_3f967a96 - INFO - Telemetry streaming is disabled (set --otel-url and/or --mlflow-tracking-uri to enable)
2026-08-11 19:01:03.838 - RecordExportJSONLWriter_41e4a4ea - INFO - Record metrics export enabled: /output/profile_export.jsonl
2026-08-11 19:01:03.892 - system_controller - INFO - Registered Dataset Manager (id: 'dataset_manager')
2026-08-11 19:01:03.901 - system_controller - INFO - Registered Server Metrics Manager (id: 'server_metrics_manager')
2026-08-11 19:01:03.938 - system_controller - INFO - Registered Record Processor (id: 'record_processor_52f54387')
2026-08-11 19:01:03.944 - system_controller - INFO - Registered Record Processor (id: 'record_processor_18ad981a')
2026-08-11 19:01:03.955 - system_controller - INFO - Registered Timing Manager (id: 'timing_manager')
2026-08-11 19:01:03.970 - system_controller - INFO - Registered Records Manager (id: 'records_manager')
2026-08-11 19:01:04.216 - system_controller - INFO - Registered Worker (id: 'worker_dd93de0e')
2026-08-11 19:01:04.217 - system_controller - INFO - AIPerf System is CONFIGURING
2026-08-11 19:01:04.217 - system_controller - INFO - Configuring all services to start profiling
2026-08-11 19:01:04.218 - timing_manager - INFO - Waiting for dataset to be configured before configuring timing
2026-08-11 19:01:04.219 - InferenceResultParser_895f3a30 - INFO - Configuring tokenizers for inference result parser (resolve_alias: True)
2026-08-11 19:01:04.219 - InferenceResultParser_72fa8c60 - INFO - Configuring tokenizers for inference result parser (resolve_alias: True)
2026-08-11 19:01:04.219 - dataset_manager - INFO - Configuring tokenizer(s) for dataset manager
2026-08-11 19:01:04.230 - server_metrics_manager - INFO - Server Metrics: Capturing baseline metrics...
2026-08-11 19:01:04.241 - system_controller - INFO - Registered Worker (id: 'worker_6ebd3348')
2026-08-11 19:01:04.247 - http://localhost:80/metrics - INFO - Skipping unsupported summary metric: http_request_size_bytes
2026-08-11 19:01:04.247 - http://localhost:80/metrics - INFO - Skipping unsupported summary metric: http_response_size_bytes
2026-08-11 19:01:04.247 - system_controller - INFO - Registered Worker (id: 'worker_64604bc5')
2026-08-11 19:01:04.247 - system_controller - INFO - Registered Worker (id: 'worker_04194ec5')
2026-08-11 19:01:04.248 - system_controller - INFO - Server metrics enabled - 1/1 endpoint(s) reachable.
2026-08-11 19:01:04.248 - system_controller - INFO - Waiting for result domains: profile, server_metrics, telemetry
2026-08-11 19:01:04.251 - gpu_telemetry_manager - INFO - GPU Telemetry: Capturing baseline metrics from pynvml://localhost
2026-08-11 19:01:04.261 - pynvml_collector - INFO - PyNVML initialized with 1 GPU(s) (0 with GPM support)
2026-08-11 19:01:04.262 - system_controller - INFO - Registered Worker (id: 'worker_b16c88c8')
2026-08-11 19:01:04.263 - system_controller - INFO - Registered Worker (id: 'worker_58694849')
2026-08-11 19:01:04.263 - system_controller - INFO - Registered Worker (id: 'worker_7ce37f68')
2026-08-11 19:01:04.268 - system_controller - INFO - Registered Worker (id: 'worker_d5b11130')
2026-08-11 19:01:04.276 - system_controller - INFO - DCGM telemetry enabled - 1/1 endpoint(s) reachable
2026-08-11 19:01:04.801 - httpx - INFO - HTTP Request: HEAD https://huggingface.co/nvidia/NVIDIA-Nemotron-3.5-Lightning-30B-A3B-NVFP4/resolve/main/config.json "HTTP/1.1 307 Temporary Redirect"
2026-08-11 19:01:04.801 - httpx - INFO - HTTP Request: HEAD https://huggingface.co/nvidia/NVIDIA-Nemotron-3.5-Lightning-30B-A3B-NVFP4/resolve/main/config.json "HTTP/1.1 307 Temporary Redirect"
2026-08-11 19:01:04.801 - httpx - INFO - HTTP Request: HEAD https://huggingface.co/nvidia/NVIDIA-Nemotron-3.5-Lightning-30B-A3B-NVFP4/resolve/main/config.json "HTTP/1.1 307 Temporary Redirect"
2026-08-11 19:01:04.801 - huggingface_hub.utils._http - WARNING - Warning: You are sending unauthenticated requests to the HF Hub. Please set a HF_TOKEN to enable higher rate limits and faster downloads.
2026-08-11 19:01:04.801 - huggingface_hub.utils._http - WARNING - Warning: You are sending unauthenticated requests to the HF Hub. Please set a HF_TOKEN to enable higher rate limits and faster downloads.
2026-08-11 19:01:04.823 - httpx - INFO - HTTP Request: HEAD https://huggingface.co/api/resolve-cache/models/nvidia/NVIDIA-Nemotron-3.5-Lightning-30B-A3B-NVFP4/c54e25e3fd0916b761eaa3ec4ecee2837e481a21/config.json "HTTP/1.1 200 OK"
2026-08-11 19:01:04.841 - httpx - INFO - HTTP Request: HEAD https://huggingface.co/api/resolve-cache/models/nvidia/NVIDIA-Nemotron-3.5-Lightning-30B-A3B-NVFP4/c54e25e3fd0916b761eaa3ec4ecee2837e481a21/config.json "HTTP/1.1 200 OK"
2026-08-11 19:01:04.850 - httpx - INFO - HTTP Request: HEAD https://huggingface.co/api/resolve-cache/models/nvidia/NVIDIA-Nemotron-3.5-Lightning-30B-A3B-NVFP4/c54e25e3fd0916b761eaa3ec4ecee2837e481a21/config.json "HTTP/1.1 200 OK"
2026-08-11 19:01:04.961 - httpx - INFO - HTTP Request: HEAD https://huggingface.co/nvidia/NVIDIA-Nemotron-3.5-Lightning-30B-A3B-NVFP4/resolve/main/tokenizer_config.json "HTTP/1.1 307 Temporary Redirect"
2026-08-11 19:01:04.976 - httpx - INFO - HTTP Request: HEAD https://huggingface.co/nvidia/NVIDIA-Nemotron-3.5-Lightning-30B-A3B-NVFP4/resolve/main/tokenizer_config.json "HTTP/1.1 307 Temporary Redirect"
2026-08-11 19:01:04.985 - httpx - INFO - HTTP Request: HEAD https://huggingface.co/api/resolve-cache/models/nvidia/NVIDIA-Nemotron-3.5-Lightning-30B-A3B-NVFP4/c54e25e3fd0916b761eaa3ec4ecee2837e481a21/tokenizer_config.json "HTTP/1.1 200 OK"
2026-08-11 19:01:04.987 - httpx - INFO - HTTP Request: HEAD https://huggingface.co/api/resolve-cache/models/nvidia/NVIDIA-Nemotron-3.5-Lightning-30B-A3B-NVFP4/c54e25e3fd0916b761eaa3ec4ecee2837e481a21/tokenizer_config.json "HTTP/1.1 200 OK"
2026-08-11 19:01:04.988 - httpx - INFO - HTTP Request: HEAD https://huggingface.co/nvidia/NVIDIA-Nemotron-3.5-Lightning-30B-A3B-NVFP4/resolve/main/tokenizer_config.json "HTTP/1.1 307 Temporary Redirect"
2026-08-11 19:01:04.999 - httpx - INFO - HTTP Request: HEAD https://huggingface.co/api/resolve-cache/models/nvidia/NVIDIA-Nemotron-3.5-Lightning-30B-A3B-NVFP4/c54e25e3fd0916b761eaa3ec4ecee2837e481a21/tokenizer_config.json "HTTP/1.1 200 OK"
2026-08-11 19:01:05.073 - httpx - INFO - HTTP Request: GET https://huggingface.co/api/models/nvidia/NVIDIA-Nemotron-3.5-Lightning-30B-A3B-NVFP4/tree/main/additional_chat_templates?recursive=false&expand=false "HTTP/1.1 404 Not Found"
2026-08-11 19:01:05.082 - httpx - INFO - HTTP Request: GET https://huggingface.co/api/models/nvidia/NVIDIA-Nemotron-3.5-Lightning-30B-A3B-NVFP4/tree/main/additional_chat_templates?recursive=false&expand=false "HTTP/1.1 404 Not Found"
2026-08-11 19:01:05.093 - httpx - INFO - HTTP Request: GET https://huggingface.co/api/models/nvidia/NVIDIA-Nemotron-3.5-Lightning-30B-A3B-NVFP4/tree/main/additional_chat_templates?recursive=false&expand=false "HTTP/1.1 404 Not Found"
2026-08-11 19:01:05.160 - httpx - INFO - HTTP Request: GET https://huggingface.co/api/models/nvidia/NVIDIA-Nemotron-3.5-Lightning-30B-A3B-NVFP4/tree/main?recursive=true&expand=false "HTTP/1.1 200 OK"
2026-08-11 19:01:05.168 - httpx - INFO - HTTP Request: GET https://huggingface.co/api/models/nvidia/NVIDIA-Nemotron-3.5-Lightning-30B-A3B-NVFP4/tree/main?recursive=true&expand=false "HTTP/1.1 200 OK"
2026-08-11 19:01:05.181 - httpx - INFO - HTTP Request: GET https://huggingface.co/api/models/nvidia/NVIDIA-Nemotron-3.5-Lightning-30B-A3B-NVFP4/tree/main?recursive=true&expand=false "HTTP/1.1 200 OK"
2026-08-11 19:01:06.220 - httpx - INFO - HTTP Request: GET https://huggingface.co/api/models/nvidia/NVIDIA-Nemotron-3.5-Lightning-30B-A3B-NVFP4 "HTTP/1.1 200 OK"
2026-08-11 19:01:06.226 - httpx - INFO - HTTP Request: GET https://huggingface.co/api/models/nvidia/NVIDIA-Nemotron-3.5-Lightning-30B-A3B-NVFP4 "HTTP/1.1 200 OK"
2026-08-11 19:01:06.231 - httpx - INFO - HTTP Request: GET https://huggingface.co/api/models/nvidia/NVIDIA-Nemotron-3.5-Lightning-30B-A3B-NVFP4 "HTTP/1.1 200 OK"
2026-08-11 19:01:06.245 - InferenceResultParser_72fa8c60 - INFO - Initialized tokenizers: {'nvidia/NVIDIA-Nemotron-3.5-Lightning-30B-A3B-NVFP4': {'class': 'TokenizersBackend', 'name_or_path': 'nvidia/NVIDIA-Nemotron-3.5-Lightning-30B-A3B-NVFP4'}} in 2.03 seconds
2026-08-11 19:01:06.254 - InferenceResultParser_895f3a30 - INFO - Initialized tokenizers: {'nvidia/NVIDIA-Nemotron-3.5-Lightning-30B-A3B-NVFP4': {'class': 'TokenizersBackend', 'name_or_path': 'nvidia/NVIDIA-Nemotron-3.5-Lightning-30B-A3B-NVFP4'}} in 2.04 seconds
2026-08-11 19:01:06.258 - dataset_manager - INFO - Tokenizer(s) configured in 2.04 seconds
2026-08-11 19:01:06.258 - dataset_manager - INFO - Configuring dataset for dataset_manager
2026-08-11 19:01:06.503 - CustomDatasetComposer - INFO - Using explicit dataset format: multi_turn
2026-08-11 19:01:06.574 - MemoryMapDatasetBackingStore_4bf0e571 - INFO - Memory-mapped backing store initialized (streaming to /tmp/aiperf_mmap_1287937f8574/dataset.dat)
2026-08-11 19:01:06.593 - MemoryMapDatasetBackingStore_4bf0e571 - INFO - Data file finalized: 500 conversations, 1.26 MB
2026-08-11 19:01:06.594 - MemoryMapDatasetBackingStore_4bf0e571 - INFO - Index file created: /tmp/aiperf_mmap_1287937f8574/index.dat
2026-08-11 19:01:06.594 - dataset_manager - INFO - Backing store finalized: client_type=DatasetClientStoreType.MEMORY_MAP format=MemoryMapFormat.CONVERSATION data_file_path=PosixPath('/tmp/aiperf_mmap_1287937f8574/dataset.dat') index_file_path=PosixPath('/tmp/aiperf_mmap_1287937f8574/index.dat') conversation_count=500 total_size_bytes=1324108 compressed=False compressed_data_file_path=None compressed_index_file_path=None compressed_size_bytes=0
2026-08-11 19:01:06.603 - dataset_manager - INFO - sampling strategy: sequential, unique conversations: 500, unique turn count: 1783
2026-08-11 19:01:06.608 - dataset_manager - INFO - Generating inputs.json file at /output/inputs.json
2026-08-11 19:01:06.616 - system_controller - WARNING - Received command response for service we were not expecting: worker_04194ec5. Ignoring.
2026-08-11 19:01:06.616 - system_controller - WARNING - Received command response for service we were not expecting: worker_6ebd3348. Ignoring.
2026-08-11 19:01:06.616 - system_controller - WARNING - Received command response for service we were not expecting: worker_7ce37f68. Ignoring.
2026-08-11 19:01:06.616 - system_controller - WARNING - Received command response for service we were not expecting: worker_58694849. Ignoring.
2026-08-11 19:01:06.619 - PhaseOrchestrator_5c96658c - INFO - Initialized 2 phase(s): ['Warmup', 'Profiling']
2026-08-11 19:01:06.619 - system_controller - WARNING - Received command response for service we were not expecting: worker_64604bc5. Ignoring.
2026-08-11 19:01:06.620 - system_controller - WARNING - Received command response for service we were not expecting: worker_d5b11130. Ignoring.
2026-08-11 19:01:06.620 - system_controller - WARNING - Received command response for service we were not expecting: worker_b16c88c8. Ignoring.
2026-08-11 19:01:06.626 - dataset_manager - INFO - inputs.json file generated in 0.02 seconds
2026-08-11 19:01:06.772 - dataset_manager - INFO - Dataset client initialized and freed 500 conversations from memory
2026-08-11 19:01:06.772 - dataset_manager - INFO - Dataset configured in 0.51 seconds
2026-08-11 19:01:06.773 - system_controller - INFO - All services configured in 2.56 seconds
2026-08-11 19:01:06.773 - system_controller - INFO - AIPerf System is CONFIGURED
2026-08-11 19:01:06.774 - server_metrics_manager - INFO - Server Metrics: Started 1 collector(s) successfully
2026-08-11 19:01:06.775 - system_controller - INFO - All services started profiling successfully
2026-08-11 19:01:06.775 - system_controller - INFO - AIPerf System is PROFILING
2026-08-11 19:01:06.781 - RateTiming - INFO - Creating interval generator: pattern=concurrency_burst, rate=None, smoothness=None
2026-08-11 19:01:06.782 - PhaseRunner - NOTICE - Phase warmup (warmup) started | phase_index=0 | target: 3 requests
2026-08-11 19:01:06.782 - PhaseRunner - NOTICE - Phase warmup (warmup) sending complete | sent=3, completed=0, in_flight=3 | sessions: sent=3, completed=0
2026-08-11 19:01:06.783 - records_manager - INFO - Credit phase start: warmup
2026-08-11 19:01:09.607 - PhaseRunner - NOTICE - Phase warmup (warmup) complete | completed=3, cancelled=0, errors=0 | sessions: completed=0, cancelled=0 | elapsed=2.83s
2026-08-11 19:01:09.609 - RateTiming - INFO - Creating interval generator: pattern=concurrency_burst, rate=None, smoothness=None
2026-08-11 19:01:09.609 - server_metrics_manager - INFO - Server Metrics: Warmup complete, capturing final warmup metrics...
2026-08-11 19:01:09.609 - PhaseRunner - NOTICE - Phase profiling (profiling) started | phase_index=1 | profiling_index=0 | target: 50 requests, 50 sessions
2026-08-11 19:01:09.610 - records_manager - INFO - Credit phase start: profiling
2026-08-11 19:01:32.728 - PhaseRunner - NOTICE - Phase profiling (profiling) sending complete | sent=50, completed=42, in_flight=8 | sessions: sent=20, completed=12
2026-08-11 19:01:32.729 - records_manager - INFO - Sent 50 requests. Waiting for all to complete...
2026-08-11 19:01:35.038 - PhaseRunner - NOTICE - Phase profiling (profiling) complete | completed=50, cancelled=0, errors=0 | sessions: completed=14, cancelled=0 | elapsed=25.43s
2026-08-11 19:01:35.039 - PhaseOrchestrator_5c96658c - NOTICE - All credits completed
2026-08-11 19:01:35.039 - system_controller - INFO - Received credits complete from 'timing_manager'
2026-08-11 19:01:35.039 - records_manager - INFO - Received CREDIT_PHASE_COMPLETE message, Phase complete: PhaseRecordsStats(phase=CreditPhase.PROFILING, phase_index=1, profiling_index=0, phase_name='profiling', phase_kind='profiling', start_ns=1786474869609447687, sent_end_ns=1786474892728087611, requests_end_ns=1786474895038285595, baseline_start_ns=1786474869609433863, baseline_end_ns=1786474895038299723, total_expected_requests=50, expected_duration_sec=None, expected_num_sessions=None, expected_grace_period_sec=None, final_requests_sent=None, final_requests_completed=50, final_requests_cancelled=0, final_request_errors=0, final_sent_sessions=None, final_completed_sessions=None, final_cancelled_sessions=None, timeout_triggered=False, grace_period_timeout_triggered=False, was_cancelled=False, records_end_ns=None, success_records=49, error_records=0)
2026-08-11 19:01:35.040 - records_manager - NOTICE - All requests have completed, please wait for the results to be processed (currently 49 of 50 records processed)...
2026-08-11 19:01:35.040 - records_manager - INFO - All credits complete, please wait for the results to be processed...
2026-08-11 19:01:35.043 - records_manager - INFO - Processed 50 valid requests and 0 errors (50 total).
2026-08-11 19:01:35.043 - records_manager - INFO - Received all records, processing now...
2026-08-11 19:01:35.044 - gpu_telemetry_manager - INFO - GPU Telemetry: Profiling complete, capturing final metrics...
2026-08-11 19:01:35.044 - server_metrics_manager - INFO - Server Metrics: Profiling complete, capturing final metrics...
2026-08-11 19:01:35.044 - records_manager - INFO - Waiting 2.0s for server metrics flush period...
2026-08-11 19:01:37.038 - records_manager - INFO - Processing records results...
2026-08-11 19:01:37.146 - system_controller - INFO - Waiting for result domains: server_metrics, telemetry
2026-08-11 19:01:37.146 - system_controller - INFO - Waiting for result domains: server_metrics
2026-08-11 19:01:37.175 - records_manager - INFO - _finalize_and_process_results completed
2026-08-11 19:01:37.176 - system_controller - INFO - All results received, initiating shutdown
2026-08-11 19:01:37.779 - ExporterManager - INFO - Exporting all records
2026-08-11 19:01:37.865 - ExporterManager - INFO - Exporting console data
