2026-08-12 00:20:29.809 - aiperf.cli_runner._single_run - INFO - Starting AIPerf System
2026-08-12 00:20:30.326 - httpx - INFO - HTTP Request: GET https://huggingface.co/api/models/nvidia/NVIDIA-Nemotron-3.5-Lightning-30B-A3B-NVFP4 "HTTP/1.1 200 OK"
2026-08-12 00:20:30.337 - aiperf.config.resolution.resolvers - INFO - [OK] Tokenizer nvidia/NVIDIA-Nemotron-3.5-Lightning-30B-A3B-NVFP4 detected
2026-08-12 00:20:30.337 - aiperf.config.resolution.resolvers - INFO - 1 tokenizer validated | 0.5s
2026-08-12 00:20:30.337 - aiperf.config.resolution.resolvers - INFO - Prefetching 1 tokenizer into HF cache...
2026-08-12 00:20:31.514 - httpx - INFO - HTTP Request: HEAD https://huggingface.co/nvidia/NVIDIA-Nemotron-3.5-Lightning-30B-A3B-NVFP4/resolve/main/config.json "HTTP/1.1 307 Temporary Redirect"
2026-08-12 00:20:31.528 - httpx - INFO - HTTP Request: HEAD https://huggingface.co/api/resolve-cache/models/nvidia/NVIDIA-Nemotron-3.5-Lightning-30B-A3B-NVFP4/b14872a58afd94e2fbbc1e5a1fe4ebb7dfdc5fdd/config.json "HTTP/1.1 200 OK"
2026-08-12 00:20:31.543 - httpx - INFO - HTTP Request: GET https://huggingface.co/api/resolve-cache/models/nvidia/NVIDIA-Nemotron-3.5-Lightning-30B-A3B-NVFP4/b14872a58afd94e2fbbc1e5a1fe4ebb7dfdc5fdd/config.json "HTTP/1.1 200 OK"
2026-08-12 00:20:31.695 - httpx - INFO - HTTP Request: HEAD https://huggingface.co/nvidia/NVIDIA-Nemotron-3.5-Lightning-30B-A3B-NVFP4/resolve/main/tokenizer_config.json "HTTP/1.1 307 Temporary Redirect"
2026-08-12 00:20:31.696 - huggingface_hub.utils._http - WARNING - Warning: You are sending unauthenticated requests to the HF Hub. Please set a HF_TOKEN to enable higher rate limits and faster downloads.
2026-08-12 00:20:31.708 - httpx - INFO - HTTP Request: HEAD https://huggingface.co/api/resolve-cache/models/nvidia/NVIDIA-Nemotron-3.5-Lightning-30B-A3B-NVFP4/b14872a58afd94e2fbbc1e5a1fe4ebb7dfdc5fdd/tokenizer_config.json "HTTP/1.1 200 OK"
2026-08-12 00:20:31.720 - httpx - INFO - HTTP Request: GET https://huggingface.co/api/resolve-cache/models/nvidia/NVIDIA-Nemotron-3.5-Lightning-30B-A3B-NVFP4/b14872a58afd94e2fbbc1e5a1fe4ebb7dfdc5fdd/tokenizer_config.json "HTTP/1.1 200 OK"
2026-08-12 00:20:31.812 - httpx - INFO - HTTP Request: GET https://huggingface.co/api/models/nvidia/NVIDIA-Nemotron-3.5-Lightning-30B-A3B-NVFP4/tree/main/additional_chat_templates?recursive=false&expand=false "HTTP/1.1 404 Not Found"
2026-08-12 00:20:31.906 - httpx - INFO - HTTP Request: GET https://huggingface.co/api/models/nvidia/NVIDIA-Nemotron-3.5-Lightning-30B-A3B-NVFP4/tree/main?recursive=true&expand=false "HTTP/1.1 200 OK"
2026-08-12 00:20:31.999 - httpx - INFO - HTTP Request: HEAD https://huggingface.co/nvidia/NVIDIA-Nemotron-3.5-Lightning-30B-A3B-NVFP4/resolve/main/tokenizer.json "HTTP/1.1 302 Found"
2026-08-12 00:20:32.096 - httpx - INFO - HTTP Request: GET https://huggingface.co/api/models/nvidia/NVIDIA-Nemotron-3.5-Lightning-30B-A3B-NVFP4/xet-read-token/b14872a58afd94e2fbbc1e5a1fe4ebb7dfdc5fdd "HTTP/1.1 200 OK"
2026-08-12 00:20:32.986 - httpx - INFO - HTTP Request: HEAD https://huggingface.co/nvidia/NVIDIA-Nemotron-3.5-Lightning-30B-A3B-NVFP4/resolve/main/tokenizer.model "HTTP/1.1 404 Not Found"
2026-08-12 00:20:33.074 - httpx - INFO - HTTP Request: HEAD https://huggingface.co/nvidia/NVIDIA-Nemotron-3.5-Lightning-30B-A3B-NVFP4/resolve/main/added_tokens.json "HTTP/1.1 404 Not Found"
2026-08-12 00:20:33.167 - httpx - INFO - HTTP Request: HEAD https://huggingface.co/nvidia/NVIDIA-Nemotron-3.5-Lightning-30B-A3B-NVFP4/resolve/main/special_tokens_map.json "HTTP/1.1 307 Temporary Redirect"
2026-08-12 00:20:33.182 - httpx - INFO - HTTP Request: HEAD https://huggingface.co/api/resolve-cache/models/nvidia/NVIDIA-Nemotron-3.5-Lightning-30B-A3B-NVFP4/b14872a58afd94e2fbbc1e5a1fe4ebb7dfdc5fdd/special_tokens_map.json "HTTP/1.1 200 OK"
2026-08-12 00:20:33.196 - httpx - INFO - HTTP Request: GET https://huggingface.co/api/resolve-cache/models/nvidia/NVIDIA-Nemotron-3.5-Lightning-30B-A3B-NVFP4/b14872a58afd94e2fbbc1e5a1fe4ebb7dfdc5fdd/special_tokens_map.json "HTTP/1.1 200 OK"
2026-08-12 00:20:33.283 - httpx - INFO - HTTP Request: HEAD https://huggingface.co/nvidia/NVIDIA-Nemotron-3.5-Lightning-30B-A3B-NVFP4/resolve/main/chat_template.jinja "HTTP/1.1 307 Temporary Redirect"
2026-08-12 00:20:33.297 - httpx - INFO - HTTP Request: HEAD https://huggingface.co/api/resolve-cache/models/nvidia/NVIDIA-Nemotron-3.5-Lightning-30B-A3B-NVFP4/b14872a58afd94e2fbbc1e5a1fe4ebb7dfdc5fdd/chat_template.jinja "HTTP/1.1 200 OK"
2026-08-12 00:20:33.310 - httpx - INFO - HTTP Request: GET https://huggingface.co/api/resolve-cache/models/nvidia/NVIDIA-Nemotron-3.5-Lightning-30B-A3B-NVFP4/b14872a58afd94e2fbbc1e5a1fe4ebb7dfdc5fdd/chat_template.jinja "HTTP/1.1 200 OK"
2026-08-12 00:20:34.160 - httpx - INFO - HTTP Request: GET https://huggingface.co/api/models/nvidia/NVIDIA-Nemotron-3.5-Lightning-30B-A3B-NVFP4 "HTTP/1.1 200 OK"
2026-08-12 00:20:34.194 - aiperf.config.resolution.resolvers - INFO -   Cached nvidia/NVIDIA-Nemotron-3.5-Lightning-30B-A3B-NVFP4 (3.84s)
2026-08-12 00:20:34.244 - aiperf.config.resolution.resolvers - INFO - 1 tokenizer cached • 3.9s
2026-08-12 00:20:34.708 - server_metrics_manager - INFO - Server Metrics: Discovered 1 endpoints: ['http://localhost:8000/metrics']
2026-08-12 00:20:34.739 - GPUTelemetryJSONLWriter_90a4c4bc - INFO - GPU telemetry export enabled: /output/gpu_telemetry_export.jsonl
2026-08-12 00:20:34.744 - system_controller - INFO - Registered Gpu Telemetry Manager (id: 'gpu_telemetry_manager')
2026-08-12 00:20:34.748 - system_controller - INFO - Registered Worker Manager (id: 'worker_manager')
2026-08-12 00:20:34.749 - OTelMetricsResultsProcessor_f395afce - INFO - Telemetry streaming is disabled (set --otel-url and/or --mlflow-tracking-uri to enable)
2026-08-12 00:20:34.750 - RecordExportJSONLWriter_8dd0f527 - INFO - Record metrics export enabled: /output/profile_export.jsonl
2026-08-12 00:20:34.785 - system_controller - INFO - Registered Dataset Manager (id: 'dataset_manager')
2026-08-12 00:20:34.813 - system_controller - INFO - Registered Server Metrics Manager (id: 'server_metrics_manager')
2026-08-12 00:20:34.857 - system_controller - INFO - Registered Records Manager (id: 'records_manager')
2026-08-12 00:20:34.915 - system_controller - INFO - Registered Record Processor (id: 'record_processor_11b13ada')
2026-08-12 00:20:34.916 - system_controller - INFO - Registered Timing Manager (id: 'timing_manager')
2026-08-12 00:20:35.052 - system_controller - INFO - Registered Worker (id: 'worker_5cbc2071')
2026-08-12 00:20:35.126 - system_controller - INFO - AIPerf System is CONFIGURING
2026-08-12 00:20:35.127 - system_controller - INFO - Configuring all services to start profiling
2026-08-12 00:20:35.128 - timing_manager - INFO - Waiting for dataset to be configured before configuring timing
2026-08-12 00:20:35.128 - InferenceResultParser_ef013292 - INFO - Configuring tokenizers for inference result parser (resolve_alias: True)
2026-08-12 00:20:35.129 - dataset_manager - INFO - Configuring tokenizer(s) for dataset manager
2026-08-12 00:20:35.137 - server_metrics_manager - INFO - Server Metrics: Capturing baseline metrics...
2026-08-12 00:20:35.148 - http://localhost:8000/metrics - INFO - Skipping unsupported summary metric: http_request_size_bytes
2026-08-12 00:20:35.148 - http://localhost:8000/metrics - INFO - Skipping unsupported summary metric: http_response_size_bytes
2026-08-12 00:20:35.149 - system_controller - INFO - Server metrics enabled - 1/1 endpoint(s) reachable.
2026-08-12 00:20:35.149 - system_controller - INFO - Waiting for result domains: profile, server_metrics, telemetry
2026-08-12 00:20:35.160 - gpu_telemetry_manager - INFO - GPU Telemetry: Capturing baseline metrics from pynvml://localhost
2026-08-12 00:20:35.169 - pynvml_collector - INFO - PyNVML initialized with 1 GPU(s) (0 with GPM support)
2026-08-12 00:20:35.184 - system_controller - INFO - DCGM telemetry enabled - 1/1 endpoint(s) reachable
2026-08-12 00:20:35.660 - httpx - INFO - HTTP Request: HEAD https://huggingface.co/nvidia/NVIDIA-Nemotron-3.5-Lightning-30B-A3B-NVFP4/resolve/main/config.json "HTTP/1.1 307 Temporary Redirect"
2026-08-12 00:20:35.661 - huggingface_hub.utils._http - WARNING - Warning: You are sending unauthenticated requests to the HF Hub. Please set a HF_TOKEN to enable higher rate limits and faster downloads.
2026-08-12 00:20:35.669 - httpx - INFO - HTTP Request: HEAD https://huggingface.co/nvidia/NVIDIA-Nemotron-3.5-Lightning-30B-A3B-NVFP4/resolve/main/config.json "HTTP/1.1 307 Temporary Redirect"
2026-08-12 00:20:35.670 - huggingface_hub.utils._http - WARNING - Warning: You are sending unauthenticated requests to the HF Hub. Please set a HF_TOKEN to enable higher rate limits and faster downloads.
2026-08-12 00:20:35.673 - httpx - INFO - HTTP Request: HEAD https://huggingface.co/api/resolve-cache/models/nvidia/NVIDIA-Nemotron-3.5-Lightning-30B-A3B-NVFP4/b14872a58afd94e2fbbc1e5a1fe4ebb7dfdc5fdd/config.json "HTTP/1.1 200 OK"
2026-08-12 00:20:35.682 - httpx - INFO - HTTP Request: HEAD https://huggingface.co/api/resolve-cache/models/nvidia/NVIDIA-Nemotron-3.5-Lightning-30B-A3B-NVFP4/b14872a58afd94e2fbbc1e5a1fe4ebb7dfdc5fdd/config.json "HTTP/1.1 200 OK"
2026-08-12 00:20:35.812 - httpx - INFO - HTTP Request: HEAD https://huggingface.co/nvidia/NVIDIA-Nemotron-3.5-Lightning-30B-A3B-NVFP4/resolve/main/tokenizer_config.json "HTTP/1.1 307 Temporary Redirect"
2026-08-12 00:20:35.824 - httpx - INFO - HTTP Request: HEAD https://huggingface.co/api/resolve-cache/models/nvidia/NVIDIA-Nemotron-3.5-Lightning-30B-A3B-NVFP4/b14872a58afd94e2fbbc1e5a1fe4ebb7dfdc5fdd/tokenizer_config.json "HTTP/1.1 200 OK"
2026-08-12 00:20:35.843 - httpx - INFO - HTTP Request: HEAD https://huggingface.co/nvidia/NVIDIA-Nemotron-3.5-Lightning-30B-A3B-NVFP4/resolve/main/tokenizer_config.json "HTTP/1.1 307 Temporary Redirect"
2026-08-12 00:20:35.857 - httpx - INFO - HTTP Request: HEAD https://huggingface.co/api/resolve-cache/models/nvidia/NVIDIA-Nemotron-3.5-Lightning-30B-A3B-NVFP4/b14872a58afd94e2fbbc1e5a1fe4ebb7dfdc5fdd/tokenizer_config.json "HTTP/1.1 200 OK"
2026-08-12 00:20:35.914 - httpx - INFO - HTTP Request: GET https://huggingface.co/api/models/nvidia/NVIDIA-Nemotron-3.5-Lightning-30B-A3B-NVFP4/tree/main/additional_chat_templates?recursive=false&expand=false "HTTP/1.1 404 Not Found"
2026-08-12 00:20:35.948 - httpx - INFO - HTTP Request: GET https://huggingface.co/api/models/nvidia/NVIDIA-Nemotron-3.5-Lightning-30B-A3B-NVFP4/tree/main/additional_chat_templates?recursive=false&expand=false "HTTP/1.1 404 Not Found"
2026-08-12 00:20:36.008 - httpx - INFO - HTTP Request: GET https://huggingface.co/api/models/nvidia/NVIDIA-Nemotron-3.5-Lightning-30B-A3B-NVFP4/tree/main?recursive=true&expand=false "HTTP/1.1 200 OK"
2026-08-12 00:20:36.040 - httpx - INFO - HTTP Request: GET https://huggingface.co/api/models/nvidia/NVIDIA-Nemotron-3.5-Lightning-30B-A3B-NVFP4/tree/main?recursive=true&expand=false "HTTP/1.1 200 OK"
2026-08-12 00:20:36.931 - httpx - INFO - HTTP Request: GET https://huggingface.co/api/models/nvidia/NVIDIA-Nemotron-3.5-Lightning-30B-A3B-NVFP4 "HTTP/1.1 200 OK"
2026-08-12 00:20:36.956 - dataset_manager - INFO - Tokenizer(s) configured in 1.83 seconds
2026-08-12 00:20:36.956 - dataset_manager - INFO - Configuring dataset for dataset_manager
2026-08-12 00:20:36.969 - httpx - INFO - HTTP Request: GET https://huggingface.co/api/models/nvidia/NVIDIA-Nemotron-3.5-Lightning-30B-A3B-NVFP4 "HTTP/1.1 200 OK"
2026-08-12 00:20:36.990 - InferenceResultParser_ef013292 - INFO - Initialized tokenizers: {'nvidia/NVIDIA-Nemotron-3.5-Lightning-30B-A3B-NVFP4': {'class': 'TokenizersBackend', 'name_or_path': 'nvidia/NVIDIA-Nemotron-3.5-Lightning-30B-A3B-NVFP4'}} in 1.86 seconds
2026-08-12 00:20:37.214 - CustomDatasetComposer - INFO - Using explicit dataset format: multi_turn
2026-08-12 00:20:37.279 - MemoryMapDatasetBackingStore_ae69a48d - INFO - Memory-mapped backing store initialized (streaming to /tmp/aiperf_mmap_b4c353522124/dataset.dat)
2026-08-12 00:20:37.299 - MemoryMapDatasetBackingStore_ae69a48d - INFO - Data file finalized: 500 conversations, 1.26 MB
2026-08-12 00:20:37.300 - MemoryMapDatasetBackingStore_ae69a48d - INFO - Index file created: /tmp/aiperf_mmap_b4c353522124/index.dat
2026-08-12 00:20:37.300 - dataset_manager - INFO - Backing store finalized: client_type=DatasetClientStoreType.MEMORY_MAP format=MemoryMapFormat.CONVERSATION data_file_path=PosixPath('/tmp/aiperf_mmap_b4c353522124/dataset.dat') index_file_path=PosixPath('/tmp/aiperf_mmap_b4c353522124/index.dat') conversation_count=500 total_size_bytes=1324427 compressed=False compressed_data_file_path=None compressed_index_file_path=None compressed_size_bytes=0
2026-08-12 00:20:37.309 - dataset_manager - INFO - sampling strategy: sequential, unique conversations: 500, unique turn count: 1783
2026-08-12 00:20:37.314 - dataset_manager - INFO - Generating inputs.json file at /output/inputs.json
2026-08-12 00:20:37.320 - PhaseOrchestrator_aaa42993 - INFO - Initialized 2 phase(s): ['Warmup', 'Profiling']
2026-08-12 00:20:37.328 - dataset_manager - INFO - inputs.json file generated in 0.01 seconds
2026-08-12 00:20:37.464 - dataset_manager - INFO - Dataset client initialized and freed 500 conversations from memory
2026-08-12 00:20:37.464 - dataset_manager - INFO - Dataset configured in 0.51 seconds
2026-08-12 00:20:37.466 - system_controller - INFO - All services configured in 2.34 seconds
2026-08-12 00:20:37.466 - system_controller - INFO - AIPerf System is CONFIGURED
2026-08-12 00:20:37.467 - server_metrics_manager - INFO - Server Metrics: Started 1 collector(s) successfully
2026-08-12 00:20:37.467 - system_controller - INFO - All services started profiling successfully
2026-08-12 00:20:37.467 - system_controller - INFO - AIPerf System is PROFILING
2026-08-12 00:20:37.474 - RateTiming - INFO - Creating interval generator: pattern=concurrency_burst, rate=None, smoothness=None
2026-08-12 00:20:37.474 - PhaseRunner - NOTICE - Phase warmup (warmup) started | phase_index=0 | target: 3 requests
2026-08-12 00:20:37.475 - records_manager - INFO - Credit phase start: warmup
2026-08-12 00:20:46.590 - PhaseRunner - NOTICE - Phase warmup (warmup) sending complete | sent=3, completed=2, in_flight=1 | sessions: sent=2, completed=1
2026-08-12 00:20:51.339 - PhaseRunner - NOTICE - Phase warmup (warmup) complete | completed=3, cancelled=0, errors=0 | sessions: completed=1, cancelled=0 | elapsed=13.86s
2026-08-12 00:20:51.340 - RateTiming - INFO - Creating interval generator: pattern=concurrency_burst, rate=None, smoothness=None
2026-08-12 00:20:51.340 - PhaseRunner - NOTICE - Phase profiling (profiling) started | phase_index=1 | profiling_index=0 | target: 50 requests, 50 sessions
2026-08-12 00:20:51.340 - server_metrics_manager - INFO - Server Metrics: Warmup complete, capturing final warmup metrics...
2026-08-12 00:20:51.341 - records_manager - INFO - Credit phase start: profiling
2026-08-12 00:23:37.346 - aiperf.metrics.types.osl_mismatch_metrics - WARNING - OSL mismatch: got 512 tokens (requested 617, diff -17.0%)
2026-08-12 00:25:26.669 - PhaseRunner - NOTICE - Phase profiling (profiling) sending complete | sent=50, completed=49, in_flight=1 | sessions: sent=15, completed=14
2026-08-12 00:25:26.670 - records_manager - INFO - Sent 50 requests. Waiting for all to complete...
2026-08-12 00:25:33.187 - PhaseRunner - NOTICE - Phase profiling (profiling) complete | completed=50, cancelled=0, errors=0 | sessions: completed=15, cancelled=0 | elapsed=281.85s
2026-08-12 00:25:33.188 - PhaseOrchestrator_aaa42993 - NOTICE - All credits completed
2026-08-12 00:25:33.189 - system_controller - INFO - Received credits complete from 'timing_manager'
2026-08-12 00:25:33.189 - records_manager - INFO - Received CREDIT_PHASE_COMPLETE message, Phase complete: PhaseRecordsStats(phase=CreditPhase.PROFILING, phase_index=1, profiling_index=0, phase_name='profiling', phase_kind='profiling', start_ns=1786494051340533951, sent_end_ns=1786494326669403735, requests_end_ns=1786494333187210315, baseline_start_ns=1786494051340522496, baseline_end_ns=1786494333187217691, total_expected_requests=50, expected_duration_sec=None, expected_num_sessions=None, expected_grace_period_sec=None, final_requests_sent=None, final_requests_completed=50, final_requests_cancelled=0, final_request_errors=0, final_sent_sessions=None, final_completed_sessions=None, final_cancelled_sessions=None, timeout_triggered=False, grace_period_timeout_triggered=False, was_cancelled=False, records_end_ns=None, success_records=49, error_records=0)
2026-08-12 00:25:33.189 - records_manager - NOTICE - All requests have completed, please wait for the results to be processed (currently 49 of 50 records processed)...
2026-08-12 00:25:33.190 - records_manager - INFO - All credits complete, please wait for the results to be processed...
2026-08-12 00:25:33.200 - records_manager - INFO - Processed 50 valid requests and 0 errors (50 total).
2026-08-12 00:25:33.200 - records_manager - INFO - Received all records, processing now...
2026-08-12 00:25:33.201 - gpu_telemetry_manager - INFO - GPU Telemetry: Profiling complete, capturing final metrics...
2026-08-12 00:25:33.202 - records_manager - INFO - Waiting 2.0s for server metrics flush period...
2026-08-12 00:25:33.202 - server_metrics_manager - INFO - Server Metrics: Profiling complete, capturing final metrics...
2026-08-12 00:25:35.188 - records_manager - INFO - Processing records results...
2026-08-12 00:25:35.787 - system_controller - INFO - Waiting for result domains: server_metrics, telemetry
2026-08-12 00:25:35.787 - system_controller - INFO - Waiting for result domains: server_metrics
2026-08-12 00:25:36.021 - records_manager - INFO - _finalize_and_process_results completed
2026-08-12 00:25:36.024 - system_controller - INFO - All results received, initiating shutdown
2026-08-12 00:25:36.629 - ExporterManager - INFO - Exporting all records
2026-08-12 00:25:36.706 - ExporterManager - INFO - Exporting console data
