2026-08-16 10:45:22.657 - aiperf.cli_runner._single_run - INFO - Starting AIPerf System
2026-08-16 10:45:23.135 - httpx - INFO - HTTP Request: GET https://huggingface.co/api/models/nvidia/NVIDIA-Nemotron-3.5-Lightning-30B-A3B-NVFP4 "HTTP/1.1 200 OK"
2026-08-16 10:45:23.147 - aiperf.config.resolution.resolvers - INFO - [OK] Tokenizer nvidia/NVIDIA-Nemotron-3.5-Lightning-30B-A3B-NVFP4 detected
2026-08-16 10:45:23.147 - aiperf.config.resolution.resolvers - INFO - 1 tokenizer validated | 0.5s
2026-08-16 10:45:23.147 - aiperf.config.resolution.resolvers - INFO - Prefetching 1 tokenizer into HF cache...
2026-08-16 10:45:24.009 - httpx - INFO - HTTP Request: HEAD https://huggingface.co/nvidia/NVIDIA-Nemotron-3.5-Lightning-30B-A3B-NVFP4/resolve/main/config.json "HTTP/1.1 307 Temporary Redirect"
2026-08-16 10:45:24.010 - huggingface_hub.utils._http - WARNING - Warning: You are sending unauthenticated requests to the HF Hub. Please set a HF_TOKEN to enable higher rate limits and faster downloads.
2026-08-16 10:45:24.020 - httpx - INFO - HTTP Request: HEAD https://huggingface.co/api/resolve-cache/models/nvidia/NVIDIA-Nemotron-3.5-Lightning-30B-A3B-NVFP4/6dbbd757ea75a8ece6e0702872e3ae53f9987728/config.json "HTTP/1.1 200 OK"
2026-08-16 10:45:24.031 - httpx - INFO - HTTP Request: GET https://huggingface.co/api/resolve-cache/models/nvidia/NVIDIA-Nemotron-3.5-Lightning-30B-A3B-NVFP4/6dbbd757ea75a8ece6e0702872e3ae53f9987728/config.json "HTTP/1.1 200 OK"
2026-08-16 10:45:24.167 - httpx - INFO - HTTP Request: HEAD https://huggingface.co/nvidia/NVIDIA-Nemotron-3.5-Lightning-30B-A3B-NVFP4/resolve/main/tokenizer_config.json "HTTP/1.1 307 Temporary Redirect"
2026-08-16 10:45:24.180 - httpx - INFO - HTTP Request: HEAD https://huggingface.co/api/resolve-cache/models/nvidia/NVIDIA-Nemotron-3.5-Lightning-30B-A3B-NVFP4/6dbbd757ea75a8ece6e0702872e3ae53f9987728/tokenizer_config.json "HTTP/1.1 200 OK"
2026-08-16 10:45:24.188 - httpx - INFO - HTTP Request: GET https://huggingface.co/api/resolve-cache/models/nvidia/NVIDIA-Nemotron-3.5-Lightning-30B-A3B-NVFP4/6dbbd757ea75a8ece6e0702872e3ae53f9987728/tokenizer_config.json "HTTP/1.1 200 OK"
2026-08-16 10:45:24.276 - httpx - INFO - HTTP Request: GET https://huggingface.co/api/models/nvidia/NVIDIA-Nemotron-3.5-Lightning-30B-A3B-NVFP4/tree/main/additional_chat_templates?recursive=false&expand=false "HTTP/1.1 404 Not Found"
2026-08-16 10:45:24.368 - httpx - INFO - HTTP Request: GET https://huggingface.co/api/models/nvidia/NVIDIA-Nemotron-3.5-Lightning-30B-A3B-NVFP4/tree/main?recursive=true&expand=false "HTTP/1.1 200 OK"
2026-08-16 10:45:24.454 - httpx - INFO - HTTP Request: HEAD https://huggingface.co/nvidia/NVIDIA-Nemotron-3.5-Lightning-30B-A3B-NVFP4/resolve/main/tokenizer.json "HTTP/1.1 302 Found"
2026-08-16 10:45:24.534 - httpx - INFO - HTTP Request: GET https://huggingface.co/api/models/nvidia/NVIDIA-Nemotron-3.5-Lightning-30B-A3B-NVFP4/xet-read-token/6dbbd757ea75a8ece6e0702872e3ae53f9987728 "HTTP/1.1 200 OK"
2026-08-16 10:45:25.312 - httpx - INFO - HTTP Request: HEAD https://huggingface.co/nvidia/NVIDIA-Nemotron-3.5-Lightning-30B-A3B-NVFP4/resolve/main/tokenizer.model "HTTP/1.1 404 Not Found"
2026-08-16 10:45:25.399 - httpx - INFO - HTTP Request: HEAD https://huggingface.co/nvidia/NVIDIA-Nemotron-3.5-Lightning-30B-A3B-NVFP4/resolve/main/added_tokens.json "HTTP/1.1 404 Not Found"
2026-08-16 10:45:25.487 - httpx - INFO - HTTP Request: HEAD https://huggingface.co/nvidia/NVIDIA-Nemotron-3.5-Lightning-30B-A3B-NVFP4/resolve/main/special_tokens_map.json "HTTP/1.1 307 Temporary Redirect"
2026-08-16 10:45:25.495 - httpx - INFO - HTTP Request: HEAD https://huggingface.co/api/resolve-cache/models/nvidia/NVIDIA-Nemotron-3.5-Lightning-30B-A3B-NVFP4/6dbbd757ea75a8ece6e0702872e3ae53f9987728/special_tokens_map.json "HTTP/1.1 200 OK"
2026-08-16 10:45:25.507 - httpx - INFO - HTTP Request: GET https://huggingface.co/api/resolve-cache/models/nvidia/NVIDIA-Nemotron-3.5-Lightning-30B-A3B-NVFP4/6dbbd757ea75a8ece6e0702872e3ae53f9987728/special_tokens_map.json "HTTP/1.1 200 OK"
2026-08-16 10:45:25.588 - httpx - INFO - HTTP Request: HEAD https://huggingface.co/nvidia/NVIDIA-Nemotron-3.5-Lightning-30B-A3B-NVFP4/resolve/main/chat_template.jinja "HTTP/1.1 307 Temporary Redirect"
2026-08-16 10:45:25.598 - httpx - INFO - HTTP Request: HEAD https://huggingface.co/api/resolve-cache/models/nvidia/NVIDIA-Nemotron-3.5-Lightning-30B-A3B-NVFP4/6dbbd757ea75a8ece6e0702872e3ae53f9987728/chat_template.jinja "HTTP/1.1 200 OK"
2026-08-16 10:45:25.609 - httpx - INFO - HTTP Request: GET https://huggingface.co/api/resolve-cache/models/nvidia/NVIDIA-Nemotron-3.5-Lightning-30B-A3B-NVFP4/6dbbd757ea75a8ece6e0702872e3ae53f9987728/chat_template.jinja "HTTP/1.1 200 OK"
2026-08-16 10:45:26.476 - httpx - INFO - HTTP Request: GET https://huggingface.co/api/models/nvidia/NVIDIA-Nemotron-3.5-Lightning-30B-A3B-NVFP4 "HTTP/1.1 200 OK"
2026-08-16 10:45:26.517 - aiperf.config.resolution.resolvers - INFO -   Cached nvidia/NVIDIA-Nemotron-3.5-Lightning-30B-A3B-NVFP4 (3.35s)
2026-08-16 10:45:26.568 - aiperf.config.resolution.resolvers - INFO - 1 tokenizer cached • 3.4s
2026-08-16 10:45:26.996 - system_controller - INFO - Registered Gpu Telemetry Manager (id: 'gpu_telemetry_manager')
2026-08-16 10:45:27.058 - server_metrics_manager - INFO - Server Metrics: Discovered 1 endpoints: ['http://localhost:8000/metrics']
2026-08-16 10:45:27.068 - GPUTelemetryJSONLWriter_0ea68341 - INFO - GPU telemetry export enabled: /output/gpu_telemetry_export.jsonl
2026-08-16 10:45:27.078 - OTelMetricsResultsProcessor_bcb979d5 - INFO - Telemetry streaming is disabled (set --otel-url and/or --mlflow-tracking-uri to enable)
2026-08-16 10:45:27.082 - RecordExportJSONLWriter_0cb87e80 - INFO - Record metrics export enabled: /output/profile_export.jsonl
2026-08-16 10:45:27.087 - system_controller - INFO - Registered Worker Manager (id: 'worker_manager')
2026-08-16 10:45:27.118 - system_controller - INFO - Registered Dataset Manager (id: 'dataset_manager')
2026-08-16 10:45:27.162 - system_controller - INFO - Registered Server Metrics Manager (id: 'server_metrics_manager')
2026-08-16 10:45:27.189 - system_controller - INFO - Registered Records Manager (id: 'records_manager')
2026-08-16 10:45:27.270 - system_controller - INFO - Registered Record Processor (id: 'record_processor_562db6ef')
2026-08-16 10:45:27.291 - system_controller - INFO - Registered Timing Manager (id: 'timing_manager')
2026-08-16 10:45:27.431 - system_controller - INFO - Registered Worker (id: 'worker_0091051f')
2026-08-16 10:45:27.434 - system_controller - INFO - Registered Worker (id: 'worker_d1506086')
2026-08-16 10:45:27.469 - system_controller - INFO - AIPerf System is CONFIGURING
2026-08-16 10:45:27.469 - system_controller - INFO - Configuring all services to start profiling
2026-08-16 10:45:27.470 - InferenceResultParser_f1679bb6 - INFO - Configuring tokenizers for inference result parser (resolve_alias: True)
2026-08-16 10:45:27.470 - timing_manager - INFO - Waiting for dataset to be configured before configuring timing
2026-08-16 10:45:27.471 - dataset_manager - INFO - Configuring tokenizer(s) for dataset manager
2026-08-16 10:45:27.477 - server_metrics_manager - INFO - Server Metrics: Capturing baseline metrics...
2026-08-16 10:45:27.490 - http://localhost:8000/metrics - INFO - Skipping unsupported summary metric: http_request_size_bytes
2026-08-16 10:45:27.490 - http://localhost:8000/metrics - INFO - Skipping unsupported summary metric: http_response_size_bytes
2026-08-16 10:45:27.491 - system_controller - INFO - Server metrics enabled - 1/1 endpoint(s) reachable.
2026-08-16 10:45:27.491 - system_controller - INFO - Waiting for result domains: profile, server_metrics, telemetry
2026-08-16 10:45:27.499 - gpu_telemetry_manager - INFO - GPU Telemetry: Capturing baseline metrics from pynvml://localhost
2026-08-16 10:45:27.508 - pynvml_collector - INFO - PyNVML initialized with 1 GPU(s) (0 with GPM support)
2026-08-16 10:45:27.523 - system_controller - INFO - DCGM telemetry enabled - 1/1 endpoint(s) reachable
2026-08-16 10:45:28.023 - httpx - INFO - HTTP Request: HEAD https://huggingface.co/nvidia/NVIDIA-Nemotron-3.5-Lightning-30B-A3B-NVFP4/resolve/main/config.json "HTTP/1.1 307 Temporary Redirect"
2026-08-16 10:45:28.026 - httpx - INFO - HTTP Request: HEAD https://huggingface.co/nvidia/NVIDIA-Nemotron-3.5-Lightning-30B-A3B-NVFP4/resolve/main/config.json "HTTP/1.1 307 Temporary Redirect"
2026-08-16 10:45:28.027 - huggingface_hub.utils._http - WARNING - Warning: You are sending unauthenticated requests to the HF Hub. Please set a HF_TOKEN to enable higher rate limits and faster downloads.
2026-08-16 10:45:28.038 - httpx - INFO - HTTP Request: HEAD https://huggingface.co/api/resolve-cache/models/nvidia/NVIDIA-Nemotron-3.5-Lightning-30B-A3B-NVFP4/6dbbd757ea75a8ece6e0702872e3ae53f9987728/config.json "HTTP/1.1 200 OK"
2026-08-16 10:45:28.038 - httpx - INFO - HTTP Request: HEAD https://huggingface.co/api/resolve-cache/models/nvidia/NVIDIA-Nemotron-3.5-Lightning-30B-A3B-NVFP4/6dbbd757ea75a8ece6e0702872e3ae53f9987728/config.json "HTTP/1.1 200 OK"
2026-08-16 10:45:28.164 - httpx - INFO - HTTP Request: HEAD https://huggingface.co/nvidia/NVIDIA-Nemotron-3.5-Lightning-30B-A3B-NVFP4/resolve/main/tokenizer_config.json "HTTP/1.1 307 Temporary Redirect"
2026-08-16 10:45:28.164 - huggingface_hub.utils._http - WARNING - Warning: You are sending unauthenticated requests to the HF Hub. Please set a HF_TOKEN to enable higher rate limits and faster downloads.
2026-08-16 10:45:28.170 - httpx - INFO - HTTP Request: HEAD https://huggingface.co/nvidia/NVIDIA-Nemotron-3.5-Lightning-30B-A3B-NVFP4/resolve/main/tokenizer_config.json "HTTP/1.1 307 Temporary Redirect"
2026-08-16 10:45:28.174 - httpx - INFO - HTTP Request: HEAD https://huggingface.co/api/resolve-cache/models/nvidia/NVIDIA-Nemotron-3.5-Lightning-30B-A3B-NVFP4/6dbbd757ea75a8ece6e0702872e3ae53f9987728/tokenizer_config.json "HTTP/1.1 200 OK"
2026-08-16 10:45:28.180 - httpx - INFO - HTTP Request: HEAD https://huggingface.co/api/resolve-cache/models/nvidia/NVIDIA-Nemotron-3.5-Lightning-30B-A3B-NVFP4/6dbbd757ea75a8ece6e0702872e3ae53f9987728/tokenizer_config.json "HTTP/1.1 200 OK"
2026-08-16 10:45:28.258 - httpx - INFO - HTTP Request: GET https://huggingface.co/api/models/nvidia/NVIDIA-Nemotron-3.5-Lightning-30B-A3B-NVFP4/tree/main/additional_chat_templates?recursive=false&expand=false "HTTP/1.1 404 Not Found"
2026-08-16 10:45:28.260 - httpx - INFO - HTTP Request: GET https://huggingface.co/api/models/nvidia/NVIDIA-Nemotron-3.5-Lightning-30B-A3B-NVFP4/tree/main/additional_chat_templates?recursive=false&expand=false "HTTP/1.1 404 Not Found"
2026-08-16 10:45:28.343 - httpx - INFO - HTTP Request: GET https://huggingface.co/api/models/nvidia/NVIDIA-Nemotron-3.5-Lightning-30B-A3B-NVFP4/tree/main?recursive=true&expand=false "HTTP/1.1 200 OK"
2026-08-16 10:45:28.392 - httpx - INFO - HTTP Request: GET https://huggingface.co/api/models/nvidia/NVIDIA-Nemotron-3.5-Lightning-30B-A3B-NVFP4/tree/main?recursive=true&expand=false "HTTP/1.1 200 OK"
2026-08-16 10:45:29.317 - httpx - INFO - HTTP Request: GET https://huggingface.co/api/models/nvidia/NVIDIA-Nemotron-3.5-Lightning-30B-A3B-NVFP4 "HTTP/1.1 200 OK"
2026-08-16 10:45:29.337 - dataset_manager - INFO - Tokenizer(s) configured in 1.87 seconds
2026-08-16 10:45:29.337 - dataset_manager - INFO - Configuring dataset for dataset_manager
2026-08-16 10:45:29.355 - httpx - INFO - HTTP Request: GET https://huggingface.co/api/models/nvidia/NVIDIA-Nemotron-3.5-Lightning-30B-A3B-NVFP4 "HTTP/1.1 200 OK"
2026-08-16 10:45:29.383 - InferenceResultParser_f1679bb6 - INFO - Initialized tokenizers: {'nvidia/NVIDIA-Nemotron-3.5-Lightning-30B-A3B-NVFP4': {'class': 'TokenizersBackend', 'name_or_path': 'nvidia/NVIDIA-Nemotron-3.5-Lightning-30B-A3B-NVFP4'}} in 1.91 seconds
2026-08-16 10:45:29.574 - CustomDatasetComposer - INFO - Using explicit dataset format: multi_turn
2026-08-16 10:45:29.643 - MemoryMapDatasetBackingStore_55304113 - INFO - Memory-mapped backing store initialized (streaming to /tmp/aiperf_mmap_ed0322ed89bd/dataset.dat)
2026-08-16 10:45:29.662 - MemoryMapDatasetBackingStore_55304113 - INFO - Data file finalized: 500 conversations, 1.26 MB
2026-08-16 10:45:29.663 - MemoryMapDatasetBackingStore_55304113 - INFO - Index file created: /tmp/aiperf_mmap_ed0322ed89bd/index.dat
2026-08-16 10:45:29.663 - dataset_manager - INFO - Backing store finalized: client_type=DatasetClientStoreType.MEMORY_MAP format=MemoryMapFormat.CONVERSATION data_file_path=PosixPath('/tmp/aiperf_mmap_ed0322ed89bd/dataset.dat') index_file_path=PosixPath('/tmp/aiperf_mmap_ed0322ed89bd/index.dat') conversation_count=500 total_size_bytes=1323870 compressed=False compressed_data_file_path=None compressed_index_file_path=None compressed_size_bytes=0
2026-08-16 10:45:29.672 - dataset_manager - INFO - sampling strategy: sequential, unique conversations: 500, unique turn count: 1783
2026-08-16 10:45:29.677 - dataset_manager - INFO - Generating inputs.json file at /output/inputs.json
2026-08-16 10:45:29.685 - PhaseOrchestrator_2fa42c4d - INFO - Initialized 2 phase(s): ['Warmup', 'Profiling']
2026-08-16 10:45:29.692 - dataset_manager - INFO - inputs.json file generated in 0.01 seconds
2026-08-16 10:45:29.831 - dataset_manager - INFO - Dataset client initialized and freed 500 conversations from memory
2026-08-16 10:45:29.831 - dataset_manager - INFO - Dataset configured in 0.49 seconds
2026-08-16 10:45:29.832 - system_controller - INFO - All services configured in 2.36 seconds
2026-08-16 10:45:29.832 - system_controller - INFO - AIPerf System is CONFIGURED
2026-08-16 10:45:29.833 - server_metrics_manager - INFO - Server Metrics: Started 1 collector(s) successfully
2026-08-16 10:45:29.834 - system_controller - INFO - All services started profiling successfully
2026-08-16 10:45:29.834 - system_controller - INFO - AIPerf System is PROFILING
2026-08-16 10:45:29.837 - RateTiming - INFO - Creating interval generator: pattern=concurrency_burst, rate=None, smoothness=None
2026-08-16 10:45:29.837 - PhaseRunner - NOTICE - Phase warmup (warmup) started | phase_index=0 | target: 3 requests
2026-08-16 10:45:29.838 - records_manager - INFO - Credit phase start: warmup
2026-08-16 10:45:33.684 - PhaseRunner - NOTICE - Phase warmup (warmup) sending complete | sent=3, completed=1, in_flight=2 | sessions: sent=2, completed=0
2026-08-16 10:45:35.183 - PhaseRunner - NOTICE - Phase warmup (warmup) complete | completed=3, cancelled=0, errors=0 | sessions: completed=1, cancelled=0 | elapsed=5.35s
2026-08-16 10:45:35.185 - RateTiming - INFO - Creating interval generator: pattern=concurrency_burst, rate=None, smoothness=None
2026-08-16 10:45:35.185 - PhaseRunner - NOTICE - Phase profiling (profiling) started | phase_index=1 | profiling_index=0 | target: 50 requests, 50 sessions
2026-08-16 10:45:35.186 - records_manager - INFO - Credit phase start: profiling
2026-08-16 10:45:35.188 - server_metrics_manager - INFO - Server Metrics: Warmup complete, capturing final warmup metrics...
2026-08-16 10:46:48.226 - PhaseRunner - NOTICE - Phase profiling (profiling) sending complete | sent=50, completed=48, in_flight=2 | sessions: sent=17, completed=15
2026-08-16 10:46:48.227 - records_manager - INFO - Sent 50 requests. Waiting for all to complete...
2026-08-16 10:46:52.855 - PhaseRunner - NOTICE - Phase profiling (profiling) complete | completed=50, cancelled=0, errors=0 | sessions: completed=15, cancelled=0 | elapsed=77.67s
2026-08-16 10:46:52.855 - PhaseOrchestrator_2fa42c4d - NOTICE - All credits completed
2026-08-16 10:46:52.859 - records_manager - INFO - Received CREDIT_PHASE_COMPLETE message, Phase complete: PhaseRecordsStats(phase=CreditPhase.PROFILING, phase_index=1, profiling_index=0, phase_name='profiling', phase_kind='profiling', start_ns=1786877135185472326, sent_end_ns=1786877208225958794, requests_end_ns=1786877212854768311, baseline_start_ns=1786877135185464502, baseline_end_ns=1786877212854784775, total_expected_requests=50, expected_duration_sec=None, expected_num_sessions=None, expected_grace_period_sec=None, final_requests_sent=None, final_requests_completed=50, final_requests_cancelled=0, final_request_errors=0, final_sent_sessions=None, final_completed_sessions=None, final_cancelled_sessions=None, timeout_triggered=False, grace_period_timeout_triggered=False, was_cancelled=False, records_end_ns=None, success_records=49, error_records=0)
2026-08-16 10:46:52.859 - records_manager - NOTICE - All requests have completed, please wait for the results to be processed (currently 49 of 50 records processed)...
2026-08-16 10:46:52.860 - records_manager - INFO - All credits complete, please wait for the results to be processed...
2026-08-16 10:46:52.861 - system_controller - INFO - Received credits complete from 'timing_manager'
2026-08-16 10:46:52.864 - records_manager - INFO - Processed 50 valid requests and 0 errors (50 total).
2026-08-16 10:46:52.864 - records_manager - INFO - Received all records, processing now...
2026-08-16 10:46:52.871 - records_manager - INFO - Waiting 2.0s for server metrics flush period...
2026-08-16 10:46:52.869 - gpu_telemetry_manager - INFO - GPU Telemetry: Profiling complete, capturing final metrics...
2026-08-16 10:46:52.874 - server_metrics_manager - INFO - Server Metrics: Profiling complete, capturing final metrics...
2026-08-16 10:46:54.858 - records_manager - INFO - Processing records results...
2026-08-16 10:46:55.152 - system_controller - INFO - Waiting for result domains: server_metrics, telemetry
2026-08-16 10:46:55.153 - system_controller - INFO - Waiting for result domains: server_metrics
2026-08-16 10:46:55.211 - records_manager - INFO - _finalize_and_process_results completed
2026-08-16 10:46:55.216 - system_controller - INFO - All results received, initiating shutdown
2026-08-16 10:46:55.835 - ExporterManager - INFO - Exporting all records
2026-08-16 10:46:56.033 - ExporterManager - INFO - Exporting console data
