2026-08-12 17:52:54.748 - aiperf.cli_runner._single_run - INFO - Starting AIPerf System
2026-08-12 17:52:55.238 - httpx - INFO - HTTP Request: GET https://huggingface.co/api/models/nvidia/NVIDIA-Nemotron-3.5-Lightning-30B-A3B-NVFP4 "HTTP/1.1 200 OK"
2026-08-12 17:52:55.250 - aiperf.config.resolution.resolvers - INFO - [OK] Tokenizer nvidia/NVIDIA-Nemotron-3.5-Lightning-30B-A3B-NVFP4 detected
2026-08-12 17:52:55.250 - aiperf.config.resolution.resolvers - INFO - 1 tokenizer validated | 0.5s
2026-08-12 17:52:55.250 - aiperf.config.resolution.resolvers - INFO - Prefetching 1 tokenizer into HF cache...
2026-08-12 17:52:56.386 - httpx - INFO - HTTP Request: HEAD https://huggingface.co/nvidia/NVIDIA-Nemotron-3.5-Lightning-30B-A3B-NVFP4/resolve/main/config.json "HTTP/1.1 307 Temporary Redirect"
2026-08-12 17:52:56.400 - httpx - INFO - HTTP Request: HEAD https://huggingface.co/api/resolve-cache/models/nvidia/NVIDIA-Nemotron-3.5-Lightning-30B-A3B-NVFP4/29f2d1746d8f41e316523194b19018707749b1b1/config.json "HTTP/1.1 200 OK"
2026-08-12 17:52:56.415 - httpx - INFO - HTTP Request: GET https://huggingface.co/api/resolve-cache/models/nvidia/NVIDIA-Nemotron-3.5-Lightning-30B-A3B-NVFP4/29f2d1746d8f41e316523194b19018707749b1b1/config.json "HTTP/1.1 200 OK"
2026-08-12 17:52:56.585 - httpx - INFO - HTTP Request: HEAD https://huggingface.co/nvidia/NVIDIA-Nemotron-3.5-Lightning-30B-A3B-NVFP4/resolve/main/tokenizer_config.json "HTTP/1.1 307 Temporary Redirect"
2026-08-12 17:52:56.585 - huggingface_hub.utils._http - WARNING - Warning: You are sending unauthenticated requests to the HF Hub. Please set a HF_TOKEN to enable higher rate limits and faster downloads.
2026-08-12 17:52:56.598 - httpx - INFO - HTTP Request: HEAD https://huggingface.co/api/resolve-cache/models/nvidia/NVIDIA-Nemotron-3.5-Lightning-30B-A3B-NVFP4/29f2d1746d8f41e316523194b19018707749b1b1/tokenizer_config.json "HTTP/1.1 200 OK"
2026-08-12 17:52:56.614 - httpx - INFO - HTTP Request: GET https://huggingface.co/api/resolve-cache/models/nvidia/NVIDIA-Nemotron-3.5-Lightning-30B-A3B-NVFP4/29f2d1746d8f41e316523194b19018707749b1b1/tokenizer_config.json "HTTP/1.1 200 OK"
2026-08-12 17:52:56.699 - httpx - INFO - HTTP Request: GET https://huggingface.co/api/models/nvidia/NVIDIA-Nemotron-3.5-Lightning-30B-A3B-NVFP4/tree/main/additional_chat_templates?recursive=false&expand=false "HTTP/1.1 404 Not Found"
2026-08-12 17:52:56.788 - httpx - INFO - HTTP Request: GET https://huggingface.co/api/models/nvidia/NVIDIA-Nemotron-3.5-Lightning-30B-A3B-NVFP4/tree/main?recursive=true&expand=false "HTTP/1.1 200 OK"
2026-08-12 17:52:56.872 - httpx - INFO - HTTP Request: HEAD https://huggingface.co/nvidia/NVIDIA-Nemotron-3.5-Lightning-30B-A3B-NVFP4/resolve/main/tokenizer.json "HTTP/1.1 302 Found"
2026-08-12 17:52:56.971 - httpx - INFO - HTTP Request: GET https://huggingface.co/api/models/nvidia/NVIDIA-Nemotron-3.5-Lightning-30B-A3B-NVFP4/xet-read-token/29f2d1746d8f41e316523194b19018707749b1b1 "HTTP/1.1 200 OK"
2026-08-12 17:52:57.917 - httpx - INFO - HTTP Request: HEAD https://huggingface.co/nvidia/NVIDIA-Nemotron-3.5-Lightning-30B-A3B-NVFP4/resolve/main/tokenizer.model "HTTP/1.1 404 Not Found"
2026-08-12 17:52:57.996 - httpx - INFO - HTTP Request: HEAD https://huggingface.co/nvidia/NVIDIA-Nemotron-3.5-Lightning-30B-A3B-NVFP4/resolve/main/added_tokens.json "HTTP/1.1 404 Not Found"
2026-08-12 17:52:58.077 - httpx - INFO - HTTP Request: HEAD https://huggingface.co/nvidia/NVIDIA-Nemotron-3.5-Lightning-30B-A3B-NVFP4/resolve/main/special_tokens_map.json "HTTP/1.1 307 Temporary Redirect"
2026-08-12 17:52:58.091 - httpx - INFO - HTTP Request: HEAD https://huggingface.co/api/resolve-cache/models/nvidia/NVIDIA-Nemotron-3.5-Lightning-30B-A3B-NVFP4/29f2d1746d8f41e316523194b19018707749b1b1/special_tokens_map.json "HTTP/1.1 200 OK"
2026-08-12 17:52:58.105 - httpx - INFO - HTTP Request: GET https://huggingface.co/api/resolve-cache/models/nvidia/NVIDIA-Nemotron-3.5-Lightning-30B-A3B-NVFP4/29f2d1746d8f41e316523194b19018707749b1b1/special_tokens_map.json "HTTP/1.1 200 OK"
2026-08-12 17:52:58.185 - httpx - INFO - HTTP Request: HEAD https://huggingface.co/nvidia/NVIDIA-Nemotron-3.5-Lightning-30B-A3B-NVFP4/resolve/main/chat_template.jinja "HTTP/1.1 307 Temporary Redirect"
2026-08-12 17:52:58.199 - httpx - INFO - HTTP Request: HEAD https://huggingface.co/api/resolve-cache/models/nvidia/NVIDIA-Nemotron-3.5-Lightning-30B-A3B-NVFP4/29f2d1746d8f41e316523194b19018707749b1b1/chat_template.jinja "HTTP/1.1 200 OK"
2026-08-12 17:52:58.210 - httpx - INFO - HTTP Request: GET https://huggingface.co/api/resolve-cache/models/nvidia/NVIDIA-Nemotron-3.5-Lightning-30B-A3B-NVFP4/29f2d1746d8f41e316523194b19018707749b1b1/chat_template.jinja "HTTP/1.1 200 OK"
2026-08-12 17:52:59.068 - httpx - INFO - HTTP Request: GET https://huggingface.co/api/models/nvidia/NVIDIA-Nemotron-3.5-Lightning-30B-A3B-NVFP4 "HTTP/1.1 200 OK"
2026-08-12 17:52:59.111 - aiperf.config.resolution.resolvers - INFO -   Cached nvidia/NVIDIA-Nemotron-3.5-Lightning-30B-A3B-NVFP4 (3.84s)
2026-08-12 17:52:59.167 - aiperf.config.resolution.resolvers - INFO - 1 tokenizer cached • 3.9s
2026-08-12 17:52:59.565 - system_controller - INFO - Registered Gpu Telemetry Manager (id: 'gpu_telemetry_manager')
2026-08-12 17:52:59.624 - server_metrics_manager - INFO - Server Metrics: Discovered 1 endpoints: ['http://localhost:8000/metrics']
2026-08-12 17:52:59.663 - GPUTelemetryJSONLWriter_0338ef12 - INFO - GPU telemetry export enabled: /output/gpu_telemetry_export.jsonl
2026-08-12 17:52:59.672 - system_controller - INFO - Registered Worker Manager (id: 'worker_manager')
2026-08-12 17:52:59.673 - OTelMetricsResultsProcessor_656ef1fb - INFO - Telemetry streaming is disabled (set --otel-url and/or --mlflow-tracking-uri to enable)
2026-08-12 17:52:59.674 - RecordExportJSONLWriter_312b9cad - INFO - Record metrics export enabled: /output/profile_export.jsonl
2026-08-12 17:52:59.714 - system_controller - INFO - Registered Dataset Manager (id: 'dataset_manager')
2026-08-12 17:52:59.729 - system_controller - INFO - Registered Server Metrics Manager (id: 'server_metrics_manager')
2026-08-12 17:52:59.775 - system_controller - INFO - Registered Record Processor (id: 'record_processor_ec040907')
2026-08-12 17:52:59.779 - system_controller - INFO - Registered Records Manager (id: 'records_manager')
2026-08-12 17:52:59.886 - system_controller - INFO - Registered Timing Manager (id: 'timing_manager')
2026-08-12 17:53:00.019 - system_controller - INFO - Registered Worker (id: 'worker_afec5980')
2026-08-12 17:53:00.019 - system_controller - INFO - Registered Worker (id: 'worker_e434e32d')
2026-08-12 17:53:00.038 - system_controller - INFO - Registered Worker (id: 'worker_f06d9362')
2026-08-12 17:53:00.038 - system_controller - INFO - Registered Worker (id: 'worker_78174f00')
2026-08-12 17:53:00.050 - system_controller - INFO - AIPerf System is CONFIGURING
2026-08-12 17:53:00.050 - system_controller - INFO - Configuring all services to start profiling
2026-08-12 17:53:00.051 - InferenceResultParser_50b9c9c0 - INFO - Configuring tokenizers for inference result parser (resolve_alias: True)
2026-08-12 17:53:00.051 - timing_manager - INFO - Waiting for dataset to be configured before configuring timing
2026-08-12 17:53:00.052 - dataset_manager - INFO - Configuring tokenizer(s) for dataset manager
2026-08-12 17:53:00.061 - server_metrics_manager - INFO - Server Metrics: Capturing baseline metrics...
2026-08-12 17:53:00.077 - gpu_telemetry_manager - INFO - GPU Telemetry: Capturing baseline metrics from pynvml://localhost
2026-08-12 17:53:00.079 - http://localhost:8000/metrics - INFO - Skipping unsupported summary metric: http_request_size_bytes
2026-08-12 17:53:00.080 - http://localhost:8000/metrics - INFO - Skipping unsupported summary metric: http_response_size_bytes
2026-08-12 17:53:00.081 - system_controller - INFO - Server metrics enabled - 1/1 endpoint(s) reachable.
2026-08-12 17:53:00.081 - system_controller - INFO - Waiting for result domains: profile, server_metrics, telemetry
2026-08-12 17:53:00.088 - pynvml_collector - INFO - PyNVML initialized with 1 GPU(s) (0 with GPM support)
2026-08-12 17:53:00.103 - system_controller - INFO - DCGM telemetry enabled - 1/1 endpoint(s) reachable
2026-08-12 17:53:00.623 - httpx - INFO - HTTP Request: HEAD https://huggingface.co/nvidia/NVIDIA-Nemotron-3.5-Lightning-30B-A3B-NVFP4/resolve/main/config.json "HTTP/1.1 307 Temporary Redirect"
2026-08-12 17:53:00.623 - httpx - INFO - HTTP Request: HEAD https://huggingface.co/nvidia/NVIDIA-Nemotron-3.5-Lightning-30B-A3B-NVFP4/resolve/main/config.json "HTTP/1.1 307 Temporary Redirect"
2026-08-12 17:53:00.623 - huggingface_hub.utils._http - WARNING - Warning: You are sending unauthenticated requests to the HF Hub. Please set a HF_TOKEN to enable higher rate limits and faster downloads.
2026-08-12 17:53:00.623 - huggingface_hub.utils._http - WARNING - Warning: You are sending unauthenticated requests to the HF Hub. Please set a HF_TOKEN to enable higher rate limits and faster downloads.
2026-08-12 17:53:00.640 - httpx - INFO - HTTP Request: HEAD https://huggingface.co/api/resolve-cache/models/nvidia/NVIDIA-Nemotron-3.5-Lightning-30B-A3B-NVFP4/29f2d1746d8f41e316523194b19018707749b1b1/config.json "HTTP/1.1 200 OK"
2026-08-12 17:53:00.640 - httpx - INFO - HTTP Request: HEAD https://huggingface.co/api/resolve-cache/models/nvidia/NVIDIA-Nemotron-3.5-Lightning-30B-A3B-NVFP4/29f2d1746d8f41e316523194b19018707749b1b1/config.json "HTTP/1.1 200 OK"
2026-08-12 17:53:00.770 - httpx - INFO - HTTP Request: HEAD https://huggingface.co/nvidia/NVIDIA-Nemotron-3.5-Lightning-30B-A3B-NVFP4/resolve/main/tokenizer_config.json "HTTP/1.1 307 Temporary Redirect"
2026-08-12 17:53:00.777 - httpx - INFO - HTTP Request: HEAD https://huggingface.co/nvidia/NVIDIA-Nemotron-3.5-Lightning-30B-A3B-NVFP4/resolve/main/tokenizer_config.json "HTTP/1.1 307 Temporary Redirect"
2026-08-12 17:53:00.795 - httpx - INFO - HTTP Request: HEAD https://huggingface.co/api/resolve-cache/models/nvidia/NVIDIA-Nemotron-3.5-Lightning-30B-A3B-NVFP4/29f2d1746d8f41e316523194b19018707749b1b1/tokenizer_config.json "HTTP/1.1 200 OK"
2026-08-12 17:53:00.795 - httpx - INFO - HTTP Request: HEAD https://huggingface.co/api/resolve-cache/models/nvidia/NVIDIA-Nemotron-3.5-Lightning-30B-A3B-NVFP4/29f2d1746d8f41e316523194b19018707749b1b1/tokenizer_config.json "HTTP/1.1 200 OK"
2026-08-12 17:53:00.881 - httpx - INFO - HTTP Request: GET https://huggingface.co/api/models/nvidia/NVIDIA-Nemotron-3.5-Lightning-30B-A3B-NVFP4/tree/main/additional_chat_templates?recursive=false&expand=false "HTTP/1.1 404 Not Found"
2026-08-12 17:53:00.884 - httpx - INFO - HTTP Request: GET https://huggingface.co/api/models/nvidia/NVIDIA-Nemotron-3.5-Lightning-30B-A3B-NVFP4/tree/main/additional_chat_templates?recursive=false&expand=false "HTTP/1.1 404 Not Found"
2026-08-12 17:53:00.969 - httpx - INFO - HTTP Request: GET https://huggingface.co/api/models/nvidia/NVIDIA-Nemotron-3.5-Lightning-30B-A3B-NVFP4/tree/main?recursive=true&expand=false "HTTP/1.1 200 OK"
2026-08-12 17:53:00.971 - httpx - INFO - HTTP Request: GET https://huggingface.co/api/models/nvidia/NVIDIA-Nemotron-3.5-Lightning-30B-A3B-NVFP4/tree/main?recursive=true&expand=false "HTTP/1.1 200 OK"
2026-08-12 17:53:01.914 - httpx - INFO - HTTP Request: GET https://huggingface.co/api/models/nvidia/NVIDIA-Nemotron-3.5-Lightning-30B-A3B-NVFP4 "HTTP/1.1 200 OK"
2026-08-12 17:53:01.923 - httpx - INFO - HTTP Request: GET https://huggingface.co/api/models/nvidia/NVIDIA-Nemotron-3.5-Lightning-30B-A3B-NVFP4 "HTTP/1.1 200 OK"
2026-08-12 17:53:01.943 - dataset_manager - INFO - Tokenizer(s) configured in 1.89 seconds
2026-08-12 17:53:01.943 - dataset_manager - INFO - Configuring dataset for dataset_manager
2026-08-12 17:53:01.959 - InferenceResultParser_50b9c9c0 - INFO - Initialized tokenizers: {'nvidia/NVIDIA-Nemotron-3.5-Lightning-30B-A3B-NVFP4': {'class': 'TokenizersBackend', 'name_or_path': 'nvidia/NVIDIA-Nemotron-3.5-Lightning-30B-A3B-NVFP4'}} in 1.91 seconds
2026-08-12 17:53:02.194 - CustomDatasetComposer - INFO - Using explicit dataset format: multi_turn
2026-08-12 17:53:02.260 - MemoryMapDatasetBackingStore_fe40438b - INFO - Memory-mapped backing store initialized (streaming to /tmp/aiperf_mmap_7e259703acb1/dataset.dat)
2026-08-12 17:53:02.275 - MemoryMapDatasetBackingStore_fe40438b - INFO - Data file finalized: 500 conversations, 1.27 MB
2026-08-12 17:53:02.276 - MemoryMapDatasetBackingStore_fe40438b - INFO - Index file created: /tmp/aiperf_mmap_7e259703acb1/index.dat
2026-08-12 17:53:02.276 - dataset_manager - INFO - Backing store finalized: client_type=DatasetClientStoreType.MEMORY_MAP format=MemoryMapFormat.CONVERSATION data_file_path=PosixPath('/tmp/aiperf_mmap_7e259703acb1/dataset.dat') index_file_path=PosixPath('/tmp/aiperf_mmap_7e259703acb1/index.dat') conversation_count=500 total_size_bytes=1332012 compressed=False compressed_data_file_path=None compressed_index_file_path=None compressed_size_bytes=0
2026-08-12 17:53:02.285 - dataset_manager - INFO - sampling strategy: sequential, unique conversations: 500, unique turn count: 1783
2026-08-12 17:53:02.289 - dataset_manager - INFO - Generating inputs.json file at /output/inputs.json
2026-08-12 17:53:02.303 - PhaseOrchestrator_00bc0bcf - INFO - Initialized 2 phase(s): ['Warmup', 'Profiling']
2026-08-12 17:53:02.306 - dataset_manager - INFO - inputs.json file generated in 0.02 seconds
2026-08-12 17:53:02.453 - dataset_manager - INFO - Dataset client initialized and freed 500 conversations from memory
2026-08-12 17:53:02.453 - dataset_manager - INFO - Dataset configured in 0.51 seconds
2026-08-12 17:53:02.456 - system_controller - INFO - All services configured in 2.40 seconds
2026-08-12 17:53:02.458 - system_controller - INFO - AIPerf System is CONFIGURED
2026-08-12 17:53:02.461 - server_metrics_manager - INFO - Server Metrics: Started 1 collector(s) successfully
2026-08-12 17:53:02.462 - system_controller - INFO - All services started profiling successfully
2026-08-12 17:53:02.462 - system_controller - INFO - AIPerf System is PROFILING
2026-08-12 17:53:02.463 - RateTiming - INFO - Creating interval generator: pattern=concurrency_burst, rate=None, smoothness=None
2026-08-12 17:53:02.464 - PhaseRunner - NOTICE - Phase warmup (warmup) started | phase_index=0 | target: 3 requests
2026-08-12 17:53:02.464 - PhaseRunner - NOTICE - Phase warmup (warmup) sending complete | sent=3, completed=0, in_flight=3 | sessions: sent=3, completed=0
2026-08-12 17:53:02.465 - records_manager - INFO - Credit phase start: warmup
2026-08-12 17:53:11.952 - PhaseRunner - NOTICE - Phase warmup (warmup) complete | completed=3, cancelled=0, errors=0 | sessions: completed=0, cancelled=0 | elapsed=9.49s
2026-08-12 17:53:11.954 - RateTiming - INFO - Creating interval generator: pattern=concurrency_burst, rate=None, smoothness=None
2026-08-12 17:53:11.954 - PhaseRunner - NOTICE - Phase profiling (profiling) started | phase_index=1 | profiling_index=0 | target: 50 requests, 50 sessions
2026-08-12 17:53:11.954 - server_metrics_manager - INFO - Server Metrics: Warmup complete, capturing final warmup metrics...
2026-08-12 17:53:11.955 - records_manager - INFO - Credit phase start: profiling
2026-08-12 17:55:28.164 - PhaseRunner - NOTICE - Phase profiling (profiling) sending complete | sent=50, completed=46, in_flight=4 | sessions: sent=15, completed=11
2026-08-12 17:55:28.165 - records_manager - INFO - Sent 50 requests. Waiting for all to complete...
2026-08-12 17:55:38.355 - PhaseRunner - NOTICE - Phase profiling (profiling) complete | completed=50, cancelled=0, errors=0 | sessions: completed=13, cancelled=0 | elapsed=146.40s
2026-08-12 17:55:38.355 - PhaseOrchestrator_00bc0bcf - NOTICE - All credits completed
2026-08-12 17:55:38.356 - system_controller - INFO - Received credits complete from 'timing_manager'
2026-08-12 17:55:38.358 - records_manager - INFO - Received CREDIT_PHASE_COMPLETE message, Phase complete: PhaseRecordsStats(phase=CreditPhase.PROFILING, phase_index=1, profiling_index=0, phase_name='profiling', phase_kind='profiling', start_ns=1786557191954545267, sent_end_ns=1786557328164207977, requests_end_ns=1786557338354827570, baseline_start_ns=1786557191954530227, baseline_end_ns=1786557338354832274, total_expected_requests=50, expected_duration_sec=None, expected_num_sessions=None, expected_grace_period_sec=None, final_requests_sent=None, final_requests_completed=50, final_requests_cancelled=0, final_request_errors=0, final_sent_sessions=None, final_completed_sessions=None, final_cancelled_sessions=None, timeout_triggered=False, grace_period_timeout_triggered=False, was_cancelled=False, records_end_ns=None, success_records=49, error_records=0)
2026-08-12 17:55:38.358 - records_manager - NOTICE - All requests have completed, please wait for the results to be processed (currently 49 of 50 records processed)...
2026-08-12 17:55:38.358 - records_manager - INFO - All credits complete, please wait for the results to be processed...
2026-08-12 17:55:38.364 - records_manager - INFO - Processed 50 valid requests and 0 errors (50 total).
2026-08-12 17:55:38.364 - records_manager - INFO - Received all records, processing now...
2026-08-12 17:55:38.365 - gpu_telemetry_manager - INFO - GPU Telemetry: Profiling complete, capturing final metrics...
2026-08-12 17:55:38.365 - records_manager - INFO - Waiting 2.0s for server metrics flush period...
2026-08-12 17:55:38.371 - server_metrics_manager - INFO - Server Metrics: Profiling complete, capturing final metrics...
2026-08-12 17:55:40.355 - records_manager - INFO - Processing records results...
2026-08-12 17:55:40.697 - system_controller - INFO - Waiting for result domains: server_metrics, telemetry
2026-08-12 17:55:40.698 - system_controller - INFO - Waiting for result domains: server_metrics
2026-08-12 17:55:40.817 - records_manager - INFO - _finalize_and_process_results completed
2026-08-12 17:55:40.820 - system_controller - INFO - All results received, initiating shutdown
2026-08-12 17:55:41.432 - ExporterManager - INFO - Exporting all records
2026-08-12 17:55:41.581 - ExporterManager - INFO - Exporting console data
