2026-08-11 03:50:25.988 - aiperf.cli_runner._single_run - INFO - Starting AIPerf System
2026-08-11 03:50:26.436 - httpx - INFO - HTTP Request: GET https://huggingface.co/api/models/meta-models/Muse-Glimmer-30B "HTTP/1.1 200 OK"
2026-08-11 03:50:26.444 - aiperf.config.resolution.resolvers - INFO - [OK] Tokenizer meta-models/Muse-Glimmer-30B detected
2026-08-11 03:50:26.444 - aiperf.config.resolution.resolvers - INFO - 1 tokenizer validated | 0.4s
2026-08-11 03:50:26.444 - aiperf.config.resolution.resolvers - INFO - Prefetching 1 tokenizer into HF cache...
2026-08-11 03:50:27.619 - httpx - INFO - HTTP Request: HEAD https://huggingface.co/meta-models/Muse-Glimmer-30B/resolve/main/config.json "HTTP/1.1 307 Temporary Redirect"
2026-08-11 03:50:27.633 - httpx - INFO - HTTP Request: HEAD https://huggingface.co/api/resolve-cache/models/meta-models/Muse-Glimmer-30B/97c77dff50b2797bcc558fa2d909761dbc575c59/config.json "HTTP/1.1 200 OK"
2026-08-11 03:50:27.649 - httpx - INFO - HTTP Request: GET https://huggingface.co/api/resolve-cache/models/meta-models/Muse-Glimmer-30B/97c77dff50b2797bcc558fa2d909761dbc575c59/config.json "HTTP/1.1 200 OK"
2026-08-11 03:50:27.732 - httpx - INFO - HTTP Request: HEAD https://huggingface.co/meta-models/Muse-Glimmer-30B/resolve/main/config.json "HTTP/1.1 307 Temporary Redirect"
2026-08-11 03:50:27.746 - httpx - INFO - HTTP Request: HEAD https://huggingface.co/api/resolve-cache/models/meta-models/Muse-Glimmer-30B/97c77dff50b2797bcc558fa2d909761dbc575c59/config.json "HTTP/1.1 200 OK"
2026-08-11 03:50:27.831 - httpx - INFO - HTTP Request: HEAD https://huggingface.co/meta-models/Muse-Glimmer-30B/resolve/main/tokenizer_config.json "HTTP/1.1 307 Temporary Redirect"
2026-08-11 03:50:27.831 - huggingface_hub.utils._http - WARNING - Warning: You are sending unauthenticated requests to the HF Hub. Please set a HF_TOKEN to enable higher rate limits and faster downloads.
2026-08-11 03:50:27.850 - httpx - INFO - HTTP Request: HEAD https://huggingface.co/api/resolve-cache/models/meta-models/Muse-Glimmer-30B/97c77dff50b2797bcc558fa2d909761dbc575c59/tokenizer_config.json "HTTP/1.1 200 OK"
2026-08-11 03:50:27.911 - httpx - INFO - HTTP Request: GET https://huggingface.co/api/resolve-cache/models/meta-models/Muse-Glimmer-30B/97c77dff50b2797bcc558fa2d909761dbc575c59/tokenizer_config.json "HTTP/1.1 200 OK"
2026-08-11 03:50:28.001 - httpx - INFO - HTTP Request: GET https://huggingface.co/api/models/meta-models/Muse-Glimmer-30B/tree/main/additional_chat_templates?recursive=false&expand=false "HTTP/1.1 404 Not Found"
2026-08-11 03:50:28.092 - httpx - INFO - HTTP Request: GET https://huggingface.co/api/models/meta-models/Muse-Glimmer-30B/tree/main?recursive=true&expand=false "HTTP/1.1 200 OK"
2026-08-11 03:50:28.185 - httpx - INFO - HTTP Request: HEAD https://huggingface.co/meta-models/Muse-Glimmer-30B/resolve/main/tokenizer.json "HTTP/1.1 302 Found"
2026-08-11 03:50:28.284 - httpx - INFO - HTTP Request: GET https://huggingface.co/api/models/meta-models/Muse-Glimmer-30B/xet-read-token/97c77dff50b2797bcc558fa2d909761dbc575c59 "HTTP/1.1 200 OK"
2026-08-11 03:50:29.436 - httpx - INFO - HTTP Request: HEAD https://huggingface.co/meta-models/Muse-Glimmer-30B/resolve/main/tokenizer.model "HTTP/1.1 404 Not Found"
2026-08-11 03:50:29.524 - httpx - INFO - HTTP Request: HEAD https://huggingface.co/meta-models/Muse-Glimmer-30B/resolve/main/added_tokens.json "HTTP/1.1 404 Not Found"
2026-08-11 03:50:29.610 - httpx - INFO - HTTP Request: HEAD https://huggingface.co/meta-models/Muse-Glimmer-30B/resolve/main/special_tokens_map.json "HTTP/1.1 404 Not Found"
2026-08-11 03:50:29.701 - httpx - INFO - HTTP Request: HEAD https://huggingface.co/meta-models/Muse-Glimmer-30B/resolve/main/chat_template.jinja "HTTP/1.1 307 Temporary Redirect"
2026-08-11 03:50:29.715 - httpx - INFO - HTTP Request: HEAD https://huggingface.co/api/resolve-cache/models/meta-models/Muse-Glimmer-30B/97c77dff50b2797bcc558fa2d909761dbc575c59/chat_template.jinja "HTTP/1.1 200 OK"
2026-08-11 03:50:29.727 - httpx - INFO - HTTP Request: GET https://huggingface.co/api/resolve-cache/models/meta-models/Muse-Glimmer-30B/97c77dff50b2797bcc558fa2d909761dbc575c59/chat_template.jinja "HTTP/1.1 200 OK"
2026-08-11 03:50:31.301 - httpx - INFO - HTTP Request: GET https://huggingface.co/api/models/meta-models/Muse-Glimmer-30B "HTTP/1.1 200 OK"
2026-08-11 03:50:31.396 - aiperf.config.resolution.resolvers - INFO -   Cached meta-models/Muse-Glimmer-30B (4.94s)
2026-08-11 03:50:31.447 - aiperf.config.resolution.resolvers - INFO - 1 tokenizer cached • 5.0s
2026-08-11 03:50:31.868 - server_metrics_manager - INFO - Server Metrics: Discovered 1 endpoints: ['http://localhost:80/metrics']
2026-08-11 03:50:31.906 - system_controller - INFO - Registered Gpu Telemetry Manager (id: 'gpu_telemetry_manager')
2026-08-11 03:50:31.913 - system_controller - INFO - Registered Worker Manager (id: 'worker_manager')
2026-08-11 03:50:31.920 - system_controller - INFO - Registered Dataset Manager (id: 'dataset_manager')
2026-08-11 03:50:31.928 - GPUTelemetryJSONLWriter_24f9ae92 - INFO - GPU telemetry export enabled: /output/gpu_telemetry_export.jsonl
2026-08-11 03:50:31.938 - OTelMetricsResultsProcessor_5421029a - INFO - Telemetry streaming is disabled (set --otel-url and/or --mlflow-tracking-uri to enable)
2026-08-11 03:50:31.939 - RecordExportJSONLWriter_8c0ed3b7 - INFO - Record metrics export enabled: /output/profile_export.jsonl
2026-08-11 03:50:31.986 - system_controller - INFO - Registered Server Metrics Manager (id: 'server_metrics_manager')
2026-08-11 03:50:32.046 - system_controller - INFO - Registered Records Manager (id: 'records_manager')
2026-08-11 03:50:32.072 - system_controller - INFO - Registered Record Processor (id: 'record_processor_7ee46b0d')
2026-08-11 03:50:32.090 - system_controller - INFO - Registered Timing Manager (id: 'timing_manager')
2026-08-11 03:50:32.182 - system_controller - INFO - Registered Worker (id: 'worker_b24f2bbd')
2026-08-11 03:50:32.290 - system_controller - INFO - AIPerf System is CONFIGURING
2026-08-11 03:50:32.291 - system_controller - INFO - Configuring all services to start profiling
2026-08-11 03:50:32.292 - timing_manager - INFO - Waiting for dataset to be configured before configuring timing
2026-08-11 03:50:32.292 - InferenceResultParser_d06a4c9e - INFO - Configuring tokenizers for inference result parser (resolve_alias: True)
2026-08-11 03:50:32.293 - dataset_manager - INFO - Configuring tokenizer(s) for dataset manager
2026-08-11 03:50:32.305 - system_controller - INFO - Server metrics disabled - no Prometheus endpoints reachable
2026-08-11 03:50:32.305 - system_controller - INFO - Waiting for result domains: profile, telemetry
2026-08-11 03:50:32.326 - gpu_telemetry_manager - INFO - GPU Telemetry: Capturing baseline metrics from pynvml://localhost
2026-08-11 03:50:32.335 - pynvml_collector - INFO - PyNVML initialized with 1 GPU(s) (0 with GPM support)
2026-08-11 03:50:32.350 - system_controller - INFO - DCGM telemetry enabled - 1/1 endpoint(s) reachable
2026-08-11 03:50:32.839 - httpx - INFO - HTTP Request: HEAD https://huggingface.co/meta-models/Muse-Glimmer-30B/resolve/main/config.json "HTTP/1.1 307 Temporary Redirect"
2026-08-11 03:50:32.845 - httpx - INFO - HTTP Request: HEAD https://huggingface.co/meta-models/Muse-Glimmer-30B/resolve/main/config.json "HTTP/1.1 307 Temporary Redirect"
2026-08-11 03:50:32.846 - huggingface_hub.utils._http - WARNING - Warning: You are sending unauthenticated requests to the HF Hub. Please set a HF_TOKEN to enable higher rate limits and faster downloads.
2026-08-11 03:50:32.853 - httpx - INFO - HTTP Request: HEAD https://huggingface.co/api/resolve-cache/models/meta-models/Muse-Glimmer-30B/97c77dff50b2797bcc558fa2d909761dbc575c59/config.json "HTTP/1.1 200 OK"
2026-08-11 03:50:32.859 - httpx - INFO - HTTP Request: HEAD https://huggingface.co/api/resolve-cache/models/meta-models/Muse-Glimmer-30B/97c77dff50b2797bcc558fa2d909761dbc575c59/config.json "HTTP/1.1 200 OK"
2026-08-11 03:50:32.938 - httpx - INFO - HTTP Request: HEAD https://huggingface.co/meta-models/Muse-Glimmer-30B/resolve/main/config.json "HTTP/1.1 307 Temporary Redirect"
2026-08-11 03:50:32.947 - httpx - INFO - HTTP Request: HEAD https://huggingface.co/meta-models/Muse-Glimmer-30B/resolve/main/config.json "HTTP/1.1 307 Temporary Redirect"
2026-08-11 03:50:32.947 - huggingface_hub.utils._http - WARNING - Warning: You are sending unauthenticated requests to the HF Hub. Please set a HF_TOKEN to enable higher rate limits and faster downloads.
2026-08-11 03:50:32.952 - httpx - INFO - HTTP Request: HEAD https://huggingface.co/api/resolve-cache/models/meta-models/Muse-Glimmer-30B/97c77dff50b2797bcc558fa2d909761dbc575c59/config.json "HTTP/1.1 200 OK"
2026-08-11 03:50:32.961 - httpx - INFO - HTTP Request: HEAD https://huggingface.co/api/resolve-cache/models/meta-models/Muse-Glimmer-30B/97c77dff50b2797bcc558fa2d909761dbc575c59/config.json "HTTP/1.1 200 OK"
2026-08-11 03:50:33.036 - httpx - INFO - HTTP Request: HEAD https://huggingface.co/meta-models/Muse-Glimmer-30B/resolve/main/tokenizer_config.json "HTTP/1.1 307 Temporary Redirect"
2026-08-11 03:50:33.055 - httpx - INFO - HTTP Request: HEAD https://huggingface.co/api/resolve-cache/models/meta-models/Muse-Glimmer-30B/97c77dff50b2797bcc558fa2d909761dbc575c59/tokenizer_config.json "HTTP/1.1 200 OK"
2026-08-11 03:50:33.082 - httpx - INFO - HTTP Request: HEAD https://huggingface.co/meta-models/Muse-Glimmer-30B/resolve/main/tokenizer_config.json "HTTP/1.1 307 Temporary Redirect"
2026-08-11 03:50:33.116 - httpx - INFO - HTTP Request: HEAD https://huggingface.co/api/resolve-cache/models/meta-models/Muse-Glimmer-30B/97c77dff50b2797bcc558fa2d909761dbc575c59/tokenizer_config.json "HTTP/1.1 200 OK"
2026-08-11 03:50:33.141 - httpx - INFO - HTTP Request: GET https://huggingface.co/api/models/meta-models/Muse-Glimmer-30B/tree/main/additional_chat_templates?recursive=false&expand=false "HTTP/1.1 404 Not Found"
2026-08-11 03:50:33.205 - httpx - INFO - HTTP Request: GET https://huggingface.co/api/models/meta-models/Muse-Glimmer-30B/tree/main/additional_chat_templates?recursive=false&expand=false "HTTP/1.1 404 Not Found"
2026-08-11 03:50:33.231 - httpx - INFO - HTTP Request: GET https://huggingface.co/api/models/meta-models/Muse-Glimmer-30B/tree/main?recursive=true&expand=false "HTTP/1.1 200 OK"
2026-08-11 03:50:33.303 - httpx - INFO - HTTP Request: GET https://huggingface.co/api/models/meta-models/Muse-Glimmer-30B/tree/main?recursive=true&expand=false "HTTP/1.1 200 OK"
2026-08-11 03:50:34.970 - httpx - INFO - HTTP Request: GET https://huggingface.co/api/models/meta-models/Muse-Glimmer-30B "HTTP/1.1 200 OK"
2026-08-11 03:50:35.019 - httpx - INFO - HTTP Request: GET https://huggingface.co/api/models/meta-models/Muse-Glimmer-30B "HTTP/1.1 200 OK"
2026-08-11 03:50:35.019 - InferenceResultParser_d06a4c9e - INFO - Initialized tokenizers: {'meta-models/Muse-Glimmer-30B': {'class': 'TokenizersBackend', 'name_or_path': 'meta-models/Muse-Glimmer-30B'}} in 2.73 seconds
2026-08-11 03:50:35.073 - dataset_manager - INFO - Tokenizer(s) configured in 2.78 seconds
2026-08-11 03:50:35.073 - dataset_manager - INFO - Configuring dataset for dataset_manager
2026-08-11 03:50:35.389 - CustomDatasetComposer - INFO - Using explicit dataset format: multi_turn
2026-08-11 03:50:35.458 - MemoryMapDatasetBackingStore_586acfd9 - INFO - Memory-mapped backing store initialized (streaming to /tmp/aiperf_mmap_f3e8f8a98c58/dataset.dat)
2026-08-11 03:50:35.485 - MemoryMapDatasetBackingStore_586acfd9 - INFO - Data file finalized: 500 conversations, 1.23 MB
2026-08-11 03:50:35.485 - MemoryMapDatasetBackingStore_586acfd9 - INFO - Index file created: /tmp/aiperf_mmap_f3e8f8a98c58/index.dat
2026-08-11 03:50:35.485 - dataset_manager - INFO - Backing store finalized: client_type=DatasetClientStoreType.MEMORY_MAP format=MemoryMapFormat.CONVERSATION data_file_path=PosixPath('/tmp/aiperf_mmap_f3e8f8a98c58/dataset.dat') index_file_path=PosixPath('/tmp/aiperf_mmap_f3e8f8a98c58/index.dat') conversation_count=500 total_size_bytes=1284882 compressed=False compressed_data_file_path=None compressed_index_file_path=None compressed_size_bytes=0
2026-08-11 03:50:35.493 - dataset_manager - INFO - sampling strategy: sequential, unique conversations: 500, unique turn count: 1783
2026-08-11 03:50:35.499 - dataset_manager - INFO - Generating inputs.json file at /output/inputs.json
2026-08-11 03:50:35.505 - PhaseOrchestrator_baa8f9cd - INFO - Initialized 2 phase(s): ['Warmup', 'Profiling']
2026-08-11 03:50:35.511 - dataset_manager - INFO - inputs.json file generated in 0.01 seconds
2026-08-11 03:50:35.633 - dataset_manager - INFO - Dataset client initialized and freed 500 conversations from memory
2026-08-11 03:50:35.633 - dataset_manager - INFO - Dataset configured in 0.56 seconds
2026-08-11 03:50:35.634 - system_controller - INFO - All services configured in 3.34 seconds
2026-08-11 03:50:35.634 - system_controller - INFO - AIPerf System is CONFIGURED
2026-08-11 03:50:35.636 - system_controller - INFO - All services started profiling successfully
2026-08-11 03:50:35.636 - system_controller - INFO - AIPerf System is PROFILING
2026-08-11 03:50:35.642 - RateTiming - INFO - Creating interval generator: pattern=concurrency_burst, rate=None, smoothness=None
2026-08-11 03:50:35.643 - PhaseRunner - NOTICE - Phase warmup (warmup) started | phase_index=0 | target: 3 requests
2026-08-11 03:50:35.644 - records_manager - INFO - Credit phase start: warmup
2026-08-11 03:50:59.754 - PhaseRunner - NOTICE - Phase warmup (warmup) sending complete | sent=3, completed=2, in_flight=1 | sessions: sent=2, completed=1
2026-08-11 03:51:05.646 - PhaseRunner - INFO - Phase warmup progress | returned=2/3 | sent=3 | in_flight=1 | errors=0 | elapsed=30.0s
2026-08-11 03:51:14.537 - PhaseRunner - NOTICE - Phase warmup (warmup) complete | completed=3, cancelled=0, errors=0 | sessions: completed=1, cancelled=0 | elapsed=38.89s
2026-08-11 03:51:14.538 - RateTiming - INFO - Creating interval generator: pattern=concurrency_burst, rate=None, smoothness=None
2026-08-11 03:51:14.539 - PhaseRunner - NOTICE - Phase profiling (profiling) started | phase_index=1 | profiling_index=0 | target: 50 requests, 50 sessions
2026-08-11 03:51:14.540 - records_manager - INFO - Credit phase start: profiling
2026-08-11 03:54:09.667 - aiperf.metrics.types.osl_mismatch_metrics - WARNING - OSL mismatch: got 46 tokens (requested 49, diff -6.1%)
2026-08-11 03:54:58.804 - aiperf.metrics.types.osl_mismatch_metrics - WARNING - OSL mismatch: got 26 tokens (requested 29, diff -10.3%)
2026-08-11 04:05:01.476 - PhaseRunner - NOTICE - Phase profiling (profiling) sending complete | sent=50, completed=49, in_flight=1 | sessions: sent=15, completed=14
2026-08-11 04:05:01.477 - records_manager - INFO - Sent 50 requests. Waiting for all to complete...
2026-08-11 04:05:21.760 - PhaseRunner - NOTICE - Phase profiling (profiling) complete | completed=50, cancelled=0, errors=0 | sessions: completed=15, cancelled=0 | elapsed=847.22s
2026-08-11 04:05:21.761 - PhaseOrchestrator_baa8f9cd - NOTICE - All credits completed
2026-08-11 04:05:21.762 - system_controller - INFO - Received credits complete from 'timing_manager'
2026-08-11 04:05:21.762 - records_manager - INFO - Received CREDIT_PHASE_COMPLETE message, Phase complete: PhaseRecordsStats(phase=CreditPhase.PROFILING, phase_index=1, profiling_index=0, phase_name='profiling', phase_kind='profiling', start_ns=1786420274539058968, sent_end_ns=1786421101475919519, requests_end_ns=1786421121760505799, baseline_start_ns=1786420274539046696, baseline_end_ns=1786421121760513191, total_expected_requests=50, expected_duration_sec=None, expected_num_sessions=None, expected_grace_period_sec=None, final_requests_sent=None, final_requests_completed=50, final_requests_cancelled=0, final_request_errors=0, final_sent_sessions=None, final_completed_sessions=None, final_cancelled_sessions=None, timeout_triggered=False, grace_period_timeout_triggered=False, was_cancelled=False, records_end_ns=None, success_records=49, error_records=0)
2026-08-11 04:05:21.762 - records_manager - NOTICE - All requests have completed, please wait for the results to be processed (currently 49 of 50 records processed)...
2026-08-11 04:05:21.762 - records_manager - INFO - All credits complete, please wait for the results to be processed...
2026-08-11 04:05:21.767 - records_manager - INFO - Processed 50 valid requests and 0 errors (50 total).
2026-08-11 04:05:21.768 - records_manager - INFO - Received all records, processing now...
2026-08-11 04:05:21.769 - gpu_telemetry_manager - INFO - GPU Telemetry: Profiling complete, capturing final metrics...
2026-08-11 04:05:21.769 - records_manager - INFO - Waiting 2.0s for server metrics flush period...
2026-08-11 04:05:23.761 - records_manager - INFO - Processing records results...
2026-08-11 04:05:23.849 - records_manager - INFO - _finalize_and_process_results completed
2026-08-11 04:05:23.850 - system_controller - INFO - Waiting for result domains: telemetry
2026-08-11 04:05:23.851 - system_controller - INFO - All results received, initiating shutdown
2026-08-11 04:05:24.455 - ExporterManager - INFO - Exporting all records
2026-08-11 04:05:24.524 - ExporterManager - INFO - Exporting console data
