2026-08-16 10:50:24.137 - aiperf.cli_runner._single_run - INFO - Starting AIPerf System
2026-08-16 10:50:24.606 - httpx - INFO - HTTP Request: GET https://huggingface.co/api/models/nvidia/NVIDIA-Nemotron-3.5-Lightning-30B-A3B-NVFP4 "HTTP/1.1 200 OK"
2026-08-16 10:50:24.614 - aiperf.config.resolution.resolvers - INFO - [OK] Tokenizer nvidia/NVIDIA-Nemotron-3.5-Lightning-30B-A3B-NVFP4 detected
2026-08-16 10:50:24.614 - aiperf.config.resolution.resolvers - INFO - 1 tokenizer validated | 0.5s
2026-08-16 10:50:24.614 - aiperf.config.resolution.resolvers - INFO - Prefetching 1 tokenizer into HF cache...
2026-08-16 10:50:25.736 - httpx - INFO - HTTP Request: HEAD https://huggingface.co/nvidia/NVIDIA-Nemotron-3.5-Lightning-30B-A3B-NVFP4/resolve/main/config.json "HTTP/1.1 307 Temporary Redirect"
2026-08-16 10:50:25.737 - huggingface_hub.utils._http - WARNING - Warning: You are sending unauthenticated requests to the HF Hub. Please set a HF_TOKEN to enable higher rate limits and faster downloads.
2026-08-16 10:50:25.747 - httpx - INFO - HTTP Request: HEAD https://huggingface.co/api/resolve-cache/models/nvidia/NVIDIA-Nemotron-3.5-Lightning-30B-A3B-NVFP4/6dbbd757ea75a8ece6e0702872e3ae53f9987728/config.json "HTTP/1.1 200 OK"
2026-08-16 10:50:25.764 - httpx - INFO - HTTP Request: GET https://huggingface.co/api/resolve-cache/models/nvidia/NVIDIA-Nemotron-3.5-Lightning-30B-A3B-NVFP4/6dbbd757ea75a8ece6e0702872e3ae53f9987728/config.json "HTTP/1.1 200 OK"
2026-08-16 10:50:25.927 - httpx - INFO - HTTP Request: HEAD https://huggingface.co/nvidia/NVIDIA-Nemotron-3.5-Lightning-30B-A3B-NVFP4/resolve/main/tokenizer_config.json "HTTP/1.1 307 Temporary Redirect"
2026-08-16 10:50:25.942 - httpx - INFO - HTTP Request: HEAD https://huggingface.co/api/resolve-cache/models/nvidia/NVIDIA-Nemotron-3.5-Lightning-30B-A3B-NVFP4/6dbbd757ea75a8ece6e0702872e3ae53f9987728/tokenizer_config.json "HTTP/1.1 200 OK"
2026-08-16 10:50:25.954 - httpx - INFO - HTTP Request: GET https://huggingface.co/api/resolve-cache/models/nvidia/NVIDIA-Nemotron-3.5-Lightning-30B-A3B-NVFP4/6dbbd757ea75a8ece6e0702872e3ae53f9987728/tokenizer_config.json "HTTP/1.1 200 OK"
2026-08-16 10:50:26.040 - httpx - INFO - HTTP Request: GET https://huggingface.co/api/models/nvidia/NVIDIA-Nemotron-3.5-Lightning-30B-A3B-NVFP4/tree/main/additional_chat_templates?recursive=false&expand=false "HTTP/1.1 404 Not Found"
2026-08-16 10:50:26.133 - httpx - INFO - HTTP Request: GET https://huggingface.co/api/models/nvidia/NVIDIA-Nemotron-3.5-Lightning-30B-A3B-NVFP4/tree/main?recursive=true&expand=false "HTTP/1.1 200 OK"
2026-08-16 10:50:26.222 - httpx - INFO - HTTP Request: HEAD https://huggingface.co/nvidia/NVIDIA-Nemotron-3.5-Lightning-30B-A3B-NVFP4/resolve/main/tokenizer.json "HTTP/1.1 302 Found"
2026-08-16 10:50:26.327 - httpx - INFO - HTTP Request: GET https://huggingface.co/api/models/nvidia/NVIDIA-Nemotron-3.5-Lightning-30B-A3B-NVFP4/xet-read-token/6dbbd757ea75a8ece6e0702872e3ae53f9987728 "HTTP/1.1 200 OK"
2026-08-16 10:50:27.243 - httpx - INFO - HTTP Request: HEAD https://huggingface.co/nvidia/NVIDIA-Nemotron-3.5-Lightning-30B-A3B-NVFP4/resolve/main/tokenizer.model "HTTP/1.1 404 Not Found"
2026-08-16 10:50:27.331 - httpx - INFO - HTTP Request: HEAD https://huggingface.co/nvidia/NVIDIA-Nemotron-3.5-Lightning-30B-A3B-NVFP4/resolve/main/added_tokens.json "HTTP/1.1 404 Not Found"
2026-08-16 10:50:27.413 - httpx - INFO - HTTP Request: HEAD https://huggingface.co/nvidia/NVIDIA-Nemotron-3.5-Lightning-30B-A3B-NVFP4/resolve/main/special_tokens_map.json "HTTP/1.1 307 Temporary Redirect"
2026-08-16 10:50:27.425 - httpx - INFO - HTTP Request: HEAD https://huggingface.co/api/resolve-cache/models/nvidia/NVIDIA-Nemotron-3.5-Lightning-30B-A3B-NVFP4/6dbbd757ea75a8ece6e0702872e3ae53f9987728/special_tokens_map.json "HTTP/1.1 200 OK"
2026-08-16 10:50:27.441 - httpx - INFO - HTTP Request: GET https://huggingface.co/api/resolve-cache/models/nvidia/NVIDIA-Nemotron-3.5-Lightning-30B-A3B-NVFP4/6dbbd757ea75a8ece6e0702872e3ae53f9987728/special_tokens_map.json "HTTP/1.1 200 OK"
2026-08-16 10:50:27.535 - httpx - INFO - HTTP Request: HEAD https://huggingface.co/nvidia/NVIDIA-Nemotron-3.5-Lightning-30B-A3B-NVFP4/resolve/main/chat_template.jinja "HTTP/1.1 307 Temporary Redirect"
2026-08-16 10:50:27.549 - httpx - INFO - HTTP Request: HEAD https://huggingface.co/api/resolve-cache/models/nvidia/NVIDIA-Nemotron-3.5-Lightning-30B-A3B-NVFP4/6dbbd757ea75a8ece6e0702872e3ae53f9987728/chat_template.jinja "HTTP/1.1 200 OK"
2026-08-16 10:50:27.561 - httpx - INFO - HTTP Request: GET https://huggingface.co/api/resolve-cache/models/nvidia/NVIDIA-Nemotron-3.5-Lightning-30B-A3B-NVFP4/6dbbd757ea75a8ece6e0702872e3ae53f9987728/chat_template.jinja "HTTP/1.1 200 OK"
2026-08-16 10:50:28.411 - httpx - INFO - HTTP Request: GET https://huggingface.co/api/models/nvidia/NVIDIA-Nemotron-3.5-Lightning-30B-A3B-NVFP4 "HTTP/1.1 200 OK"
2026-08-16 10:50:28.453 - aiperf.config.resolution.resolvers - INFO -   Cached nvidia/NVIDIA-Nemotron-3.5-Lightning-30B-A3B-NVFP4 (3.82s)
2026-08-16 10:50:28.502 - aiperf.config.resolution.resolvers - INFO - 1 tokenizer cached • 3.9s
2026-08-16 10:50:28.884 - system_controller - INFO - Registered Gpu Telemetry Manager (id: 'gpu_telemetry_manager')
2026-08-16 10:50:28.942 - server_metrics_manager - INFO - Server Metrics: Discovered 1 endpoints: ['http://localhost:8000/metrics']
2026-08-16 10:50:28.971 - GPUTelemetryJSONLWriter_94377375 - INFO - GPU telemetry export enabled: /output/gpu_telemetry_export.jsonl
2026-08-16 10:50:28.980 - system_controller - INFO - Registered Worker Manager (id: 'worker_manager')
2026-08-16 10:50:28.982 - OTelMetricsResultsProcessor_fad0794e - INFO - Telemetry streaming is disabled (set --otel-url and/or --mlflow-tracking-uri to enable)
2026-08-16 10:50:28.983 - RecordExportJSONLWriter_ca85c386 - INFO - Record metrics export enabled: /output/profile_export.jsonl
2026-08-16 10:50:29.067 - system_controller - INFO - Registered Dataset Manager (id: 'dataset_manager')
2026-08-16 10:50:29.069 - system_controller - INFO - Registered Server Metrics Manager (id: 'server_metrics_manager')
2026-08-16 10:50:29.105 - system_controller - INFO - Registered Records Manager (id: 'records_manager')
2026-08-16 10:50:29.205 - system_controller - INFO - Registered Timing Manager (id: 'timing_manager')
2026-08-16 10:50:29.236 - system_controller - INFO - Registered Record Processor (id: 'record_processor_261deb11')
2026-08-16 10:50:29.236 - system_controller - INFO - Registered Record Processor (id: 'record_processor_535b88ff')
2026-08-16 10:50:29.236 - system_controller - INFO - Registered Record Processor (id: 'record_processor_7e571f80')
2026-08-16 10:50:29.318 - system_controller - INFO - Registered Worker (id: 'worker_176a61f4')
2026-08-16 10:50:29.322 - system_controller - INFO - Registered Worker (id: 'worker_915f968d')
2026-08-16 10:50:29.366 - system_controller - INFO - AIPerf System is CONFIGURING
2026-08-16 10:50:29.366 - system_controller - INFO - Configuring all services to start profiling
2026-08-16 10:50:29.375 - timing_manager - INFO - Waiting for dataset to be configured before configuring timing
2026-08-16 10:50:29.376 - InferenceResultParser_74bcd3db - INFO - Configuring tokenizers for inference result parser (resolve_alias: True)
2026-08-16 10:50:29.376 - dataset_manager - INFO - Configuring tokenizer(s) for dataset manager
2026-08-16 10:50:29.375 - InferenceResultParser_bb783b39 - INFO - Configuring tokenizers for inference result parser (resolve_alias: True)
2026-08-16 10:50:29.378 - InferenceResultParser_f855b295 - INFO - Configuring tokenizers for inference result parser (resolve_alias: True)
2026-08-16 10:50:29.386 - server_metrics_manager - INFO - Server Metrics: Capturing baseline metrics...
2026-08-16 10:50:29.397 - system_controller - INFO - Registered Worker (id: 'worker_6254aa67')
2026-08-16 10:50:29.405 - http://localhost:8000/metrics - INFO - Skipping unsupported summary metric: http_request_size_bytes
2026-08-16 10:50:29.405 - http://localhost:8000/metrics - INFO - Skipping unsupported summary metric: http_response_size_bytes
2026-08-16 10:50:29.407 - system_controller - INFO - Server metrics enabled - 1/1 endpoint(s) reachable.
2026-08-16 10:50:29.407 - system_controller - INFO - Waiting for result domains: profile, server_metrics, telemetry
2026-08-16 10:50:29.409 - gpu_telemetry_manager - INFO - GPU Telemetry: Capturing baseline metrics from pynvml://localhost
2026-08-16 10:50:29.420 - pynvml_collector - INFO - PyNVML initialized with 1 GPU(s) (0 with GPM support)
2026-08-16 10:50:29.436 - system_controller - INFO - DCGM telemetry enabled - 1/1 endpoint(s) reachable
2026-08-16 10:50:29.438 - system_controller - INFO - Registered Worker (id: 'worker_99c6c818')
2026-08-16 10:50:29.448 - system_controller - INFO - Registered Worker (id: 'worker_cdfb5af9')
2026-08-16 10:50:29.453 - system_controller - INFO - Registered Worker (id: 'worker_efdf05f0')
2026-08-16 10:50:29.458 - system_controller - INFO - Registered Worker (id: 'worker_d2e6fa0a')
2026-08-16 10:50:29.465 - system_controller - INFO - Registered Worker (id: 'worker_b68e98dc')
2026-08-16 10:50:29.474 - system_controller - INFO - Registered Worker (id: 'worker_bd13a16e')
2026-08-16 10:50:29.480 - system_controller - INFO - Registered Worker (id: 'worker_3724d991')
2026-08-16 10:50:29.484 - system_controller - INFO - Registered Worker (id: 'worker_8daa8deb')
2026-08-16 10:50:29.499 - system_controller - INFO - Registered Worker (id: 'worker_dba1d25e')
2026-08-16 10:50:29.531 - system_controller - INFO - Registered Worker (id: 'worker_3a00b3f1')
2026-08-16 10:50:29.532 - system_controller - INFO - Registered Worker (id: 'worker_6a025ff9')
2026-08-16 10:50:29.917 - httpx - INFO - HTTP Request: HEAD https://huggingface.co/nvidia/NVIDIA-Nemotron-3.5-Lightning-30B-A3B-NVFP4/resolve/main/config.json "HTTP/1.1 307 Temporary Redirect"
2026-08-16 10:50:29.917 - huggingface_hub.utils._http - WARNING - Warning: You are sending unauthenticated requests to the HF Hub. Please set a HF_TOKEN to enable higher rate limits and faster downloads.
2026-08-16 10:50:29.919 - httpx - INFO - HTTP Request: HEAD https://huggingface.co/nvidia/NVIDIA-Nemotron-3.5-Lightning-30B-A3B-NVFP4/resolve/main/config.json "HTTP/1.1 307 Temporary Redirect"
2026-08-16 10:50:29.928 - httpx - INFO - HTTP Request: HEAD https://huggingface.co/api/resolve-cache/models/nvidia/NVIDIA-Nemotron-3.5-Lightning-30B-A3B-NVFP4/6dbbd757ea75a8ece6e0702872e3ae53f9987728/config.json "HTTP/1.1 200 OK"
2026-08-16 10:50:29.928 - httpx - INFO - HTTP Request: HEAD https://huggingface.co/api/resolve-cache/models/nvidia/NVIDIA-Nemotron-3.5-Lightning-30B-A3B-NVFP4/6dbbd757ea75a8ece6e0702872e3ae53f9987728/config.json "HTTP/1.1 200 OK"
2026-08-16 10:50:29.944 - httpx - INFO - HTTP Request: HEAD https://huggingface.co/nvidia/NVIDIA-Nemotron-3.5-Lightning-30B-A3B-NVFP4/resolve/main/config.json "HTTP/1.1 307 Temporary Redirect"
2026-08-16 10:50:29.944 - httpx - INFO - HTTP Request: HEAD https://huggingface.co/nvidia/NVIDIA-Nemotron-3.5-Lightning-30B-A3B-NVFP4/resolve/main/config.json "HTTP/1.1 307 Temporary Redirect"
2026-08-16 10:50:29.945 - huggingface_hub.utils._http - WARNING - Warning: You are sending unauthenticated requests to the HF Hub. Please set a HF_TOKEN to enable higher rate limits and faster downloads.
2026-08-16 10:50:29.956 - httpx - INFO - HTTP Request: HEAD https://huggingface.co/api/resolve-cache/models/nvidia/NVIDIA-Nemotron-3.5-Lightning-30B-A3B-NVFP4/6dbbd757ea75a8ece6e0702872e3ae53f9987728/config.json "HTTP/1.1 200 OK"
2026-08-16 10:50:29.956 - httpx - INFO - HTTP Request: HEAD https://huggingface.co/api/resolve-cache/models/nvidia/NVIDIA-Nemotron-3.5-Lightning-30B-A3B-NVFP4/6dbbd757ea75a8ece6e0702872e3ae53f9987728/config.json "HTTP/1.1 200 OK"
2026-08-16 10:50:30.063 - httpx - INFO - HTTP Request: HEAD https://huggingface.co/nvidia/NVIDIA-Nemotron-3.5-Lightning-30B-A3B-NVFP4/resolve/main/tokenizer_config.json "HTTP/1.1 307 Temporary Redirect"
2026-08-16 10:50:30.063 - httpx - INFO - HTTP Request: HEAD https://huggingface.co/nvidia/NVIDIA-Nemotron-3.5-Lightning-30B-A3B-NVFP4/resolve/main/tokenizer_config.json "HTTP/1.1 307 Temporary Redirect"
2026-08-16 10:50:30.075 - httpx - INFO - HTTP Request: HEAD https://huggingface.co/api/resolve-cache/models/nvidia/NVIDIA-Nemotron-3.5-Lightning-30B-A3B-NVFP4/6dbbd757ea75a8ece6e0702872e3ae53f9987728/tokenizer_config.json "HTTP/1.1 200 OK"
2026-08-16 10:50:30.075 - httpx - INFO - HTTP Request: HEAD https://huggingface.co/api/resolve-cache/models/nvidia/NVIDIA-Nemotron-3.5-Lightning-30B-A3B-NVFP4/6dbbd757ea75a8ece6e0702872e3ae53f9987728/tokenizer_config.json "HTTP/1.1 200 OK"
2026-08-16 10:50:30.092 - httpx - INFO - HTTP Request: HEAD https://huggingface.co/nvidia/NVIDIA-Nemotron-3.5-Lightning-30B-A3B-NVFP4/resolve/main/tokenizer_config.json "HTTP/1.1 307 Temporary Redirect"
2026-08-16 10:50:30.092 - huggingface_hub.utils._http - WARNING - Warning: You are sending unauthenticated requests to the HF Hub. Please set a HF_TOKEN to enable higher rate limits and faster downloads.
2026-08-16 10:50:30.103 - httpx - INFO - HTTP Request: HEAD https://huggingface.co/api/resolve-cache/models/nvidia/NVIDIA-Nemotron-3.5-Lightning-30B-A3B-NVFP4/6dbbd757ea75a8ece6e0702872e3ae53f9987728/tokenizer_config.json "HTTP/1.1 200 OK"
2026-08-16 10:50:30.122 - httpx - INFO - HTTP Request: HEAD https://huggingface.co/nvidia/NVIDIA-Nemotron-3.5-Lightning-30B-A3B-NVFP4/resolve/main/tokenizer_config.json "HTTP/1.1 307 Temporary Redirect"
2026-08-16 10:50:30.133 - httpx - INFO - HTTP Request: HEAD https://huggingface.co/api/resolve-cache/models/nvidia/NVIDIA-Nemotron-3.5-Lightning-30B-A3B-NVFP4/6dbbd757ea75a8ece6e0702872e3ae53f9987728/tokenizer_config.json "HTTP/1.1 200 OK"
2026-08-16 10:50:30.156 - httpx - INFO - HTTP Request: GET https://huggingface.co/api/models/nvidia/NVIDIA-Nemotron-3.5-Lightning-30B-A3B-NVFP4/tree/main/additional_chat_templates?recursive=false&expand=false "HTTP/1.1 404 Not Found"
2026-08-16 10:50:30.159 - httpx - INFO - HTTP Request: GET https://huggingface.co/api/models/nvidia/NVIDIA-Nemotron-3.5-Lightning-30B-A3B-NVFP4/tree/main/additional_chat_templates?recursive=false&expand=false "HTTP/1.1 404 Not Found"
2026-08-16 10:50:30.191 - httpx - INFO - HTTP Request: GET https://huggingface.co/api/models/nvidia/NVIDIA-Nemotron-3.5-Lightning-30B-A3B-NVFP4/tree/main/additional_chat_templates?recursive=false&expand=false "HTTP/1.1 404 Not Found"
2026-08-16 10:50:30.214 - httpx - INFO - HTTP Request: GET https://huggingface.co/api/models/nvidia/NVIDIA-Nemotron-3.5-Lightning-30B-A3B-NVFP4/tree/main/additional_chat_templates?recursive=false&expand=false "HTTP/1.1 404 Not Found"
2026-08-16 10:50:30.241 - httpx - INFO - HTTP Request: GET https://huggingface.co/api/models/nvidia/NVIDIA-Nemotron-3.5-Lightning-30B-A3B-NVFP4/tree/main?recursive=true&expand=false "HTTP/1.1 200 OK"
2026-08-16 10:50:30.281 - httpx - INFO - HTTP Request: GET https://huggingface.co/api/models/nvidia/NVIDIA-Nemotron-3.5-Lightning-30B-A3B-NVFP4/tree/main?recursive=true&expand=false "HTTP/1.1 200 OK"
2026-08-16 10:50:30.302 - httpx - INFO - HTTP Request: GET https://huggingface.co/api/models/nvidia/NVIDIA-Nemotron-3.5-Lightning-30B-A3B-NVFP4/tree/main?recursive=true&expand=false "HTTP/1.1 200 OK"
2026-08-16 10:50:30.307 - httpx - INFO - HTTP Request: GET https://huggingface.co/api/models/nvidia/NVIDIA-Nemotron-3.5-Lightning-30B-A3B-NVFP4/tree/main?recursive=true&expand=false "HTTP/1.1 200 OK"
2026-08-16 10:50:31.248 - httpx - INFO - HTTP Request: GET https://huggingface.co/api/models/nvidia/NVIDIA-Nemotron-3.5-Lightning-30B-A3B-NVFP4 "HTTP/1.1 200 OK"
2026-08-16 10:50:31.290 - dataset_manager - INFO - Tokenizer(s) configured in 1.91 seconds
2026-08-16 10:50:31.291 - dataset_manager - INFO - Configuring dataset for dataset_manager
2026-08-16 10:50:31.305 - httpx - INFO - HTTP Request: GET https://huggingface.co/api/models/nvidia/NVIDIA-Nemotron-3.5-Lightning-30B-A3B-NVFP4 "HTTP/1.1 200 OK"
2026-08-16 10:50:31.336 - InferenceResultParser_bb783b39 - INFO - Initialized tokenizers: {'nvidia/NVIDIA-Nemotron-3.5-Lightning-30B-A3B-NVFP4': {'class': 'TokenizersBackend', 'name_or_path': 'nvidia/NVIDIA-Nemotron-3.5-Lightning-30B-A3B-NVFP4'}} in 1.96 seconds
2026-08-16 10:50:31.388 - httpx - INFO - HTTP Request: GET https://huggingface.co/api/models/nvidia/NVIDIA-Nemotron-3.5-Lightning-30B-A3B-NVFP4 "HTTP/1.1 200 OK"
2026-08-16 10:50:31.400 - httpx - INFO - HTTP Request: GET https://huggingface.co/api/models/nvidia/NVIDIA-Nemotron-3.5-Lightning-30B-A3B-NVFP4 "HTTP/1.1 200 OK"
2026-08-16 10:50:31.421 - InferenceResultParser_f855b295 - INFO - Initialized tokenizers: {'nvidia/NVIDIA-Nemotron-3.5-Lightning-30B-A3B-NVFP4': {'class': 'TokenizersBackend', 'name_or_path': 'nvidia/NVIDIA-Nemotron-3.5-Lightning-30B-A3B-NVFP4'}} in 2.04 seconds
2026-08-16 10:50:31.432 - InferenceResultParser_74bcd3db - INFO - Initialized tokenizers: {'nvidia/NVIDIA-Nemotron-3.5-Lightning-30B-A3B-NVFP4': {'class': 'TokenizersBackend', 'name_or_path': 'nvidia/NVIDIA-Nemotron-3.5-Lightning-30B-A3B-NVFP4'}} in 2.06 seconds
2026-08-16 10:50:31.663 - CustomDatasetComposer - INFO - Using explicit dataset format: multi_turn
2026-08-16 10:50:31.754 - MemoryMapDatasetBackingStore_68fee5ae - INFO - Memory-mapped backing store initialized (streaming to /tmp/aiperf_mmap_17a6057fd153/dataset.dat)
2026-08-16 10:50:31.775 - MemoryMapDatasetBackingStore_68fee5ae - INFO - Data file finalized: 500 conversations, 1.26 MB
2026-08-16 10:50:31.775 - MemoryMapDatasetBackingStore_68fee5ae - INFO - Index file created: /tmp/aiperf_mmap_17a6057fd153/index.dat
2026-08-16 10:50:31.776 - dataset_manager - INFO - Backing store finalized: client_type=DatasetClientStoreType.MEMORY_MAP format=MemoryMapFormat.CONVERSATION data_file_path=PosixPath('/tmp/aiperf_mmap_17a6057fd153/dataset.dat') index_file_path=PosixPath('/tmp/aiperf_mmap_17a6057fd153/index.dat') conversation_count=500 total_size_bytes=1323870 compressed=False compressed_data_file_path=None compressed_index_file_path=None compressed_size_bytes=0
2026-08-16 10:50:31.787 - dataset_manager - INFO - sampling strategy: sequential, unique conversations: 500, unique turn count: 1783
2026-08-16 10:50:31.810 - dataset_manager - INFO - Generating inputs.json file at /output/inputs.json
2026-08-16 10:50:31.834 - dataset_manager - INFO - inputs.json file generated in 0.02 seconds
2026-08-16 10:50:31.885 - system_controller - WARNING - Received command response for service we were not expecting: worker_d2e6fa0a. Ignoring.
2026-08-16 10:50:31.893 - system_controller - WARNING - Received command response for service we were not expecting: worker_efdf05f0. Ignoring.
2026-08-16 10:50:31.893 - system_controller - WARNING - Received command response for service we were not expecting: worker_99c6c818. Ignoring.
2026-08-16 10:50:31.893 - system_controller - WARNING - Received command response for service we were not expecting: worker_cdfb5af9. Ignoring.
2026-08-16 10:50:31.947 - PhaseOrchestrator_a039dafb - INFO - Initialized 2 phase(s): ['Warmup', 'Profiling']
2026-08-16 10:50:32.171 - dataset_manager - INFO - Dataset client initialized and freed 500 conversations from memory
2026-08-16 10:50:32.171 - dataset_manager - INFO - Dataset configured in 0.88 seconds
2026-08-16 10:50:32.175 - system_controller - INFO - All services configured in 2.81 seconds
2026-08-16 10:50:32.176 - system_controller - INFO - AIPerf System is CONFIGURED
2026-08-16 10:50:32.214 - server_metrics_manager - INFO - Server Metrics: Started 1 collector(s) successfully
2026-08-16 10:50:32.228 - system_controller - INFO - All services started profiling successfully
2026-08-16 10:50:32.228 - system_controller - INFO - AIPerf System is PROFILING
2026-08-16 10:50:32.254 - RateTiming - INFO - Creating interval generator: pattern=concurrency_burst, rate=None, smoothness=None
2026-08-16 10:50:32.257 - PhaseRunner - NOTICE - Phase warmup (warmup) started | phase_index=0 | target: 3 requests
2026-08-16 10:50:32.268 - PhaseRunner - NOTICE - Phase warmup (warmup) sending complete | sent=3, completed=0, in_flight=3 | sessions: sent=3, completed=0
2026-08-16 10:50:32.265 - records_manager - INFO - Credit phase start: warmup
2026-08-16 10:50:37.320 - PhaseRunner - NOTICE - Phase warmup (warmup) complete | completed=3, cancelled=0, errors=0 | sessions: completed=0, cancelled=0 | elapsed=5.06s
2026-08-16 10:50:37.321 - RateTiming - INFO - Creating interval generator: pattern=concurrency_burst, rate=None, smoothness=None
2026-08-16 10:50:37.322 - PhaseRunner - NOTICE - Phase profiling (profiling) started | phase_index=1 | profiling_index=0 | target: 50 requests, 50 sessions
2026-08-16 10:50:37.322 - server_metrics_manager - INFO - Server Metrics: Warmup complete, capturing final warmup metrics...
2026-08-16 10:50:37.323 - records_manager - INFO - Credit phase start: profiling
2026-08-16 10:50:37.327 - PhaseRunner - NOTICE - Phase profiling (profiling) sending complete | sent=50, completed=0, in_flight=50 | sessions: sent=50, completed=0
2026-08-16 10:50:37.328 - records_manager - INFO - Sent 50 requests. Waiting for all to complete...
2026-08-16 10:50:57.361 - PhaseRunner - NOTICE - Phase profiling (profiling) complete | completed=50, cancelled=0, errors=0 | sessions: completed=11, cancelled=0 | elapsed=20.04s
2026-08-16 10:50:57.361 - PhaseOrchestrator_a039dafb - NOTICE - All credits completed
2026-08-16 10:50:57.363 - records_manager - INFO - Received CREDIT_PHASE_COMPLETE message, Phase complete: PhaseRecordsStats(phase=CreditPhase.PROFILING, phase_index=1, profiling_index=0, phase_name='profiling', phase_kind='profiling', start_ns=1786877437322157407, sent_end_ns=1786877437327436467, requests_end_ns=1786877457360766728, baseline_start_ns=1786877437322144623, baseline_end_ns=1786877457360783512, total_expected_requests=50, expected_duration_sec=None, expected_num_sessions=None, expected_grace_period_sec=None, final_requests_sent=None, final_requests_completed=50, final_requests_cancelled=0, final_request_errors=0, final_sent_sessions=None, final_completed_sessions=None, final_cancelled_sessions=None, timeout_triggered=False, grace_period_timeout_triggered=False, was_cancelled=False, records_end_ns=None, success_records=49, error_records=0)
2026-08-16 10:50:57.363 - records_manager - NOTICE - All requests have completed, please wait for the results to be processed (currently 49 of 50 records processed)...
2026-08-16 10:50:57.364 - records_manager - INFO - All credits complete, please wait for the results to be processed...
2026-08-16 10:50:57.364 - system_controller - INFO - Received credits complete from 'timing_manager'
2026-08-16 10:50:57.387 - records_manager - INFO - Processed 50 valid requests and 0 errors (50 total).
2026-08-16 10:50:57.387 - records_manager - INFO - Received all records, processing now...
2026-08-16 10:50:57.390 - server_metrics_manager - INFO - Server Metrics: Profiling complete, capturing final metrics...
2026-08-16 10:50:57.392 - records_manager - INFO - Waiting 2.0s for server metrics flush period...
2026-08-16 10:50:57.392 - gpu_telemetry_manager - INFO - GPU Telemetry: Profiling complete, capturing final metrics...
2026-08-16 10:50:59.362 - records_manager - INFO - Processing records results...
2026-08-16 10:50:59.516 - system_controller - INFO - Waiting for result domains: server_metrics, telemetry
2026-08-16 10:50:59.517 - system_controller - INFO - Waiting for result domains: server_metrics
2026-08-16 10:50:59.532 - records_manager - INFO - _finalize_and_process_results completed
2026-08-16 10:50:59.538 - system_controller - INFO - All results received, initiating shutdown
2026-08-16 10:51:00.158 - ExporterManager - INFO - Exporting all records
2026-08-16 10:51:00.293 - ExporterManager - INFO - Exporting console data
