2026-08-11 05:29:39.602 - aiperf.cli_runner._single_run - INFO - Starting AIPerf System
2026-08-11 05:29:40.036 - httpx - INFO - HTTP Request: GET https://huggingface.co/api/models/meta-models/Muse-Glimmer-30B "HTTP/1.1 200 OK"
2026-08-11 05:29:40.040 - aiperf.config.resolution.resolvers - INFO - [OK] Tokenizer meta-models/Muse-Glimmer-30B detected
2026-08-11 05:29:40.040 - aiperf.config.resolution.resolvers - INFO - 1 tokenizer validated | 0.4s
2026-08-11 05:29:40.040 - aiperf.config.resolution.resolvers - INFO - Prefetching 1 tokenizer into HF cache...
2026-08-11 05:29:40.840 - httpx - INFO - HTTP Request: HEAD https://huggingface.co/meta-models/Muse-Glimmer-30B/resolve/main/config.json "HTTP/1.1 307 Temporary Redirect"
2026-08-11 05:29:40.840 - huggingface_hub.utils._http - WARNING - Warning: You are sending unauthenticated requests to the HF Hub. Please set a HF_TOKEN to enable higher rate limits and faster downloads.
2026-08-11 05:29:40.854 - httpx - INFO - HTTP Request: HEAD https://huggingface.co/api/resolve-cache/models/meta-models/Muse-Glimmer-30B/97c77dff50b2797bcc558fa2d909761dbc575c59/config.json "HTTP/1.1 200 OK"
2026-08-11 05:29:40.872 - httpx - INFO - HTTP Request: GET https://huggingface.co/api/resolve-cache/models/meta-models/Muse-Glimmer-30B/97c77dff50b2797bcc558fa2d909761dbc575c59/config.json "HTTP/1.1 200 OK"
2026-08-11 05:29:40.963 - httpx - INFO - HTTP Request: HEAD https://huggingface.co/meta-models/Muse-Glimmer-30B/resolve/main/config.json "HTTP/1.1 307 Temporary Redirect"
2026-08-11 05:29:40.982 - httpx - INFO - HTTP Request: HEAD https://huggingface.co/api/resolve-cache/models/meta-models/Muse-Glimmer-30B/97c77dff50b2797bcc558fa2d909761dbc575c59/config.json "HTTP/1.1 200 OK"
2026-08-11 05:29:41.066 - httpx - INFO - HTTP Request: HEAD https://huggingface.co/meta-models/Muse-Glimmer-30B/resolve/main/tokenizer_config.json "HTTP/1.1 307 Temporary Redirect"
2026-08-11 05:29:41.081 - httpx - INFO - HTTP Request: HEAD https://huggingface.co/api/resolve-cache/models/meta-models/Muse-Glimmer-30B/97c77dff50b2797bcc558fa2d909761dbc575c59/tokenizer_config.json "HTTP/1.1 200 OK"
2026-08-11 05:29:41.095 - httpx - INFO - HTTP Request: GET https://huggingface.co/api/resolve-cache/models/meta-models/Muse-Glimmer-30B/97c77dff50b2797bcc558fa2d909761dbc575c59/tokenizer_config.json "HTTP/1.1 200 OK"
2026-08-11 05:29:41.179 - httpx - INFO - HTTP Request: GET https://huggingface.co/api/models/meta-models/Muse-Glimmer-30B/tree/main/additional_chat_templates?recursive=false&expand=false "HTTP/1.1 404 Not Found"
2026-08-11 05:29:41.271 - httpx - INFO - HTTP Request: GET https://huggingface.co/api/models/meta-models/Muse-Glimmer-30B/tree/main?recursive=true&expand=false "HTTP/1.1 200 OK"
2026-08-11 05:29:41.362 - httpx - INFO - HTTP Request: HEAD https://huggingface.co/meta-models/Muse-Glimmer-30B/resolve/main/tokenizer.json "HTTP/1.1 302 Found"
2026-08-11 05:29:41.457 - httpx - INFO - HTTP Request: GET https://huggingface.co/api/models/meta-models/Muse-Glimmer-30B/xet-read-token/97c77dff50b2797bcc558fa2d909761dbc575c59 "HTTP/1.1 200 OK"
2026-08-11 05:29:42.471 - httpx - INFO - HTTP Request: HEAD https://huggingface.co/meta-models/Muse-Glimmer-30B/resolve/main/tokenizer.model "HTTP/1.1 404 Not Found"
2026-08-11 05:29:42.554 - httpx - INFO - HTTP Request: HEAD https://huggingface.co/meta-models/Muse-Glimmer-30B/resolve/main/added_tokens.json "HTTP/1.1 404 Not Found"
2026-08-11 05:29:42.641 - httpx - INFO - HTTP Request: HEAD https://huggingface.co/meta-models/Muse-Glimmer-30B/resolve/main/special_tokens_map.json "HTTP/1.1 404 Not Found"
2026-08-11 05:29:42.728 - httpx - INFO - HTTP Request: HEAD https://huggingface.co/meta-models/Muse-Glimmer-30B/resolve/main/chat_template.jinja "HTTP/1.1 307 Temporary Redirect"
2026-08-11 05:29:42.741 - httpx - INFO - HTTP Request: HEAD https://huggingface.co/api/resolve-cache/models/meta-models/Muse-Glimmer-30B/97c77dff50b2797bcc558fa2d909761dbc575c59/chat_template.jinja "HTTP/1.1 200 OK"
2026-08-11 05:29:42.754 - httpx - INFO - HTTP Request: GET https://huggingface.co/api/resolve-cache/models/meta-models/Muse-Glimmer-30B/97c77dff50b2797bcc558fa2d909761dbc575c59/chat_template.jinja "HTTP/1.1 200 OK"
2026-08-11 05:29:44.408 - httpx - INFO - HTTP Request: GET https://huggingface.co/api/models/meta-models/Muse-Glimmer-30B "HTTP/1.1 200 OK"
2026-08-11 05:29:44.499 - aiperf.config.resolution.resolvers - INFO -   Cached meta-models/Muse-Glimmer-30B (4.45s)
2026-08-11 05:29:44.562 - aiperf.config.resolution.resolvers - INFO - 1 tokenizer cached • 4.5s
2026-08-11 05:29:45.005 - server_metrics_manager - INFO - Server Metrics: Discovered 1 endpoints: ['http://localhost:80/metrics']
2026-08-11 05:29:45.032 - GPUTelemetryJSONLWriter_16dd6728 - INFO - GPU telemetry export enabled: /output/gpu_telemetry_export.jsonl
2026-08-11 05:29:45.041 - OTelMetricsResultsProcessor_212620ec - INFO - Telemetry streaming is disabled (set --otel-url and/or --mlflow-tracking-uri to enable)
2026-08-11 05:29:45.042 - RecordExportJSONLWriter_e87440ec - INFO - Record metrics export enabled: /output/profile_export.jsonl
2026-08-11 05:29:45.052 - system_controller - INFO - Registered Gpu Telemetry Manager (id: 'gpu_telemetry_manager')
2026-08-11 05:29:45.060 - system_controller - INFO - Registered Worker Manager (id: 'worker_manager')
2026-08-11 05:29:45.060 - system_controller - INFO - Registered Dataset Manager (id: 'dataset_manager')
2026-08-11 05:29:45.110 - system_controller - INFO - Registered Server Metrics Manager (id: 'server_metrics_manager')
2026-08-11 05:29:45.129 - system_controller - INFO - Registered Record Processor (id: 'record_processor_226d1798')
2026-08-11 05:29:45.149 - system_controller - INFO - Registered Records Manager (id: 'records_manager')
2026-08-11 05:29:45.235 - system_controller - INFO - Registered Timing Manager (id: 'timing_manager')
2026-08-11 05:29:45.345 - system_controller - INFO - Registered Worker (id: 'worker_e15ebf65')
2026-08-11 05:29:45.438 - system_controller - INFO - AIPerf System is CONFIGURING
2026-08-11 05:29:45.438 - system_controller - INFO - Configuring all services to start profiling
2026-08-11 05:29:45.440 - timing_manager - INFO - Waiting for dataset to be configured before configuring timing
2026-08-11 05:29:45.440 - InferenceResultParser_f4b59d11 - INFO - Configuring tokenizers for inference result parser (resolve_alias: True)
2026-08-11 05:29:45.441 - dataset_manager - INFO - Configuring tokenizer(s) for dataset manager
2026-08-11 05:29:45.446 - system_controller - INFO - Server metrics disabled - no Prometheus endpoints reachable
2026-08-11 05:29:45.446 - system_controller - INFO - Waiting for result domains: profile, telemetry
2026-08-11 05:29:45.471 - gpu_telemetry_manager - INFO - GPU Telemetry: Capturing baseline metrics from pynvml://localhost
2026-08-11 05:29:45.480 - pynvml_collector - INFO - PyNVML initialized with 1 GPU(s) (0 with GPM support)
2026-08-11 05:29:45.496 - system_controller - INFO - DCGM telemetry enabled - 1/1 endpoint(s) reachable
2026-08-11 05:29:46.001 - httpx - INFO - HTTP Request: HEAD https://huggingface.co/meta-models/Muse-Glimmer-30B/resolve/main/config.json "HTTP/1.1 307 Temporary Redirect"
2026-08-11 05:29:46.001 - huggingface_hub.utils._http - WARNING - Warning: You are sending unauthenticated requests to the HF Hub. Please set a HF_TOKEN to enable higher rate limits and faster downloads.
2026-08-11 05:29:46.006 - httpx - INFO - HTTP Request: HEAD https://huggingface.co/meta-models/Muse-Glimmer-30B/resolve/main/config.json "HTTP/1.1 307 Temporary Redirect"
2026-08-11 05:29:46.007 - huggingface_hub.utils._http - WARNING - Warning: You are sending unauthenticated requests to the HF Hub. Please set a HF_TOKEN to enable higher rate limits and faster downloads.
2026-08-11 05:29:46.017 - httpx - INFO - HTTP Request: HEAD https://huggingface.co/api/resolve-cache/models/meta-models/Muse-Glimmer-30B/97c77dff50b2797bcc558fa2d909761dbc575c59/config.json "HTTP/1.1 200 OK"
2026-08-11 05:29:46.026 - httpx - INFO - HTTP Request: HEAD https://huggingface.co/api/resolve-cache/models/meta-models/Muse-Glimmer-30B/97c77dff50b2797bcc558fa2d909761dbc575c59/config.json "HTTP/1.1 200 OK"
2026-08-11 05:29:46.100 - httpx - INFO - HTTP Request: HEAD https://huggingface.co/meta-models/Muse-Glimmer-30B/resolve/main/config.json "HTTP/1.1 307 Temporary Redirect"
2026-08-11 05:29:46.107 - httpx - INFO - HTTP Request: HEAD https://huggingface.co/meta-models/Muse-Glimmer-30B/resolve/main/config.json "HTTP/1.1 307 Temporary Redirect"
2026-08-11 05:29:46.115 - httpx - INFO - HTTP Request: HEAD https://huggingface.co/api/resolve-cache/models/meta-models/Muse-Glimmer-30B/97c77dff50b2797bcc558fa2d909761dbc575c59/config.json "HTTP/1.1 200 OK"
2026-08-11 05:29:46.125 - httpx - INFO - HTTP Request: HEAD https://huggingface.co/api/resolve-cache/models/meta-models/Muse-Glimmer-30B/97c77dff50b2797bcc558fa2d909761dbc575c59/config.json "HTTP/1.1 200 OK"
2026-08-11 05:29:46.201 - httpx - INFO - HTTP Request: HEAD https://huggingface.co/meta-models/Muse-Glimmer-30B/resolve/main/tokenizer_config.json "HTTP/1.1 307 Temporary Redirect"
2026-08-11 05:29:46.206 - httpx - INFO - HTTP Request: HEAD https://huggingface.co/meta-models/Muse-Glimmer-30B/resolve/main/tokenizer_config.json "HTTP/1.1 307 Temporary Redirect"
2026-08-11 05:29:46.215 - httpx - INFO - HTTP Request: HEAD https://huggingface.co/api/resolve-cache/models/meta-models/Muse-Glimmer-30B/97c77dff50b2797bcc558fa2d909761dbc575c59/tokenizer_config.json "HTTP/1.1 200 OK"
2026-08-11 05:29:46.225 - httpx - INFO - HTTP Request: HEAD https://huggingface.co/api/resolve-cache/models/meta-models/Muse-Glimmer-30B/97c77dff50b2797bcc558fa2d909761dbc575c59/tokenizer_config.json "HTTP/1.1 200 OK"
2026-08-11 05:29:46.300 - httpx - INFO - HTTP Request: GET https://huggingface.co/api/models/meta-models/Muse-Glimmer-30B/tree/main/additional_chat_templates?recursive=false&expand=false "HTTP/1.1 404 Not Found"
2026-08-11 05:29:46.314 - httpx - INFO - HTTP Request: GET https://huggingface.co/api/models/meta-models/Muse-Glimmer-30B/tree/main/additional_chat_templates?recursive=false&expand=false "HTTP/1.1 404 Not Found"
2026-08-11 05:29:46.396 - httpx - INFO - HTTP Request: GET https://huggingface.co/api/models/meta-models/Muse-Glimmer-30B/tree/main?recursive=true&expand=false "HTTP/1.1 200 OK"
2026-08-11 05:29:46.405 - httpx - INFO - HTTP Request: GET https://huggingface.co/api/models/meta-models/Muse-Glimmer-30B/tree/main?recursive=true&expand=false "HTTP/1.1 200 OK"
2026-08-11 05:29:48.150 - httpx - INFO - HTTP Request: GET https://huggingface.co/api/models/meta-models/Muse-Glimmer-30B "HTTP/1.1 200 OK"
2026-08-11 05:29:48.154 - httpx - INFO - HTTP Request: GET https://huggingface.co/api/models/meta-models/Muse-Glimmer-30B "HTTP/1.1 200 OK"
2026-08-11 05:29:48.212 - InferenceResultParser_f4b59d11 - INFO - Initialized tokenizers: {'meta-models/Muse-Glimmer-30B': {'class': 'TokenizersBackend', 'name_or_path': 'meta-models/Muse-Glimmer-30B'}} in 2.77 seconds
2026-08-11 05:29:48.214 - dataset_manager - INFO - Tokenizer(s) configured in 2.77 seconds
2026-08-11 05:29:48.214 - dataset_manager - INFO - Configuring dataset for dataset_manager
2026-08-11 05:29:48.491 - CustomDatasetComposer - INFO - Using explicit dataset format: multi_turn
2026-08-11 05:29:48.556 - MemoryMapDatasetBackingStore_0e9ccbc7 - INFO - Memory-mapped backing store initialized (streaming to /tmp/aiperf_mmap_e97954b1b0fb/dataset.dat)
2026-08-11 05:29:48.576 - MemoryMapDatasetBackingStore_0e9ccbc7 - INFO - Data file finalized: 500 conversations, 1.23 MB
2026-08-11 05:29:48.576 - MemoryMapDatasetBackingStore_0e9ccbc7 - INFO - Index file created: /tmp/aiperf_mmap_e97954b1b0fb/index.dat
2026-08-11 05:29:48.576 - dataset_manager - INFO - Backing store finalized: client_type=DatasetClientStoreType.MEMORY_MAP format=MemoryMapFormat.CONVERSATION data_file_path=PosixPath('/tmp/aiperf_mmap_e97954b1b0fb/dataset.dat') index_file_path=PosixPath('/tmp/aiperf_mmap_e97954b1b0fb/index.dat') conversation_count=500 total_size_bytes=1284882 compressed=False compressed_data_file_path=None compressed_index_file_path=None compressed_size_bytes=0
2026-08-11 05:29:48.584 - dataset_manager - INFO - sampling strategy: sequential, unique conversations: 500, unique turn count: 1783
2026-08-11 05:29:48.590 - dataset_manager - INFO - Generating inputs.json file at /output/inputs.json
2026-08-11 05:29:48.596 - PhaseOrchestrator_03841143 - INFO - Initialized 2 phase(s): ['Warmup', 'Profiling']
2026-08-11 05:29:48.601 - dataset_manager - INFO - inputs.json file generated in 0.01 seconds
2026-08-11 05:29:48.728 - dataset_manager - INFO - Dataset client initialized and freed 500 conversations from memory
2026-08-11 05:29:48.728 - dataset_manager - INFO - Dataset configured in 0.51 seconds
2026-08-11 05:29:48.729 - system_controller - INFO - All services configured in 3.29 seconds
2026-08-11 05:29:48.729 - system_controller - INFO - AIPerf System is CONFIGURED
2026-08-11 05:29:48.731 - system_controller - INFO - All services started profiling successfully
2026-08-11 05:29:48.731 - system_controller - INFO - AIPerf System is PROFILING
2026-08-11 05:29:48.733 - RateTiming - INFO - Creating interval generator: pattern=concurrency_burst, rate=None, smoothness=None
2026-08-11 05:29:48.733 - PhaseRunner - NOTICE - Phase warmup (warmup) started | phase_index=0 | target: 3 requests
2026-08-11 05:29:48.735 - records_manager - INFO - Credit phase start: warmup
2026-08-11 05:30:13.990 - PhaseRunner - NOTICE - Phase warmup (warmup) sending complete | sent=3, completed=2, in_flight=1 | sessions: sent=2, completed=1
2026-08-11 05:30:18.736 - PhaseRunner - INFO - Phase warmup progress | returned=2/3 | sent=3 | in_flight=1 | errors=0 | elapsed=30.0s
2026-08-11 05:30:26.481 - PhaseRunner - NOTICE - Phase warmup (warmup) complete | completed=3, cancelled=0, errors=0 | sessions: completed=1, cancelled=0 | elapsed=37.75s
2026-08-11 05:30:26.483 - RateTiming - INFO - Creating interval generator: pattern=concurrency_burst, rate=None, smoothness=None
2026-08-11 05:30:26.483 - PhaseRunner - NOTICE - Phase profiling (profiling) started | phase_index=1 | profiling_index=0 | target: 50 requests, 50 sessions
2026-08-11 05:30:26.485 - records_manager - INFO - Credit phase start: profiling
2026-08-11 05:32:51.618 - aiperf.metrics.types.osl_mismatch_metrics - WARNING - OSL mismatch: got 46 tokens (requested 49, diff -6.1%)
2026-08-11 05:33:36.137 - aiperf.metrics.types.osl_mismatch_metrics - WARNING - OSL mismatch: got 26 tokens (requested 29, diff -10.3%)
2026-08-11 05:41:47.448 - PhaseRunner - NOTICE - Phase profiling (profiling) sending complete | sent=50, completed=49, in_flight=1 | sessions: sent=15, completed=14
2026-08-11 05:41:47.449 - records_manager - INFO - Sent 50 requests. Waiting for all to complete...
2026-08-11 05:42:03.476 - PhaseRunner - NOTICE - Phase profiling (profiling) complete | completed=50, cancelled=0, errors=0 | sessions: completed=15, cancelled=0 | elapsed=696.99s
2026-08-11 05:42:03.476 - PhaseOrchestrator_03841143 - NOTICE - All credits completed
2026-08-11 05:42:03.478 - system_controller - INFO - Received credits complete from 'timing_manager'
2026-08-11 05:42:03.478 - records_manager - INFO - Received CREDIT_PHASE_COMPLETE message, Phase complete: PhaseRecordsStats(phase=CreditPhase.PROFILING, phase_index=1, profiling_index=0, phase_name='profiling', phase_kind='profiling', start_ns=1786426226483480775, sent_end_ns=1786426907448099127, requests_end_ns=1786426923475934868, baseline_start_ns=1786426226483466631, baseline_end_ns=1786426923475951076, total_expected_requests=50, expected_duration_sec=None, expected_num_sessions=None, expected_grace_period_sec=None, final_requests_sent=None, final_requests_completed=50, final_requests_cancelled=0, final_request_errors=0, final_sent_sessions=None, final_completed_sessions=None, final_cancelled_sessions=None, timeout_triggered=False, grace_period_timeout_triggered=False, was_cancelled=False, records_end_ns=None, success_records=49, error_records=0)
2026-08-11 05:42:03.478 - records_manager - NOTICE - All requests have completed, please wait for the results to be processed (currently 49 of 50 records processed)...
2026-08-11 05:42:03.478 - records_manager - INFO - All credits complete, please wait for the results to be processed...
2026-08-11 05:42:03.484 - records_manager - INFO - Processed 50 valid requests and 0 errors (50 total).
2026-08-11 05:42:03.484 - records_manager - INFO - Received all records, processing now...
2026-08-11 05:42:03.486 - gpu_telemetry_manager - INFO - GPU Telemetry: Profiling complete, capturing final metrics...
2026-08-11 05:42:03.487 - records_manager - INFO - Waiting 2.0s for server metrics flush period...
2026-08-11 05:42:05.476 - records_manager - INFO - Processing records results...
2026-08-11 05:42:05.560 - records_manager - INFO - _finalize_and_process_results completed
2026-08-11 05:42:05.561 - system_controller - INFO - Waiting for result domains: telemetry
2026-08-11 05:42:05.561 - system_controller - INFO - All results received, initiating shutdown
2026-08-11 05:42:06.166 - ExporterManager - INFO - Exporting all records
2026-08-11 05:42:06.230 - ExporterManager - INFO - Exporting console data
