2026-08-16 10:57:52.565 - aiperf.cli_runner._single_run - INFO - Starting AIPerf System
2026-08-16 10:57:53.031 - httpx - INFO - HTTP Request: GET https://huggingface.co/api/models/nvidia/NVIDIA-Nemotron-3.5-Lightning-30B-A3B-NVFP4 "HTTP/1.1 200 OK"
2026-08-16 10:57:53.045 - aiperf.config.resolution.resolvers - INFO - [OK] Tokenizer nvidia/NVIDIA-Nemotron-3.5-Lightning-30B-A3B-NVFP4 detected
2026-08-16 10:57:53.046 - aiperf.config.resolution.resolvers - INFO - 1 tokenizer validated | 0.5s
2026-08-16 10:57:53.046 - aiperf.config.resolution.resolvers - INFO - Prefetching 1 tokenizer into HF cache...
2026-08-16 10:57:54.114 - httpx - INFO - HTTP Request: HEAD https://huggingface.co/nvidia/NVIDIA-Nemotron-3.5-Lightning-30B-A3B-NVFP4/resolve/main/config.json "HTTP/1.1 307 Temporary Redirect"
2026-08-16 10:57:54.126 - httpx - INFO - HTTP Request: HEAD https://huggingface.co/api/resolve-cache/models/nvidia/NVIDIA-Nemotron-3.5-Lightning-30B-A3B-NVFP4/6dbbd757ea75a8ece6e0702872e3ae53f9987728/config.json "HTTP/1.1 200 OK"
2026-08-16 10:57:54.142 - httpx - INFO - HTTP Request: GET https://huggingface.co/api/resolve-cache/models/nvidia/NVIDIA-Nemotron-3.5-Lightning-30B-A3B-NVFP4/6dbbd757ea75a8ece6e0702872e3ae53f9987728/config.json "HTTP/1.1 200 OK"
2026-08-16 10:57:54.281 - httpx - INFO - HTTP Request: HEAD https://huggingface.co/nvidia/NVIDIA-Nemotron-3.5-Lightning-30B-A3B-NVFP4/resolve/main/tokenizer_config.json "HTTP/1.1 307 Temporary Redirect"
2026-08-16 10:57:54.281 - huggingface_hub.utils._http - WARNING - Warning: You are sending unauthenticated requests to the HF Hub. Please set a HF_TOKEN to enable higher rate limits and faster downloads.
2026-08-16 10:57:54.292 - httpx - INFO - HTTP Request: HEAD https://huggingface.co/api/resolve-cache/models/nvidia/NVIDIA-Nemotron-3.5-Lightning-30B-A3B-NVFP4/6dbbd757ea75a8ece6e0702872e3ae53f9987728/tokenizer_config.json "HTTP/1.1 200 OK"
2026-08-16 10:57:54.301 - httpx - INFO - HTTP Request: GET https://huggingface.co/api/resolve-cache/models/nvidia/NVIDIA-Nemotron-3.5-Lightning-30B-A3B-NVFP4/6dbbd757ea75a8ece6e0702872e3ae53f9987728/tokenizer_config.json "HTTP/1.1 200 OK"
2026-08-16 10:57:54.384 - httpx - INFO - HTTP Request: GET https://huggingface.co/api/models/nvidia/NVIDIA-Nemotron-3.5-Lightning-30B-A3B-NVFP4/tree/main/additional_chat_templates?recursive=false&expand=false "HTTP/1.1 404 Not Found"
2026-08-16 10:57:54.469 - httpx - INFO - HTTP Request: GET https://huggingface.co/api/models/nvidia/NVIDIA-Nemotron-3.5-Lightning-30B-A3B-NVFP4/tree/main?recursive=true&expand=false "HTTP/1.1 200 OK"
2026-08-16 10:57:54.558 - httpx - INFO - HTTP Request: HEAD https://huggingface.co/nvidia/NVIDIA-Nemotron-3.5-Lightning-30B-A3B-NVFP4/resolve/main/tokenizer.json "HTTP/1.1 302 Found"
2026-08-16 10:57:54.654 - httpx - INFO - HTTP Request: GET https://huggingface.co/api/models/nvidia/NVIDIA-Nemotron-3.5-Lightning-30B-A3B-NVFP4/xet-read-token/6dbbd757ea75a8ece6e0702872e3ae53f9987728 "HTTP/1.1 200 OK"
2026-08-16 10:57:55.444 - httpx - INFO - HTTP Request: HEAD https://huggingface.co/nvidia/NVIDIA-Nemotron-3.5-Lightning-30B-A3B-NVFP4/resolve/main/tokenizer.model "HTTP/1.1 404 Not Found"
2026-08-16 10:57:55.533 - httpx - INFO - HTTP Request: HEAD https://huggingface.co/nvidia/NVIDIA-Nemotron-3.5-Lightning-30B-A3B-NVFP4/resolve/main/added_tokens.json "HTTP/1.1 404 Not Found"
2026-08-16 10:57:55.612 - httpx - INFO - HTTP Request: HEAD https://huggingface.co/nvidia/NVIDIA-Nemotron-3.5-Lightning-30B-A3B-NVFP4/resolve/main/special_tokens_map.json "HTTP/1.1 307 Temporary Redirect"
2026-08-16 10:57:55.621 - httpx - INFO - HTTP Request: HEAD https://huggingface.co/api/resolve-cache/models/nvidia/NVIDIA-Nemotron-3.5-Lightning-30B-A3B-NVFP4/6dbbd757ea75a8ece6e0702872e3ae53f9987728/special_tokens_map.json "HTTP/1.1 200 OK"
2026-08-16 10:57:55.631 - httpx - INFO - HTTP Request: GET https://huggingface.co/api/resolve-cache/models/nvidia/NVIDIA-Nemotron-3.5-Lightning-30B-A3B-NVFP4/6dbbd757ea75a8ece6e0702872e3ae53f9987728/special_tokens_map.json "HTTP/1.1 200 OK"
2026-08-16 10:57:55.712 - httpx - INFO - HTTP Request: HEAD https://huggingface.co/nvidia/NVIDIA-Nemotron-3.5-Lightning-30B-A3B-NVFP4/resolve/main/chat_template.jinja "HTTP/1.1 307 Temporary Redirect"
2026-08-16 10:57:55.722 - httpx - INFO - HTTP Request: HEAD https://huggingface.co/api/resolve-cache/models/nvidia/NVIDIA-Nemotron-3.5-Lightning-30B-A3B-NVFP4/6dbbd757ea75a8ece6e0702872e3ae53f9987728/chat_template.jinja "HTTP/1.1 200 OK"
2026-08-16 10:57:55.732 - httpx - INFO - HTTP Request: GET https://huggingface.co/api/resolve-cache/models/nvidia/NVIDIA-Nemotron-3.5-Lightning-30B-A3B-NVFP4/6dbbd757ea75a8ece6e0702872e3ae53f9987728/chat_template.jinja "HTTP/1.1 200 OK"
2026-08-16 10:57:56.555 - httpx - INFO - HTTP Request: GET https://huggingface.co/api/models/nvidia/NVIDIA-Nemotron-3.5-Lightning-30B-A3B-NVFP4 "HTTP/1.1 200 OK"
2026-08-16 10:57:56.593 - aiperf.config.resolution.resolvers - INFO -   Cached nvidia/NVIDIA-Nemotron-3.5-Lightning-30B-A3B-NVFP4 (3.53s)
2026-08-16 10:57:56.649 - aiperf.config.resolution.resolvers - INFO - 1 tokenizer cached • 3.6s
2026-08-16 10:57:57.078 - server_metrics_manager - INFO - Server Metrics: Discovered 1 endpoints: ['http://localhost:8000/metrics']
2026-08-16 10:57:57.104 - GPUTelemetryJSONLWriter_c1394225 - INFO - GPU telemetry export enabled: /output/gpu_telemetry_export.jsonl
2026-08-16 10:57:57.114 - OTelMetricsResultsProcessor_9716d718 - INFO - Telemetry streaming is disabled (set --otel-url and/or --mlflow-tracking-uri to enable)
2026-08-16 10:57:57.118 - RecordExportJSONLWriter_b5e7f01c - INFO - Record metrics export enabled: /output/profile_export.jsonl
2026-08-16 10:57:57.121 - system_controller - INFO - Registered Worker Manager (id: 'worker_manager')
2026-08-16 10:57:57.122 - system_controller - INFO - Registered Gpu Telemetry Manager (id: 'gpu_telemetry_manager')
2026-08-16 10:57:57.206 - system_controller - INFO - Registered Dataset Manager (id: 'dataset_manager')
2026-08-16 10:57:57.207 - system_controller - INFO - Registered Server Metrics Manager (id: 'server_metrics_manager')
2026-08-16 10:57:57.246 - system_controller - INFO - Registered Records Manager (id: 'records_manager')
2026-08-16 10:57:57.263 - system_controller - INFO - Registered Record Processor (id: 'record_processor_e960f386')
2026-08-16 10:57:57.272 - system_controller - INFO - Registered Record Processor (id: 'record_processor_2674aca7')
2026-08-16 10:57:57.289 - system_controller - INFO - Registered Timing Manager (id: 'timing_manager')
2026-08-16 10:57:57.363 - system_controller - INFO - Registered Record Processor (id: 'record_processor_aeb0e4e2')
2026-08-16 10:57:57.499 - system_controller - INFO - AIPerf System is CONFIGURING
2026-08-16 10:57:57.499 - system_controller - INFO - Configuring all services to start profiling
2026-08-16 10:57:57.504 - InferenceResultParser_95cfb6cc - INFO - Configuring tokenizers for inference result parser (resolve_alias: True)
2026-08-16 10:57:57.504 - InferenceResultParser_3861d58a - INFO - Configuring tokenizers for inference result parser (resolve_alias: True)
2026-08-16 10:57:57.505 - timing_manager - INFO - Waiting for dataset to be configured before configuring timing
2026-08-16 10:57:57.505 - InferenceResultParser_755c79f6 - INFO - Configuring tokenizers for inference result parser (resolve_alias: True)
2026-08-16 10:57:57.506 - dataset_manager - INFO - Configuring tokenizer(s) for dataset manager
2026-08-16 10:57:57.516 - server_metrics_manager - INFO - Server Metrics: Capturing baseline metrics...
2026-08-16 10:57:57.535 - http://localhost:8000/metrics - INFO - Skipping unsupported summary metric: http_request_size_bytes
2026-08-16 10:57:57.535 - http://localhost:8000/metrics - INFO - Skipping unsupported summary metric: http_response_size_bytes
2026-08-16 10:57:57.537 - system_controller - INFO - Server metrics enabled - 1/1 endpoint(s) reachable.
2026-08-16 10:57:57.537 - system_controller - INFO - Waiting for result domains: profile, server_metrics, telemetry
2026-08-16 10:57:57.544 - gpu_telemetry_manager - INFO - GPU Telemetry: Capturing baseline metrics from pynvml://localhost
2026-08-16 10:57:57.555 - pynvml_collector - INFO - PyNVML initialized with 1 GPU(s) (0 with GPM support)
2026-08-16 10:57:57.568 - system_controller - INFO - Registered Worker (id: 'worker_57a7ab95')
2026-08-16 10:57:57.570 - system_controller - INFO - DCGM telemetry enabled - 1/1 endpoint(s) reachable
2026-08-16 10:57:57.580 - system_controller - INFO - Registered Worker (id: 'worker_1bbf991c')
2026-08-16 10:57:57.581 - system_controller - INFO - Registered Worker (id: 'worker_0c6471dd')
2026-08-16 10:57:57.590 - system_controller - INFO - Registered Worker (id: 'worker_23476abd')
2026-08-16 10:57:57.592 - system_controller - INFO - Registered Worker (id: 'worker_7e828960')
2026-08-16 10:57:57.594 - system_controller - INFO - Registered Worker (id: 'worker_d00371d1')
2026-08-16 10:57:57.598 - system_controller - INFO - Registered Worker (id: 'worker_77b6212f')
2026-08-16 10:57:57.610 - system_controller - INFO - Registered Worker (id: 'worker_c6dc3e59')
2026-08-16 10:57:57.612 - system_controller - INFO - Registered Worker (id: 'worker_708041d5')
2026-08-16 10:57:57.623 - system_controller - INFO - Registered Worker (id: 'worker_6e57e155')
2026-08-16 10:57:57.628 - system_controller - INFO - Registered Worker (id: 'worker_e0d39aae')
2026-08-16 10:57:57.659 - system_controller - INFO - Registered Worker (id: 'worker_d6c94d1e')
2026-08-16 10:57:57.670 - system_controller - INFO - Registered Worker (id: 'worker_87a18cb7')
2026-08-16 10:57:57.672 - system_controller - INFO - Registered Worker (id: 'worker_8138a965')
2026-08-16 10:57:58.070 - httpx - INFO - HTTP Request: HEAD https://huggingface.co/nvidia/NVIDIA-Nemotron-3.5-Lightning-30B-A3B-NVFP4/resolve/main/config.json "HTTP/1.1 307 Temporary Redirect"
2026-08-16 10:57:58.071 - huggingface_hub.utils._http - WARNING - Warning: You are sending unauthenticated requests to the HF Hub. Please set a HF_TOKEN to enable higher rate limits and faster downloads.
2026-08-16 10:57:58.072 - httpx - INFO - HTTP Request: HEAD https://huggingface.co/nvidia/NVIDIA-Nemotron-3.5-Lightning-30B-A3B-NVFP4/resolve/main/config.json "HTTP/1.1 307 Temporary Redirect"
2026-08-16 10:57:58.075 - httpx - INFO - HTTP Request: HEAD https://huggingface.co/nvidia/NVIDIA-Nemotron-3.5-Lightning-30B-A3B-NVFP4/resolve/main/config.json "HTTP/1.1 307 Temporary Redirect"
2026-08-16 10:57:58.075 - httpx - INFO - HTTP Request: HEAD https://huggingface.co/nvidia/NVIDIA-Nemotron-3.5-Lightning-30B-A3B-NVFP4/resolve/main/config.json "HTTP/1.1 307 Temporary Redirect"
2026-08-16 10:57:58.076 - huggingface_hub.utils._http - WARNING - Warning: You are sending unauthenticated requests to the HF Hub. Please set a HF_TOKEN to enable higher rate limits and faster downloads.
2026-08-16 10:57:58.081 - httpx - INFO - HTTP Request: HEAD https://huggingface.co/api/resolve-cache/models/nvidia/NVIDIA-Nemotron-3.5-Lightning-30B-A3B-NVFP4/6dbbd757ea75a8ece6e0702872e3ae53f9987728/config.json "HTTP/1.1 200 OK"
2026-08-16 10:57:58.081 - httpx - INFO - HTTP Request: HEAD https://huggingface.co/api/resolve-cache/models/nvidia/NVIDIA-Nemotron-3.5-Lightning-30B-A3B-NVFP4/6dbbd757ea75a8ece6e0702872e3ae53f9987728/config.json "HTTP/1.1 200 OK"
2026-08-16 10:57:58.085 - httpx - INFO - HTTP Request: HEAD https://huggingface.co/api/resolve-cache/models/nvidia/NVIDIA-Nemotron-3.5-Lightning-30B-A3B-NVFP4/6dbbd757ea75a8ece6e0702872e3ae53f9987728/config.json "HTTP/1.1 200 OK"
2026-08-16 10:57:58.085 - httpx - INFO - HTTP Request: HEAD https://huggingface.co/api/resolve-cache/models/nvidia/NVIDIA-Nemotron-3.5-Lightning-30B-A3B-NVFP4/6dbbd757ea75a8ece6e0702872e3ae53f9987728/config.json "HTTP/1.1 200 OK"
2026-08-16 10:57:58.207 - httpx - INFO - HTTP Request: HEAD https://huggingface.co/nvidia/NVIDIA-Nemotron-3.5-Lightning-30B-A3B-NVFP4/resolve/main/tokenizer_config.json "HTTP/1.1 307 Temporary Redirect"
2026-08-16 10:57:58.215 - httpx - INFO - HTTP Request: HEAD https://huggingface.co/nvidia/NVIDIA-Nemotron-3.5-Lightning-30B-A3B-NVFP4/resolve/main/tokenizer_config.json "HTTP/1.1 307 Temporary Redirect"
2026-08-16 10:57:58.215 - huggingface_hub.utils._http - WARNING - Warning: You are sending unauthenticated requests to the HF Hub. Please set a HF_TOKEN to enable higher rate limits and faster downloads.
2026-08-16 10:57:58.216 - httpx - INFO - HTTP Request: HEAD https://huggingface.co/nvidia/NVIDIA-Nemotron-3.5-Lightning-30B-A3B-NVFP4/resolve/main/tokenizer_config.json "HTTP/1.1 307 Temporary Redirect"
2026-08-16 10:57:58.216 - huggingface_hub.utils._http - WARNING - Warning: You are sending unauthenticated requests to the HF Hub. Please set a HF_TOKEN to enable higher rate limits and faster downloads.
2026-08-16 10:57:58.217 - httpx - INFO - HTTP Request: HEAD https://huggingface.co/nvidia/NVIDIA-Nemotron-3.5-Lightning-30B-A3B-NVFP4/resolve/main/tokenizer_config.json "HTTP/1.1 307 Temporary Redirect"
2026-08-16 10:57:58.218 - httpx - INFO - HTTP Request: HEAD https://huggingface.co/api/resolve-cache/models/nvidia/NVIDIA-Nemotron-3.5-Lightning-30B-A3B-NVFP4/6dbbd757ea75a8ece6e0702872e3ae53f9987728/tokenizer_config.json "HTTP/1.1 200 OK"
2026-08-16 10:57:58.224 - httpx - INFO - HTTP Request: HEAD https://huggingface.co/api/resolve-cache/models/nvidia/NVIDIA-Nemotron-3.5-Lightning-30B-A3B-NVFP4/6dbbd757ea75a8ece6e0702872e3ae53f9987728/tokenizer_config.json "HTTP/1.1 200 OK"
2026-08-16 10:57:58.228 - httpx - INFO - HTTP Request: HEAD https://huggingface.co/api/resolve-cache/models/nvidia/NVIDIA-Nemotron-3.5-Lightning-30B-A3B-NVFP4/6dbbd757ea75a8ece6e0702872e3ae53f9987728/tokenizer_config.json "HTTP/1.1 200 OK"
2026-08-16 10:57:58.231 - httpx - INFO - HTTP Request: HEAD https://huggingface.co/api/resolve-cache/models/nvidia/NVIDIA-Nemotron-3.5-Lightning-30B-A3B-NVFP4/6dbbd757ea75a8ece6e0702872e3ae53f9987728/tokenizer_config.json "HTTP/1.1 200 OK"
2026-08-16 10:57:58.302 - httpx - INFO - HTTP Request: GET https://huggingface.co/api/models/nvidia/NVIDIA-Nemotron-3.5-Lightning-30B-A3B-NVFP4/tree/main/additional_chat_templates?recursive=false&expand=false "HTTP/1.1 404 Not Found"
2026-08-16 10:57:58.310 - httpx - INFO - HTTP Request: GET https://huggingface.co/api/models/nvidia/NVIDIA-Nemotron-3.5-Lightning-30B-A3B-NVFP4/tree/main/additional_chat_templates?recursive=false&expand=false "HTTP/1.1 404 Not Found"
2026-08-16 10:57:58.310 - httpx - INFO - HTTP Request: GET https://huggingface.co/api/models/nvidia/NVIDIA-Nemotron-3.5-Lightning-30B-A3B-NVFP4/tree/main/additional_chat_templates?recursive=false&expand=false "HTTP/1.1 404 Not Found"
2026-08-16 10:57:58.315 - httpx - INFO - HTTP Request: GET https://huggingface.co/api/models/nvidia/NVIDIA-Nemotron-3.5-Lightning-30B-A3B-NVFP4/tree/main/additional_chat_templates?recursive=false&expand=false "HTTP/1.1 404 Not Found"
2026-08-16 10:57:58.385 - httpx - INFO - HTTP Request: GET https://huggingface.co/api/models/nvidia/NVIDIA-Nemotron-3.5-Lightning-30B-A3B-NVFP4/tree/main?recursive=true&expand=false "HTTP/1.1 200 OK"
2026-08-16 10:57:58.394 - httpx - INFO - HTTP Request: GET https://huggingface.co/api/models/nvidia/NVIDIA-Nemotron-3.5-Lightning-30B-A3B-NVFP4/tree/main?recursive=true&expand=false "HTTP/1.1 200 OK"
2026-08-16 10:57:58.395 - httpx - INFO - HTTP Request: GET https://huggingface.co/api/models/nvidia/NVIDIA-Nemotron-3.5-Lightning-30B-A3B-NVFP4/tree/main?recursive=true&expand=false "HTTP/1.1 200 OK"
2026-08-16 10:57:58.399 - httpx - INFO - HTTP Request: GET https://huggingface.co/api/models/nvidia/NVIDIA-Nemotron-3.5-Lightning-30B-A3B-NVFP4/tree/main?recursive=true&expand=false "HTTP/1.1 200 OK"
2026-08-16 10:57:59.371 - httpx - INFO - HTTP Request: GET https://huggingface.co/api/models/nvidia/NVIDIA-Nemotron-3.5-Lightning-30B-A3B-NVFP4 "HTTP/1.1 200 OK"
2026-08-16 10:57:59.380 - httpx - INFO - HTTP Request: GET https://huggingface.co/api/models/nvidia/NVIDIA-Nemotron-3.5-Lightning-30B-A3B-NVFP4 "HTTP/1.1 200 OK"
2026-08-16 10:57:59.384 - httpx - INFO - HTTP Request: GET https://huggingface.co/api/models/nvidia/NVIDIA-Nemotron-3.5-Lightning-30B-A3B-NVFP4 "HTTP/1.1 200 OK"
2026-08-16 10:57:59.390 - httpx - INFO - HTTP Request: GET https://huggingface.co/api/models/nvidia/NVIDIA-Nemotron-3.5-Lightning-30B-A3B-NVFP4 "HTTP/1.1 200 OK"
2026-08-16 10:57:59.398 - dataset_manager - INFO - Tokenizer(s) configured in 1.89 seconds
2026-08-16 10:57:59.398 - dataset_manager - INFO - Configuring dataset for dataset_manager
2026-08-16 10:57:59.411 - InferenceResultParser_3861d58a - INFO - Initialized tokenizers: {'nvidia/NVIDIA-Nemotron-3.5-Lightning-30B-A3B-NVFP4': {'class': 'TokenizersBackend', 'name_or_path': 'nvidia/NVIDIA-Nemotron-3.5-Lightning-30B-A3B-NVFP4'}} in 1.91 seconds
2026-08-16 10:57:59.416 - InferenceResultParser_95cfb6cc - INFO - Initialized tokenizers: {'nvidia/NVIDIA-Nemotron-3.5-Lightning-30B-A3B-NVFP4': {'class': 'TokenizersBackend', 'name_or_path': 'nvidia/NVIDIA-Nemotron-3.5-Lightning-30B-A3B-NVFP4'}} in 1.91 seconds
2026-08-16 10:57:59.420 - InferenceResultParser_755c79f6 - INFO - Initialized tokenizers: {'nvidia/NVIDIA-Nemotron-3.5-Lightning-30B-A3B-NVFP4': {'class': 'TokenizersBackend', 'name_or_path': 'nvidia/NVIDIA-Nemotron-3.5-Lightning-30B-A3B-NVFP4'}} in 1.91 seconds
2026-08-16 10:57:59.744 - CustomDatasetComposer - INFO - Using explicit dataset format: multi_turn
2026-08-16 10:57:59.833 - MemoryMapDatasetBackingStore_a4c2b2bf - INFO - Memory-mapped backing store initialized (streaming to /tmp/aiperf_mmap_be64c3282efc/dataset.dat)
2026-08-16 10:57:59.856 - MemoryMapDatasetBackingStore_a4c2b2bf - INFO - Data file finalized: 500 conversations, 1.29 MB
2026-08-16 10:57:59.859 - MemoryMapDatasetBackingStore_a4c2b2bf - INFO - Index file created: /tmp/aiperf_mmap_be64c3282efc/index.dat
2026-08-16 10:57:59.860 - dataset_manager - INFO - Backing store finalized: client_type=DatasetClientStoreType.MEMORY_MAP format=MemoryMapFormat.CONVERSATION data_file_path=PosixPath('/tmp/aiperf_mmap_be64c3282efc/dataset.dat') index_file_path=PosixPath('/tmp/aiperf_mmap_be64c3282efc/index.dat') conversation_count=500 total_size_bytes=1353406 compressed=False compressed_data_file_path=None compressed_index_file_path=None compressed_size_bytes=0
2026-08-16 10:57:59.872 - dataset_manager - INFO - sampling strategy: sequential, unique conversations: 500, unique turn count: 1783
2026-08-16 10:57:59.895 - dataset_manager - INFO - Generating inputs.json file at /output/inputs.json
2026-08-16 10:57:59.915 - dataset_manager - INFO - inputs.json file generated in 0.02 seconds
2026-08-16 10:57:59.952 - system_controller - WARNING - Received command response for service we were not expecting: worker_7e828960. Ignoring.
2026-08-16 10:57:59.961 - system_controller - WARNING - Received command response for service we were not expecting: worker_d00371d1. Ignoring.
2026-08-16 10:57:59.961 - system_controller - WARNING - Received command response for service we were not expecting: worker_0c6471dd. Ignoring.
2026-08-16 10:57:59.963 - system_controller - WARNING - Received command response for service we were not expecting: worker_1bbf991c. Ignoring.
2026-08-16 10:57:59.965 - system_controller - WARNING - Received command response for service we were not expecting: worker_57a7ab95. Ignoring.
2026-08-16 10:57:59.967 - system_controller - WARNING - Received command response for service we were not expecting: worker_23476abd. Ignoring.
2026-08-16 10:58:00.030 - PhaseOrchestrator_4e0aa1f6 - INFO - Initialized 2 phase(s): ['Warmup', 'Profiling']
2026-08-16 10:58:00.278 - dataset_manager - INFO - Dataset client initialized and freed 500 conversations from memory
2026-08-16 10:58:00.278 - dataset_manager - INFO - Dataset configured in 0.88 seconds
2026-08-16 10:58:00.283 - system_controller - INFO - All services configured in 2.78 seconds
2026-08-16 10:58:00.284 - system_controller - INFO - AIPerf System is CONFIGURED
2026-08-16 10:58:00.334 - server_metrics_manager - INFO - Server Metrics: Started 1 collector(s) successfully
2026-08-16 10:58:00.354 - system_controller - INFO - All services started profiling successfully
2026-08-16 10:58:00.354 - system_controller - INFO - AIPerf System is PROFILING
2026-08-16 10:58:00.377 - RateTiming - INFO - Creating interval generator: pattern=concurrency_burst, rate=None, smoothness=None
2026-08-16 10:58:00.381 - PhaseRunner - NOTICE - Phase warmup (warmup) started | phase_index=0 | target: 3 requests
2026-08-16 10:58:00.393 - PhaseRunner - NOTICE - Phase warmup (warmup) sending complete | sent=3, completed=0, in_flight=3 | sessions: sent=3, completed=0
2026-08-16 10:58:00.393 - records_manager - INFO - Credit phase start: warmup
2026-08-16 10:58:05.359 - PhaseRunner - NOTICE - Phase warmup (warmup) complete | completed=3, cancelled=0, errors=0 | sessions: completed=1, cancelled=0 | elapsed=4.98s
2026-08-16 10:58:05.362 - RateTiming - INFO - Creating interval generator: pattern=concurrency_burst, rate=None, smoothness=None
2026-08-16 10:58:05.362 - PhaseRunner - NOTICE - Phase profiling (profiling) started | phase_index=1 | profiling_index=0 | target: 50 requests, 50 sessions
2026-08-16 10:58:05.364 - records_manager - INFO - Credit phase start: profiling
2026-08-16 10:58:05.366 - server_metrics_manager - INFO - Server Metrics: Warmup complete, capturing final warmup metrics...
2026-08-16 10:58:13.305 - PhaseRunner - NOTICE - Phase profiling (profiling) sending complete | sent=50, completed=18, in_flight=32 | sessions: sent=35, completed=3
2026-08-16 10:58:13.306 - records_manager - INFO - Sent 50 requests. Waiting for all to complete...
2026-08-16 10:58:22.327 - PhaseRunner - NOTICE - Phase profiling (profiling) complete | completed=50, cancelled=0, errors=0 | sessions: completed=9, cancelled=0 | elapsed=16.96s
2026-08-16 10:58:22.327 - PhaseOrchestrator_4e0aa1f6 - NOTICE - All credits completed
2026-08-16 10:58:22.330 - records_manager - INFO - Received CREDIT_PHASE_COMPLETE message, Phase complete: PhaseRecordsStats(phase=CreditPhase.PROFILING, phase_index=1, profiling_index=0, phase_name='profiling', phase_kind='profiling', start_ns=1786877885362334051, sent_end_ns=1786877893304981433, requests_end_ns=1786877902326387159, baseline_start_ns=1786877885362323123, baseline_end_ns=1786877902326409799, total_expected_requests=50, expected_duration_sec=None, expected_num_sessions=None, expected_grace_period_sec=None, final_requests_sent=None, final_requests_completed=50, final_requests_cancelled=0, final_request_errors=0, final_sent_sessions=None, final_completed_sessions=None, final_cancelled_sessions=None, timeout_triggered=False, grace_period_timeout_triggered=False, was_cancelled=False, records_end_ns=None, success_records=49, error_records=0)
2026-08-16 10:58:22.330 - records_manager - NOTICE - All requests have completed, please wait for the results to be processed (currently 49 of 50 records processed)...
2026-08-16 10:58:22.331 - system_controller - INFO - Received credits complete from 'timing_manager'
2026-08-16 10:58:22.331 - records_manager - INFO - All credits complete, please wait for the results to be processed...
2026-08-16 10:58:22.361 - records_manager - INFO - Processed 50 valid requests and 0 errors (50 total).
2026-08-16 10:58:22.362 - records_manager - INFO - Received all records, processing now...
2026-08-16 10:58:22.366 - server_metrics_manager - INFO - Server Metrics: Profiling complete, capturing final metrics...
2026-08-16 10:58:22.367 - records_manager - INFO - Waiting 2.0s for server metrics flush period...
2026-08-16 10:58:22.367 - gpu_telemetry_manager - INFO - GPU Telemetry: Profiling complete, capturing final metrics...
2026-08-16 10:58:24.329 - records_manager - INFO - Processing records results...
2026-08-16 10:58:24.506 - system_controller - INFO - Waiting for result domains: server_metrics, telemetry
2026-08-16 10:58:24.507 - system_controller - INFO - Waiting for result domains: server_metrics
2026-08-16 10:58:24.518 - records_manager - INFO - _finalize_and_process_results completed
2026-08-16 10:58:24.524 - system_controller - INFO - All results received, initiating shutdown
2026-08-16 10:58:25.145 - ExporterManager - INFO - Exporting all records
2026-08-16 10:58:25.301 - ExporterManager - INFO - Exporting console data
