2026-08-16 10:05:20.666 - aiperf.cli_runner._single_run - INFO - Starting AIPerf System
2026-08-16 10:05:21.098 - httpx - INFO - HTTP Request: GET https://huggingface.co/api/models/nvidia/NVIDIA-Nemotron-3.5-Lightning-30B-A3B-NVFP4 "HTTP/1.1 200 OK"
2026-08-16 10:05:21.114 - aiperf.config.resolution.resolvers - INFO - [OK] Tokenizer nvidia/NVIDIA-Nemotron-3.5-Lightning-30B-A3B-NVFP4 detected
2026-08-16 10:05:21.114 - aiperf.config.resolution.resolvers - INFO - 1 tokenizer validated | 0.4s
2026-08-16 10:05:21.114 - aiperf.config.resolution.resolvers - INFO - Prefetching 1 tokenizer into HF cache...
2026-08-16 10:05:21.876 - httpx - INFO - HTTP Request: HEAD https://huggingface.co/nvidia/NVIDIA-Nemotron-3.5-Lightning-30B-A3B-NVFP4/resolve/main/config.json "HTTP/1.1 307 Temporary Redirect"
2026-08-16 10:05:21.876 - huggingface_hub.utils._http - WARNING - Warning: You are sending unauthenticated requests to the HF Hub. Please set a HF_TOKEN to enable higher rate limits and faster downloads.
2026-08-16 10:05:21.889 - httpx - INFO - HTTP Request: HEAD https://huggingface.co/api/resolve-cache/models/nvidia/NVIDIA-Nemotron-3.5-Lightning-30B-A3B-NVFP4/6dbbd757ea75a8ece6e0702872e3ae53f9987728/config.json "HTTP/1.1 200 OK"
2026-08-16 10:05:21.905 - httpx - INFO - HTTP Request: GET https://huggingface.co/api/resolve-cache/models/nvidia/NVIDIA-Nemotron-3.5-Lightning-30B-A3B-NVFP4/6dbbd757ea75a8ece6e0702872e3ae53f9987728/config.json "HTTP/1.1 200 OK"
2026-08-16 10:05:22.048 - httpx - INFO - HTTP Request: HEAD https://huggingface.co/nvidia/NVIDIA-Nemotron-3.5-Lightning-30B-A3B-NVFP4/resolve/main/tokenizer_config.json "HTTP/1.1 307 Temporary Redirect"
2026-08-16 10:05:22.062 - httpx - INFO - HTTP Request: HEAD https://huggingface.co/api/resolve-cache/models/nvidia/NVIDIA-Nemotron-3.5-Lightning-30B-A3B-NVFP4/6dbbd757ea75a8ece6e0702872e3ae53f9987728/tokenizer_config.json "HTTP/1.1 200 OK"
2026-08-16 10:05:22.071 - httpx - INFO - HTTP Request: GET https://huggingface.co/api/resolve-cache/models/nvidia/NVIDIA-Nemotron-3.5-Lightning-30B-A3B-NVFP4/6dbbd757ea75a8ece6e0702872e3ae53f9987728/tokenizer_config.json "HTTP/1.1 200 OK"
2026-08-16 10:05:22.154 - httpx - INFO - HTTP Request: GET https://huggingface.co/api/models/nvidia/NVIDIA-Nemotron-3.5-Lightning-30B-A3B-NVFP4/tree/main/additional_chat_templates?recursive=false&expand=false "HTTP/1.1 404 Not Found"
2026-08-16 10:05:22.241 - httpx - INFO - HTTP Request: GET https://huggingface.co/api/models/nvidia/NVIDIA-Nemotron-3.5-Lightning-30B-A3B-NVFP4/tree/main?recursive=true&expand=false "HTTP/1.1 200 OK"
2026-08-16 10:05:22.329 - httpx - INFO - HTTP Request: HEAD https://huggingface.co/nvidia/NVIDIA-Nemotron-3.5-Lightning-30B-A3B-NVFP4/resolve/main/tokenizer.json "HTTP/1.1 302 Found"
2026-08-16 10:05:22.413 - httpx - INFO - HTTP Request: GET https://huggingface.co/api/models/nvidia/NVIDIA-Nemotron-3.5-Lightning-30B-A3B-NVFP4/xet-read-token/6dbbd757ea75a8ece6e0702872e3ae53f9987728 "HTTP/1.1 200 OK"
2026-08-16 10:05:23.407 - httpx - INFO - HTTP Request: HEAD https://huggingface.co/nvidia/NVIDIA-Nemotron-3.5-Lightning-30B-A3B-NVFP4/resolve/main/tokenizer.model "HTTP/1.1 404 Not Found"
2026-08-16 10:05:23.495 - httpx - INFO - HTTP Request: HEAD https://huggingface.co/nvidia/NVIDIA-Nemotron-3.5-Lightning-30B-A3B-NVFP4/resolve/main/added_tokens.json "HTTP/1.1 404 Not Found"
2026-08-16 10:05:23.579 - httpx - INFO - HTTP Request: HEAD https://huggingface.co/nvidia/NVIDIA-Nemotron-3.5-Lightning-30B-A3B-NVFP4/resolve/main/special_tokens_map.json "HTTP/1.1 307 Temporary Redirect"
2026-08-16 10:05:23.591 - httpx - INFO - HTTP Request: HEAD https://huggingface.co/api/resolve-cache/models/nvidia/NVIDIA-Nemotron-3.5-Lightning-30B-A3B-NVFP4/6dbbd757ea75a8ece6e0702872e3ae53f9987728/special_tokens_map.json "HTTP/1.1 200 OK"
2026-08-16 10:05:23.603 - httpx - INFO - HTTP Request: GET https://huggingface.co/api/resolve-cache/models/nvidia/NVIDIA-Nemotron-3.5-Lightning-30B-A3B-NVFP4/6dbbd757ea75a8ece6e0702872e3ae53f9987728/special_tokens_map.json "HTTP/1.1 200 OK"
2026-08-16 10:05:23.692 - httpx - INFO - HTTP Request: HEAD https://huggingface.co/nvidia/NVIDIA-Nemotron-3.5-Lightning-30B-A3B-NVFP4/resolve/main/chat_template.jinja "HTTP/1.1 307 Temporary Redirect"
2026-08-16 10:05:23.703 - httpx - INFO - HTTP Request: HEAD https://huggingface.co/api/resolve-cache/models/nvidia/NVIDIA-Nemotron-3.5-Lightning-30B-A3B-NVFP4/6dbbd757ea75a8ece6e0702872e3ae53f9987728/chat_template.jinja "HTTP/1.1 200 OK"
2026-08-16 10:05:23.714 - httpx - INFO - HTTP Request: GET https://huggingface.co/api/resolve-cache/models/nvidia/NVIDIA-Nemotron-3.5-Lightning-30B-A3B-NVFP4/6dbbd757ea75a8ece6e0702872e3ae53f9987728/chat_template.jinja "HTTP/1.1 200 OK"
2026-08-16 10:05:24.545 - httpx - INFO - HTTP Request: GET https://huggingface.co/api/models/nvidia/NVIDIA-Nemotron-3.5-Lightning-30B-A3B-NVFP4 "HTTP/1.1 200 OK"
2026-08-16 10:05:24.578 - aiperf.config.resolution.resolvers - INFO -   Cached nvidia/NVIDIA-Nemotron-3.5-Lightning-30B-A3B-NVFP4 (3.45s)
2026-08-16 10:05:24.630 - aiperf.config.resolution.resolvers - INFO - 1 tokenizer cached • 3.5s
2026-08-16 10:05:25.009 - server_metrics_manager - INFO - Server Metrics: Discovered 1 endpoints: ['http://localhost:8000/metrics']
2026-08-16 10:05:25.045 - GPUTelemetryJSONLWriter_739987b5 - INFO - GPU telemetry export enabled: /output/gpu_telemetry_export.jsonl
2026-08-16 10:05:25.054 - OTelMetricsResultsProcessor_0b81380f - INFO - Telemetry streaming is disabled (set --otel-url and/or --mlflow-tracking-uri to enable)
2026-08-16 10:05:25.058 - RecordExportJSONLWriter_a9da95c4 - INFO - Record metrics export enabled: /output/profile_export.jsonl
2026-08-16 10:05:25.064 - system_controller - INFO - Registered Gpu Telemetry Manager (id: 'gpu_telemetry_manager')
2026-08-16 10:05:25.068 - system_controller - INFO - Registered Worker Manager (id: 'worker_manager')
2026-08-16 10:05:25.100 - system_controller - INFO - Registered Dataset Manager (id: 'dataset_manager')
2026-08-16 10:05:25.113 - system_controller - INFO - Registered Server Metrics Manager (id: 'server_metrics_manager')
2026-08-16 10:05:25.165 - system_controller - INFO - Registered Records Manager (id: 'records_manager')
2026-08-16 10:05:25.244 - system_controller - INFO - Registered Record Processor (id: 'record_processor_2d551b96')
2026-08-16 10:05:25.276 - system_controller - INFO - Registered Timing Manager (id: 'timing_manager')
2026-08-16 10:05:25.374 - system_controller - INFO - Registered Worker (id: 'worker_49dc37e0')
2026-08-16 10:05:25.375 - system_controller - INFO - Registered Worker (id: 'worker_9cefe65a')
2026-08-16 10:05:25.447 - system_controller - INFO - AIPerf System is CONFIGURING
2026-08-16 10:05:25.447 - system_controller - INFO - Configuring all services to start profiling
2026-08-16 10:05:25.448 - InferenceResultParser_ffe1770c - INFO - Configuring tokenizers for inference result parser (resolve_alias: True)
2026-08-16 10:05:25.448 - timing_manager - INFO - Waiting for dataset to be configured before configuring timing
2026-08-16 10:05:25.449 - dataset_manager - INFO - Configuring tokenizer(s) for dataset manager
2026-08-16 10:05:25.457 - server_metrics_manager - INFO - Server Metrics: Capturing baseline metrics...
2026-08-16 10:05:25.470 - http://localhost:8000/metrics - INFO - Skipping unsupported summary metric: http_request_size_bytes
2026-08-16 10:05:25.470 - http://localhost:8000/metrics - INFO - Skipping unsupported summary metric: http_response_size_bytes
2026-08-16 10:05:25.471 - system_controller - INFO - Server metrics enabled - 1/1 endpoint(s) reachable.
2026-08-16 10:05:25.471 - system_controller - INFO - Waiting for result domains: profile, server_metrics, telemetry
2026-08-16 10:05:25.482 - gpu_telemetry_manager - INFO - GPU Telemetry: Capturing baseline metrics from pynvml://localhost
2026-08-16 10:05:25.491 - pynvml_collector - INFO - PyNVML initialized with 1 GPU(s) (0 with GPM support)
2026-08-16 10:05:25.507 - system_controller - INFO - DCGM telemetry enabled - 1/1 endpoint(s) reachable
2026-08-16 10:05:25.987 - httpx - INFO - HTTP Request: HEAD https://huggingface.co/nvidia/NVIDIA-Nemotron-3.5-Lightning-30B-A3B-NVFP4/resolve/main/config.json "HTTP/1.1 307 Temporary Redirect"
2026-08-16 10:05:25.987 - httpx - INFO - HTTP Request: HEAD https://huggingface.co/nvidia/NVIDIA-Nemotron-3.5-Lightning-30B-A3B-NVFP4/resolve/main/config.json "HTTP/1.1 307 Temporary Redirect"
2026-08-16 10:05:25.988 - huggingface_hub.utils._http - WARNING - Warning: You are sending unauthenticated requests to the HF Hub. Please set a HF_TOKEN to enable higher rate limits and faster downloads.
2026-08-16 10:05:25.988 - huggingface_hub.utils._http - WARNING - Warning: You are sending unauthenticated requests to the HF Hub. Please set a HF_TOKEN to enable higher rate limits and faster downloads.
2026-08-16 10:05:25.999 - httpx - INFO - HTTP Request: HEAD https://huggingface.co/api/resolve-cache/models/nvidia/NVIDIA-Nemotron-3.5-Lightning-30B-A3B-NVFP4/6dbbd757ea75a8ece6e0702872e3ae53f9987728/config.json "HTTP/1.1 200 OK"
2026-08-16 10:05:25.999 - httpx - INFO - HTTP Request: HEAD https://huggingface.co/api/resolve-cache/models/nvidia/NVIDIA-Nemotron-3.5-Lightning-30B-A3B-NVFP4/6dbbd757ea75a8ece6e0702872e3ae53f9987728/config.json "HTTP/1.1 200 OK"
2026-08-16 10:05:26.131 - httpx - INFO - HTTP Request: HEAD https://huggingface.co/nvidia/NVIDIA-Nemotron-3.5-Lightning-30B-A3B-NVFP4/resolve/main/tokenizer_config.json "HTTP/1.1 307 Temporary Redirect"
2026-08-16 10:05:26.141 - httpx - INFO - HTTP Request: HEAD https://huggingface.co/nvidia/NVIDIA-Nemotron-3.5-Lightning-30B-A3B-NVFP4/resolve/main/tokenizer_config.json "HTTP/1.1 307 Temporary Redirect"
2026-08-16 10:05:26.143 - httpx - INFO - HTTP Request: HEAD https://huggingface.co/api/resolve-cache/models/nvidia/NVIDIA-Nemotron-3.5-Lightning-30B-A3B-NVFP4/6dbbd757ea75a8ece6e0702872e3ae53f9987728/tokenizer_config.json "HTTP/1.1 200 OK"
2026-08-16 10:05:26.151 - httpx - INFO - HTTP Request: HEAD https://huggingface.co/api/resolve-cache/models/nvidia/NVIDIA-Nemotron-3.5-Lightning-30B-A3B-NVFP4/6dbbd757ea75a8ece6e0702872e3ae53f9987728/tokenizer_config.json "HTTP/1.1 200 OK"
2026-08-16 10:05:26.233 - httpx - INFO - HTTP Request: GET https://huggingface.co/api/models/nvidia/NVIDIA-Nemotron-3.5-Lightning-30B-A3B-NVFP4/tree/main/additional_chat_templates?recursive=false&expand=false "HTTP/1.1 404 Not Found"
2026-08-16 10:05:26.240 - httpx - INFO - HTTP Request: GET https://huggingface.co/api/models/nvidia/NVIDIA-Nemotron-3.5-Lightning-30B-A3B-NVFP4/tree/main/additional_chat_templates?recursive=false&expand=false "HTTP/1.1 404 Not Found"
2026-08-16 10:05:26.315 - httpx - INFO - HTTP Request: GET https://huggingface.co/api/models/nvidia/NVIDIA-Nemotron-3.5-Lightning-30B-A3B-NVFP4/tree/main?recursive=true&expand=false "HTTP/1.1 200 OK"
2026-08-16 10:05:26.326 - httpx - INFO - HTTP Request: GET https://huggingface.co/api/models/nvidia/NVIDIA-Nemotron-3.5-Lightning-30B-A3B-NVFP4/tree/main?recursive=true&expand=false "HTTP/1.1 200 OK"
2026-08-16 10:05:27.213 - httpx - INFO - HTTP Request: GET https://huggingface.co/api/models/nvidia/NVIDIA-Nemotron-3.5-Lightning-30B-A3B-NVFP4 "HTTP/1.1 200 OK"
2026-08-16 10:05:27.215 - httpx - INFO - HTTP Request: GET https://huggingface.co/api/models/nvidia/NVIDIA-Nemotron-3.5-Lightning-30B-A3B-NVFP4 "HTTP/1.1 200 OK"
2026-08-16 10:05:27.239 - dataset_manager - INFO - Tokenizer(s) configured in 1.79 seconds
2026-08-16 10:05:27.239 - dataset_manager - INFO - Configuring dataset for dataset_manager
2026-08-16 10:05:27.242 - InferenceResultParser_ffe1770c - INFO - Initialized tokenizers: {'nvidia/NVIDIA-Nemotron-3.5-Lightning-30B-A3B-NVFP4': {'class': 'TokenizersBackend', 'name_or_path': 'nvidia/NVIDIA-Nemotron-3.5-Lightning-30B-A3B-NVFP4'}} in 1.79 seconds
2026-08-16 10:05:27.478 - CustomDatasetComposer - INFO - Using explicit dataset format: multi_turn
2026-08-16 10:05:27.541 - MemoryMapDatasetBackingStore_8bc637fd - INFO - Memory-mapped backing store initialized (streaming to /tmp/aiperf_mmap_5d4323167a8d/dataset.dat)
2026-08-16 10:05:27.561 - MemoryMapDatasetBackingStore_8bc637fd - INFO - Data file finalized: 500 conversations, 1.29 MB
2026-08-16 10:05:27.561 - MemoryMapDatasetBackingStore_8bc637fd - INFO - Index file created: /tmp/aiperf_mmap_5d4323167a8d/index.dat
2026-08-16 10:05:27.561 - dataset_manager - INFO - Backing store finalized: client_type=DatasetClientStoreType.MEMORY_MAP format=MemoryMapFormat.CONVERSATION data_file_path=PosixPath('/tmp/aiperf_mmap_5d4323167a8d/dataset.dat') index_file_path=PosixPath('/tmp/aiperf_mmap_5d4323167a8d/index.dat') conversation_count=500 total_size_bytes=1353406 compressed=False compressed_data_file_path=None compressed_index_file_path=None compressed_size_bytes=0
2026-08-16 10:05:27.570 - dataset_manager - INFO - sampling strategy: sequential, unique conversations: 500, unique turn count: 1783
2026-08-16 10:05:27.575 - dataset_manager - INFO - Generating inputs.json file at /output/inputs.json
2026-08-16 10:05:27.585 - PhaseOrchestrator_74eb60b9 - INFO - Initialized 2 phase(s): ['Warmup', 'Profiling']
2026-08-16 10:05:27.590 - dataset_manager - INFO - inputs.json file generated in 0.02 seconds
2026-08-16 10:05:27.731 - dataset_manager - INFO - Dataset client initialized and freed 500 conversations from memory
2026-08-16 10:05:27.731 - dataset_manager - INFO - Dataset configured in 0.49 seconds
2026-08-16 10:05:27.732 - system_controller - INFO - All services configured in 2.28 seconds
2026-08-16 10:05:27.732 - system_controller - INFO - AIPerf System is CONFIGURED
2026-08-16 10:05:27.733 - server_metrics_manager - INFO - Server Metrics: Started 1 collector(s) successfully
2026-08-16 10:05:27.734 - system_controller - INFO - All services started profiling successfully
2026-08-16 10:05:27.734 - system_controller - INFO - AIPerf System is PROFILING
2026-08-16 10:05:27.738 - RateTiming - INFO - Creating interval generator: pattern=concurrency_burst, rate=None, smoothness=None
2026-08-16 10:05:27.738 - PhaseRunner - NOTICE - Phase warmup (warmup) started | phase_index=0 | target: 3 requests
2026-08-16 10:05:27.740 - records_manager - INFO - Credit phase start: warmup
2026-08-16 10:05:28.471 - PhaseRunner - NOTICE - Phase warmup (warmup) sending complete | sent=3, completed=1, in_flight=2 | sessions: sent=2, completed=0
2026-08-16 10:05:33.448 - PhaseRunner - NOTICE - Phase warmup (warmup) complete | completed=3, cancelled=0, errors=0 | sessions: completed=1, cancelled=0 | elapsed=5.71s
2026-08-16 10:05:33.450 - RateTiming - INFO - Creating interval generator: pattern=concurrency_burst, rate=None, smoothness=None
2026-08-16 10:05:33.450 - PhaseRunner - NOTICE - Phase profiling (profiling) started | phase_index=1 | profiling_index=0 | target: 50 requests, 50 sessions
2026-08-16 10:05:33.450 - server_metrics_manager - INFO - Server Metrics: Warmup complete, capturing final warmup metrics...
2026-08-16 10:05:33.451 - records_manager - INFO - Credit phase start: profiling
2026-08-16 10:06:33.222 - PhaseRunner - NOTICE - Phase profiling (profiling) sending complete | sent=50, completed=48, in_flight=2 | sessions: sent=16, completed=14
2026-08-16 10:06:33.224 - records_manager - INFO - Sent 50 requests. Waiting for all to complete...
2026-08-16 10:06:34.677 - PhaseRunner - NOTICE - Phase profiling (profiling) complete | completed=50, cancelled=0, errors=0 | sessions: completed=14, cancelled=0 | elapsed=61.23s
2026-08-16 10:06:34.677 - PhaseOrchestrator_74eb60b9 - NOTICE - All credits completed
2026-08-16 10:06:34.678 - system_controller - INFO - Received credits complete from 'timing_manager'
2026-08-16 10:06:34.678 - records_manager - INFO - Received CREDIT_PHASE_COMPLETE message, Phase complete: PhaseRecordsStats(phase=CreditPhase.PROFILING, phase_index=1, profiling_index=0, phase_name='profiling', phase_kind='profiling', start_ns=1786874733450261366, sent_end_ns=1786874793222394177, requests_end_ns=1786874794676535410, baseline_start_ns=1786874733450251430, baseline_end_ns=1786874794676557410, total_expected_requests=50, expected_duration_sec=None, expected_num_sessions=None, expected_grace_period_sec=None, final_requests_sent=None, final_requests_completed=50, final_requests_cancelled=0, final_request_errors=0, final_sent_sessions=None, final_completed_sessions=None, final_cancelled_sessions=None, timeout_triggered=False, grace_period_timeout_triggered=False, was_cancelled=False, records_end_ns=None, success_records=49, error_records=0)
2026-08-16 10:06:34.679 - records_manager - NOTICE - All requests have completed, please wait for the results to be processed (currently 49 of 50 records processed)...
2026-08-16 10:06:34.679 - records_manager - INFO - All credits complete, please wait for the results to be processed...
2026-08-16 10:06:34.685 - records_manager - INFO - Processed 50 valid requests and 0 errors (50 total).
2026-08-16 10:06:34.685 - records_manager - INFO - Received all records, processing now...
2026-08-16 10:06:34.686 - gpu_telemetry_manager - INFO - GPU Telemetry: Profiling complete, capturing final metrics...
2026-08-16 10:06:34.687 - records_manager - INFO - Waiting 2.0s for server metrics flush period...
2026-08-16 10:06:34.693 - server_metrics_manager - INFO - Server Metrics: Profiling complete, capturing final metrics...
2026-08-16 10:06:36.677 - records_manager - INFO - Processing records results...
2026-08-16 10:06:36.870 - system_controller - INFO - Waiting for result domains: server_metrics, telemetry
2026-08-16 10:06:36.870 - system_controller - INFO - Waiting for result domains: server_metrics
2026-08-16 10:06:36.925 - records_manager - INFO - _finalize_and_process_results completed
2026-08-16 10:06:36.928 - system_controller - INFO - All results received, initiating shutdown
2026-08-16 10:06:37.530 - ExporterManager - INFO - Exporting all records
2026-08-16 10:06:37.605 - ExporterManager - INFO - Exporting console data
