2026-08-11 22:05:30.344 - aiperf.cli_runner._single_run - INFO - Starting AIPerf System
2026-08-11 22:05:30.794 - httpx - INFO - HTTP Request: GET https://huggingface.co/api/models/nvidia/NVIDIA-Nemotron-3.5-Lightning-30B-A3B-NVFP4 "HTTP/1.1 200 OK"
2026-08-11 22:05:30.809 - aiperf.config.resolution.resolvers - INFO - [OK] Tokenizer nvidia/NVIDIA-Nemotron-3.5-Lightning-30B-A3B-NVFP4 detected
2026-08-11 22:05:30.809 - aiperf.config.resolution.resolvers - INFO - 1 tokenizer validated | 0.5s
2026-08-11 22:05:30.809 - aiperf.config.resolution.resolvers - INFO - Prefetching 1 tokenizer into HF cache...
2026-08-11 22:05:31.604 - httpx - INFO - HTTP Request: HEAD https://huggingface.co/nvidia/NVIDIA-Nemotron-3.5-Lightning-30B-A3B-NVFP4/resolve/main/config.json "HTTP/1.1 307 Temporary Redirect"
2026-08-11 22:05:31.616 - httpx - INFO - HTTP Request: HEAD https://huggingface.co/api/resolve-cache/models/nvidia/NVIDIA-Nemotron-3.5-Lightning-30B-A3B-NVFP4/f9b0c83dc2e390069425f5b4d40006fd343d596c/config.json "HTTP/1.1 200 OK"
2026-08-11 22:05:31.634 - httpx - INFO - HTTP Request: GET https://huggingface.co/api/resolve-cache/models/nvidia/NVIDIA-Nemotron-3.5-Lightning-30B-A3B-NVFP4/f9b0c83dc2e390069425f5b4d40006fd343d596c/config.json "HTTP/1.1 200 OK"
2026-08-11 22:05:31.780 - httpx - INFO - HTTP Request: HEAD https://huggingface.co/nvidia/NVIDIA-Nemotron-3.5-Lightning-30B-A3B-NVFP4/resolve/main/tokenizer_config.json "HTTP/1.1 307 Temporary Redirect"
2026-08-11 22:05:31.780 - huggingface_hub.utils._http - WARNING - Warning: You are sending unauthenticated requests to the HF Hub. Please set a HF_TOKEN to enable higher rate limits and faster downloads.
2026-08-11 22:05:31.793 - httpx - INFO - HTTP Request: HEAD https://huggingface.co/api/resolve-cache/models/nvidia/NVIDIA-Nemotron-3.5-Lightning-30B-A3B-NVFP4/f9b0c83dc2e390069425f5b4d40006fd343d596c/tokenizer_config.json "HTTP/1.1 200 OK"
2026-08-11 22:05:31.805 - httpx - INFO - HTTP Request: GET https://huggingface.co/api/resolve-cache/models/nvidia/NVIDIA-Nemotron-3.5-Lightning-30B-A3B-NVFP4/f9b0c83dc2e390069425f5b4d40006fd343d596c/tokenizer_config.json "HTTP/1.1 200 OK"
2026-08-11 22:05:31.899 - httpx - INFO - HTTP Request: GET https://huggingface.co/api/models/nvidia/NVIDIA-Nemotron-3.5-Lightning-30B-A3B-NVFP4/tree/main/additional_chat_templates?recursive=false&expand=false "HTTP/1.1 404 Not Found"
2026-08-11 22:05:31.997 - httpx - INFO - HTTP Request: GET https://huggingface.co/api/models/nvidia/NVIDIA-Nemotron-3.5-Lightning-30B-A3B-NVFP4/tree/main?recursive=true&expand=false "HTTP/1.1 200 OK"
2026-08-11 22:05:32.099 - httpx - INFO - HTTP Request: HEAD https://huggingface.co/nvidia/NVIDIA-Nemotron-3.5-Lightning-30B-A3B-NVFP4/resolve/main/tokenizer.json "HTTP/1.1 302 Found"
2026-08-11 22:05:32.204 - httpx - INFO - HTTP Request: GET https://huggingface.co/api/models/nvidia/NVIDIA-Nemotron-3.5-Lightning-30B-A3B-NVFP4/xet-read-token/f9b0c83dc2e390069425f5b4d40006fd343d596c "HTTP/1.1 200 OK"
2026-08-11 22:05:33.146 - httpx - INFO - HTTP Request: HEAD https://huggingface.co/nvidia/NVIDIA-Nemotron-3.5-Lightning-30B-A3B-NVFP4/resolve/main/tokenizer.model "HTTP/1.1 404 Not Found"
2026-08-11 22:05:33.235 - httpx - INFO - HTTP Request: HEAD https://huggingface.co/nvidia/NVIDIA-Nemotron-3.5-Lightning-30B-A3B-NVFP4/resolve/main/added_tokens.json "HTTP/1.1 404 Not Found"
2026-08-11 22:05:33.323 - httpx - INFO - HTTP Request: HEAD https://huggingface.co/nvidia/NVIDIA-Nemotron-3.5-Lightning-30B-A3B-NVFP4/resolve/main/special_tokens_map.json "HTTP/1.1 307 Temporary Redirect"
2026-08-11 22:05:33.335 - httpx - INFO - HTTP Request: HEAD https://huggingface.co/api/resolve-cache/models/nvidia/NVIDIA-Nemotron-3.5-Lightning-30B-A3B-NVFP4/f9b0c83dc2e390069425f5b4d40006fd343d596c/special_tokens_map.json "HTTP/1.1 200 OK"
2026-08-11 22:05:33.348 - httpx - INFO - HTTP Request: GET https://huggingface.co/api/resolve-cache/models/nvidia/NVIDIA-Nemotron-3.5-Lightning-30B-A3B-NVFP4/f9b0c83dc2e390069425f5b4d40006fd343d596c/special_tokens_map.json "HTTP/1.1 200 OK"
2026-08-11 22:05:33.438 - httpx - INFO - HTTP Request: HEAD https://huggingface.co/nvidia/NVIDIA-Nemotron-3.5-Lightning-30B-A3B-NVFP4/resolve/main/chat_template.jinja "HTTP/1.1 307 Temporary Redirect"
2026-08-11 22:05:33.452 - httpx - INFO - HTTP Request: HEAD https://huggingface.co/api/resolve-cache/models/nvidia/NVIDIA-Nemotron-3.5-Lightning-30B-A3B-NVFP4/f9b0c83dc2e390069425f5b4d40006fd343d596c/chat_template.jinja "HTTP/1.1 200 OK"
2026-08-11 22:05:33.464 - httpx - INFO - HTTP Request: GET https://huggingface.co/api/resolve-cache/models/nvidia/NVIDIA-Nemotron-3.5-Lightning-30B-A3B-NVFP4/f9b0c83dc2e390069425f5b4d40006fd343d596c/chat_template.jinja "HTTP/1.1 200 OK"
2026-08-11 22:05:34.347 - httpx - INFO - HTTP Request: GET https://huggingface.co/api/models/nvidia/NVIDIA-Nemotron-3.5-Lightning-30B-A3B-NVFP4 "HTTP/1.1 200 OK"
2026-08-11 22:05:34.387 - aiperf.config.resolution.resolvers - INFO -   Cached nvidia/NVIDIA-Nemotron-3.5-Lightning-30B-A3B-NVFP4 (3.56s)
2026-08-11 22:05:34.428 - aiperf.config.resolution.resolvers - INFO - 1 tokenizer cached • 3.6s
2026-08-11 22:05:34.773 - system_controller - INFO - Registered Gpu Telemetry Manager (id: 'gpu_telemetry_manager')
2026-08-11 22:05:34.818 - server_metrics_manager - INFO - Server Metrics: Discovered 1 endpoints: ['http://localhost:8000/metrics']
2026-08-11 22:05:34.846 - GPUTelemetryJSONLWriter_1852cda7 - INFO - GPU telemetry export enabled: /output/gpu_telemetry_export.jsonl
2026-08-11 22:05:34.855 - OTelMetricsResultsProcessor_1daa1388 - INFO - Telemetry streaming is disabled (set --otel-url and/or --mlflow-tracking-uri to enable)
2026-08-11 22:05:34.856 - RecordExportJSONLWriter_39852ebb - INFO - Record metrics export enabled: /output/profile_export.jsonl
2026-08-11 22:05:34.864 - system_controller - INFO - Registered Worker Manager (id: 'worker_manager')
2026-08-11 22:05:34.888 - system_controller - INFO - Registered Dataset Manager (id: 'dataset_manager')
2026-08-11 22:05:34.922 - system_controller - INFO - Registered Server Metrics Manager (id: 'server_metrics_manager')
2026-08-11 22:05:34.934 - system_controller - INFO - Registered Record Processor (id: 'record_processor_79c6be5b')
2026-08-11 22:05:34.963 - system_controller - INFO - Registered Records Manager (id: 'records_manager')
2026-08-11 22:05:35.115 - system_controller - INFO - Registered Timing Manager (id: 'timing_manager')
2026-08-11 22:05:35.204 - system_controller - INFO - Registered Worker (id: 'worker_b4c3ff7f')
2026-08-11 22:05:35.204 - system_controller - INFO - Registered Worker (id: 'worker_3a274fe1')
2026-08-11 22:05:35.226 - system_controller - INFO - Registered Worker (id: 'worker_299a3e19')
2026-08-11 22:05:35.231 - system_controller - INFO - Registered Worker (id: 'worker_45cbaae5')
2026-08-11 22:05:35.249 - system_controller - INFO - AIPerf System is CONFIGURING
2026-08-11 22:05:35.249 - system_controller - INFO - Configuring all services to start profiling
2026-08-11 22:05:35.251 - InferenceResultParser_44f4f16b - INFO - Configuring tokenizers for inference result parser (resolve_alias: True)
2026-08-11 22:05:35.251 - timing_manager - INFO - Waiting for dataset to be configured before configuring timing
2026-08-11 22:05:35.252 - dataset_manager - INFO - Configuring tokenizer(s) for dataset manager
2026-08-11 22:05:35.257 - server_metrics_manager - INFO - Server Metrics: Capturing baseline metrics...
2026-08-11 22:05:35.268 - http://localhost:8000/metrics - INFO - Skipping unsupported summary metric: http_request_size_bytes
2026-08-11 22:05:35.268 - http://localhost:8000/metrics - INFO - Skipping unsupported summary metric: http_response_size_bytes
2026-08-11 22:05:35.269 - system_controller - INFO - Server metrics enabled - 1/1 endpoint(s) reachable.
2026-08-11 22:05:35.269 - system_controller - INFO - Waiting for result domains: profile, server_metrics, telemetry
2026-08-11 22:05:35.280 - gpu_telemetry_manager - INFO - GPU Telemetry: Capturing baseline metrics from pynvml://localhost
2026-08-11 22:05:35.288 - pynvml_collector - INFO - PyNVML initialized with 1 GPU(s) (0 with GPM support)
2026-08-11 22:05:35.303 - system_controller - INFO - DCGM telemetry enabled - 1/1 endpoint(s) reachable
2026-08-11 22:05:35.813 - httpx - INFO - HTTP Request: HEAD https://huggingface.co/nvidia/NVIDIA-Nemotron-3.5-Lightning-30B-A3B-NVFP4/resolve/main/config.json "HTTP/1.1 307 Temporary Redirect"
2026-08-11 22:05:35.815 - httpx - INFO - HTTP Request: HEAD https://huggingface.co/nvidia/NVIDIA-Nemotron-3.5-Lightning-30B-A3B-NVFP4/resolve/main/config.json "HTTP/1.1 307 Temporary Redirect"
2026-08-11 22:05:35.827 - httpx - INFO - HTTP Request: HEAD https://huggingface.co/api/resolve-cache/models/nvidia/NVIDIA-Nemotron-3.5-Lightning-30B-A3B-NVFP4/f9b0c83dc2e390069425f5b4d40006fd343d596c/config.json "HTTP/1.1 200 OK"
2026-08-11 22:05:35.827 - httpx - INFO - HTTP Request: HEAD https://huggingface.co/api/resolve-cache/models/nvidia/NVIDIA-Nemotron-3.5-Lightning-30B-A3B-NVFP4/f9b0c83dc2e390069425f5b4d40006fd343d596c/config.json "HTTP/1.1 200 OK"
2026-08-11 22:05:35.965 - httpx - INFO - HTTP Request: HEAD https://huggingface.co/nvidia/NVIDIA-Nemotron-3.5-Lightning-30B-A3B-NVFP4/resolve/main/tokenizer_config.json "HTTP/1.1 307 Temporary Redirect"
2026-08-11 22:05:35.965 - huggingface_hub.utils._http - WARNING - Warning: You are sending unauthenticated requests to the HF Hub. Please set a HF_TOKEN to enable higher rate limits and faster downloads.
2026-08-11 22:05:35.968 - httpx - INFO - HTTP Request: HEAD https://huggingface.co/nvidia/NVIDIA-Nemotron-3.5-Lightning-30B-A3B-NVFP4/resolve/main/tokenizer_config.json "HTTP/1.1 307 Temporary Redirect"
2026-08-11 22:05:35.977 - httpx - INFO - HTTP Request: HEAD https://huggingface.co/api/resolve-cache/models/nvidia/NVIDIA-Nemotron-3.5-Lightning-30B-A3B-NVFP4/f9b0c83dc2e390069425f5b4d40006fd343d596c/tokenizer_config.json "HTTP/1.1 200 OK"
2026-08-11 22:05:35.979 - httpx - INFO - HTTP Request: HEAD https://huggingface.co/api/resolve-cache/models/nvidia/NVIDIA-Nemotron-3.5-Lightning-30B-A3B-NVFP4/f9b0c83dc2e390069425f5b4d40006fd343d596c/tokenizer_config.json "HTTP/1.1 200 OK"
2026-08-11 22:05:36.063 - httpx - INFO - HTTP Request: GET https://huggingface.co/api/models/nvidia/NVIDIA-Nemotron-3.5-Lightning-30B-A3B-NVFP4/tree/main/additional_chat_templates?recursive=false&expand=false "HTTP/1.1 404 Not Found"
2026-08-11 22:05:36.068 - httpx - INFO - HTTP Request: GET https://huggingface.co/api/models/nvidia/NVIDIA-Nemotron-3.5-Lightning-30B-A3B-NVFP4/tree/main/additional_chat_templates?recursive=false&expand=false "HTTP/1.1 404 Not Found"
2026-08-11 22:05:36.154 - httpx - INFO - HTTP Request: GET https://huggingface.co/api/models/nvidia/NVIDIA-Nemotron-3.5-Lightning-30B-A3B-NVFP4/tree/main?recursive=true&expand=false "HTTP/1.1 200 OK"
2026-08-11 22:05:36.165 - httpx - INFO - HTTP Request: GET https://huggingface.co/api/models/nvidia/NVIDIA-Nemotron-3.5-Lightning-30B-A3B-NVFP4/tree/main?recursive=true&expand=false "HTTP/1.1 200 OK"
2026-08-11 22:05:37.081 - httpx - INFO - HTTP Request: GET https://huggingface.co/api/models/nvidia/NVIDIA-Nemotron-3.5-Lightning-30B-A3B-NVFP4 "HTTP/1.1 200 OK"
2026-08-11 22:05:37.081 - httpx - INFO - HTTP Request: GET https://huggingface.co/api/models/nvidia/NVIDIA-Nemotron-3.5-Lightning-30B-A3B-NVFP4 "HTTP/1.1 200 OK"
2026-08-11 22:05:37.111 - dataset_manager - INFO - Tokenizer(s) configured in 1.86 seconds
2026-08-11 22:05:37.111 - InferenceResultParser_44f4f16b - INFO - Initialized tokenizers: {'nvidia/NVIDIA-Nemotron-3.5-Lightning-30B-A3B-NVFP4': {'class': 'TokenizersBackend', 'name_or_path': 'nvidia/NVIDIA-Nemotron-3.5-Lightning-30B-A3B-NVFP4'}} in 1.86 seconds
2026-08-11 22:05:37.111 - dataset_manager - INFO - Configuring dataset for dataset_manager
2026-08-11 22:05:37.387 - CustomDatasetComposer - INFO - Using explicit dataset format: multi_turn
2026-08-11 22:05:37.436 - MemoryMapDatasetBackingStore_80b63f63 - INFO - Memory-mapped backing store initialized (streaming to /tmp/aiperf_mmap_636b8fcd6707/dataset.dat)
2026-08-11 22:05:37.457 - MemoryMapDatasetBackingStore_80b63f63 - INFO - Data file finalized: 500 conversations, 1.27 MB
2026-08-11 22:05:37.458 - MemoryMapDatasetBackingStore_80b63f63 - INFO - Index file created: /tmp/aiperf_mmap_636b8fcd6707/index.dat
2026-08-11 22:05:37.458 - dataset_manager - INFO - Backing store finalized: client_type=DatasetClientStoreType.MEMORY_MAP format=MemoryMapFormat.CONVERSATION data_file_path=PosixPath('/tmp/aiperf_mmap_636b8fcd6707/dataset.dat') index_file_path=PosixPath('/tmp/aiperf_mmap_636b8fcd6707/index.dat') conversation_count=500 total_size_bytes=1331693 compressed=False compressed_data_file_path=None compressed_index_file_path=None compressed_size_bytes=0
2026-08-11 22:05:37.467 - dataset_manager - INFO - sampling strategy: sequential, unique conversations: 500, unique turn count: 1783
2026-08-11 22:05:37.471 - dataset_manager - INFO - Generating inputs.json file at /output/inputs.json
2026-08-11 22:05:37.482 - PhaseOrchestrator_67ff9794 - INFO - Initialized 2 phase(s): ['Warmup', 'Profiling']
2026-08-11 22:05:37.486 - dataset_manager - INFO - inputs.json file generated in 0.01 seconds
2026-08-11 22:05:37.595 - dataset_manager - INFO - Dataset client initialized and freed 500 conversations from memory
2026-08-11 22:05:37.595 - dataset_manager - INFO - Dataset configured in 0.48 seconds
2026-08-11 22:05:37.596 - system_controller - INFO - All services configured in 2.35 seconds
2026-08-11 22:05:37.596 - system_controller - INFO - AIPerf System is CONFIGURED
2026-08-11 22:05:37.598 - server_metrics_manager - INFO - Server Metrics: Started 1 collector(s) successfully
2026-08-11 22:05:37.598 - system_controller - INFO - All services started profiling successfully
2026-08-11 22:05:37.598 - system_controller - INFO - AIPerf System is PROFILING
2026-08-11 22:05:37.601 - RateTiming - INFO - Creating interval generator: pattern=concurrency_burst, rate=None, smoothness=None
2026-08-11 22:05:37.601 - PhaseRunner - NOTICE - Phase warmup (warmup) started | phase_index=0 | target: 3 requests
2026-08-11 22:05:37.601 - PhaseRunner - NOTICE - Phase warmup (warmup) sending complete | sent=3, completed=0, in_flight=3 | sessions: sent=3, completed=0
2026-08-11 22:05:37.602 - records_manager - INFO - Credit phase start: warmup
2026-08-11 22:05:39.735 - PhaseRunner - NOTICE - Phase warmup (warmup) complete | completed=3, cancelled=0, errors=0 | sessions: completed=0, cancelled=0 | elapsed=2.13s
2026-08-11 22:05:39.736 - server_metrics_manager - INFO - Server Metrics: Warmup complete, capturing final warmup metrics...
2026-08-11 22:05:39.737 - RateTiming - INFO - Creating interval generator: pattern=concurrency_burst, rate=None, smoothness=None
2026-08-11 22:05:39.737 - PhaseRunner - NOTICE - Phase profiling (profiling) started | phase_index=1 | profiling_index=0 | target: 50 requests, 50 sessions
2026-08-11 22:05:39.738 - records_manager - INFO - Credit phase start: profiling
2026-08-11 22:06:13.883 - PhaseRunner - NOTICE - Phase profiling (profiling) sending complete | sent=50, completed=46, in_flight=4 | sessions: sent=15, completed=11
2026-08-11 22:06:13.884 - records_manager - INFO - Sent 50 requests. Waiting for all to complete...
2026-08-11 22:06:16.059 - PhaseRunner - NOTICE - Phase profiling (profiling) complete | completed=50, cancelled=0, errors=0 | sessions: completed=13, cancelled=0 | elapsed=36.32s
2026-08-11 22:06:16.059 - PhaseOrchestrator_67ff9794 - NOTICE - All credits completed
2026-08-11 22:06:16.060 - records_manager - INFO - Received CREDIT_PHASE_COMPLETE message, Phase complete: PhaseRecordsStats(phase=CreditPhase.PROFILING, phase_index=1, profiling_index=0, phase_name='profiling', phase_kind='profiling', start_ns=1786485939737301099, sent_end_ns=1786485973883142014, requests_end_ns=1786485976058689267, baseline_start_ns=1786485939737292491, baseline_end_ns=1786485976058702660, total_expected_requests=50, expected_duration_sec=None, expected_num_sessions=None, expected_grace_period_sec=None, final_requests_sent=None, final_requests_completed=50, final_requests_cancelled=0, final_request_errors=0, final_sent_sessions=None, final_completed_sessions=None, final_cancelled_sessions=None, timeout_triggered=False, grace_period_timeout_triggered=False, was_cancelled=False, records_end_ns=None, success_records=49, error_records=0)
2026-08-11 22:06:16.060 - system_controller - INFO - Received credits complete from 'timing_manager'
2026-08-11 22:06:16.060 - records_manager - NOTICE - All requests have completed, please wait for the results to be processed (currently 49 of 50 records processed)...
2026-08-11 22:06:16.060 - records_manager - INFO - All credits complete, please wait for the results to be processed...
2026-08-11 22:06:16.064 - records_manager - INFO - Processed 50 valid requests and 0 errors (50 total).
2026-08-11 22:06:16.064 - records_manager - INFO - Received all records, processing now...
2026-08-11 22:06:16.066 - gpu_telemetry_manager - INFO - GPU Telemetry: Profiling complete, capturing final metrics...
2026-08-11 22:06:16.066 - records_manager - INFO - Waiting 2.0s for server metrics flush period...
2026-08-11 22:06:16.072 - server_metrics_manager - INFO - Server Metrics: Profiling complete, capturing final metrics...
2026-08-11 22:06:18.058 - records_manager - INFO - Processing records results...
2026-08-11 22:06:18.249 - system_controller - INFO - Waiting for result domains: server_metrics, telemetry
2026-08-11 22:06:18.249 - system_controller - INFO - Waiting for result domains: server_metrics
2026-08-11 22:06:18.285 - records_manager - INFO - _finalize_and_process_results completed
2026-08-11 22:06:18.287 - system_controller - INFO - All results received, initiating shutdown
2026-08-11 22:06:18.890 - ExporterManager - INFO - Exporting all records
2026-08-11 22:06:18.944 - ExporterManager - INFO - Exporting console data
