04:44:38.931 INFO     Starting AIPerf System (_single_run.py:64)
04:44:39.413 INFO     HTTP Request: GET https://huggingface.co/api/models/meta-models/Muse-Glimmer-30B "HTTP/1.1 200 OK" (_client.py:1025)
04:44:39.420 INFO     [OK] Tokenizer meta-models/Muse-Glimmer-30B detected (tokenizer_display.py:297)
04:44:39.420 INFO     1 tokenizer validated | 0.5s (tokenizer_display.py:306)
04:44:39.420 INFO     Prefetching 1 tokenizer into HF cache... (tokenizer_validator.py:129)
04:44:40.305 INFO     HTTP Request: HEAD https://huggingface.co/meta-models/Muse-Glimmer-30B/resolve/main/config.json "HTTP/1.1 307 Temporary Redirect" (_client.py:1025)
Warning: You are sending unauthenticated requests to the HF Hub. Please set a HF_TOKEN to enable higher rate limits and faster downloads.
04:44:40.305 WARNING  Warning: You are sending unauthenticated requests to the HF Hub. Please set a HF_TOKEN to enable higher rate limits and faster downloads. (_http.py:904)
04:44:40.322 INFO     HTTP Request: HEAD https://huggingface.co/api/resolve-cache/models/meta-models/Muse-Glimmer-30B/97c77dff50b2797bcc558fa2d909761dbc575c59/config.json "HTTP/1.1 200 OK" (_client.py:1025)
04:44:40.340 INFO     HTTP Request: GET https://huggingface.co/api/resolve-cache/models/meta-models/Muse-Glimmer-30B/97c77dff50b2797bcc558fa2d909761dbc575c59/config.json "HTTP/1.1 200 OK" (_client.py:1025)
04:44:40.425 INFO     HTTP Request: HEAD https://huggingface.co/meta-models/Muse-Glimmer-30B/resolve/main/config.json "HTTP/1.1 307 Temporary Redirect" (_client.py:1025)
04:44:40.443 INFO     HTTP Request: HEAD https://huggingface.co/api/resolve-cache/models/meta-models/Muse-Glimmer-30B/97c77dff50b2797bcc558fa2d909761dbc575c59/config.json "HTTP/1.1 200 OK" (_client.py:1025)
04:44:40.526 INFO     HTTP Request: HEAD https://huggingface.co/meta-models/Muse-Glimmer-30B/resolve/main/tokenizer_config.json "HTTP/1.1 307 Temporary Redirect" (_client.py:1025)
04:44:40.539 INFO     HTTP Request: HEAD https://huggingface.co/api/resolve-cache/models/meta-models/Muse-Glimmer-30B/97c77dff50b2797bcc558fa2d909761dbc575c59/tokenizer_config.json "HTTP/1.1 200 OK" (_client.py:1025)
04:44:40.559 INFO     HTTP Request: GET https://huggingface.co/api/resolve-cache/models/meta-models/Muse-Glimmer-30B/97c77dff50b2797bcc558fa2d909761dbc575c59/tokenizer_config.json "HTTP/1.1 200 OK" (_client.py:1025)
04:44:40.645 INFO     HTTP Request: GET https://huggingface.co/api/models/meta-models/Muse-Glimmer-30B/tree/main/additional_chat_templates?recursive=false&expand=false "HTTP/1.1 404 Not Found" (_client.py:1025)
04:44:40.730 INFO     HTTP Request: GET https://huggingface.co/api/models/meta-models/Muse-Glimmer-30B/tree/main?recursive=true&expand=false "HTTP/1.1 200 OK" (_client.py:1025)
04:44:40.828 INFO     HTTP Request: HEAD https://huggingface.co/meta-models/Muse-Glimmer-30B/resolve/main/tokenizer.json "HTTP/1.1 302 Found" (_client.py:1025)
04:44:40.923 INFO     HTTP Request: GET https://huggingface.co/api/models/meta-models/Muse-Glimmer-30B/xet-read-token/97c77dff50b2797bcc558fa2d909761dbc575c59 "HTTP/1.1 200 OK" (_client.py:1025)
04:44:41.958 INFO     HTTP Request: HEAD https://huggingface.co/meta-models/Muse-Glimmer-30B/resolve/main/tokenizer.model "HTTP/1.1 404 Not Found" (_client.py:1025)
04:44:42.040 INFO     HTTP Request: HEAD https://huggingface.co/meta-models/Muse-Glimmer-30B/resolve/main/added_tokens.json "HTTP/1.1 404 Not Found" (_client.py:1025)
04:44:42.121 INFO     HTTP Request: HEAD https://huggingface.co/meta-models/Muse-Glimmer-30B/resolve/main/special_tokens_map.json "HTTP/1.1 404 Not Found" (_client.py:1025)
04:44:42.207 INFO     HTTP Request: HEAD https://huggingface.co/meta-models/Muse-Glimmer-30B/resolve/main/chat_template.jinja "HTTP/1.1 307 Temporary Redirect" (_client.py:1025)
04:44:42.222 INFO     HTTP Request: HEAD https://huggingface.co/api/resolve-cache/models/meta-models/Muse-Glimmer-30B/97c77dff50b2797bcc558fa2d909761dbc575c59/chat_template.jinja "HTTP/1.1 200 OK" (_client.py:1025)
04:44:42.241 INFO     HTTP Request: GET https://huggingface.co/api/resolve-cache/models/meta-models/Muse-Glimmer-30B/97c77dff50b2797bcc558fa2d909761dbc575c59/chat_template.jinja "HTTP/1.1 200 OK" (_client.py:1025)
04:44:44.028 INFO     HTTP Request: GET https://huggingface.co/api/models/meta-models/Muse-Glimmer-30B "HTTP/1.1 200 OK" (_client.py:1025)
04:44:44.131 INFO       Cached meta-models/Muse-Glimmer-30B (4.70s) (tokenizer_validator.py:146)
04:44:44.196 INFO     1 tokenizer cached • 4.8s (tokenizer_validator.py:166)
04:44:44.658 INFO     Server Metrics: Discovered 1 endpoints: ['http://localhost:80/metrics'] (manager.py:97)
04:44:44.721 INFO     Registered Gpu Telemetry Manager (id: 'gpu_telemetry_manager') (system_controller.py:411)
04:44:44.725 INFO     Registered Worker Manager (id: 'worker_manager') (system_controller.py:411)
04:44:44.729 INFO     GPU telemetry export enabled: /output/gpu_telemetry_export.jsonl (jsonl_writer.py:56)
04:44:44.740 INFO     Telemetry streaming is disabled (set --otel-url and/or --mlflow-tracking-uri to enable) (otel_metrics_results_processor.py:127)
04:44:44.742 INFO     Registered Dataset Manager (id: 'dataset_manager') (system_controller.py:411)
04:44:44.743 INFO     Record metrics export enabled: /output/profile_export.jsonl (record_export_jsonl_writer.py:62)
04:44:44.763 INFO     Registered Server Metrics Manager (id: 'server_metrics_manager') (system_controller.py:411)
04:44:44.849 INFO     Registered Records Manager (id: 'records_manager') (system_controller.py:411)
04:44:44.879 INFO     Registered Record Processor (id: 'record_processor_92f86c04') (system_controller.py:411)
04:44:44.927 INFO     Registered Timing Manager (id: 'timing_manager') (system_controller.py:411)
04:44:44.985 INFO     Registered Worker (id: 'worker_5591f5b5') (system_controller.py:411)
04:44:45.105 INFO     AIPerf System is CONFIGURING (system_controller.py:292)
04:44:45.106 INFO     Configuring all services to start profiling (system_controller.py:305)
04:44:45.107 INFO     Waiting for dataset to be configured before configuring timing (manager.py:124)
04:44:45.107 INFO     Configuring tokenizers for inference result parser (resolve_alias: True) (inference_result_parser.py:86)
04:44:45.108 INFO     Configuring tokenizer(s) for dataset manager (dataset_manager.py:240)
04:44:45.114 INFO     Server metrics disabled - no Prometheus endpoints reachable (system_controller.py:557)
04:44:45.114 INFO     Waiting for result domains: profile, telemetry (system_controller.py:824)
04:44:45.140 INFO     GPU Telemetry: Capturing baseline metrics from pynvml://localhost (manager.py:282)
04:44:45.150 INFO     PyNVML initialized with 1 GPU(s) (0 with GPM support) (pynvml_collector.py:208)
04:44:45.166 INFO     DCGM telemetry enabled - 1/1 endpoint(s) reachable (system_controller.py:533)
04:44:45.666 INFO     HTTP Request: HEAD https://huggingface.co/meta-models/Muse-Glimmer-30B/resolve/main/config.json "HTTP/1.1 307 Temporary Redirect" (_client.py:1025)
04:44:45.666 INFO     HTTP Request: HEAD https://huggingface.co/meta-models/Muse-Glimmer-30B/resolve/main/config.json "HTTP/1.1 307 Temporary Redirect" (_client.py:1025)
Warning: You are sending unauthenticated requests to the HF Hub. Please set a HF_TOKEN to enable higher rate limits and faster downloads.
04:44:45.667 WARNING  Warning: You are sending unauthenticated requests to the HF Hub. Please set a HF_TOKEN to enable higher rate limits and faster downloads. (_http.py:904)
04:44:45.681 INFO     HTTP Request: HEAD https://huggingface.co/api/resolve-cache/models/meta-models/Muse-Glimmer-30B/97c77dff50b2797bcc558fa2d909761dbc575c59/config.json "HTTP/1.1 200 OK" (_client.py:1025)
04:44:45.681 INFO     HTTP Request: HEAD https://huggingface.co/api/resolve-cache/models/meta-models/Muse-Glimmer-30B/97c77dff50b2797bcc558fa2d909761dbc575c59/config.json "HTTP/1.1 200 OK" (_client.py:1025)
04:44:45.764 INFO     HTTP Request: HEAD https://huggingface.co/meta-models/Muse-Glimmer-30B/resolve/main/config.json "HTTP/1.1 307 Temporary Redirect" (_client.py:1025)
04:44:45.766 INFO     HTTP Request: HEAD https://huggingface.co/meta-models/Muse-Glimmer-30B/resolve/main/config.json "HTTP/1.1 307 Temporary Redirect" (_client.py:1025)
04:44:45.784 INFO     HTTP Request: HEAD https://huggingface.co/api/resolve-cache/models/meta-models/Muse-Glimmer-30B/97c77dff50b2797bcc558fa2d909761dbc575c59/config.json "HTTP/1.1 200 OK" (_client.py:1025)
04:44:45.784 INFO     HTTP Request: HEAD https://huggingface.co/api/resolve-cache/models/meta-models/Muse-Glimmer-30B/97c77dff50b2797bcc558fa2d909761dbc575c59/config.json "HTTP/1.1 200 OK" (_client.py:1025)
04:44:45.870 INFO     HTTP Request: HEAD https://huggingface.co/meta-models/Muse-Glimmer-30B/resolve/main/tokenizer_config.json "HTTP/1.1 307 Temporary Redirect" (_client.py:1025)
04:44:45.871 INFO     HTTP Request: HEAD https://huggingface.co/meta-models/Muse-Glimmer-30B/resolve/main/tokenizer_config.json "HTTP/1.1 307 Temporary Redirect" (_client.py:1025)
04:44:45.886 INFO     HTTP Request: HEAD https://huggingface.co/api/resolve-cache/models/meta-models/Muse-Glimmer-30B/97c77dff50b2797bcc558fa2d909761dbc575c59/tokenizer_config.json "HTTP/1.1 200 OK" (_client.py:1025)
04:44:45.887 INFO     HTTP Request: HEAD https://huggingface.co/api/resolve-cache/models/meta-models/Muse-Glimmer-30B/97c77dff50b2797bcc558fa2d909761dbc575c59/tokenizer_config.json "HTTP/1.1 200 OK" (_client.py:1025)
04:44:45.970 INFO     HTTP Request: GET https://huggingface.co/api/models/meta-models/Muse-Glimmer-30B/tree/main/additional_chat_templates?recursive=false&expand=false "HTTP/1.1 404 Not Found" (_client.py:1025)
04:44:45.973 INFO     HTTP Request: GET https://huggingface.co/api/models/meta-models/Muse-Glimmer-30B/tree/main/additional_chat_templates?recursive=false&expand=false "HTTP/1.1 404 Not Found" (_client.py:1025)
04:44:46.059 INFO     HTTP Request: GET https://huggingface.co/api/models/meta-models/Muse-Glimmer-30B/tree/main?recursive=true&expand=false "HTTP/1.1 200 OK" (_client.py:1025)
04:44:46.060 INFO     HTTP Request: GET https://huggingface.co/api/models/meta-models/Muse-Glimmer-30B/tree/main?recursive=true&expand=false "HTTP/1.1 200 OK" (_client.py:1025)
04:44:47.976 INFO     HTTP Request: GET https://huggingface.co/api/models/meta-models/Muse-Glimmer-30B "HTTP/1.1 200 OK" (_client.py:1025)
04:44:47.978 INFO     HTTP Request: GET https://huggingface.co/api/models/meta-models/Muse-Glimmer-30B "HTTP/1.1 200 OK" (_client.py:1025)
04:44:48.045 INFO     Initialized tokenizers: {'meta-models/Muse-Glimmer-30B': {'class': 'TokenizersBackend', 'name_or_path': 'meta-models/Muse-Glimmer-30B'}} in 2.94 seconds (inference_result_parser.py:109)
04:44:48.049 INFO     Tokenizer(s) configured in 2.94 seconds (dataset_manager.py:244)
04:44:48.049 INFO     Configuring dataset for dataset_manager (dataset_manager.py:250)
04:44:48.371 INFO     Using explicit dataset format: multi_turn (custom.py:65)
04:44:48.436 INFO     Memory-mapped backing store initialized (streaming to /tmp/aiperf_mmap_724dc4749666/dataset.dat) (memory_map_utils.py:160)
04:44:48.458 INFO     Data file finalized: 500 conversations, 1.23 MB (memory_map_utils.py:288)
04:44:48.459 INFO     Index file created: /tmp/aiperf_mmap_724dc4749666/index.dat (memory_map_utils.py:295)
04:44:48.459 INFO     Backing store finalized: client_type=DatasetClientStoreType.MEMORY_MAP format=MemoryMapFormat.CONVERSATION data_file_path=PosixPath('/tmp/aiperf_mmap_724dc4749666/dataset.dat') index_file_path=PosixPath('/tmp/aiperf_mmap_724dc4749666/index.dat') conversation_count=500 total_size_bytes=1292467 compressed=False compressed_data_file_path=None compressed_index_file_path=None compressed_size_bytes=0 (dataset_manager.py:969)
04:44:48.469 INFO     sampling strategy: sequential, unique conversations: 500, unique turn count: 1783 (dataset_manager.py:987)
04:44:48.473 INFO     Generating inputs.json file at /output/inputs.json (dataset_manager.py:489)
04:44:48.483 INFO     Initialized 2 phase(s): ['Warmup', 'Profiling'] (phase_orchestrator.py:228)
04:44:48.487 INFO     inputs.json file generated in 0.01 seconds (dataset_manager.py:508)
04:44:48.619 INFO     Dataset client initialized and freed 500 conversations from memory (dataset_manager.py:327)
04:44:48.619 INFO     Dataset configured in 0.57 seconds (dataset_manager.py:263)
04:44:48.620 INFO     All services configured in 3.51 seconds (system_controller.py:316)
04:44:48.620 INFO     AIPerf System is CONFIGURED (system_controller.py:294)
04:44:48.622 INFO     All services started profiling successfully (system_controller.py:338)
04:44:48.622 INFO     AIPerf System is PROFILING (system_controller.py:296)
04:44:48.626 INFO     Creating interval generator: pattern=concurrency_burst, rate=None, smoothness=None (request_rate.py:114)
04:44:48.627 NOTICE   Phase warmup (warmup) started | phase_index=0 | target: 3 requests (runner.py:559)
04:44:48.628 INFO     Credit phase start: warmup (records_manager.py:943)
04:45:14.471 NOTICE   Phase warmup (warmup) sending complete | sent=3, completed=2, in_flight=1 | sessions: sent=1, completed=0 (runner.py:997)
04:45:18.630 INFO     Phase warmup progress | returned=2/3 | sent=3 | in_flight=1 | errors=0 | elapsed=30.0s (runner.py:1212)
04:45:27.934 NOTICE   Phase warmup (warmup) complete | completed=3, cancelled=0, errors=0 | sessions: completed=0, cancelled=0 | elapsed=39.31s (runner.py:1120)
04:45:27.936 INFO     Creating interval generator: pattern=concurrency_burst, rate=None, smoothness=None (request_rate.py:114)
04:45:27.936 NOTICE   Phase profiling (profiling) started | phase_index=1 | profiling_index=0 | target: 50 requests, 50 sessions (runner.py:559)
04:45:27.936 INFO     Credit phase start: profiling (records_manager.py:943)
04:45:32.792 WARNING  OSL mismatch: got 46 tokens (requested 49, diff -6.1%) (osl_mismatch_metrics.py:193)
04:46:17.618 WARNING  OSL mismatch: got 26 tokens (requested 29, diff -10.3%) (osl_mismatch_metrics.py:193)
