2026-08-16 10:49:46.072 - aiperf.cli_runner._single_run - INFO - Starting AIPerf System
2026-08-16 10:49:46.574 - httpx - INFO - HTTP Request: GET https://huggingface.co/api/models/nvidia/NVIDIA-Nemotron-3.5-Lightning-30B-A3B-NVFP4 "HTTP/1.1 200 OK"
2026-08-16 10:49:46.588 - aiperf.config.resolution.resolvers - INFO - [OK] Tokenizer nvidia/NVIDIA-Nemotron-3.5-Lightning-30B-A3B-NVFP4 detected
2026-08-16 10:49:46.588 - aiperf.config.resolution.resolvers - INFO - 1 tokenizer validated | 0.5s
2026-08-16 10:49:46.588 - aiperf.config.resolution.resolvers - INFO - Prefetching 1 tokenizer into HF cache...
2026-08-16 10:49:47.440 - httpx - INFO - HTTP Request: HEAD https://huggingface.co/nvidia/NVIDIA-Nemotron-3.5-Lightning-30B-A3B-NVFP4/resolve/main/config.json "HTTP/1.1 307 Temporary Redirect"
2026-08-16 10:49:47.440 - huggingface_hub.utils._http - WARNING - Warning: You are sending unauthenticated requests to the HF Hub. Please set a HF_TOKEN to enable higher rate limits and faster downloads.
2026-08-16 10:49:47.452 - httpx - INFO - HTTP Request: HEAD https://huggingface.co/api/resolve-cache/models/nvidia/NVIDIA-Nemotron-3.5-Lightning-30B-A3B-NVFP4/6dbbd757ea75a8ece6e0702872e3ae53f9987728/config.json "HTTP/1.1 200 OK"
2026-08-16 10:49:47.470 - httpx - INFO - HTTP Request: GET https://huggingface.co/api/resolve-cache/models/nvidia/NVIDIA-Nemotron-3.5-Lightning-30B-A3B-NVFP4/6dbbd757ea75a8ece6e0702872e3ae53f9987728/config.json "HTTP/1.1 200 OK"
2026-08-16 10:49:47.636 - httpx - INFO - HTTP Request: HEAD https://huggingface.co/nvidia/NVIDIA-Nemotron-3.5-Lightning-30B-A3B-NVFP4/resolve/main/tokenizer_config.json "HTTP/1.1 307 Temporary Redirect"
2026-08-16 10:49:47.647 - httpx - INFO - HTTP Request: HEAD https://huggingface.co/api/resolve-cache/models/nvidia/NVIDIA-Nemotron-3.5-Lightning-30B-A3B-NVFP4/6dbbd757ea75a8ece6e0702872e3ae53f9987728/tokenizer_config.json "HTTP/1.1 200 OK"
2026-08-16 10:49:47.659 - httpx - INFO - HTTP Request: GET https://huggingface.co/api/resolve-cache/models/nvidia/NVIDIA-Nemotron-3.5-Lightning-30B-A3B-NVFP4/6dbbd757ea75a8ece6e0702872e3ae53f9987728/tokenizer_config.json "HTTP/1.1 200 OK"
2026-08-16 10:49:47.742 - httpx - INFO - HTTP Request: GET https://huggingface.co/api/models/nvidia/NVIDIA-Nemotron-3.5-Lightning-30B-A3B-NVFP4/tree/main/additional_chat_templates?recursive=false&expand=false "HTTP/1.1 404 Not Found"
2026-08-16 10:49:47.827 - httpx - INFO - HTTP Request: GET https://huggingface.co/api/models/nvidia/NVIDIA-Nemotron-3.5-Lightning-30B-A3B-NVFP4/tree/main?recursive=true&expand=false "HTTP/1.1 200 OK"
2026-08-16 10:49:47.910 - httpx - INFO - HTTP Request: HEAD https://huggingface.co/nvidia/NVIDIA-Nemotron-3.5-Lightning-30B-A3B-NVFP4/resolve/main/tokenizer.json "HTTP/1.1 302 Found"
2026-08-16 10:49:48.005 - httpx - INFO - HTTP Request: GET https://huggingface.co/api/models/nvidia/NVIDIA-Nemotron-3.5-Lightning-30B-A3B-NVFP4/xet-read-token/6dbbd757ea75a8ece6e0702872e3ae53f9987728 "HTTP/1.1 200 OK"
2026-08-16 10:49:48.921 - httpx - INFO - HTTP Request: HEAD https://huggingface.co/nvidia/NVIDIA-Nemotron-3.5-Lightning-30B-A3B-NVFP4/resolve/main/tokenizer.model "HTTP/1.1 404 Not Found"
2026-08-16 10:49:49.004 - httpx - INFO - HTTP Request: HEAD https://huggingface.co/nvidia/NVIDIA-Nemotron-3.5-Lightning-30B-A3B-NVFP4/resolve/main/added_tokens.json "HTTP/1.1 404 Not Found"
2026-08-16 10:49:49.086 - httpx - INFO - HTTP Request: HEAD https://huggingface.co/nvidia/NVIDIA-Nemotron-3.5-Lightning-30B-A3B-NVFP4/resolve/main/special_tokens_map.json "HTTP/1.1 307 Temporary Redirect"
2026-08-16 10:49:49.098 - httpx - INFO - HTTP Request: HEAD https://huggingface.co/api/resolve-cache/models/nvidia/NVIDIA-Nemotron-3.5-Lightning-30B-A3B-NVFP4/6dbbd757ea75a8ece6e0702872e3ae53f9987728/special_tokens_map.json "HTTP/1.1 200 OK"
2026-08-16 10:49:49.112 - httpx - INFO - HTTP Request: GET https://huggingface.co/api/resolve-cache/models/nvidia/NVIDIA-Nemotron-3.5-Lightning-30B-A3B-NVFP4/6dbbd757ea75a8ece6e0702872e3ae53f9987728/special_tokens_map.json "HTTP/1.1 200 OK"
2026-08-16 10:49:49.192 - httpx - INFO - HTTP Request: HEAD https://huggingface.co/nvidia/NVIDIA-Nemotron-3.5-Lightning-30B-A3B-NVFP4/resolve/main/chat_template.jinja "HTTP/1.1 307 Temporary Redirect"
2026-08-16 10:49:49.203 - httpx - INFO - HTTP Request: HEAD https://huggingface.co/api/resolve-cache/models/nvidia/NVIDIA-Nemotron-3.5-Lightning-30B-A3B-NVFP4/6dbbd757ea75a8ece6e0702872e3ae53f9987728/chat_template.jinja "HTTP/1.1 200 OK"
2026-08-16 10:49:49.216 - httpx - INFO - HTTP Request: GET https://huggingface.co/api/resolve-cache/models/nvidia/NVIDIA-Nemotron-3.5-Lightning-30B-A3B-NVFP4/6dbbd757ea75a8ece6e0702872e3ae53f9987728/chat_template.jinja "HTTP/1.1 200 OK"
2026-08-16 10:49:50.049 - httpx - INFO - HTTP Request: GET https://huggingface.co/api/models/nvidia/NVIDIA-Nemotron-3.5-Lightning-30B-A3B-NVFP4 "HTTP/1.1 200 OK"
2026-08-16 10:49:50.082 - aiperf.config.resolution.resolvers - INFO -   Cached nvidia/NVIDIA-Nemotron-3.5-Lightning-30B-A3B-NVFP4 (3.48s)
2026-08-16 10:49:50.131 - aiperf.config.resolution.resolvers - INFO - 1 tokenizer cached • 3.5s
2026-08-16 10:49:50.505 - system_controller - INFO - Registered Gpu Telemetry Manager (id: 'gpu_telemetry_manager')
2026-08-16 10:49:50.538 - server_metrics_manager - INFO - Server Metrics: Discovered 1 endpoints: ['http://localhost:8000/metrics']
2026-08-16 10:49:50.572 - GPUTelemetryJSONLWriter_327977fd - INFO - GPU telemetry export enabled: /output/gpu_telemetry_export.jsonl
2026-08-16 10:49:50.583 - OTelMetricsResultsProcessor_03d78bed - INFO - Telemetry streaming is disabled (set --otel-url and/or --mlflow-tracking-uri to enable)
2026-08-16 10:49:50.584 - RecordExportJSONLWriter_7767b23c - INFO - Record metrics export enabled: /output/profile_export.jsonl
2026-08-16 10:49:50.601 - system_controller - INFO - Registered Worker Manager (id: 'worker_manager')
2026-08-16 10:49:50.698 - system_controller - INFO - Registered Dataset Manager (id: 'dataset_manager')
2026-08-16 10:49:50.699 - system_controller - INFO - Registered Server Metrics Manager (id: 'server_metrics_manager')
2026-08-16 10:49:50.712 - system_controller - INFO - Registered Records Manager (id: 'records_manager')
2026-08-16 10:49:50.764 - system_controller - INFO - Registered Record Processor (id: 'record_processor_0561cd7c')
2026-08-16 10:49:50.768 - system_controller - INFO - Registered Record Processor (id: 'record_processor_bb2863ee')
2026-08-16 10:49:50.814 - system_controller - INFO - Registered Timing Manager (id: 'timing_manager')
2026-08-16 10:49:50.871 - system_controller - INFO - Registered Record Processor (id: 'record_processor_fa93d5d3')
2026-08-16 10:49:50.983 - system_controller - INFO - AIPerf System is CONFIGURING
2026-08-16 10:49:50.983 - system_controller - INFO - Configuring all services to start profiling
2026-08-16 10:49:50.990 - timing_manager - INFO - Waiting for dataset to be configured before configuring timing
2026-08-16 10:49:50.990 - InferenceResultParser_b640520e - INFO - Configuring tokenizers for inference result parser (resolve_alias: True)
2026-08-16 10:49:50.990 - InferenceResultParser_6237e89d - INFO - Configuring tokenizers for inference result parser (resolve_alias: True)
2026-08-16 10:49:50.989 - InferenceResultParser_4a258056 - INFO - Configuring tokenizers for inference result parser (resolve_alias: True)
2026-08-16 10:49:50.991 - dataset_manager - INFO - Configuring tokenizer(s) for dataset manager
2026-08-16 10:49:51.000 - server_metrics_manager - INFO - Server Metrics: Capturing baseline metrics...
2026-08-16 10:49:51.016 - system_controller - INFO - Registered Worker (id: 'worker_c2d9478d')
2026-08-16 10:49:51.019 - http://localhost:8000/metrics - INFO - Skipping unsupported summary metric: http_request_size_bytes
2026-08-16 10:49:51.020 - http://localhost:8000/metrics - INFO - Skipping unsupported summary metric: http_response_size_bytes
2026-08-16 10:49:51.021 - system_controller - INFO - Server metrics enabled - 1/1 endpoint(s) reachable.
2026-08-16 10:49:51.022 - system_controller - INFO - Waiting for result domains: profile, server_metrics, telemetry
2026-08-16 10:49:51.022 - gpu_telemetry_manager - INFO - GPU Telemetry: Capturing baseline metrics from pynvml://localhost
2026-08-16 10:49:51.033 - pynvml_collector - INFO - PyNVML initialized with 1 GPU(s) (0 with GPM support)
2026-08-16 10:49:51.049 - system_controller - INFO - DCGM telemetry enabled - 1/1 endpoint(s) reachable
2026-08-16 10:49:51.051 - system_controller - INFO - Registered Worker (id: 'worker_5fea9f24')
2026-08-16 10:49:51.053 - system_controller - INFO - Registered Worker (id: 'worker_b8260e8f')
2026-08-16 10:49:51.055 - system_controller - INFO - Registered Worker (id: 'worker_ba2a3155')
2026-08-16 10:49:51.062 - system_controller - INFO - Registered Worker (id: 'worker_ba43682f')
2026-08-16 10:49:51.069 - system_controller - INFO - Registered Worker (id: 'worker_d7d5aaf9')
2026-08-16 10:49:51.071 - system_controller - INFO - Registered Worker (id: 'worker_39201a2b')
2026-08-16 10:49:51.078 - system_controller - INFO - Registered Worker (id: 'worker_13bb7e35')
2026-08-16 10:49:51.078 - system_controller - INFO - Registered Worker (id: 'worker_c93df235')
2026-08-16 10:49:51.079 - system_controller - INFO - Registered Worker (id: 'worker_8d1da4ae')
2026-08-16 10:49:51.084 - system_controller - INFO - Registered Worker (id: 'worker_ec70711e')
2026-08-16 10:49:51.102 - system_controller - INFO - Registered Worker (id: 'worker_9ee24a82')
2026-08-16 10:49:51.140 - system_controller - INFO - Registered Worker (id: 'worker_a992a952')
2026-08-16 10:49:51.150 - system_controller - INFO - Registered Worker (id: 'worker_a107f18c')
2026-08-16 10:49:51.539 - httpx - INFO - HTTP Request: HEAD https://huggingface.co/nvidia/NVIDIA-Nemotron-3.5-Lightning-30B-A3B-NVFP4/resolve/main/config.json "HTTP/1.1 307 Temporary Redirect"
2026-08-16 10:49:51.541 - httpx - INFO - HTTP Request: HEAD https://huggingface.co/nvidia/NVIDIA-Nemotron-3.5-Lightning-30B-A3B-NVFP4/resolve/main/config.json "HTTP/1.1 307 Temporary Redirect"
2026-08-16 10:49:51.542 - httpx - INFO - HTTP Request: HEAD https://huggingface.co/nvidia/NVIDIA-Nemotron-3.5-Lightning-30B-A3B-NVFP4/resolve/main/config.json "HTTP/1.1 307 Temporary Redirect"
2026-08-16 10:49:51.543 - httpx - INFO - HTTP Request: HEAD https://huggingface.co/nvidia/NVIDIA-Nemotron-3.5-Lightning-30B-A3B-NVFP4/resolve/main/config.json "HTTP/1.1 307 Temporary Redirect"
2026-08-16 10:49:51.550 - httpx - INFO - HTTP Request: HEAD https://huggingface.co/api/resolve-cache/models/nvidia/NVIDIA-Nemotron-3.5-Lightning-30B-A3B-NVFP4/6dbbd757ea75a8ece6e0702872e3ae53f9987728/config.json "HTTP/1.1 200 OK"
2026-08-16 10:49:51.553 - httpx - INFO - HTTP Request: HEAD https://huggingface.co/api/resolve-cache/models/nvidia/NVIDIA-Nemotron-3.5-Lightning-30B-A3B-NVFP4/6dbbd757ea75a8ece6e0702872e3ae53f9987728/config.json "HTTP/1.1 200 OK"
2026-08-16 10:49:51.553 - httpx - INFO - HTTP Request: HEAD https://huggingface.co/api/resolve-cache/models/nvidia/NVIDIA-Nemotron-3.5-Lightning-30B-A3B-NVFP4/6dbbd757ea75a8ece6e0702872e3ae53f9987728/config.json "HTTP/1.1 200 OK"
2026-08-16 10:49:51.554 - httpx - INFO - HTTP Request: HEAD https://huggingface.co/api/resolve-cache/models/nvidia/NVIDIA-Nemotron-3.5-Lightning-30B-A3B-NVFP4/6dbbd757ea75a8ece6e0702872e3ae53f9987728/config.json "HTTP/1.1 200 OK"
2026-08-16 10:49:51.685 - httpx - INFO - HTTP Request: HEAD https://huggingface.co/nvidia/NVIDIA-Nemotron-3.5-Lightning-30B-A3B-NVFP4/resolve/main/tokenizer_config.json "HTTP/1.1 307 Temporary Redirect"
2026-08-16 10:49:51.686 - huggingface_hub.utils._http - WARNING - Warning: You are sending unauthenticated requests to the HF Hub. Please set a HF_TOKEN to enable higher rate limits and faster downloads.
2026-08-16 10:49:51.689 - httpx - INFO - HTTP Request: HEAD https://huggingface.co/nvidia/NVIDIA-Nemotron-3.5-Lightning-30B-A3B-NVFP4/resolve/main/tokenizer_config.json "HTTP/1.1 307 Temporary Redirect"
2026-08-16 10:49:51.689 - huggingface_hub.utils._http - WARNING - Warning: You are sending unauthenticated requests to the HF Hub. Please set a HF_TOKEN to enable higher rate limits and faster downloads.
2026-08-16 10:49:51.695 - httpx - INFO - HTTP Request: HEAD https://huggingface.co/api/resolve-cache/models/nvidia/NVIDIA-Nemotron-3.5-Lightning-30B-A3B-NVFP4/6dbbd757ea75a8ece6e0702872e3ae53f9987728/tokenizer_config.json "HTTP/1.1 200 OK"
2026-08-16 10:49:51.698 - httpx - INFO - HTTP Request: HEAD https://huggingface.co/nvidia/NVIDIA-Nemotron-3.5-Lightning-30B-A3B-NVFP4/resolve/main/tokenizer_config.json "HTTP/1.1 307 Temporary Redirect"
2026-08-16 10:49:51.699 - huggingface_hub.utils._http - WARNING - Warning: You are sending unauthenticated requests to the HF Hub. Please set a HF_TOKEN to enable higher rate limits and faster downloads.
2026-08-16 10:49:51.700 - httpx - INFO - HTTP Request: HEAD https://huggingface.co/api/resolve-cache/models/nvidia/NVIDIA-Nemotron-3.5-Lightning-30B-A3B-NVFP4/6dbbd757ea75a8ece6e0702872e3ae53f9987728/tokenizer_config.json "HTTP/1.1 200 OK"
2026-08-16 10:49:51.705 - httpx - INFO - HTTP Request: HEAD https://huggingface.co/nvidia/NVIDIA-Nemotron-3.5-Lightning-30B-A3B-NVFP4/resolve/main/tokenizer_config.json "HTTP/1.1 307 Temporary Redirect"
2026-08-16 10:49:51.705 - huggingface_hub.utils._http - WARNING - Warning: You are sending unauthenticated requests to the HF Hub. Please set a HF_TOKEN to enable higher rate limits and faster downloads.
2026-08-16 10:49:51.713 - httpx - INFO - HTTP Request: HEAD https://huggingface.co/api/resolve-cache/models/nvidia/NVIDIA-Nemotron-3.5-Lightning-30B-A3B-NVFP4/6dbbd757ea75a8ece6e0702872e3ae53f9987728/tokenizer_config.json "HTTP/1.1 200 OK"
2026-08-16 10:49:51.724 - httpx - INFO - HTTP Request: HEAD https://huggingface.co/api/resolve-cache/models/nvidia/NVIDIA-Nemotron-3.5-Lightning-30B-A3B-NVFP4/6dbbd757ea75a8ece6e0702872e3ae53f9987728/tokenizer_config.json "HTTP/1.1 200 OK"
2026-08-16 10:49:51.779 - httpx - INFO - HTTP Request: GET https://huggingface.co/api/models/nvidia/NVIDIA-Nemotron-3.5-Lightning-30B-A3B-NVFP4/tree/main/additional_chat_templates?recursive=false&expand=false "HTTP/1.1 404 Not Found"
2026-08-16 10:49:51.785 - httpx - INFO - HTTP Request: GET https://huggingface.co/api/models/nvidia/NVIDIA-Nemotron-3.5-Lightning-30B-A3B-NVFP4/tree/main/additional_chat_templates?recursive=false&expand=false "HTTP/1.1 404 Not Found"
2026-08-16 10:49:51.794 - httpx - INFO - HTTP Request: GET https://huggingface.co/api/models/nvidia/NVIDIA-Nemotron-3.5-Lightning-30B-A3B-NVFP4/tree/main/additional_chat_templates?recursive=false&expand=false "HTTP/1.1 404 Not Found"
2026-08-16 10:49:51.807 - httpx - INFO - HTTP Request: GET https://huggingface.co/api/models/nvidia/NVIDIA-Nemotron-3.5-Lightning-30B-A3B-NVFP4/tree/main/additional_chat_templates?recursive=false&expand=false "HTTP/1.1 404 Not Found"
2026-08-16 10:49:51.865 - httpx - INFO - HTTP Request: GET https://huggingface.co/api/models/nvidia/NVIDIA-Nemotron-3.5-Lightning-30B-A3B-NVFP4/tree/main?recursive=true&expand=false "HTTP/1.1 200 OK"
2026-08-16 10:49:51.876 - httpx - INFO - HTTP Request: GET https://huggingface.co/api/models/nvidia/NVIDIA-Nemotron-3.5-Lightning-30B-A3B-NVFP4/tree/main?recursive=true&expand=false "HTTP/1.1 200 OK"
2026-08-16 10:49:51.879 - httpx - INFO - HTTP Request: GET https://huggingface.co/api/models/nvidia/NVIDIA-Nemotron-3.5-Lightning-30B-A3B-NVFP4/tree/main?recursive=true&expand=false "HTTP/1.1 200 OK"
2026-08-16 10:49:51.890 - httpx - INFO - HTTP Request: GET https://huggingface.co/api/models/nvidia/NVIDIA-Nemotron-3.5-Lightning-30B-A3B-NVFP4/tree/main?recursive=true&expand=false "HTTP/1.1 200 OK"
2026-08-16 10:49:52.966 - httpx - INFO - HTTP Request: GET https://huggingface.co/api/models/nvidia/NVIDIA-Nemotron-3.5-Lightning-30B-A3B-NVFP4 "HTTP/1.1 200 OK"
2026-08-16 10:49:52.994 - httpx - INFO - HTTP Request: GET https://huggingface.co/api/models/nvidia/NVIDIA-Nemotron-3.5-Lightning-30B-A3B-NVFP4 "HTTP/1.1 200 OK"
2026-08-16 10:49:53.004 - InferenceResultParser_6237e89d - INFO - Initialized tokenizers: {'nvidia/NVIDIA-Nemotron-3.5-Lightning-30B-A3B-NVFP4': {'class': 'TokenizersBackend', 'name_or_path': 'nvidia/NVIDIA-Nemotron-3.5-Lightning-30B-A3B-NVFP4'}} in 2.01 seconds
2026-08-16 10:49:53.007 - httpx - INFO - HTTP Request: GET https://huggingface.co/api/models/nvidia/NVIDIA-Nemotron-3.5-Lightning-30B-A3B-NVFP4 "HTTP/1.1 200 OK"
2026-08-16 10:49:53.010 - httpx - INFO - HTTP Request: GET https://huggingface.co/api/models/nvidia/NVIDIA-Nemotron-3.5-Lightning-30B-A3B-NVFP4 "HTTP/1.1 200 OK"
2026-08-16 10:49:53.032 - InferenceResultParser_4a258056 - INFO - Initialized tokenizers: {'nvidia/NVIDIA-Nemotron-3.5-Lightning-30B-A3B-NVFP4': {'class': 'TokenizersBackend', 'name_or_path': 'nvidia/NVIDIA-Nemotron-3.5-Lightning-30B-A3B-NVFP4'}} in 2.04 seconds
2026-08-16 10:49:53.038 - InferenceResultParser_b640520e - INFO - Initialized tokenizers: {'nvidia/NVIDIA-Nemotron-3.5-Lightning-30B-A3B-NVFP4': {'class': 'TokenizersBackend', 'name_or_path': 'nvidia/NVIDIA-Nemotron-3.5-Lightning-30B-A3B-NVFP4'}} in 2.05 seconds
2026-08-16 10:49:53.053 - dataset_manager - INFO - Tokenizer(s) configured in 2.06 seconds
2026-08-16 10:49:53.055 - dataset_manager - INFO - Configuring dataset for dataset_manager
2026-08-16 10:49:53.455 - CustomDatasetComposer - INFO - Using explicit dataset format: multi_turn
2026-08-16 10:49:53.535 - MemoryMapDatasetBackingStore_f2e1baa4 - INFO - Memory-mapped backing store initialized (streaming to /tmp/aiperf_mmap_2451f543f220/dataset.dat)
2026-08-16 10:49:53.553 - MemoryMapDatasetBackingStore_f2e1baa4 - INFO - Data file finalized: 500 conversations, 1.26 MB
2026-08-16 10:49:53.554 - MemoryMapDatasetBackingStore_f2e1baa4 - INFO - Index file created: /tmp/aiperf_mmap_2451f543f220/index.dat
2026-08-16 10:49:53.555 - dataset_manager - INFO - Backing store finalized: client_type=DatasetClientStoreType.MEMORY_MAP format=MemoryMapFormat.CONVERSATION data_file_path=PosixPath('/tmp/aiperf_mmap_2451f543f220/dataset.dat') index_file_path=PosixPath('/tmp/aiperf_mmap_2451f543f220/index.dat') conversation_count=500 total_size_bytes=1323870 compressed=False compressed_data_file_path=None compressed_index_file_path=None compressed_size_bytes=0
2026-08-16 10:49:53.565 - dataset_manager - INFO - sampling strategy: sequential, unique conversations: 500, unique turn count: 1783
2026-08-16 10:49:53.584 - dataset_manager - INFO - Generating inputs.json file at /output/inputs.json
2026-08-16 10:49:53.603 - dataset_manager - INFO - inputs.json file generated in 0.02 seconds
2026-08-16 10:49:53.643 - system_controller - WARNING - Received command response for service we were not expecting: worker_d7d5aaf9. Ignoring.
2026-08-16 10:49:53.647 - system_controller - WARNING - Received command response for service we were not expecting: worker_39201a2b. Ignoring.
2026-08-16 10:49:53.647 - system_controller - WARNING - Received command response for service we were not expecting: worker_13bb7e35. Ignoring.
2026-08-16 10:49:53.648 - system_controller - WARNING - Received command response for service we were not expecting: worker_ba43682f. Ignoring.
2026-08-16 10:49:53.652 - system_controller - WARNING - Received command response for service we were not expecting: worker_ba2a3155. Ignoring.
2026-08-16 10:49:53.655 - system_controller - WARNING - Received command response for service we were not expecting: worker_b8260e8f. Ignoring.
2026-08-16 10:49:53.697 - PhaseOrchestrator_dff1a569 - INFO - Initialized 2 phase(s): ['Warmup', 'Profiling']
2026-08-16 10:49:53.933 - dataset_manager - INFO - Dataset client initialized and freed 500 conversations from memory
2026-08-16 10:49:53.933 - dataset_manager - INFO - Dataset configured in 0.88 seconds
2026-08-16 10:49:53.936 - system_controller - INFO - All services configured in 2.95 seconds
2026-08-16 10:49:53.937 - system_controller - INFO - AIPerf System is CONFIGURED
2026-08-16 10:49:53.974 - server_metrics_manager - INFO - Server Metrics: Started 1 collector(s) successfully
2026-08-16 10:49:53.990 - system_controller - INFO - All services started profiling successfully
2026-08-16 10:49:53.990 - system_controller - INFO - AIPerf System is PROFILING
2026-08-16 10:49:53.999 - RateTiming - INFO - Creating interval generator: pattern=concurrency_burst, rate=None, smoothness=None
2026-08-16 10:49:54.002 - PhaseRunner - NOTICE - Phase warmup (warmup) started | phase_index=0 | target: 3 requests
2026-08-16 10:49:54.013 - PhaseRunner - NOTICE - Phase warmup (warmup) sending complete | sent=3, completed=0, in_flight=3 | sessions: sent=3, completed=0
2026-08-16 10:49:54.011 - records_manager - INFO - Credit phase start: warmup
2026-08-16 10:49:59.211 - PhaseRunner - NOTICE - Phase warmup (warmup) complete | completed=3, cancelled=0, errors=0 | sessions: completed=0, cancelled=0 | elapsed=5.21s
2026-08-16 10:49:59.213 - RateTiming - INFO - Creating interval generator: pattern=concurrency_burst, rate=None, smoothness=None
2026-08-16 10:49:59.213 - PhaseRunner - NOTICE - Phase profiling (profiling) started | phase_index=1 | profiling_index=0 | target: 50 requests, 50 sessions
2026-08-16 10:49:59.213 - server_metrics_manager - INFO - Server Metrics: Warmup complete, capturing final warmup metrics...
2026-08-16 10:49:59.214 - records_manager - INFO - Credit phase start: profiling
2026-08-16 10:50:06.714 - PhaseRunner - NOTICE - Phase profiling (profiling) sending complete | sent=50, completed=18, in_flight=32 | sessions: sent=37, completed=5
2026-08-16 10:50:06.716 - records_manager - INFO - Sent 50 requests. Waiting for all to complete...
2026-08-16 10:50:19.097 - PhaseRunner - NOTICE - Phase profiling (profiling) complete | completed=50, cancelled=0, errors=0 | sessions: completed=17, cancelled=0 | elapsed=19.88s
2026-08-16 10:50:19.097 - PhaseOrchestrator_dff1a569 - NOTICE - All credits completed
2026-08-16 10:50:19.099 - records_manager - INFO - Received CREDIT_PHASE_COMPLETE message, Phase complete: PhaseRecordsStats(phase=CreditPhase.PROFILING, phase_index=1, profiling_index=0, phase_name='profiling', phase_kind='profiling', start_ns=1786877399213485009, sent_end_ns=1786877406714757123, requests_end_ns=1786877419097109021, baseline_start_ns=1786877399213470449, baseline_end_ns=1786877419097120957, total_expected_requests=50, expected_duration_sec=None, expected_num_sessions=None, expected_grace_period_sec=None, final_requests_sent=None, final_requests_completed=50, final_requests_cancelled=0, final_request_errors=0, final_sent_sessions=None, final_completed_sessions=None, final_cancelled_sessions=None, timeout_triggered=False, grace_period_timeout_triggered=False, was_cancelled=False, records_end_ns=None, success_records=49, error_records=0)
2026-08-16 10:50:19.099 - records_manager - NOTICE - All requests have completed, please wait for the results to be processed (currently 49 of 50 records processed)...
2026-08-16 10:50:19.099 - system_controller - INFO - Received credits complete from 'timing_manager'
2026-08-16 10:50:19.100 - records_manager - INFO - All credits complete, please wait for the results to be processed...
2026-08-16 10:50:19.120 - records_manager - INFO - Processed 50 valid requests and 0 errors (50 total).
2026-08-16 10:50:19.120 - records_manager - INFO - Received all records, processing now...
2026-08-16 10:50:19.123 - server_metrics_manager - INFO - Server Metrics: Profiling complete, capturing final metrics...
2026-08-16 10:50:19.124 - records_manager - INFO - Waiting 2.0s for server metrics flush period...
2026-08-16 10:50:19.125 - gpu_telemetry_manager - INFO - GPU Telemetry: Profiling complete, capturing final metrics...
2026-08-16 10:50:21.098 - records_manager - INFO - Processing records results...
2026-08-16 10:50:21.252 - system_controller - INFO - Waiting for result domains: server_metrics, telemetry
2026-08-16 10:50:21.253 - system_controller - INFO - Waiting for result domains: server_metrics
2026-08-16 10:50:21.273 - records_manager - INFO - _finalize_and_process_results completed
2026-08-16 10:50:21.275 - system_controller - INFO - All results received, initiating shutdown
2026-08-16 10:50:21.890 - ExporterManager - INFO - Exporting all records
2026-08-16 10:50:22.075 - ExporterManager - INFO - Exporting console data
