2026-08-13 08:32:19.287 - aiperf.cli_runner._single_run - INFO - Starting AIPerf System
2026-08-13 08:32:19.745 - httpx - INFO - HTTP Request: GET https://huggingface.co/api/models/nvidia/NVIDIA-Nemotron-3.5-Lightning-30B-A3B-NVFP4 "HTTP/1.1 200 OK"
2026-08-13 08:32:19.762 - aiperf.config.resolution.resolvers - INFO - [OK] Tokenizer nvidia/NVIDIA-Nemotron-3.5-Lightning-30B-A3B-NVFP4 detected
2026-08-13 08:32:19.762 - aiperf.config.resolution.resolvers - INFO - 1 tokenizer validated | 0.5s
2026-08-13 08:32:19.762 - aiperf.config.resolution.resolvers - INFO - Prefetching 1 tokenizer into HF cache...
2026-08-13 08:32:20.824 - httpx - INFO - HTTP Request: HEAD https://huggingface.co/nvidia/NVIDIA-Nemotron-3.5-Lightning-30B-A3B-NVFP4/resolve/main/config.json "HTTP/1.1 307 Temporary Redirect"
2026-08-13 08:32:20.824 - huggingface_hub.utils._http - WARNING - Warning: You are sending unauthenticated requests to the HF Hub. Please set a HF_TOKEN to enable higher rate limits and faster downloads.
2026-08-13 08:32:20.835 - httpx - INFO - HTTP Request: HEAD https://huggingface.co/api/resolve-cache/models/nvidia/NVIDIA-Nemotron-3.5-Lightning-30B-A3B-NVFP4/29f2d1746d8f41e316523194b19018707749b1b1/config.json "HTTP/1.1 200 OK"
2026-08-13 08:32:20.855 - httpx - INFO - HTTP Request: GET https://huggingface.co/api/resolve-cache/models/nvidia/NVIDIA-Nemotron-3.5-Lightning-30B-A3B-NVFP4/29f2d1746d8f41e316523194b19018707749b1b1/config.json "HTTP/1.1 200 OK"
2026-08-13 08:32:21.020 - httpx - INFO - HTTP Request: HEAD https://huggingface.co/nvidia/NVIDIA-Nemotron-3.5-Lightning-30B-A3B-NVFP4/resolve/main/tokenizer_config.json "HTTP/1.1 307 Temporary Redirect"
2026-08-13 08:32:21.033 - httpx - INFO - HTTP Request: HEAD https://huggingface.co/api/resolve-cache/models/nvidia/NVIDIA-Nemotron-3.5-Lightning-30B-A3B-NVFP4/29f2d1746d8f41e316523194b19018707749b1b1/tokenizer_config.json "HTTP/1.1 200 OK"
2026-08-13 08:32:21.045 - httpx - INFO - HTTP Request: GET https://huggingface.co/api/resolve-cache/models/nvidia/NVIDIA-Nemotron-3.5-Lightning-30B-A3B-NVFP4/29f2d1746d8f41e316523194b19018707749b1b1/tokenizer_config.json "HTTP/1.1 200 OK"
2026-08-13 08:32:21.127 - httpx - INFO - HTTP Request: GET https://huggingface.co/api/models/nvidia/NVIDIA-Nemotron-3.5-Lightning-30B-A3B-NVFP4/tree/main/additional_chat_templates?recursive=false&expand=false "HTTP/1.1 404 Not Found"
2026-08-13 08:32:21.210 - httpx - INFO - HTTP Request: GET https://huggingface.co/api/models/nvidia/NVIDIA-Nemotron-3.5-Lightning-30B-A3B-NVFP4/tree/main?recursive=true&expand=false "HTTP/1.1 200 OK"
2026-08-13 08:32:21.300 - httpx - INFO - HTTP Request: HEAD https://huggingface.co/nvidia/NVIDIA-Nemotron-3.5-Lightning-30B-A3B-NVFP4/resolve/main/tokenizer.json "HTTP/1.1 302 Found"
2026-08-13 08:32:21.392 - httpx - INFO - HTTP Request: GET https://huggingface.co/api/models/nvidia/NVIDIA-Nemotron-3.5-Lightning-30B-A3B-NVFP4/xet-read-token/29f2d1746d8f41e316523194b19018707749b1b1 "HTTP/1.1 200 OK"
2026-08-13 08:32:22.330 - httpx - INFO - HTTP Request: HEAD https://huggingface.co/nvidia/NVIDIA-Nemotron-3.5-Lightning-30B-A3B-NVFP4/resolve/main/tokenizer.model "HTTP/1.1 404 Not Found"
2026-08-13 08:32:22.411 - httpx - INFO - HTTP Request: HEAD https://huggingface.co/nvidia/NVIDIA-Nemotron-3.5-Lightning-30B-A3B-NVFP4/resolve/main/added_tokens.json "HTTP/1.1 404 Not Found"
2026-08-13 08:32:22.521 - httpx - INFO - HTTP Request: HEAD https://huggingface.co/nvidia/NVIDIA-Nemotron-3.5-Lightning-30B-A3B-NVFP4/resolve/main/special_tokens_map.json "HTTP/1.1 307 Temporary Redirect"
2026-08-13 08:32:22.535 - httpx - INFO - HTTP Request: HEAD https://huggingface.co/api/resolve-cache/models/nvidia/NVIDIA-Nemotron-3.5-Lightning-30B-A3B-NVFP4/29f2d1746d8f41e316523194b19018707749b1b1/special_tokens_map.json "HTTP/1.1 200 OK"
2026-08-13 08:32:22.547 - httpx - INFO - HTTP Request: GET https://huggingface.co/api/resolve-cache/models/nvidia/NVIDIA-Nemotron-3.5-Lightning-30B-A3B-NVFP4/29f2d1746d8f41e316523194b19018707749b1b1/special_tokens_map.json "HTTP/1.1 200 OK"
2026-08-13 08:32:22.625 - httpx - INFO - HTTP Request: HEAD https://huggingface.co/nvidia/NVIDIA-Nemotron-3.5-Lightning-30B-A3B-NVFP4/resolve/main/chat_template.jinja "HTTP/1.1 307 Temporary Redirect"
2026-08-13 08:32:22.636 - httpx - INFO - HTTP Request: HEAD https://huggingface.co/api/resolve-cache/models/nvidia/NVIDIA-Nemotron-3.5-Lightning-30B-A3B-NVFP4/29f2d1746d8f41e316523194b19018707749b1b1/chat_template.jinja "HTTP/1.1 200 OK"
2026-08-13 08:32:22.646 - httpx - INFO - HTTP Request: GET https://huggingface.co/api/resolve-cache/models/nvidia/NVIDIA-Nemotron-3.5-Lightning-30B-A3B-NVFP4/29f2d1746d8f41e316523194b19018707749b1b1/chat_template.jinja "HTTP/1.1 200 OK"
2026-08-13 08:32:23.476 - httpx - INFO - HTTP Request: GET https://huggingface.co/api/models/nvidia/NVIDIA-Nemotron-3.5-Lightning-30B-A3B-NVFP4 "HTTP/1.1 200 OK"
2026-08-13 08:32:23.509 - aiperf.config.resolution.resolvers - INFO -   Cached nvidia/NVIDIA-Nemotron-3.5-Lightning-30B-A3B-NVFP4 (3.73s)
2026-08-13 08:32:23.564 - aiperf.config.resolution.resolvers - INFO - 1 tokenizer cached • 3.8s
2026-08-13 08:32:24.003 - server_metrics_manager - INFO - Server Metrics: Discovered 1 endpoints: ['http://localhost:8000/metrics']
2026-08-13 08:32:24.011 - GPUTelemetryJSONLWriter_bcf5f1f2 - INFO - GPU telemetry export enabled: /output/gpu_telemetry_export.jsonl
2026-08-13 08:32:24.021 - OTelMetricsResultsProcessor_981805a8 - INFO - Telemetry streaming is disabled (set --otel-url and/or --mlflow-tracking-uri to enable)
2026-08-13 08:32:24.025 - RecordExportJSONLWriter_b598cea5 - INFO - Record metrics export enabled: /output/profile_export.jsonl
2026-08-13 08:32:24.036 - system_controller - INFO - Registered Worker Manager (id: 'worker_manager')
2026-08-13 08:32:24.037 - system_controller - INFO - Registered Gpu Telemetry Manager (id: 'gpu_telemetry_manager')
2026-08-13 08:32:24.137 - system_controller - INFO - Registered Dataset Manager (id: 'dataset_manager')
2026-08-13 08:32:24.138 - system_controller - INFO - Registered Server Metrics Manager (id: 'server_metrics_manager')
2026-08-13 08:32:24.138 - system_controller - INFO - Registered Records Manager (id: 'records_manager')
2026-08-13 08:32:24.275 - system_controller - INFO - Registered Timing Manager (id: 'timing_manager')
2026-08-13 08:32:24.315 - system_controller - INFO - Registered Record Processor (id: 'record_processor_4946bf91')
2026-08-13 08:32:24.316 - system_controller - INFO - Registered Record Processor (id: 'record_processor_f32c839d')
2026-08-13 08:32:24.319 - system_controller - INFO - Registered Record Processor (id: 'record_processor_c7e184ff')
2026-08-13 08:32:24.382 - system_controller - INFO - Registered Worker (id: 'worker_dc87b707')
2026-08-13 08:32:24.421 - system_controller - INFO - AIPerf System is CONFIGURING
2026-08-13 08:32:24.422 - system_controller - INFO - Configuring all services to start profiling
2026-08-13 08:32:24.423 - timing_manager - INFO - Waiting for dataset to be configured before configuring timing
2026-08-13 08:32:24.423 - InferenceResultParser_1fa2ce4a - INFO - Configuring tokenizers for inference result parser (resolve_alias: True)
2026-08-13 08:32:24.423 - InferenceResultParser_86e6a11f - INFO - Configuring tokenizers for inference result parser (resolve_alias: True)
2026-08-13 08:32:24.423 - InferenceResultParser_1e13f2e7 - INFO - Configuring tokenizers for inference result parser (resolve_alias: True)
2026-08-13 08:32:24.424 - dataset_manager - INFO - Configuring tokenizer(s) for dataset manager
2026-08-13 08:32:24.430 - server_metrics_manager - INFO - Server Metrics: Capturing baseline metrics...
2026-08-13 08:32:24.438 - system_controller - INFO - Registered Worker (id: 'worker_25e983ef')
2026-08-13 08:32:24.449 - http://localhost:8000/metrics - INFO - Skipping unsupported summary metric: http_request_size_bytes
2026-08-13 08:32:24.449 - http://localhost:8000/metrics - INFO - Skipping unsupported summary metric: http_response_size_bytes
2026-08-13 08:32:24.451 - system_controller - INFO - Server metrics enabled - 1/1 endpoint(s) reachable.
2026-08-13 08:32:24.451 - system_controller - INFO - Waiting for result domains: profile, server_metrics, telemetry
2026-08-13 08:32:24.458 - gpu_telemetry_manager - INFO - GPU Telemetry: Capturing baseline metrics from pynvml://localhost
2026-08-13 08:32:24.467 - pynvml_collector - INFO - PyNVML initialized with 1 GPU(s) (0 with GPM support)
2026-08-13 08:32:24.477 - system_controller - INFO - Registered Worker (id: 'worker_73cf2576')
2026-08-13 08:32:24.478 - system_controller - INFO - Registered Worker (id: 'worker_12afce32')
2026-08-13 08:32:24.482 - system_controller - INFO - DCGM telemetry enabled - 1/1 endpoint(s) reachable
2026-08-13 08:32:24.496 - system_controller - INFO - Registered Worker (id: 'worker_0c069344')
2026-08-13 08:32:24.523 - system_controller - INFO - Registered Worker (id: 'worker_ad15b64a')
2026-08-13 08:32:24.526 - system_controller - INFO - Registered Worker (id: 'worker_afccfc84')
2026-08-13 08:32:24.530 - system_controller - INFO - Registered Worker (id: 'worker_961817a8')
2026-08-13 08:32:24.537 - system_controller - INFO - Registered Worker (id: 'worker_da51a4c0')
2026-08-13 08:32:24.542 - system_controller - INFO - Registered Worker (id: 'worker_daf44577')
2026-08-13 08:32:24.543 - system_controller - INFO - Registered Worker (id: 'worker_032cbdc9')
2026-08-13 08:32:24.551 - system_controller - INFO - Registered Worker (id: 'worker_775f0ccb')
2026-08-13 08:32:24.577 - system_controller - INFO - Registered Worker (id: 'worker_c6a587f4')
2026-08-13 08:32:24.588 - system_controller - INFO - Registered Worker (id: 'worker_2b979bd1')
2026-08-13 08:32:24.957 - httpx - INFO - HTTP Request: HEAD https://huggingface.co/nvidia/NVIDIA-Nemotron-3.5-Lightning-30B-A3B-NVFP4/resolve/main/config.json "HTTP/1.1 307 Temporary Redirect"
2026-08-13 08:32:24.957 - huggingface_hub.utils._http - WARNING - Warning: You are sending unauthenticated requests to the HF Hub. Please set a HF_TOKEN to enable higher rate limits and faster downloads.
2026-08-13 08:32:24.960 - httpx - INFO - HTTP Request: HEAD https://huggingface.co/nvidia/NVIDIA-Nemotron-3.5-Lightning-30B-A3B-NVFP4/resolve/main/config.json "HTTP/1.1 307 Temporary Redirect"
2026-08-13 08:32:24.968 - httpx - INFO - HTTP Request: HEAD https://huggingface.co/api/resolve-cache/models/nvidia/NVIDIA-Nemotron-3.5-Lightning-30B-A3B-NVFP4/29f2d1746d8f41e316523194b19018707749b1b1/config.json "HTTP/1.1 200 OK"
2026-08-13 08:32:24.968 - httpx - INFO - HTTP Request: HEAD https://huggingface.co/api/resolve-cache/models/nvidia/NVIDIA-Nemotron-3.5-Lightning-30B-A3B-NVFP4/29f2d1746d8f41e316523194b19018707749b1b1/config.json "HTTP/1.1 200 OK"
2026-08-13 08:32:24.977 - httpx - INFO - HTTP Request: HEAD https://huggingface.co/nvidia/NVIDIA-Nemotron-3.5-Lightning-30B-A3B-NVFP4/resolve/main/config.json "HTTP/1.1 307 Temporary Redirect"
2026-08-13 08:32:24.977 - huggingface_hub.utils._http - WARNING - Warning: You are sending unauthenticated requests to the HF Hub. Please set a HF_TOKEN to enable higher rate limits and faster downloads.
2026-08-13 08:32:24.983 - httpx - INFO - HTTP Request: HEAD https://huggingface.co/nvidia/NVIDIA-Nemotron-3.5-Lightning-30B-A3B-NVFP4/resolve/main/config.json "HTTP/1.1 307 Temporary Redirect"
2026-08-13 08:32:24.984 - huggingface_hub.utils._http - WARNING - Warning: You are sending unauthenticated requests to the HF Hub. Please set a HF_TOKEN to enable higher rate limits and faster downloads.
2026-08-13 08:32:24.989 - httpx - INFO - HTTP Request: HEAD https://huggingface.co/api/resolve-cache/models/nvidia/NVIDIA-Nemotron-3.5-Lightning-30B-A3B-NVFP4/29f2d1746d8f41e316523194b19018707749b1b1/config.json "HTTP/1.1 200 OK"
2026-08-13 08:32:24.993 - httpx - INFO - HTTP Request: HEAD https://huggingface.co/api/resolve-cache/models/nvidia/NVIDIA-Nemotron-3.5-Lightning-30B-A3B-NVFP4/29f2d1746d8f41e316523194b19018707749b1b1/config.json "HTTP/1.1 200 OK"
2026-08-13 08:32:25.101 - httpx - INFO - HTTP Request: HEAD https://huggingface.co/nvidia/NVIDIA-Nemotron-3.5-Lightning-30B-A3B-NVFP4/resolve/main/tokenizer_config.json "HTTP/1.1 307 Temporary Redirect"
2026-08-13 08:32:25.101 - httpx - INFO - HTTP Request: HEAD https://huggingface.co/nvidia/NVIDIA-Nemotron-3.5-Lightning-30B-A3B-NVFP4/resolve/main/tokenizer_config.json "HTTP/1.1 307 Temporary Redirect"
2026-08-13 08:32:25.112 - httpx - INFO - HTTP Request: HEAD https://huggingface.co/api/resolve-cache/models/nvidia/NVIDIA-Nemotron-3.5-Lightning-30B-A3B-NVFP4/29f2d1746d8f41e316523194b19018707749b1b1/tokenizer_config.json "HTTP/1.1 200 OK"
2026-08-13 08:32:25.112 - httpx - INFO - HTTP Request: HEAD https://huggingface.co/nvidia/NVIDIA-Nemotron-3.5-Lightning-30B-A3B-NVFP4/resolve/main/tokenizer_config.json "HTTP/1.1 307 Temporary Redirect"
2026-08-13 08:32:25.112 - httpx - INFO - HTTP Request: HEAD https://huggingface.co/api/resolve-cache/models/nvidia/NVIDIA-Nemotron-3.5-Lightning-30B-A3B-NVFP4/29f2d1746d8f41e316523194b19018707749b1b1/tokenizer_config.json "HTTP/1.1 200 OK"
2026-08-13 08:32:25.118 - httpx - INFO - HTTP Request: HEAD https://huggingface.co/nvidia/NVIDIA-Nemotron-3.5-Lightning-30B-A3B-NVFP4/resolve/main/tokenizer_config.json "HTTP/1.1 307 Temporary Redirect"
2026-08-13 08:32:25.121 - httpx - INFO - HTTP Request: HEAD https://huggingface.co/api/resolve-cache/models/nvidia/NVIDIA-Nemotron-3.5-Lightning-30B-A3B-NVFP4/29f2d1746d8f41e316523194b19018707749b1b1/tokenizer_config.json "HTTP/1.1 200 OK"
2026-08-13 08:32:25.126 - httpx - INFO - HTTP Request: HEAD https://huggingface.co/api/resolve-cache/models/nvidia/NVIDIA-Nemotron-3.5-Lightning-30B-A3B-NVFP4/29f2d1746d8f41e316523194b19018707749b1b1/tokenizer_config.json "HTTP/1.1 200 OK"
2026-08-13 08:32:25.196 - httpx - INFO - HTTP Request: GET https://huggingface.co/api/models/nvidia/NVIDIA-Nemotron-3.5-Lightning-30B-A3B-NVFP4/tree/main/additional_chat_templates?recursive=false&expand=false "HTTP/1.1 404 Not Found"
2026-08-13 08:32:25.198 - httpx - INFO - HTTP Request: GET https://huggingface.co/api/models/nvidia/NVIDIA-Nemotron-3.5-Lightning-30B-A3B-NVFP4/tree/main/additional_chat_templates?recursive=false&expand=false "HTTP/1.1 404 Not Found"
2026-08-13 08:32:25.202 - httpx - INFO - HTTP Request: GET https://huggingface.co/api/models/nvidia/NVIDIA-Nemotron-3.5-Lightning-30B-A3B-NVFP4/tree/main/additional_chat_templates?recursive=false&expand=false "HTTP/1.1 404 Not Found"
2026-08-13 08:32:25.212 - httpx - INFO - HTTP Request: GET https://huggingface.co/api/models/nvidia/NVIDIA-Nemotron-3.5-Lightning-30B-A3B-NVFP4/tree/main/additional_chat_templates?recursive=false&expand=false "HTTP/1.1 404 Not Found"
2026-08-13 08:32:25.280 - httpx - INFO - HTTP Request: GET https://huggingface.co/api/models/nvidia/NVIDIA-Nemotron-3.5-Lightning-30B-A3B-NVFP4/tree/main?recursive=true&expand=false "HTTP/1.1 200 OK"
2026-08-13 08:32:25.282 - httpx - INFO - HTTP Request: GET https://huggingface.co/api/models/nvidia/NVIDIA-Nemotron-3.5-Lightning-30B-A3B-NVFP4/tree/main?recursive=true&expand=false "HTTP/1.1 200 OK"
2026-08-13 08:32:25.286 - httpx - INFO - HTTP Request: GET https://huggingface.co/api/models/nvidia/NVIDIA-Nemotron-3.5-Lightning-30B-A3B-NVFP4/tree/main?recursive=true&expand=false "HTTP/1.1 200 OK"
2026-08-13 08:32:25.295 - httpx - INFO - HTTP Request: GET https://huggingface.co/api/models/nvidia/NVIDIA-Nemotron-3.5-Lightning-30B-A3B-NVFP4/tree/main?recursive=true&expand=false "HTTP/1.1 200 OK"
2026-08-13 08:32:26.257 - httpx - INFO - HTTP Request: GET https://huggingface.co/api/models/nvidia/NVIDIA-Nemotron-3.5-Lightning-30B-A3B-NVFP4 "HTTP/1.1 200 OK"
2026-08-13 08:32:26.264 - httpx - INFO - HTTP Request: GET https://huggingface.co/api/models/nvidia/NVIDIA-Nemotron-3.5-Lightning-30B-A3B-NVFP4 "HTTP/1.1 200 OK"
2026-08-13 08:32:26.264 - httpx - INFO - HTTP Request: GET https://huggingface.co/api/models/nvidia/NVIDIA-Nemotron-3.5-Lightning-30B-A3B-NVFP4 "HTTP/1.1 200 OK"
2026-08-13 08:32:26.277 - httpx - INFO - HTTP Request: GET https://huggingface.co/api/models/nvidia/NVIDIA-Nemotron-3.5-Lightning-30B-A3B-NVFP4 "HTTP/1.1 200 OK"
2026-08-13 08:32:26.282 - InferenceResultParser_86e6a11f - INFO - Initialized tokenizers: {'nvidia/NVIDIA-Nemotron-3.5-Lightning-30B-A3B-NVFP4': {'class': 'TokenizersBackend', 'name_or_path': 'nvidia/NVIDIA-Nemotron-3.5-Lightning-30B-A3B-NVFP4'}} in 1.86 seconds
2026-08-13 08:32:26.297 - InferenceResultParser_1fa2ce4a - INFO - Initialized tokenizers: {'nvidia/NVIDIA-Nemotron-3.5-Lightning-30B-A3B-NVFP4': {'class': 'TokenizersBackend', 'name_or_path': 'nvidia/NVIDIA-Nemotron-3.5-Lightning-30B-A3B-NVFP4'}} in 1.87 seconds
2026-08-13 08:32:26.297 - dataset_manager - INFO - Tokenizer(s) configured in 1.87 seconds
2026-08-13 08:32:26.297 - dataset_manager - INFO - Configuring dataset for dataset_manager
2026-08-13 08:32:26.297 - InferenceResultParser_1e13f2e7 - INFO - Initialized tokenizers: {'nvidia/NVIDIA-Nemotron-3.5-Lightning-30B-A3B-NVFP4': {'class': 'TokenizersBackend', 'name_or_path': 'nvidia/NVIDIA-Nemotron-3.5-Lightning-30B-A3B-NVFP4'}} in 1.87 seconds
2026-08-13 08:32:26.532 - CustomDatasetComposer - INFO - Using explicit dataset format: multi_turn
2026-08-13 08:32:26.596 - MemoryMapDatasetBackingStore_0d90f289 - INFO - Memory-mapped backing store initialized (streaming to /tmp/aiperf_mmap_55b71ea1465b/dataset.dat)
2026-08-13 08:32:26.611 - MemoryMapDatasetBackingStore_0d90f289 - INFO - Data file finalized: 500 conversations, 1.27 MB
2026-08-13 08:32:26.611 - MemoryMapDatasetBackingStore_0d90f289 - INFO - Index file created: /tmp/aiperf_mmap_55b71ea1465b/index.dat
2026-08-13 08:32:26.611 - dataset_manager - INFO - Backing store finalized: client_type=DatasetClientStoreType.MEMORY_MAP format=MemoryMapFormat.CONVERSATION data_file_path=PosixPath('/tmp/aiperf_mmap_55b71ea1465b/dataset.dat') index_file_path=PosixPath('/tmp/aiperf_mmap_55b71ea1465b/index.dat') conversation_count=500 total_size_bytes=1331693 compressed=False compressed_data_file_path=None compressed_index_file_path=None compressed_size_bytes=0
2026-08-13 08:32:26.620 - dataset_manager - INFO - sampling strategy: sequential, unique conversations: 500, unique turn count: 1783
2026-08-13 08:32:26.625 - dataset_manager - INFO - Generating inputs.json file at /output/inputs.json
2026-08-13 08:32:26.634 - system_controller - WARNING - Received command response for service we were not expecting: worker_12afce32. Ignoring.
2026-08-13 08:32:26.634 - system_controller - WARNING - Received command response for service we were not expecting: worker_ad15b64a. Ignoring.
2026-08-13 08:32:26.634 - system_controller - WARNING - Received command response for service we were not expecting: worker_0c069344. Ignoring.
2026-08-13 08:32:26.634 - system_controller - WARNING - Received command response for service we were not expecting: worker_73cf2576. Ignoring.
2026-08-13 08:32:26.637 - PhaseOrchestrator_6d1e5dfb - INFO - Initialized 2 phase(s): ['Warmup', 'Profiling']
2026-08-13 08:32:26.637 - system_controller - WARNING - Received command response for service we were not expecting: worker_25e983ef. Ignoring.
2026-08-13 08:32:26.639 - dataset_manager - INFO - inputs.json file generated in 0.01 seconds
2026-08-13 08:32:26.753 - dataset_manager - INFO - Dataset client initialized and freed 500 conversations from memory
2026-08-13 08:32:26.754 - dataset_manager - INFO - Dataset configured in 0.46 seconds
2026-08-13 08:32:26.755 - system_controller - INFO - All services configured in 2.33 seconds
2026-08-13 08:32:26.755 - system_controller - INFO - AIPerf System is CONFIGURED
2026-08-13 08:32:26.756 - server_metrics_manager - INFO - Server Metrics: Started 1 collector(s) successfully
2026-08-13 08:32:26.758 - system_controller - INFO - All services started profiling successfully
2026-08-13 08:32:26.758 - system_controller - INFO - AIPerf System is PROFILING
2026-08-13 08:32:26.760 - RateTiming - INFO - Creating interval generator: pattern=concurrency_burst, rate=None, smoothness=None
2026-08-13 08:32:26.760 - PhaseRunner - NOTICE - Phase warmup (warmup) started | phase_index=0 | target: 3 requests
2026-08-13 08:32:26.761 - PhaseRunner - NOTICE - Phase warmup (warmup) sending complete | sent=3, completed=0, in_flight=3 | sessions: sent=3, completed=0
2026-08-13 08:32:26.761 - records_manager - INFO - Credit phase start: warmup
2026-08-13 08:32:28.611 - PhaseRunner - NOTICE - Phase warmup (warmup) complete | completed=3, cancelled=0, errors=0 | sessions: completed=0, cancelled=0 | elapsed=1.85s
2026-08-13 08:32:28.613 - server_metrics_manager - INFO - Server Metrics: Warmup complete, capturing final warmup metrics...
2026-08-13 08:32:28.613 - RateTiming - INFO - Creating interval generator: pattern=concurrency_burst, rate=None, smoothness=None
2026-08-13 08:32:28.613 - PhaseRunner - NOTICE - Phase profiling (profiling) started | phase_index=1 | profiling_index=0 | target: 50 requests, 50 sessions
2026-08-13 08:32:28.614 - records_manager - INFO - Credit phase start: profiling
2026-08-13 08:32:28.615 - PhaseRunner - NOTICE - Phase profiling (profiling) sending complete | sent=50, completed=0, in_flight=50 | sessions: sent=50, completed=0
2026-08-13 08:32:28.615 - records_manager - INFO - Sent 50 requests. Waiting for all to complete...
2026-08-13 08:32:36.817 - PhaseRunner - NOTICE - Phase profiling (profiling) complete | completed=50, cancelled=0, errors=0 | sessions: completed=6, cancelled=0 | elapsed=8.20s
2026-08-13 08:32:36.818 - PhaseOrchestrator_6d1e5dfb - NOTICE - All credits completed
2026-08-13 08:32:36.819 - system_controller - INFO - Received credits complete from 'timing_manager'
2026-08-13 08:32:36.819 - records_manager - INFO - Received CREDIT_PHASE_COMPLETE message, Phase complete: PhaseRecordsStats(phase=CreditPhase.PROFILING, phase_index=1, profiling_index=0, phase_name='profiling', phase_kind='profiling', start_ns=1786609948613640037, sent_end_ns=1786609948615161290, requests_end_ns=1786609956817171478, baseline_start_ns=1786609948613627077, baseline_end_ns=1786609956817197206, total_expected_requests=50, expected_duration_sec=None, expected_num_sessions=None, expected_grace_period_sec=None, final_requests_sent=None, final_requests_completed=50, final_requests_cancelled=0, final_request_errors=0, final_sent_sessions=None, final_completed_sessions=None, final_cancelled_sessions=None, timeout_triggered=False, grace_period_timeout_triggered=False, was_cancelled=False, records_end_ns=None, success_records=49, error_records=0)
2026-08-13 08:32:36.819 - records_manager - NOTICE - All requests have completed, please wait for the results to be processed (currently 49 of 50 records processed)...
2026-08-13 08:32:36.819 - records_manager - INFO - All credits complete, please wait for the results to be processed...
2026-08-13 08:32:36.823 - records_manager - INFO - Processed 50 valid requests and 0 errors (50 total).
2026-08-13 08:32:36.823 - records_manager - INFO - Received all records, processing now...
2026-08-13 08:32:36.824 - server_metrics_manager - INFO - Server Metrics: Profiling complete, capturing final metrics...
2026-08-13 08:32:36.824 - gpu_telemetry_manager - INFO - GPU Telemetry: Profiling complete, capturing final metrics...
2026-08-13 08:32:36.826 - records_manager - INFO - Waiting 2.0s for server metrics flush period...
2026-08-13 08:32:38.818 - records_manager - INFO - Processing records results...
2026-08-13 08:32:38.937 - system_controller - INFO - Waiting for result domains: server_metrics, telemetry
2026-08-13 08:32:38.937 - system_controller - INFO - Waiting for result domains: server_metrics
2026-08-13 08:32:38.952 - records_manager - INFO - _finalize_and_process_results completed
2026-08-13 08:32:38.953 - system_controller - INFO - All results received, initiating shutdown
2026-08-13 08:32:39.556 - ExporterManager - INFO - Exporting all records
2026-08-13 08:32:39.613 - ExporterManager - INFO - Exporting console data
