2026-08-13 08:28:41.446 - aiperf.cli_runner._single_run - INFO - Starting AIPerf System
2026-08-13 08:28:41.888 - httpx - INFO - HTTP Request: GET https://huggingface.co/api/models/nvidia/NVIDIA-Nemotron-3.5-Lightning-30B-A3B-NVFP4 "HTTP/1.1 200 OK"
2026-08-13 08:28:41.903 - aiperf.config.resolution.resolvers - INFO - [OK] Tokenizer nvidia/NVIDIA-Nemotron-3.5-Lightning-30B-A3B-NVFP4 detected
2026-08-13 08:28:41.903 - aiperf.config.resolution.resolvers - INFO - 1 tokenizer validated | 0.4s
2026-08-13 08:28:41.903 - aiperf.config.resolution.resolvers - INFO - Prefetching 1 tokenizer into HF cache...
2026-08-13 08:28:42.751 - httpx - INFO - HTTP Request: HEAD https://huggingface.co/nvidia/NVIDIA-Nemotron-3.5-Lightning-30B-A3B-NVFP4/resolve/main/config.json "HTTP/1.1 307 Temporary Redirect"
2026-08-13 08:28:42.765 - httpx - INFO - HTTP Request: HEAD https://huggingface.co/api/resolve-cache/models/nvidia/NVIDIA-Nemotron-3.5-Lightning-30B-A3B-NVFP4/29f2d1746d8f41e316523194b19018707749b1b1/config.json "HTTP/1.1 200 OK"
2026-08-13 08:28:42.778 - httpx - INFO - HTTP Request: GET https://huggingface.co/api/resolve-cache/models/nvidia/NVIDIA-Nemotron-3.5-Lightning-30B-A3B-NVFP4/29f2d1746d8f41e316523194b19018707749b1b1/config.json "HTTP/1.1 200 OK"
2026-08-13 08:28:42.910 - httpx - INFO - HTTP Request: HEAD https://huggingface.co/nvidia/NVIDIA-Nemotron-3.5-Lightning-30B-A3B-NVFP4/resolve/main/tokenizer_config.json "HTTP/1.1 307 Temporary Redirect"
2026-08-13 08:28:42.920 - httpx - INFO - HTTP Request: HEAD https://huggingface.co/api/resolve-cache/models/nvidia/NVIDIA-Nemotron-3.5-Lightning-30B-A3B-NVFP4/29f2d1746d8f41e316523194b19018707749b1b1/tokenizer_config.json "HTTP/1.1 200 OK"
2026-08-13 08:28:42.935 - httpx - INFO - HTTP Request: GET https://huggingface.co/api/resolve-cache/models/nvidia/NVIDIA-Nemotron-3.5-Lightning-30B-A3B-NVFP4/29f2d1746d8f41e316523194b19018707749b1b1/tokenizer_config.json "HTTP/1.1 200 OK"
2026-08-13 08:28:43.031 - httpx - INFO - HTTP Request: GET https://huggingface.co/api/models/nvidia/NVIDIA-Nemotron-3.5-Lightning-30B-A3B-NVFP4/tree/main/additional_chat_templates?recursive=false&expand=false "HTTP/1.1 404 Not Found"
2026-08-13 08:28:43.122 - httpx - INFO - HTTP Request: GET https://huggingface.co/api/models/nvidia/NVIDIA-Nemotron-3.5-Lightning-30B-A3B-NVFP4/tree/main?recursive=true&expand=false "HTTP/1.1 200 OK"
2026-08-13 08:28:43.215 - httpx - INFO - HTTP Request: HEAD https://huggingface.co/nvidia/NVIDIA-Nemotron-3.5-Lightning-30B-A3B-NVFP4/resolve/main/tokenizer.json "HTTP/1.1 302 Found"
2026-08-13 08:28:43.215 - huggingface_hub.utils._http - WARNING - Warning: You are sending unauthenticated requests to the HF Hub. Please set a HF_TOKEN to enable higher rate limits and faster downloads.
2026-08-13 08:28:43.308 - httpx - INFO - HTTP Request: GET https://huggingface.co/api/models/nvidia/NVIDIA-Nemotron-3.5-Lightning-30B-A3B-NVFP4/xet-read-token/29f2d1746d8f41e316523194b19018707749b1b1 "HTTP/1.1 200 OK"
2026-08-13 08:28:44.292 - httpx - INFO - HTTP Request: HEAD https://huggingface.co/nvidia/NVIDIA-Nemotron-3.5-Lightning-30B-A3B-NVFP4/resolve/main/tokenizer.model "HTTP/1.1 404 Not Found"
2026-08-13 08:28:44.377 - httpx - INFO - HTTP Request: HEAD https://huggingface.co/nvidia/NVIDIA-Nemotron-3.5-Lightning-30B-A3B-NVFP4/resolve/main/added_tokens.json "HTTP/1.1 404 Not Found"
2026-08-13 08:28:44.456 - httpx - INFO - HTTP Request: HEAD https://huggingface.co/nvidia/NVIDIA-Nemotron-3.5-Lightning-30B-A3B-NVFP4/resolve/main/special_tokens_map.json "HTTP/1.1 307 Temporary Redirect"
2026-08-13 08:28:44.468 - httpx - INFO - HTTP Request: HEAD https://huggingface.co/api/resolve-cache/models/nvidia/NVIDIA-Nemotron-3.5-Lightning-30B-A3B-NVFP4/29f2d1746d8f41e316523194b19018707749b1b1/special_tokens_map.json "HTTP/1.1 200 OK"
2026-08-13 08:28:44.479 - httpx - INFO - HTTP Request: GET https://huggingface.co/api/resolve-cache/models/nvidia/NVIDIA-Nemotron-3.5-Lightning-30B-A3B-NVFP4/29f2d1746d8f41e316523194b19018707749b1b1/special_tokens_map.json "HTTP/1.1 200 OK"
2026-08-13 08:28:44.559 - httpx - INFO - HTTP Request: HEAD https://huggingface.co/nvidia/NVIDIA-Nemotron-3.5-Lightning-30B-A3B-NVFP4/resolve/main/chat_template.jinja "HTTP/1.1 307 Temporary Redirect"
2026-08-13 08:28:44.573 - httpx - INFO - HTTP Request: HEAD https://huggingface.co/api/resolve-cache/models/nvidia/NVIDIA-Nemotron-3.5-Lightning-30B-A3B-NVFP4/29f2d1746d8f41e316523194b19018707749b1b1/chat_template.jinja "HTTP/1.1 200 OK"
2026-08-13 08:28:44.591 - httpx - INFO - HTTP Request: GET https://huggingface.co/api/resolve-cache/models/nvidia/NVIDIA-Nemotron-3.5-Lightning-30B-A3B-NVFP4/29f2d1746d8f41e316523194b19018707749b1b1/chat_template.jinja "HTTP/1.1 200 OK"
2026-08-13 08:28:45.468 - httpx - INFO - HTTP Request: GET https://huggingface.co/api/models/nvidia/NVIDIA-Nemotron-3.5-Lightning-30B-A3B-NVFP4 "HTTP/1.1 200 OK"
2026-08-13 08:28:45.506 - aiperf.config.resolution.resolvers - INFO -   Cached nvidia/NVIDIA-Nemotron-3.5-Lightning-30B-A3B-NVFP4 (3.59s)
2026-08-13 08:28:45.559 - aiperf.config.resolution.resolvers - INFO - 1 tokenizer cached • 3.7s
2026-08-13 08:28:45.938 - system_controller - INFO - Registered Gpu Telemetry Manager (id: 'gpu_telemetry_manager')
2026-08-13 08:28:45.980 - server_metrics_manager - INFO - Server Metrics: Discovered 1 endpoints: ['http://localhost:8000/metrics']
2026-08-13 08:28:46.010 - GPUTelemetryJSONLWriter_9d71ebb6 - INFO - GPU telemetry export enabled: /output/gpu_telemetry_export.jsonl
2026-08-13 08:28:46.019 - OTelMetricsResultsProcessor_c36798cc - INFO - Telemetry streaming is disabled (set --otel-url and/or --mlflow-tracking-uri to enable)
2026-08-13 08:28:46.020 - RecordExportJSONLWriter_8e7cece5 - INFO - Record metrics export enabled: /output/profile_export.jsonl
2026-08-13 08:28:46.025 - system_controller - INFO - Registered Records Manager (id: 'records_manager')
2026-08-13 08:28:46.036 - system_controller - INFO - Registered Worker Manager (id: 'worker_manager')
2026-08-13 08:28:46.068 - system_controller - INFO - Registered Dataset Manager (id: 'dataset_manager')
2026-08-13 08:28:46.085 - system_controller - INFO - Registered Server Metrics Manager (id: 'server_metrics_manager')
2026-08-13 08:28:46.202 - system_controller - INFO - Registered Record Processor (id: 'record_processor_50e3ba82')
2026-08-13 08:28:46.218 - system_controller - INFO - Registered Timing Manager (id: 'timing_manager')
2026-08-13 08:28:46.313 - system_controller - INFO - Registered Worker (id: 'worker_e7b1b007')
2026-08-13 08:28:46.343 - system_controller - INFO - Registered Worker (id: 'worker_3e3e6572')
2026-08-13 08:28:46.416 - system_controller - INFO - AIPerf System is CONFIGURING
2026-08-13 08:28:46.416 - system_controller - INFO - Configuring all services to start profiling
2026-08-13 08:28:46.417 - timing_manager - INFO - Waiting for dataset to be configured before configuring timing
2026-08-13 08:28:46.417 - InferenceResultParser_b8167e2d - INFO - Configuring tokenizers for inference result parser (resolve_alias: True)
2026-08-13 08:28:46.418 - dataset_manager - INFO - Configuring tokenizer(s) for dataset manager
2026-08-13 08:28:46.424 - server_metrics_manager - INFO - Server Metrics: Capturing baseline metrics...
2026-08-13 08:28:46.434 - http://localhost:8000/metrics - INFO - Skipping unsupported summary metric: http_request_size_bytes
2026-08-13 08:28:46.434 - http://localhost:8000/metrics - INFO - Skipping unsupported summary metric: http_response_size_bytes
2026-08-13 08:28:46.435 - system_controller - INFO - Server metrics enabled - 1/1 endpoint(s) reachable.
2026-08-13 08:28:46.435 - system_controller - INFO - Waiting for result domains: profile, server_metrics, telemetry
2026-08-13 08:28:46.454 - gpu_telemetry_manager - INFO - GPU Telemetry: Capturing baseline metrics from pynvml://localhost
2026-08-13 08:28:46.463 - pynvml_collector - INFO - PyNVML initialized with 1 GPU(s) (0 with GPM support)
2026-08-13 08:28:46.478 - system_controller - INFO - DCGM telemetry enabled - 1/1 endpoint(s) reachable
2026-08-13 08:28:46.975 - httpx - INFO - HTTP Request: HEAD https://huggingface.co/nvidia/NVIDIA-Nemotron-3.5-Lightning-30B-A3B-NVFP4/resolve/main/config.json "HTTP/1.1 307 Temporary Redirect"
2026-08-13 08:28:46.976 - httpx - INFO - HTTP Request: HEAD https://huggingface.co/nvidia/NVIDIA-Nemotron-3.5-Lightning-30B-A3B-NVFP4/resolve/main/config.json "HTTP/1.1 307 Temporary Redirect"
2026-08-13 08:28:46.976 - huggingface_hub.utils._http - WARNING - Warning: You are sending unauthenticated requests to the HF Hub. Please set a HF_TOKEN to enable higher rate limits and faster downloads.
2026-08-13 08:28:46.988 - httpx - INFO - HTTP Request: HEAD https://huggingface.co/api/resolve-cache/models/nvidia/NVIDIA-Nemotron-3.5-Lightning-30B-A3B-NVFP4/29f2d1746d8f41e316523194b19018707749b1b1/config.json "HTTP/1.1 200 OK"
2026-08-13 08:28:46.988 - httpx - INFO - HTTP Request: HEAD https://huggingface.co/api/resolve-cache/models/nvidia/NVIDIA-Nemotron-3.5-Lightning-30B-A3B-NVFP4/29f2d1746d8f41e316523194b19018707749b1b1/config.json "HTTP/1.1 200 OK"
2026-08-13 08:28:47.116 - httpx - INFO - HTTP Request: HEAD https://huggingface.co/nvidia/NVIDIA-Nemotron-3.5-Lightning-30B-A3B-NVFP4/resolve/main/tokenizer_config.json "HTTP/1.1 307 Temporary Redirect"
2026-08-13 08:28:47.118 - httpx - INFO - HTTP Request: HEAD https://huggingface.co/nvidia/NVIDIA-Nemotron-3.5-Lightning-30B-A3B-NVFP4/resolve/main/tokenizer_config.json "HTTP/1.1 307 Temporary Redirect"
2026-08-13 08:28:47.118 - huggingface_hub.utils._http - WARNING - Warning: You are sending unauthenticated requests to the HF Hub. Please set a HF_TOKEN to enable higher rate limits and faster downloads.
2026-08-13 08:28:47.127 - httpx - INFO - HTTP Request: HEAD https://huggingface.co/api/resolve-cache/models/nvidia/NVIDIA-Nemotron-3.5-Lightning-30B-A3B-NVFP4/29f2d1746d8f41e316523194b19018707749b1b1/tokenizer_config.json "HTTP/1.1 200 OK"
2026-08-13 08:28:47.127 - httpx - INFO - HTTP Request: HEAD https://huggingface.co/api/resolve-cache/models/nvidia/NVIDIA-Nemotron-3.5-Lightning-30B-A3B-NVFP4/29f2d1746d8f41e316523194b19018707749b1b1/tokenizer_config.json "HTTP/1.1 200 OK"
2026-08-13 08:28:47.215 - httpx - INFO - HTTP Request: GET https://huggingface.co/api/models/nvidia/NVIDIA-Nemotron-3.5-Lightning-30B-A3B-NVFP4/tree/main/additional_chat_templates?recursive=false&expand=false "HTTP/1.1 404 Not Found"
2026-08-13 08:28:47.215 - httpx - INFO - HTTP Request: GET https://huggingface.co/api/models/nvidia/NVIDIA-Nemotron-3.5-Lightning-30B-A3B-NVFP4/tree/main/additional_chat_templates?recursive=false&expand=false "HTTP/1.1 404 Not Found"
2026-08-13 08:28:47.293 - httpx - INFO - HTTP Request: GET https://huggingface.co/api/models/nvidia/NVIDIA-Nemotron-3.5-Lightning-30B-A3B-NVFP4/tree/main?recursive=true&expand=false "HTTP/1.1 200 OK"
2026-08-13 08:28:47.299 - httpx - INFO - HTTP Request: GET https://huggingface.co/api/models/nvidia/NVIDIA-Nemotron-3.5-Lightning-30B-A3B-NVFP4/tree/main?recursive=true&expand=false "HTTP/1.1 200 OK"
2026-08-13 08:28:48.203 - httpx - INFO - HTTP Request: GET https://huggingface.co/api/models/nvidia/NVIDIA-Nemotron-3.5-Lightning-30B-A3B-NVFP4 "HTTP/1.1 200 OK"
2026-08-13 08:28:48.209 - httpx - INFO - HTTP Request: GET https://huggingface.co/api/models/nvidia/NVIDIA-Nemotron-3.5-Lightning-30B-A3B-NVFP4 "HTTP/1.1 200 OK"
2026-08-13 08:28:48.235 - dataset_manager - INFO - Tokenizer(s) configured in 1.82 seconds
2026-08-13 08:28:48.235 - dataset_manager - INFO - Configuring dataset for dataset_manager
2026-08-13 08:28:48.236 - InferenceResultParser_b8167e2d - INFO - Initialized tokenizers: {'nvidia/NVIDIA-Nemotron-3.5-Lightning-30B-A3B-NVFP4': {'class': 'TokenizersBackend', 'name_or_path': 'nvidia/NVIDIA-Nemotron-3.5-Lightning-30B-A3B-NVFP4'}} in 1.82 seconds
2026-08-13 08:28:48.460 - CustomDatasetComposer - INFO - Using explicit dataset format: multi_turn
2026-08-13 08:28:48.507 - MemoryMapDatasetBackingStore_c1a7446e - INFO - Memory-mapped backing store initialized (streaming to /tmp/aiperf_mmap_e8728873a160/dataset.dat)
2026-08-13 08:28:48.528 - MemoryMapDatasetBackingStore_c1a7446e - INFO - Data file finalized: 500 conversations, 1.27 MB
2026-08-13 08:28:48.528 - MemoryMapDatasetBackingStore_c1a7446e - INFO - Index file created: /tmp/aiperf_mmap_e8728873a160/index.dat
2026-08-13 08:28:48.529 - dataset_manager - INFO - Backing store finalized: client_type=DatasetClientStoreType.MEMORY_MAP format=MemoryMapFormat.CONVERSATION data_file_path=PosixPath('/tmp/aiperf_mmap_e8728873a160/dataset.dat') index_file_path=PosixPath('/tmp/aiperf_mmap_e8728873a160/index.dat') conversation_count=500 total_size_bytes=1331693 compressed=False compressed_data_file_path=None compressed_index_file_path=None compressed_size_bytes=0
2026-08-13 08:28:48.537 - dataset_manager - INFO - sampling strategy: sequential, unique conversations: 500, unique turn count: 1783
2026-08-13 08:28:48.542 - dataset_manager - INFO - Generating inputs.json file at /output/inputs.json
2026-08-13 08:28:48.548 - PhaseOrchestrator_3e6525c4 - INFO - Initialized 2 phase(s): ['Warmup', 'Profiling']
2026-08-13 08:28:48.555 - dataset_manager - INFO - inputs.json file generated in 0.01 seconds
2026-08-13 08:28:48.666 - dataset_manager - INFO - Dataset client initialized and freed 500 conversations from memory
2026-08-13 08:28:48.666 - dataset_manager - INFO - Dataset configured in 0.43 seconds
2026-08-13 08:28:48.667 - system_controller - INFO - All services configured in 2.25 seconds
2026-08-13 08:28:48.668 - system_controller - INFO - AIPerf System is CONFIGURED
2026-08-13 08:28:48.669 - server_metrics_manager - INFO - Server Metrics: Started 1 collector(s) successfully
2026-08-13 08:28:48.669 - system_controller - INFO - All services started profiling successfully
2026-08-13 08:28:48.670 - system_controller - INFO - AIPerf System is PROFILING
2026-08-13 08:28:48.672 - RateTiming - INFO - Creating interval generator: pattern=concurrency_burst, rate=None, smoothness=None
2026-08-13 08:28:48.672 - PhaseRunner - NOTICE - Phase warmup (warmup) started | phase_index=0 | target: 3 requests
2026-08-13 08:28:48.673 - records_manager - INFO - Credit phase start: warmup
2026-08-13 08:28:49.446 - PhaseRunner - NOTICE - Phase warmup (warmup) sending complete | sent=3, completed=1, in_flight=2 | sessions: sent=2, completed=0
2026-08-13 08:28:51.196 - PhaseRunner - NOTICE - Phase warmup (warmup) complete | completed=3, cancelled=0, errors=0 | sessions: completed=0, cancelled=0 | elapsed=2.52s
2026-08-13 08:28:51.197 - RateTiming - INFO - Creating interval generator: pattern=concurrency_burst, rate=None, smoothness=None
2026-08-13 08:28:51.197 - PhaseRunner - NOTICE - Phase profiling (profiling) started | phase_index=1 | profiling_index=0 | target: 50 requests, 50 sessions
2026-08-13 08:28:51.197 - server_metrics_manager - INFO - Server Metrics: Warmup complete, capturing final warmup metrics...
2026-08-13 08:28:51.198 - records_manager - INFO - Credit phase start: profiling
2026-08-13 08:29:33.805 - PhaseRunner - NOTICE - Phase profiling (profiling) sending complete | sent=50, completed=48, in_flight=2 | sessions: sent=15, completed=13
2026-08-13 08:29:33.807 - records_manager - INFO - Sent 50 requests. Waiting for all to complete...
2026-08-13 08:29:35.476 - PhaseRunner - NOTICE - Phase profiling (profiling) complete | completed=50, cancelled=0, errors=0 | sessions: completed=14, cancelled=0 | elapsed=44.28s
2026-08-13 08:29:35.476 - PhaseOrchestrator_3e6525c4 - NOTICE - All credits completed
2026-08-13 08:29:35.478 - system_controller - INFO - Received credits complete from 'timing_manager'
2026-08-13 08:29:35.478 - records_manager - INFO - Received CREDIT_PHASE_COMPLETE message, Phase complete: PhaseRecordsStats(phase=CreditPhase.PROFILING, phase_index=1, profiling_index=0, phase_name='profiling', phase_kind='profiling', start_ns=1786609731197516410, sent_end_ns=1786609773805413067, requests_end_ns=1786609775475697856, baseline_start_ns=1786609731197510362, baseline_end_ns=1786609775475708752, total_expected_requests=50, expected_duration_sec=None, expected_num_sessions=None, expected_grace_period_sec=None, final_requests_sent=None, final_requests_completed=50, final_requests_cancelled=0, final_request_errors=0, final_sent_sessions=None, final_completed_sessions=None, final_cancelled_sessions=None, timeout_triggered=False, grace_period_timeout_triggered=False, was_cancelled=False, records_end_ns=None, success_records=49, error_records=0)
2026-08-13 08:29:35.478 - records_manager - NOTICE - All requests have completed, please wait for the results to be processed (currently 49 of 50 records processed)...
2026-08-13 08:29:35.478 - records_manager - INFO - All credits complete, please wait for the results to be processed...
2026-08-13 08:29:35.481 - records_manager - INFO - Processed 50 valid requests and 0 errors (50 total).
2026-08-13 08:29:35.481 - records_manager - INFO - Received all records, processing now...
2026-08-13 08:29:35.483 - gpu_telemetry_manager - INFO - GPU Telemetry: Profiling complete, capturing final metrics...
2026-08-13 08:29:35.484 - records_manager - INFO - Waiting 2.0s for server metrics flush period...
2026-08-13 08:29:35.494 - server_metrics_manager - INFO - Server Metrics: Profiling complete, capturing final metrics...
2026-08-13 08:29:37.477 - records_manager - INFO - Processing records results...
2026-08-13 08:29:37.637 - system_controller - INFO - Waiting for result domains: server_metrics, telemetry
2026-08-13 08:29:37.638 - system_controller - INFO - Waiting for result domains: server_metrics
2026-08-13 08:29:37.679 - records_manager - INFO - _finalize_and_process_results completed
2026-08-13 08:29:37.680 - system_controller - INFO - All results received, initiating shutdown
2026-08-13 08:29:38.284 - ExporterManager - INFO - Exporting all records
2026-08-13 08:29:38.329 - ExporterManager - INFO - Exporting console data
