2026-08-12 17:49:07.096 - aiperf.cli_runner._single_run - INFO - Starting AIPerf System
2026-08-12 17:49:07.591 - httpx - INFO - HTTP Request: GET https://huggingface.co/api/models/nvidia/NVIDIA-Nemotron-3.5-Lightning-30B-A3B-NVFP4 "HTTP/1.1 200 OK"
2026-08-12 17:49:07.601 - aiperf.config.resolution.resolvers - INFO - [OK] Tokenizer nvidia/NVIDIA-Nemotron-3.5-Lightning-30B-A3B-NVFP4 detected
2026-08-12 17:49:07.601 - aiperf.config.resolution.resolvers - INFO - 1 tokenizer validated | 0.5s
2026-08-12 17:49:07.601 - aiperf.config.resolution.resolvers - INFO - Prefetching 1 tokenizer into HF cache...
2026-08-12 17:49:08.443 - httpx - INFO - HTTP Request: HEAD https://huggingface.co/nvidia/NVIDIA-Nemotron-3.5-Lightning-30B-A3B-NVFP4/resolve/main/config.json "HTTP/1.1 307 Temporary Redirect"
2026-08-12 17:49:08.444 - huggingface_hub.utils._http - WARNING - Warning: You are sending unauthenticated requests to the HF Hub. Please set a HF_TOKEN to enable higher rate limits and faster downloads.
2026-08-12 17:49:08.456 - httpx - INFO - HTTP Request: HEAD https://huggingface.co/api/resolve-cache/models/nvidia/NVIDIA-Nemotron-3.5-Lightning-30B-A3B-NVFP4/29f2d1746d8f41e316523194b19018707749b1b1/config.json "HTTP/1.1 200 OK"
2026-08-12 17:49:08.473 - httpx - INFO - HTTP Request: GET https://huggingface.co/api/resolve-cache/models/nvidia/NVIDIA-Nemotron-3.5-Lightning-30B-A3B-NVFP4/29f2d1746d8f41e316523194b19018707749b1b1/config.json "HTTP/1.1 200 OK"
2026-08-12 17:49:08.617 - httpx - INFO - HTTP Request: HEAD https://huggingface.co/nvidia/NVIDIA-Nemotron-3.5-Lightning-30B-A3B-NVFP4/resolve/main/tokenizer_config.json "HTTP/1.1 307 Temporary Redirect"
2026-08-12 17:49:08.631 - httpx - INFO - HTTP Request: HEAD https://huggingface.co/api/resolve-cache/models/nvidia/NVIDIA-Nemotron-3.5-Lightning-30B-A3B-NVFP4/29f2d1746d8f41e316523194b19018707749b1b1/tokenizer_config.json "HTTP/1.1 200 OK"
2026-08-12 17:49:08.643 - httpx - INFO - HTTP Request: GET https://huggingface.co/api/resolve-cache/models/nvidia/NVIDIA-Nemotron-3.5-Lightning-30B-A3B-NVFP4/29f2d1746d8f41e316523194b19018707749b1b1/tokenizer_config.json "HTTP/1.1 200 OK"
2026-08-12 17:49:08.729 - httpx - INFO - HTTP Request: GET https://huggingface.co/api/models/nvidia/NVIDIA-Nemotron-3.5-Lightning-30B-A3B-NVFP4/tree/main/additional_chat_templates?recursive=false&expand=false "HTTP/1.1 404 Not Found"
2026-08-12 17:49:08.817 - httpx - INFO - HTTP Request: GET https://huggingface.co/api/models/nvidia/NVIDIA-Nemotron-3.5-Lightning-30B-A3B-NVFP4/tree/main?recursive=true&expand=false "HTTP/1.1 200 OK"
2026-08-12 17:49:08.903 - httpx - INFO - HTTP Request: HEAD https://huggingface.co/nvidia/NVIDIA-Nemotron-3.5-Lightning-30B-A3B-NVFP4/resolve/main/tokenizer.json "HTTP/1.1 302 Found"
2026-08-12 17:49:08.990 - httpx - INFO - HTTP Request: GET https://huggingface.co/api/models/nvidia/NVIDIA-Nemotron-3.5-Lightning-30B-A3B-NVFP4/xet-read-token/29f2d1746d8f41e316523194b19018707749b1b1 "HTTP/1.1 200 OK"
2026-08-12 17:49:09.876 - httpx - INFO - HTTP Request: HEAD https://huggingface.co/nvidia/NVIDIA-Nemotron-3.5-Lightning-30B-A3B-NVFP4/resolve/main/tokenizer.model "HTTP/1.1 404 Not Found"
2026-08-12 17:49:09.963 - httpx - INFO - HTTP Request: HEAD https://huggingface.co/nvidia/NVIDIA-Nemotron-3.5-Lightning-30B-A3B-NVFP4/resolve/main/added_tokens.json "HTTP/1.1 404 Not Found"
2026-08-12 17:49:10.043 - httpx - INFO - HTTP Request: HEAD https://huggingface.co/nvidia/NVIDIA-Nemotron-3.5-Lightning-30B-A3B-NVFP4/resolve/main/special_tokens_map.json "HTTP/1.1 307 Temporary Redirect"
2026-08-12 17:49:10.059 - httpx - INFO - HTTP Request: HEAD https://huggingface.co/api/resolve-cache/models/nvidia/NVIDIA-Nemotron-3.5-Lightning-30B-A3B-NVFP4/29f2d1746d8f41e316523194b19018707749b1b1/special_tokens_map.json "HTTP/1.1 200 OK"
2026-08-12 17:49:10.072 - httpx - INFO - HTTP Request: GET https://huggingface.co/api/resolve-cache/models/nvidia/NVIDIA-Nemotron-3.5-Lightning-30B-A3B-NVFP4/29f2d1746d8f41e316523194b19018707749b1b1/special_tokens_map.json "HTTP/1.1 200 OK"
2026-08-12 17:49:10.152 - httpx - INFO - HTTP Request: HEAD https://huggingface.co/nvidia/NVIDIA-Nemotron-3.5-Lightning-30B-A3B-NVFP4/resolve/main/chat_template.jinja "HTTP/1.1 307 Temporary Redirect"
2026-08-12 17:49:10.166 - httpx - INFO - HTTP Request: HEAD https://huggingface.co/api/resolve-cache/models/nvidia/NVIDIA-Nemotron-3.5-Lightning-30B-A3B-NVFP4/29f2d1746d8f41e316523194b19018707749b1b1/chat_template.jinja "HTTP/1.1 200 OK"
2026-08-12 17:49:10.179 - httpx - INFO - HTTP Request: GET https://huggingface.co/api/resolve-cache/models/nvidia/NVIDIA-Nemotron-3.5-Lightning-30B-A3B-NVFP4/29f2d1746d8f41e316523194b19018707749b1b1/chat_template.jinja "HTTP/1.1 200 OK"
2026-08-12 17:49:11.040 - httpx - INFO - HTTP Request: GET https://huggingface.co/api/models/nvidia/NVIDIA-Nemotron-3.5-Lightning-30B-A3B-NVFP4 "HTTP/1.1 200 OK"
2026-08-12 17:49:11.098 - aiperf.config.resolution.resolvers - INFO -   Cached nvidia/NVIDIA-Nemotron-3.5-Lightning-30B-A3B-NVFP4 (3.48s)
2026-08-12 17:49:11.145 - aiperf.config.resolution.resolvers - INFO - 1 tokenizer cached • 3.5s
2026-08-12 17:49:11.547 - server_metrics_manager - INFO - Server Metrics: Discovered 1 endpoints: ['http://localhost:8000/metrics']
2026-08-12 17:49:11.603 - GPUTelemetryJSONLWriter_2b9658bd - INFO - GPU telemetry export enabled: /output/gpu_telemetry_export.jsonl
2026-08-12 17:49:11.604 - system_controller - INFO - Registered Worker Manager (id: 'worker_manager')
2026-08-12 17:49:11.613 - OTelMetricsResultsProcessor_3bf7d31b - INFO - Telemetry streaming is disabled (set --otel-url and/or --mlflow-tracking-uri to enable)
2026-08-12 17:49:11.617 - RecordExportJSONLWriter_8316aff9 - INFO - Record metrics export enabled: /output/profile_export.jsonl
2026-08-12 17:49:11.635 - system_controller - INFO - Registered Gpu Telemetry Manager (id: 'gpu_telemetry_manager')
2026-08-12 17:49:11.636 - system_controller - INFO - Registered Dataset Manager (id: 'dataset_manager')
2026-08-12 17:49:11.651 - system_controller - INFO - Registered Server Metrics Manager (id: 'server_metrics_manager')
2026-08-12 17:49:11.684 - system_controller - INFO - Registered Timing Manager (id: 'timing_manager')
2026-08-12 17:49:11.723 - system_controller - INFO - Registered Records Manager (id: 'records_manager')
2026-08-12 17:49:11.784 - system_controller - INFO - Registered Record Processor (id: 'record_processor_a06c0388')
2026-08-12 17:49:11.943 - system_controller - INFO - Registered Worker (id: 'worker_bd727801')
2026-08-12 17:49:11.944 - system_controller - INFO - Registered Worker (id: 'worker_45ca54b1')
2026-08-12 17:49:11.992 - system_controller - INFO - AIPerf System is CONFIGURING
2026-08-12 17:49:11.992 - system_controller - INFO - Configuring all services to start profiling
2026-08-12 17:49:11.993 - timing_manager - INFO - Waiting for dataset to be configured before configuring timing
2026-08-12 17:49:11.993 - InferenceResultParser_6adbf860 - INFO - Configuring tokenizers for inference result parser (resolve_alias: True)
2026-08-12 17:49:11.994 - dataset_manager - INFO - Configuring tokenizer(s) for dataset manager
2026-08-12 17:49:12.002 - server_metrics_manager - INFO - Server Metrics: Capturing baseline metrics...
2026-08-12 17:49:12.015 - http://localhost:8000/metrics - INFO - Skipping unsupported summary metric: http_request_size_bytes
2026-08-12 17:49:12.015 - http://localhost:8000/metrics - INFO - Skipping unsupported summary metric: http_response_size_bytes
2026-08-12 17:49:12.016 - system_controller - INFO - Server metrics enabled - 1/1 endpoint(s) reachable.
2026-08-12 17:49:12.016 - system_controller - INFO - Waiting for result domains: profile, server_metrics, telemetry
2026-08-12 17:49:12.032 - gpu_telemetry_manager - INFO - GPU Telemetry: Capturing baseline metrics from pynvml://localhost
2026-08-12 17:49:12.042 - pynvml_collector - INFO - PyNVML initialized with 1 GPU(s) (0 with GPM support)
2026-08-12 17:49:12.056 - system_controller - INFO - DCGM telemetry enabled - 1/1 endpoint(s) reachable
2026-08-12 17:49:12.535 - httpx - INFO - HTTP Request: HEAD https://huggingface.co/nvidia/NVIDIA-Nemotron-3.5-Lightning-30B-A3B-NVFP4/resolve/main/config.json "HTTP/1.1 307 Temporary Redirect"
2026-08-12 17:49:12.538 - httpx - INFO - HTTP Request: HEAD https://huggingface.co/nvidia/NVIDIA-Nemotron-3.5-Lightning-30B-A3B-NVFP4/resolve/main/config.json "HTTP/1.1 307 Temporary Redirect"
2026-08-12 17:49:12.539 - huggingface_hub.utils._http - WARNING - Warning: You are sending unauthenticated requests to the HF Hub. Please set a HF_TOKEN to enable higher rate limits and faster downloads.
2026-08-12 17:49:12.547 - httpx - INFO - HTTP Request: HEAD https://huggingface.co/api/resolve-cache/models/nvidia/NVIDIA-Nemotron-3.5-Lightning-30B-A3B-NVFP4/29f2d1746d8f41e316523194b19018707749b1b1/config.json "HTTP/1.1 200 OK"
2026-08-12 17:49:12.551 - httpx - INFO - HTTP Request: HEAD https://huggingface.co/api/resolve-cache/models/nvidia/NVIDIA-Nemotron-3.5-Lightning-30B-A3B-NVFP4/29f2d1746d8f41e316523194b19018707749b1b1/config.json "HTTP/1.1 200 OK"
2026-08-12 17:49:12.679 - httpx - INFO - HTTP Request: HEAD https://huggingface.co/nvidia/NVIDIA-Nemotron-3.5-Lightning-30B-A3B-NVFP4/resolve/main/tokenizer_config.json "HTTP/1.1 307 Temporary Redirect"
2026-08-12 17:49:12.679 - huggingface_hub.utils._http - WARNING - Warning: You are sending unauthenticated requests to the HF Hub. Please set a HF_TOKEN to enable higher rate limits and faster downloads.
2026-08-12 17:49:12.684 - httpx - INFO - HTTP Request: HEAD https://huggingface.co/nvidia/NVIDIA-Nemotron-3.5-Lightning-30B-A3B-NVFP4/resolve/main/tokenizer_config.json "HTTP/1.1 307 Temporary Redirect"
2026-08-12 17:49:12.695 - httpx - INFO - HTTP Request: HEAD https://huggingface.co/api/resolve-cache/models/nvidia/NVIDIA-Nemotron-3.5-Lightning-30B-A3B-NVFP4/29f2d1746d8f41e316523194b19018707749b1b1/tokenizer_config.json "HTTP/1.1 200 OK"
2026-08-12 17:49:12.696 - httpx - INFO - HTTP Request: HEAD https://huggingface.co/api/resolve-cache/models/nvidia/NVIDIA-Nemotron-3.5-Lightning-30B-A3B-NVFP4/29f2d1746d8f41e316523194b19018707749b1b1/tokenizer_config.json "HTTP/1.1 200 OK"
2026-08-12 17:49:12.780 - httpx - INFO - HTTP Request: GET https://huggingface.co/api/models/nvidia/NVIDIA-Nemotron-3.5-Lightning-30B-A3B-NVFP4/tree/main/additional_chat_templates?recursive=false&expand=false "HTTP/1.1 404 Not Found"
2026-08-12 17:49:12.783 - httpx - INFO - HTTP Request: GET https://huggingface.co/api/models/nvidia/NVIDIA-Nemotron-3.5-Lightning-30B-A3B-NVFP4/tree/main/additional_chat_templates?recursive=false&expand=false "HTTP/1.1 404 Not Found"
2026-08-12 17:49:12.866 - httpx - INFO - HTTP Request: GET https://huggingface.co/api/models/nvidia/NVIDIA-Nemotron-3.5-Lightning-30B-A3B-NVFP4/tree/main?recursive=true&expand=false "HTTP/1.1 200 OK"
2026-08-12 17:49:12.867 - httpx - INFO - HTTP Request: GET https://huggingface.co/api/models/nvidia/NVIDIA-Nemotron-3.5-Lightning-30B-A3B-NVFP4/tree/main?recursive=true&expand=false "HTTP/1.1 200 OK"
2026-08-12 17:49:13.773 - httpx - INFO - HTTP Request: GET https://huggingface.co/api/models/nvidia/NVIDIA-Nemotron-3.5-Lightning-30B-A3B-NVFP4 "HTTP/1.1 200 OK"
2026-08-12 17:49:13.788 - httpx - INFO - HTTP Request: GET https://huggingface.co/api/models/nvidia/NVIDIA-Nemotron-3.5-Lightning-30B-A3B-NVFP4 "HTTP/1.1 200 OK"
2026-08-12 17:49:13.808 - dataset_manager - INFO - Tokenizer(s) configured in 1.81 seconds
2026-08-12 17:49:13.808 - dataset_manager - INFO - Configuring dataset for dataset_manager
2026-08-12 17:49:13.831 - InferenceResultParser_6adbf860 - INFO - Initialized tokenizers: {'nvidia/NVIDIA-Nemotron-3.5-Lightning-30B-A3B-NVFP4': {'class': 'TokenizersBackend', 'name_or_path': 'nvidia/NVIDIA-Nemotron-3.5-Lightning-30B-A3B-NVFP4'}} in 1.84 seconds
2026-08-12 17:49:14.060 - CustomDatasetComposer - INFO - Using explicit dataset format: multi_turn
2026-08-12 17:49:14.127 - MemoryMapDatasetBackingStore_f7228e68 - INFO - Memory-mapped backing store initialized (streaming to /tmp/aiperf_mmap_8c0b7dea2cc8/dataset.dat)
2026-08-12 17:49:14.150 - MemoryMapDatasetBackingStore_f7228e68 - INFO - Data file finalized: 500 conversations, 1.27 MB
2026-08-12 17:49:14.151 - MemoryMapDatasetBackingStore_f7228e68 - INFO - Index file created: /tmp/aiperf_mmap_8c0b7dea2cc8/index.dat
2026-08-12 17:49:14.151 - dataset_manager - INFO - Backing store finalized: client_type=DatasetClientStoreType.MEMORY_MAP format=MemoryMapFormat.CONVERSATION data_file_path=PosixPath('/tmp/aiperf_mmap_8c0b7dea2cc8/dataset.dat') index_file_path=PosixPath('/tmp/aiperf_mmap_8c0b7dea2cc8/index.dat') conversation_count=500 total_size_bytes=1332012 compressed=False compressed_data_file_path=None compressed_index_file_path=None compressed_size_bytes=0
2026-08-12 17:49:14.160 - dataset_manager - INFO - sampling strategy: sequential, unique conversations: 500, unique turn count: 1783
2026-08-12 17:49:14.165 - dataset_manager - INFO - Generating inputs.json file at /output/inputs.json
2026-08-12 17:49:14.172 - PhaseOrchestrator_5cdce681 - INFO - Initialized 2 phase(s): ['Warmup', 'Profiling']
2026-08-12 17:49:14.181 - dataset_manager - INFO - inputs.json file generated in 0.02 seconds
2026-08-12 17:49:14.331 - dataset_manager - INFO - Dataset client initialized and freed 500 conversations from memory
2026-08-12 17:49:14.331 - dataset_manager - INFO - Dataset configured in 0.52 seconds
2026-08-12 17:49:14.335 - system_controller - INFO - All services configured in 2.34 seconds
2026-08-12 17:49:14.338 - system_controller - INFO - AIPerf System is CONFIGURED
2026-08-12 17:49:14.342 - server_metrics_manager - INFO - Server Metrics: Started 1 collector(s) successfully
2026-08-12 17:49:14.343 - system_controller - INFO - All services started profiling successfully
2026-08-12 17:49:14.343 - system_controller - INFO - AIPerf System is PROFILING
2026-08-12 17:49:14.345 - RateTiming - INFO - Creating interval generator: pattern=concurrency_burst, rate=None, smoothness=None
2026-08-12 17:49:14.345 - PhaseRunner - NOTICE - Phase warmup (warmup) started | phase_index=0 | target: 3 requests
2026-08-12 17:49:14.348 - records_manager - INFO - Credit phase start: warmup
2026-08-12 17:49:17.876 - PhaseRunner - NOTICE - Phase warmup (warmup) sending complete | sent=3, completed=1, in_flight=2 | sessions: sent=2, completed=0
2026-08-12 17:49:25.309 - PhaseRunner - NOTICE - Phase warmup (warmup) complete | completed=3, cancelled=0, errors=0 | sessions: completed=0, cancelled=0 | elapsed=10.96s
2026-08-12 17:49:25.311 - RateTiming - INFO - Creating interval generator: pattern=concurrency_burst, rate=None, smoothness=None
2026-08-12 17:49:25.312 - PhaseRunner - NOTICE - Phase profiling (profiling) started | phase_index=1 | profiling_index=0 | target: 50 requests, 50 sessions
2026-08-12 17:49:25.312 - server_metrics_manager - INFO - Server Metrics: Warmup complete, capturing final warmup metrics...
2026-08-12 17:49:25.313 - records_manager - INFO - Credit phase start: profiling
2026-08-12 17:52:42.599 - PhaseRunner - NOTICE - Phase profiling (profiling) sending complete | sent=50, completed=48, in_flight=2 | sessions: sent=15, completed=13
2026-08-12 17:52:42.602 - records_manager - INFO - Sent 50 requests. Waiting for all to complete...
2026-08-12 17:52:49.292 - PhaseRunner - NOTICE - Phase profiling (profiling) complete | completed=50, cancelled=0, errors=0 | sessions: completed=14, cancelled=0 | elapsed=203.98s
2026-08-12 17:52:49.293 - PhaseOrchestrator_5cdce681 - NOTICE - All credits completed
2026-08-12 17:52:49.296 - system_controller - INFO - Received credits complete from 'timing_manager'
2026-08-12 17:52:49.297 - records_manager - INFO - Received CREDIT_PHASE_COMPLETE message, Phase complete: PhaseRecordsStats(phase=CreditPhase.PROFILING, phase_index=1, profiling_index=0, phase_name='profiling', phase_kind='profiling', start_ns=1786556965312139597, sent_end_ns=1786557162599467908, requests_end_ns=1786557169289508859, baseline_start_ns=1786556965312122269, baseline_end_ns=1786557169289517099, total_expected_requests=50, expected_duration_sec=None, expected_num_sessions=None, expected_grace_period_sec=None, final_requests_sent=None, final_requests_completed=50, final_requests_cancelled=0, final_request_errors=0, final_sent_sessions=None, final_completed_sessions=None, final_cancelled_sessions=None, timeout_triggered=False, grace_period_timeout_triggered=False, was_cancelled=False, records_end_ns=None, success_records=49, error_records=0)
2026-08-12 17:52:49.297 - records_manager - NOTICE - All requests have completed, please wait for the results to be processed (currently 49 of 50 records processed)...
2026-08-12 17:52:49.298 - records_manager - INFO - All credits complete, please wait for the results to be processed...
2026-08-12 17:52:49.300 - records_manager - INFO - Processed 50 valid requests and 0 errors (50 total).
2026-08-12 17:52:49.300 - records_manager - INFO - Received all records, processing now...
2026-08-12 17:52:49.305 - records_manager - INFO - Waiting 2.0s for server metrics flush period...
2026-08-12 17:52:49.306 - gpu_telemetry_manager - INFO - GPU Telemetry: Profiling complete, capturing final metrics...
2026-08-12 17:52:49.312 - server_metrics_manager - INFO - Server Metrics: Profiling complete, capturing final metrics...
2026-08-12 17:52:51.335 - records_manager - INFO - Processing records results...
2026-08-12 17:52:51.798 - system_controller - INFO - Waiting for result domains: server_metrics, telemetry
2026-08-12 17:52:51.799 - system_controller - INFO - Waiting for result domains: server_metrics
2026-08-12 17:52:51.955 - records_manager - INFO - _finalize_and_process_results completed
2026-08-12 17:52:51.959 - system_controller - INFO - All results received, initiating shutdown
2026-08-12 17:52:52.577 - ExporterManager - INFO - Exporting all records
2026-08-12 17:52:52.727 - ExporterManager - INFO - Exporting console data
