2026-08-13 08:21:59.771 - aiperf.cli_runner._single_run - INFO - Starting AIPerf System
2026-08-13 08:22:00.215 - httpx - INFO - HTTP Request: GET https://huggingface.co/api/models/nvidia/NVIDIA-Nemotron-3.5-Lightning-30B-A3B-NVFP4 "HTTP/1.1 200 OK"
2026-08-13 08:22:00.239 - aiperf.config.resolution.resolvers - INFO - [OK] Tokenizer nvidia/NVIDIA-Nemotron-3.5-Lightning-30B-A3B-NVFP4 detected
2026-08-13 08:22:00.239 - aiperf.config.resolution.resolvers - INFO - 1 tokenizer validated | 0.5s
2026-08-13 08:22:00.239 - aiperf.config.resolution.resolvers - INFO - Prefetching 1 tokenizer into HF cache...
2026-08-13 08:22:01.090 - httpx - INFO - HTTP Request: HEAD https://huggingface.co/nvidia/NVIDIA-Nemotron-3.5-Lightning-30B-A3B-NVFP4/resolve/main/config.json "HTTP/1.1 307 Temporary Redirect"
2026-08-13 08:22:01.090 - huggingface_hub.utils._http - WARNING - Warning: You are sending unauthenticated requests to the HF Hub. Please set a HF_TOKEN to enable higher rate limits and faster downloads.
2026-08-13 08:22:01.102 - httpx - INFO - HTTP Request: HEAD https://huggingface.co/api/resolve-cache/models/nvidia/NVIDIA-Nemotron-3.5-Lightning-30B-A3B-NVFP4/29f2d1746d8f41e316523194b19018707749b1b1/config.json "HTTP/1.1 200 OK"
2026-08-13 08:22:01.116 - httpx - INFO - HTTP Request: GET https://huggingface.co/api/resolve-cache/models/nvidia/NVIDIA-Nemotron-3.5-Lightning-30B-A3B-NVFP4/29f2d1746d8f41e316523194b19018707749b1b1/config.json "HTTP/1.1 200 OK"
2026-08-13 08:22:01.248 - httpx - INFO - HTTP Request: HEAD https://huggingface.co/nvidia/NVIDIA-Nemotron-3.5-Lightning-30B-A3B-NVFP4/resolve/main/tokenizer_config.json "HTTP/1.1 307 Temporary Redirect"
2026-08-13 08:22:01.261 - httpx - INFO - HTTP Request: HEAD https://huggingface.co/api/resolve-cache/models/nvidia/NVIDIA-Nemotron-3.5-Lightning-30B-A3B-NVFP4/29f2d1746d8f41e316523194b19018707749b1b1/tokenizer_config.json "HTTP/1.1 200 OK"
2026-08-13 08:22:01.274 - httpx - INFO - HTTP Request: GET https://huggingface.co/api/resolve-cache/models/nvidia/NVIDIA-Nemotron-3.5-Lightning-30B-A3B-NVFP4/29f2d1746d8f41e316523194b19018707749b1b1/tokenizer_config.json "HTTP/1.1 200 OK"
2026-08-13 08:22:01.363 - httpx - INFO - HTTP Request: GET https://huggingface.co/api/models/nvidia/NVIDIA-Nemotron-3.5-Lightning-30B-A3B-NVFP4/tree/main/additional_chat_templates?recursive=false&expand=false "HTTP/1.1 404 Not Found"
2026-08-13 08:22:01.446 - httpx - INFO - HTTP Request: GET https://huggingface.co/api/models/nvidia/NVIDIA-Nemotron-3.5-Lightning-30B-A3B-NVFP4/tree/main?recursive=true&expand=false "HTTP/1.1 200 OK"
2026-08-13 08:22:01.532 - httpx - INFO - HTTP Request: HEAD https://huggingface.co/nvidia/NVIDIA-Nemotron-3.5-Lightning-30B-A3B-NVFP4/resolve/main/tokenizer.json "HTTP/1.1 302 Found"
2026-08-13 08:22:01.615 - httpx - INFO - HTTP Request: GET https://huggingface.co/api/models/nvidia/NVIDIA-Nemotron-3.5-Lightning-30B-A3B-NVFP4/xet-read-token/29f2d1746d8f41e316523194b19018707749b1b1 "HTTP/1.1 200 OK"
2026-08-13 08:22:02.398 - httpx - INFO - HTTP Request: HEAD https://huggingface.co/nvidia/NVIDIA-Nemotron-3.5-Lightning-30B-A3B-NVFP4/resolve/main/tokenizer.model "HTTP/1.1 404 Not Found"
2026-08-13 08:22:02.490 - httpx - INFO - HTTP Request: HEAD https://huggingface.co/nvidia/NVIDIA-Nemotron-3.5-Lightning-30B-A3B-NVFP4/resolve/main/added_tokens.json "HTTP/1.1 404 Not Found"
2026-08-13 08:22:02.573 - httpx - INFO - HTTP Request: HEAD https://huggingface.co/nvidia/NVIDIA-Nemotron-3.5-Lightning-30B-A3B-NVFP4/resolve/main/special_tokens_map.json "HTTP/1.1 307 Temporary Redirect"
2026-08-13 08:22:02.587 - httpx - INFO - HTTP Request: HEAD https://huggingface.co/api/resolve-cache/models/nvidia/NVIDIA-Nemotron-3.5-Lightning-30B-A3B-NVFP4/29f2d1746d8f41e316523194b19018707749b1b1/special_tokens_map.json "HTTP/1.1 200 OK"
2026-08-13 08:22:02.598 - httpx - INFO - HTTP Request: GET https://huggingface.co/api/resolve-cache/models/nvidia/NVIDIA-Nemotron-3.5-Lightning-30B-A3B-NVFP4/29f2d1746d8f41e316523194b19018707749b1b1/special_tokens_map.json "HTTP/1.1 200 OK"
2026-08-13 08:22:02.675 - httpx - INFO - HTTP Request: HEAD https://huggingface.co/nvidia/NVIDIA-Nemotron-3.5-Lightning-30B-A3B-NVFP4/resolve/main/chat_template.jinja "HTTP/1.1 307 Temporary Redirect"
2026-08-13 08:22:02.690 - httpx - INFO - HTTP Request: HEAD https://huggingface.co/api/resolve-cache/models/nvidia/NVIDIA-Nemotron-3.5-Lightning-30B-A3B-NVFP4/29f2d1746d8f41e316523194b19018707749b1b1/chat_template.jinja "HTTP/1.1 200 OK"
2026-08-13 08:22:02.702 - httpx - INFO - HTTP Request: GET https://huggingface.co/api/resolve-cache/models/nvidia/NVIDIA-Nemotron-3.5-Lightning-30B-A3B-NVFP4/29f2d1746d8f41e316523194b19018707749b1b1/chat_template.jinja "HTTP/1.1 200 OK"
2026-08-13 08:22:03.616 - httpx - INFO - HTTP Request: GET https://huggingface.co/api/models/nvidia/NVIDIA-Nemotron-3.5-Lightning-30B-A3B-NVFP4 "HTTP/1.1 200 OK"
2026-08-13 08:22:03.656 - aiperf.config.resolution.resolvers - INFO -   Cached nvidia/NVIDIA-Nemotron-3.5-Lightning-30B-A3B-NVFP4 (3.40s)
2026-08-13 08:22:03.706 - aiperf.config.resolution.resolvers - INFO - 1 tokenizer cached • 3.5s
2026-08-13 08:22:04.139 - server_metrics_manager - INFO - Server Metrics: Discovered 1 endpoints: ['http://localhost:8000/metrics']
2026-08-13 08:22:04.192 - GPUTelemetryJSONLWriter_25de76a8 - INFO - GPU telemetry export enabled: /output/gpu_telemetry_export.jsonl
2026-08-13 08:22:04.203 - OTelMetricsResultsProcessor_453f7f04 - INFO - Telemetry streaming is disabled (set --otel-url and/or --mlflow-tracking-uri to enable)
2026-08-13 08:22:04.204 - RecordExportJSONLWriter_64f39b34 - INFO - Record metrics export enabled: /output/profile_export.jsonl
2026-08-13 08:22:04.203 - system_controller - INFO - Registered Worker Manager (id: 'worker_manager')
2026-08-13 08:22:04.205 - system_controller - INFO - Registered Gpu Telemetry Manager (id: 'gpu_telemetry_manager')
2026-08-13 08:22:04.232 - system_controller - INFO - Registered Dataset Manager (id: 'dataset_manager')
2026-08-13 08:22:04.243 - system_controller - INFO - Registered Server Metrics Manager (id: 'server_metrics_manager')
2026-08-13 08:22:04.310 - system_controller - INFO - Registered Records Manager (id: 'records_manager')
2026-08-13 08:22:04.364 - system_controller - INFO - Registered Record Processor (id: 'record_processor_10eb0a49')
2026-08-13 08:22:04.380 - system_controller - INFO - Registered Timing Manager (id: 'timing_manager')
2026-08-13 08:22:04.494 - system_controller - INFO - Registered Worker (id: 'worker_62818642')
2026-08-13 08:22:04.581 - system_controller - INFO - AIPerf System is CONFIGURING
2026-08-13 08:22:04.581 - system_controller - INFO - Configuring all services to start profiling
2026-08-13 08:22:04.583 - InferenceResultParser_049d662a - INFO - Configuring tokenizers for inference result parser (resolve_alias: True)
2026-08-13 08:22:04.583 - timing_manager - INFO - Waiting for dataset to be configured before configuring timing
2026-08-13 08:22:04.584 - dataset_manager - INFO - Configuring tokenizer(s) for dataset manager
2026-08-13 08:22:04.593 - server_metrics_manager - INFO - Server Metrics: Capturing baseline metrics...
2026-08-13 08:22:04.609 - http://localhost:8000/metrics - INFO - Skipping unsupported summary metric: http_request_size_bytes
2026-08-13 08:22:04.609 - http://localhost:8000/metrics - INFO - Skipping unsupported summary metric: http_response_size_bytes
2026-08-13 08:22:04.611 - system_controller - INFO - Server metrics enabled - 1/1 endpoint(s) reachable.
2026-08-13 08:22:04.611 - system_controller - INFO - Waiting for result domains: profile, server_metrics, telemetry
2026-08-13 08:22:04.626 - gpu_telemetry_manager - INFO - GPU Telemetry: Capturing baseline metrics from pynvml://localhost
2026-08-13 08:22:04.636 - pynvml_collector - INFO - PyNVML initialized with 1 GPU(s) (0 with GPM support)
2026-08-13 08:22:04.651 - system_controller - INFO - DCGM telemetry enabled - 1/1 endpoint(s) reachable
2026-08-13 08:22:05.145 - httpx - INFO - HTTP Request: HEAD https://huggingface.co/nvidia/NVIDIA-Nemotron-3.5-Lightning-30B-A3B-NVFP4/resolve/main/config.json "HTTP/1.1 307 Temporary Redirect"
2026-08-13 08:22:05.146 - huggingface_hub.utils._http - WARNING - Warning: You are sending unauthenticated requests to the HF Hub. Please set a HF_TOKEN to enable higher rate limits and faster downloads.
2026-08-13 08:22:05.156 - httpx - INFO - HTTP Request: HEAD https://huggingface.co/api/resolve-cache/models/nvidia/NVIDIA-Nemotron-3.5-Lightning-30B-A3B-NVFP4/29f2d1746d8f41e316523194b19018707749b1b1/config.json "HTTP/1.1 200 OK"
2026-08-13 08:22:05.186 - httpx - INFO - HTTP Request: HEAD https://huggingface.co/nvidia/NVIDIA-Nemotron-3.5-Lightning-30B-A3B-NVFP4/resolve/main/config.json "HTTP/1.1 307 Temporary Redirect"
2026-08-13 08:22:05.197 - httpx - INFO - HTTP Request: HEAD https://huggingface.co/api/resolve-cache/models/nvidia/NVIDIA-Nemotron-3.5-Lightning-30B-A3B-NVFP4/29f2d1746d8f41e316523194b19018707749b1b1/config.json "HTTP/1.1 200 OK"
2026-08-13 08:22:05.285 - httpx - INFO - HTTP Request: HEAD https://huggingface.co/nvidia/NVIDIA-Nemotron-3.5-Lightning-30B-A3B-NVFP4/resolve/main/tokenizer_config.json "HTTP/1.1 307 Temporary Redirect"
2026-08-13 08:22:05.295 - httpx - INFO - HTTP Request: HEAD https://huggingface.co/api/resolve-cache/models/nvidia/NVIDIA-Nemotron-3.5-Lightning-30B-A3B-NVFP4/29f2d1746d8f41e316523194b19018707749b1b1/tokenizer_config.json "HTTP/1.1 200 OK"
2026-08-13 08:22:05.332 - httpx - INFO - HTTP Request: HEAD https://huggingface.co/nvidia/NVIDIA-Nemotron-3.5-Lightning-30B-A3B-NVFP4/resolve/main/tokenizer_config.json "HTTP/1.1 307 Temporary Redirect"
2026-08-13 08:22:05.345 - httpx - INFO - HTTP Request: HEAD https://huggingface.co/api/resolve-cache/models/nvidia/NVIDIA-Nemotron-3.5-Lightning-30B-A3B-NVFP4/29f2d1746d8f41e316523194b19018707749b1b1/tokenizer_config.json "HTTP/1.1 200 OK"
2026-08-13 08:22:05.379 - httpx - INFO - HTTP Request: GET https://huggingface.co/api/models/nvidia/NVIDIA-Nemotron-3.5-Lightning-30B-A3B-NVFP4/tree/main/additional_chat_templates?recursive=false&expand=false "HTTP/1.1 404 Not Found"
2026-08-13 08:22:05.429 - httpx - INFO - HTTP Request: GET https://huggingface.co/api/models/nvidia/NVIDIA-Nemotron-3.5-Lightning-30B-A3B-NVFP4/tree/main/additional_chat_templates?recursive=false&expand=false "HTTP/1.1 404 Not Found"
2026-08-13 08:22:05.463 - httpx - INFO - HTTP Request: GET https://huggingface.co/api/models/nvidia/NVIDIA-Nemotron-3.5-Lightning-30B-A3B-NVFP4/tree/main?recursive=true&expand=false "HTTP/1.1 200 OK"
2026-08-13 08:22:05.515 - httpx - INFO - HTTP Request: GET https://huggingface.co/api/models/nvidia/NVIDIA-Nemotron-3.5-Lightning-30B-A3B-NVFP4/tree/main?recursive=true&expand=false "HTTP/1.1 200 OK"
2026-08-13 08:22:06.373 - httpx - INFO - HTTP Request: GET https://huggingface.co/api/models/nvidia/NVIDIA-Nemotron-3.5-Lightning-30B-A3B-NVFP4 "HTTP/1.1 200 OK"
2026-08-13 08:22:06.399 - dataset_manager - INFO - Tokenizer(s) configured in 1.81 seconds
2026-08-13 08:22:06.399 - dataset_manager - INFO - Configuring dataset for dataset_manager
2026-08-13 08:22:06.408 - httpx - INFO - HTTP Request: GET https://huggingface.co/api/models/nvidia/NVIDIA-Nemotron-3.5-Lightning-30B-A3B-NVFP4 "HTTP/1.1 200 OK"
2026-08-13 08:22:06.429 - InferenceResultParser_049d662a - INFO - Initialized tokenizers: {'nvidia/NVIDIA-Nemotron-3.5-Lightning-30B-A3B-NVFP4': {'class': 'TokenizersBackend', 'name_or_path': 'nvidia/NVIDIA-Nemotron-3.5-Lightning-30B-A3B-NVFP4'}} in 1.85 seconds
2026-08-13 08:22:06.668 - CustomDatasetComposer - INFO - Using explicit dataset format: multi_turn
2026-08-13 08:22:06.719 - MemoryMapDatasetBackingStore_fe095ea9 - INFO - Memory-mapped backing store initialized (streaming to /tmp/aiperf_mmap_e5c79462f1ca/dataset.dat)
2026-08-13 08:22:06.739 - MemoryMapDatasetBackingStore_fe095ea9 - INFO - Data file finalized: 500 conversations, 1.29 MB
2026-08-13 08:22:06.739 - MemoryMapDatasetBackingStore_fe095ea9 - INFO - Index file created: /tmp/aiperf_mmap_e5c79462f1ca/index.dat
2026-08-13 08:22:06.740 - dataset_manager - INFO - Backing store finalized: client_type=DatasetClientStoreType.MEMORY_MAP format=MemoryMapFormat.CONVERSATION data_file_path=PosixPath('/tmp/aiperf_mmap_e5c79462f1ca/dataset.dat') index_file_path=PosixPath('/tmp/aiperf_mmap_e5c79462f1ca/index.dat') conversation_count=500 total_size_bytes=1353644 compressed=False compressed_data_file_path=None compressed_index_file_path=None compressed_size_bytes=0
2026-08-13 08:22:06.749 - dataset_manager - INFO - sampling strategy: sequential, unique conversations: 500, unique turn count: 1783
2026-08-13 08:22:06.753 - dataset_manager - INFO - Generating inputs.json file at /output/inputs.json
2026-08-13 08:22:06.760 - PhaseOrchestrator_4e10815b - INFO - Initialized 2 phase(s): ['Warmup', 'Profiling']
2026-08-13 08:22:06.768 - dataset_manager - INFO - inputs.json file generated in 0.01 seconds
2026-08-13 08:22:06.884 - dataset_manager - INFO - Dataset client initialized and freed 500 conversations from memory
2026-08-13 08:22:06.884 - dataset_manager - INFO - Dataset configured in 0.49 seconds
2026-08-13 08:22:06.886 - system_controller - INFO - All services configured in 2.30 seconds
2026-08-13 08:22:06.886 - system_controller - INFO - AIPerf System is CONFIGURED
2026-08-13 08:22:06.887 - server_metrics_manager - INFO - Server Metrics: Started 1 collector(s) successfully
2026-08-13 08:22:06.887 - system_controller - INFO - All services started profiling successfully
2026-08-13 08:22:06.888 - system_controller - INFO - AIPerf System is PROFILING
2026-08-13 08:22:06.892 - RateTiming - INFO - Creating interval generator: pattern=concurrency_burst, rate=None, smoothness=None
2026-08-13 08:22:06.892 - PhaseRunner - NOTICE - Phase warmup (warmup) started | phase_index=0 | target: 3 requests
2026-08-13 08:22:06.893 - records_manager - INFO - Credit phase start: warmup
2026-08-13 08:22:09.161 - PhaseRunner - NOTICE - Phase warmup (warmup) sending complete | sent=3, completed=2, in_flight=1 | sessions: sent=1, completed=0
2026-08-13 08:22:10.386 - PhaseRunner - NOTICE - Phase warmup (warmup) complete | completed=3, cancelled=0, errors=0 | sessions: completed=0, cancelled=0 | elapsed=3.49s
2026-08-13 08:22:10.386 - RateTiming - INFO - Creating interval generator: pattern=concurrency_burst, rate=None, smoothness=None
2026-08-13 08:22:10.386 - PhaseRunner - NOTICE - Phase profiling (profiling) started | phase_index=1 | profiling_index=0 | target: 50 requests, 50 sessions
2026-08-13 08:22:10.387 - server_metrics_manager - INFO - Server Metrics: Warmup complete, capturing final warmup metrics...
2026-08-13 08:22:10.387 - records_manager - INFO - Credit phase start: profiling
2026-08-13 08:23:12.941 - PhaseRunner - NOTICE - Phase profiling (profiling) sending complete | sent=50, completed=49, in_flight=1 | sessions: sent=16, completed=15
2026-08-13 08:23:12.942 - records_manager - INFO - Sent 50 requests. Waiting for all to complete...
2026-08-13 08:23:14.371 - PhaseRunner - NOTICE - Phase profiling (profiling) complete | completed=50, cancelled=0, errors=0 | sessions: completed=16, cancelled=0 | elapsed=63.98s
2026-08-13 08:23:14.371 - PhaseOrchestrator_4e10815b - NOTICE - All credits completed
2026-08-13 08:23:14.371 - system_controller - INFO - Received credits complete from 'timing_manager'
2026-08-13 08:23:14.372 - records_manager - INFO - Received CREDIT_PHASE_COMPLETE message, Phase complete: PhaseRecordsStats(phase=CreditPhase.PROFILING, phase_index=1, profiling_index=0, phase_name='profiling', phase_kind='profiling', start_ns=1786609330386821460, sent_end_ns=1786609392941232902, requests_end_ns=1786609394370848024, baseline_start_ns=1786609330386816644, baseline_end_ns=1786609394370852808, total_expected_requests=50, expected_duration_sec=None, expected_num_sessions=None, expected_grace_period_sec=None, final_requests_sent=None, final_requests_completed=50, final_requests_cancelled=0, final_request_errors=0, final_sent_sessions=None, final_completed_sessions=None, final_cancelled_sessions=None, timeout_triggered=False, grace_period_timeout_triggered=False, was_cancelled=False, records_end_ns=None, success_records=49, error_records=0)
2026-08-13 08:23:14.372 - records_manager - NOTICE - All requests have completed, please wait for the results to be processed (currently 49 of 50 records processed)...
2026-08-13 08:23:14.372 - records_manager - INFO - All credits complete, please wait for the results to be processed...
2026-08-13 08:23:14.374 - records_manager - INFO - Processed 50 valid requests and 0 errors (50 total).
2026-08-13 08:23:14.374 - records_manager - INFO - Received all records, processing now...
2026-08-13 08:23:14.375 - gpu_telemetry_manager - INFO - GPU Telemetry: Profiling complete, capturing final metrics...
2026-08-13 08:23:14.375 - server_metrics_manager - INFO - Server Metrics: Profiling complete, capturing final metrics...
2026-08-13 08:23:14.376 - records_manager - INFO - Waiting 2.0s for server metrics flush period...
2026-08-13 08:23:16.371 - records_manager - INFO - Processing records results...
2026-08-13 08:23:16.531 - system_controller - INFO - Waiting for result domains: server_metrics, telemetry
2026-08-13 08:23:16.531 - system_controller - INFO - Waiting for result domains: server_metrics
2026-08-13 08:23:16.586 - records_manager - INFO - _finalize_and_process_results completed
2026-08-13 08:23:16.589 - system_controller - INFO - All results received, initiating shutdown
2026-08-13 08:23:17.195 - ExporterManager - INFO - Exporting all records
2026-08-13 08:23:17.272 - ExporterManager - INFO - Exporting console data
