2026-08-13 08:20:45.652 - aiperf.cli_runner._single_run - INFO - Starting AIPerf System
2026-08-13 08:20:46.101 - httpx - INFO - HTTP Request: GET https://huggingface.co/api/models/nvidia/NVIDIA-Nemotron-3.5-Lightning-30B-A3B-NVFP4 "HTTP/1.1 200 OK"
2026-08-13 08:20:46.117 - aiperf.config.resolution.resolvers - INFO - [OK] Tokenizer nvidia/NVIDIA-Nemotron-3.5-Lightning-30B-A3B-NVFP4 detected
2026-08-13 08:20:46.117 - aiperf.config.resolution.resolvers - INFO - 1 tokenizer validated | 0.4s
2026-08-13 08:20:46.117 - aiperf.config.resolution.resolvers - INFO - Prefetching 1 tokenizer into HF cache...
2026-08-13 08:20:47.165 - httpx - INFO - HTTP Request: HEAD https://huggingface.co/nvidia/NVIDIA-Nemotron-3.5-Lightning-30B-A3B-NVFP4/resolve/main/config.json "HTTP/1.1 307 Temporary Redirect"
2026-08-13 08:20:47.166 - huggingface_hub.utils._http - WARNING - Warning: You are sending unauthenticated requests to the HF Hub. Please set a HF_TOKEN to enable higher rate limits and faster downloads.
2026-08-13 08:20:47.177 - httpx - INFO - HTTP Request: HEAD https://huggingface.co/api/resolve-cache/models/nvidia/NVIDIA-Nemotron-3.5-Lightning-30B-A3B-NVFP4/29f2d1746d8f41e316523194b19018707749b1b1/config.json "HTTP/1.1 200 OK"
2026-08-13 08:20:47.191 - httpx - INFO - HTTP Request: GET https://huggingface.co/api/resolve-cache/models/nvidia/NVIDIA-Nemotron-3.5-Lightning-30B-A3B-NVFP4/29f2d1746d8f41e316523194b19018707749b1b1/config.json "HTTP/1.1 200 OK"
2026-08-13 08:20:47.322 - httpx - INFO - HTTP Request: HEAD https://huggingface.co/nvidia/NVIDIA-Nemotron-3.5-Lightning-30B-A3B-NVFP4/resolve/main/tokenizer_config.json "HTTP/1.1 307 Temporary Redirect"
2026-08-13 08:20:47.341 - httpx - INFO - HTTP Request: HEAD https://huggingface.co/api/resolve-cache/models/nvidia/NVIDIA-Nemotron-3.5-Lightning-30B-A3B-NVFP4/29f2d1746d8f41e316523194b19018707749b1b1/tokenizer_config.json "HTTP/1.1 200 OK"
2026-08-13 08:20:47.351 - httpx - INFO - HTTP Request: GET https://huggingface.co/api/resolve-cache/models/nvidia/NVIDIA-Nemotron-3.5-Lightning-30B-A3B-NVFP4/29f2d1746d8f41e316523194b19018707749b1b1/tokenizer_config.json "HTTP/1.1 200 OK"
2026-08-13 08:20:47.437 - httpx - INFO - HTTP Request: GET https://huggingface.co/api/models/nvidia/NVIDIA-Nemotron-3.5-Lightning-30B-A3B-NVFP4/tree/main/additional_chat_templates?recursive=false&expand=false "HTTP/1.1 404 Not Found"
2026-08-13 08:20:47.522 - httpx - INFO - HTTP Request: GET https://huggingface.co/api/models/nvidia/NVIDIA-Nemotron-3.5-Lightning-30B-A3B-NVFP4/tree/main?recursive=true&expand=false "HTTP/1.1 200 OK"
2026-08-13 08:20:47.607 - httpx - INFO - HTTP Request: HEAD https://huggingface.co/nvidia/NVIDIA-Nemotron-3.5-Lightning-30B-A3B-NVFP4/resolve/main/tokenizer.json "HTTP/1.1 302 Found"
2026-08-13 08:20:47.698 - httpx - INFO - HTTP Request: GET https://huggingface.co/api/models/nvidia/NVIDIA-Nemotron-3.5-Lightning-30B-A3B-NVFP4/xet-read-token/29f2d1746d8f41e316523194b19018707749b1b1 "HTTP/1.1 200 OK"
2026-08-13 08:20:48.519 - httpx - INFO - HTTP Request: HEAD https://huggingface.co/nvidia/NVIDIA-Nemotron-3.5-Lightning-30B-A3B-NVFP4/resolve/main/tokenizer.model "HTTP/1.1 404 Not Found"
2026-08-13 08:20:48.603 - httpx - INFO - HTTP Request: HEAD https://huggingface.co/nvidia/NVIDIA-Nemotron-3.5-Lightning-30B-A3B-NVFP4/resolve/main/added_tokens.json "HTTP/1.1 404 Not Found"
2026-08-13 08:20:48.685 - httpx - INFO - HTTP Request: HEAD https://huggingface.co/nvidia/NVIDIA-Nemotron-3.5-Lightning-30B-A3B-NVFP4/resolve/main/special_tokens_map.json "HTTP/1.1 307 Temporary Redirect"
2026-08-13 08:20:48.698 - httpx - INFO - HTTP Request: HEAD https://huggingface.co/api/resolve-cache/models/nvidia/NVIDIA-Nemotron-3.5-Lightning-30B-A3B-NVFP4/29f2d1746d8f41e316523194b19018707749b1b1/special_tokens_map.json "HTTP/1.1 200 OK"
2026-08-13 08:20:48.710 - httpx - INFO - HTTP Request: GET https://huggingface.co/api/resolve-cache/models/nvidia/NVIDIA-Nemotron-3.5-Lightning-30B-A3B-NVFP4/29f2d1746d8f41e316523194b19018707749b1b1/special_tokens_map.json "HTTP/1.1 200 OK"
2026-08-13 08:20:48.894 - httpx - INFO - HTTP Request: HEAD https://huggingface.co/nvidia/NVIDIA-Nemotron-3.5-Lightning-30B-A3B-NVFP4/resolve/main/chat_template.jinja "HTTP/1.1 307 Temporary Redirect"
2026-08-13 08:20:48.907 - httpx - INFO - HTTP Request: HEAD https://huggingface.co/api/resolve-cache/models/nvidia/NVIDIA-Nemotron-3.5-Lightning-30B-A3B-NVFP4/29f2d1746d8f41e316523194b19018707749b1b1/chat_template.jinja "HTTP/1.1 200 OK"
2026-08-13 08:20:48.918 - httpx - INFO - HTTP Request: GET https://huggingface.co/api/resolve-cache/models/nvidia/NVIDIA-Nemotron-3.5-Lightning-30B-A3B-NVFP4/29f2d1746d8f41e316523194b19018707749b1b1/chat_template.jinja "HTTP/1.1 200 OK"
2026-08-13 08:20:49.765 - httpx - INFO - HTTP Request: GET https://huggingface.co/api/models/nvidia/NVIDIA-Nemotron-3.5-Lightning-30B-A3B-NVFP4 "HTTP/1.1 200 OK"
2026-08-13 08:20:49.813 - aiperf.config.resolution.resolvers - INFO -   Cached nvidia/NVIDIA-Nemotron-3.5-Lightning-30B-A3B-NVFP4 (3.68s)
2026-08-13 08:20:49.863 - aiperf.config.resolution.resolvers - INFO - 1 tokenizer cached • 3.7s
2026-08-13 08:20:50.274 - server_metrics_manager - INFO - Server Metrics: Discovered 1 endpoints: ['http://localhost:8000/metrics']
2026-08-13 08:20:50.288 - GPUTelemetryJSONLWriter_c20070d5 - INFO - GPU telemetry export enabled: /output/gpu_telemetry_export.jsonl
2026-08-13 08:20:50.298 - OTelMetricsResultsProcessor_49ba7081 - INFO - Telemetry streaming is disabled (set --otel-url and/or --mlflow-tracking-uri to enable)
2026-08-13 08:20:50.300 - RecordExportJSONLWriter_6bba7874 - INFO - Record metrics export enabled: /output/profile_export.jsonl
2026-08-13 08:20:50.320 - system_controller - INFO - Registered Worker Manager (id: 'worker_manager')
2026-08-13 08:20:50.441 - system_controller - INFO - Registered Gpu Telemetry Manager (id: 'gpu_telemetry_manager')
2026-08-13 08:20:50.442 - system_controller - INFO - Registered Dataset Manager (id: 'dataset_manager')
2026-08-13 08:20:50.442 - system_controller - INFO - Registered Server Metrics Manager (id: 'server_metrics_manager')
2026-08-13 08:20:50.443 - system_controller - INFO - Registered Records Manager (id: 'records_manager')
2026-08-13 08:20:50.518 - system_controller - INFO - Registered Record Processor (id: 'record_processor_ef8b4bbb')
2026-08-13 08:20:50.527 - system_controller - INFO - Registered Timing Manager (id: 'timing_manager')
2026-08-13 08:20:50.616 - system_controller - INFO - Registered Record Processor (id: 'record_processor_a651c1e3')
2026-08-13 08:20:50.617 - system_controller - INFO - Registered Record Processor (id: 'record_processor_fd771dd1')
2026-08-13 08:20:50.698 - system_controller - INFO - AIPerf System is CONFIGURING
2026-08-13 08:20:50.699 - system_controller - INFO - Configuring all services to start profiling
2026-08-13 08:20:50.702 - InferenceResultParser_e48965f9 - INFO - Configuring tokenizers for inference result parser (resolve_alias: True)
2026-08-13 08:20:50.702 - timing_manager - INFO - Waiting for dataset to be configured before configuring timing
2026-08-13 08:20:50.703 - InferenceResultParser_b880af83 - INFO - Configuring tokenizers for inference result parser (resolve_alias: True)
2026-08-13 08:20:50.703 - dataset_manager - INFO - Configuring tokenizer(s) for dataset manager
2026-08-13 08:20:50.704 - InferenceResultParser_41e29a42 - INFO - Configuring tokenizers for inference result parser (resolve_alias: True)
2026-08-13 08:20:50.713 - server_metrics_manager - INFO - Server Metrics: Capturing baseline metrics...
2026-08-13 08:20:50.732 - http://localhost:8000/metrics - INFO - Skipping unsupported summary metric: http_request_size_bytes
2026-08-13 08:20:50.732 - http://localhost:8000/metrics - INFO - Skipping unsupported summary metric: http_response_size_bytes
2026-08-13 08:20:50.733 - system_controller - INFO - Registered Worker (id: 'worker_c3b85bfb')
2026-08-13 08:20:50.734 - system_controller - INFO - Server metrics enabled - 1/1 endpoint(s) reachable.
2026-08-13 08:20:50.734 - system_controller - INFO - Waiting for result domains: profile, server_metrics, telemetry
2026-08-13 08:20:50.735 - system_controller - INFO - Registered Worker (id: 'worker_b1e35254')
2026-08-13 08:20:50.741 - gpu_telemetry_manager - INFO - GPU Telemetry: Capturing baseline metrics from pynvml://localhost
2026-08-13 08:20:50.743 - system_controller - INFO - Registered Worker (id: 'worker_45e8027d')
2026-08-13 08:20:50.751 - pynvml_collector - INFO - PyNVML initialized with 1 GPU(s) (0 with GPM support)
2026-08-13 08:20:50.760 - system_controller - INFO - Registered Worker (id: 'worker_31757cc8')
2026-08-13 08:20:50.767 - system_controller - INFO - DCGM telemetry enabled - 1/1 endpoint(s) reachable
2026-08-13 08:20:50.781 - system_controller - INFO - Registered Worker (id: 'worker_d1a363e1')
2026-08-13 08:20:50.783 - system_controller - INFO - Registered Worker (id: 'worker_018abfd0')
2026-08-13 08:20:50.795 - system_controller - INFO - Registered Worker (id: 'worker_18e08a2e')
2026-08-13 08:20:50.802 - system_controller - INFO - Registered Worker (id: 'worker_b1bfb753')
2026-08-13 08:20:50.810 - system_controller - INFO - Registered Worker (id: 'worker_a7d96203')
2026-08-13 08:20:50.818 - system_controller - INFO - Registered Worker (id: 'worker_e97a90f9')
2026-08-13 08:20:50.844 - system_controller - INFO - Registered Worker (id: 'worker_87e9d06f')
2026-08-13 08:20:50.850 - system_controller - INFO - Registered Worker (id: 'worker_c253c844')
2026-08-13 08:20:50.866 - system_controller - INFO - Registered Worker (id: 'worker_80055e00')
2026-08-13 08:20:50.870 - system_controller - INFO - Registered Worker (id: 'worker_564135f0')
2026-08-13 08:20:51.243 - httpx - INFO - HTTP Request: HEAD https://huggingface.co/nvidia/NVIDIA-Nemotron-3.5-Lightning-30B-A3B-NVFP4/resolve/main/config.json "HTTP/1.1 307 Temporary Redirect"
2026-08-13 08:20:51.243 - huggingface_hub.utils._http - WARNING - Warning: You are sending unauthenticated requests to the HF Hub. Please set a HF_TOKEN to enable higher rate limits and faster downloads.
2026-08-13 08:20:51.256 - httpx - INFO - HTTP Request: HEAD https://huggingface.co/api/resolve-cache/models/nvidia/NVIDIA-Nemotron-3.5-Lightning-30B-A3B-NVFP4/29f2d1746d8f41e316523194b19018707749b1b1/config.json "HTTP/1.1 200 OK"
2026-08-13 08:20:51.256 - httpx - INFO - HTTP Request: HEAD https://huggingface.co/nvidia/NVIDIA-Nemotron-3.5-Lightning-30B-A3B-NVFP4/resolve/main/config.json "HTTP/1.1 307 Temporary Redirect"
2026-08-13 08:20:51.257 - huggingface_hub.utils._http - WARNING - Warning: You are sending unauthenticated requests to the HF Hub. Please set a HF_TOKEN to enable higher rate limits and faster downloads.
2026-08-13 08:20:51.267 - httpx - INFO - HTTP Request: HEAD https://huggingface.co/api/resolve-cache/models/nvidia/NVIDIA-Nemotron-3.5-Lightning-30B-A3B-NVFP4/29f2d1746d8f41e316523194b19018707749b1b1/config.json "HTTP/1.1 200 OK"
2026-08-13 08:20:51.270 - httpx - INFO - HTTP Request: HEAD https://huggingface.co/nvidia/NVIDIA-Nemotron-3.5-Lightning-30B-A3B-NVFP4/resolve/main/config.json "HTTP/1.1 307 Temporary Redirect"
2026-08-13 08:20:51.270 - huggingface_hub.utils._http - WARNING - Warning: You are sending unauthenticated requests to the HF Hub. Please set a HF_TOKEN to enable higher rate limits and faster downloads.
2026-08-13 08:20:51.285 - httpx - INFO - HTTP Request: HEAD https://huggingface.co/api/resolve-cache/models/nvidia/NVIDIA-Nemotron-3.5-Lightning-30B-A3B-NVFP4/29f2d1746d8f41e316523194b19018707749b1b1/config.json "HTTP/1.1 200 OK"
2026-08-13 08:20:51.301 - httpx - INFO - HTTP Request: HEAD https://huggingface.co/nvidia/NVIDIA-Nemotron-3.5-Lightning-30B-A3B-NVFP4/resolve/main/config.json "HTTP/1.1 307 Temporary Redirect"
2026-08-13 08:20:51.302 - huggingface_hub.utils._http - WARNING - Warning: You are sending unauthenticated requests to the HF Hub. Please set a HF_TOKEN to enable higher rate limits and faster downloads.
2026-08-13 08:20:51.316 - httpx - INFO - HTTP Request: HEAD https://huggingface.co/api/resolve-cache/models/nvidia/NVIDIA-Nemotron-3.5-Lightning-30B-A3B-NVFP4/29f2d1746d8f41e316523194b19018707749b1b1/config.json "HTTP/1.1 200 OK"
2026-08-13 08:20:51.385 - httpx - INFO - HTTP Request: HEAD https://huggingface.co/nvidia/NVIDIA-Nemotron-3.5-Lightning-30B-A3B-NVFP4/resolve/main/tokenizer_config.json "HTTP/1.1 307 Temporary Redirect"
2026-08-13 08:20:51.396 - httpx - INFO - HTTP Request: HEAD https://huggingface.co/api/resolve-cache/models/nvidia/NVIDIA-Nemotron-3.5-Lightning-30B-A3B-NVFP4/29f2d1746d8f41e316523194b19018707749b1b1/tokenizer_config.json "HTTP/1.1 200 OK"
2026-08-13 08:20:51.396 - httpx - INFO - HTTP Request: HEAD https://huggingface.co/nvidia/NVIDIA-Nemotron-3.5-Lightning-30B-A3B-NVFP4/resolve/main/tokenizer_config.json "HTTP/1.1 307 Temporary Redirect"
2026-08-13 08:20:51.408 - httpx - INFO - HTTP Request: HEAD https://huggingface.co/api/resolve-cache/models/nvidia/NVIDIA-Nemotron-3.5-Lightning-30B-A3B-NVFP4/29f2d1746d8f41e316523194b19018707749b1b1/tokenizer_config.json "HTTP/1.1 200 OK"
2026-08-13 08:20:51.417 - httpx - INFO - HTTP Request: HEAD https://huggingface.co/nvidia/NVIDIA-Nemotron-3.5-Lightning-30B-A3B-NVFP4/resolve/main/tokenizer_config.json "HTTP/1.1 307 Temporary Redirect"
2026-08-13 08:20:51.428 - httpx - INFO - HTTP Request: HEAD https://huggingface.co/api/resolve-cache/models/nvidia/NVIDIA-Nemotron-3.5-Lightning-30B-A3B-NVFP4/29f2d1746d8f41e316523194b19018707749b1b1/tokenizer_config.json "HTTP/1.1 200 OK"
2026-08-13 08:20:51.446 - httpx - INFO - HTTP Request: HEAD https://huggingface.co/nvidia/NVIDIA-Nemotron-3.5-Lightning-30B-A3B-NVFP4/resolve/main/tokenizer_config.json "HTTP/1.1 307 Temporary Redirect"
2026-08-13 08:20:51.455 - httpx - INFO - HTTP Request: HEAD https://huggingface.co/api/resolve-cache/models/nvidia/NVIDIA-Nemotron-3.5-Lightning-30B-A3B-NVFP4/29f2d1746d8f41e316523194b19018707749b1b1/tokenizer_config.json "HTTP/1.1 200 OK"
2026-08-13 08:20:51.477 - httpx - INFO - HTTP Request: GET https://huggingface.co/api/models/nvidia/NVIDIA-Nemotron-3.5-Lightning-30B-A3B-NVFP4/tree/main/additional_chat_templates?recursive=false&expand=false "HTTP/1.1 404 Not Found"
2026-08-13 08:20:51.489 - httpx - INFO - HTTP Request: GET https://huggingface.co/api/models/nvidia/NVIDIA-Nemotron-3.5-Lightning-30B-A3B-NVFP4/tree/main/additional_chat_templates?recursive=false&expand=false "HTTP/1.1 404 Not Found"
2026-08-13 08:20:51.507 - httpx - INFO - HTTP Request: GET https://huggingface.co/api/models/nvidia/NVIDIA-Nemotron-3.5-Lightning-30B-A3B-NVFP4/tree/main/additional_chat_templates?recursive=false&expand=false "HTTP/1.1 404 Not Found"
2026-08-13 08:20:51.538 - httpx - INFO - HTTP Request: GET https://huggingface.co/api/models/nvidia/NVIDIA-Nemotron-3.5-Lightning-30B-A3B-NVFP4/tree/main/additional_chat_templates?recursive=false&expand=false "HTTP/1.1 404 Not Found"
2026-08-13 08:20:51.565 - httpx - INFO - HTTP Request: GET https://huggingface.co/api/models/nvidia/NVIDIA-Nemotron-3.5-Lightning-30B-A3B-NVFP4/tree/main?recursive=true&expand=false "HTTP/1.1 200 OK"
2026-08-13 08:20:51.571 - httpx - INFO - HTTP Request: GET https://huggingface.co/api/models/nvidia/NVIDIA-Nemotron-3.5-Lightning-30B-A3B-NVFP4/tree/main?recursive=true&expand=false "HTTP/1.1 200 OK"
2026-08-13 08:20:51.608 - httpx - INFO - HTTP Request: GET https://huggingface.co/api/models/nvidia/NVIDIA-Nemotron-3.5-Lightning-30B-A3B-NVFP4/tree/main?recursive=true&expand=false "HTTP/1.1 200 OK"
2026-08-13 08:20:51.628 - httpx - INFO - HTTP Request: GET https://huggingface.co/api/models/nvidia/NVIDIA-Nemotron-3.5-Lightning-30B-A3B-NVFP4/tree/main?recursive=true&expand=false "HTTP/1.1 200 OK"
2026-08-13 08:20:52.551 - httpx - INFO - HTTP Request: GET https://huggingface.co/api/models/nvidia/NVIDIA-Nemotron-3.5-Lightning-30B-A3B-NVFP4 "HTTP/1.1 200 OK"
2026-08-13 08:20:52.551 - httpx - INFO - HTTP Request: GET https://huggingface.co/api/models/nvidia/NVIDIA-Nemotron-3.5-Lightning-30B-A3B-NVFP4 "HTTP/1.1 200 OK"
2026-08-13 08:20:52.576 - InferenceResultParser_41e29a42 - INFO - Initialized tokenizers: {'nvidia/NVIDIA-Nemotron-3.5-Lightning-30B-A3B-NVFP4': {'class': 'TokenizersBackend', 'name_or_path': 'nvidia/NVIDIA-Nemotron-3.5-Lightning-30B-A3B-NVFP4'}} in 1.87 seconds
2026-08-13 08:20:52.584 - InferenceResultParser_b880af83 - INFO - Initialized tokenizers: {'nvidia/NVIDIA-Nemotron-3.5-Lightning-30B-A3B-NVFP4': {'class': 'TokenizersBackend', 'name_or_path': 'nvidia/NVIDIA-Nemotron-3.5-Lightning-30B-A3B-NVFP4'}} in 1.88 seconds
2026-08-13 08:20:52.594 - httpx - INFO - HTTP Request: GET https://huggingface.co/api/models/nvidia/NVIDIA-Nemotron-3.5-Lightning-30B-A3B-NVFP4 "HTTP/1.1 200 OK"
2026-08-13 08:20:52.610 - httpx - INFO - HTTP Request: GET https://huggingface.co/api/models/nvidia/NVIDIA-Nemotron-3.5-Lightning-30B-A3B-NVFP4 "HTTP/1.1 200 OK"
2026-08-13 08:20:52.612 - dataset_manager - INFO - Tokenizer(s) configured in 1.91 seconds
2026-08-13 08:20:52.612 - dataset_manager - INFO - Configuring dataset for dataset_manager
2026-08-13 08:20:52.643 - InferenceResultParser_e48965f9 - INFO - Initialized tokenizers: {'nvidia/NVIDIA-Nemotron-3.5-Lightning-30B-A3B-NVFP4': {'class': 'TokenizersBackend', 'name_or_path': 'nvidia/NVIDIA-Nemotron-3.5-Lightning-30B-A3B-NVFP4'}} in 1.94 seconds
2026-08-13 08:20:52.890 - CustomDatasetComposer - INFO - Using explicit dataset format: multi_turn
2026-08-13 08:20:52.959 - MemoryMapDatasetBackingStore_a89544a7 - INFO - Memory-mapped backing store initialized (streaming to /tmp/aiperf_mmap_ba60562bcb64/dataset.dat)
2026-08-13 08:20:52.979 - MemoryMapDatasetBackingStore_a89544a7 - INFO - Data file finalized: 500 conversations, 1.26 MB
2026-08-13 08:20:52.979 - MemoryMapDatasetBackingStore_a89544a7 - INFO - Index file created: /tmp/aiperf_mmap_ba60562bcb64/index.dat
2026-08-13 08:20:52.979 - dataset_manager - INFO - Backing store finalized: client_type=DatasetClientStoreType.MEMORY_MAP format=MemoryMapFormat.CONVERSATION data_file_path=PosixPath('/tmp/aiperf_mmap_ba60562bcb64/dataset.dat') index_file_path=PosixPath('/tmp/aiperf_mmap_ba60562bcb64/index.dat') conversation_count=500 total_size_bytes=1324108 compressed=False compressed_data_file_path=None compressed_index_file_path=None compressed_size_bytes=0
2026-08-13 08:20:52.988 - dataset_manager - INFO - sampling strategy: sequential, unique conversations: 500, unique turn count: 1783
2026-08-13 08:20:52.993 - dataset_manager - INFO - Generating inputs.json file at /output/inputs.json
2026-08-13 08:20:53.002 - system_controller - WARNING - Received command response for service we were not expecting: worker_31757cc8. Ignoring.
2026-08-13 08:20:53.003 - system_controller - WARNING - Received command response for service we were not expecting: worker_d1a363e1. Ignoring.
2026-08-13 08:20:53.005 - system_controller - WARNING - Received command response for service we were not expecting: worker_b1e35254. Ignoring.
2026-08-13 08:20:53.005 - system_controller - WARNING - Received command response for service we were not expecting: worker_c3b85bfb. Ignoring.
2026-08-13 08:20:53.005 - system_controller - WARNING - Received command response for service we were not expecting: worker_45e8027d. Ignoring.
2026-08-13 08:20:53.005 - system_controller - WARNING - Received command response for service we were not expecting: worker_018abfd0. Ignoring.
2026-08-13 08:20:53.006 - PhaseOrchestrator_09a0a325 - INFO - Initialized 2 phase(s): ['Warmup', 'Profiling']
2026-08-13 08:20:53.007 - dataset_manager - INFO - inputs.json file generated in 0.01 seconds
2026-08-13 08:20:53.143 - dataset_manager - INFO - Dataset client initialized and freed 500 conversations from memory
2026-08-13 08:20:53.143 - dataset_manager - INFO - Dataset configured in 0.53 seconds
2026-08-13 08:20:53.144 - system_controller - INFO - All services configured in 2.45 seconds
2026-08-13 08:20:53.144 - system_controller - INFO - AIPerf System is CONFIGURED
2026-08-13 08:20:53.146 - server_metrics_manager - INFO - Server Metrics: Started 1 collector(s) successfully
2026-08-13 08:20:53.146 - system_controller - INFO - All services started profiling successfully
2026-08-13 08:20:53.146 - system_controller - INFO - AIPerf System is PROFILING
2026-08-13 08:20:53.151 - RateTiming - INFO - Creating interval generator: pattern=concurrency_burst, rate=None, smoothness=None
2026-08-13 08:20:53.151 - PhaseRunner - NOTICE - Phase warmup (warmup) started | phase_index=0 | target: 3 requests
2026-08-13 08:20:53.152 - PhaseRunner - NOTICE - Phase warmup (warmup) sending complete | sent=3, completed=0, in_flight=3 | sessions: sent=3, completed=0
2026-08-13 08:20:53.152 - records_manager - INFO - Credit phase start: warmup
2026-08-13 08:20:55.777 - PhaseRunner - NOTICE - Phase warmup (warmup) complete | completed=3, cancelled=0, errors=0 | sessions: completed=0, cancelled=0 | elapsed=2.63s
2026-08-13 08:20:55.779 - RateTiming - INFO - Creating interval generator: pattern=concurrency_burst, rate=None, smoothness=None
2026-08-13 08:20:55.779 - server_metrics_manager - INFO - Server Metrics: Warmup complete, capturing final warmup metrics...
2026-08-13 08:20:55.779 - PhaseRunner - NOTICE - Phase profiling (profiling) started | phase_index=1 | profiling_index=0 | target: 50 requests, 50 sessions
2026-08-13 08:20:55.780 - records_manager - INFO - Credit phase start: profiling
2026-08-13 08:21:01.817 - PhaseRunner - NOTICE - Phase profiling (profiling) sending complete | sent=50, completed=18, in_flight=32 | sessions: sent=34, completed=2
2026-08-13 08:21:01.818 - records_manager - INFO - Sent 50 requests. Waiting for all to complete...
2026-08-13 08:21:06.701 - PhaseRunner - NOTICE - Phase profiling (profiling) complete | completed=50, cancelled=0, errors=0 | sessions: completed=13, cancelled=0 | elapsed=10.92s
2026-08-13 08:21:06.702 - PhaseOrchestrator_09a0a325 - NOTICE - All credits completed
2026-08-13 08:21:06.703 - system_controller - INFO - Received credits complete from 'timing_manager'
2026-08-13 08:21:06.703 - records_manager - INFO - Received CREDIT_PHASE_COMPLETE message, Phase complete: PhaseRecordsStats(phase=CreditPhase.PROFILING, phase_index=1, profiling_index=0, phase_name='profiling', phase_kind='profiling', start_ns=1786609255779594791, sent_end_ns=1786609261817144437, requests_end_ns=1786609266701581771, baseline_start_ns=1786609255779576743, baseline_end_ns=1786609266701587307, total_expected_requests=50, expected_duration_sec=None, expected_num_sessions=None, expected_grace_period_sec=None, final_requests_sent=None, final_requests_completed=50, final_requests_cancelled=0, final_request_errors=0, final_sent_sessions=None, final_completed_sessions=None, final_cancelled_sessions=None, timeout_triggered=False, grace_period_timeout_triggered=False, was_cancelled=False, records_end_ns=None, success_records=49, error_records=0)
2026-08-13 08:21:06.703 - records_manager - NOTICE - All requests have completed, please wait for the results to be processed (currently 49 of 50 records processed)...
2026-08-13 08:21:06.704 - records_manager - INFO - All credits complete, please wait for the results to be processed...
2026-08-13 08:21:06.708 - records_manager - INFO - Processed 50 valid requests and 0 errors (50 total).
2026-08-13 08:21:06.708 - records_manager - INFO - Received all records, processing now...
2026-08-13 08:21:06.710 - gpu_telemetry_manager - INFO - GPU Telemetry: Profiling complete, capturing final metrics...
2026-08-13 08:21:06.710 - records_manager - INFO - Waiting 2.0s for server metrics flush period...
2026-08-13 08:21:06.721 - server_metrics_manager - INFO - Server Metrics: Profiling complete, capturing final metrics...
2026-08-13 08:21:08.701 - records_manager - INFO - Processing records results...
2026-08-13 08:21:08.791 - system_controller - INFO - Waiting for result domains: server_metrics, telemetry
2026-08-13 08:21:08.792 - system_controller - INFO - Waiting for result domains: server_metrics
2026-08-13 08:21:08.806 - records_manager - INFO - _finalize_and_process_results completed
2026-08-13 08:21:08.809 - system_controller - INFO - All results received, initiating shutdown
2026-08-13 08:21:09.420 - ExporterManager - INFO - Exporting all records
2026-08-13 08:21:09.539 - ExporterManager - INFO - Exporting console data
