2026-08-13 08:31:31.847 - aiperf.cli_runner._single_run - INFO - Starting AIPerf System
2026-08-13 08:31:32.310 - httpx - INFO - HTTP Request: GET https://huggingface.co/api/models/nvidia/NVIDIA-Nemotron-3.5-Lightning-30B-A3B-NVFP4 "HTTP/1.1 200 OK"
2026-08-13 08:31:32.332 - aiperf.config.resolution.resolvers - INFO - [OK] Tokenizer nvidia/NVIDIA-Nemotron-3.5-Lightning-30B-A3B-NVFP4 detected
2026-08-13 08:31:32.332 - aiperf.config.resolution.resolvers - INFO - 1 tokenizer validated | 0.5s
2026-08-13 08:31:32.332 - aiperf.config.resolution.resolvers - INFO - Prefetching 1 tokenizer into HF cache...
2026-08-13 08:31:33.331 - httpx - INFO - HTTP Request: HEAD https://huggingface.co/nvidia/NVIDIA-Nemotron-3.5-Lightning-30B-A3B-NVFP4/resolve/main/config.json "HTTP/1.1 307 Temporary Redirect"
2026-08-13 08:31:33.343 - httpx - INFO - HTTP Request: HEAD https://huggingface.co/api/resolve-cache/models/nvidia/NVIDIA-Nemotron-3.5-Lightning-30B-A3B-NVFP4/29f2d1746d8f41e316523194b19018707749b1b1/config.json "HTTP/1.1 200 OK"
2026-08-13 08:31:33.361 - httpx - INFO - HTTP Request: GET https://huggingface.co/api/resolve-cache/models/nvidia/NVIDIA-Nemotron-3.5-Lightning-30B-A3B-NVFP4/29f2d1746d8f41e316523194b19018707749b1b1/config.json "HTTP/1.1 200 OK"
2026-08-13 08:31:33.495 - httpx - INFO - HTTP Request: HEAD https://huggingface.co/nvidia/NVIDIA-Nemotron-3.5-Lightning-30B-A3B-NVFP4/resolve/main/tokenizer_config.json "HTTP/1.1 307 Temporary Redirect"
2026-08-13 08:31:33.496 - huggingface_hub.utils._http - WARNING - Warning: You are sending unauthenticated requests to the HF Hub. Please set a HF_TOKEN to enable higher rate limits and faster downloads.
2026-08-13 08:31:33.506 - httpx - INFO - HTTP Request: HEAD https://huggingface.co/api/resolve-cache/models/nvidia/NVIDIA-Nemotron-3.5-Lightning-30B-A3B-NVFP4/29f2d1746d8f41e316523194b19018707749b1b1/tokenizer_config.json "HTTP/1.1 200 OK"
2026-08-13 08:31:33.516 - httpx - INFO - HTTP Request: GET https://huggingface.co/api/resolve-cache/models/nvidia/NVIDIA-Nemotron-3.5-Lightning-30B-A3B-NVFP4/29f2d1746d8f41e316523194b19018707749b1b1/tokenizer_config.json "HTTP/1.1 200 OK"
2026-08-13 08:31:33.598 - httpx - INFO - HTTP Request: GET https://huggingface.co/api/models/nvidia/NVIDIA-Nemotron-3.5-Lightning-30B-A3B-NVFP4/tree/main/additional_chat_templates?recursive=false&expand=false "HTTP/1.1 404 Not Found"
2026-08-13 08:31:33.684 - httpx - INFO - HTTP Request: GET https://huggingface.co/api/models/nvidia/NVIDIA-Nemotron-3.5-Lightning-30B-A3B-NVFP4/tree/main?recursive=true&expand=false "HTTP/1.1 200 OK"
2026-08-13 08:31:33.766 - httpx - INFO - HTTP Request: HEAD https://huggingface.co/nvidia/NVIDIA-Nemotron-3.5-Lightning-30B-A3B-NVFP4/resolve/main/tokenizer.json "HTTP/1.1 302 Found"
2026-08-13 08:31:33.858 - httpx - INFO - HTTP Request: GET https://huggingface.co/api/models/nvidia/NVIDIA-Nemotron-3.5-Lightning-30B-A3B-NVFP4/xet-read-token/29f2d1746d8f41e316523194b19018707749b1b1 "HTTP/1.1 200 OK"
2026-08-13 08:31:34.810 - httpx - INFO - HTTP Request: HEAD https://huggingface.co/nvidia/NVIDIA-Nemotron-3.5-Lightning-30B-A3B-NVFP4/resolve/main/tokenizer.model "HTTP/1.1 404 Not Found"
2026-08-13 08:31:34.888 - httpx - INFO - HTTP Request: HEAD https://huggingface.co/nvidia/NVIDIA-Nemotron-3.5-Lightning-30B-A3B-NVFP4/resolve/main/added_tokens.json "HTTP/1.1 404 Not Found"
2026-08-13 08:31:34.966 - httpx - INFO - HTTP Request: HEAD https://huggingface.co/nvidia/NVIDIA-Nemotron-3.5-Lightning-30B-A3B-NVFP4/resolve/main/special_tokens_map.json "HTTP/1.1 307 Temporary Redirect"
2026-08-13 08:31:34.979 - httpx - INFO - HTTP Request: HEAD https://huggingface.co/api/resolve-cache/models/nvidia/NVIDIA-Nemotron-3.5-Lightning-30B-A3B-NVFP4/29f2d1746d8f41e316523194b19018707749b1b1/special_tokens_map.json "HTTP/1.1 200 OK"
2026-08-13 08:31:34.989 - httpx - INFO - HTTP Request: GET https://huggingface.co/api/resolve-cache/models/nvidia/NVIDIA-Nemotron-3.5-Lightning-30B-A3B-NVFP4/29f2d1746d8f41e316523194b19018707749b1b1/special_tokens_map.json "HTTP/1.1 200 OK"
2026-08-13 08:31:35.074 - httpx - INFO - HTTP Request: HEAD https://huggingface.co/nvidia/NVIDIA-Nemotron-3.5-Lightning-30B-A3B-NVFP4/resolve/main/chat_template.jinja "HTTP/1.1 307 Temporary Redirect"
2026-08-13 08:31:35.089 - httpx - INFO - HTTP Request: HEAD https://huggingface.co/api/resolve-cache/models/nvidia/NVIDIA-Nemotron-3.5-Lightning-30B-A3B-NVFP4/29f2d1746d8f41e316523194b19018707749b1b1/chat_template.jinja "HTTP/1.1 200 OK"
2026-08-13 08:31:35.101 - httpx - INFO - HTTP Request: GET https://huggingface.co/api/resolve-cache/models/nvidia/NVIDIA-Nemotron-3.5-Lightning-30B-A3B-NVFP4/29f2d1746d8f41e316523194b19018707749b1b1/chat_template.jinja "HTTP/1.1 200 OK"
2026-08-13 08:31:35.989 - httpx - INFO - HTTP Request: GET https://huggingface.co/api/models/nvidia/NVIDIA-Nemotron-3.5-Lightning-30B-A3B-NVFP4 "HTTP/1.1 200 OK"
2026-08-13 08:31:36.031 - aiperf.config.resolution.resolvers - INFO -   Cached nvidia/NVIDIA-Nemotron-3.5-Lightning-30B-A3B-NVFP4 (3.69s)
2026-08-13 08:31:36.088 - aiperf.config.resolution.resolvers - INFO - 1 tokenizer cached • 3.8s
2026-08-13 08:31:36.521 - server_metrics_manager - INFO - Server Metrics: Discovered 1 endpoints: ['http://localhost:8000/metrics']
2026-08-13 08:31:36.528 - GPUTelemetryJSONLWriter_88941ac8 - INFO - GPU telemetry export enabled: /output/gpu_telemetry_export.jsonl
2026-08-13 08:31:36.538 - OTelMetricsResultsProcessor_8acb7f54 - INFO - Telemetry streaming is disabled (set --otel-url and/or --mlflow-tracking-uri to enable)
2026-08-13 08:31:36.539 - RecordExportJSONLWriter_673d18fd - INFO - Record metrics export enabled: /output/profile_export.jsonl
2026-08-13 08:31:36.555 - system_controller - INFO - Registered Worker Manager (id: 'worker_manager')
2026-08-13 08:31:36.557 - system_controller - INFO - Registered Gpu Telemetry Manager (id: 'gpu_telemetry_manager')
2026-08-13 08:31:36.636 - system_controller - INFO - Registered Dataset Manager (id: 'dataset_manager')
2026-08-13 08:31:36.637 - system_controller - INFO - Registered Server Metrics Manager (id: 'server_metrics_manager')
2026-08-13 08:31:36.645 - system_controller - INFO - Registered Records Manager (id: 'records_manager')
2026-08-13 08:31:36.695 - system_controller - INFO - Registered Record Processor (id: 'record_processor_e7b88373')
2026-08-13 08:31:36.701 - system_controller - INFO - Registered Record Processor (id: 'record_processor_fc87170e')
2026-08-13 08:31:36.702 - system_controller - INFO - Registered Record Processor (id: 'record_processor_42de47fa')
2026-08-13 08:31:36.788 - system_controller - INFO - Registered Timing Manager (id: 'timing_manager')
2026-08-13 08:31:36.903 - system_controller - INFO - Registered Worker (id: 'worker_2e782963')
2026-08-13 08:31:36.905 - system_controller - INFO - Registered Worker (id: 'worker_b14f1987')
2026-08-13 08:31:36.942 - system_controller - INFO - AIPerf System is CONFIGURING
2026-08-13 08:31:36.942 - system_controller - INFO - Configuring all services to start profiling
2026-08-13 08:31:36.944 - InferenceResultParser_e4adfd9f - INFO - Configuring tokenizers for inference result parser (resolve_alias: True)
2026-08-13 08:31:36.944 - InferenceResultParser_20d9f58b - INFO - Configuring tokenizers for inference result parser (resolve_alias: True)
2026-08-13 08:31:36.944 - timing_manager - INFO - Waiting for dataset to be configured before configuring timing
2026-08-13 08:31:36.944 - InferenceResultParser_1a218ad6 - INFO - Configuring tokenizers for inference result parser (resolve_alias: True)
2026-08-13 08:31:36.945 - dataset_manager - INFO - Configuring tokenizer(s) for dataset manager
2026-08-13 08:31:36.952 - server_metrics_manager - INFO - Server Metrics: Capturing baseline metrics...
2026-08-13 08:31:36.952 - system_controller - INFO - Registered Worker (id: 'worker_763111fe')
2026-08-13 08:31:36.955 - system_controller - INFO - Registered Worker (id: 'worker_0004a793')
2026-08-13 08:31:36.964 - http://localhost:8000/metrics - INFO - Skipping unsupported summary metric: http_request_size_bytes
2026-08-13 08:31:36.964 - http://localhost:8000/metrics - INFO - Skipping unsupported summary metric: http_response_size_bytes
2026-08-13 08:31:36.966 - system_controller - INFO - Server metrics enabled - 1/1 endpoint(s) reachable.
2026-08-13 08:31:36.966 - system_controller - INFO - Waiting for result domains: profile, server_metrics, telemetry
2026-08-13 08:31:36.977 - gpu_telemetry_manager - INFO - GPU Telemetry: Capturing baseline metrics from pynvml://localhost
2026-08-13 08:31:36.987 - pynvml_collector - INFO - PyNVML initialized with 1 GPU(s) (0 with GPM support)
2026-08-13 08:31:37.000 - system_controller - INFO - Registered Worker (id: 'worker_0753c2e9')
2026-08-13 08:31:37.002 - system_controller - INFO - DCGM telemetry enabled - 1/1 endpoint(s) reachable
2026-08-13 08:31:37.011 - system_controller - INFO - Registered Worker (id: 'worker_5c84b5d1')
2026-08-13 08:31:37.016 - system_controller - INFO - Registered Worker (id: 'worker_331374b4')
2026-08-13 08:31:37.022 - system_controller - INFO - Registered Worker (id: 'worker_703a6072')
2026-08-13 08:31:37.026 - system_controller - INFO - Registered Worker (id: 'worker_01ceda01')
2026-08-13 08:31:37.046 - system_controller - INFO - Registered Worker (id: 'worker_7d494870')
2026-08-13 08:31:37.048 - system_controller - INFO - Registered Worker (id: 'worker_115b2c74')
2026-08-13 08:31:37.065 - system_controller - INFO - Registered Worker (id: 'worker_2dcd61d1')
2026-08-13 08:31:37.091 - system_controller - INFO - Registered Worker (id: 'worker_fa87ad03')
2026-08-13 08:31:37.093 - system_controller - INFO - Registered Worker (id: 'worker_fbbb8330')
2026-08-13 08:31:37.482 - httpx - INFO - HTTP Request: HEAD https://huggingface.co/nvidia/NVIDIA-Nemotron-3.5-Lightning-30B-A3B-NVFP4/resolve/main/config.json "HTTP/1.1 307 Temporary Redirect"
2026-08-13 08:31:37.483 - huggingface_hub.utils._http - WARNING - Warning: You are sending unauthenticated requests to the HF Hub. Please set a HF_TOKEN to enable higher rate limits and faster downloads.
2026-08-13 08:31:37.494 - httpx - INFO - HTTP Request: HEAD https://huggingface.co/api/resolve-cache/models/nvidia/NVIDIA-Nemotron-3.5-Lightning-30B-A3B-NVFP4/29f2d1746d8f41e316523194b19018707749b1b1/config.json "HTTP/1.1 200 OK"
2026-08-13 08:31:37.504 - httpx - INFO - HTTP Request: HEAD https://huggingface.co/nvidia/NVIDIA-Nemotron-3.5-Lightning-30B-A3B-NVFP4/resolve/main/config.json "HTTP/1.1 307 Temporary Redirect"
2026-08-13 08:31:37.504 - huggingface_hub.utils._http - WARNING - Warning: You are sending unauthenticated requests to the HF Hub. Please set a HF_TOKEN to enable higher rate limits and faster downloads.
2026-08-13 08:31:37.505 - httpx - INFO - HTTP Request: HEAD https://huggingface.co/nvidia/NVIDIA-Nemotron-3.5-Lightning-30B-A3B-NVFP4/resolve/main/config.json "HTTP/1.1 307 Temporary Redirect"
2026-08-13 08:31:37.505 - huggingface_hub.utils._http - WARNING - Warning: You are sending unauthenticated requests to the HF Hub. Please set a HF_TOKEN to enable higher rate limits and faster downloads.
2026-08-13 08:31:37.507 - httpx - INFO - HTTP Request: HEAD https://huggingface.co/nvidia/NVIDIA-Nemotron-3.5-Lightning-30B-A3B-NVFP4/resolve/main/config.json "HTTP/1.1 307 Temporary Redirect"
2026-08-13 08:31:37.508 - huggingface_hub.utils._http - WARNING - Warning: You are sending unauthenticated requests to the HF Hub. Please set a HF_TOKEN to enable higher rate limits and faster downloads.
2026-08-13 08:31:37.513 - httpx - INFO - HTTP Request: HEAD https://huggingface.co/api/resolve-cache/models/nvidia/NVIDIA-Nemotron-3.5-Lightning-30B-A3B-NVFP4/29f2d1746d8f41e316523194b19018707749b1b1/config.json "HTTP/1.1 200 OK"
2026-08-13 08:31:37.516 - httpx - INFO - HTTP Request: HEAD https://huggingface.co/api/resolve-cache/models/nvidia/NVIDIA-Nemotron-3.5-Lightning-30B-A3B-NVFP4/29f2d1746d8f41e316523194b19018707749b1b1/config.json "HTTP/1.1 200 OK"
2026-08-13 08:31:37.518 - httpx - INFO - HTTP Request: HEAD https://huggingface.co/api/resolve-cache/models/nvidia/NVIDIA-Nemotron-3.5-Lightning-30B-A3B-NVFP4/29f2d1746d8f41e316523194b19018707749b1b1/config.json "HTTP/1.1 200 OK"
2026-08-13 08:31:37.624 - httpx - INFO - HTTP Request: HEAD https://huggingface.co/nvidia/NVIDIA-Nemotron-3.5-Lightning-30B-A3B-NVFP4/resolve/main/tokenizer_config.json "HTTP/1.1 307 Temporary Redirect"
2026-08-13 08:31:37.639 - httpx - INFO - HTTP Request: HEAD https://huggingface.co/api/resolve-cache/models/nvidia/NVIDIA-Nemotron-3.5-Lightning-30B-A3B-NVFP4/29f2d1746d8f41e316523194b19018707749b1b1/tokenizer_config.json "HTTP/1.1 200 OK"
2026-08-13 08:31:37.645 - httpx - INFO - HTTP Request: HEAD https://huggingface.co/nvidia/NVIDIA-Nemotron-3.5-Lightning-30B-A3B-NVFP4/resolve/main/tokenizer_config.json "HTTP/1.1 307 Temporary Redirect"
2026-08-13 08:31:37.645 - httpx - INFO - HTTP Request: HEAD https://huggingface.co/nvidia/NVIDIA-Nemotron-3.5-Lightning-30B-A3B-NVFP4/resolve/main/tokenizer_config.json "HTTP/1.1 307 Temporary Redirect"
2026-08-13 08:31:37.648 - httpx - INFO - HTTP Request: HEAD https://huggingface.co/nvidia/NVIDIA-Nemotron-3.5-Lightning-30B-A3B-NVFP4/resolve/main/tokenizer_config.json "HTTP/1.1 307 Temporary Redirect"
2026-08-13 08:31:37.657 - httpx - INFO - HTTP Request: HEAD https://huggingface.co/api/resolve-cache/models/nvidia/NVIDIA-Nemotron-3.5-Lightning-30B-A3B-NVFP4/29f2d1746d8f41e316523194b19018707749b1b1/tokenizer_config.json "HTTP/1.1 200 OK"
2026-08-13 08:31:37.657 - httpx - INFO - HTTP Request: HEAD https://huggingface.co/api/resolve-cache/models/nvidia/NVIDIA-Nemotron-3.5-Lightning-30B-A3B-NVFP4/29f2d1746d8f41e316523194b19018707749b1b1/tokenizer_config.json "HTTP/1.1 200 OK"
2026-08-13 08:31:37.658 - httpx - INFO - HTTP Request: HEAD https://huggingface.co/api/resolve-cache/models/nvidia/NVIDIA-Nemotron-3.5-Lightning-30B-A3B-NVFP4/29f2d1746d8f41e316523194b19018707749b1b1/tokenizer_config.json "HTTP/1.1 200 OK"
2026-08-13 08:31:37.723 - httpx - INFO - HTTP Request: GET https://huggingface.co/api/models/nvidia/NVIDIA-Nemotron-3.5-Lightning-30B-A3B-NVFP4/tree/main/additional_chat_templates?recursive=false&expand=false "HTTP/1.1 404 Not Found"
2026-08-13 08:31:37.736 - httpx - INFO - HTTP Request: GET https://huggingface.co/api/models/nvidia/NVIDIA-Nemotron-3.5-Lightning-30B-A3B-NVFP4/tree/main/additional_chat_templates?recursive=false&expand=false "HTTP/1.1 404 Not Found"
2026-08-13 08:31:37.741 - httpx - INFO - HTTP Request: GET https://huggingface.co/api/models/nvidia/NVIDIA-Nemotron-3.5-Lightning-30B-A3B-NVFP4/tree/main/additional_chat_templates?recursive=false&expand=false "HTTP/1.1 404 Not Found"
2026-08-13 08:31:37.742 - httpx - INFO - HTTP Request: GET https://huggingface.co/api/models/nvidia/NVIDIA-Nemotron-3.5-Lightning-30B-A3B-NVFP4/tree/main/additional_chat_templates?recursive=false&expand=false "HTTP/1.1 404 Not Found"
2026-08-13 08:31:37.809 - httpx - INFO - HTTP Request: GET https://huggingface.co/api/models/nvidia/NVIDIA-Nemotron-3.5-Lightning-30B-A3B-NVFP4/tree/main?recursive=true&expand=false "HTTP/1.1 200 OK"
2026-08-13 08:31:37.819 - httpx - INFO - HTTP Request: GET https://huggingface.co/api/models/nvidia/NVIDIA-Nemotron-3.5-Lightning-30B-A3B-NVFP4/tree/main?recursive=true&expand=false "HTTP/1.1 200 OK"
2026-08-13 08:31:37.827 - httpx - INFO - HTTP Request: GET https://huggingface.co/api/models/nvidia/NVIDIA-Nemotron-3.5-Lightning-30B-A3B-NVFP4/tree/main?recursive=true&expand=false "HTTP/1.1 200 OK"
2026-08-13 08:31:37.827 - httpx - INFO - HTTP Request: GET https://huggingface.co/api/models/nvidia/NVIDIA-Nemotron-3.5-Lightning-30B-A3B-NVFP4/tree/main?recursive=true&expand=false "HTTP/1.1 200 OK"
2026-08-13 08:31:38.764 - httpx - INFO - HTTP Request: GET https://huggingface.co/api/models/nvidia/NVIDIA-Nemotron-3.5-Lightning-30B-A3B-NVFP4 "HTTP/1.1 200 OK"
2026-08-13 08:31:38.766 - httpx - INFO - HTTP Request: GET https://huggingface.co/api/models/nvidia/NVIDIA-Nemotron-3.5-Lightning-30B-A3B-NVFP4 "HTTP/1.1 200 OK"
2026-08-13 08:31:38.778 - httpx - INFO - HTTP Request: GET https://huggingface.co/api/models/nvidia/NVIDIA-Nemotron-3.5-Lightning-30B-A3B-NVFP4 "HTTP/1.1 200 OK"
2026-08-13 08:31:38.781 - httpx - INFO - HTTP Request: GET https://huggingface.co/api/models/nvidia/NVIDIA-Nemotron-3.5-Lightning-30B-A3B-NVFP4 "HTTP/1.1 200 OK"
2026-08-13 08:31:38.792 - InferenceResultParser_1a218ad6 - INFO - Initialized tokenizers: {'nvidia/NVIDIA-Nemotron-3.5-Lightning-30B-A3B-NVFP4': {'class': 'TokenizersBackend', 'name_or_path': 'nvidia/NVIDIA-Nemotron-3.5-Lightning-30B-A3B-NVFP4'}} in 1.85 seconds
2026-08-13 08:31:38.792 - InferenceResultParser_e4adfd9f - INFO - Initialized tokenizers: {'nvidia/NVIDIA-Nemotron-3.5-Lightning-30B-A3B-NVFP4': {'class': 'TokenizersBackend', 'name_or_path': 'nvidia/NVIDIA-Nemotron-3.5-Lightning-30B-A3B-NVFP4'}} in 1.85 seconds
2026-08-13 08:31:38.808 - dataset_manager - INFO - Tokenizer(s) configured in 1.86 seconds
2026-08-13 08:31:38.808 - dataset_manager - INFO - Configuring dataset for dataset_manager
2026-08-13 08:31:38.808 - InferenceResultParser_20d9f58b - INFO - Initialized tokenizers: {'nvidia/NVIDIA-Nemotron-3.5-Lightning-30B-A3B-NVFP4': {'class': 'TokenizersBackend', 'name_or_path': 'nvidia/NVIDIA-Nemotron-3.5-Lightning-30B-A3B-NVFP4'}} in 1.86 seconds
2026-08-13 08:31:39.052 - CustomDatasetComposer - INFO - Using explicit dataset format: multi_turn
2026-08-13 08:31:39.118 - MemoryMapDatasetBackingStore_8f809334 - INFO - Memory-mapped backing store initialized (streaming to /tmp/aiperf_mmap_48c4711907f0/dataset.dat)
2026-08-13 08:31:39.137 - MemoryMapDatasetBackingStore_8f809334 - INFO - Data file finalized: 500 conversations, 1.27 MB
2026-08-13 08:31:39.138 - MemoryMapDatasetBackingStore_8f809334 - INFO - Index file created: /tmp/aiperf_mmap_48c4711907f0/index.dat
2026-08-13 08:31:39.138 - dataset_manager - INFO - Backing store finalized: client_type=DatasetClientStoreType.MEMORY_MAP format=MemoryMapFormat.CONVERSATION data_file_path=PosixPath('/tmp/aiperf_mmap_48c4711907f0/dataset.dat') index_file_path=PosixPath('/tmp/aiperf_mmap_48c4711907f0/index.dat') conversation_count=500 total_size_bytes=1331693 compressed=False compressed_data_file_path=None compressed_index_file_path=None compressed_size_bytes=0
2026-08-13 08:31:39.147 - dataset_manager - INFO - sampling strategy: sequential, unique conversations: 500, unique turn count: 1783
2026-08-13 08:31:39.151 - dataset_manager - INFO - Generating inputs.json file at /output/inputs.json
2026-08-13 08:31:39.159 - system_controller - WARNING - Received command response for service we were not expecting: worker_0753c2e9. Ignoring.
2026-08-13 08:31:39.160 - system_controller - WARNING - Received command response for service we were not expecting: worker_331374b4. Ignoring.
2026-08-13 08:31:39.162 - system_controller - WARNING - Received command response for service we were not expecting: worker_01ceda01. Ignoring.
2026-08-13 08:31:39.164 - PhaseOrchestrator_42899bfc - INFO - Initialized 2 phase(s): ['Warmup', 'Profiling']
2026-08-13 08:31:39.164 - system_controller - WARNING - Received command response for service we were not expecting: worker_703a6072. Ignoring.
2026-08-13 08:31:39.165 - system_controller - WARNING - Received command response for service we were not expecting: worker_5c84b5d1. Ignoring.
2026-08-13 08:31:39.166 - dataset_manager - INFO - inputs.json file generated in 0.01 seconds
2026-08-13 08:31:39.287 - dataset_manager - INFO - Dataset client initialized and freed 500 conversations from memory
2026-08-13 08:31:39.287 - dataset_manager - INFO - Dataset configured in 0.48 seconds
2026-08-13 08:31:39.290 - system_controller - INFO - All services configured in 2.35 seconds
2026-08-13 08:31:39.290 - system_controller - INFO - AIPerf System is CONFIGURED
2026-08-13 08:31:39.293 - server_metrics_manager - INFO - Server Metrics: Started 1 collector(s) successfully
2026-08-13 08:31:39.294 - system_controller - INFO - All services started profiling successfully
2026-08-13 08:31:39.295 - system_controller - INFO - AIPerf System is PROFILING
2026-08-13 08:31:39.297 - RateTiming - INFO - Creating interval generator: pattern=concurrency_burst, rate=None, smoothness=None
2026-08-13 08:31:39.297 - PhaseRunner - NOTICE - Phase warmup (warmup) started | phase_index=0 | target: 3 requests
2026-08-13 08:31:39.297 - PhaseRunner - NOTICE - Phase warmup (warmup) sending complete | sent=3, completed=0, in_flight=3 | sessions: sent=3, completed=0
2026-08-13 08:31:39.301 - records_manager - INFO - Credit phase start: warmup
2026-08-13 08:31:41.305 - PhaseRunner - NOTICE - Phase warmup (warmup) complete | completed=3, cancelled=0, errors=0 | sessions: completed=0, cancelled=0 | elapsed=2.01s
2026-08-13 08:31:41.307 - RateTiming - INFO - Creating interval generator: pattern=concurrency_burst, rate=None, smoothness=None
2026-08-13 08:31:41.307 - PhaseRunner - NOTICE - Phase profiling (profiling) started | phase_index=1 | profiling_index=0 | target: 50 requests, 50 sessions
2026-08-13 08:31:41.308 - records_manager - INFO - Credit phase start: profiling
2026-08-13 08:31:41.318 - server_metrics_manager - INFO - Server Metrics: Warmup complete, capturing final warmup metrics...
2026-08-13 08:31:47.675 - PhaseRunner - NOTICE - Phase profiling (profiling) sending complete | sent=50, completed=18, in_flight=32 | sessions: sent=34, completed=2
2026-08-13 08:31:47.676 - records_manager - INFO - Sent 50 requests. Waiting for all to complete...
2026-08-13 08:31:52.459 - PhaseRunner - NOTICE - Phase profiling (profiling) complete | completed=50, cancelled=0, errors=0 | sessions: completed=7, cancelled=0 | elapsed=11.15s
2026-08-13 08:31:52.460 - PhaseOrchestrator_42899bfc - NOTICE - All credits completed
2026-08-13 08:31:52.462 - records_manager - INFO - Received CREDIT_PHASE_COMPLETE message, Phase complete: PhaseRecordsStats(phase=CreditPhase.PROFILING, phase_index=1, profiling_index=0, phase_name='profiling', phase_kind='profiling', start_ns=1786609901307509462, sent_end_ns=1786609907675644679, requests_end_ns=1786609912459427687, baseline_start_ns=1786609901307495190, baseline_end_ns=1786609912459435703, total_expected_requests=50, expected_duration_sec=None, expected_num_sessions=None, expected_grace_period_sec=None, final_requests_sent=None, final_requests_completed=50, final_requests_cancelled=0, final_request_errors=0, final_sent_sessions=None, final_completed_sessions=None, final_cancelled_sessions=None, timeout_triggered=False, grace_period_timeout_triggered=False, was_cancelled=False, records_end_ns=None, success_records=49, error_records=0)
2026-08-13 08:31:52.463 - system_controller - INFO - Received credits complete from 'timing_manager'
2026-08-13 08:31:52.463 - records_manager - NOTICE - All requests have completed, please wait for the results to be processed (currently 49 of 50 records processed)...
2026-08-13 08:31:52.464 - records_manager - INFO - All credits complete, please wait for the results to be processed...
2026-08-13 08:31:52.466 - records_manager - INFO - Processed 50 valid requests and 0 errors (50 total).
2026-08-13 08:31:52.466 - records_manager - INFO - Received all records, processing now...
2026-08-13 08:31:52.471 - records_manager - INFO - Waiting 2.0s for server metrics flush period...
2026-08-13 08:31:52.470 - gpu_telemetry_manager - INFO - GPU Telemetry: Profiling complete, capturing final metrics...
2026-08-13 08:31:52.478 - server_metrics_manager - INFO - Server Metrics: Profiling complete, capturing final metrics...
2026-08-13 08:31:54.460 - records_manager - INFO - Processing records results...
2026-08-13 08:31:54.650 - system_controller - INFO - Waiting for result domains: server_metrics, telemetry
2026-08-13 08:31:54.650 - system_controller - INFO - Waiting for result domains: server_metrics
2026-08-13 08:31:54.659 - records_manager - INFO - _finalize_and_process_results completed
2026-08-13 08:31:54.661 - system_controller - INFO - All results received, initiating shutdown
2026-08-13 08:31:55.274 - ExporterManager - INFO - Exporting all records
2026-08-13 08:31:55.406 - ExporterManager - INFO - Exporting console data
