2026-08-11 22:19:40.239 - aiperf.cli_runner._single_run - INFO - Starting AIPerf System
2026-08-11 22:19:40.734 - httpx - INFO - HTTP Request: GET https://huggingface.co/api/models/nvidia/NVIDIA-Nemotron-3.5-Lightning-30B-A3B-NVFP4 "HTTP/1.1 200 OK"
2026-08-11 22:19:40.874 - aiperf.config.resolution.resolvers - INFO - [OK] Tokenizer nvidia/NVIDIA-Nemotron-3.5-Lightning-30B-A3B-NVFP4 detected
2026-08-11 22:19:40.874 - aiperf.config.resolution.resolvers - INFO - 1 tokenizer validated | 0.6s
2026-08-11 22:19:40.874 - aiperf.config.resolution.resolvers - INFO - Prefetching 1 tokenizer into HF cache...
2026-08-11 22:19:41.753 - httpx - INFO - HTTP Request: HEAD https://huggingface.co/nvidia/NVIDIA-Nemotron-3.5-Lightning-30B-A3B-NVFP4/resolve/main/config.json "HTTP/1.1 307 Temporary Redirect"
2026-08-11 22:19:41.754 - huggingface_hub.utils._http - WARNING - Warning: You are sending unauthenticated requests to the HF Hub. Please set a HF_TOKEN to enable higher rate limits and faster downloads.
2026-08-11 22:19:41.768 - httpx - INFO - HTTP Request: HEAD https://huggingface.co/api/resolve-cache/models/nvidia/NVIDIA-Nemotron-3.5-Lightning-30B-A3B-NVFP4/f9b0c83dc2e390069425f5b4d40006fd343d596c/config.json "HTTP/1.1 200 OK"
2026-08-11 22:19:41.788 - httpx - INFO - HTTP Request: GET https://huggingface.co/api/resolve-cache/models/nvidia/NVIDIA-Nemotron-3.5-Lightning-30B-A3B-NVFP4/f9b0c83dc2e390069425f5b4d40006fd343d596c/config.json "HTTP/1.1 200 OK"
2026-08-11 22:19:41.957 - httpx - INFO - HTTP Request: HEAD https://huggingface.co/nvidia/NVIDIA-Nemotron-3.5-Lightning-30B-A3B-NVFP4/resolve/main/tokenizer_config.json "HTTP/1.1 307 Temporary Redirect"
2026-08-11 22:19:41.969 - httpx - INFO - HTTP Request: HEAD https://huggingface.co/api/resolve-cache/models/nvidia/NVIDIA-Nemotron-3.5-Lightning-30B-A3B-NVFP4/f9b0c83dc2e390069425f5b4d40006fd343d596c/tokenizer_config.json "HTTP/1.1 200 OK"
2026-08-11 22:19:41.982 - httpx - INFO - HTTP Request: GET https://huggingface.co/api/resolve-cache/models/nvidia/NVIDIA-Nemotron-3.5-Lightning-30B-A3B-NVFP4/f9b0c83dc2e390069425f5b4d40006fd343d596c/tokenizer_config.json "HTTP/1.1 200 OK"
2026-08-11 22:19:42.086 - httpx - INFO - HTTP Request: GET https://huggingface.co/api/models/nvidia/NVIDIA-Nemotron-3.5-Lightning-30B-A3B-NVFP4/tree/main/additional_chat_templates?recursive=false&expand=false "HTTP/1.1 404 Not Found"
2026-08-11 22:19:42.176 - httpx - INFO - HTTP Request: GET https://huggingface.co/api/models/nvidia/NVIDIA-Nemotron-3.5-Lightning-30B-A3B-NVFP4/tree/main?recursive=true&expand=false "HTTP/1.1 200 OK"
2026-08-11 22:19:42.271 - httpx - INFO - HTTP Request: HEAD https://huggingface.co/nvidia/NVIDIA-Nemotron-3.5-Lightning-30B-A3B-NVFP4/resolve/main/tokenizer.json "HTTP/1.1 302 Found"
2026-08-11 22:19:42.370 - httpx - INFO - HTTP Request: GET https://huggingface.co/api/models/nvidia/NVIDIA-Nemotron-3.5-Lightning-30B-A3B-NVFP4/xet-read-token/f9b0c83dc2e390069425f5b4d40006fd343d596c "HTTP/1.1 200 OK"
2026-08-11 22:19:43.519 - httpx - INFO - HTTP Request: HEAD https://huggingface.co/nvidia/NVIDIA-Nemotron-3.5-Lightning-30B-A3B-NVFP4/resolve/main/tokenizer.model "HTTP/1.1 404 Not Found"
2026-08-11 22:19:43.604 - httpx - INFO - HTTP Request: HEAD https://huggingface.co/nvidia/NVIDIA-Nemotron-3.5-Lightning-30B-A3B-NVFP4/resolve/main/added_tokens.json "HTTP/1.1 404 Not Found"
2026-08-11 22:19:43.692 - httpx - INFO - HTTP Request: HEAD https://huggingface.co/nvidia/NVIDIA-Nemotron-3.5-Lightning-30B-A3B-NVFP4/resolve/main/special_tokens_map.json "HTTP/1.1 307 Temporary Redirect"
2026-08-11 22:19:43.705 - httpx - INFO - HTTP Request: HEAD https://huggingface.co/api/resolve-cache/models/nvidia/NVIDIA-Nemotron-3.5-Lightning-30B-A3B-NVFP4/f9b0c83dc2e390069425f5b4d40006fd343d596c/special_tokens_map.json "HTTP/1.1 200 OK"
2026-08-11 22:19:43.718 - httpx - INFO - HTTP Request: GET https://huggingface.co/api/resolve-cache/models/nvidia/NVIDIA-Nemotron-3.5-Lightning-30B-A3B-NVFP4/f9b0c83dc2e390069425f5b4d40006fd343d596c/special_tokens_map.json "HTTP/1.1 200 OK"
2026-08-11 22:19:43.805 - httpx - INFO - HTTP Request: HEAD https://huggingface.co/nvidia/NVIDIA-Nemotron-3.5-Lightning-30B-A3B-NVFP4/resolve/main/chat_template.jinja "HTTP/1.1 307 Temporary Redirect"
2026-08-11 22:19:43.817 - httpx - INFO - HTTP Request: HEAD https://huggingface.co/api/resolve-cache/models/nvidia/NVIDIA-Nemotron-3.5-Lightning-30B-A3B-NVFP4/f9b0c83dc2e390069425f5b4d40006fd343d596c/chat_template.jinja "HTTP/1.1 200 OK"
2026-08-11 22:19:43.831 - httpx - INFO - HTTP Request: GET https://huggingface.co/api/resolve-cache/models/nvidia/NVIDIA-Nemotron-3.5-Lightning-30B-A3B-NVFP4/f9b0c83dc2e390069425f5b4d40006fd343d596c/chat_template.jinja "HTTP/1.1 200 OK"
2026-08-11 22:19:44.739 - httpx - INFO - HTTP Request: GET https://huggingface.co/api/models/nvidia/NVIDIA-Nemotron-3.5-Lightning-30B-A3B-NVFP4 "HTTP/1.1 200 OK"
2026-08-11 22:19:44.790 - aiperf.config.resolution.resolvers - INFO -   Cached nvidia/NVIDIA-Nemotron-3.5-Lightning-30B-A3B-NVFP4 (3.90s)
2026-08-11 22:19:44.825 - aiperf.config.resolution.resolvers - INFO - 1 tokenizer cached • 4.0s
2026-08-11 22:19:45.259 - system_controller - INFO - Registered Worker Manager (id: 'worker_manager')
2026-08-11 22:19:45.312 - server_metrics_manager - INFO - Server Metrics: Discovered 1 endpoints: ['http://localhost:8000/metrics']
2026-08-11 22:19:45.355 - system_controller - INFO - Registered Gpu Telemetry Manager (id: 'gpu_telemetry_manager')
2026-08-11 22:19:45.361 - GPUTelemetryJSONLWriter_4c3a70da - INFO - GPU telemetry export enabled: /output/gpu_telemetry_export.jsonl
2026-08-11 22:19:45.367 - system_controller - INFO - Registered Record Processor (id: 'record_processor_3c3ebab4')
2026-08-11 22:19:45.372 - OTelMetricsResultsProcessor_85fed2d9 - INFO - Telemetry streaming is disabled (set --otel-url and/or --mlflow-tracking-uri to enable)
2026-08-11 22:19:45.372 - system_controller - INFO - Registered Record Processor (id: 'record_processor_74d6a9cc')
2026-08-11 22:19:45.373 - RecordExportJSONLWriter_8e813d2c - INFO - Record metrics export enabled: /output/profile_export.jsonl
2026-08-11 22:19:45.380 - system_controller - INFO - Registered Records Manager (id: 'records_manager')
2026-08-11 22:19:45.382 - system_controller - INFO - Registered Dataset Manager (id: 'dataset_manager')
2026-08-11 22:19:45.419 - system_controller - INFO - Registered Server Metrics Manager (id: 'server_metrics_manager')
2026-08-11 22:19:45.579 - system_controller - INFO - Registered Worker (id: 'worker_74ffdc2f')
2026-08-11 22:19:45.652 - system_controller - INFO - Registered Timing Manager (id: 'timing_manager')
2026-08-11 22:19:45.656 - system_controller - INFO - Registered Worker (id: 'worker_1348bb81')
2026-08-11 22:19:45.656 - system_controller - INFO - Registered Worker (id: 'worker_95a2f56c')
2026-08-11 22:19:45.670 - system_controller - INFO - Registered Worker (id: 'worker_9ee3358c')
2026-08-11 22:19:45.671 - system_controller - INFO - Registered Worker (id: 'worker_ee8688cf')
2026-08-11 22:19:45.678 - system_controller - INFO - Registered Worker (id: 'worker_cfb7c1f3')
2026-08-11 22:19:45.691 - system_controller - INFO - Registered Worker (id: 'worker_94fce246')
2026-08-11 22:19:45.722 - system_controller - INFO - Registered Worker (id: 'worker_921f7391')
2026-08-11 22:19:45.737 - system_controller - INFO - AIPerf System is CONFIGURING
2026-08-11 22:19:45.738 - system_controller - INFO - Configuring all services to start profiling
2026-08-11 22:19:45.739 - timing_manager - INFO - Waiting for dataset to be configured before configuring timing
2026-08-11 22:19:45.739 - InferenceResultParser_c79d4b5d - INFO - Configuring tokenizers for inference result parser (resolve_alias: True)
2026-08-11 22:19:45.739 - InferenceResultParser_3c16a51e - INFO - Configuring tokenizers for inference result parser (resolve_alias: True)
2026-08-11 22:19:45.740 - dataset_manager - INFO - Configuring tokenizer(s) for dataset manager
2026-08-11 22:19:45.749 - server_metrics_manager - INFO - Server Metrics: Capturing baseline metrics...
2026-08-11 22:19:45.766 - http://localhost:8000/metrics - INFO - Skipping unsupported summary metric: http_request_size_bytes
2026-08-11 22:19:45.766 - http://localhost:8000/metrics - INFO - Skipping unsupported summary metric: http_response_size_bytes
2026-08-11 22:19:45.768 - system_controller - INFO - Server metrics enabled - 1/1 endpoint(s) reachable.
2026-08-11 22:19:45.768 - system_controller - INFO - Waiting for result domains: profile, server_metrics, telemetry
2026-08-11 22:19:45.770 - gpu_telemetry_manager - INFO - GPU Telemetry: Capturing baseline metrics from pynvml://localhost
2026-08-11 22:19:45.781 - pynvml_collector - INFO - PyNVML initialized with 1 GPU(s) (0 with GPM support)
2026-08-11 22:19:45.797 - system_controller - INFO - DCGM telemetry enabled - 1/1 endpoint(s) reachable
2026-08-11 22:19:46.565 - httpx - INFO - HTTP Request: HEAD https://huggingface.co/nvidia/NVIDIA-Nemotron-3.5-Lightning-30B-A3B-NVFP4/resolve/main/config.json "HTTP/1.1 307 Temporary Redirect"
2026-08-11 22:19:46.569 - httpx - INFO - HTTP Request: HEAD https://huggingface.co/nvidia/NVIDIA-Nemotron-3.5-Lightning-30B-A3B-NVFP4/resolve/main/config.json "HTTP/1.1 307 Temporary Redirect"
2026-08-11 22:19:46.569 - huggingface_hub.utils._http - WARNING - Warning: You are sending unauthenticated requests to the HF Hub. Please set a HF_TOKEN to enable higher rate limits and faster downloads.
2026-08-11 22:19:46.578 - httpx - INFO - HTTP Request: HEAD https://huggingface.co/api/resolve-cache/models/nvidia/NVIDIA-Nemotron-3.5-Lightning-30B-A3B-NVFP4/f9b0c83dc2e390069425f5b4d40006fd343d596c/config.json "HTTP/1.1 200 OK"
2026-08-11 22:19:46.581 - httpx - INFO - HTTP Request: HEAD https://huggingface.co/api/resolve-cache/models/nvidia/NVIDIA-Nemotron-3.5-Lightning-30B-A3B-NVFP4/f9b0c83dc2e390069425f5b4d40006fd343d596c/config.json "HTTP/1.1 200 OK"
2026-08-11 22:19:46.666 - httpx - INFO - HTTP Request: HEAD https://huggingface.co/nvidia/NVIDIA-Nemotron-3.5-Lightning-30B-A3B-NVFP4/resolve/main/config.json "HTTP/1.1 307 Temporary Redirect"
2026-08-11 22:19:46.667 - huggingface_hub.utils._http - WARNING - Warning: You are sending unauthenticated requests to the HF Hub. Please set a HF_TOKEN to enable higher rate limits and faster downloads.
2026-08-11 22:19:46.680 - httpx - INFO - HTTP Request: HEAD https://huggingface.co/api/resolve-cache/models/nvidia/NVIDIA-Nemotron-3.5-Lightning-30B-A3B-NVFP4/f9b0c83dc2e390069425f5b4d40006fd343d596c/config.json "HTTP/1.1 200 OK"
2026-08-11 22:19:46.713 - httpx - INFO - HTTP Request: HEAD https://huggingface.co/nvidia/NVIDIA-Nemotron-3.5-Lightning-30B-A3B-NVFP4/resolve/main/tokenizer_config.json "HTTP/1.1 307 Temporary Redirect"
2026-08-11 22:19:46.713 - huggingface_hub.utils._http - WARNING - Warning: You are sending unauthenticated requests to the HF Hub. Please set a HF_TOKEN to enable higher rate limits and faster downloads.
2026-08-11 22:19:46.718 - httpx - INFO - HTTP Request: HEAD https://huggingface.co/nvidia/NVIDIA-Nemotron-3.5-Lightning-30B-A3B-NVFP4/resolve/main/tokenizer_config.json "HTTP/1.1 307 Temporary Redirect"
2026-08-11 22:19:46.725 - httpx - INFO - HTTP Request: HEAD https://huggingface.co/api/resolve-cache/models/nvidia/NVIDIA-Nemotron-3.5-Lightning-30B-A3B-NVFP4/f9b0c83dc2e390069425f5b4d40006fd343d596c/tokenizer_config.json "HTTP/1.1 200 OK"
2026-08-11 22:19:46.730 - httpx - INFO - HTTP Request: HEAD https://huggingface.co/api/resolve-cache/models/nvidia/NVIDIA-Nemotron-3.5-Lightning-30B-A3B-NVFP4/f9b0c83dc2e390069425f5b4d40006fd343d596c/tokenizer_config.json "HTTP/1.1 200 OK"
2026-08-11 22:19:46.813 - httpx - INFO - HTTP Request: HEAD https://huggingface.co/nvidia/NVIDIA-Nemotron-3.5-Lightning-30B-A3B-NVFP4/resolve/main/tokenizer_config.json "HTTP/1.1 307 Temporary Redirect"
2026-08-11 22:19:46.821 - httpx - INFO - HTTP Request: GET https://huggingface.co/api/models/nvidia/NVIDIA-Nemotron-3.5-Lightning-30B-A3B-NVFP4/tree/main/additional_chat_templates?recursive=false&expand=false "HTTP/1.1 404 Not Found"
2026-08-11 22:19:46.827 - httpx - INFO - HTTP Request: GET https://huggingface.co/api/models/nvidia/NVIDIA-Nemotron-3.5-Lightning-30B-A3B-NVFP4/tree/main/additional_chat_templates?recursive=false&expand=false "HTTP/1.1 404 Not Found"
2026-08-11 22:19:46.828 - httpx - INFO - HTTP Request: HEAD https://huggingface.co/api/resolve-cache/models/nvidia/NVIDIA-Nemotron-3.5-Lightning-30B-A3B-NVFP4/f9b0c83dc2e390069425f5b4d40006fd343d596c/tokenizer_config.json "HTTP/1.1 200 OK"
2026-08-11 22:19:46.909 - httpx - INFO - HTTP Request: GET https://huggingface.co/api/models/nvidia/NVIDIA-Nemotron-3.5-Lightning-30B-A3B-NVFP4/tree/main?recursive=true&expand=false "HTTP/1.1 200 OK"
2026-08-11 22:19:46.916 - httpx - INFO - HTTP Request: GET https://huggingface.co/api/models/nvidia/NVIDIA-Nemotron-3.5-Lightning-30B-A3B-NVFP4/tree/main?recursive=true&expand=false "HTTP/1.1 200 OK"
2026-08-11 22:19:46.923 - httpx - INFO - HTTP Request: GET https://huggingface.co/api/models/nvidia/NVIDIA-Nemotron-3.5-Lightning-30B-A3B-NVFP4/tree/main/additional_chat_templates?recursive=false&expand=false "HTTP/1.1 404 Not Found"
2026-08-11 22:19:47.009 - httpx - INFO - HTTP Request: GET https://huggingface.co/api/models/nvidia/NVIDIA-Nemotron-3.5-Lightning-30B-A3B-NVFP4/tree/main?recursive=true&expand=false "HTTP/1.1 200 OK"
2026-08-11 22:19:47.905 - httpx - INFO - HTTP Request: GET https://huggingface.co/api/models/nvidia/NVIDIA-Nemotron-3.5-Lightning-30B-A3B-NVFP4 "HTTP/1.1 200 OK"
2026-08-11 22:19:47.920 - httpx - INFO - HTTP Request: GET https://huggingface.co/api/models/nvidia/NVIDIA-Nemotron-3.5-Lightning-30B-A3B-NVFP4 "HTTP/1.1 200 OK"
2026-08-11 22:19:47.929 - InferenceResultParser_c79d4b5d - INFO - Initialized tokenizers: {'nvidia/NVIDIA-Nemotron-3.5-Lightning-30B-A3B-NVFP4': {'class': 'TokenizersBackend', 'name_or_path': 'nvidia/NVIDIA-Nemotron-3.5-Lightning-30B-A3B-NVFP4'}} in 2.19 seconds
2026-08-11 22:19:47.948 - InferenceResultParser_3c16a51e - INFO - Initialized tokenizers: {'nvidia/NVIDIA-Nemotron-3.5-Lightning-30B-A3B-NVFP4': {'class': 'TokenizersBackend', 'name_or_path': 'nvidia/NVIDIA-Nemotron-3.5-Lightning-30B-A3B-NVFP4'}} in 2.21 seconds
2026-08-11 22:19:48.004 - httpx - INFO - HTTP Request: GET https://huggingface.co/api/models/nvidia/NVIDIA-Nemotron-3.5-Lightning-30B-A3B-NVFP4 "HTTP/1.1 200 OK"
2026-08-11 22:19:48.039 - dataset_manager - INFO - Tokenizer(s) configured in 2.30 seconds
2026-08-11 22:19:48.039 - dataset_manager - INFO - Configuring dataset for dataset_manager
2026-08-11 22:19:48.291 - CustomDatasetComposer - INFO - Using explicit dataset format: multi_turn
2026-08-11 22:19:48.358 - MemoryMapDatasetBackingStore_3adcda9b - INFO - Memory-mapped backing store initialized (streaming to /tmp/aiperf_mmap_4656d50aacd1/dataset.dat)
2026-08-11 22:19:48.381 - MemoryMapDatasetBackingStore_3adcda9b - INFO - Data file finalized: 500 conversations, 1.26 MB
2026-08-11 22:19:48.382 - MemoryMapDatasetBackingStore_3adcda9b - INFO - Index file created: /tmp/aiperf_mmap_4656d50aacd1/index.dat
2026-08-11 22:19:48.382 - dataset_manager - INFO - Backing store finalized: client_type=DatasetClientStoreType.MEMORY_MAP format=MemoryMapFormat.CONVERSATION data_file_path=PosixPath('/tmp/aiperf_mmap_4656d50aacd1/dataset.dat') index_file_path=PosixPath('/tmp/aiperf_mmap_4656d50aacd1/index.dat') conversation_count=500 total_size_bytes=1324427 compressed=False compressed_data_file_path=None compressed_index_file_path=None compressed_size_bytes=0
2026-08-11 22:19:48.391 - dataset_manager - INFO - sampling strategy: sequential, unique conversations: 500, unique turn count: 1783
2026-08-11 22:19:48.397 - dataset_manager - INFO - Generating inputs.json file at /output/inputs.json
2026-08-11 22:19:48.407 - PhaseOrchestrator_c84cf4a4 - INFO - Initialized 2 phase(s): ['Warmup', 'Profiling']
2026-08-11 22:19:48.413 - dataset_manager - INFO - inputs.json file generated in 0.02 seconds
2026-08-11 22:19:48.565 - dataset_manager - INFO - Dataset client initialized and freed 500 conversations from memory
2026-08-11 22:19:48.565 - dataset_manager - INFO - Dataset configured in 0.53 seconds
2026-08-11 22:19:48.566 - system_controller - INFO - All services configured in 2.83 seconds
2026-08-11 22:19:48.566 - system_controller - INFO - AIPerf System is CONFIGURED
2026-08-11 22:19:48.568 - server_metrics_manager - INFO - Server Metrics: Started 1 collector(s) successfully
2026-08-11 22:19:48.568 - system_controller - INFO - All services started profiling successfully
2026-08-11 22:19:48.569 - system_controller - INFO - AIPerf System is PROFILING
2026-08-11 22:19:48.571 - RateTiming - INFO - Creating interval generator: pattern=concurrency_burst, rate=None, smoothness=None
2026-08-11 22:19:48.571 - PhaseRunner - NOTICE - Phase warmup (warmup) started | phase_index=0 | target: 3 requests
2026-08-11 22:19:48.572 - PhaseRunner - NOTICE - Phase warmup (warmup) sending complete | sent=3, completed=0, in_flight=3 | sessions: sent=3, completed=0
2026-08-11 22:19:48.572 - records_manager - INFO - Credit phase start: warmup
2026-08-11 22:20:01.685 - PhaseRunner - NOTICE - Phase warmup (warmup) complete | completed=3, cancelled=0, errors=0 | sessions: completed=0, cancelled=0 | elapsed=13.11s
2026-08-11 22:20:01.686 - RateTiming - INFO - Creating interval generator: pattern=concurrency_burst, rate=None, smoothness=None
2026-08-11 22:20:01.686 - server_metrics_manager - INFO - Server Metrics: Warmup complete, capturing final warmup metrics...
2026-08-11 22:20:01.686 - PhaseRunner - NOTICE - Phase profiling (profiling) started | phase_index=1 | profiling_index=0 | target: 50 requests, 50 sessions
2026-08-11 22:20:01.687 - records_manager - INFO - Credit phase start: profiling
2026-08-11 22:20:29.652 - aiperf.metrics.types.osl_mismatch_metrics - WARNING - OSL mismatch: got 495 tokens (requested 617, diff -19.8%)
2026-08-11 22:21:04.697 - aiperf.metrics.types.osl_mismatch_metrics - WARNING - OSL mismatch: got 551 tokens (requested 674, diff -18.2%)
2026-08-11 22:21:38.192 - PhaseRunner - NOTICE - Phase profiling (profiling) sending complete | sent=50, completed=42, in_flight=8 | sessions: sent=20, completed=12
2026-08-11 22:21:38.194 - records_manager - INFO - Sent 50 requests. Waiting for all to complete...
2026-08-11 22:21:48.301 - PhaseRunner - NOTICE - Phase profiling (profiling) complete | completed=50, cancelled=0, errors=0 | sessions: completed=14, cancelled=0 | elapsed=106.61s
2026-08-11 22:21:48.302 - PhaseOrchestrator_c84cf4a4 - NOTICE - All credits completed
2026-08-11 22:21:48.303 - records_manager - INFO - Received CREDIT_PHASE_COMPLETE message, Phase complete: PhaseRecordsStats(phase=CreditPhase.PROFILING, phase_index=1, profiling_index=0, phase_name='profiling', phase_kind='profiling', start_ns=1786486801686758631, sent_end_ns=1786486898192747294, requests_end_ns=1786486908301246928, baseline_start_ns=1786486801686745735, baseline_end_ns=1786486908301261409, total_expected_requests=50, expected_duration_sec=None, expected_num_sessions=None, expected_grace_period_sec=None, final_requests_sent=None, final_requests_completed=50, final_requests_cancelled=0, final_request_errors=0, final_sent_sessions=None, final_completed_sessions=None, final_cancelled_sessions=None, timeout_triggered=False, grace_period_timeout_triggered=False, was_cancelled=False, records_end_ns=None, success_records=49, error_records=0)
2026-08-11 22:21:48.304 - records_manager - NOTICE - All requests have completed, please wait for the results to be processed (currently 49 of 50 records processed)...
2026-08-11 22:21:48.304 - records_manager - INFO - All credits complete, please wait for the results to be processed...
2026-08-11 22:21:48.304 - system_controller - INFO - Received credits complete from 'timing_manager'
2026-08-11 22:21:48.317 - records_manager - INFO - Processed 50 valid requests and 0 errors (50 total).
2026-08-11 22:21:48.317 - records_manager - INFO - Received all records, processing now...
2026-08-11 22:21:48.319 - records_manager - INFO - Waiting 2.0s for server metrics flush period...
2026-08-11 22:21:48.322 - server_metrics_manager - INFO - Server Metrics: Profiling complete, capturing final metrics...
2026-08-11 22:21:48.320 - gpu_telemetry_manager - INFO - GPU Telemetry: Profiling complete, capturing final metrics...
2026-08-11 22:21:50.302 - records_manager - INFO - Processing records results...
2026-08-11 22:21:50.620 - system_controller - INFO - Waiting for result domains: server_metrics, telemetry
2026-08-11 22:21:50.620 - system_controller - INFO - Waiting for result domains: server_metrics
2026-08-11 22:21:50.722 - records_manager - INFO - _finalize_and_process_results completed
2026-08-11 22:21:50.724 - system_controller - INFO - All results received, initiating shutdown
2026-08-11 22:21:51.334 - ExporterManager - INFO - Exporting all records
2026-08-11 22:21:51.476 - ExporterManager - INFO - Exporting console data
