2026-08-16 10:10:12.040 - aiperf.cli_runner._single_run - INFO - Starting AIPerf System
2026-08-16 10:10:12.495 - httpx - INFO - HTTP Request: GET https://huggingface.co/api/models/nvidia/NVIDIA-Nemotron-3.5-Lightning-30B-A3B-NVFP4 "HTTP/1.1 200 OK"
2026-08-16 10:10:12.512 - aiperf.config.resolution.resolvers - INFO - [OK] Tokenizer nvidia/NVIDIA-Nemotron-3.5-Lightning-30B-A3B-NVFP4 detected
2026-08-16 10:10:12.512 - aiperf.config.resolution.resolvers - INFO - 1 tokenizer validated | 0.5s
2026-08-16 10:10:12.513 - aiperf.config.resolution.resolvers - INFO - Prefetching 1 tokenizer into HF cache...
2026-08-16 10:10:13.637 - httpx - INFO - HTTP Request: HEAD https://huggingface.co/nvidia/NVIDIA-Nemotron-3.5-Lightning-30B-A3B-NVFP4/resolve/main/config.json "HTTP/1.1 307 Temporary Redirect"
2026-08-16 10:10:13.637 - huggingface_hub.utils._http - WARNING - Warning: You are sending unauthenticated requests to the HF Hub. Please set a HF_TOKEN to enable higher rate limits and faster downloads.
2026-08-16 10:10:13.649 - httpx - INFO - HTTP Request: HEAD https://huggingface.co/api/resolve-cache/models/nvidia/NVIDIA-Nemotron-3.5-Lightning-30B-A3B-NVFP4/6dbbd757ea75a8ece6e0702872e3ae53f9987728/config.json "HTTP/1.1 200 OK"
2026-08-16 10:10:13.664 - httpx - INFO - HTTP Request: GET https://huggingface.co/api/resolve-cache/models/nvidia/NVIDIA-Nemotron-3.5-Lightning-30B-A3B-NVFP4/6dbbd757ea75a8ece6e0702872e3ae53f9987728/config.json "HTTP/1.1 200 OK"
2026-08-16 10:10:13.823 - httpx - INFO - HTTP Request: HEAD https://huggingface.co/nvidia/NVIDIA-Nemotron-3.5-Lightning-30B-A3B-NVFP4/resolve/main/tokenizer_config.json "HTTP/1.1 307 Temporary Redirect"
2026-08-16 10:10:13.833 - httpx - INFO - HTTP Request: HEAD https://huggingface.co/api/resolve-cache/models/nvidia/NVIDIA-Nemotron-3.5-Lightning-30B-A3B-NVFP4/6dbbd757ea75a8ece6e0702872e3ae53f9987728/tokenizer_config.json "HTTP/1.1 200 OK"
2026-08-16 10:10:13.844 - httpx - INFO - HTTP Request: GET https://huggingface.co/api/resolve-cache/models/nvidia/NVIDIA-Nemotron-3.5-Lightning-30B-A3B-NVFP4/6dbbd757ea75a8ece6e0702872e3ae53f9987728/tokenizer_config.json "HTTP/1.1 200 OK"
2026-08-16 10:10:13.930 - httpx - INFO - HTTP Request: GET https://huggingface.co/api/models/nvidia/NVIDIA-Nemotron-3.5-Lightning-30B-A3B-NVFP4/tree/main/additional_chat_templates?recursive=false&expand=false "HTTP/1.1 404 Not Found"
2026-08-16 10:10:14.016 - httpx - INFO - HTTP Request: GET https://huggingface.co/api/models/nvidia/NVIDIA-Nemotron-3.5-Lightning-30B-A3B-NVFP4/tree/main?recursive=true&expand=false "HTTP/1.1 200 OK"
2026-08-16 10:10:14.103 - httpx - INFO - HTTP Request: HEAD https://huggingface.co/nvidia/NVIDIA-Nemotron-3.5-Lightning-30B-A3B-NVFP4/resolve/main/tokenizer.json "HTTP/1.1 302 Found"
2026-08-16 10:10:14.212 - httpx - INFO - HTTP Request: GET https://huggingface.co/api/models/nvidia/NVIDIA-Nemotron-3.5-Lightning-30B-A3B-NVFP4/xet-read-token/6dbbd757ea75a8ece6e0702872e3ae53f9987728 "HTTP/1.1 200 OK"
2026-08-16 10:10:15.029 - httpx - INFO - HTTP Request: HEAD https://huggingface.co/nvidia/NVIDIA-Nemotron-3.5-Lightning-30B-A3B-NVFP4/resolve/main/tokenizer.model "HTTP/1.1 404 Not Found"
2026-08-16 10:10:15.120 - httpx - INFO - HTTP Request: HEAD https://huggingface.co/nvidia/NVIDIA-Nemotron-3.5-Lightning-30B-A3B-NVFP4/resolve/main/added_tokens.json "HTTP/1.1 404 Not Found"
2026-08-16 10:10:15.201 - httpx - INFO - HTTP Request: HEAD https://huggingface.co/nvidia/NVIDIA-Nemotron-3.5-Lightning-30B-A3B-NVFP4/resolve/main/special_tokens_map.json "HTTP/1.1 307 Temporary Redirect"
2026-08-16 10:10:15.214 - httpx - INFO - HTTP Request: HEAD https://huggingface.co/api/resolve-cache/models/nvidia/NVIDIA-Nemotron-3.5-Lightning-30B-A3B-NVFP4/6dbbd757ea75a8ece6e0702872e3ae53f9987728/special_tokens_map.json "HTTP/1.1 200 OK"
2026-08-16 10:10:15.224 - httpx - INFO - HTTP Request: GET https://huggingface.co/api/resolve-cache/models/nvidia/NVIDIA-Nemotron-3.5-Lightning-30B-A3B-NVFP4/6dbbd757ea75a8ece6e0702872e3ae53f9987728/special_tokens_map.json "HTTP/1.1 200 OK"
2026-08-16 10:10:15.311 - httpx - INFO - HTTP Request: HEAD https://huggingface.co/nvidia/NVIDIA-Nemotron-3.5-Lightning-30B-A3B-NVFP4/resolve/main/chat_template.jinja "HTTP/1.1 307 Temporary Redirect"
2026-08-16 10:10:15.323 - httpx - INFO - HTTP Request: HEAD https://huggingface.co/api/resolve-cache/models/nvidia/NVIDIA-Nemotron-3.5-Lightning-30B-A3B-NVFP4/6dbbd757ea75a8ece6e0702872e3ae53f9987728/chat_template.jinja "HTTP/1.1 200 OK"
2026-08-16 10:10:15.332 - httpx - INFO - HTTP Request: GET https://huggingface.co/api/resolve-cache/models/nvidia/NVIDIA-Nemotron-3.5-Lightning-30B-A3B-NVFP4/6dbbd757ea75a8ece6e0702872e3ae53f9987728/chat_template.jinja "HTTP/1.1 200 OK"
2026-08-16 10:10:16.227 - httpx - INFO - HTTP Request: GET https://huggingface.co/api/models/nvidia/NVIDIA-Nemotron-3.5-Lightning-30B-A3B-NVFP4 "HTTP/1.1 200 OK"
2026-08-16 10:10:16.269 - aiperf.config.resolution.resolvers - INFO -   Cached nvidia/NVIDIA-Nemotron-3.5-Lightning-30B-A3B-NVFP4 (3.74s)
2026-08-16 10:10:16.301 - aiperf.config.resolution.resolvers - INFO - 1 tokenizer cached • 3.8s
2026-08-16 10:10:16.716 - system_controller - INFO - Registered Gpu Telemetry Manager (id: 'gpu_telemetry_manager')
2026-08-16 10:10:16.746 - server_metrics_manager - INFO - Server Metrics: Discovered 1 endpoints: ['http://localhost:8000/metrics']
2026-08-16 10:10:16.805 - GPUTelemetryJSONLWriter_812b7836 - INFO - GPU telemetry export enabled: /output/gpu_telemetry_export.jsonl
2026-08-16 10:10:16.806 - system_controller - INFO - Registered Worker Manager (id: 'worker_manager')
2026-08-16 10:10:16.815 - OTelMetricsResultsProcessor_6d46c7d7 - INFO - Telemetry streaming is disabled (set --otel-url and/or --mlflow-tracking-uri to enable)
2026-08-16 10:10:16.819 - RecordExportJSONLWriter_955e9ca7 - INFO - Record metrics export enabled: /output/profile_export.jsonl
2026-08-16 10:10:16.923 - system_controller - INFO - Registered Dataset Manager (id: 'dataset_manager')
2026-08-16 10:10:16.925 - system_controller - INFO - Registered Server Metrics Manager (id: 'server_metrics_manager')
2026-08-16 10:10:16.926 - system_controller - INFO - Registered Records Manager (id: 'records_manager')
2026-08-16 10:10:17.029 - system_controller - INFO - Registered Timing Manager (id: 'timing_manager')
2026-08-16 10:10:17.101 - system_controller - INFO - Registered Record Processor (id: 'record_processor_83b66ec5')
2026-08-16 10:10:17.101 - system_controller - INFO - Registered Record Processor (id: 'record_processor_8c2bf5f8')
2026-08-16 10:10:17.102 - system_controller - INFO - Registered Record Processor (id: 'record_processor_2e616228')
2026-08-16 10:10:17.178 - system_controller - INFO - Registered Worker (id: 'worker_3209d23f')
2026-08-16 10:10:17.191 - system_controller - INFO - AIPerf System is CONFIGURING
2026-08-16 10:10:17.192 - system_controller - INFO - Configuring all services to start profiling
2026-08-16 10:10:17.192 - timing_manager - INFO - Waiting for dataset to be configured before configuring timing
2026-08-16 10:10:17.193 - InferenceResultParser_c4a395ae - INFO - Configuring tokenizers for inference result parser (resolve_alias: True)
2026-08-16 10:10:17.193 - InferenceResultParser_4f872956 - INFO - Configuring tokenizers for inference result parser (resolve_alias: True)
2026-08-16 10:10:17.193 - InferenceResultParser_e759ab29 - INFO - Configuring tokenizers for inference result parser (resolve_alias: True)
2026-08-16 10:10:17.194 - dataset_manager - INFO - Configuring tokenizer(s) for dataset manager
2026-08-16 10:10:17.205 - server_metrics_manager - INFO - Server Metrics: Capturing baseline metrics...
2026-08-16 10:10:17.223 - http://localhost:8000/metrics - INFO - Skipping unsupported summary metric: http_request_size_bytes
2026-08-16 10:10:17.223 - http://localhost:8000/metrics - INFO - Skipping unsupported summary metric: http_response_size_bytes
2026-08-16 10:10:17.223 - gpu_telemetry_manager - INFO - GPU Telemetry: Capturing baseline metrics from pynvml://localhost
2026-08-16 10:10:17.225 - system_controller - INFO - Server metrics enabled - 1/1 endpoint(s) reachable.
2026-08-16 10:10:17.225 - system_controller - INFO - Waiting for result domains: profile, server_metrics, telemetry
2026-08-16 10:10:17.234 - pynvml_collector - INFO - PyNVML initialized with 1 GPU(s) (0 with GPM support)
2026-08-16 10:10:17.245 - system_controller - INFO - Registered Worker (id: 'worker_dee6ab54')
2026-08-16 10:10:17.251 - system_controller - INFO - DCGM telemetry enabled - 1/1 endpoint(s) reachable
2026-08-16 10:10:17.253 - system_controller - INFO - Registered Worker (id: 'worker_1f5a0bf6')
2026-08-16 10:10:17.255 - system_controller - INFO - Registered Worker (id: 'worker_75562268')
2026-08-16 10:10:17.260 - system_controller - INFO - Registered Worker (id: 'worker_383c55c0')
2026-08-16 10:10:17.278 - system_controller - INFO - Registered Worker (id: 'worker_cb53882b')
2026-08-16 10:10:17.299 - system_controller - INFO - Registered Worker (id: 'worker_ee6cd4d3')
2026-08-16 10:10:17.300 - system_controller - INFO - Registered Worker (id: 'worker_8f000d5a')
2026-08-16 10:10:17.328 - system_controller - INFO - Registered Worker (id: 'worker_51db48a0')
2026-08-16 10:10:17.331 - system_controller - INFO - Registered Worker (id: 'worker_a13954f1')
2026-08-16 10:10:17.331 - system_controller - INFO - Registered Worker (id: 'worker_45c9d4ce')
2026-08-16 10:10:17.356 - system_controller - INFO - Registered Worker (id: 'worker_6cbb712c')
2026-08-16 10:10:17.367 - system_controller - INFO - Registered Worker (id: 'worker_792693e4')
2026-08-16 10:10:17.367 - system_controller - INFO - Registered Worker (id: 'worker_57a00f92')
2026-08-16 10:10:17.738 - httpx - INFO - HTTP Request: HEAD https://huggingface.co/nvidia/NVIDIA-Nemotron-3.5-Lightning-30B-A3B-NVFP4/resolve/main/config.json "HTTP/1.1 307 Temporary Redirect"
2026-08-16 10:10:17.739 - huggingface_hub.utils._http - WARNING - Warning: You are sending unauthenticated requests to the HF Hub. Please set a HF_TOKEN to enable higher rate limits and faster downloads.
2026-08-16 10:10:17.739 - httpx - INFO - HTTP Request: HEAD https://huggingface.co/nvidia/NVIDIA-Nemotron-3.5-Lightning-30B-A3B-NVFP4/resolve/main/config.json "HTTP/1.1 307 Temporary Redirect"
2026-08-16 10:10:17.740 - huggingface_hub.utils._http - WARNING - Warning: You are sending unauthenticated requests to the HF Hub. Please set a HF_TOKEN to enable higher rate limits and faster downloads.
2026-08-16 10:10:17.748 - httpx - INFO - HTTP Request: HEAD https://huggingface.co/api/resolve-cache/models/nvidia/NVIDIA-Nemotron-3.5-Lightning-30B-A3B-NVFP4/6dbbd757ea75a8ece6e0702872e3ae53f9987728/config.json "HTTP/1.1 200 OK"
2026-08-16 10:10:17.748 - httpx - INFO - HTTP Request: HEAD https://huggingface.co/api/resolve-cache/models/nvidia/NVIDIA-Nemotron-3.5-Lightning-30B-A3B-NVFP4/6dbbd757ea75a8ece6e0702872e3ae53f9987728/config.json "HTTP/1.1 200 OK"
2026-08-16 10:10:17.759 - httpx - INFO - HTTP Request: HEAD https://huggingface.co/nvidia/NVIDIA-Nemotron-3.5-Lightning-30B-A3B-NVFP4/resolve/main/config.json "HTTP/1.1 307 Temporary Redirect"
2026-08-16 10:10:17.760 - huggingface_hub.utils._http - WARNING - Warning: You are sending unauthenticated requests to the HF Hub. Please set a HF_TOKEN to enable higher rate limits and faster downloads.
2026-08-16 10:10:17.761 - httpx - INFO - HTTP Request: HEAD https://huggingface.co/nvidia/NVIDIA-Nemotron-3.5-Lightning-30B-A3B-NVFP4/resolve/main/config.json "HTTP/1.1 307 Temporary Redirect"
2026-08-16 10:10:17.761 - huggingface_hub.utils._http - WARNING - Warning: You are sending unauthenticated requests to the HF Hub. Please set a HF_TOKEN to enable higher rate limits and faster downloads.
2026-08-16 10:10:17.769 - httpx - INFO - HTTP Request: HEAD https://huggingface.co/api/resolve-cache/models/nvidia/NVIDIA-Nemotron-3.5-Lightning-30B-A3B-NVFP4/6dbbd757ea75a8ece6e0702872e3ae53f9987728/config.json "HTTP/1.1 200 OK"
2026-08-16 10:10:17.772 - httpx - INFO - HTTP Request: HEAD https://huggingface.co/api/resolve-cache/models/nvidia/NVIDIA-Nemotron-3.5-Lightning-30B-A3B-NVFP4/6dbbd757ea75a8ece6e0702872e3ae53f9987728/config.json "HTTP/1.1 200 OK"
2026-08-16 10:10:17.878 - httpx - INFO - HTTP Request: HEAD https://huggingface.co/nvidia/NVIDIA-Nemotron-3.5-Lightning-30B-A3B-NVFP4/resolve/main/tokenizer_config.json "HTTP/1.1 307 Temporary Redirect"
2026-08-16 10:10:17.881 - httpx - INFO - HTTP Request: HEAD https://huggingface.co/nvidia/NVIDIA-Nemotron-3.5-Lightning-30B-A3B-NVFP4/resolve/main/tokenizer_config.json "HTTP/1.1 307 Temporary Redirect"
2026-08-16 10:10:17.889 - httpx - INFO - HTTP Request: HEAD https://huggingface.co/api/resolve-cache/models/nvidia/NVIDIA-Nemotron-3.5-Lightning-30B-A3B-NVFP4/6dbbd757ea75a8ece6e0702872e3ae53f9987728/tokenizer_config.json "HTTP/1.1 200 OK"
2026-08-16 10:10:17.889 - httpx - INFO - HTTP Request: HEAD https://huggingface.co/api/resolve-cache/models/nvidia/NVIDIA-Nemotron-3.5-Lightning-30B-A3B-NVFP4/6dbbd757ea75a8ece6e0702872e3ae53f9987728/tokenizer_config.json "HTTP/1.1 200 OK"
2026-08-16 10:10:17.901 - httpx - INFO - HTTP Request: HEAD https://huggingface.co/nvidia/NVIDIA-Nemotron-3.5-Lightning-30B-A3B-NVFP4/resolve/main/tokenizer_config.json "HTTP/1.1 307 Temporary Redirect"
2026-08-16 10:10:17.901 - httpx - INFO - HTTP Request: HEAD https://huggingface.co/nvidia/NVIDIA-Nemotron-3.5-Lightning-30B-A3B-NVFP4/resolve/main/tokenizer_config.json "HTTP/1.1 307 Temporary Redirect"
2026-08-16 10:10:17.909 - httpx - INFO - HTTP Request: HEAD https://huggingface.co/api/resolve-cache/models/nvidia/NVIDIA-Nemotron-3.5-Lightning-30B-A3B-NVFP4/6dbbd757ea75a8ece6e0702872e3ae53f9987728/tokenizer_config.json "HTTP/1.1 200 OK"
2026-08-16 10:10:17.911 - httpx - INFO - HTTP Request: HEAD https://huggingface.co/api/resolve-cache/models/nvidia/NVIDIA-Nemotron-3.5-Lightning-30B-A3B-NVFP4/6dbbd757ea75a8ece6e0702872e3ae53f9987728/tokenizer_config.json "HTTP/1.1 200 OK"
2026-08-16 10:10:17.973 - httpx - INFO - HTTP Request: GET https://huggingface.co/api/models/nvidia/NVIDIA-Nemotron-3.5-Lightning-30B-A3B-NVFP4/tree/main/additional_chat_templates?recursive=false&expand=false "HTTP/1.1 404 Not Found"
2026-08-16 10:10:17.975 - httpx - INFO - HTTP Request: GET https://huggingface.co/api/models/nvidia/NVIDIA-Nemotron-3.5-Lightning-30B-A3B-NVFP4/tree/main/additional_chat_templates?recursive=false&expand=false "HTTP/1.1 404 Not Found"
2026-08-16 10:10:17.997 - httpx - INFO - HTTP Request: GET https://huggingface.co/api/models/nvidia/NVIDIA-Nemotron-3.5-Lightning-30B-A3B-NVFP4/tree/main/additional_chat_templates?recursive=false&expand=false "HTTP/1.1 404 Not Found"
2026-08-16 10:10:18.012 - httpx - INFO - HTTP Request: GET https://huggingface.co/api/models/nvidia/NVIDIA-Nemotron-3.5-Lightning-30B-A3B-NVFP4/tree/main/additional_chat_templates?recursive=false&expand=false "HTTP/1.1 404 Not Found"
2026-08-16 10:10:18.057 - httpx - INFO - HTTP Request: GET https://huggingface.co/api/models/nvidia/NVIDIA-Nemotron-3.5-Lightning-30B-A3B-NVFP4/tree/main?recursive=true&expand=false "HTTP/1.1 200 OK"
2026-08-16 10:10:18.059 - httpx - INFO - HTTP Request: GET https://huggingface.co/api/models/nvidia/NVIDIA-Nemotron-3.5-Lightning-30B-A3B-NVFP4/tree/main?recursive=true&expand=false "HTTP/1.1 200 OK"
2026-08-16 10:10:18.085 - httpx - INFO - HTTP Request: GET https://huggingface.co/api/models/nvidia/NVIDIA-Nemotron-3.5-Lightning-30B-A3B-NVFP4/tree/main?recursive=true&expand=false "HTTP/1.1 200 OK"
2026-08-16 10:10:18.094 - httpx - INFO - HTTP Request: GET https://huggingface.co/api/models/nvidia/NVIDIA-Nemotron-3.5-Lightning-30B-A3B-NVFP4/tree/main?recursive=true&expand=false "HTTP/1.1 200 OK"
2026-08-16 10:10:19.082 - httpx - INFO - HTTP Request: GET https://huggingface.co/api/models/nvidia/NVIDIA-Nemotron-3.5-Lightning-30B-A3B-NVFP4 "HTTP/1.1 200 OK"
2026-08-16 10:10:19.083 - httpx - INFO - HTTP Request: GET https://huggingface.co/api/models/nvidia/NVIDIA-Nemotron-3.5-Lightning-30B-A3B-NVFP4 "HTTP/1.1 200 OK"
2026-08-16 10:10:19.103 - dataset_manager - INFO - Tokenizer(s) configured in 1.91 seconds
2026-08-16 10:10:19.103 - dataset_manager - INFO - Configuring dataset for dataset_manager
2026-08-16 10:10:19.107 - InferenceResultParser_c4a395ae - INFO - Initialized tokenizers: {'nvidia/NVIDIA-Nemotron-3.5-Lightning-30B-A3B-NVFP4': {'class': 'TokenizersBackend', 'name_or_path': 'nvidia/NVIDIA-Nemotron-3.5-Lightning-30B-A3B-NVFP4'}} in 1.91 seconds
2026-08-16 10:10:19.112 - httpx - INFO - HTTP Request: GET https://huggingface.co/api/models/nvidia/NVIDIA-Nemotron-3.5-Lightning-30B-A3B-NVFP4 "HTTP/1.1 200 OK"
2026-08-16 10:10:19.140 - httpx - INFO - HTTP Request: GET https://huggingface.co/api/models/nvidia/NVIDIA-Nemotron-3.5-Lightning-30B-A3B-NVFP4 "HTTP/1.1 200 OK"
2026-08-16 10:10:19.140 - InferenceResultParser_e759ab29 - INFO - Initialized tokenizers: {'nvidia/NVIDIA-Nemotron-3.5-Lightning-30B-A3B-NVFP4': {'class': 'TokenizersBackend', 'name_or_path': 'nvidia/NVIDIA-Nemotron-3.5-Lightning-30B-A3B-NVFP4'}} in 1.95 seconds
2026-08-16 10:10:19.160 - InferenceResultParser_4f872956 - INFO - Initialized tokenizers: {'nvidia/NVIDIA-Nemotron-3.5-Lightning-30B-A3B-NVFP4': {'class': 'TokenizersBackend', 'name_or_path': 'nvidia/NVIDIA-Nemotron-3.5-Lightning-30B-A3B-NVFP4'}} in 1.97 seconds
2026-08-16 10:10:19.346 - CustomDatasetComposer - INFO - Using explicit dataset format: multi_turn
2026-08-16 10:10:19.412 - MemoryMapDatasetBackingStore_5ab21a85 - INFO - Memory-mapped backing store initialized (streaming to /tmp/aiperf_mmap_aa258f3c1f49/dataset.dat)
2026-08-16 10:10:19.436 - MemoryMapDatasetBackingStore_5ab21a85 - INFO - Data file finalized: 500 conversations, 1.29 MB
2026-08-16 10:10:19.436 - MemoryMapDatasetBackingStore_5ab21a85 - INFO - Index file created: /tmp/aiperf_mmap_aa258f3c1f49/index.dat
2026-08-16 10:10:19.437 - dataset_manager - INFO - Backing store finalized: client_type=DatasetClientStoreType.MEMORY_MAP format=MemoryMapFormat.CONVERSATION data_file_path=PosixPath('/tmp/aiperf_mmap_aa258f3c1f49/dataset.dat') index_file_path=PosixPath('/tmp/aiperf_mmap_aa258f3c1f49/index.dat') conversation_count=500 total_size_bytes=1353406 compressed=False compressed_data_file_path=None compressed_index_file_path=None compressed_size_bytes=0
2026-08-16 10:10:19.446 - dataset_manager - INFO - sampling strategy: sequential, unique conversations: 500, unique turn count: 1783
2026-08-16 10:10:19.451 - dataset_manager - INFO - Generating inputs.json file at /output/inputs.json
2026-08-16 10:10:19.461 - system_controller - WARNING - Received command response for service we were not expecting: worker_383c55c0. Ignoring.
2026-08-16 10:10:19.461 - PhaseOrchestrator_bc4dca90 - INFO - Initialized 2 phase(s): ['Warmup', 'Profiling']
2026-08-16 10:10:19.462 - system_controller - WARNING - Received command response for service we were not expecting: worker_dee6ab54. Ignoring.
2026-08-16 10:10:19.464 - system_controller - WARNING - Received command response for service we were not expecting: worker_75562268. Ignoring.
2026-08-16 10:10:19.464 - system_controller - WARNING - Received command response for service we were not expecting: worker_cb53882b. Ignoring.
2026-08-16 10:10:19.465 - system_controller - WARNING - Received command response for service we were not expecting: worker_1f5a0bf6. Ignoring.
2026-08-16 10:10:19.467 - dataset_manager - INFO - inputs.json file generated in 0.02 seconds
2026-08-16 10:10:19.591 - dataset_manager - INFO - Dataset client initialized and freed 500 conversations from memory
2026-08-16 10:10:19.591 - dataset_manager - INFO - Dataset configured in 0.49 seconds
2026-08-16 10:10:19.592 - system_controller - INFO - All services configured in 2.40 seconds
2026-08-16 10:10:19.592 - system_controller - INFO - AIPerf System is CONFIGURED
2026-08-16 10:10:19.594 - server_metrics_manager - INFO - Server Metrics: Started 1 collector(s) successfully
2026-08-16 10:10:19.595 - system_controller - INFO - All services started profiling successfully
2026-08-16 10:10:19.595 - system_controller - INFO - AIPerf System is PROFILING
2026-08-16 10:10:19.597 - RateTiming - INFO - Creating interval generator: pattern=concurrency_burst, rate=None, smoothness=None
2026-08-16 10:10:19.597 - PhaseRunner - NOTICE - Phase warmup (warmup) started | phase_index=0 | target: 3 requests
2026-08-16 10:10:19.598 - PhaseRunner - NOTICE - Phase warmup (warmup) sending complete | sent=3, completed=0, in_flight=3 | sessions: sent=3, completed=0
2026-08-16 10:10:19.599 - records_manager - INFO - Credit phase start: warmup
2026-08-16 10:10:24.966 - PhaseRunner - NOTICE - Phase warmup (warmup) complete | completed=3, cancelled=0, errors=0 | sessions: completed=1, cancelled=0 | elapsed=5.37s
2026-08-16 10:10:24.968 - RateTiming - INFO - Creating interval generator: pattern=concurrency_burst, rate=None, smoothness=None
2026-08-16 10:10:24.968 - server_metrics_manager - INFO - Server Metrics: Warmup complete, capturing final warmup metrics...
2026-08-16 10:10:24.969 - PhaseRunner - NOTICE - Phase profiling (profiling) started | phase_index=1 | profiling_index=0 | target: 50 requests, 50 sessions
2026-08-16 10:10:24.970 - records_manager - INFO - Credit phase start: profiling
2026-08-16 10:10:24.972 - PhaseRunner - NOTICE - Phase profiling (profiling) sending complete | sent=50, completed=0, in_flight=50 | sessions: sent=50, completed=0
2026-08-16 10:10:24.973 - records_manager - INFO - Sent 50 requests. Waiting for all to complete...
2026-08-16 10:10:38.930 - PhaseRunner - NOTICE - Phase profiling (profiling) complete | completed=50, cancelled=0, errors=0 | sessions: completed=10, cancelled=0 | elapsed=13.96s
2026-08-16 10:10:38.931 - PhaseOrchestrator_bc4dca90 - NOTICE - All credits completed
2026-08-16 10:10:38.933 - system_controller - INFO - Received credits complete from 'timing_manager'
2026-08-16 10:10:38.932 - records_manager - INFO - Received CREDIT_PHASE_COMPLETE message, Phase complete: PhaseRecordsStats(phase=CreditPhase.PROFILING, phase_index=1, profiling_index=0, phase_name='profiling', phase_kind='profiling', start_ns=1786875024969064532, sent_end_ns=1786875024972560194, requests_end_ns=1786875038929001002, baseline_start_ns=1786875024969044997, baseline_end_ns=1786875038929030522, total_expected_requests=50, expected_duration_sec=None, expected_num_sessions=None, expected_grace_period_sec=None, final_requests_sent=None, final_requests_completed=50, final_requests_cancelled=0, final_request_errors=0, final_sent_sessions=None, final_completed_sessions=None, final_cancelled_sessions=None, timeout_triggered=False, grace_period_timeout_triggered=False, was_cancelled=False, records_end_ns=None, success_records=49, error_records=0)
2026-08-16 10:10:38.933 - records_manager - NOTICE - All requests have completed, please wait for the results to be processed (currently 49 of 50 records processed)...
2026-08-16 10:10:38.935 - records_manager - INFO - All credits complete, please wait for the results to be processed...
2026-08-16 10:10:38.937 - records_manager - INFO - Processed 50 valid requests and 0 errors (50 total).
2026-08-16 10:10:38.937 - records_manager - INFO - Received all records, processing now...
2026-08-16 10:10:38.941 - records_manager - INFO - Waiting 2.0s for server metrics flush period...
2026-08-16 10:10:38.941 - gpu_telemetry_manager - INFO - GPU Telemetry: Profiling complete, capturing final metrics...
2026-08-16 10:10:38.951 - server_metrics_manager - INFO - Server Metrics: Profiling complete, capturing final metrics...
2026-08-16 10:10:40.929 - records_manager - INFO - Processing records results...
2026-08-16 10:10:41.082 - system_controller - INFO - Waiting for result domains: server_metrics, telemetry
2026-08-16 10:10:41.083 - system_controller - INFO - Waiting for result domains: server_metrics
2026-08-16 10:10:41.098 - records_manager - INFO - _finalize_and_process_results completed
2026-08-16 10:10:41.100 - system_controller - INFO - All results received, initiating shutdown
2026-08-16 10:10:41.716 - ExporterManager - INFO - Exporting all records
2026-08-16 10:10:41.861 - ExporterManager - INFO - Exporting console data
