2026-08-16 10:40:44.609 - aiperf.cli_runner._single_run - INFO - Starting AIPerf System
2026-08-16 10:40:45.062 - httpx - INFO - HTTP Request: GET https://huggingface.co/api/models/nvidia/NVIDIA-Nemotron-3.5-Lightning-30B-A3B-NVFP4 "HTTP/1.1 200 OK"
2026-08-16 10:40:45.077 - aiperf.config.resolution.resolvers - INFO - [OK] Tokenizer nvidia/NVIDIA-Nemotron-3.5-Lightning-30B-A3B-NVFP4 detected
2026-08-16 10:40:45.077 - aiperf.config.resolution.resolvers - INFO - 1 tokenizer validated | 0.5s
2026-08-16 10:40:45.077 - aiperf.config.resolution.resolvers - INFO - Prefetching 1 tokenizer into HF cache...
2026-08-16 10:40:46.182 - httpx - INFO - HTTP Request: HEAD https://huggingface.co/nvidia/NVIDIA-Nemotron-3.5-Lightning-30B-A3B-NVFP4/resolve/main/config.json "HTTP/1.1 307 Temporary Redirect"
2026-08-16 10:40:46.182 - huggingface_hub.utils._http - WARNING - Warning: You are sending unauthenticated requests to the HF Hub. Please set a HF_TOKEN to enable higher rate limits and faster downloads.
2026-08-16 10:40:46.192 - httpx - INFO - HTTP Request: HEAD https://huggingface.co/api/resolve-cache/models/nvidia/NVIDIA-Nemotron-3.5-Lightning-30B-A3B-NVFP4/6dbbd757ea75a8ece6e0702872e3ae53f9987728/config.json "HTTP/1.1 200 OK"
2026-08-16 10:40:46.204 - httpx - INFO - HTTP Request: GET https://huggingface.co/api/resolve-cache/models/nvidia/NVIDIA-Nemotron-3.5-Lightning-30B-A3B-NVFP4/6dbbd757ea75a8ece6e0702872e3ae53f9987728/config.json "HTTP/1.1 200 OK"
2026-08-16 10:40:46.339 - httpx - INFO - HTTP Request: HEAD https://huggingface.co/nvidia/NVIDIA-Nemotron-3.5-Lightning-30B-A3B-NVFP4/resolve/main/tokenizer_config.json "HTTP/1.1 307 Temporary Redirect"
2026-08-16 10:40:46.348 - httpx - INFO - HTTP Request: HEAD https://huggingface.co/api/resolve-cache/models/nvidia/NVIDIA-Nemotron-3.5-Lightning-30B-A3B-NVFP4/6dbbd757ea75a8ece6e0702872e3ae53f9987728/tokenizer_config.json "HTTP/1.1 200 OK"
2026-08-16 10:40:46.357 - httpx - INFO - HTTP Request: GET https://huggingface.co/api/resolve-cache/models/nvidia/NVIDIA-Nemotron-3.5-Lightning-30B-A3B-NVFP4/6dbbd757ea75a8ece6e0702872e3ae53f9987728/tokenizer_config.json "HTTP/1.1 200 OK"
2026-08-16 10:40:46.442 - httpx - INFO - HTTP Request: GET https://huggingface.co/api/models/nvidia/NVIDIA-Nemotron-3.5-Lightning-30B-A3B-NVFP4/tree/main/additional_chat_templates?recursive=false&expand=false "HTTP/1.1 404 Not Found"
2026-08-16 10:40:46.526 - httpx - INFO - HTTP Request: GET https://huggingface.co/api/models/nvidia/NVIDIA-Nemotron-3.5-Lightning-30B-A3B-NVFP4/tree/main?recursive=true&expand=false "HTTP/1.1 200 OK"
2026-08-16 10:40:46.610 - httpx - INFO - HTTP Request: HEAD https://huggingface.co/nvidia/NVIDIA-Nemotron-3.5-Lightning-30B-A3B-NVFP4/resolve/main/tokenizer.json "HTTP/1.1 302 Found"
2026-08-16 10:40:46.711 - httpx - INFO - HTTP Request: GET https://huggingface.co/api/models/nvidia/NVIDIA-Nemotron-3.5-Lightning-30B-A3B-NVFP4/xet-read-token/6dbbd757ea75a8ece6e0702872e3ae53f9987728 "HTTP/1.1 200 OK"
2026-08-16 10:40:47.510 - httpx - INFO - HTTP Request: HEAD https://huggingface.co/nvidia/NVIDIA-Nemotron-3.5-Lightning-30B-A3B-NVFP4/resolve/main/tokenizer.model "HTTP/1.1 404 Not Found"
2026-08-16 10:40:47.590 - httpx - INFO - HTTP Request: HEAD https://huggingface.co/nvidia/NVIDIA-Nemotron-3.5-Lightning-30B-A3B-NVFP4/resolve/main/added_tokens.json "HTTP/1.1 404 Not Found"
2026-08-16 10:40:47.681 - httpx - INFO - HTTP Request: HEAD https://huggingface.co/nvidia/NVIDIA-Nemotron-3.5-Lightning-30B-A3B-NVFP4/resolve/main/special_tokens_map.json "HTTP/1.1 307 Temporary Redirect"
2026-08-16 10:40:47.691 - httpx - INFO - HTTP Request: HEAD https://huggingface.co/api/resolve-cache/models/nvidia/NVIDIA-Nemotron-3.5-Lightning-30B-A3B-NVFP4/6dbbd757ea75a8ece6e0702872e3ae53f9987728/special_tokens_map.json "HTTP/1.1 200 OK"
2026-08-16 10:40:47.701 - httpx - INFO - HTTP Request: GET https://huggingface.co/api/resolve-cache/models/nvidia/NVIDIA-Nemotron-3.5-Lightning-30B-A3B-NVFP4/6dbbd757ea75a8ece6e0702872e3ae53f9987728/special_tokens_map.json "HTTP/1.1 200 OK"
2026-08-16 10:40:47.779 - httpx - INFO - HTTP Request: HEAD https://huggingface.co/nvidia/NVIDIA-Nemotron-3.5-Lightning-30B-A3B-NVFP4/resolve/main/chat_template.jinja "HTTP/1.1 307 Temporary Redirect"
2026-08-16 10:40:47.788 - httpx - INFO - HTTP Request: HEAD https://huggingface.co/api/resolve-cache/models/nvidia/NVIDIA-Nemotron-3.5-Lightning-30B-A3B-NVFP4/6dbbd757ea75a8ece6e0702872e3ae53f9987728/chat_template.jinja "HTTP/1.1 200 OK"
2026-08-16 10:40:47.800 - httpx - INFO - HTTP Request: GET https://huggingface.co/api/resolve-cache/models/nvidia/NVIDIA-Nemotron-3.5-Lightning-30B-A3B-NVFP4/6dbbd757ea75a8ece6e0702872e3ae53f9987728/chat_template.jinja "HTTP/1.1 200 OK"
2026-08-16 10:40:48.674 - httpx - INFO - HTTP Request: GET https://huggingface.co/api/models/nvidia/NVIDIA-Nemotron-3.5-Lightning-30B-A3B-NVFP4 "HTTP/1.1 200 OK"
2026-08-16 10:40:48.716 - aiperf.config.resolution.resolvers - INFO -   Cached nvidia/NVIDIA-Nemotron-3.5-Lightning-30B-A3B-NVFP4 (3.62s)
2026-08-16 10:40:48.749 - aiperf.config.resolution.resolvers - INFO - 1 tokenizer cached • 3.7s
2026-08-16 10:40:49.145 - system_controller - INFO - Registered Worker Manager (id: 'worker_manager')
2026-08-16 10:40:49.185 - server_metrics_manager - INFO - Server Metrics: Discovered 1 endpoints: ['http://localhost:8000/metrics']
2026-08-16 10:40:49.225 - GPUTelemetryJSONLWriter_cdbdebaf - INFO - GPU telemetry export enabled: /output/gpu_telemetry_export.jsonl
2026-08-16 10:40:49.237 - OTelMetricsResultsProcessor_4b63f877 - INFO - Telemetry streaming is disabled (set --otel-url and/or --mlflow-tracking-uri to enable)
2026-08-16 10:40:49.247 - RecordExportJSONLWriter_16a32039 - INFO - Record metrics export enabled: /output/profile_export.jsonl
2026-08-16 10:40:49.271 - system_controller - INFO - Registered Dataset Manager (id: 'dataset_manager')
2026-08-16 10:40:49.272 - system_controller - INFO - Registered Gpu Telemetry Manager (id: 'gpu_telemetry_manager')
2026-08-16 10:40:49.292 - system_controller - INFO - Registered Server Metrics Manager (id: 'server_metrics_manager')
2026-08-16 10:40:49.336 - system_controller - INFO - Registered Record Processor (id: 'record_processor_7b830a35')
2026-08-16 10:40:49.365 - system_controller - INFO - Registered Records Manager (id: 'records_manager')
2026-08-16 10:40:49.428 - system_controller - INFO - Registered Record Processor (id: 'record_processor_da3cd718')
2026-08-16 10:40:49.429 - system_controller - INFO - Registered Record Processor (id: 'record_processor_d252cff3')
2026-08-16 10:40:49.504 - system_controller - INFO - Registered Worker (id: 'worker_c5f86a99')
2026-08-16 10:40:49.546 - system_controller - INFO - Registered Timing Manager (id: 'timing_manager')
2026-08-16 10:40:49.591 - system_controller - INFO - Registered Worker (id: 'worker_51af9599')
2026-08-16 10:40:49.600 - system_controller - INFO - Registered Worker (id: 'worker_e1f2ff00')
2026-08-16 10:40:49.610 - system_controller - INFO - Registered Worker (id: 'worker_cb83a9a6')
2026-08-16 10:40:49.622 - system_controller - INFO - Registered Worker (id: 'worker_c3db3810')
2026-08-16 10:40:49.627 - system_controller - INFO - AIPerf System is CONFIGURING
2026-08-16 10:40:49.627 - system_controller - INFO - Configuring all services to start profiling
2026-08-16 10:40:49.628 - InferenceResultParser_50ecd348 - INFO - Configuring tokenizers for inference result parser (resolve_alias: True)
2026-08-16 10:40:49.628 - timing_manager - INFO - Waiting for dataset to be configured before configuring timing
2026-08-16 10:40:49.628 - InferenceResultParser_7e57ea04 - INFO - Configuring tokenizers for inference result parser (resolve_alias: True)
2026-08-16 10:40:49.628 - InferenceResultParser_c3c9cb34 - INFO - Configuring tokenizers for inference result parser (resolve_alias: True)
2026-08-16 10:40:49.629 - dataset_manager - INFO - Configuring tokenizer(s) for dataset manager
2026-08-16 10:40:49.630 - system_controller - INFO - Registered Worker (id: 'worker_f80b74f6')
2026-08-16 10:40:49.630 - system_controller - INFO - Registered Worker (id: 'worker_e73db193')
2026-08-16 10:40:49.638 - server_metrics_manager - INFO - Server Metrics: Capturing baseline metrics...
2026-08-16 10:40:49.640 - system_controller - INFO - Registered Worker (id: 'worker_e1b152eb')
2026-08-16 10:40:49.650 - http://localhost:8000/metrics - INFO - Skipping unsupported summary metric: http_request_size_bytes
2026-08-16 10:40:49.650 - http://localhost:8000/metrics - INFO - Skipping unsupported summary metric: http_response_size_bytes
2026-08-16 10:40:49.652 - system_controller - INFO - Server metrics enabled - 1/1 endpoint(s) reachable.
2026-08-16 10:40:49.652 - system_controller - INFO - Waiting for result domains: profile, server_metrics, telemetry
2026-08-16 10:40:49.657 - gpu_telemetry_manager - INFO - GPU Telemetry: Capturing baseline metrics from pynvml://localhost
2026-08-16 10:40:49.666 - pynvml_collector - INFO - PyNVML initialized with 1 GPU(s) (0 with GPM support)
2026-08-16 10:40:49.669 - system_controller - INFO - Registered Worker (id: 'worker_f0bbfbac')
2026-08-16 10:40:49.669 - system_controller - INFO - Registered Worker (id: 'worker_86ed4e64')
2026-08-16 10:40:49.677 - system_controller - INFO - Registered Worker (id: 'worker_62328959')
2026-08-16 10:40:49.681 - system_controller - INFO - DCGM telemetry enabled - 1/1 endpoint(s) reachable
2026-08-16 10:40:49.688 - system_controller - INFO - Registered Worker (id: 'worker_25c64063')
2026-08-16 10:40:49.703 - system_controller - INFO - Registered Worker (id: 'worker_d506a427')
2026-08-16 10:40:49.703 - system_controller - INFO - Registered Worker (id: 'worker_b0b26a91')
2026-08-16 10:40:50.169 - httpx - INFO - HTTP Request: HEAD https://huggingface.co/nvidia/NVIDIA-Nemotron-3.5-Lightning-30B-A3B-NVFP4/resolve/main/config.json "HTTP/1.1 307 Temporary Redirect"
2026-08-16 10:40:50.174 - httpx - INFO - HTTP Request: HEAD https://huggingface.co/nvidia/NVIDIA-Nemotron-3.5-Lightning-30B-A3B-NVFP4/resolve/main/config.json "HTTP/1.1 307 Temporary Redirect"
2026-08-16 10:40:50.174 - httpx - INFO - HTTP Request: HEAD https://huggingface.co/nvidia/NVIDIA-Nemotron-3.5-Lightning-30B-A3B-NVFP4/resolve/main/config.json "HTTP/1.1 307 Temporary Redirect"
2026-08-16 10:40:50.175 - huggingface_hub.utils._http - WARNING - Warning: You are sending unauthenticated requests to the HF Hub. Please set a HF_TOKEN to enable higher rate limits and faster downloads.
2026-08-16 10:40:50.179 - httpx - INFO - HTTP Request: HEAD https://huggingface.co/api/resolve-cache/models/nvidia/NVIDIA-Nemotron-3.5-Lightning-30B-A3B-NVFP4/6dbbd757ea75a8ece6e0702872e3ae53f9987728/config.json "HTTP/1.1 200 OK"
2026-08-16 10:40:50.181 - httpx - INFO - HTTP Request: HEAD https://huggingface.co/nvidia/NVIDIA-Nemotron-3.5-Lightning-30B-A3B-NVFP4/resolve/main/config.json "HTTP/1.1 307 Temporary Redirect"
2026-08-16 10:40:50.183 - httpx - INFO - HTTP Request: HEAD https://huggingface.co/api/resolve-cache/models/nvidia/NVIDIA-Nemotron-3.5-Lightning-30B-A3B-NVFP4/6dbbd757ea75a8ece6e0702872e3ae53f9987728/config.json "HTTP/1.1 200 OK"
2026-08-16 10:40:50.183 - httpx - INFO - HTTP Request: HEAD https://huggingface.co/api/resolve-cache/models/nvidia/NVIDIA-Nemotron-3.5-Lightning-30B-A3B-NVFP4/6dbbd757ea75a8ece6e0702872e3ae53f9987728/config.json "HTTP/1.1 200 OK"
2026-08-16 10:40:50.191 - httpx - INFO - HTTP Request: HEAD https://huggingface.co/api/resolve-cache/models/nvidia/NVIDIA-Nemotron-3.5-Lightning-30B-A3B-NVFP4/6dbbd757ea75a8ece6e0702872e3ae53f9987728/config.json "HTTP/1.1 200 OK"
2026-08-16 10:40:50.315 - httpx - INFO - HTTP Request: HEAD https://huggingface.co/nvidia/NVIDIA-Nemotron-3.5-Lightning-30B-A3B-NVFP4/resolve/main/tokenizer_config.json "HTTP/1.1 307 Temporary Redirect"
2026-08-16 10:40:50.316 - huggingface_hub.utils._http - WARNING - Warning: You are sending unauthenticated requests to the HF Hub. Please set a HF_TOKEN to enable higher rate limits and faster downloads.
2026-08-16 10:40:50.320 - httpx - INFO - HTTP Request: HEAD https://huggingface.co/nvidia/NVIDIA-Nemotron-3.5-Lightning-30B-A3B-NVFP4/resolve/main/tokenizer_config.json "HTTP/1.1 307 Temporary Redirect"
2026-08-16 10:40:50.320 - huggingface_hub.utils._http - WARNING - Warning: You are sending unauthenticated requests to the HF Hub. Please set a HF_TOKEN to enable higher rate limits and faster downloads.
2026-08-16 10:40:50.326 - httpx - INFO - HTTP Request: HEAD https://huggingface.co/api/resolve-cache/models/nvidia/NVIDIA-Nemotron-3.5-Lightning-30B-A3B-NVFP4/6dbbd757ea75a8ece6e0702872e3ae53f9987728/tokenizer_config.json "HTTP/1.1 200 OK"
2026-08-16 10:40:50.329 - httpx - INFO - HTTP Request: HEAD https://huggingface.co/api/resolve-cache/models/nvidia/NVIDIA-Nemotron-3.5-Lightning-30B-A3B-NVFP4/6dbbd757ea75a8ece6e0702872e3ae53f9987728/tokenizer_config.json "HTTP/1.1 200 OK"
2026-08-16 10:40:50.362 - httpx - INFO - HTTP Request: HEAD https://huggingface.co/nvidia/NVIDIA-Nemotron-3.5-Lightning-30B-A3B-NVFP4/resolve/main/tokenizer_config.json "HTTP/1.1 307 Temporary Redirect"
2026-08-16 10:40:50.363 - httpx - INFO - HTTP Request: HEAD https://huggingface.co/nvidia/NVIDIA-Nemotron-3.5-Lightning-30B-A3B-NVFP4/resolve/main/tokenizer_config.json "HTTP/1.1 307 Temporary Redirect"
2026-08-16 10:40:50.372 - httpx - INFO - HTTP Request: HEAD https://huggingface.co/api/resolve-cache/models/nvidia/NVIDIA-Nemotron-3.5-Lightning-30B-A3B-NVFP4/6dbbd757ea75a8ece6e0702872e3ae53f9987728/tokenizer_config.json "HTTP/1.1 200 OK"
2026-08-16 10:40:50.372 - httpx - INFO - HTTP Request: HEAD https://huggingface.co/api/resolve-cache/models/nvidia/NVIDIA-Nemotron-3.5-Lightning-30B-A3B-NVFP4/6dbbd757ea75a8ece6e0702872e3ae53f9987728/tokenizer_config.json "HTTP/1.1 200 OK"
2026-08-16 10:40:50.413 - httpx - INFO - HTTP Request: GET https://huggingface.co/api/models/nvidia/NVIDIA-Nemotron-3.5-Lightning-30B-A3B-NVFP4/tree/main/additional_chat_templates?recursive=false&expand=false "HTTP/1.1 404 Not Found"
2026-08-16 10:40:50.418 - httpx - INFO - HTTP Request: GET https://huggingface.co/api/models/nvidia/NVIDIA-Nemotron-3.5-Lightning-30B-A3B-NVFP4/tree/main/additional_chat_templates?recursive=false&expand=false "HTTP/1.1 404 Not Found"
2026-08-16 10:40:50.456 - httpx - INFO - HTTP Request: GET https://huggingface.co/api/models/nvidia/NVIDIA-Nemotron-3.5-Lightning-30B-A3B-NVFP4/tree/main/additional_chat_templates?recursive=false&expand=false "HTTP/1.1 404 Not Found"
2026-08-16 10:40:50.457 - httpx - INFO - HTTP Request: GET https://huggingface.co/api/models/nvidia/NVIDIA-Nemotron-3.5-Lightning-30B-A3B-NVFP4/tree/main/additional_chat_templates?recursive=false&expand=false "HTTP/1.1 404 Not Found"
2026-08-16 10:40:50.498 - httpx - INFO - HTTP Request: GET https://huggingface.co/api/models/nvidia/NVIDIA-Nemotron-3.5-Lightning-30B-A3B-NVFP4/tree/main?recursive=true&expand=false "HTTP/1.1 200 OK"
2026-08-16 10:40:50.508 - httpx - INFO - HTTP Request: GET https://huggingface.co/api/models/nvidia/NVIDIA-Nemotron-3.5-Lightning-30B-A3B-NVFP4/tree/main?recursive=true&expand=false "HTTP/1.1 200 OK"
2026-08-16 10:40:50.536 - httpx - INFO - HTTP Request: GET https://huggingface.co/api/models/nvidia/NVIDIA-Nemotron-3.5-Lightning-30B-A3B-NVFP4/tree/main?recursive=true&expand=false "HTTP/1.1 200 OK"
2026-08-16 10:40:50.542 - httpx - INFO - HTTP Request: GET https://huggingface.co/api/models/nvidia/NVIDIA-Nemotron-3.5-Lightning-30B-A3B-NVFP4/tree/main?recursive=true&expand=false "HTTP/1.1 200 OK"
2026-08-16 10:40:51.535 - httpx - INFO - HTTP Request: GET https://huggingface.co/api/models/nvidia/NVIDIA-Nemotron-3.5-Lightning-30B-A3B-NVFP4 "HTTP/1.1 200 OK"
2026-08-16 10:40:51.543 - httpx - INFO - HTTP Request: GET https://huggingface.co/api/models/nvidia/NVIDIA-Nemotron-3.5-Lightning-30B-A3B-NVFP4 "HTTP/1.1 200 OK"
2026-08-16 10:40:51.577 - InferenceResultParser_50ecd348 - INFO - Initialized tokenizers: {'nvidia/NVIDIA-Nemotron-3.5-Lightning-30B-A3B-NVFP4': {'class': 'TokenizersBackend', 'name_or_path': 'nvidia/NVIDIA-Nemotron-3.5-Lightning-30B-A3B-NVFP4'}} in 1.95 seconds
2026-08-16 10:40:51.587 - dataset_manager - INFO - Tokenizer(s) configured in 1.96 seconds
2026-08-16 10:40:51.587 - dataset_manager - INFO - Configuring dataset for dataset_manager
2026-08-16 10:40:51.591 - httpx - INFO - HTTP Request: GET https://huggingface.co/api/models/nvidia/NVIDIA-Nemotron-3.5-Lightning-30B-A3B-NVFP4 "HTTP/1.1 200 OK"
2026-08-16 10:40:51.596 - httpx - INFO - HTTP Request: GET https://huggingface.co/api/models/nvidia/NVIDIA-Nemotron-3.5-Lightning-30B-A3B-NVFP4 "HTTP/1.1 200 OK"
2026-08-16 10:40:51.624 - InferenceResultParser_7e57ea04 - INFO - Initialized tokenizers: {'nvidia/NVIDIA-Nemotron-3.5-Lightning-30B-A3B-NVFP4': {'class': 'TokenizersBackend', 'name_or_path': 'nvidia/NVIDIA-Nemotron-3.5-Lightning-30B-A3B-NVFP4'}} in 2.00 seconds
2026-08-16 10:40:51.626 - InferenceResultParser_c3c9cb34 - INFO - Initialized tokenizers: {'nvidia/NVIDIA-Nemotron-3.5-Lightning-30B-A3B-NVFP4': {'class': 'TokenizersBackend', 'name_or_path': 'nvidia/NVIDIA-Nemotron-3.5-Lightning-30B-A3B-NVFP4'}} in 2.00 seconds
2026-08-16 10:40:51.934 - CustomDatasetComposer - INFO - Using explicit dataset format: multi_turn
2026-08-16 10:40:52.016 - MemoryMapDatasetBackingStore_c678a955 - INFO - Memory-mapped backing store initialized (streaming to /tmp/aiperf_mmap_185504d9ea08/dataset.dat)
2026-08-16 10:40:52.040 - MemoryMapDatasetBackingStore_c678a955 - INFO - Data file finalized: 500 conversations, 1.27 MB
2026-08-16 10:40:52.041 - MemoryMapDatasetBackingStore_c678a955 - INFO - Index file created: /tmp/aiperf_mmap_185504d9ea08/index.dat
2026-08-16 10:40:52.042 - dataset_manager - INFO - Backing store finalized: client_type=DatasetClientStoreType.MEMORY_MAP format=MemoryMapFormat.CONVERSATION data_file_path=PosixPath('/tmp/aiperf_mmap_185504d9ea08/dataset.dat') index_file_path=PosixPath('/tmp/aiperf_mmap_185504d9ea08/index.dat') conversation_count=500 total_size_bytes=1331455 compressed=False compressed_data_file_path=None compressed_index_file_path=None compressed_size_bytes=0
2026-08-16 10:40:52.052 - dataset_manager - INFO - sampling strategy: sequential, unique conversations: 500, unique turn count: 1783
2026-08-16 10:40:52.071 - dataset_manager - INFO - Generating inputs.json file at /output/inputs.json
2026-08-16 10:40:52.096 - dataset_manager - INFO - inputs.json file generated in 0.03 seconds
2026-08-16 10:40:52.098 - system_controller - WARNING - Received command response for service we were not expecting: worker_62328959. Ignoring.
2026-08-16 10:40:52.101 - system_controller - WARNING - Received command response for service we were not expecting: worker_25c64063. Ignoring.
2026-08-16 10:40:52.110 - system_controller - WARNING - Received command response for service we were not expecting: worker_d506a427. Ignoring.
2026-08-16 10:40:52.112 - system_controller - WARNING - Received command response for service we were not expecting: worker_b0b26a91. Ignoring.
2026-08-16 10:40:52.116 - system_controller - WARNING - Received command response for service we were not expecting: worker_86ed4e64. Ignoring.
2026-08-16 10:40:52.119 - system_controller - WARNING - Received command response for service we were not expecting: worker_f0bbfbac. Ignoring.
2026-08-16 10:40:52.119 - system_controller - WARNING - Received command response for service we were not expecting: worker_e1b152eb. Ignoring.
2026-08-16 10:40:52.124 - system_controller - WARNING - Received command response for service we were not expecting: worker_f80b74f6. Ignoring.
2026-08-16 10:40:52.128 - system_controller - WARNING - Received command response for service we were not expecting: worker_e73db193. Ignoring.
2026-08-16 10:40:52.172 - PhaseOrchestrator_809aa8ab - INFO - Initialized 2 phase(s): ['Warmup', 'Profiling']
2026-08-16 10:40:52.399 - dataset_manager - INFO - Dataset client initialized and freed 500 conversations from memory
2026-08-16 10:40:52.399 - dataset_manager - INFO - Dataset configured in 0.81 seconds
2026-08-16 10:40:52.402 - system_controller - INFO - All services configured in 2.77 seconds
2026-08-16 10:40:52.402 - system_controller - INFO - AIPerf System is CONFIGURED
2026-08-16 10:40:52.433 - server_metrics_manager - INFO - Server Metrics: Started 1 collector(s) successfully
2026-08-16 10:40:52.444 - system_controller - INFO - All services started profiling successfully
2026-08-16 10:40:52.444 - system_controller - INFO - AIPerf System is PROFILING
2026-08-16 10:40:52.464 - RateTiming - INFO - Creating interval generator: pattern=concurrency_burst, rate=None, smoothness=None
2026-08-16 10:40:52.468 - PhaseRunner - NOTICE - Phase warmup (warmup) started | phase_index=0 | target: 3 requests
2026-08-16 10:40:52.478 - PhaseRunner - NOTICE - Phase warmup (warmup) sending complete | sent=3, completed=0, in_flight=3 | sessions: sent=3, completed=0
2026-08-16 10:40:52.477 - records_manager - INFO - Credit phase start: warmup
2026-08-16 10:40:57.363 - PhaseRunner - NOTICE - Phase warmup (warmup) complete | completed=3, cancelled=0, errors=0 | sessions: completed=0, cancelled=0 | elapsed=4.89s
2026-08-16 10:40:57.366 - RateTiming - INFO - Creating interval generator: pattern=concurrency_burst, rate=None, smoothness=None
2026-08-16 10:40:57.366 - PhaseRunner - NOTICE - Phase profiling (profiling) started | phase_index=1 | profiling_index=0 | target: 50 requests, 50 sessions
2026-08-16 10:40:57.366 - server_metrics_manager - INFO - Server Metrics: Warmup complete, capturing final warmup metrics...
2026-08-16 10:40:57.367 - records_manager - INFO - Credit phase start: profiling
2026-08-16 10:41:03.594 - PhaseRunner - NOTICE - Phase profiling (profiling) sending complete | sent=50, completed=18, in_flight=32 | sessions: sent=32, completed=0
2026-08-16 10:41:03.596 - records_manager - INFO - Sent 50 requests. Waiting for all to complete...
2026-08-16 10:41:16.142 - PhaseRunner - NOTICE - Phase profiling (profiling) complete | completed=50, cancelled=0, errors=0 | sessions: completed=6, cancelled=0 | elapsed=18.78s
2026-08-16 10:41:16.143 - PhaseOrchestrator_809aa8ab - NOTICE - All credits completed
2026-08-16 10:41:16.144 - system_controller - INFO - Received credits complete from 'timing_manager'
2026-08-16 10:41:16.145 - records_manager - INFO - Received CREDIT_PHASE_COMPLETE message, Phase complete: PhaseRecordsStats(phase=CreditPhase.PROFILING, phase_index=1, profiling_index=0, phase_name='profiling', phase_kind='profiling', start_ns=1786876857366342257, sent_end_ns=1786876863594089016, requests_end_ns=1786876876141589287, baseline_start_ns=1786876857366332913, baseline_end_ns=1786876876141610967, total_expected_requests=50, expected_duration_sec=None, expected_num_sessions=None, expected_grace_period_sec=None, final_requests_sent=None, final_requests_completed=50, final_requests_cancelled=0, final_request_errors=0, final_sent_sessions=None, final_completed_sessions=None, final_cancelled_sessions=None, timeout_triggered=False, grace_period_timeout_triggered=False, was_cancelled=False, records_end_ns=None, success_records=49, error_records=0)
2026-08-16 10:41:16.145 - records_manager - NOTICE - All requests have completed, please wait for the results to be processed (currently 49 of 50 records processed)...
2026-08-16 10:41:16.146 - records_manager - INFO - All credits complete, please wait for the results to be processed...
2026-08-16 10:41:16.165 - records_manager - INFO - Processed 50 valid requests and 0 errors (50 total).
2026-08-16 10:41:16.165 - records_manager - INFO - Received all records, processing now...
2026-08-16 10:41:16.170 - records_manager - INFO - Waiting 2.0s for server metrics flush period...
2026-08-16 10:41:16.171 - server_metrics_manager - INFO - Server Metrics: Profiling complete, capturing final metrics...
2026-08-16 10:41:16.170 - gpu_telemetry_manager - INFO - GPU Telemetry: Profiling complete, capturing final metrics...
2026-08-16 10:41:18.146 - records_manager - INFO - Processing records results...
2026-08-16 10:41:18.316 - system_controller - INFO - Waiting for result domains: server_metrics, telemetry
2026-08-16 10:41:18.317 - system_controller - INFO - Waiting for result domains: server_metrics
2026-08-16 10:41:18.329 - records_manager - INFO - _finalize_and_process_results completed
2026-08-16 10:41:18.333 - system_controller - INFO - All results received, initiating shutdown
2026-08-16 10:41:18.950 - ExporterManager - INFO - Exporting all records
2026-08-16 10:41:19.128 - ExporterManager - INFO - Exporting console data
