2026-08-13 02:49:43.995 - aiperf.cli_runner._single_run - INFO - Starting AIPerf System
2026-08-13 02:49:44.478 - httpx - INFO - HTTP Request: GET https://huggingface.co/api/models/meta-models/Muse-Glimmer-30B "HTTP/1.1 200 OK"
2026-08-13 02:49:44.481 - aiperf.config.resolution.resolvers - INFO - [OK] Tokenizer meta-models/Muse-Glimmer-30B detected
2026-08-13 02:49:44.481 - aiperf.config.resolution.resolvers - INFO - 1 tokenizer validated | 0.5s
2026-08-13 02:49:44.482 - aiperf.config.resolution.resolvers - INFO - Prefetching 1 tokenizer into HF cache...
2026-08-13 02:49:45.274 - httpx - INFO - HTTP Request: HEAD https://huggingface.co/meta-models/Muse-Glimmer-30B/resolve/main/config.json "HTTP/1.1 307 Temporary Redirect"
2026-08-13 02:49:45.275 - huggingface_hub.utils._http - WARNING - Warning: You are sending unauthenticated requests to the HF Hub. Please set a HF_TOKEN to enable higher rate limits and faster downloads.
2026-08-13 02:49:45.288 - httpx - INFO - HTTP Request: HEAD https://huggingface.co/api/resolve-cache/models/meta-models/Muse-Glimmer-30B/a4e59da52a7bc87ae7251dd5545c0dd437c44b68/config.json "HTTP/1.1 200 OK"
2026-08-13 02:49:45.413 - httpx - INFO - HTTP Request: GET https://huggingface.co/api/resolve-cache/models/meta-models/Muse-Glimmer-30B/a4e59da52a7bc87ae7251dd5545c0dd437c44b68/config.json "HTTP/1.1 200 OK"
2026-08-13 02:49:45.495 - httpx - INFO - HTTP Request: HEAD https://huggingface.co/meta-models/Muse-Glimmer-30B/resolve/main/config.json "HTTP/1.1 307 Temporary Redirect"
2026-08-13 02:49:45.510 - httpx - INFO - HTTP Request: HEAD https://huggingface.co/api/resolve-cache/models/meta-models/Muse-Glimmer-30B/a4e59da52a7bc87ae7251dd5545c0dd437c44b68/config.json "HTTP/1.1 200 OK"
2026-08-13 02:49:45.638 - httpx - INFO - HTTP Request: HEAD https://huggingface.co/meta-models/Muse-Glimmer-30B/resolve/main/tokenizer_config.json "HTTP/1.1 307 Temporary Redirect"
2026-08-13 02:49:45.654 - httpx - INFO - HTTP Request: HEAD https://huggingface.co/api/resolve-cache/models/meta-models/Muse-Glimmer-30B/a4e59da52a7bc87ae7251dd5545c0dd437c44b68/tokenizer_config.json "HTTP/1.1 200 OK"
2026-08-13 02:49:45.671 - httpx - INFO - HTTP Request: GET https://huggingface.co/api/resolve-cache/models/meta-models/Muse-Glimmer-30B/a4e59da52a7bc87ae7251dd5545c0dd437c44b68/tokenizer_config.json "HTTP/1.1 200 OK"
2026-08-13 02:49:45.867 - httpx - INFO - HTTP Request: GET https://huggingface.co/api/models/meta-models/Muse-Glimmer-30B/tree/main/additional_chat_templates?recursive=false&expand=false "HTTP/1.1 404 Not Found"
2026-08-13 02:49:45.954 - httpx - INFO - HTTP Request: GET https://huggingface.co/api/models/meta-models/Muse-Glimmer-30B/tree/main?recursive=true&expand=false "HTTP/1.1 200 OK"
2026-08-13 02:49:46.096 - httpx - INFO - HTTP Request: HEAD https://huggingface.co/meta-models/Muse-Glimmer-30B/resolve/main/tokenizer.json "HTTP/1.1 302 Found"
2026-08-13 02:49:46.181 - httpx - INFO - HTTP Request: GET https://huggingface.co/api/models/meta-models/Muse-Glimmer-30B/xet-read-token/a4e59da52a7bc87ae7251dd5545c0dd437c44b68 "HTTP/1.1 200 OK"
2026-08-13 02:49:47.754 - httpx - INFO - HTTP Request: HEAD https://huggingface.co/meta-models/Muse-Glimmer-30B/resolve/main/tokenizer.model "HTTP/1.1 404 Not Found"
2026-08-13 02:49:47.838 - httpx - INFO - HTTP Request: HEAD https://huggingface.co/meta-models/Muse-Glimmer-30B/resolve/main/added_tokens.json "HTTP/1.1 404 Not Found"
2026-08-13 02:49:47.956 - httpx - INFO - HTTP Request: HEAD https://huggingface.co/meta-models/Muse-Glimmer-30B/resolve/main/special_tokens_map.json "HTTP/1.1 404 Not Found"
2026-08-13 02:49:48.038 - httpx - INFO - HTTP Request: HEAD https://huggingface.co/meta-models/Muse-Glimmer-30B/resolve/main/chat_template.jinja "HTTP/1.1 307 Temporary Redirect"
2026-08-13 02:49:48.056 - httpx - INFO - HTTP Request: HEAD https://huggingface.co/api/resolve-cache/models/meta-models/Muse-Glimmer-30B/a4e59da52a7bc87ae7251dd5545c0dd437c44b68/chat_template.jinja "HTTP/1.1 200 OK"
2026-08-13 02:49:48.068 - httpx - INFO - HTTP Request: GET https://huggingface.co/api/resolve-cache/models/meta-models/Muse-Glimmer-30B/a4e59da52a7bc87ae7251dd5545c0dd437c44b68/chat_template.jinja "HTTP/1.1 200 OK"
2026-08-13 02:49:49.659 - httpx - INFO - HTTP Request: GET https://huggingface.co/api/models/meta-models/Muse-Glimmer-30B "HTTP/1.1 200 OK"
2026-08-13 02:49:49.752 - aiperf.config.resolution.resolvers - INFO -   Cached meta-models/Muse-Glimmer-30B (5.26s)
2026-08-13 02:49:49.818 - aiperf.config.resolution.resolvers - INFO - 1 tokenizer cached • 5.3s
2026-08-13 02:49:50.186 - server_metrics_manager - INFO - Server Metrics: Discovered 1 endpoints: ['http://localhost:30000/metrics']
2026-08-13 02:49:50.234 - GPUTelemetryJSONLWriter_1639ece3 - INFO - GPU telemetry export enabled: /output/gpu_telemetry_export.jsonl
2026-08-13 02:49:50.244 - OTelMetricsResultsProcessor_e72a3421 - INFO - Telemetry streaming is disabled (set --otel-url and/or --mlflow-tracking-uri to enable)
2026-08-13 02:49:50.245 - RecordExportJSONLWriter_5ffed289 - INFO - Record metrics export enabled: /output/profile_export.jsonl
2026-08-13 02:49:50.251 - system_controller - INFO - Registered Records Manager (id: 'records_manager')
2026-08-13 02:49:50.256 - system_controller - INFO - Registered Worker Manager (id: 'worker_manager')
2026-08-13 02:49:50.331 - system_controller - INFO - Registered Gpu Telemetry Manager (id: 'gpu_telemetry_manager')
2026-08-13 02:49:50.336 - system_controller - INFO - Registered Dataset Manager (id: 'dataset_manager')
2026-08-13 02:49:50.336 - system_controller - INFO - Registered Server Metrics Manager (id: 'server_metrics_manager')
2026-08-13 02:49:50.490 - system_controller - INFO - Registered Record Processor (id: 'record_processor_97ac83de')
2026-08-13 02:49:50.492 - system_controller - INFO - Registered Record Processor (id: 'record_processor_0a879f0d')
2026-08-13 02:49:50.495 - system_controller - INFO - Registered Record Processor (id: 'record_processor_da5201f4')
2026-08-13 02:49:50.502 - system_controller - INFO - Registered Timing Manager (id: 'timing_manager')
2026-08-13 02:49:50.635 - system_controller - INFO - AIPerf System is CONFIGURING
2026-08-13 02:49:50.635 - system_controller - INFO - Configuring all services to start profiling
2026-08-13 02:49:50.636 - InferenceResultParser_342633eb - INFO - Configuring tokenizers for inference result parser (resolve_alias: True)
2026-08-13 02:49:50.636 - InferenceResultParser_d67653a0 - INFO - Configuring tokenizers for inference result parser (resolve_alias: True)
2026-08-13 02:49:50.637 - timing_manager - INFO - Waiting for dataset to be configured before configuring timing
2026-08-13 02:49:50.637 - InferenceResultParser_2698060b - INFO - Configuring tokenizers for inference result parser (resolve_alias: True)
2026-08-13 02:49:50.638 - dataset_manager - INFO - Configuring tokenizer(s) for dataset manager
2026-08-13 02:49:50.643 - system_controller - INFO - Server metrics disabled - no Prometheus endpoints reachable
2026-08-13 02:49:50.643 - system_controller - INFO - Waiting for result domains: profile, telemetry
2026-08-13 02:49:50.667 - gpu_telemetry_manager - INFO - GPU Telemetry: Capturing baseline metrics from pynvml://localhost
2026-08-13 02:49:50.677 - pynvml_collector - INFO - PyNVML initialized with 1 GPU(s) (0 with GPM support)
2026-08-13 02:49:50.696 - system_controller - INFO - DCGM telemetry enabled - 1/1 endpoint(s) reachable
2026-08-13 02:49:50.700 - system_controller - INFO - Registered Worker (id: 'worker_905e05f5')
2026-08-13 02:49:50.700 - system_controller - INFO - Registered Worker (id: 'worker_52beaf52')
2026-08-13 02:49:50.708 - system_controller - INFO - Registered Worker (id: 'worker_177f796f')
2026-08-13 02:49:50.727 - system_controller - INFO - Registered Worker (id: 'worker_d660b73e')
2026-08-13 02:49:50.728 - system_controller - INFO - Registered Worker (id: 'worker_5f783b13')
2026-08-13 02:49:50.729 - system_controller - INFO - Registered Worker (id: 'worker_8cb3484c')
2026-08-13 02:49:50.730 - system_controller - INFO - Registered Worker (id: 'worker_078912d8')
2026-08-13 02:49:50.734 - system_controller - INFO - Registered Worker (id: 'worker_8696f10e')
2026-08-13 02:49:50.755 - system_controller - INFO - Registered Worker (id: 'worker_2bb86f96')
2026-08-13 02:49:50.765 - system_controller - INFO - Registered Worker (id: 'worker_15d61294')
2026-08-13 02:49:50.775 - system_controller - INFO - Registered Worker (id: 'worker_52122dbf')
2026-08-13 02:49:50.775 - system_controller - INFO - Registered Worker (id: 'worker_e65c4872')
2026-08-13 02:49:50.791 - system_controller - INFO - Registered Worker (id: 'worker_b58453dd')
2026-08-13 02:49:50.801 - system_controller - INFO - Registered Worker (id: 'worker_d8693b80')
2026-08-13 02:49:51.207 - httpx - INFO - HTTP Request: HEAD https://huggingface.co/meta-models/Muse-Glimmer-30B/resolve/main/config.json "HTTP/1.1 307 Temporary Redirect"
2026-08-13 02:49:51.210 - httpx - INFO - HTTP Request: HEAD https://huggingface.co/meta-models/Muse-Glimmer-30B/resolve/main/config.json "HTTP/1.1 307 Temporary Redirect"
2026-08-13 02:49:51.211 - huggingface_hub.utils._http - WARNING - Warning: You are sending unauthenticated requests to the HF Hub. Please set a HF_TOKEN to enable higher rate limits and faster downloads.
2026-08-13 02:49:51.213 - httpx - INFO - HTTP Request: HEAD https://huggingface.co/meta-models/Muse-Glimmer-30B/resolve/main/config.json "HTTP/1.1 307 Temporary Redirect"
2026-08-13 02:49:51.219 - httpx - INFO - HTTP Request: HEAD https://huggingface.co/api/resolve-cache/models/meta-models/Muse-Glimmer-30B/a4e59da52a7bc87ae7251dd5545c0dd437c44b68/config.json "HTTP/1.1 200 OK"
2026-08-13 02:49:51.226 - httpx - INFO - HTTP Request: HEAD https://huggingface.co/api/resolve-cache/models/meta-models/Muse-Glimmer-30B/a4e59da52a7bc87ae7251dd5545c0dd437c44b68/config.json "HTTP/1.1 200 OK"
2026-08-13 02:49:51.227 - httpx - INFO - HTTP Request: HEAD https://huggingface.co/api/resolve-cache/models/meta-models/Muse-Glimmer-30B/a4e59da52a7bc87ae7251dd5545c0dd437c44b68/config.json "HTTP/1.1 200 OK"
2026-08-13 02:49:51.300 - httpx - INFO - HTTP Request: HEAD https://huggingface.co/meta-models/Muse-Glimmer-30B/resolve/main/config.json "HTTP/1.1 307 Temporary Redirect"
2026-08-13 02:49:51.300 - huggingface_hub.utils._http - WARNING - Warning: You are sending unauthenticated requests to the HF Hub. Please set a HF_TOKEN to enable higher rate limits and faster downloads.
2026-08-13 02:49:51.302 - httpx - INFO - HTTP Request: HEAD https://huggingface.co/meta-models/Muse-Glimmer-30B/resolve/main/config.json "HTTP/1.1 307 Temporary Redirect"
2026-08-13 02:49:51.302 - huggingface_hub.utils._http - WARNING - Warning: You are sending unauthenticated requests to the HF Hub. Please set a HF_TOKEN to enable higher rate limits and faster downloads.
2026-08-13 02:49:51.307 - httpx - INFO - HTTP Request: HEAD https://huggingface.co/meta-models/Muse-Glimmer-30B/resolve/main/config.json "HTTP/1.1 307 Temporary Redirect"
2026-08-13 02:49:51.307 - httpx - INFO - HTTP Request: HEAD https://huggingface.co/meta-models/Muse-Glimmer-30B/resolve/main/config.json "HTTP/1.1 307 Temporary Redirect"
2026-08-13 02:49:51.307 - huggingface_hub.utils._http - WARNING - Warning: You are sending unauthenticated requests to the HF Hub. Please set a HF_TOKEN to enable higher rate limits and faster downloads.
2026-08-13 02:49:51.311 - httpx - INFO - HTTP Request: HEAD https://huggingface.co/api/resolve-cache/models/meta-models/Muse-Glimmer-30B/a4e59da52a7bc87ae7251dd5545c0dd437c44b68/config.json "HTTP/1.1 200 OK"
2026-08-13 02:49:51.314 - httpx - INFO - HTTP Request: HEAD https://huggingface.co/api/resolve-cache/models/meta-models/Muse-Glimmer-30B/a4e59da52a7bc87ae7251dd5545c0dd437c44b68/config.json "HTTP/1.1 200 OK"
2026-08-13 02:49:51.319 - httpx - INFO - HTTP Request: HEAD https://huggingface.co/api/resolve-cache/models/meta-models/Muse-Glimmer-30B/a4e59da52a7bc87ae7251dd5545c0dd437c44b68/config.json "HTTP/1.1 200 OK"
2026-08-13 02:49:51.320 - httpx - INFO - HTTP Request: HEAD https://huggingface.co/api/resolve-cache/models/meta-models/Muse-Glimmer-30B/a4e59da52a7bc87ae7251dd5545c0dd437c44b68/config.json "HTTP/1.1 200 OK"
2026-08-13 02:49:51.394 - httpx - INFO - HTTP Request: HEAD https://huggingface.co/meta-models/Muse-Glimmer-30B/resolve/main/tokenizer_config.json "HTTP/1.1 307 Temporary Redirect"
2026-08-13 02:49:51.394 - httpx - INFO - HTTP Request: HEAD https://huggingface.co/meta-models/Muse-Glimmer-30B/resolve/main/tokenizer_config.json "HTTP/1.1 307 Temporary Redirect"
2026-08-13 02:49:51.402 - httpx - INFO - HTTP Request: HEAD https://huggingface.co/meta-models/Muse-Glimmer-30B/resolve/main/tokenizer_config.json "HTTP/1.1 307 Temporary Redirect"
2026-08-13 02:49:51.410 - httpx - INFO - HTTP Request: HEAD https://huggingface.co/api/resolve-cache/models/meta-models/Muse-Glimmer-30B/a4e59da52a7bc87ae7251dd5545c0dd437c44b68/tokenizer_config.json "HTTP/1.1 200 OK"
2026-08-13 02:49:51.410 - httpx - INFO - HTTP Request: HEAD https://huggingface.co/api/resolve-cache/models/meta-models/Muse-Glimmer-30B/a4e59da52a7bc87ae7251dd5545c0dd437c44b68/tokenizer_config.json "HTTP/1.1 200 OK"
2026-08-13 02:49:51.414 - httpx - INFO - HTTP Request: HEAD https://huggingface.co/api/resolve-cache/models/meta-models/Muse-Glimmer-30B/a4e59da52a7bc87ae7251dd5545c0dd437c44b68/tokenizer_config.json "HTTP/1.1 200 OK"
2026-08-13 02:49:51.414 - httpx - INFO - HTTP Request: HEAD https://huggingface.co/meta-models/Muse-Glimmer-30B/resolve/main/config.json "HTTP/1.1 307 Temporary Redirect"
2026-08-13 02:49:51.431 - httpx - INFO - HTTP Request: HEAD https://huggingface.co/api/resolve-cache/models/meta-models/Muse-Glimmer-30B/a4e59da52a7bc87ae7251dd5545c0dd437c44b68/config.json "HTTP/1.1 200 OK"
2026-08-13 02:49:51.490 - httpx - INFO - HTTP Request: GET https://huggingface.co/api/models/meta-models/Muse-Glimmer-30B/tree/main/additional_chat_templates?recursive=false&expand=false "HTTP/1.1 404 Not Found"
2026-08-13 02:49:51.494 - httpx - INFO - HTTP Request: GET https://huggingface.co/api/models/meta-models/Muse-Glimmer-30B/tree/main/additional_chat_templates?recursive=false&expand=false "HTTP/1.1 404 Not Found"
2026-08-13 02:49:51.503 - httpx - INFO - HTTP Request: GET https://huggingface.co/api/models/meta-models/Muse-Glimmer-30B/tree/main/additional_chat_templates?recursive=false&expand=false "HTTP/1.1 404 Not Found"
2026-08-13 02:49:51.519 - httpx - INFO - HTTP Request: HEAD https://huggingface.co/meta-models/Muse-Glimmer-30B/resolve/main/tokenizer_config.json "HTTP/1.1 307 Temporary Redirect"
2026-08-13 02:49:51.535 - httpx - INFO - HTTP Request: HEAD https://huggingface.co/api/resolve-cache/models/meta-models/Muse-Glimmer-30B/a4e59da52a7bc87ae7251dd5545c0dd437c44b68/tokenizer_config.json "HTTP/1.1 200 OK"
2026-08-13 02:49:51.579 - httpx - INFO - HTTP Request: GET https://huggingface.co/api/models/meta-models/Muse-Glimmer-30B/tree/main?recursive=true&expand=false "HTTP/1.1 200 OK"
2026-08-13 02:49:51.584 - httpx - INFO - HTTP Request: GET https://huggingface.co/api/models/meta-models/Muse-Glimmer-30B/tree/main?recursive=true&expand=false "HTTP/1.1 200 OK"
2026-08-13 02:49:51.591 - httpx - INFO - HTTP Request: GET https://huggingface.co/api/models/meta-models/Muse-Glimmer-30B/tree/main?recursive=true&expand=false "HTTP/1.1 200 OK"
2026-08-13 02:49:51.618 - httpx - INFO - HTTP Request: GET https://huggingface.co/api/models/meta-models/Muse-Glimmer-30B/tree/main/additional_chat_templates?recursive=false&expand=false "HTTP/1.1 404 Not Found"
2026-08-13 02:49:51.704 - httpx - INFO - HTTP Request: GET https://huggingface.co/api/models/meta-models/Muse-Glimmer-30B/tree/main?recursive=true&expand=false "HTTP/1.1 200 OK"
2026-08-13 02:49:53.462 - httpx - INFO - HTTP Request: GET https://huggingface.co/api/models/meta-models/Muse-Glimmer-30B "HTTP/1.1 200 OK"
2026-08-13 02:49:53.464 - httpx - INFO - HTTP Request: GET https://huggingface.co/api/models/meta-models/Muse-Glimmer-30B "HTTP/1.1 200 OK"
2026-08-13 02:49:53.470 - httpx - INFO - HTTP Request: GET https://huggingface.co/api/models/meta-models/Muse-Glimmer-30B "HTTP/1.1 200 OK"
2026-08-13 02:49:53.527 - InferenceResultParser_d67653a0 - INFO - Initialized tokenizers: {'meta-models/Muse-Glimmer-30B': {'class': 'TokenizersBackend', 'name_or_path': 'meta-models/Muse-Glimmer-30B'}} in 2.89 seconds
2026-08-13 02:49:53.529 - dataset_manager - INFO - Tokenizer(s) configured in 2.89 seconds
2026-08-13 02:49:53.529 - dataset_manager - INFO - Configuring dataset for dataset_manager
2026-08-13 02:49:53.535 - InferenceResultParser_342633eb - INFO - Initialized tokenizers: {'meta-models/Muse-Glimmer-30B': {'class': 'TokenizersBackend', 'name_or_path': 'meta-models/Muse-Glimmer-30B'}} in 2.90 seconds
2026-08-13 02:49:53.579 - httpx - INFO - HTTP Request: GET https://huggingface.co/api/models/meta-models/Muse-Glimmer-30B "HTTP/1.1 200 OK"
2026-08-13 02:49:53.636 - InferenceResultParser_2698060b - INFO - Initialized tokenizers: {'meta-models/Muse-Glimmer-30B': {'class': 'TokenizersBackend', 'name_or_path': 'meta-models/Muse-Glimmer-30B'}} in 3.00 seconds
2026-08-13 02:49:53.805 - CustomDatasetComposer - INFO - Using explicit dataset format: multi_turn
2026-08-13 02:49:53.870 - MemoryMapDatasetBackingStore_c01ccf35 - INFO - Memory-mapped backing store initialized (streaming to /tmp/aiperf_mmap_536a44182800/dataset.dat)
2026-08-13 02:49:53.885 - MemoryMapDatasetBackingStore_c01ccf35 - INFO - Data file finalized: 500 conversations, 1.25 MB
2026-08-13 02:49:53.885 - MemoryMapDatasetBackingStore_c01ccf35 - INFO - Index file created: /tmp/aiperf_mmap_536a44182800/index.dat
2026-08-13 02:49:53.885 - dataset_manager - INFO - Backing store finalized: client_type=DatasetClientStoreType.MEMORY_MAP format=MemoryMapFormat.CONVERSATION data_file_path=PosixPath('/tmp/aiperf_mmap_536a44182800/dataset.dat') index_file_path=PosixPath('/tmp/aiperf_mmap_536a44182800/index.dat') conversation_count=500 total_size_bytes=1314418 compressed=False compressed_data_file_path=None compressed_index_file_path=None compressed_size_bytes=0
2026-08-13 02:49:53.893 - dataset_manager - INFO - sampling strategy: sequential, unique conversations: 500, unique turn count: 1783
2026-08-13 02:49:53.899 - dataset_manager - INFO - Generating inputs.json file at /output/inputs.json
2026-08-13 02:49:53.910 - system_controller - WARNING - Received command response for service we were not expecting: worker_177f796f. Ignoring.
2026-08-13 02:49:53.910 - system_controller - WARNING - Received command response for service we were not expecting: worker_d660b73e. Ignoring.
2026-08-13 02:49:53.910 - system_controller - WARNING - Received command response for service we were not expecting: worker_5f783b13. Ignoring.
2026-08-13 02:49:53.910 - system_controller - WARNING - Received command response for service we were not expecting: worker_8cb3484c. Ignoring.
2026-08-13 02:49:53.910 - dataset_manager - INFO - inputs.json file generated in 0.01 seconds
2026-08-13 02:49:53.911 - system_controller - WARNING - Received command response for service we were not expecting: worker_905e05f5. Ignoring.
2026-08-13 02:49:53.911 - PhaseOrchestrator_1bc884e7 - INFO - Initialized 2 phase(s): ['Warmup', 'Profiling']
2026-08-13 02:49:53.911 - system_controller - WARNING - Received command response for service we were not expecting: worker_52beaf52. Ignoring.
2026-08-13 02:49:54.055 - dataset_manager - INFO - Dataset client initialized and freed 500 conversations from memory
2026-08-13 02:49:54.055 - dataset_manager - INFO - Dataset configured in 0.53 seconds
2026-08-13 02:49:54.056 - system_controller - INFO - All services configured in 3.42 seconds
2026-08-13 02:49:54.056 - system_controller - INFO - AIPerf System is CONFIGURED
2026-08-13 02:49:54.058 - system_controller - INFO - All services started profiling successfully
2026-08-13 02:49:54.059 - system_controller - INFO - AIPerf System is PROFILING
2026-08-13 02:49:54.062 - RateTiming - INFO - Creating interval generator: pattern=concurrency_burst, rate=None, smoothness=None
2026-08-13 02:49:54.063 - PhaseRunner - NOTICE - Phase warmup (warmup) started | phase_index=0 | target: 3 requests
2026-08-13 02:49:54.063 - PhaseRunner - NOTICE - Phase warmup (warmup) sending complete | sent=3, completed=0, in_flight=3 | sessions: sent=3, completed=0
2026-08-13 02:49:54.064 - records_manager - INFO - Credit phase start: warmup
2026-08-13 02:50:13.195 - PhaseRunner - NOTICE - Phase warmup (warmup) complete | completed=3, cancelled=0, errors=0 | sessions: completed=1, cancelled=0 | elapsed=19.13s
2026-08-13 02:50:13.196 - RateTiming - INFO - Creating interval generator: pattern=concurrency_burst, rate=None, smoothness=None
2026-08-13 02:50:13.197 - PhaseRunner - NOTICE - Phase profiling (profiling) started | phase_index=1 | profiling_index=0 | target: 50 requests, 50 sessions
2026-08-13 02:50:13.198 - records_manager - INFO - Credit phase start: profiling
2026-08-13 02:50:16.584 - aiperf.metrics.types.osl_mismatch_metrics - WARNING - OSL mismatch: got 26 tokens (requested 29, diff -10.3%)
2026-08-13 02:50:19.645 - aiperf.metrics.types.osl_mismatch_metrics - WARNING - OSL mismatch: got 46 tokens (requested 49, diff -6.1%)
2026-08-13 02:50:20.002 - aiperf.metrics.types.osl_mismatch_metrics - WARNING - OSL mismatch: got 22 tokens (requested 91, diff -75.8%)
2026-08-13 02:50:22.536 - aiperf.metrics.types.osl_mismatch_metrics - WARNING - OSL mismatch: got 47 tokens (requested 50, diff -6.0%)
2026-08-13 02:50:23.925 - aiperf.metrics.types.osl_mismatch_metrics - WARNING - OSL mismatch: got 21 tokens (requested 113, diff -81.4%)
2026-08-13 02:50:33.804 - aiperf.metrics.types.osl_mismatch_metrics - WARNING - OSL mismatch: got 40 tokens (requested 118, diff -66.1%)
2026-08-13 02:50:34.831 - PhaseRunner - NOTICE - Phase profiling (profiling) sending complete | sent=50, completed=18, in_flight=32 | sessions: sent=34, completed=2
2026-08-13 02:50:34.832 - records_manager - INFO - Sent 50 requests. Waiting for all to complete...
2026-08-13 02:50:38.911 - aiperf.metrics.types.osl_mismatch_metrics - WARNING - OSL mismatch: got 37 tokens (requested 76, diff -51.3%)
2026-08-13 02:50:56.409 - PhaseRunner - NOTICE - Phase profiling (profiling) complete | completed=50, cancelled=0, errors=0 | sessions: completed=6, cancelled=0 | elapsed=43.21s
2026-08-13 02:50:56.409 - PhaseOrchestrator_1bc884e7 - NOTICE - All credits completed
2026-08-13 02:50:56.410 - records_manager - INFO - Received CREDIT_PHASE_COMPLETE message, Phase complete: PhaseRecordsStats(phase=CreditPhase.PROFILING, phase_index=1, profiling_index=0, phase_name='profiling', phase_kind='profiling', start_ns=1786589413197226880, sent_end_ns=1786589434831530323, requests_end_ns=1786589456409002765, baseline_start_ns=1786589413197208144, baseline_end_ns=1786589456409034893, total_expected_requests=50, expected_duration_sec=None, expected_num_sessions=None, expected_grace_period_sec=None, final_requests_sent=None, final_requests_completed=50, final_requests_cancelled=0, final_request_errors=0, final_sent_sessions=None, final_completed_sessions=None, final_cancelled_sessions=None, timeout_triggered=False, grace_period_timeout_triggered=False, was_cancelled=False, records_end_ns=None, success_records=49, error_records=0)
2026-08-13 02:50:56.410 - system_controller - INFO - Received credits complete from 'timing_manager'
2026-08-13 02:50:56.410 - records_manager - NOTICE - All requests have completed, please wait for the results to be processed (currently 49 of 50 records processed)...
2026-08-13 02:50:56.410 - records_manager - INFO - All credits complete, please wait for the results to be processed...
2026-08-13 02:50:56.415 - records_manager - INFO - Processed 50 valid requests and 0 errors (50 total).
2026-08-13 02:50:56.415 - records_manager - INFO - Received all records, processing now...
2026-08-13 02:50:56.416 - gpu_telemetry_manager - INFO - GPU Telemetry: Profiling complete, capturing final metrics...
2026-08-13 02:50:56.418 - records_manager - INFO - Waiting 2.0s for server metrics flush period...
2026-08-13 02:50:58.410 - records_manager - INFO - Processing records results...
2026-08-13 02:50:58.490 - system_controller - INFO - Waiting for result domains: telemetry
2026-08-13 02:50:58.491 - system_controller - INFO - All results received, initiating shutdown
2026-08-13 02:50:58.492 - records_manager - INFO - _finalize_and_process_results completed
2026-08-13 02:50:59.093 - ExporterManager - INFO - Exporting all records
2026-08-13 02:50:59.157 - ExporterManager - INFO - Exporting console data
