2026-08-16 10:56:26.437 - aiperf.cli_runner._single_run - INFO - Starting AIPerf System
2026-08-16 10:56:26.941 - httpx - INFO - HTTP Request: GET https://huggingface.co/api/models/nvidia/NVIDIA-Nemotron-3.5-Lightning-30B-A3B-NVFP4 "HTTP/1.1 200 OK"
2026-08-16 10:56:26.959 - aiperf.config.resolution.resolvers - INFO - [OK] Tokenizer nvidia/NVIDIA-Nemotron-3.5-Lightning-30B-A3B-NVFP4 detected
2026-08-16 10:56:26.959 - aiperf.config.resolution.resolvers - INFO - 1 tokenizer validated | 0.5s
2026-08-16 10:56:26.959 - aiperf.config.resolution.resolvers - INFO - Prefetching 1 tokenizer into HF cache...
2026-08-16 10:56:27.797 - httpx - INFO - HTTP Request: HEAD https://huggingface.co/nvidia/NVIDIA-Nemotron-3.5-Lightning-30B-A3B-NVFP4/resolve/main/config.json "HTTP/1.1 307 Temporary Redirect"
2026-08-16 10:56:27.798 - huggingface_hub.utils._http - WARNING - Warning: You are sending unauthenticated requests to the HF Hub. Please set a HF_TOKEN to enable higher rate limits and faster downloads.
2026-08-16 10:56:27.810 - httpx - INFO - HTTP Request: HEAD https://huggingface.co/api/resolve-cache/models/nvidia/NVIDIA-Nemotron-3.5-Lightning-30B-A3B-NVFP4/6dbbd757ea75a8ece6e0702872e3ae53f9987728/config.json "HTTP/1.1 200 OK"
2026-08-16 10:56:27.826 - httpx - INFO - HTTP Request: GET https://huggingface.co/api/resolve-cache/models/nvidia/NVIDIA-Nemotron-3.5-Lightning-30B-A3B-NVFP4/6dbbd757ea75a8ece6e0702872e3ae53f9987728/config.json "HTTP/1.1 200 OK"
2026-08-16 10:56:27.967 - httpx - INFO - HTTP Request: HEAD https://huggingface.co/nvidia/NVIDIA-Nemotron-3.5-Lightning-30B-A3B-NVFP4/resolve/main/tokenizer_config.json "HTTP/1.1 307 Temporary Redirect"
2026-08-16 10:56:27.976 - httpx - INFO - HTTP Request: HEAD https://huggingface.co/api/resolve-cache/models/nvidia/NVIDIA-Nemotron-3.5-Lightning-30B-A3B-NVFP4/6dbbd757ea75a8ece6e0702872e3ae53f9987728/tokenizer_config.json "HTTP/1.1 200 OK"
2026-08-16 10:56:27.993 - httpx - INFO - HTTP Request: GET https://huggingface.co/api/resolve-cache/models/nvidia/NVIDIA-Nemotron-3.5-Lightning-30B-A3B-NVFP4/6dbbd757ea75a8ece6e0702872e3ae53f9987728/tokenizer_config.json "HTTP/1.1 200 OK"
2026-08-16 10:56:28.075 - httpx - INFO - HTTP Request: GET https://huggingface.co/api/models/nvidia/NVIDIA-Nemotron-3.5-Lightning-30B-A3B-NVFP4/tree/main/additional_chat_templates?recursive=false&expand=false "HTTP/1.1 404 Not Found"
2026-08-16 10:56:28.160 - httpx - INFO - HTTP Request: GET https://huggingface.co/api/models/nvidia/NVIDIA-Nemotron-3.5-Lightning-30B-A3B-NVFP4/tree/main?recursive=true&expand=false "HTTP/1.1 200 OK"
2026-08-16 10:56:28.240 - httpx - INFO - HTTP Request: HEAD https://huggingface.co/nvidia/NVIDIA-Nemotron-3.5-Lightning-30B-A3B-NVFP4/resolve/main/tokenizer.json "HTTP/1.1 302 Found"
2026-08-16 10:56:28.324 - httpx - INFO - HTTP Request: GET https://huggingface.co/api/models/nvidia/NVIDIA-Nemotron-3.5-Lightning-30B-A3B-NVFP4/xet-read-token/6dbbd757ea75a8ece6e0702872e3ae53f9987728 "HTTP/1.1 200 OK"
2026-08-16 10:56:29.181 - httpx - INFO - HTTP Request: HEAD https://huggingface.co/nvidia/NVIDIA-Nemotron-3.5-Lightning-30B-A3B-NVFP4/resolve/main/tokenizer.model "HTTP/1.1 404 Not Found"
2026-08-16 10:56:29.265 - httpx - INFO - HTTP Request: HEAD https://huggingface.co/nvidia/NVIDIA-Nemotron-3.5-Lightning-30B-A3B-NVFP4/resolve/main/added_tokens.json "HTTP/1.1 404 Not Found"
2026-08-16 10:56:29.350 - httpx - INFO - HTTP Request: HEAD https://huggingface.co/nvidia/NVIDIA-Nemotron-3.5-Lightning-30B-A3B-NVFP4/resolve/main/special_tokens_map.json "HTTP/1.1 307 Temporary Redirect"
2026-08-16 10:56:29.361 - httpx - INFO - HTTP Request: HEAD https://huggingface.co/api/resolve-cache/models/nvidia/NVIDIA-Nemotron-3.5-Lightning-30B-A3B-NVFP4/6dbbd757ea75a8ece6e0702872e3ae53f9987728/special_tokens_map.json "HTTP/1.1 200 OK"
2026-08-16 10:56:29.374 - httpx - INFO - HTTP Request: GET https://huggingface.co/api/resolve-cache/models/nvidia/NVIDIA-Nemotron-3.5-Lightning-30B-A3B-NVFP4/6dbbd757ea75a8ece6e0702872e3ae53f9987728/special_tokens_map.json "HTTP/1.1 200 OK"
2026-08-16 10:56:29.483 - httpx - INFO - HTTP Request: HEAD https://huggingface.co/nvidia/NVIDIA-Nemotron-3.5-Lightning-30B-A3B-NVFP4/resolve/main/chat_template.jinja "HTTP/1.1 307 Temporary Redirect"
2026-08-16 10:56:29.497 - httpx - INFO - HTTP Request: HEAD https://huggingface.co/api/resolve-cache/models/nvidia/NVIDIA-Nemotron-3.5-Lightning-30B-A3B-NVFP4/6dbbd757ea75a8ece6e0702872e3ae53f9987728/chat_template.jinja "HTTP/1.1 200 OK"
2026-08-16 10:56:29.510 - httpx - INFO - HTTP Request: GET https://huggingface.co/api/resolve-cache/models/nvidia/NVIDIA-Nemotron-3.5-Lightning-30B-A3B-NVFP4/6dbbd757ea75a8ece6e0702872e3ae53f9987728/chat_template.jinja "HTTP/1.1 200 OK"
2026-08-16 10:56:30.354 - httpx - INFO - HTTP Request: GET https://huggingface.co/api/models/nvidia/NVIDIA-Nemotron-3.5-Lightning-30B-A3B-NVFP4 "HTTP/1.1 200 OK"
2026-08-16 10:56:30.386 - aiperf.config.resolution.resolvers - INFO -   Cached nvidia/NVIDIA-Nemotron-3.5-Lightning-30B-A3B-NVFP4 (3.41s)
2026-08-16 10:56:30.441 - aiperf.config.resolution.resolvers - INFO - 1 tokenizer cached • 3.5s
2026-08-16 10:56:30.817 - system_controller - INFO - Registered Worker Manager (id: 'worker_manager')
2026-08-16 10:56:30.864 - server_metrics_manager - INFO - Server Metrics: Discovered 1 endpoints: ['http://localhost:8000/metrics']
2026-08-16 10:56:30.905 - GPUTelemetryJSONLWriter_d9f9eedb - INFO - GPU telemetry export enabled: /output/gpu_telemetry_export.jsonl
2026-08-16 10:56:30.909 - system_controller - INFO - Registered Gpu Telemetry Manager (id: 'gpu_telemetry_manager')
2026-08-16 10:56:30.918 - system_controller - INFO - Registered Dataset Manager (id: 'dataset_manager')
2026-08-16 10:56:30.919 - OTelMetricsResultsProcessor_1677421e - INFO - Telemetry streaming is disabled (set --otel-url and/or --mlflow-tracking-uri to enable)
2026-08-16 10:56:30.920 - system_controller - INFO - Registered Record Processor (id: 'record_processor_9f889ed8')
2026-08-16 10:56:30.924 - system_controller - INFO - Registered Record Processor (id: 'record_processor_0e10d3f9')
2026-08-16 10:56:30.927 - RecordExportJSONLWriter_25c59035 - INFO - Record metrics export enabled: /output/profile_export.jsonl
2026-08-16 10:56:30.938 - system_controller - INFO - Registered Records Manager (id: 'records_manager')
2026-08-16 10:56:30.972 - system_controller - INFO - Registered Server Metrics Manager (id: 'server_metrics_manager')
2026-08-16 10:56:31.129 - system_controller - INFO - Registered Worker (id: 'worker_2bf57632')
2026-08-16 10:56:31.133 - system_controller - INFO - Registered Worker (id: 'worker_285be07b')
2026-08-16 10:56:31.148 - system_controller - INFO - Registered Worker (id: 'worker_72ff82dc')
2026-08-16 10:56:31.206 - system_controller - INFO - Registered Timing Manager (id: 'timing_manager')
2026-08-16 10:56:31.222 - system_controller - INFO - Registered Worker (id: 'worker_ab3ead4b')
2026-08-16 10:56:31.226 - system_controller - INFO - Registered Worker (id: 'worker_6334c04f')
2026-08-16 10:56:31.227 - system_controller - INFO - Registered Worker (id: 'worker_dbf65bef')
2026-08-16 10:56:31.251 - system_controller - INFO - Registered Worker (id: 'worker_e76ac55c')
2026-08-16 10:56:31.254 - system_controller - INFO - Registered Worker (id: 'worker_9b28117b')
2026-08-16 10:56:31.293 - system_controller - INFO - AIPerf System is CONFIGURING
2026-08-16 10:56:31.293 - system_controller - INFO - Configuring all services to start profiling
2026-08-16 10:56:31.294 - timing_manager - INFO - Waiting for dataset to be configured before configuring timing
2026-08-16 10:56:31.294 - InferenceResultParser_dbd53f14 - INFO - Configuring tokenizers for inference result parser (resolve_alias: True)
2026-08-16 10:56:31.294 - InferenceResultParser_5ec32e5b - INFO - Configuring tokenizers for inference result parser (resolve_alias: True)
2026-08-16 10:56:31.295 - dataset_manager - INFO - Configuring tokenizer(s) for dataset manager
2026-08-16 10:56:31.305 - server_metrics_manager - INFO - Server Metrics: Capturing baseline metrics...
2026-08-16 10:56:31.318 - http://localhost:8000/metrics - INFO - Skipping unsupported summary metric: http_request_size_bytes
2026-08-16 10:56:31.318 - http://localhost:8000/metrics - INFO - Skipping unsupported summary metric: http_response_size_bytes
2026-08-16 10:56:31.319 - system_controller - INFO - Server metrics enabled - 1/1 endpoint(s) reachable.
2026-08-16 10:56:31.320 - system_controller - INFO - Waiting for result domains: profile, server_metrics, telemetry
2026-08-16 10:56:31.326 - gpu_telemetry_manager - INFO - GPU Telemetry: Capturing baseline metrics from pynvml://localhost
2026-08-16 10:56:31.336 - pynvml_collector - INFO - PyNVML initialized with 1 GPU(s) (0 with GPM support)
2026-08-16 10:56:31.351 - system_controller - INFO - DCGM telemetry enabled - 1/1 endpoint(s) reachable
2026-08-16 10:56:31.860 - httpx - INFO - HTTP Request: HEAD https://huggingface.co/nvidia/NVIDIA-Nemotron-3.5-Lightning-30B-A3B-NVFP4/resolve/main/config.json "HTTP/1.1 307 Temporary Redirect"
2026-08-16 10:56:31.861 - httpx - INFO - HTTP Request: HEAD https://huggingface.co/nvidia/NVIDIA-Nemotron-3.5-Lightning-30B-A3B-NVFP4/resolve/main/config.json "HTTP/1.1 307 Temporary Redirect"
2026-08-16 10:56:31.866 - httpx - INFO - HTTP Request: HEAD https://huggingface.co/nvidia/NVIDIA-Nemotron-3.5-Lightning-30B-A3B-NVFP4/resolve/main/config.json "HTTP/1.1 307 Temporary Redirect"
2026-08-16 10:56:31.867 - huggingface_hub.utils._http - WARNING - Warning: You are sending unauthenticated requests to the HF Hub. Please set a HF_TOKEN to enable higher rate limits and faster downloads.
2026-08-16 10:56:31.869 - httpx - INFO - HTTP Request: HEAD https://huggingface.co/api/resolve-cache/models/nvidia/NVIDIA-Nemotron-3.5-Lightning-30B-A3B-NVFP4/6dbbd757ea75a8ece6e0702872e3ae53f9987728/config.json "HTTP/1.1 200 OK"
2026-08-16 10:56:31.876 - httpx - INFO - HTTP Request: HEAD https://huggingface.co/api/resolve-cache/models/nvidia/NVIDIA-Nemotron-3.5-Lightning-30B-A3B-NVFP4/6dbbd757ea75a8ece6e0702872e3ae53f9987728/config.json "HTTP/1.1 200 OK"
2026-08-16 10:56:31.876 - httpx - INFO - HTTP Request: HEAD https://huggingface.co/api/resolve-cache/models/nvidia/NVIDIA-Nemotron-3.5-Lightning-30B-A3B-NVFP4/6dbbd757ea75a8ece6e0702872e3ae53f9987728/config.json "HTTP/1.1 200 OK"
2026-08-16 10:56:31.998 - httpx - INFO - HTTP Request: HEAD https://huggingface.co/nvidia/NVIDIA-Nemotron-3.5-Lightning-30B-A3B-NVFP4/resolve/main/tokenizer_config.json "HTTP/1.1 307 Temporary Redirect"
2026-08-16 10:56:31.998 - huggingface_hub.utils._http - WARNING - Warning: You are sending unauthenticated requests to the HF Hub. Please set a HF_TOKEN to enable higher rate limits and faster downloads.
2026-08-16 10:56:32.002 - httpx - INFO - HTTP Request: HEAD https://huggingface.co/nvidia/NVIDIA-Nemotron-3.5-Lightning-30B-A3B-NVFP4/resolve/main/tokenizer_config.json "HTTP/1.1 307 Temporary Redirect"
2026-08-16 10:56:32.011 - httpx - INFO - HTTP Request: HEAD https://huggingface.co/api/resolve-cache/models/nvidia/NVIDIA-Nemotron-3.5-Lightning-30B-A3B-NVFP4/6dbbd757ea75a8ece6e0702872e3ae53f9987728/tokenizer_config.json "HTTP/1.1 200 OK"
2026-08-16 10:56:32.011 - httpx - INFO - HTTP Request: HEAD https://huggingface.co/api/resolve-cache/models/nvidia/NVIDIA-Nemotron-3.5-Lightning-30B-A3B-NVFP4/6dbbd757ea75a8ece6e0702872e3ae53f9987728/tokenizer_config.json "HTTP/1.1 200 OK"
2026-08-16 10:56:32.030 - httpx - INFO - HTTP Request: HEAD https://huggingface.co/nvidia/NVIDIA-Nemotron-3.5-Lightning-30B-A3B-NVFP4/resolve/main/tokenizer_config.json "HTTP/1.1 307 Temporary Redirect"
2026-08-16 10:56:32.040 - httpx - INFO - HTTP Request: HEAD https://huggingface.co/api/resolve-cache/models/nvidia/NVIDIA-Nemotron-3.5-Lightning-30B-A3B-NVFP4/6dbbd757ea75a8ece6e0702872e3ae53f9987728/tokenizer_config.json "HTTP/1.1 200 OK"
2026-08-16 10:56:32.094 - httpx - INFO - HTTP Request: GET https://huggingface.co/api/models/nvidia/NVIDIA-Nemotron-3.5-Lightning-30B-A3B-NVFP4/tree/main/additional_chat_templates?recursive=false&expand=false "HTTP/1.1 404 Not Found"
2026-08-16 10:56:32.102 - httpx - INFO - HTTP Request: GET https://huggingface.co/api/models/nvidia/NVIDIA-Nemotron-3.5-Lightning-30B-A3B-NVFP4/tree/main/additional_chat_templates?recursive=false&expand=false "HTTP/1.1 404 Not Found"
2026-08-16 10:56:32.124 - httpx - INFO - HTTP Request: GET https://huggingface.co/api/models/nvidia/NVIDIA-Nemotron-3.5-Lightning-30B-A3B-NVFP4/tree/main/additional_chat_templates?recursive=false&expand=false "HTTP/1.1 404 Not Found"
2026-08-16 10:56:32.178 - httpx - INFO - HTTP Request: GET https://huggingface.co/api/models/nvidia/NVIDIA-Nemotron-3.5-Lightning-30B-A3B-NVFP4/tree/main?recursive=true&expand=false "HTTP/1.1 200 OK"
2026-08-16 10:56:32.184 - httpx - INFO - HTTP Request: GET https://huggingface.co/api/models/nvidia/NVIDIA-Nemotron-3.5-Lightning-30B-A3B-NVFP4/tree/main?recursive=true&expand=false "HTTP/1.1 200 OK"
2026-08-16 10:56:32.207 - httpx - INFO - HTTP Request: GET https://huggingface.co/api/models/nvidia/NVIDIA-Nemotron-3.5-Lightning-30B-A3B-NVFP4/tree/main?recursive=true&expand=false "HTTP/1.1 200 OK"
2026-08-16 10:56:33.148 - httpx - INFO - HTTP Request: GET https://huggingface.co/api/models/nvidia/NVIDIA-Nemotron-3.5-Lightning-30B-A3B-NVFP4 "HTTP/1.1 200 OK"
2026-08-16 10:56:33.155 - httpx - INFO - HTTP Request: GET https://huggingface.co/api/models/nvidia/NVIDIA-Nemotron-3.5-Lightning-30B-A3B-NVFP4 "HTTP/1.1 200 OK"
2026-08-16 10:56:33.171 - dataset_manager - INFO - Tokenizer(s) configured in 1.88 seconds
2026-08-16 10:56:33.172 - dataset_manager - INFO - Configuring dataset for dataset_manager
2026-08-16 10:56:33.172 - httpx - INFO - HTTP Request: GET https://huggingface.co/api/models/nvidia/NVIDIA-Nemotron-3.5-Lightning-30B-A3B-NVFP4 "HTTP/1.1 200 OK"
2026-08-16 10:56:33.184 - InferenceResultParser_dbd53f14 - INFO - Initialized tokenizers: {'nvidia/NVIDIA-Nemotron-3.5-Lightning-30B-A3B-NVFP4': {'class': 'TokenizersBackend', 'name_or_path': 'nvidia/NVIDIA-Nemotron-3.5-Lightning-30B-A3B-NVFP4'}} in 1.89 seconds
2026-08-16 10:56:33.195 - InferenceResultParser_5ec32e5b - INFO - Initialized tokenizers: {'nvidia/NVIDIA-Nemotron-3.5-Lightning-30B-A3B-NVFP4': {'class': 'TokenizersBackend', 'name_or_path': 'nvidia/NVIDIA-Nemotron-3.5-Lightning-30B-A3B-NVFP4'}} in 1.90 seconds
2026-08-16 10:56:33.443 - CustomDatasetComposer - INFO - Using explicit dataset format: multi_turn
2026-08-16 10:56:33.511 - MemoryMapDatasetBackingStore_f05f3224 - INFO - Memory-mapped backing store initialized (streaming to /tmp/aiperf_mmap_fa11295e5abc/dataset.dat)
2026-08-16 10:56:33.526 - MemoryMapDatasetBackingStore_f05f3224 - INFO - Data file finalized: 500 conversations, 1.29 MB
2026-08-16 10:56:33.527 - MemoryMapDatasetBackingStore_f05f3224 - INFO - Index file created: /tmp/aiperf_mmap_fa11295e5abc/index.dat
2026-08-16 10:56:33.527 - dataset_manager - INFO - Backing store finalized: client_type=DatasetClientStoreType.MEMORY_MAP format=MemoryMapFormat.CONVERSATION data_file_path=PosixPath('/tmp/aiperf_mmap_fa11295e5abc/dataset.dat') index_file_path=PosixPath('/tmp/aiperf_mmap_fa11295e5abc/index.dat') conversation_count=500 total_size_bytes=1353406 compressed=False compressed_data_file_path=None compressed_index_file_path=None compressed_size_bytes=0
2026-08-16 10:56:33.536 - dataset_manager - INFO - sampling strategy: sequential, unique conversations: 500, unique turn count: 1783
2026-08-16 10:56:33.541 - dataset_manager - INFO - Generating inputs.json file at /output/inputs.json
2026-08-16 10:56:33.548 - PhaseOrchestrator_955b25e0 - INFO - Initialized 2 phase(s): ['Warmup', 'Profiling']
2026-08-16 10:56:33.555 - dataset_manager - INFO - inputs.json file generated in 0.01 seconds
2026-08-16 10:56:33.670 - dataset_manager - INFO - Dataset client initialized and freed 500 conversations from memory
2026-08-16 10:56:33.670 - dataset_manager - INFO - Dataset configured in 0.50 seconds
2026-08-16 10:56:33.671 - system_controller - INFO - All services configured in 2.38 seconds
2026-08-16 10:56:33.672 - system_controller - INFO - AIPerf System is CONFIGURED
2026-08-16 10:56:33.673 - server_metrics_manager - INFO - Server Metrics: Started 1 collector(s) successfully
2026-08-16 10:56:33.674 - system_controller - INFO - All services started profiling successfully
2026-08-16 10:56:33.674 - system_controller - INFO - AIPerf System is PROFILING
2026-08-16 10:56:33.678 - RateTiming - INFO - Creating interval generator: pattern=concurrency_burst, rate=None, smoothness=None
2026-08-16 10:56:33.678 - PhaseRunner - NOTICE - Phase warmup (warmup) started | phase_index=0 | target: 3 requests
2026-08-16 10:56:33.679 - PhaseRunner - NOTICE - Phase warmup (warmup) sending complete | sent=3, completed=0, in_flight=3 | sessions: sent=3, completed=0
2026-08-16 10:56:33.680 - records_manager - INFO - Credit phase start: warmup
2026-08-16 10:56:38.993 - PhaseRunner - NOTICE - Phase warmup (warmup) complete | completed=3, cancelled=0, errors=0 | sessions: completed=1, cancelled=0 | elapsed=5.31s
2026-08-16 10:56:38.994 - RateTiming - INFO - Creating interval generator: pattern=concurrency_burst, rate=None, smoothness=None
2026-08-16 10:56:38.994 - PhaseRunner - NOTICE - Phase profiling (profiling) started | phase_index=1 | profiling_index=0 | target: 50 requests, 50 sessions
2026-08-16 10:56:38.994 - server_metrics_manager - INFO - Server Metrics: Warmup complete, capturing final warmup metrics...
2026-08-16 10:56:38.995 - records_manager - INFO - Credit phase start: profiling
2026-08-16 10:57:03.980 - PhaseRunner - NOTICE - Phase profiling (profiling) sending complete | sent=50, completed=42, in_flight=8 | sessions: sent=20, completed=12
2026-08-16 10:57:03.982 - records_manager - INFO - Sent 50 requests. Waiting for all to complete...
2026-08-16 10:57:06.719 - aiperf.metrics.types.osl_mismatch_metrics - WARNING - OSL mismatch: got 178 tokens (requested 193, diff -7.8%)
2026-08-16 10:57:09.138 - PhaseRunner - NOTICE - Phase profiling (profiling) complete | completed=50, cancelled=0, errors=0 | sessions: completed=13, cancelled=0 | elapsed=30.14s
2026-08-16 10:57:09.138 - PhaseOrchestrator_955b25e0 - NOTICE - All credits completed
2026-08-16 10:57:09.139 - system_controller - INFO - Received credits complete from 'timing_manager'
2026-08-16 10:57:09.140 - records_manager - INFO - Received CREDIT_PHASE_COMPLETE message, Phase complete: PhaseRecordsStats(phase=CreditPhase.PROFILING, phase_index=1, profiling_index=0, phase_name='profiling', phase_kind='profiling', start_ns=1786877798994486590, sent_end_ns=1786877823980651482, requests_end_ns=1786877829137765526, baseline_start_ns=1786877798994474894, baseline_end_ns=1786877829137771542, total_expected_requests=50, expected_duration_sec=None, expected_num_sessions=None, expected_grace_period_sec=None, final_requests_sent=None, final_requests_completed=50, final_requests_cancelled=0, final_request_errors=0, final_sent_sessions=None, final_completed_sessions=None, final_cancelled_sessions=None, timeout_triggered=False, grace_period_timeout_triggered=False, was_cancelled=False, records_end_ns=None, success_records=49, error_records=0)
2026-08-16 10:57:09.140 - records_manager - NOTICE - All requests have completed, please wait for the results to be processed (currently 49 of 50 records processed)...
2026-08-16 10:57:09.140 - records_manager - INFO - All credits complete, please wait for the results to be processed...
2026-08-16 10:57:09.144 - aiperf.metrics.types.osl_mismatch_metrics - WARNING - OSL mismatch: got 306 tokens (requested 577, diff -47.0%)
2026-08-16 10:57:09.146 - records_manager - INFO - Processed 50 valid requests and 0 errors (50 total).
2026-08-16 10:57:09.146 - records_manager - INFO - Received all records, processing now...
2026-08-16 10:57:09.147 - gpu_telemetry_manager - INFO - GPU Telemetry: Profiling complete, capturing final metrics...
2026-08-16 10:57:09.148 - records_manager - INFO - Waiting 2.0s for server metrics flush period...
2026-08-16 10:57:09.152 - server_metrics_manager - INFO - Server Metrics: Profiling complete, capturing final metrics...
2026-08-16 10:57:11.137 - records_manager - INFO - Processing records results...
2026-08-16 10:57:11.256 - system_controller - INFO - Waiting for result domains: server_metrics, telemetry
2026-08-16 10:57:11.256 - system_controller - INFO - Waiting for result domains: server_metrics
2026-08-16 10:57:11.288 - records_manager - INFO - _finalize_and_process_results completed
2026-08-16 10:57:11.291 - system_controller - INFO - All results received, initiating shutdown
2026-08-16 10:57:11.893 - ExporterManager - INFO - Exporting all records
2026-08-16 10:57:11.952 - ExporterManager - INFO - Exporting console data
