
Created plot configuration: /app/.aiperf/plot_config.yaml
   Edit this file to customize plots (changes take effect on next run)

18:01:47.509596 ERROR    Failed to generate                      multi_run.py:82
                         pareto_curve_throughput_per_gpu_vs_late                
                         ncy:                                                   
                                                                                
                         Kaleido requires Google Chrome to be                   
                         installed.                                             
                                                                                
                         Either download and install Chrome                     
                         yourself following Google's                            
                         instructions for your operating system,                
                         or install it from your terminal by                    
                         running:                                               
                                                                                
                             $ plotly_get_chrome                                
                                                                                
                                                                                
18:01:47.527662 ERROR    Failed to generate                      multi_run.py:82
                         pareto_curve_throughput_per_gpu_vs_inte                
                         ractivity:                                             
                                                                                
                         Kaleido requires Google Chrome to be                   
                         installed.                                             
                                                                                
                         Either download and install Chrome                     
                         yourself following Google's                            
                         instructions for your operating system,                
                         or install it from your terminal by                    
                         running:                                               
                                                                                
                             $ plotly_get_chrome                                
                                                                                
                                                                                
18:01:47.542855 ERROR    Failed to generate ttft_vs_throughput:  multi_run.py:82
                                                                                
                         Kaleido requires Google Chrome to be                   
                         installed.                                             
                                                                                
                         Either download and install Chrome                     
                         yourself following Google's                            
                         instructions for your operating system,                
                         or install it from your terminal by                    
                         running:                                               
                                                                                
                             $ plotly_get_chrome                                
                                                                                
                                                                                
18:01:47.666914 ERROR    Failed to generate                      multi_run.py:82
                         latency_throughput_uncertainty:                        
                                                                                
                         Kaleido requires Google Chrome to be                   
                         installed.                                             
                                                                                
                         Either download and install Chrome                     
                         yourself following Google's                            
                         instructions for your operating system,                
                         or install it from your terminal by                    
                         running:                                               
                                                                                
                             $ plotly_get_chrome                                
                                                                                
                                                                                

Saved 0 plots to: /results/text_c4/plots
Logs: /results/text_c4/plots/aiperf_plot.log
