2026-08-16 11:06:34.150 - aiperf.cli_runner._single_run - INFO - Starting AIPerf System
2026-08-16 11:06:34.608 - httpx - INFO - HTTP Request: GET https://huggingface.co/api/models/nvidia/NVIDIA-Nemotron-3.5-Lightning-30B-A3B-NVFP4 "HTTP/1.1 200 OK"
2026-08-16 11:06:34.619 - aiperf.config.resolution.resolvers - INFO - [OK] Tokenizer nvidia/NVIDIA-Nemotron-3.5-Lightning-30B-A3B-NVFP4 detected
2026-08-16 11:06:34.619 - aiperf.config.resolution.resolvers - INFO - 1 tokenizer validated | 0.5s
2026-08-16 11:06:34.619 - aiperf.config.resolution.resolvers - INFO - Prefetching 1 tokenizer into HF cache...
2026-08-16 11:06:35.430 - httpx - INFO - HTTP Request: HEAD https://huggingface.co/nvidia/NVIDIA-Nemotron-3.5-Lightning-30B-A3B-NVFP4/resolve/main/config.json "HTTP/1.1 307 Temporary Redirect"
2026-08-16 11:06:35.442 - httpx - INFO - HTTP Request: HEAD https://huggingface.co/api/resolve-cache/models/nvidia/NVIDIA-Nemotron-3.5-Lightning-30B-A3B-NVFP4/6dbbd757ea75a8ece6e0702872e3ae53f9987728/config.json "HTTP/1.1 200 OK"
2026-08-16 11:06:35.455 - httpx - INFO - HTTP Request: GET https://huggingface.co/api/resolve-cache/models/nvidia/NVIDIA-Nemotron-3.5-Lightning-30B-A3B-NVFP4/6dbbd757ea75a8ece6e0702872e3ae53f9987728/config.json "HTTP/1.1 200 OK"
2026-08-16 11:06:35.592 - httpx - INFO - HTTP Request: HEAD https://huggingface.co/nvidia/NVIDIA-Nemotron-3.5-Lightning-30B-A3B-NVFP4/resolve/main/tokenizer_config.json "HTTP/1.1 307 Temporary Redirect"
2026-08-16 11:06:35.603 - httpx - INFO - HTTP Request: HEAD https://huggingface.co/api/resolve-cache/models/nvidia/NVIDIA-Nemotron-3.5-Lightning-30B-A3B-NVFP4/6dbbd757ea75a8ece6e0702872e3ae53f9987728/tokenizer_config.json "HTTP/1.1 200 OK"
2026-08-16 11:06:35.615 - httpx - INFO - HTTP Request: GET https://huggingface.co/api/resolve-cache/models/nvidia/NVIDIA-Nemotron-3.5-Lightning-30B-A3B-NVFP4/6dbbd757ea75a8ece6e0702872e3ae53f9987728/tokenizer_config.json "HTTP/1.1 200 OK"
2026-08-16 11:06:35.712 - httpx - INFO - HTTP Request: GET https://huggingface.co/api/models/nvidia/NVIDIA-Nemotron-3.5-Lightning-30B-A3B-NVFP4/tree/main/additional_chat_templates?recursive=false&expand=false "HTTP/1.1 404 Not Found"
2026-08-16 11:06:35.798 - httpx - INFO - HTTP Request: GET https://huggingface.co/api/models/nvidia/NVIDIA-Nemotron-3.5-Lightning-30B-A3B-NVFP4/tree/main?recursive=true&expand=false "HTTP/1.1 200 OK"
2026-08-16 11:06:35.881 - httpx - INFO - HTTP Request: HEAD https://huggingface.co/nvidia/NVIDIA-Nemotron-3.5-Lightning-30B-A3B-NVFP4/resolve/main/tokenizer.json "HTTP/1.1 302 Found"
2026-08-16 11:06:35.882 - huggingface_hub.utils._http - WARNING - Warning: You are sending unauthenticated requests to the HF Hub. Please set a HF_TOKEN to enable higher rate limits and faster downloads.
2026-08-16 11:06:35.979 - httpx - INFO - HTTP Request: GET https://huggingface.co/api/models/nvidia/NVIDIA-Nemotron-3.5-Lightning-30B-A3B-NVFP4/xet-read-token/6dbbd757ea75a8ece6e0702872e3ae53f9987728 "HTTP/1.1 200 OK"
2026-08-16 11:06:36.745 - httpx - INFO - HTTP Request: HEAD https://huggingface.co/nvidia/NVIDIA-Nemotron-3.5-Lightning-30B-A3B-NVFP4/resolve/main/tokenizer.model "HTTP/1.1 404 Not Found"
2026-08-16 11:06:36.827 - httpx - INFO - HTTP Request: HEAD https://huggingface.co/nvidia/NVIDIA-Nemotron-3.5-Lightning-30B-A3B-NVFP4/resolve/main/added_tokens.json "HTTP/1.1 404 Not Found"
2026-08-16 11:06:36.910 - httpx - INFO - HTTP Request: HEAD https://huggingface.co/nvidia/NVIDIA-Nemotron-3.5-Lightning-30B-A3B-NVFP4/resolve/main/special_tokens_map.json "HTTP/1.1 307 Temporary Redirect"
2026-08-16 11:06:36.924 - httpx - INFO - HTTP Request: HEAD https://huggingface.co/api/resolve-cache/models/nvidia/NVIDIA-Nemotron-3.5-Lightning-30B-A3B-NVFP4/6dbbd757ea75a8ece6e0702872e3ae53f9987728/special_tokens_map.json "HTTP/1.1 200 OK"
2026-08-16 11:06:36.935 - httpx - INFO - HTTP Request: GET https://huggingface.co/api/resolve-cache/models/nvidia/NVIDIA-Nemotron-3.5-Lightning-30B-A3B-NVFP4/6dbbd757ea75a8ece6e0702872e3ae53f9987728/special_tokens_map.json "HTTP/1.1 200 OK"
2026-08-16 11:06:37.015 - httpx - INFO - HTTP Request: HEAD https://huggingface.co/nvidia/NVIDIA-Nemotron-3.5-Lightning-30B-A3B-NVFP4/resolve/main/chat_template.jinja "HTTP/1.1 307 Temporary Redirect"
2026-08-16 11:06:37.029 - httpx - INFO - HTTP Request: HEAD https://huggingface.co/api/resolve-cache/models/nvidia/NVIDIA-Nemotron-3.5-Lightning-30B-A3B-NVFP4/6dbbd757ea75a8ece6e0702872e3ae53f9987728/chat_template.jinja "HTTP/1.1 200 OK"
2026-08-16 11:06:37.040 - httpx - INFO - HTTP Request: GET https://huggingface.co/api/resolve-cache/models/nvidia/NVIDIA-Nemotron-3.5-Lightning-30B-A3B-NVFP4/6dbbd757ea75a8ece6e0702872e3ae53f9987728/chat_template.jinja "HTTP/1.1 200 OK"
2026-08-16 11:06:37.885 - httpx - INFO - HTTP Request: GET https://huggingface.co/api/models/nvidia/NVIDIA-Nemotron-3.5-Lightning-30B-A3B-NVFP4 "HTTP/1.1 200 OK"
2026-08-16 11:06:37.926 - aiperf.config.resolution.resolvers - INFO -   Cached nvidia/NVIDIA-Nemotron-3.5-Lightning-30B-A3B-NVFP4 (3.29s)
2026-08-16 11:06:37.978 - aiperf.config.resolution.resolvers - INFO - 1 tokenizer cached • 3.4s
2026-08-16 11:06:38.382 - server_metrics_manager - INFO - Server Metrics: Discovered 1 endpoints: ['http://localhost:8000/metrics']
2026-08-16 11:06:38.411 - GPUTelemetryJSONLWriter_a334c1a1 - INFO - GPU telemetry export enabled: /output/gpu_telemetry_export.jsonl
2026-08-16 11:06:38.423 - OTelMetricsResultsProcessor_e9c43703 - INFO - Telemetry streaming is disabled (set --otel-url and/or --mlflow-tracking-uri to enable)
2026-08-16 11:06:38.424 - RecordExportJSONLWriter_181d90ee - INFO - Record metrics export enabled: /output/profile_export.jsonl
2026-08-16 11:06:38.430 - system_controller - INFO - Registered Records Manager (id: 'records_manager')
2026-08-16 11:06:38.445 - system_controller - INFO - Registered Worker Manager (id: 'worker_manager')
2026-08-16 11:06:38.447 - system_controller - INFO - Registered Gpu Telemetry Manager (id: 'gpu_telemetry_manager')
2026-08-16 11:06:38.531 - system_controller - INFO - Registered Dataset Manager (id: 'dataset_manager')
2026-08-16 11:06:38.532 - system_controller - INFO - Registered Server Metrics Manager (id: 'server_metrics_manager')
2026-08-16 11:06:38.596 - system_controller - INFO - Registered Record Processor (id: 'record_processor_397d20c4')
2026-08-16 11:06:38.602 - system_controller - INFO - Registered Record Processor (id: 'record_processor_8fbd9628')
2026-08-16 11:06:38.668 - system_controller - INFO - Registered Timing Manager (id: 'timing_manager')
2026-08-16 11:06:38.687 - system_controller - INFO - Registered Record Processor (id: 'record_processor_e9af4f70')
2026-08-16 11:06:38.815 - system_controller - INFO - Registered Worker (id: 'worker_82786a98')
2026-08-16 11:06:38.823 - system_controller - INFO - AIPerf System is CONFIGURING
2026-08-16 11:06:38.823 - system_controller - INFO - Configuring all services to start profiling
2026-08-16 11:06:38.824 - timing_manager - INFO - Waiting for dataset to be configured before configuring timing
2026-08-16 11:06:38.824 - InferenceResultParser_cbda35c7 - INFO - Configuring tokenizers for inference result parser (resolve_alias: True)
2026-08-16 11:06:38.825 - InferenceResultParser_1cae5f6b - INFO - Configuring tokenizers for inference result parser (resolve_alias: True)
2026-08-16 11:06:38.825 - InferenceResultParser_4b6c1d20 - INFO - Configuring tokenizers for inference result parser (resolve_alias: True)
2026-08-16 11:06:38.825 - dataset_manager - INFO - Configuring tokenizer(s) for dataset manager
2026-08-16 11:06:38.835 - server_metrics_manager - INFO - Server Metrics: Capturing baseline metrics...
2026-08-16 11:06:38.847 - system_controller - INFO - Registered Worker (id: 'worker_3a83a962')
2026-08-16 11:06:38.855 - http://localhost:8000/metrics - INFO - Skipping unsupported summary metric: http_request_size_bytes
2026-08-16 11:06:38.855 - http://localhost:8000/metrics - INFO - Skipping unsupported summary metric: http_response_size_bytes
2026-08-16 11:06:38.856 - gpu_telemetry_manager - INFO - GPU Telemetry: Capturing baseline metrics from pynvml://localhost
2026-08-16 11:06:38.857 - system_controller - INFO - Server metrics enabled - 1/1 endpoint(s) reachable.
2026-08-16 11:06:38.858 - system_controller - INFO - Waiting for result domains: profile, server_metrics, telemetry
2026-08-16 11:06:38.865 - system_controller - INFO - Registered Worker (id: 'worker_2752c56c')
2026-08-16 11:06:38.865 - system_controller - INFO - Registered Worker (id: 'worker_e91a598a')
2026-08-16 11:06:38.869 - pynvml_collector - INFO - PyNVML initialized with 1 GPU(s) (0 with GPM support)
2026-08-16 11:06:38.885 - system_controller - INFO - DCGM telemetry enabled - 1/1 endpoint(s) reachable
2026-08-16 11:06:38.890 - system_controller - INFO - Registered Worker (id: 'worker_5e0a1e6f')
2026-08-16 11:06:38.915 - system_controller - INFO - Registered Worker (id: 'worker_8019b162')
2026-08-16 11:06:38.917 - system_controller - INFO - Registered Worker (id: 'worker_e1b4507f')
2026-08-16 11:06:38.928 - system_controller - INFO - Registered Worker (id: 'worker_8188b6ff')
2026-08-16 11:06:38.933 - system_controller - INFO - Registered Worker (id: 'worker_07af7546')
2026-08-16 11:06:38.937 - system_controller - INFO - Registered Worker (id: 'worker_5ec3d615')
2026-08-16 11:06:38.945 - system_controller - INFO - Registered Worker (id: 'worker_5dc4c405')
2026-08-16 11:06:38.953 - system_controller - INFO - Registered Worker (id: 'worker_b5868bba')
2026-08-16 11:06:38.988 - system_controller - INFO - Registered Worker (id: 'worker_64641123')
2026-08-16 11:06:38.988 - system_controller - INFO - Registered Worker (id: 'worker_4700940e')
2026-08-16 11:06:39.360 - httpx - INFO - HTTP Request: HEAD https://huggingface.co/nvidia/NVIDIA-Nemotron-3.5-Lightning-30B-A3B-NVFP4/resolve/main/config.json "HTTP/1.1 307 Temporary Redirect"
2026-08-16 11:06:39.360 - huggingface_hub.utils._http - WARNING - Warning: You are sending unauthenticated requests to the HF Hub. Please set a HF_TOKEN to enable higher rate limits and faster downloads.
2026-08-16 11:06:39.369 - httpx - INFO - HTTP Request: HEAD https://huggingface.co/api/resolve-cache/models/nvidia/NVIDIA-Nemotron-3.5-Lightning-30B-A3B-NVFP4/6dbbd757ea75a8ece6e0702872e3ae53f9987728/config.json "HTTP/1.1 200 OK"
2026-08-16 11:06:39.377 - httpx - INFO - HTTP Request: HEAD https://huggingface.co/nvidia/NVIDIA-Nemotron-3.5-Lightning-30B-A3B-NVFP4/resolve/main/config.json "HTTP/1.1 307 Temporary Redirect"
2026-08-16 11:06:39.378 - huggingface_hub.utils._http - WARNING - Warning: You are sending unauthenticated requests to the HF Hub. Please set a HF_TOKEN to enable higher rate limits and faster downloads.
2026-08-16 11:06:39.388 - httpx - INFO - HTTP Request: HEAD https://huggingface.co/api/resolve-cache/models/nvidia/NVIDIA-Nemotron-3.5-Lightning-30B-A3B-NVFP4/6dbbd757ea75a8ece6e0702872e3ae53f9987728/config.json "HTTP/1.1 200 OK"
2026-08-16 11:06:39.389 - httpx - INFO - HTTP Request: HEAD https://huggingface.co/nvidia/NVIDIA-Nemotron-3.5-Lightning-30B-A3B-NVFP4/resolve/main/config.json "HTTP/1.1 307 Temporary Redirect"
2026-08-16 11:06:39.390 - huggingface_hub.utils._http - WARNING - Warning: You are sending unauthenticated requests to the HF Hub. Please set a HF_TOKEN to enable higher rate limits and faster downloads.
2026-08-16 11:06:39.392 - httpx - INFO - HTTP Request: HEAD https://huggingface.co/nvidia/NVIDIA-Nemotron-3.5-Lightning-30B-A3B-NVFP4/resolve/main/config.json "HTTP/1.1 307 Temporary Redirect"
2026-08-16 11:06:39.392 - huggingface_hub.utils._http - WARNING - Warning: You are sending unauthenticated requests to the HF Hub. Please set a HF_TOKEN to enable higher rate limits and faster downloads.
2026-08-16 11:06:39.399 - httpx - INFO - HTTP Request: HEAD https://huggingface.co/api/resolve-cache/models/nvidia/NVIDIA-Nemotron-3.5-Lightning-30B-A3B-NVFP4/6dbbd757ea75a8ece6e0702872e3ae53f9987728/config.json "HTTP/1.1 200 OK"
2026-08-16 11:06:39.404 - httpx - INFO - HTTP Request: HEAD https://huggingface.co/api/resolve-cache/models/nvidia/NVIDIA-Nemotron-3.5-Lightning-30B-A3B-NVFP4/6dbbd757ea75a8ece6e0702872e3ae53f9987728/config.json "HTTP/1.1 200 OK"
2026-08-16 11:06:39.500 - httpx - INFO - HTTP Request: HEAD https://huggingface.co/nvidia/NVIDIA-Nemotron-3.5-Lightning-30B-A3B-NVFP4/resolve/main/tokenizer_config.json "HTTP/1.1 307 Temporary Redirect"
2026-08-16 11:06:39.510 - httpx - INFO - HTTP Request: HEAD https://huggingface.co/api/resolve-cache/models/nvidia/NVIDIA-Nemotron-3.5-Lightning-30B-A3B-NVFP4/6dbbd757ea75a8ece6e0702872e3ae53f9987728/tokenizer_config.json "HTTP/1.1 200 OK"
2026-08-16 11:06:39.521 - httpx - INFO - HTTP Request: HEAD https://huggingface.co/nvidia/NVIDIA-Nemotron-3.5-Lightning-30B-A3B-NVFP4/resolve/main/tokenizer_config.json "HTTP/1.1 307 Temporary Redirect"
2026-08-16 11:06:39.531 - httpx - INFO - HTTP Request: HEAD https://huggingface.co/api/resolve-cache/models/nvidia/NVIDIA-Nemotron-3.5-Lightning-30B-A3B-NVFP4/6dbbd757ea75a8ece6e0702872e3ae53f9987728/tokenizer_config.json "HTTP/1.1 200 OK"
2026-08-16 11:06:39.532 - httpx - INFO - HTTP Request: HEAD https://huggingface.co/nvidia/NVIDIA-Nemotron-3.5-Lightning-30B-A3B-NVFP4/resolve/main/tokenizer_config.json "HTTP/1.1 307 Temporary Redirect"
2026-08-16 11:06:39.541 - httpx - INFO - HTTP Request: HEAD https://huggingface.co/api/resolve-cache/models/nvidia/NVIDIA-Nemotron-3.5-Lightning-30B-A3B-NVFP4/6dbbd757ea75a8ece6e0702872e3ae53f9987728/tokenizer_config.json "HTTP/1.1 200 OK"
2026-08-16 11:06:39.590 - httpx - INFO - HTTP Request: HEAD https://huggingface.co/nvidia/NVIDIA-Nemotron-3.5-Lightning-30B-A3B-NVFP4/resolve/main/tokenizer_config.json "HTTP/1.1 307 Temporary Redirect"
2026-08-16 11:06:39.594 - httpx - INFO - HTTP Request: GET https://huggingface.co/api/models/nvidia/NVIDIA-Nemotron-3.5-Lightning-30B-A3B-NVFP4/tree/main/additional_chat_templates?recursive=false&expand=false "HTTP/1.1 404 Not Found"
2026-08-16 11:06:39.600 - httpx - INFO - HTTP Request: HEAD https://huggingface.co/api/resolve-cache/models/nvidia/NVIDIA-Nemotron-3.5-Lightning-30B-A3B-NVFP4/6dbbd757ea75a8ece6e0702872e3ae53f9987728/tokenizer_config.json "HTTP/1.1 200 OK"
2026-08-16 11:06:39.615 - httpx - INFO - HTTP Request: GET https://huggingface.co/api/models/nvidia/NVIDIA-Nemotron-3.5-Lightning-30B-A3B-NVFP4/tree/main/additional_chat_templates?recursive=false&expand=false "HTTP/1.1 404 Not Found"
2026-08-16 11:06:39.622 - httpx - INFO - HTTP Request: GET https://huggingface.co/api/models/nvidia/NVIDIA-Nemotron-3.5-Lightning-30B-A3B-NVFP4/tree/main/additional_chat_templates?recursive=false&expand=false "HTTP/1.1 404 Not Found"
2026-08-16 11:06:39.678 - httpx - INFO - HTTP Request: GET https://huggingface.co/api/models/nvidia/NVIDIA-Nemotron-3.5-Lightning-30B-A3B-NVFP4/tree/main?recursive=true&expand=false "HTTP/1.1 200 OK"
2026-08-16 11:06:39.681 - httpx - INFO - HTTP Request: GET https://huggingface.co/api/models/nvidia/NVIDIA-Nemotron-3.5-Lightning-30B-A3B-NVFP4/tree/main/additional_chat_templates?recursive=false&expand=false "HTTP/1.1 404 Not Found"
2026-08-16 11:06:39.699 - httpx - INFO - HTTP Request: GET https://huggingface.co/api/models/nvidia/NVIDIA-Nemotron-3.5-Lightning-30B-A3B-NVFP4/tree/main?recursive=true&expand=false "HTTP/1.1 200 OK"
2026-08-16 11:06:39.706 - httpx - INFO - HTTP Request: GET https://huggingface.co/api/models/nvidia/NVIDIA-Nemotron-3.5-Lightning-30B-A3B-NVFP4/tree/main?recursive=true&expand=false "HTTP/1.1 200 OK"
2026-08-16 11:06:39.768 - httpx - INFO - HTTP Request: GET https://huggingface.co/api/models/nvidia/NVIDIA-Nemotron-3.5-Lightning-30B-A3B-NVFP4/tree/main?recursive=true&expand=false "HTTP/1.1 200 OK"
2026-08-16 11:06:40.710 - httpx - INFO - HTTP Request: GET https://huggingface.co/api/models/nvidia/NVIDIA-Nemotron-3.5-Lightning-30B-A3B-NVFP4 "HTTP/1.1 200 OK"
2026-08-16 11:06:40.733 - InferenceResultParser_1cae5f6b - INFO - Initialized tokenizers: {'nvidia/NVIDIA-Nemotron-3.5-Lightning-30B-A3B-NVFP4': {'class': 'TokenizersBackend', 'name_or_path': 'nvidia/NVIDIA-Nemotron-3.5-Lightning-30B-A3B-NVFP4'}} in 1.91 seconds
2026-08-16 11:06:40.755 - httpx - INFO - HTTP Request: GET https://huggingface.co/api/models/nvidia/NVIDIA-Nemotron-3.5-Lightning-30B-A3B-NVFP4 "HTTP/1.1 200 OK"
2026-08-16 11:06:40.776 - InferenceResultParser_cbda35c7 - INFO - Initialized tokenizers: {'nvidia/NVIDIA-Nemotron-3.5-Lightning-30B-A3B-NVFP4': {'class': 'TokenizersBackend', 'name_or_path': 'nvidia/NVIDIA-Nemotron-3.5-Lightning-30B-A3B-NVFP4'}} in 1.95 seconds
2026-08-16 11:06:40.782 - httpx - INFO - HTTP Request: GET https://huggingface.co/api/models/nvidia/NVIDIA-Nemotron-3.5-Lightning-30B-A3B-NVFP4 "HTTP/1.1 200 OK"
2026-08-16 11:06:40.802 - InferenceResultParser_4b6c1d20 - INFO - Initialized tokenizers: {'nvidia/NVIDIA-Nemotron-3.5-Lightning-30B-A3B-NVFP4': {'class': 'TokenizersBackend', 'name_or_path': 'nvidia/NVIDIA-Nemotron-3.5-Lightning-30B-A3B-NVFP4'}} in 1.98 seconds
2026-08-16 11:06:40.869 - httpx - INFO - HTTP Request: GET https://huggingface.co/api/models/nvidia/NVIDIA-Nemotron-3.5-Lightning-30B-A3B-NVFP4 "HTTP/1.1 200 OK"
2026-08-16 11:06:40.913 - dataset_manager - INFO - Tokenizer(s) configured in 2.09 seconds
2026-08-16 11:06:40.914 - dataset_manager - INFO - Configuring dataset for dataset_manager
2026-08-16 11:06:41.229 - CustomDatasetComposer - INFO - Using explicit dataset format: multi_turn
2026-08-16 11:06:41.312 - MemoryMapDatasetBackingStore_fc0f1363 - INFO - Memory-mapped backing store initialized (streaming to /tmp/aiperf_mmap_853a7692ce4f/dataset.dat)
2026-08-16 11:06:41.328 - MemoryMapDatasetBackingStore_fc0f1363 - INFO - Data file finalized: 500 conversations, 1.27 MB
2026-08-16 11:06:41.329 - MemoryMapDatasetBackingStore_fc0f1363 - INFO - Index file created: /tmp/aiperf_mmap_853a7692ce4f/index.dat
2026-08-16 11:06:41.330 - dataset_manager - INFO - Backing store finalized: client_type=DatasetClientStoreType.MEMORY_MAP format=MemoryMapFormat.CONVERSATION data_file_path=PosixPath('/tmp/aiperf_mmap_853a7692ce4f/dataset.dat') index_file_path=PosixPath('/tmp/aiperf_mmap_853a7692ce4f/index.dat') conversation_count=500 total_size_bytes=1331455 compressed=False compressed_data_file_path=None compressed_index_file_path=None compressed_size_bytes=0
2026-08-16 11:06:41.340 - dataset_manager - INFO - sampling strategy: sequential, unique conversations: 500, unique turn count: 1783
2026-08-16 11:06:41.357 - dataset_manager - INFO - Generating inputs.json file at /output/inputs.json
2026-08-16 11:06:41.381 - dataset_manager - INFO - inputs.json file generated in 0.02 seconds
2026-08-16 11:06:41.395 - system_controller - WARNING - Received command response for service we were not expecting: worker_8019b162. Ignoring.
2026-08-16 11:06:41.398 - system_controller - WARNING - Received command response for service we were not expecting: worker_e1b4507f. Ignoring.
2026-08-16 11:06:41.407 - system_controller - WARNING - Received command response for service we were not expecting: worker_5e0a1e6f. Ignoring.
2026-08-16 11:06:41.417 - system_controller - WARNING - Received command response for service we were not expecting: worker_e91a598a. Ignoring.
2026-08-16 11:06:41.466 - PhaseOrchestrator_b04bf290 - INFO - Initialized 2 phase(s): ['Warmup', 'Profiling']
2026-08-16 11:06:41.690 - dataset_manager - INFO - Dataset client initialized and freed 500 conversations from memory
2026-08-16 11:06:41.691 - dataset_manager - INFO - Dataset configured in 0.78 seconds
2026-08-16 11:06:41.693 - system_controller - INFO - All services configured in 2.87 seconds
2026-08-16 11:06:41.694 - system_controller - INFO - AIPerf System is CONFIGURED
2026-08-16 11:06:41.730 - server_metrics_manager - INFO - Server Metrics: Started 1 collector(s) successfully
2026-08-16 11:06:41.746 - system_controller - INFO - All services started profiling successfully
2026-08-16 11:06:41.746 - system_controller - INFO - AIPerf System is PROFILING
2026-08-16 11:06:41.754 - RateTiming - INFO - Creating interval generator: pattern=concurrency_burst, rate=None, smoothness=None
2026-08-16 11:06:41.756 - PhaseRunner - NOTICE - Phase warmup (warmup) started | phase_index=0 | target: 3 requests
2026-08-16 11:06:41.764 - PhaseRunner - NOTICE - Phase warmup (warmup) sending complete | sent=3, completed=0, in_flight=3 | sessions: sent=3, completed=0
2026-08-16 11:06:41.762 - records_manager - INFO - Credit phase start: warmup
2026-08-16 11:06:46.752 - PhaseRunner - NOTICE - Phase warmup (warmup) complete | completed=3, cancelled=0, errors=0 | sessions: completed=0, cancelled=0 | elapsed=4.99s
2026-08-16 11:06:46.753 - RateTiming - INFO - Creating interval generator: pattern=concurrency_burst, rate=None, smoothness=None
2026-08-16 11:06:46.754 - PhaseRunner - NOTICE - Phase profiling (profiling) started | phase_index=1 | profiling_index=0 | target: 50 requests, 50 sessions
2026-08-16 11:06:46.755 - records_manager - INFO - Credit phase start: profiling
2026-08-16 11:06:46.758 - server_metrics_manager - INFO - Server Metrics: Warmup complete, capturing final warmup metrics...
2026-08-16 11:06:46.761 - PhaseRunner - NOTICE - Phase profiling (profiling) sending complete | sent=50, completed=0, in_flight=50 | sessions: sent=50, completed=0
2026-08-16 11:06:46.761 - records_manager - INFO - Sent 50 requests. Waiting for all to complete...
2026-08-16 11:07:01.996 - PhaseRunner - NOTICE - Phase profiling (profiling) complete | completed=50, cancelled=0, errors=0 | sessions: completed=6, cancelled=0 | elapsed=15.24s
2026-08-16 11:07:01.997 - PhaseOrchestrator_b04bf290 - NOTICE - All credits completed
2026-08-16 11:07:02.000 - records_manager - INFO - Received CREDIT_PHASE_COMPLETE message, Phase complete: PhaseRecordsStats(phase=CreditPhase.PROFILING, phase_index=1, profiling_index=0, phase_name='profiling', phase_kind='profiling', start_ns=1786878406754054265, sent_end_ns=1786878406761130812, requests_end_ns=1786878421996346702, baseline_start_ns=1786878406754037353, baseline_end_ns=1786878421996352750, total_expected_requests=50, expected_duration_sec=None, expected_num_sessions=None, expected_grace_period_sec=None, final_requests_sent=None, final_requests_completed=50, final_requests_cancelled=0, final_request_errors=0, final_sent_sessions=None, final_completed_sessions=None, final_cancelled_sessions=None, timeout_triggered=False, grace_period_timeout_triggered=False, was_cancelled=False, records_end_ns=None, success_records=49, error_records=0)
2026-08-16 11:07:02.001 - records_manager - NOTICE - All requests have completed, please wait for the results to be processed (currently 49 of 50 records processed)...
2026-08-16 11:07:02.001 - system_controller - INFO - Received credits complete from 'timing_manager'
2026-08-16 11:07:02.003 - records_manager - INFO - All credits complete, please wait for the results to be processed...
2026-08-16 11:07:02.008 - records_manager - INFO - Processed 50 valid requests and 0 errors (50 total).
2026-08-16 11:07:02.008 - records_manager - INFO - Received all records, processing now...
2026-08-16 11:07:02.012 - server_metrics_manager - INFO - Server Metrics: Profiling complete, capturing final metrics...
2026-08-16 11:07:02.014 - records_manager - INFO - Waiting 2.0s for server metrics flush period...
2026-08-16 11:07:02.014 - gpu_telemetry_manager - INFO - GPU Telemetry: Profiling complete, capturing final metrics...
2026-08-16 11:07:03.996 - records_manager - INFO - Processing records results...
2026-08-16 11:07:04.195 - system_controller - INFO - Waiting for result domains: server_metrics, telemetry
2026-08-16 11:07:04.196 - system_controller - INFO - Waiting for result domains: server_metrics
2026-08-16 11:07:04.206 - records_manager - INFO - _finalize_and_process_results completed
2026-08-16 11:07:04.210 - system_controller - INFO - All results received, initiating shutdown
2026-08-16 11:07:04.823 - ExporterManager - INFO - Exporting all records
2026-08-16 11:07:04.983 - ExporterManager - INFO - Exporting console data
