2026-08-13 06:54:15.363 - aiperf.cli_runner._single_run - INFO - Starting AIPerf System
2026-08-13 06:54:15.803 - httpx - INFO - HTTP Request: GET https://huggingface.co/api/models/meta-models/Muse-Glimmer-30B "HTTP/1.1 200 OK"
2026-08-13 06:54:15.806 - aiperf.config.resolution.resolvers - INFO - [OK] Tokenizer meta-models/Muse-Glimmer-30B detected
2026-08-13 06:54:15.806 - aiperf.config.resolution.resolvers - INFO - 1 tokenizer validated | 0.4s
2026-08-13 06:54:15.806 - aiperf.config.resolution.resolvers - INFO - Prefetching 1 tokenizer into HF cache...
2026-08-13 06:54:16.611 - httpx - INFO - HTTP Request: HEAD https://huggingface.co/meta-models/Muse-Glimmer-30B/resolve/main/config.json "HTTP/1.1 307 Temporary Redirect"
2026-08-13 06:54:16.611 - huggingface_hub.utils._http - WARNING - Warning: You are sending unauthenticated requests to the HF Hub. Please set a HF_TOKEN to enable higher rate limits and faster downloads.
2026-08-13 06:54:16.621 - httpx - INFO - HTTP Request: HEAD https://huggingface.co/api/resolve-cache/models/meta-models/Muse-Glimmer-30B/a4e59da52a7bc87ae7251dd5545c0dd437c44b68/config.json "HTTP/1.1 200 OK"
2026-08-13 06:54:16.638 - httpx - INFO - HTTP Request: GET https://huggingface.co/api/resolve-cache/models/meta-models/Muse-Glimmer-30B/a4e59da52a7bc87ae7251dd5545c0dd437c44b68/config.json "HTTP/1.1 200 OK"
2026-08-13 06:54:16.722 - httpx - INFO - HTTP Request: HEAD https://huggingface.co/meta-models/Muse-Glimmer-30B/resolve/main/config.json "HTTP/1.1 307 Temporary Redirect"
2026-08-13 06:54:16.734 - httpx - INFO - HTTP Request: HEAD https://huggingface.co/api/resolve-cache/models/meta-models/Muse-Glimmer-30B/a4e59da52a7bc87ae7251dd5545c0dd437c44b68/config.json "HTTP/1.1 200 OK"
2026-08-13 06:54:16.817 - httpx - INFO - HTTP Request: HEAD https://huggingface.co/meta-models/Muse-Glimmer-30B/resolve/main/tokenizer_config.json "HTTP/1.1 307 Temporary Redirect"
2026-08-13 06:54:16.830 - httpx - INFO - HTTP Request: HEAD https://huggingface.co/api/resolve-cache/models/meta-models/Muse-Glimmer-30B/a4e59da52a7bc87ae7251dd5545c0dd437c44b68/tokenizer_config.json "HTTP/1.1 200 OK"
2026-08-13 06:54:16.844 - httpx - INFO - HTTP Request: GET https://huggingface.co/api/resolve-cache/models/meta-models/Muse-Glimmer-30B/a4e59da52a7bc87ae7251dd5545c0dd437c44b68/tokenizer_config.json "HTTP/1.1 200 OK"
2026-08-13 06:54:16.926 - httpx - INFO - HTTP Request: GET https://huggingface.co/api/models/meta-models/Muse-Glimmer-30B/tree/main/additional_chat_templates?recursive=false&expand=false "HTTP/1.1 404 Not Found"
2026-08-13 06:54:17.008 - httpx - INFO - HTTP Request: GET https://huggingface.co/api/models/meta-models/Muse-Glimmer-30B/tree/main?recursive=true&expand=false "HTTP/1.1 200 OK"
2026-08-13 06:54:17.104 - httpx - INFO - HTTP Request: HEAD https://huggingface.co/meta-models/Muse-Glimmer-30B/resolve/main/tokenizer.json "HTTP/1.1 302 Found"
2026-08-13 06:54:17.194 - httpx - INFO - HTTP Request: GET https://huggingface.co/api/models/meta-models/Muse-Glimmer-30B/xet-read-token/a4e59da52a7bc87ae7251dd5545c0dd437c44b68 "HTTP/1.1 200 OK"
2026-08-13 06:54:18.317 - httpx - INFO - HTTP Request: HEAD https://huggingface.co/meta-models/Muse-Glimmer-30B/resolve/main/tokenizer.model "HTTP/1.1 404 Not Found"
2026-08-13 06:54:18.406 - httpx - INFO - HTTP Request: HEAD https://huggingface.co/meta-models/Muse-Glimmer-30B/resolve/main/added_tokens.json "HTTP/1.1 404 Not Found"
2026-08-13 06:54:18.492 - httpx - INFO - HTTP Request: HEAD https://huggingface.co/meta-models/Muse-Glimmer-30B/resolve/main/special_tokens_map.json "HTTP/1.1 404 Not Found"
2026-08-13 06:54:18.572 - httpx - INFO - HTTP Request: HEAD https://huggingface.co/meta-models/Muse-Glimmer-30B/resolve/main/chat_template.jinja "HTTP/1.1 307 Temporary Redirect"
2026-08-13 06:54:18.582 - httpx - INFO - HTTP Request: HEAD https://huggingface.co/api/resolve-cache/models/meta-models/Muse-Glimmer-30B/a4e59da52a7bc87ae7251dd5545c0dd437c44b68/chat_template.jinja "HTTP/1.1 200 OK"
2026-08-13 06:54:18.593 - httpx - INFO - HTTP Request: GET https://huggingface.co/api/resolve-cache/models/meta-models/Muse-Glimmer-30B/a4e59da52a7bc87ae7251dd5545c0dd437c44b68/chat_template.jinja "HTTP/1.1 200 OK"
2026-08-13 06:54:20.232 - httpx - INFO - HTTP Request: GET https://huggingface.co/api/models/meta-models/Muse-Glimmer-30B "HTTP/1.1 200 OK"
2026-08-13 06:54:20.335 - aiperf.config.resolution.resolvers - INFO -   Cached meta-models/Muse-Glimmer-30B (4.52s)
2026-08-13 06:54:20.384 - aiperf.config.resolution.resolvers - INFO - 1 tokenizer cached • 4.6s
2026-08-13 06:54:20.734 - system_controller - INFO - Registered Worker Manager (id: 'worker_manager')
2026-08-13 06:54:20.783 - server_metrics_manager - INFO - Server Metrics: Discovered 1 endpoints: ['http://localhost:30000/metrics']
2026-08-13 06:54:20.822 - GPUTelemetryJSONLWriter_4ebc866f - INFO - GPU telemetry export enabled: /output/gpu_telemetry_export.jsonl
2026-08-13 06:54:20.833 - OTelMetricsResultsProcessor_66ae51dc - INFO - Telemetry streaming is disabled (set --otel-url and/or --mlflow-tracking-uri to enable)
2026-08-13 06:54:20.834 - RecordExportJSONLWriter_8a191525 - INFO - Record metrics export enabled: /output/profile_export.jsonl
2026-08-13 06:54:20.856 - system_controller - INFO - Registered Gpu Telemetry Manager (id: 'gpu_telemetry_manager')
2026-08-13 06:54:20.859 - system_controller - INFO - Registered Dataset Manager (id: 'dataset_manager')
2026-08-13 06:54:20.889 - system_controller - INFO - Registered Server Metrics Manager (id: 'server_metrics_manager')
2026-08-13 06:54:20.925 - system_controller - INFO - Registered Record Processor (id: 'record_processor_0cc6da8e')
2026-08-13 06:54:20.945 - system_controller - INFO - Registered Records Manager (id: 'records_manager')
2026-08-13 06:54:21.023 - system_controller - INFO - Registered Record Processor (id: 'record_processor_cf539f80')
2026-08-13 06:54:21.024 - system_controller - INFO - Registered Record Processor (id: 'record_processor_9102f26e')
2026-08-13 06:54:21.080 - system_controller - INFO - Registered Worker (id: 'worker_4cf0a6dc')
2026-08-13 06:54:21.101 - system_controller - INFO - Registered Timing Manager (id: 'timing_manager')
2026-08-13 06:54:21.172 - system_controller - INFO - Registered Worker (id: 'worker_cc59debd')
2026-08-13 06:54:21.196 - system_controller - INFO - Registered Worker (id: 'worker_7bdd413f')
2026-08-13 06:54:21.212 - system_controller - INFO - AIPerf System is CONFIGURING
2026-08-13 06:54:21.212 - system_controller - INFO - Configuring all services to start profiling
2026-08-13 06:54:21.213 - InferenceResultParser_57686618 - INFO - Configuring tokenizers for inference result parser (resolve_alias: True)
2026-08-13 06:54:21.213 - InferenceResultParser_ffd2a6dc - INFO - Configuring tokenizers for inference result parser (resolve_alias: True)
2026-08-13 06:54:21.213 - InferenceResultParser_e6470342 - INFO - Configuring tokenizers for inference result parser (resolve_alias: True)
2026-08-13 06:54:21.214 - timing_manager - INFO - Waiting for dataset to be configured before configuring timing
2026-08-13 06:54:21.214 - dataset_manager - INFO - Configuring tokenizer(s) for dataset manager
2026-08-13 06:54:21.220 - system_controller - INFO - Registered Worker (id: 'worker_60faba7e')
2026-08-13 06:54:21.220 - system_controller - INFO - Server metrics disabled - no Prometheus endpoints reachable
2026-08-13 06:54:21.220 - system_controller - INFO - Waiting for result domains: profile, telemetry
2026-08-13 06:54:21.226 - system_controller - INFO - Registered Worker (id: 'worker_6bbab259')
2026-08-13 06:54:21.233 - system_controller - INFO - Registered Worker (id: 'worker_2768cbbb')
2026-08-13 06:54:21.236 - system_controller - INFO - Registered Worker (id: 'worker_f09db1d1')
2026-08-13 06:54:21.240 - system_controller - INFO - Registered Worker (id: 'worker_8b2dbecf')
2026-08-13 06:54:21.241 - gpu_telemetry_manager - INFO - GPU Telemetry: Capturing baseline metrics from pynvml://localhost
2026-08-13 06:54:21.250 - pynvml_collector - INFO - PyNVML initialized with 1 GPU(s) (0 with GPM support)
2026-08-13 06:54:21.251 - system_controller - INFO - Registered Worker (id: 'worker_96f7a908')
2026-08-13 06:54:21.263 - system_controller - INFO - Registered Worker (id: 'worker_c8347477')
2026-08-13 06:54:21.265 - system_controller - INFO - DCGM telemetry enabled - 1/1 endpoint(s) reachable
2026-08-13 06:54:21.279 - system_controller - INFO - Registered Worker (id: 'worker_198e001d')
2026-08-13 06:54:21.280 - system_controller - INFO - Registered Worker (id: 'worker_be1bd1cc')
2026-08-13 06:54:21.280 - system_controller - INFO - Registered Worker (id: 'worker_1495e196')
2026-08-13 06:54:21.282 - system_controller - INFO - Registered Worker (id: 'worker_5c7ceaf1')
2026-08-13 06:54:21.767 - httpx - INFO - HTTP Request: HEAD https://huggingface.co/meta-models/Muse-Glimmer-30B/resolve/main/config.json "HTTP/1.1 307 Temporary Redirect"
2026-08-13 06:54:21.768 - huggingface_hub.utils._http - WARNING - Warning: You are sending unauthenticated requests to the HF Hub. Please set a HF_TOKEN to enable higher rate limits and faster downloads.
2026-08-13 06:54:21.777 - httpx - INFO - HTTP Request: HEAD https://huggingface.co/meta-models/Muse-Glimmer-30B/resolve/main/config.json "HTTP/1.1 307 Temporary Redirect"
2026-08-13 06:54:21.777 - huggingface_hub.utils._http - WARNING - Warning: You are sending unauthenticated requests to the HF Hub. Please set a HF_TOKEN to enable higher rate limits and faster downloads.
2026-08-13 06:54:21.781 - httpx - INFO - HTTP Request: HEAD https://huggingface.co/api/resolve-cache/models/meta-models/Muse-Glimmer-30B/a4e59da52a7bc87ae7251dd5545c0dd437c44b68/config.json "HTTP/1.1 200 OK"
2026-08-13 06:54:21.786 - httpx - INFO - HTTP Request: HEAD https://huggingface.co/api/resolve-cache/models/meta-models/Muse-Glimmer-30B/a4e59da52a7bc87ae7251dd5545c0dd437c44b68/config.json "HTTP/1.1 200 OK"
2026-08-13 06:54:21.786 - httpx - INFO - HTTP Request: HEAD https://huggingface.co/meta-models/Muse-Glimmer-30B/resolve/main/config.json "HTTP/1.1 307 Temporary Redirect"
2026-08-13 06:54:21.786 - huggingface_hub.utils._http - WARNING - Warning: You are sending unauthenticated requests to the HF Hub. Please set a HF_TOKEN to enable higher rate limits and faster downloads.
2026-08-13 06:54:21.794 - httpx - INFO - HTTP Request: HEAD https://huggingface.co/api/resolve-cache/models/meta-models/Muse-Glimmer-30B/a4e59da52a7bc87ae7251dd5545c0dd437c44b68/config.json "HTTP/1.1 200 OK"
2026-08-13 06:54:21.842 - httpx - INFO - HTTP Request: HEAD https://huggingface.co/meta-models/Muse-Glimmer-30B/resolve/main/config.json "HTTP/1.1 307 Temporary Redirect"
2026-08-13 06:54:21.853 - httpx - INFO - HTTP Request: HEAD https://huggingface.co/api/resolve-cache/models/meta-models/Muse-Glimmer-30B/a4e59da52a7bc87ae7251dd5545c0dd437c44b68/config.json "HTTP/1.1 200 OK"
2026-08-13 06:54:21.859 - httpx - INFO - HTTP Request: HEAD https://huggingface.co/meta-models/Muse-Glimmer-30B/resolve/main/config.json "HTTP/1.1 307 Temporary Redirect"
2026-08-13 06:54:21.864 - httpx - INFO - HTTP Request: HEAD https://huggingface.co/meta-models/Muse-Glimmer-30B/resolve/main/config.json "HTTP/1.1 307 Temporary Redirect"
2026-08-13 06:54:21.870 - httpx - INFO - HTTP Request: HEAD https://huggingface.co/api/resolve-cache/models/meta-models/Muse-Glimmer-30B/a4e59da52a7bc87ae7251dd5545c0dd437c44b68/config.json "HTTP/1.1 200 OK"
2026-08-13 06:54:21.873 - httpx - INFO - HTTP Request: HEAD https://huggingface.co/meta-models/Muse-Glimmer-30B/resolve/main/config.json "HTTP/1.1 307 Temporary Redirect"
2026-08-13 06:54:21.878 - httpx - INFO - HTTP Request: HEAD https://huggingface.co/api/resolve-cache/models/meta-models/Muse-Glimmer-30B/a4e59da52a7bc87ae7251dd5545c0dd437c44b68/config.json "HTTP/1.1 200 OK"
2026-08-13 06:54:21.884 - httpx - INFO - HTTP Request: HEAD https://huggingface.co/api/resolve-cache/models/meta-models/Muse-Glimmer-30B/a4e59da52a7bc87ae7251dd5545c0dd437c44b68/config.json "HTTP/1.1 200 OK"
2026-08-13 06:54:21.932 - httpx - INFO - HTTP Request: HEAD https://huggingface.co/meta-models/Muse-Glimmer-30B/resolve/main/config.json "HTTP/1.1 307 Temporary Redirect"
2026-08-13 06:54:21.944 - httpx - INFO - HTTP Request: HEAD https://huggingface.co/api/resolve-cache/models/meta-models/Muse-Glimmer-30B/a4e59da52a7bc87ae7251dd5545c0dd437c44b68/config.json "HTTP/1.1 200 OK"
2026-08-13 06:54:21.951 - httpx - INFO - HTTP Request: HEAD https://huggingface.co/meta-models/Muse-Glimmer-30B/resolve/main/tokenizer_config.json "HTTP/1.1 307 Temporary Redirect"
2026-08-13 06:54:21.959 - httpx - INFO - HTTP Request: HEAD https://huggingface.co/meta-models/Muse-Glimmer-30B/resolve/main/tokenizer_config.json "HTTP/1.1 307 Temporary Redirect"
2026-08-13 06:54:21.963 - httpx - INFO - HTTP Request: HEAD https://huggingface.co/api/resolve-cache/models/meta-models/Muse-Glimmer-30B/a4e59da52a7bc87ae7251dd5545c0dd437c44b68/tokenizer_config.json "HTTP/1.1 200 OK"
2026-08-13 06:54:21.963 - httpx - INFO - HTTP Request: HEAD https://huggingface.co/meta-models/Muse-Glimmer-30B/resolve/main/tokenizer_config.json "HTTP/1.1 307 Temporary Redirect"
2026-08-13 06:54:21.971 - httpx - INFO - HTTP Request: HEAD https://huggingface.co/api/resolve-cache/models/meta-models/Muse-Glimmer-30B/a4e59da52a7bc87ae7251dd5545c0dd437c44b68/tokenizer_config.json "HTTP/1.1 200 OK"
2026-08-13 06:54:21.975 - httpx - INFO - HTTP Request: HEAD https://huggingface.co/api/resolve-cache/models/meta-models/Muse-Glimmer-30B/a4e59da52a7bc87ae7251dd5545c0dd437c44b68/tokenizer_config.json "HTTP/1.1 200 OK"
2026-08-13 06:54:22.026 - httpx - INFO - HTTP Request: HEAD https://huggingface.co/meta-models/Muse-Glimmer-30B/resolve/main/tokenizer_config.json "HTTP/1.1 307 Temporary Redirect"
2026-08-13 06:54:22.026 - huggingface_hub.utils._http - WARNING - Warning: You are sending unauthenticated requests to the HF Hub. Please set a HF_TOKEN to enable higher rate limits and faster downloads.
2026-08-13 06:54:22.039 - httpx - INFO - HTTP Request: HEAD https://huggingface.co/api/resolve-cache/models/meta-models/Muse-Glimmer-30B/a4e59da52a7bc87ae7251dd5545c0dd437c44b68/tokenizer_config.json "HTTP/1.1 200 OK"
2026-08-13 06:54:22.040 - httpx - INFO - HTTP Request: GET https://huggingface.co/api/models/meta-models/Muse-Glimmer-30B/tree/main/additional_chat_templates?recursive=false&expand=false "HTTP/1.1 404 Not Found"
2026-08-13 06:54:22.050 - httpx - INFO - HTTP Request: GET https://huggingface.co/api/models/meta-models/Muse-Glimmer-30B/tree/main/additional_chat_templates?recursive=false&expand=false "HTTP/1.1 404 Not Found"
2026-08-13 06:54:22.052 - httpx - INFO - HTTP Request: GET https://huggingface.co/api/models/meta-models/Muse-Glimmer-30B/tree/main/additional_chat_templates?recursive=false&expand=false "HTTP/1.1 404 Not Found"
2026-08-13 06:54:22.116 - httpx - INFO - HTTP Request: GET https://huggingface.co/api/models/meta-models/Muse-Glimmer-30B/tree/main/additional_chat_templates?recursive=false&expand=false "HTTP/1.1 404 Not Found"
2026-08-13 06:54:22.124 - httpx - INFO - HTTP Request: GET https://huggingface.co/api/models/meta-models/Muse-Glimmer-30B/tree/main?recursive=true&expand=false "HTTP/1.1 200 OK"
2026-08-13 06:54:22.135 - httpx - INFO - HTTP Request: GET https://huggingface.co/api/models/meta-models/Muse-Glimmer-30B/tree/main?recursive=true&expand=false "HTTP/1.1 200 OK"
2026-08-13 06:54:22.136 - httpx - INFO - HTTP Request: GET https://huggingface.co/api/models/meta-models/Muse-Glimmer-30B/tree/main?recursive=true&expand=false "HTTP/1.1 200 OK"
2026-08-13 06:54:22.229 - httpx - INFO - HTTP Request: GET https://huggingface.co/api/models/meta-models/Muse-Glimmer-30B/tree/main?recursive=true&expand=false "HTTP/1.1 200 OK"
2026-08-13 06:54:23.988 - httpx - INFO - HTTP Request: GET https://huggingface.co/api/models/meta-models/Muse-Glimmer-30B "HTTP/1.1 200 OK"
2026-08-13 06:54:23.997 - httpx - INFO - HTTP Request: GET https://huggingface.co/api/models/meta-models/Muse-Glimmer-30B "HTTP/1.1 200 OK"
2026-08-13 06:54:24.004 - httpx - INFO - HTTP Request: GET https://huggingface.co/api/models/meta-models/Muse-Glimmer-30B "HTTP/1.1 200 OK"
2026-08-13 06:54:24.043 - InferenceResultParser_e6470342 - INFO - Initialized tokenizers: {'meta-models/Muse-Glimmer-30B': {'class': 'TokenizersBackend', 'name_or_path': 'meta-models/Muse-Glimmer-30B'}} in 2.83 seconds
2026-08-13 06:54:24.050 - httpx - INFO - HTTP Request: GET https://huggingface.co/api/models/meta-models/Muse-Glimmer-30B "HTTP/1.1 200 OK"
2026-08-13 06:54:24.056 - InferenceResultParser_ffd2a6dc - INFO - Initialized tokenizers: {'meta-models/Muse-Glimmer-30B': {'class': 'TokenizersBackend', 'name_or_path': 'meta-models/Muse-Glimmer-30B'}} in 2.84 seconds
2026-08-13 06:54:24.066 - dataset_manager - INFO - Tokenizer(s) configured in 2.85 seconds
2026-08-13 06:54:24.066 - dataset_manager - INFO - Configuring dataset for dataset_manager
2026-08-13 06:54:24.104 - InferenceResultParser_57686618 - INFO - Initialized tokenizers: {'meta-models/Muse-Glimmer-30B': {'class': 'TokenizersBackend', 'name_or_path': 'meta-models/Muse-Glimmer-30B'}} in 2.89 seconds
2026-08-13 06:54:24.340 - CustomDatasetComposer - INFO - Using explicit dataset format: multi_turn
2026-08-13 06:54:24.405 - MemoryMapDatasetBackingStore_9b0debcc - INFO - Memory-mapped backing store initialized (streaming to /tmp/aiperf_mmap_43a2190a2af8/dataset.dat)
2026-08-13 06:54:24.425 - MemoryMapDatasetBackingStore_9b0debcc - INFO - Data file finalized: 500 conversations, 1.25 MB
2026-08-13 06:54:24.425 - MemoryMapDatasetBackingStore_9b0debcc - INFO - Index file created: /tmp/aiperf_mmap_43a2190a2af8/index.dat
2026-08-13 06:54:24.425 - dataset_manager - INFO - Backing store finalized: client_type=DatasetClientStoreType.MEMORY_MAP format=MemoryMapFormat.CONVERSATION data_file_path=PosixPath('/tmp/aiperf_mmap_43a2190a2af8/dataset.dat') index_file_path=PosixPath('/tmp/aiperf_mmap_43a2190a2af8/index.dat') conversation_count=500 total_size_bytes=1314737 compressed=False compressed_data_file_path=None compressed_index_file_path=None compressed_size_bytes=0
2026-08-13 06:54:24.433 - dataset_manager - INFO - sampling strategy: sequential, unique conversations: 500, unique turn count: 1783
2026-08-13 06:54:24.439 - dataset_manager - INFO - Generating inputs.json file at /output/inputs.json
2026-08-13 06:54:24.447 - system_controller - WARNING - Received command response for service we were not expecting: worker_60faba7e. Ignoring.
2026-08-13 06:54:24.447 - system_controller - WARNING - Received command response for service we were not expecting: worker_2768cbbb. Ignoring.
2026-08-13 06:54:24.447 - system_controller - WARNING - Received command response for service we were not expecting: worker_1495e196. Ignoring.
2026-08-13 06:54:24.447 - system_controller - WARNING - Received command response for service we were not expecting: worker_f09db1d1. Ignoring.
2026-08-13 06:54:24.448 - system_controller - WARNING - Received command response for service we were not expecting: worker_8b2dbecf. Ignoring.
2026-08-13 06:54:24.448 - system_controller - WARNING - Received command response for service we were not expecting: worker_c8347477. Ignoring.
2026-08-13 06:54:24.450 - PhaseOrchestrator_80fbd54b - INFO - Initialized 2 phase(s): ['Warmup', 'Profiling']
2026-08-13 06:54:24.450 - dataset_manager - INFO - inputs.json file generated in 0.01 seconds
2026-08-13 06:54:24.450 - system_controller - WARNING - Received command response for service we were not expecting: worker_be1bd1cc. Ignoring.
2026-08-13 06:54:24.451 - system_controller - WARNING - Received command response for service we were not expecting: worker_198e001d. Ignoring.
2026-08-13 06:54:24.451 - system_controller - WARNING - Received command response for service we were not expecting: worker_5c7ceaf1. Ignoring.
2026-08-13 06:54:24.452 - system_controller - WARNING - Received command response for service we were not expecting: worker_96f7a908. Ignoring.
2026-08-13 06:54:24.453 - system_controller - WARNING - Received command response for service we were not expecting: worker_6bbab259. Ignoring.
2026-08-13 06:54:24.581 - dataset_manager - INFO - Dataset client initialized and freed 500 conversations from memory
2026-08-13 06:54:24.581 - dataset_manager - INFO - Dataset configured in 0.51 seconds
2026-08-13 06:54:24.582 - system_controller - INFO - All services configured in 3.37 seconds
2026-08-13 06:54:24.582 - system_controller - INFO - AIPerf System is CONFIGURED
2026-08-13 06:54:24.588 - RateTiming - INFO - Creating interval generator: pattern=concurrency_burst, rate=None, smoothness=None
2026-08-13 06:54:24.588 - PhaseRunner - NOTICE - Phase warmup (warmup) started | phase_index=0 | target: 3 requests
2026-08-13 06:54:24.589 - PhaseRunner - NOTICE - Phase warmup (warmup) sending complete | sent=3, completed=0, in_flight=3 | sessions: sent=3, completed=0
2026-08-13 06:54:24.589 - system_controller - INFO - All services started profiling successfully
2026-08-13 06:54:24.589 - system_controller - INFO - AIPerf System is PROFILING
2026-08-13 06:54:24.590 - records_manager - INFO - Credit phase start: warmup
2026-08-13 06:54:54.602 - PhaseRunner - INFO - Phase warmup progress | returned=0/3 | sent=3 | in_flight=3 | errors=0 | elapsed=30.0s
2026-08-13 06:55:24.612 - PhaseRunner - INFO - Phase warmup progress | returned=1/3 | sent=3 | in_flight=2 | errors=0 | elapsed=60.0s
2026-08-13 06:55:53.038 - PhaseRunner - NOTICE - Phase warmup (warmup) complete | completed=3, cancelled=0, errors=0 | sessions: completed=1, cancelled=0 | elapsed=88.45s
2026-08-13 06:55:53.039 - RateTiming - INFO - Creating interval generator: pattern=concurrency_burst, rate=None, smoothness=None
2026-08-13 06:55:53.039 - PhaseRunner - NOTICE - Phase profiling (profiling) started | phase_index=1 | profiling_index=0 | target: 50 requests, 50 sessions
2026-08-13 06:55:53.040 - records_manager - INFO - Credit phase start: profiling
2026-08-13 06:55:53.040 - PhaseRunner - NOTICE - Phase profiling (profiling) sending complete | sent=50, completed=0, in_flight=50 | sessions: sent=50, completed=0
2026-08-13 06:55:53.041 - records_manager - INFO - Sent 50 requests. Waiting for all to complete...
2026-08-13 06:58:08.111 - PhaseRunner - NOTICE - Phase profiling (profiling) complete | completed=50, cancelled=0, errors=0 | sessions: completed=10, cancelled=0 | elapsed=135.07s
2026-08-13 06:58:08.112 - PhaseOrchestrator_80fbd54b - NOTICE - All credits completed
2026-08-13 06:58:08.113 - system_controller - INFO - Received credits complete from 'timing_manager'
2026-08-13 06:58:08.113 - records_manager - INFO - Received CREDIT_PHASE_COMPLETE message, Phase complete: PhaseRecordsStats(phase=CreditPhase.PROFILING, phase_index=1, profiling_index=0, phase_name='profiling', phase_kind='profiling', start_ns=1786604153039545689, sent_end_ns=1786604153040963101, requests_end_ns=1786604288111602517, baseline_start_ns=1786604153039537113, baseline_end_ns=1786604288111614757, total_expected_requests=50, expected_duration_sec=None, expected_num_sessions=None, expected_grace_period_sec=None, final_requests_sent=None, final_requests_completed=50, final_requests_cancelled=0, final_request_errors=0, final_sent_sessions=None, final_completed_sessions=None, final_cancelled_sessions=None, timeout_triggered=False, grace_period_timeout_triggered=False, was_cancelled=False, records_end_ns=None, success_records=49, error_records=0)
2026-08-13 06:58:08.114 - records_manager - NOTICE - All requests have completed, please wait for the results to be processed (currently 49 of 50 records processed)...
2026-08-13 06:58:08.114 - records_manager - INFO - All credits complete, please wait for the results to be processed...
2026-08-13 06:58:08.123 - records_manager - INFO - Processed 50 valid requests and 0 errors (50 total).
2026-08-13 06:58:08.124 - records_manager - INFO - Received all records, processing now...
2026-08-13 06:58:08.125 - gpu_telemetry_manager - INFO - GPU Telemetry: Profiling complete, capturing final metrics...
2026-08-13 06:58:08.126 - records_manager - INFO - Waiting 2.0s for server metrics flush period...
2026-08-13 06:58:10.112 - records_manager - INFO - Processing records results...
2026-08-13 06:58:10.170 - records_manager - INFO - _finalize_and_process_results completed
2026-08-13 06:58:10.171 - system_controller - INFO - Waiting for result domains: telemetry
2026-08-13 06:58:10.171 - system_controller - INFO - All results received, initiating shutdown
2026-08-13 06:58:10.777 - ExporterManager - INFO - Exporting all records
2026-08-13 06:58:10.815 - ExporterManager - INFO - Exporting console data
