2026-08-16 10:51:40.198 - aiperf.cli_runner._single_run - INFO - Starting AIPerf System
2026-08-16 10:51:40.660 - httpx - INFO - HTTP Request: GET https://huggingface.co/api/models/nvidia/NVIDIA-Nemotron-3.5-Lightning-30B-A3B-NVFP4 "HTTP/1.1 200 OK"
2026-08-16 10:51:40.676 - aiperf.config.resolution.resolvers - INFO - [OK] Tokenizer nvidia/NVIDIA-Nemotron-3.5-Lightning-30B-A3B-NVFP4 detected
2026-08-16 10:51:40.677 - aiperf.config.resolution.resolvers - INFO - 1 tokenizer validated | 0.5s
2026-08-16 10:51:40.677 - aiperf.config.resolution.resolvers - INFO - Prefetching 1 tokenizer into HF cache...
2026-08-16 10:51:41.783 - httpx - INFO - HTTP Request: HEAD https://huggingface.co/nvidia/NVIDIA-Nemotron-3.5-Lightning-30B-A3B-NVFP4/resolve/main/config.json "HTTP/1.1 307 Temporary Redirect"
2026-08-16 10:51:41.783 - huggingface_hub.utils._http - WARNING - Warning: You are sending unauthenticated requests to the HF Hub. Please set a HF_TOKEN to enable higher rate limits and faster downloads.
2026-08-16 10:51:41.794 - httpx - INFO - HTTP Request: HEAD https://huggingface.co/api/resolve-cache/models/nvidia/NVIDIA-Nemotron-3.5-Lightning-30B-A3B-NVFP4/6dbbd757ea75a8ece6e0702872e3ae53f9987728/config.json "HTTP/1.1 200 OK"
2026-08-16 10:51:41.809 - httpx - INFO - HTTP Request: GET https://huggingface.co/api/resolve-cache/models/nvidia/NVIDIA-Nemotron-3.5-Lightning-30B-A3B-NVFP4/6dbbd757ea75a8ece6e0702872e3ae53f9987728/config.json "HTTP/1.1 200 OK"
2026-08-16 10:51:41.949 - httpx - INFO - HTTP Request: HEAD https://huggingface.co/nvidia/NVIDIA-Nemotron-3.5-Lightning-30B-A3B-NVFP4/resolve/main/tokenizer_config.json "HTTP/1.1 307 Temporary Redirect"
2026-08-16 10:51:41.960 - httpx - INFO - HTTP Request: HEAD https://huggingface.co/api/resolve-cache/models/nvidia/NVIDIA-Nemotron-3.5-Lightning-30B-A3B-NVFP4/6dbbd757ea75a8ece6e0702872e3ae53f9987728/tokenizer_config.json "HTTP/1.1 200 OK"
2026-08-16 10:51:41.971 - httpx - INFO - HTTP Request: GET https://huggingface.co/api/resolve-cache/models/nvidia/NVIDIA-Nemotron-3.5-Lightning-30B-A3B-NVFP4/6dbbd757ea75a8ece6e0702872e3ae53f9987728/tokenizer_config.json "HTTP/1.1 200 OK"
2026-08-16 10:51:42.055 - httpx - INFO - HTTP Request: GET https://huggingface.co/api/models/nvidia/NVIDIA-Nemotron-3.5-Lightning-30B-A3B-NVFP4/tree/main/additional_chat_templates?recursive=false&expand=false "HTTP/1.1 404 Not Found"
2026-08-16 10:51:42.150 - httpx - INFO - HTTP Request: GET https://huggingface.co/api/models/nvidia/NVIDIA-Nemotron-3.5-Lightning-30B-A3B-NVFP4/tree/main?recursive=true&expand=false "HTTP/1.1 200 OK"
2026-08-16 10:51:42.238 - httpx - INFO - HTTP Request: HEAD https://huggingface.co/nvidia/NVIDIA-Nemotron-3.5-Lightning-30B-A3B-NVFP4/resolve/main/tokenizer.json "HTTP/1.1 302 Found"
2026-08-16 10:51:42.348 - httpx - INFO - HTTP Request: GET https://huggingface.co/api/models/nvidia/NVIDIA-Nemotron-3.5-Lightning-30B-A3B-NVFP4/xet-read-token/6dbbd757ea75a8ece6e0702872e3ae53f9987728 "HTTP/1.1 200 OK"
2026-08-16 10:51:43.194 - httpx - INFO - HTTP Request: HEAD https://huggingface.co/nvidia/NVIDIA-Nemotron-3.5-Lightning-30B-A3B-NVFP4/resolve/main/tokenizer.model "HTTP/1.1 404 Not Found"
2026-08-16 10:51:43.280 - httpx - INFO - HTTP Request: HEAD https://huggingface.co/nvidia/NVIDIA-Nemotron-3.5-Lightning-30B-A3B-NVFP4/resolve/main/added_tokens.json "HTTP/1.1 404 Not Found"
2026-08-16 10:51:43.360 - httpx - INFO - HTTP Request: HEAD https://huggingface.co/nvidia/NVIDIA-Nemotron-3.5-Lightning-30B-A3B-NVFP4/resolve/main/special_tokens_map.json "HTTP/1.1 307 Temporary Redirect"
2026-08-16 10:51:43.372 - httpx - INFO - HTTP Request: HEAD https://huggingface.co/api/resolve-cache/models/nvidia/NVIDIA-Nemotron-3.5-Lightning-30B-A3B-NVFP4/6dbbd757ea75a8ece6e0702872e3ae53f9987728/special_tokens_map.json "HTTP/1.1 200 OK"
2026-08-16 10:51:43.386 - httpx - INFO - HTTP Request: GET https://huggingface.co/api/resolve-cache/models/nvidia/NVIDIA-Nemotron-3.5-Lightning-30B-A3B-NVFP4/6dbbd757ea75a8ece6e0702872e3ae53f9987728/special_tokens_map.json "HTTP/1.1 200 OK"
2026-08-16 10:51:43.469 - httpx - INFO - HTTP Request: HEAD https://huggingface.co/nvidia/NVIDIA-Nemotron-3.5-Lightning-30B-A3B-NVFP4/resolve/main/chat_template.jinja "HTTP/1.1 307 Temporary Redirect"
2026-08-16 10:51:43.479 - httpx - INFO - HTTP Request: HEAD https://huggingface.co/api/resolve-cache/models/nvidia/NVIDIA-Nemotron-3.5-Lightning-30B-A3B-NVFP4/6dbbd757ea75a8ece6e0702872e3ae53f9987728/chat_template.jinja "HTTP/1.1 200 OK"
2026-08-16 10:51:43.492 - httpx - INFO - HTTP Request: GET https://huggingface.co/api/resolve-cache/models/nvidia/NVIDIA-Nemotron-3.5-Lightning-30B-A3B-NVFP4/6dbbd757ea75a8ece6e0702872e3ae53f9987728/chat_template.jinja "HTTP/1.1 200 OK"
2026-08-16 10:51:44.342 - httpx - INFO - HTTP Request: GET https://huggingface.co/api/models/nvidia/NVIDIA-Nemotron-3.5-Lightning-30B-A3B-NVFP4 "HTTP/1.1 200 OK"
2026-08-16 10:51:44.381 - aiperf.config.resolution.resolvers - INFO -   Cached nvidia/NVIDIA-Nemotron-3.5-Lightning-30B-A3B-NVFP4 (3.69s)
2026-08-16 10:51:44.437 - aiperf.config.resolution.resolvers - INFO - 1 tokenizer cached • 3.8s
2026-08-16 10:51:44.844 - system_controller - INFO - Registered Worker Manager (id: 'worker_manager')
2026-08-16 10:51:44.888 - server_metrics_manager - INFO - Server Metrics: Discovered 1 endpoints: ['http://localhost:8000/metrics']
2026-08-16 10:51:44.943 - system_controller - INFO - Registered Gpu Telemetry Manager (id: 'gpu_telemetry_manager')
2026-08-16 10:51:44.952 - system_controller - INFO - Registered Dataset Manager (id: 'dataset_manager')
2026-08-16 10:51:44.958 - GPUTelemetryJSONLWriter_7fefe8e5 - INFO - GPU telemetry export enabled: /output/gpu_telemetry_export.jsonl
2026-08-16 10:51:44.971 - OTelMetricsResultsProcessor_9b18d276 - INFO - Telemetry streaming is disabled (set --otel-url and/or --mlflow-tracking-uri to enable)
2026-08-16 10:51:44.982 - RecordExportJSONLWriter_b1124b51 - INFO - Record metrics export enabled: /output/profile_export.jsonl
2026-08-16 10:51:44.992 - system_controller - INFO - Registered Records Manager (id: 'records_manager')
2026-08-16 10:51:44.994 - system_controller - INFO - Registered Server Metrics Manager (id: 'server_metrics_manager')
2026-08-16 10:51:45.107 - system_controller - INFO - Registered Record Processor (id: 'record_processor_5f7a4438')
2026-08-16 10:51:45.107 - system_controller - INFO - Registered Record Processor (id: 'record_processor_d7605bae')
2026-08-16 10:51:45.108 - system_controller - INFO - Registered Record Processor (id: 'record_processor_03d03c25')
2026-08-16 10:51:45.228 - system_controller - INFO - Registered Worker (id: 'worker_bbaed193')
2026-08-16 10:51:45.260 - system_controller - INFO - Registered Timing Manager (id: 'timing_manager')
2026-08-16 10:51:45.271 - system_controller - INFO - Registered Worker (id: 'worker_b2e18813')
2026-08-16 10:51:45.309 - system_controller - INFO - Registered Worker (id: 'worker_e0344b75')
2026-08-16 10:51:45.319 - system_controller - INFO - Registered Worker (id: 'worker_064cfd30')
2026-08-16 10:51:45.320 - system_controller - INFO - Registered Worker (id: 'worker_72d1fb36')
2026-08-16 10:51:45.325 - system_controller - INFO - AIPerf System is CONFIGURING
2026-08-16 10:51:45.325 - system_controller - INFO - Configuring all services to start profiling
2026-08-16 10:51:45.326 - timing_manager - INFO - Waiting for dataset to be configured before configuring timing
2026-08-16 10:51:45.326 - InferenceResultParser_cb3bff97 - INFO - Configuring tokenizers for inference result parser (resolve_alias: True)
2026-08-16 10:51:45.326 - InferenceResultParser_316d7005 - INFO - Configuring tokenizers for inference result parser (resolve_alias: True)
2026-08-16 10:51:45.326 - InferenceResultParser_3b324f24 - INFO - Configuring tokenizers for inference result parser (resolve_alias: True)
2026-08-16 10:51:45.327 - dataset_manager - INFO - Configuring tokenizer(s) for dataset manager
2026-08-16 10:51:45.332 - system_controller - INFO - Registered Worker (id: 'worker_3124126d')
2026-08-16 10:51:45.337 - system_controller - INFO - Registered Worker (id: 'worker_257ae781')
2026-08-16 10:51:45.338 - server_metrics_manager - INFO - Server Metrics: Capturing baseline metrics...
2026-08-16 10:51:45.348 - system_controller - INFO - Registered Worker (id: 'worker_e7dd1948')
2026-08-16 10:51:45.349 - system_controller - INFO - Registered Worker (id: 'worker_fa42c7ab')
2026-08-16 10:51:45.351 - system_controller - INFO - Registered Worker (id: 'worker_7ca32da5')
2026-08-16 10:51:45.351 - http://localhost:8000/metrics - INFO - Skipping unsupported summary metric: http_request_size_bytes
2026-08-16 10:51:45.351 - http://localhost:8000/metrics - INFO - Skipping unsupported summary metric: http_response_size_bytes
2026-08-16 10:51:45.352 - system_controller - INFO - Server metrics enabled - 1/1 endpoint(s) reachable.
2026-08-16 10:51:45.352 - system_controller - INFO - Waiting for result domains: profile, server_metrics, telemetry
2026-08-16 10:51:45.357 - system_controller - INFO - Registered Worker (id: 'worker_dd354b55')
2026-08-16 10:51:45.358 - gpu_telemetry_manager - INFO - GPU Telemetry: Capturing baseline metrics from pynvml://localhost
2026-08-16 10:51:45.360 - system_controller - INFO - Registered Worker (id: 'worker_711af9b0')
2026-08-16 10:51:45.369 - pynvml_collector - INFO - PyNVML initialized with 1 GPU(s) (0 with GPM support)
2026-08-16 10:51:45.384 - system_controller - INFO - DCGM telemetry enabled - 1/1 endpoint(s) reachable
2026-08-16 10:51:45.399 - system_controller - INFO - Registered Worker (id: 'worker_5b9fe14d')
2026-08-16 10:51:45.400 - system_controller - INFO - Registered Worker (id: 'worker_8f65e2dc')
2026-08-16 10:51:45.871 - httpx - INFO - HTTP Request: HEAD https://huggingface.co/nvidia/NVIDIA-Nemotron-3.5-Lightning-30B-A3B-NVFP4/resolve/main/config.json "HTTP/1.1 307 Temporary Redirect"
2026-08-16 10:51:45.872 - huggingface_hub.utils._http - WARNING - Warning: You are sending unauthenticated requests to the HF Hub. Please set a HF_TOKEN to enable higher rate limits and faster downloads.
2026-08-16 10:51:45.872 - httpx - INFO - HTTP Request: HEAD https://huggingface.co/nvidia/NVIDIA-Nemotron-3.5-Lightning-30B-A3B-NVFP4/resolve/main/config.json "HTTP/1.1 307 Temporary Redirect"
2026-08-16 10:51:45.873 - huggingface_hub.utils._http - WARNING - Warning: You are sending unauthenticated requests to the HF Hub. Please set a HF_TOKEN to enable higher rate limits and faster downloads.
2026-08-16 10:51:45.873 - httpx - INFO - HTTP Request: HEAD https://huggingface.co/nvidia/NVIDIA-Nemotron-3.5-Lightning-30B-A3B-NVFP4/resolve/main/config.json "HTTP/1.1 307 Temporary Redirect"
2026-08-16 10:51:45.874 - huggingface_hub.utils._http - WARNING - Warning: You are sending unauthenticated requests to the HF Hub. Please set a HF_TOKEN to enable higher rate limits and faster downloads.
2026-08-16 10:51:45.875 - httpx - INFO - HTTP Request: HEAD https://huggingface.co/nvidia/NVIDIA-Nemotron-3.5-Lightning-30B-A3B-NVFP4/resolve/main/config.json "HTTP/1.1 307 Temporary Redirect"
2026-08-16 10:51:45.876 - huggingface_hub.utils._http - WARNING - Warning: You are sending unauthenticated requests to the HF Hub. Please set a HF_TOKEN to enable higher rate limits and faster downloads.
2026-08-16 10:51:45.882 - httpx - INFO - HTTP Request: HEAD https://huggingface.co/api/resolve-cache/models/nvidia/NVIDIA-Nemotron-3.5-Lightning-30B-A3B-NVFP4/6dbbd757ea75a8ece6e0702872e3ae53f9987728/config.json "HTTP/1.1 200 OK"
2026-08-16 10:51:45.884 - httpx - INFO - HTTP Request: HEAD https://huggingface.co/api/resolve-cache/models/nvidia/NVIDIA-Nemotron-3.5-Lightning-30B-A3B-NVFP4/6dbbd757ea75a8ece6e0702872e3ae53f9987728/config.json "HTTP/1.1 200 OK"
2026-08-16 10:51:45.885 - httpx - INFO - HTTP Request: HEAD https://huggingface.co/api/resolve-cache/models/nvidia/NVIDIA-Nemotron-3.5-Lightning-30B-A3B-NVFP4/6dbbd757ea75a8ece6e0702872e3ae53f9987728/config.json "HTTP/1.1 200 OK"
2026-08-16 10:51:45.886 - httpx - INFO - HTTP Request: HEAD https://huggingface.co/api/resolve-cache/models/nvidia/NVIDIA-Nemotron-3.5-Lightning-30B-A3B-NVFP4/6dbbd757ea75a8ece6e0702872e3ae53f9987728/config.json "HTTP/1.1 200 OK"
2026-08-16 10:51:46.015 - httpx - INFO - HTTP Request: HEAD https://huggingface.co/nvidia/NVIDIA-Nemotron-3.5-Lightning-30B-A3B-NVFP4/resolve/main/tokenizer_config.json "HTTP/1.1 307 Temporary Redirect"
2026-08-16 10:51:46.015 - httpx - INFO - HTTP Request: HEAD https://huggingface.co/nvidia/NVIDIA-Nemotron-3.5-Lightning-30B-A3B-NVFP4/resolve/main/tokenizer_config.json "HTTP/1.1 307 Temporary Redirect"
2026-08-16 10:51:46.019 - httpx - INFO - HTTP Request: HEAD https://huggingface.co/nvidia/NVIDIA-Nemotron-3.5-Lightning-30B-A3B-NVFP4/resolve/main/tokenizer_config.json "HTTP/1.1 307 Temporary Redirect"
2026-08-16 10:51:46.020 - httpx - INFO - HTTP Request: HEAD https://huggingface.co/nvidia/NVIDIA-Nemotron-3.5-Lightning-30B-A3B-NVFP4/resolve/main/tokenizer_config.json "HTTP/1.1 307 Temporary Redirect"
2026-08-16 10:51:46.026 - httpx - INFO - HTTP Request: HEAD https://huggingface.co/api/resolve-cache/models/nvidia/NVIDIA-Nemotron-3.5-Lightning-30B-A3B-NVFP4/6dbbd757ea75a8ece6e0702872e3ae53f9987728/tokenizer_config.json "HTTP/1.1 200 OK"
2026-08-16 10:51:46.026 - httpx - INFO - HTTP Request: HEAD https://huggingface.co/api/resolve-cache/models/nvidia/NVIDIA-Nemotron-3.5-Lightning-30B-A3B-NVFP4/6dbbd757ea75a8ece6e0702872e3ae53f9987728/tokenizer_config.json "HTTP/1.1 200 OK"
2026-08-16 10:51:46.030 - httpx - INFO - HTTP Request: HEAD https://huggingface.co/api/resolve-cache/models/nvidia/NVIDIA-Nemotron-3.5-Lightning-30B-A3B-NVFP4/6dbbd757ea75a8ece6e0702872e3ae53f9987728/tokenizer_config.json "HTTP/1.1 200 OK"
2026-08-16 10:51:46.030 - httpx - INFO - HTTP Request: HEAD https://huggingface.co/api/resolve-cache/models/nvidia/NVIDIA-Nemotron-3.5-Lightning-30B-A3B-NVFP4/6dbbd757ea75a8ece6e0702872e3ae53f9987728/tokenizer_config.json "HTTP/1.1 200 OK"
2026-08-16 10:51:46.111 - httpx - INFO - HTTP Request: GET https://huggingface.co/api/models/nvidia/NVIDIA-Nemotron-3.5-Lightning-30B-A3B-NVFP4/tree/main/additional_chat_templates?recursive=false&expand=false "HTTP/1.1 404 Not Found"
2026-08-16 10:51:46.111 - httpx - INFO - HTTP Request: GET https://huggingface.co/api/models/nvidia/NVIDIA-Nemotron-3.5-Lightning-30B-A3B-NVFP4/tree/main/additional_chat_templates?recursive=false&expand=false "HTTP/1.1 404 Not Found"
2026-08-16 10:51:46.118 - httpx - INFO - HTTP Request: GET https://huggingface.co/api/models/nvidia/NVIDIA-Nemotron-3.5-Lightning-30B-A3B-NVFP4/tree/main/additional_chat_templates?recursive=false&expand=false "HTTP/1.1 404 Not Found"
2026-08-16 10:51:46.149 - httpx - INFO - HTTP Request: GET https://huggingface.co/api/models/nvidia/NVIDIA-Nemotron-3.5-Lightning-30B-A3B-NVFP4/tree/main/additional_chat_templates?recursive=false&expand=false "HTTP/1.1 404 Not Found"
2026-08-16 10:51:46.193 - httpx - INFO - HTTP Request: GET https://huggingface.co/api/models/nvidia/NVIDIA-Nemotron-3.5-Lightning-30B-A3B-NVFP4/tree/main?recursive=true&expand=false "HTTP/1.1 200 OK"
2026-08-16 10:51:46.197 - httpx - INFO - HTTP Request: GET https://huggingface.co/api/models/nvidia/NVIDIA-Nemotron-3.5-Lightning-30B-A3B-NVFP4/tree/main?recursive=true&expand=false "HTTP/1.1 200 OK"
2026-08-16 10:51:46.204 - httpx - INFO - HTTP Request: GET https://huggingface.co/api/models/nvidia/NVIDIA-Nemotron-3.5-Lightning-30B-A3B-NVFP4/tree/main?recursive=true&expand=false "HTTP/1.1 200 OK"
2026-08-16 10:51:46.234 - httpx - INFO - HTTP Request: GET https://huggingface.co/api/models/nvidia/NVIDIA-Nemotron-3.5-Lightning-30B-A3B-NVFP4/tree/main?recursive=true&expand=false "HTTP/1.1 200 OK"
2026-08-16 10:51:47.216 - httpx - INFO - HTTP Request: GET https://huggingface.co/api/models/nvidia/NVIDIA-Nemotron-3.5-Lightning-30B-A3B-NVFP4 "HTTP/1.1 200 OK"
2026-08-16 10:51:47.226 - httpx - INFO - HTTP Request: GET https://huggingface.co/api/models/nvidia/NVIDIA-Nemotron-3.5-Lightning-30B-A3B-NVFP4 "HTTP/1.1 200 OK"
2026-08-16 10:51:47.244 - InferenceResultParser_316d7005 - INFO - Initialized tokenizers: {'nvidia/NVIDIA-Nemotron-3.5-Lightning-30B-A3B-NVFP4': {'class': 'TokenizersBackend', 'name_or_path': 'nvidia/NVIDIA-Nemotron-3.5-Lightning-30B-A3B-NVFP4'}} in 1.92 seconds
2026-08-16 10:51:47.250 - InferenceResultParser_cb3bff97 - INFO - Initialized tokenizers: {'nvidia/NVIDIA-Nemotron-3.5-Lightning-30B-A3B-NVFP4': {'class': 'TokenizersBackend', 'name_or_path': 'nvidia/NVIDIA-Nemotron-3.5-Lightning-30B-A3B-NVFP4'}} in 1.92 seconds
2026-08-16 10:51:47.274 - httpx - INFO - HTTP Request: GET https://huggingface.co/api/models/nvidia/NVIDIA-Nemotron-3.5-Lightning-30B-A3B-NVFP4 "HTTP/1.1 200 OK"
2026-08-16 10:51:47.283 - httpx - INFO - HTTP Request: GET https://huggingface.co/api/models/nvidia/NVIDIA-Nemotron-3.5-Lightning-30B-A3B-NVFP4 "HTTP/1.1 200 OK"
2026-08-16 10:51:47.300 - InferenceResultParser_3b324f24 - INFO - Initialized tokenizers: {'nvidia/NVIDIA-Nemotron-3.5-Lightning-30B-A3B-NVFP4': {'class': 'TokenizersBackend', 'name_or_path': 'nvidia/NVIDIA-Nemotron-3.5-Lightning-30B-A3B-NVFP4'}} in 1.97 seconds
2026-08-16 10:51:47.328 - dataset_manager - INFO - Tokenizer(s) configured in 2.00 seconds
2026-08-16 10:51:47.330 - dataset_manager - INFO - Configuring dataset for dataset_manager
2026-08-16 10:51:47.670 - CustomDatasetComposer - INFO - Using explicit dataset format: multi_turn
2026-08-16 10:51:47.732 - MemoryMapDatasetBackingStore_a073a6c1 - INFO - Memory-mapped backing store initialized (streaming to /tmp/aiperf_mmap_84b307e64df5/dataset.dat)
2026-08-16 10:51:47.755 - MemoryMapDatasetBackingStore_a073a6c1 - INFO - Data file finalized: 500 conversations, 1.26 MB
2026-08-16 10:51:47.758 - MemoryMapDatasetBackingStore_a073a6c1 - INFO - Index file created: /tmp/aiperf_mmap_84b307e64df5/index.dat
2026-08-16 10:51:47.759 - dataset_manager - INFO - Backing store finalized: client_type=DatasetClientStoreType.MEMORY_MAP format=MemoryMapFormat.CONVERSATION data_file_path=PosixPath('/tmp/aiperf_mmap_84b307e64df5/dataset.dat') index_file_path=PosixPath('/tmp/aiperf_mmap_84b307e64df5/index.dat') conversation_count=500 total_size_bytes=1323870 compressed=False compressed_data_file_path=None compressed_index_file_path=None compressed_size_bytes=0
2026-08-16 10:51:47.769 - dataset_manager - INFO - sampling strategy: sequential, unique conversations: 500, unique turn count: 1783
2026-08-16 10:51:47.791 - dataset_manager - INFO - Generating inputs.json file at /output/inputs.json
2026-08-16 10:51:47.809 - dataset_manager - INFO - inputs.json file generated in 0.02 seconds
2026-08-16 10:51:47.844 - system_controller - WARNING - Received command response for service we were not expecting: worker_8f65e2dc. Ignoring.
2026-08-16 10:51:47.851 - system_controller - WARNING - Received command response for service we were not expecting: worker_5b9fe14d. Ignoring.
2026-08-16 10:51:47.851 - system_controller - WARNING - Received command response for service we were not expecting: worker_3124126d. Ignoring.
2026-08-16 10:51:47.851 - system_controller - WARNING - Received command response for service we were not expecting: worker_dd354b55. Ignoring.
2026-08-16 10:51:47.852 - system_controller - WARNING - Received command response for service we were not expecting: worker_fa42c7ab. Ignoring.
2026-08-16 10:51:47.852 - system_controller - WARNING - Received command response for service we were not expecting: worker_e7dd1948. Ignoring.
2026-08-16 10:51:47.852 - system_controller - WARNING - Received command response for service we were not expecting: worker_711af9b0. Ignoring.
2026-08-16 10:51:47.852 - system_controller - WARNING - Received command response for service we were not expecting: worker_7ca32da5. Ignoring.
2026-08-16 10:51:47.854 - system_controller - WARNING - Received command response for service we were not expecting: worker_257ae781. Ignoring.
2026-08-16 10:51:47.904 - PhaseOrchestrator_41fb456e - INFO - Initialized 2 phase(s): ['Warmup', 'Profiling']
2026-08-16 10:51:48.103 - dataset_manager - INFO - Dataset client initialized and freed 500 conversations from memory
2026-08-16 10:51:48.103 - dataset_manager - INFO - Dataset configured in 0.77 seconds
2026-08-16 10:51:48.106 - system_controller - INFO - All services configured in 2.78 seconds
2026-08-16 10:51:48.107 - system_controller - INFO - AIPerf System is CONFIGURED
2026-08-16 10:51:48.147 - server_metrics_manager - INFO - Server Metrics: Started 1 collector(s) successfully
2026-08-16 10:51:48.159 - system_controller - INFO - All services started profiling successfully
2026-08-16 10:51:48.159 - system_controller - INFO - AIPerf System is PROFILING
2026-08-16 10:51:48.184 - RateTiming - INFO - Creating interval generator: pattern=concurrency_burst, rate=None, smoothness=None
2026-08-16 10:51:48.187 - PhaseRunner - NOTICE - Phase warmup (warmup) started | phase_index=0 | target: 3 requests
2026-08-16 10:51:48.197 - PhaseRunner - NOTICE - Phase warmup (warmup) sending complete | sent=3, completed=0, in_flight=3 | sessions: sent=3, completed=0
2026-08-16 10:51:48.197 - records_manager - INFO - Credit phase start: warmup
2026-08-16 10:51:53.165 - PhaseRunner - NOTICE - Phase warmup (warmup) complete | completed=3, cancelled=0, errors=0 | sessions: completed=0, cancelled=0 | elapsed=4.98s
2026-08-16 10:51:53.166 - RateTiming - INFO - Creating interval generator: pattern=concurrency_burst, rate=None, smoothness=None
2026-08-16 10:51:53.167 - PhaseRunner - NOTICE - Phase profiling (profiling) started | phase_index=1 | profiling_index=0 | target: 50 requests, 50 sessions
2026-08-16 10:51:53.168 - server_metrics_manager - INFO - Server Metrics: Warmup complete, capturing final warmup metrics...
2026-08-16 10:51:53.168 - records_manager - INFO - Credit phase start: profiling
2026-08-16 10:51:53.172 - PhaseRunner - NOTICE - Phase profiling (profiling) sending complete | sent=50, completed=0, in_flight=50 | sessions: sent=50, completed=0
2026-08-16 10:51:53.173 - records_manager - INFO - Sent 50 requests. Waiting for all to complete...
2026-08-16 10:52:13.268 - PhaseRunner - NOTICE - Phase profiling (profiling) complete | completed=50, cancelled=0, errors=0 | sessions: completed=11, cancelled=0 | elapsed=20.10s
2026-08-16 10:52:13.269 - PhaseOrchestrator_41fb456e - NOTICE - All credits completed
2026-08-16 10:52:13.271 - system_controller - INFO - Received credits complete from 'timing_manager'
2026-08-16 10:52:13.272 - records_manager - INFO - Received CREDIT_PHASE_COMPLETE message, Phase complete: PhaseRecordsStats(phase=CreditPhase.PROFILING, phase_index=1, profiling_index=0, phase_name='profiling', phase_kind='profiling', start_ns=1786877513167076032, sent_end_ns=1786877513172696117, requests_end_ns=1786877533267948256, baseline_start_ns=1786877513167064704, baseline_end_ns=1786877533267955856, total_expected_requests=50, expected_duration_sec=None, expected_num_sessions=None, expected_grace_period_sec=None, final_requests_sent=None, final_requests_completed=50, final_requests_cancelled=0, final_request_errors=0, final_sent_sessions=None, final_completed_sessions=None, final_cancelled_sessions=None, timeout_triggered=False, grace_period_timeout_triggered=False, was_cancelled=False, records_end_ns=None, success_records=49, error_records=0)
2026-08-16 10:52:13.272 - records_manager - NOTICE - All requests have completed, please wait for the results to be processed (currently 49 of 50 records processed)...
2026-08-16 10:52:13.273 - records_manager - INFO - All credits complete, please wait for the results to be processed...
2026-08-16 10:52:13.289 - records_manager - INFO - Processed 50 valid requests and 0 errors (50 total).
2026-08-16 10:52:13.289 - records_manager - INFO - Received all records, processing now...
2026-08-16 10:52:13.292 - server_metrics_manager - INFO - Server Metrics: Profiling complete, capturing final metrics...
2026-08-16 10:52:13.292 - records_manager - INFO - Waiting 2.0s for server metrics flush period...
2026-08-16 10:52:13.293 - gpu_telemetry_manager - INFO - GPU Telemetry: Profiling complete, capturing final metrics...
2026-08-16 10:52:15.267 - records_manager - INFO - Processing records results...
2026-08-16 10:52:15.433 - system_controller - INFO - Waiting for result domains: server_metrics, telemetry
2026-08-16 10:52:15.434 - system_controller - INFO - Waiting for result domains: server_metrics
2026-08-16 10:52:15.453 - records_manager - INFO - _finalize_and_process_results completed
2026-08-16 10:52:15.458 - system_controller - INFO - All results received, initiating shutdown
2026-08-16 10:52:16.071 - ExporterManager - INFO - Exporting all records
2026-08-16 10:52:16.214 - ExporterManager - INFO - Exporting console data
